---
title: "10.04 thumb drive flash drives permissions hosed after update?"
date: 2010-06-19
forum: New to Ubuntu
---

### Post by Jonas thomas on 2010-06-19
Hello,
I just did an update an it seems that my write permissions on my thumb drive got screwed up.

I use this thumb drive for cross-platform apps and up to now its been a stick it and it works fine on the windows side of things.

I suppose I need to start googling to figure out what went wrong.
This is not how I wanted to spend my morning ;(

Any faq's anyone can point me to?

---

### Post by freddiespagheti on 2010-06-19
I'm not sure what you mean by write permissions if it's a standard FAT formatted flash drive. Have you tried copying the data to your computer and reformatting the drive using GParted?

---

### Post by Jonas thomas on 2010-06-19
> **freddiespagheti said:**
> I'm not sure what you mean by write permissions if it's a standard FAT formatted flash drive. Have you tried copying the data to your computer and reformatting the drive using GParted?

Well... I'm not sure whats going wrong here.  I've had everything working fine for months and suddenly poof things stopped working.  Everything seems to be working when I run on windows anyway.....  I not sure I want to start reformatting drives just yet.

If I'm reading this correctly, I should be able to write to my D3 directory and file...

```
jonas@jonas5:/media$ ls -l
total 40
drwx------ 26 jonas jonas  4096 1969-12-31 18:00 0AFD-2985
```

```
jonas@jonas5:/media$ cd 0AFD-2985
jonas@jonas5:/media/0AFD-2985$ ls -l
total 158380
drwx------ 2 jonas jonas      4096 2010-06-09 18:34 D3

```

```
jonas@jonas5:/media/0AFD-2985$ cd D3
jonas@jonas5:/media/0AFD-2985/D3$ ls -l
total 2388
-rwxr-xr-x 1 jonas jonas 1116413 2010-06-19 08:49 d3-jt.20100619.1349070937.html
-rwxr-xr-x 1 jonas jonas 1116419 2010-06-19 08:49 d3-jt.html
-rwxr-xr-x 1 jonas jonas  207289 2010-06-05 07:47 export.html
```

Am I missing something real obvious here?  Why would this all of a sudden just stop working?

---

### Post by Jonas thomas on 2010-06-19
I did a fdisk -l and this is what I got
> sudo fdisk -l

Disk /dev/sdb: 163.9 GB, 163928604672 bytes
255 heads, 63 sectors/track, 19929 cylinders
Units = cylinders of 16065 * 512 = 8225280 bytes
Sector size (logical/physical): 512 bytes / 512 bytes
I/O size (minimum/optimal): 512 bytes / 512 bytes
Disk identifier: 0x0006b48b

   Device Boot      Start         End      Blocks   Id  System
/dev/sdb1               1       19929   160079661   83  Linux

Disk /dev/sda: 163.9 GB, 163928604672 bytes
255 heads, 63 sectors/track, 19929 cylinders
Units = cylinders of 16065 * 512 = 8225280 bytes
Sector size (logical/physical): 512 bytes / 512 bytes
I/O size (minimum/optimal): 512 bytes / 512 bytes
Disk identifier: 0x0002fd2e

   Device Boot      Start         End      Blocks   Id  System
/dev/sda1   *           1       19555   157075506   83  Linux
/dev/sda2           19556       19929     3004155    5  Extended
/dev/sda5           19556       19929     3004123+  82  Linux swap / Solaris

Disk /dev/sdc: 4040 MB, 4040724480 bytes
125 heads, 62 sectors/track, 1018 cylinders
Units = cylinders of 7750 * 512 = 3968000 bytes
Sector size (logical/physical): 512 bytes / 512 bytes
I/O size (minimum/optimal): 512 bytes / 512 bytes
Disk identifier: 0x2c6b7369

This doesn't look like a partition table
Probably you selected the wrong device.

   Device Boot      Start         End      Blocks   Id  System
/dev/sdc1   ?      249811      488760   925929529+  68  Unknown
Partition 1 has different physical/logical beginnings (non-Linux?):
     phys=(116, 100, 32) logical=(249810, 12, 29)
Partition 1 has different physical/logical endings:
     phys=(288, 101, 46) logical=(488759, 81, 59)
Partition 1 does not end on cylinder boundary.
/dev/sdc2   ?      171637      241182   269488144   79  Unknown
Partition 2 has different physical/logical beginnings (non-Linux?):
     phys=(357, 32, 43) logical=(171636, 83, 47)
Partition 2 has different physical/logical endings:
     phys=(0, 13, 10) logical=(241181, 124, 42)
Partition 2 does not end on cylinder boundary.
/dev/sdc3   ?       69548      249981   699181456   53  OnTrack DM6 Aux3
Partition 3 has different physical/logical beginnings (non-Linux?):
     phys=(345, 32, 19) logical=(69547, 2, 18)
Partition 3 has different physical/logical endings:
     phys=(324, 77, 19) logical=(249980, 117, 49)
Partition 3 does not end on cylinder boundary.
/dev/sdc4   ?      179952      179955       10668+  49  Unknown
Partition 4 has different physical/logical beginnings (non-Linux?):
     phys=(87, 1, 0) logical=(179951, 119, 36)
Partition 4 has different physical/logical endings:
     phys=(335, 78, 2) logical=(179954, 88, 44)
Partition 4 does not end on cylinder boundary.

Partition table entries are not in disk order
jonas@jonas5:/media/0AFD-2985$ 

So.. my thumb drive is 4 gig so it must be /dev/sdc

So I guess to figure out what type of file system I have I do this.

> jonas@jonas5:~$ df -T
Filesystem    Type   1K-blocks      Used Available Use% Mounted on
/dev/sda1     ext4   154609700   8094900 138661028   6% /
none      devtmpfs      508728       300    508428   1% /dev
none         tmpfs      512924       368    512556   1% /dev/shm
none         tmpfs      512924        60    512864   1% /var/run
none         tmpfs      512924         0    512924   0% /var/lock
none         tmpfs      512924         0    512924   0% /lib/init/rw
/dev/sr0   iso9660       10632     10632         0 100% /media/cdrom0
/dev/sdc      vfat     3938308    208108   3730200   6% /media/0AFD-2985


I did a little googling on "vfat" and found an interesting [URL="http://www.linuxquestions.org/questions/linux-general-1/mounted-read-write-fat32-partition-suddenly-becomes-read-only-166190/"]link
http://www.linuxquestions.org/questions/linux-general-1/mounted-read-write-fat32-partition-suddenly-becomes-read-only-166190/[/URL]

seems like the suggestion was to use
 fsck -r /dev/sda1
or in my case
fsck -r /dev/sdc

I got this message and chicken out:
> jonas@jonas5:/media/0AFD-2985$ fsck -r /dev/sdc
fsck from util-linux-ng 2.17.2
e2fsck 1.41.11 (14-Mar-2010)
/dev/sdc is mounted.  

WARNING!!!  The filesystem is mounted.   If you continue you ***WILL***
cause ***SEVERE*** filesystem damage.

Do you really want to continue (y/n)? cancelled!


So... I think I need to umount and then fsck.  Am I heading in the correct direction or on the path to disaster??

---

### Post by freddiespagheti on 2010-06-19
Well this definitely just passed the scope of my abilities. Hopefully someone else will chime in. However, IMO as long as you back up your data, risking damaging the filesystem wouldn't be that big of a deal because reformatting it isn't that difficult. It's fine if you'd rather not though.

---

### Post by Jonas thomas on 2010-06-19
> **freddiespagheti said:**
> Well this definitely just passed the scope of my abilities. Hopefully someone else will chime in. However, IMO as long as you back up your data, risking damaging the filesystem wouldn't be that big of a deal because reformatting it isn't that difficult. It's fine if you'd rather not though.

Well... no guts no glory...  It did seem to fix my problem what ever it was.  (I did back up though before I tried this.)  The only thing is that the fsck gives you a bunch of options to restore from.  It seems today was my lucky day because apparently I guessed correctly in choosing the options. ;)

---

