---
title: "permission problem"
date: 2009-04-02
forum: New to Ubuntu
---

### Post by monolux on 2009-04-02
I have permission to see files on windows directories, but I cannot change them. How do i get permission to create and delete folders on my Windows partition?

---

### Post by llamabr on 2009-04-02
I assume it's windows xp with ntfs filesystem?

post the output of:

```
cat /etc/fstab
```

---

### Post by taurus on 2009-04-02
Is it fat32/vfat or ntfs filesystem and how do you mount that partition?

Applications -> Accessories -> Terminal
```
sudo fdisk -l
sudo blkid
cat /etc/fstab
df -h
```

---

### Post by monolux on 2009-04-03
# /etc/fstab: static file system information.
#
#  -- This file has been automaticly generated by ntfs-config -- 
#
# <file system> <mount point>   <type>  <options>       <dump>  <pass>

proc /proc proc defaults 0 0
# Entry for /dev/sda2 :
UUID=7e742b57-c579-450d-b7a1-e86301b0c15d / ext3 relatime,errors=remount-ro 0 1
# Entry for /dev/sda3 :
UUID=0b1e588a-9869-41ac-b14a-44edc8483efd none swap sw 0 0
/dev/scd0 /media/cdrom0 udf,iso9660 user,noauto,exec,utf8 0 0

---

### Post by monolux on 2009-04-03
monolux@monolux-desktop:~$ sudo fdisk -l

Disk /dev/sda: 160.0 GB, 160041885696 bytes
255 heads, 63 sectors/track, 19457 cylinders
Units = cylinders of 16065 * 512 = 8225280 bytes
Disk identifier: 0x13fe13fe

   Device Boot      Start         End      Blocks   Id  System
/dev/sda1   *           1        3824    30716248+   7  HPFS/NTFS
/dev/sda2            3825        6256    19535040   83  Linux
/dev/sda3            6257        6378      979965   82  Linux swap / Solaris
/dev/sda4            6379       19457   105057067+   b  W95 FAT32
monolux@monolux-desktop:~$ sudo blkid
/dev/sda1: UUID="D8F4FA61F4FA4174" TYPE="ntfs" 
/dev/sda2: UUID="7e742b57-c579-450d-b7a1-e86301b0c15d" TYPE="ext3" 
/dev/sda3: TYPE="swap" UUID="0b1e588a-9869-41ac-b14a-44edc8483efd" 
/dev/sda4: UUID="49D5-67A9" TYPE="vfat" 
monolux@monolux-desktop:~$ cat /etc/fstab
# /etc/fstab: static file system information.
#
#  -- This file has been automaticly generated by ntfs-config -- 
#
# <file system> <mount point>   <type>  <options>       <dump>  <pass>

proc /proc proc defaults 0 0
# Entry for /dev/sda2 :
UUID=7e742b57-c579-450d-b7a1-e86301b0c15d / ext3 relatime,errors=remount-ro 0 1
# Entry for /dev/sda3 :
UUID=0b1e588a-9869-41ac-b14a-44edc8483efd none swap sw 0 0
/dev/scd0 /media/cdrom0 udf,iso9660 user,noauto,exec,utf8 0 0
monolux@monolux-desktop:~$ df -h
Filesystem            Size  Used Avail Use% Mounted on
/dev/sda2              19G  6.8G   11G  39% /
varrun                506M  104K  506M   1% /var/run
varlock               506M     0  506M   0% /var/lock
udev                  506M   48K  506M   1% /dev
devshm                506M  224K  506M   1% /dev/shm
lrm                   506M   38M  469M   8% /lib/modules/2.6.24-16-generic/volatile
gvfs-fuse-daemon       19G  6.8G   11G  39% /home/monolux/.gvfs
/dev/sda4             101G   90M  101G   1% /media/disk
/dev/sda1              30G  2.3G   28G   8% /media/disk-1
monolux@monolux-desktop:~$

---

