---
title: "2.6.29.1 - kernel panic"
date: 2009-04-25
forum: Packaging and Compiling Programs
---

### Post by supersonicdarky on 2009-04-25
I just compiled 2.6.29.1 to replace my aged 2.6.27.10. I copied the config directly over, so everything should required should've compiled. The only thing I did change was make a custom boot logo. Howver now when I boot I get the error:
```
Kernel panic - not syncing VFS: unable to mount on unknown-block(0,0)
```

I'm assuming that the sata controller didn't compile, but since the config was unchanged, I'd guess that wasn't the case.

Note: also this time there seems to be no initrd in /boot/. Could that be causing it? The procedure for compiling I use didn't change, so I don't know why it doesn't exist. I tried with option **noinitrd** but nothing changed.

---

### Post by ibuclaw on 2009-04-25
Here's a good reference to kernels on Ubuntu: [http://ubuntuforums.org/showthread.php?t=311158](http://ubuntuforums.org/showthread.php?t=311158)

My compile script is:
```
#!/bin/bash
make-kpkg clean
INSTALL_MOD_STRIP=1 CONCURRENCY_LEVEL=3 fakeroot make-kpkg --initrd --append-to-version="-**$1**" kernel_image kernel_headers modules_image
```
Where $1 is the first argument of the script.

I compiled the 2.6.30 kernel myself ... I could share my .config file, as it's taken from jaunty, with the defaults for all other new features. ;)

Regards
Iain

---

### Post by supersonicdarky on 2009-04-25
1) Thats the guide I use (can never remember all the commands)
2) I use debian

---

### Post by ibuclaw on 2009-04-25
> **supersonicdarky said:**
> 1) Thats the guide I use (can never remember all the commands)
2) I use debian

So you used make-kpkg to compile it then?

Did dpkg run initramfs during the installation of the kernel deb?

---

### Post by supersonicdarky on 2009-04-25
Tried installing again:
```
$ sudo dpkg -i linux-*2.6.29.1*.deb
(Reading database ... 199375 files and directories currently installed.)
Preparing to replace linux-headers-2.6.29.1 250409 (using linux-headers-2.6.29.1_250409_amd64.deb) ...
Unpacking replacement linux-headers-2.6.29.1 ...
Preparing to replace linux-image-2.6.29.1 250409 (using linux-image-2.6.29.1_250409_amd64.deb) ...
Examining /etc/kernel/preinst.d/
Done.
Unpacking replacement linux-image-2.6.29.1 ...
Examining /etc/kernel/postrm.d .
run-parts: executing /etc/kernel/postrm.d/initramfs-tools
Running postrm hook script /usr/sbin/update-grub.
Searching for GRUB installation directory ... found: /boot/grub
Searching for default file ... found: /boot/grub/default
Testing for an existing GRUB menu.lst file ... found: /boot/grub/menu.lst
Searching for splash image ... none found, skipping ...
Found kernel: /boot/vmlinuz-2.6.29.1
Found kernel: /boot/vmlinuz-2.6.27.10
Found kernel: /boot/memtest86+.bin
Updating /boot/grub/menu.lst ... done

Setting up linux-headers-2.6.29.1 (250409) ...
Examining /etc/kernel/header_postinst.d.
Setting up linux-image-2.6.29.1 (250409) ...
Running depmod.
Examining /etc/kernel/postinst.d.
run-parts: executing /etc/kernel/postinst.d/initramfs-tools
Running postinst hook script /usr/sbin/update-grub.
Searching for GRUB installation directory ... found: /boot/grub
Searching for default file ... found: /boot/grub/default
Testing for an existing GRUB menu.lst file ... found: /boot/grub/menu.lst
Searching for splash image ... none found, skipping ...
Found kernel: /boot/vmlinuz-2.6.29.1
Found kernel: /boot/vmlinuz-2.6.27.10
Found kernel: /boot/memtest86+.bin
Updating /boot/grub/menu.lst ... done

$ ls /boot/
config-2.6.27.10  debian.bmp@  initrd.img-2.6.27.10      memtest86+.bin        System.map-2.6.29.1  vmlinuz-2.6.29.1
config-2.6.29.1   grub/        initrd.img-2.6.27.10.bak  System.map-2.6.27.10  vmlinuz-2.6.27.10

```

---

### Post by supersonicdarky on 2009-04-25
Compiled 2.6.30-rc3, but it didn't make an ininrd file either =/

May I take you up on that offer of the .config file?

---

### Post by ibuclaw on 2009-04-25
> **supersonicdarky said:**
> Compiled 2.6.30-rc3, but it didn't make an ininrd file either =/

May I take you up on that offer of the .config file?

This is what mine looks like:
> 
iain@buclaw:~/Desktop/src$ sudo dpkg -i linux-*2.6.30*.deb
(Reading database ... 201016 files and directories currently installed.)
Preparing to replace linux-headers-2.6.30-rc3-tazo 2.6.30-rc3-tazo-10.00.Custom (using linux-headers-2.6.30-rc3-tazo_2.6.30-rc3-tazo-10.00.Custom_amd64.deb) ...
Unpacking replacement linux-headers-2.6.30-rc3-tazo ...
Preparing to replace linux-image-2.6.30-rc3-tazo 2.6.30-rc3-tazo-10.00.Custom (using linux-image-2.6.30-rc3-tazo_2.6.30-rc3-tazo-10.00.Custom_amd64.deb) ...
Done.
Unpacking replacement linux-image-2.6.30-rc3-tazo ...
Running postrm hook script /sbin/update-grub.
Searching for GRUB installation directory ... found: /boot/grub
Searching for default file ... found: /boot/grub/default
Testing for an existing GRUB menu.lst file ... found: /boot/grub/menu.lst
Searching for splash image ... none found, skipping ...
Found kernel: /boot/vmlinuz-2.6.30-rc3-tazo
Found kernel: /boot/vmlinuz-2.6.28-11-generic
Found kernel: /boot/memtest86+.bin
Updating /boot/grub/menu.lst ... done

Setting up linux-headers-2.6.30-rc3-tazo (2.6.30-rc3-tazo-10.00.Custom) ...

Setting up linux-image-2.6.30-rc3-tazo (2.6.30-rc3-tazo-10.00.Custom) ...
Running depmod.
**Finding valid ramdisk creators.**
**Using mkinitramfs-kpkg to build the ramdisk.**
Not updating initrd symbolic links since we are being updated/reinstalled 
(2.6.30-rc3-tazo-10.00.Custom was configured last, according to dpkg)
Not updating image symbolic links since we are being updated/reinstalled 
(2.6.30-rc3-tazo-10.00.Custom was configured last, according to dpkg)
Running postinst hook script update-grub.
Searching for GRUB installation directory ... found: /boot/grub
Searching for default file ... found: /boot/grub/default
Testing for an existing GRUB menu.lst file ... found: /boot/grub/menu.lst
Searching for splash image ... none found, skipping ...
Found kernel: /boot/vmlinuz-2.6.30-rc3-tazo
Found kernel: /boot/vmlinuz-2.6.28-11-generic
Found kernel: /boot/memtest86+.bin
Updating /boot/grub/menu.lst ... done

Examining /etc/kernel/postinst.d.
run-parts: executing /etc/kernel/postinst.d/update-nvidia
NVIDIA driver already exists for this kernel.

If you note what I have in bold, if that is failing, you may have to run it manually.


Hmm... I've included my config file in the attachment.
The only change that you may have to make to it is the: **Processor Type -> Processor family** option in make menuconfig.

Regards
Iain

---

### Post by supersonicdarky on 2009-04-25
I'm too sick of this problem now, I'll try the config later. Ty.

What I tried since last post:
- generated the ramdisk manually, updated grub
- when booting, got a crapload of acpi errors:
```
Initializing cgroup subsys cpuset
Initializing cgroup subsys cpu
Linux version 2.6.29.1 (root@fission) (gcc version 4.3.3 (Debian 4.3.3-8) ) #1 SMP PREEMPT Sat Apr 25 16:39:03 EDT 2009
Command line: root=UUID=2d8a6294-3a89-4a94-8c2a-81962ccb37c4 ro single
KERNEL supported cpus:
  Intel GenuineIntel
  AMD AuthenticAMD
  Centaur CentaurHauls
BIOS-provided physical RAM map:
 BIOS-e820: 0000000000000000 - 000000000009f000 (usable)
 BIOS-e820: 000000000009f000 - 00000000000a0000 (reserved)
 BIOS-e820: 00000000000f0000 - 0000000000100000 (reserved)
 BIOS-e820: 0000000000100000 - 000000007fee0000 (usable)
 BIOS-e820: 000000007fee0000 - 000000007fee3000 (ACPI NVS)
 BIOS-e820: 000000007fee3000 - 000000007fef0000 (ACPI data)
 BIOS-e820: 000000007fef0000 - 000000007ff00000 (reserved)
 BIOS-e820: 00000000e0000000 - 00000000f0000000 (reserved)
 BIOS-e820: 00000000fec00000 - 0000000100000000 (reserved)
DMI 2.4 present.
Phoenix BIOS detected: BIOS may corrupt low RAM, working around it.
last_pfn = 0x7fee0 max_arch_pfn = 0x100000000
x86 PAT enabled: cpu 0, old 0x7040600070406, new 0x7010600070106
init_memory_mapping: 0000000000000000-000000007fee0000
 0000000000 - 007fe00000 page 2M
 007fe00000 - 007fee0000 page 4k
kernel direct mapping tables up to 7fee0000 @ 10000-14000
last_map_addr: 7fee0000 end: 7fee0000
RAMDISK: 378bd000 - 37fefa30
ACPI: RSDP 000F8210, 0024 (r2 ATI   )
ACPI: XSDT 7FEE3100, 004C (r1 ATI    ASUSACPI 42302E31 AWRD        0)
ACPI: FACP 7FEE8440, 00F4 (r3 ATI    ASUSACPI 42302E31 AWRD        0)
ACPI Warning (tbfadt-0568): 32/64X length mismatch in Pm1aEventBlock: 32/8 [20081204]
ACPI Warning (tbfadt-0568): 32/64X length mismatch in Pm1aControlBlock: 16/8 [20081204]
ACPI Warning (tbfadt-0568): 32/64X length mismatch in PmTimerBlock: 32/8 [20081204]
ACPI Warning (tbfadt-0568): 32/64X length mismatch in Gpe0Block: 64/8 [20081204]
ACPI Warning (tbfadt-0412): Invalid length for Pm1aEventBlock: 8, using default 32 [20081204]
ACPI Warning (tbfadt-0412): Invalid length for Pm1aControlBlock: 8, using default 16 [20081204]
ACPI Warning (tbfadt-0412): Invalid length for PmTimerBlock: 8, using default 32 [20081204]
FADT: X_PM1a_EVT_BLK.bit_width (16) does not match PM1_EVT_LEN (4)
ACPI: DSDT 7FEE3280, 515D (r1 ATI    ASUSACPI     1000 MSFT  3000000)
ACPI: FACS 7FEE0000, 0040
ACPI: SSDT 7FEE8680, 0206 (r1 PTLTD  POWERNOW        1  LTP        1)
ACPI: HPET 7FEE8900, 0038 (r1 ATI    ASUSACPI 42302E31 AWRD       98)
ACPI: MCFG 7FEE8980, 003C (r1 ATI    ASUSACPI 42302E31 AWRD        0)
ACPI: APIC 7FEE8580, 0084 (r1 ATI    ASUSACPI 42302E31 AWRD        0)
ACPI: Local APIC address 0xfee00000
No NUMA configuration found
Faking a node at 0000000000000000-000000007fee0000
Bootmem setup node 0 0000000000000000-000000007fee0000
  NODE_DATA [0000000000012000 - 0000000000016fff]
  bootmap [0000000000017000 -  0000000000026fdf] pages 10
(6 early reservations) ==> bootmem [0000000000 - 007fee0000]
  #0 [0000000000 - 0000001000]   BIOS data page ==> [0000000000 - 0000001000]
  #1 [0000006000 - 0000008000]       TRAMPOLINE ==> [0000006000 - 0000008000]
  #2 [0000200000 - 000077e330]    TEXT DATA BSS ==> [0000200000 - 000077e330]
  #3 [00378bd000 - 0037fefa30]          RAMDISK ==> [00378bd000 - 0037fefa30]
  #4 [000009f000 - 0000100000]    BIOS reserved ==> [000009f000 - 0000100000]
  #5 [0000010000 - 0000012000]          PGTABLE ==> [0000010000 - 0000012000]
found SMP MP-table at [ffff8800000f6560] 000f6560
 [ffffe20000000000-ffffe20001bfffff] PMD -> [ffff880001200000-ffff880002dfffff] on node 0
Zone PFN ranges:
  DMA      0x00000010 -> 0x00001000
  DMA32    0x00001000 -> 0x00100000
  Normal   0x00100000 -> 0x00100000
Movable zone start PFN for each node
early_node_map[2] active PFN ranges
    0: 0x00000010 -> 0x0000009f
    0: 0x00000100 -> 0x0007fee0
On node 0 totalpages: 523887
  DMA zone: 56 pages used for memmap
  DMA zone: 1510 pages reserved
  DMA zone: 2417 pages, LIFO batch:0
  DMA32 zone: 7109 pages used for memmap
  DMA32 zone: 512795 pages, LIFO batch:31
Detected use of extended apic ids on hypertransport bus
ACPI: PM-Timer IO Port: 0x4008
ACPI: Local APIC address 0xfee00000
ACPI: LAPIC (acpi_id[0x00] lapic_id[0x00] enabled)
ACPI: LAPIC (acpi_id[0x01] lapic_id[0x01] enabled)
ACPI: LAPIC (acpi_id[0x02] lapic_id[0x02] disabled)
ACPI: LAPIC (acpi_id[0x03] lapic_id[0x03] disabled)
ACPI: LAPIC_NMI (acpi_id[0x00] high edge lint[0x1])
ACPI: LAPIC_NMI (acpi_id[0x01] high edge lint[0x1])
ACPI: LAPIC_NMI (acpi_id[0x02] high edge lint[0x1])
ACPI: LAPIC_NMI (acpi_id[0x03] high edge lint[0x1])
ACPI: IOAPIC (id[0x04] address[0xfec00000] gsi_base[0])
IOAPIC[0]: apic_id 4, version 0, address 0xfec00000, GSI 0-23
ACPI: INT_SRC_OVR (bus 0 bus_irq 0 global_irq 2 dfl dfl)
ACPI: INT_SRC_OVR (bus 0 bus_irq 9 global_irq 9 low level)
ACPI: IRQ0 used by override.
ACPI: IRQ2 used by override.
ACPI: IRQ9 used by override.
Using ACPI (MADT) for SMP configuration information
ACPI: HPET id: 0x8200 base: 0xfed00000
SMP: Allowing 4 CPUs, 2 hotplug CPUs
nr_irqs_gsi: 24
Allocating PCI resources starting at 80000000 (gap: 7ff00000:60100000)
NR_CPUS:32 nr_cpumask_bits:32 nr_cpu_ids:4 nr_node_ids:1
PERCPU: Allocating 53248 bytes of per cpu data
Built 1 zonelists in Node order, mobility grouping on.  Total pages: 515212
Policy zone: DMA32
Kernel command line: root=UUID=2d8a6294-3a89-4a94-8c2a-81962ccb37c4 ro single
Initializing CPU#0
Preemptible RCU implementation.
PID hash table entries: 4096 (order: 12, 32768 bytes)
Fast TSC calibration using PIT
Detected 2605.654 MHz processor.
Console: colour VGA+ 80x25
console [tty0] enabled
Checking aperture...
No AGP bridge found
Node 0: aperture @ 8014000000 size 32 MB
Aperture beyond 4GB. Ignoring.
Memory: 2053268k/2096000k available (2941k kernel code, 452k absent, 42280k reserved, 1347k data, 572k init)
SLUB: Genslabs=13, HWalign=64, Order=0-3, MinObjects=0, CPUs=4, Nodes=1
HPET config register value = 0xFFFFFFFF. Disabling HPET
Calibrating delay loop (skipped), value calculated using timer frequency.. 5211.30 BogoMIPS (lpj=2605654)
Security Framework initialized
SELinux:  Disabled at boot.
Dentry cache hash table entries: 262144 (order: 9, 2097152 bytes)
Inode-cache hash table entries: 131072 (order: 8, 1048576 bytes)
Mount-cache hash table entries: 256
Initializing cgroup subsys ns
Initializing cgroup subsys cpuacct
Initializing cgroup subsys devices
CPU: L1 I Cache: 64K (64 bytes/line), D cache 64K (64 bytes/line)
CPU: L2 Cache: 512K (64 bytes/line)
CPU 0/0x0 -> Node 0
tseg: 007ff00000
CPU: Physical Processor ID: 0
CPU: Processor Core ID: 0
using C1E aware idle routine
ACPI: Core revision 20081204
Setting APIC routing to flat
..TIMER: vector=0x30 apic1=0 pin1=2 apic2=-1 pin2=-1
CPU0: AMD Athlon(tm) 64 X2 Dual Core Processor 4200+ stepping 02
Booting processor 1 APIC 0x1 ip 0x6000
Initializing CPU#1
Calibrating delay using timer specific routine.. 5211.08 BogoMIPS (lpj=2605543)
CPU: L1 I Cache: 64K (64 bytes/line), D cache 64K (64 bytes/line)
CPU: L2 Cache: 512K (64 bytes/line)
CPU 1/0x1 -> Node 0
CPU: Physical Processor ID: 0
CPU: Processor Core ID: 1
x86 PAT enabled: cpu 1, old 0x7040600070406, new 0x7010600070106
CPU1: AMD Athlon(tm) 64 X2 Dual Core Processor 4200+ stepping 02
Brought up 2 CPUs
Total of 2 processors activated (10422.39 BogoMIPS).
CPU0 attaching sched-domain:
 domain 0: span 0-1 level CPU
  groups: 0 1
CPU1 attaching sched-domain:
 domain 0: span 0-1 level CPU
  groups: 1 0
net_namespace: 1408 bytes
Booting paravirtualized kernel on bare hardware
NET: Registered protocol family 16
node 0 link 0: io port [b000, ffff]
TOM: 0000000080000000 aka 2048M
node 0 link 0: mmio [a0000, bffff]
node 0 link 0: mmio [80000000, dfffffff]
node 0 link 0: mmio [f0000000, fe02ffff]
node 0 link 0: mmio [e0000000, e03fffff]
bus: [00,03] on node 0 link 0
bus: 00 index 0 io port: [0, ffff]
bus: 00 index 1 mmio: [a0000, bffff]
bus: 00 index 2 mmio: [80000000, efffffff]
bus: 00 index 3 mmio: [f0000000, fcffffffff]
ACPI: bus type pci registered
PCI: MCFG configuration 0: base e0000000 segment 0 buses 0 - 255
PCI: MCFG area at e0000000 reserved in E820
PCI: Using MMCONFIG at e0000000 - efffffff
PCI: Using configuration type 1 for base access
bio: create slab <bio-0> at 0
ACPI: EC: Look up EC in DSDT
ACPI: Interpreter enabled
ACPI: (supports S0 S5)
ACPI: Using IOAPIC for interrupt routing
ACPI: No dock devices found.
ACPI: PCI Root Bridge [PCI0] (0000:00)
pci 0000:00:02.0: PME# supported from D0 D3hot D3cold
pci 0000:00:02.0: PME# disabled
pci 0000:00:07.0: PME# supported from D0 D3hot D3cold
pci 0000:00:07.0: PME# disabled
pci 0000:00:12.0: reg 10 io port: [0xfc00-0xfc07]
pci 0000:00:12.0: reg 14 io port: [0xf800-0xf803]
pci 0000:00:12.0: reg 18 io port: [0xf400-0xf407]
pci 0000:00:12.0: reg 1c io port: [0xf000-0xf003]
pci 0000:00:12.0: reg 20 io port: [0xec00-0xec0f]
pci 0000:00:12.0: reg 24 32bit mmio: [0xfe02f000-0xfe02f3ff]
pci 0000:00:12.0: set SATA to AHCI mode
pci 0000:00:13.0: reg 10 32bit mmio: [0xfe02e000-0xfe02efff]
pci 0000:00:13.1: reg 10 32bit mmio: [0xfe02d000-0xfe02dfff]
pci 0000:00:13.2: reg 10 32bit mmio: [0xfe02c000-0xfe02cfff]
pci 0000:00:13.3: reg 10 32bit mmio: [0xfe02b000-0xfe02bfff]
pci 0000:00:13.4: reg 10 32bit mmio: [0xfe02a000-0xfe02afff]
pci 0000:00:13.5: reg 10 32bit mmio: [0xfe029000-0xfe0290ff]
pci 0000:00:13.5: supports D1 D2
pci 0000:00:13.5: PME# supported from D0 D1 D2 D3hot
pci 0000:00:13.5: PME# disabled
pci 0000:00:14.0: reg 10 io port: [0xb00-0xb0f]
pci 0000:00:14.1: reg 10 io port: [0x00-0x07]
pci 0000:00:14.1: reg 14 io port: [0x00-0x03]
pci 0000:00:14.1: reg 18 io port: [0x00-0x07]
pci 0000:00:14.1: reg 1c io port: [0x00-0x03]
pci 0000:00:14.1: reg 20 io port: [0xe400-0xe40f]
pci 0000:00:14.2: reg 10 64bit mmio: [0xfe020000-0xfe023fff]
pci 0000:00:14.2: PME# supported from D0 D3hot D3cold
pci 0000:00:14.2: PME# disabled
pci 0000:01:00.0: reg 10 32bit mmio: [0xfa000000-0xfaffffff]
pci 0000:01:00.0: reg 14 64bit mmio: [0xc0000000-0xdfffffff]
pci 0000:01:00.0: reg 1c 64bit mmio: [0xf8000000-0xf9ffffff]
pci 0000:01:00.0: reg 24 io port: [0xcc00-0xcc7f]
pci 0000:01:00.0: reg 30 32bit mmio: [0xfbfe0000-0xfbffffff]
pci 0000:00:02.0: bridge io port: [0xc000-0xcfff]
pci 0000:00:02.0: bridge 32bit mmio: [0xf8000000-0xfbffffff]
pci 0000:00:02.0: bridge 64bit mmio pref: [0xc0000000-0xdfffffff]
pci 0000:02:00.0: reg 10 io port: [0xdc00-0xdcff]
pci 0000:02:00.0: reg 18 64bit mmio: [0xfdcff000-0xfdcfffff]
pci 0000:02:00.0: reg 30 32bit mmio: [0x000000-0x01ffff]
pci 0000:02:00.0: supports D1 D2
pci 0000:02:00.0: PME# supported from D1 D2 D3hot D3cold
pci 0000:02:00.0: PME# disabled
pci 0000:02:00.0: disabling ASPM on pre-1.1 PCIe device.  You can enable it with 'pcie_aspm=force'
pci 0000:00:07.0: bridge io port: [0xd000-0xdfff]
pci 0000:00:07.0: bridge 32bit mmio: [0xfdc00000-0xfdcfffff]
pci 0000:00:07.0: bridge 64bit mmio pref: [0xfdd00000-0xfddfffff]
pci 0000:03:06.0: reg 10 32bit mmio: [0xfdff0000-0xfdffffff]
pci 0000:00:14.4: transparent bridge
pci 0000:00:14.4: bridge io port: [0xb000-0xbfff]
pci 0000:00:14.4: bridge 32bit mmio: [0xfdf00000-0xfdffffff]
pci 0000:00:14.4: bridge 32bit mmio pref: [0xfde00000-0xfdefffff]
ACPI: PCI Interrupt Routing Table [\_SB_.PCI0._PRT]
ACPI: PCI Interrupt Routing Table [\_SB_.PCI0.P2P_._PRT]
ACPI: PCI Interrupt Routing Table [\_SB_.PCI0.PCE2._PRT]
ACPI: PCI Interrupt Routing Table [\_SB_.PCI0.PCE7._PRT]
ACPI: PCI Interrupt Link [LNKA] (IRQs 3 4 5 6 7 10 11) *0, disabled.
ACPI: PCI Interrupt Link [LNKB] (IRQs 3 4 5 6 7 10 11) *0, disabled.
ACPI: PCI Interrupt Link [LNKC] (IRQs 3 4 5 6 7 10 11) *0, disabled.
ACPI: PCI Interrupt Link [LNKD] (IRQs 3 4 5 6 7 10 11) *0, disabled.
ACPI: PCI Interrupt Link [LNKE] (IRQs 3 4 5 6 7 10 11) *0, disabled.
ACPI: PCI Interrupt Link [LNKF] (IRQs 3 4 *5 6 7 10 11)
ACPI: PCI Interrupt Link [LNK0] (IRQs 3 4 5 6 7 10 *11)
ACPI: PCI Interrupt Link [LNK1] (IRQs 3 4 5 6 7 10 11) *0, disabled.
PCI: Using ACPI for IRQ routing
NetLabel: Initializing
NetLabel:  domain hash size = 128
NetLabel:  protocols = UNLABELED CIPSOv4
NetLabel:  unlabeled traffic allowed by default
pnp: PnP ACPI init
ACPI: bus type pnp registered
pnp: PnP ACPI: found 12 devices
ACPI: ACPI bus type pnp unregistered
system 00:01: ioport range 0x4100-0x411f has been reserved
system 00:01: ioport range 0x228-0x22f has been reserved
system 00:01: ioport range 0x40b-0x40b has been reserved
system 00:01: ioport range 0x4d6-0x4d6 has been reserved
system 00:01: ioport range 0xc00-0xc01 has been reserved
system 00:01: ioport range 0xc14-0xc14 has been reserved
system 00:01: ioport range 0xc50-0xc52 has been reserved
system 00:01: ioport range 0xc6c-0xc6d has been reserved
system 00:01: ioport range 0xc6f-0xc6f has been reserved
system 00:01: ioport range 0xcd0-0xcd1 has been reserved
system 00:01: ioport range 0xcd2-0xcd3 has been reserved
system 00:01: ioport range 0xcd4-0xcdf has been reserved
system 00:01: ioport range 0x4000-0x40fe has been reserved
system 00:01: ioport range 0x4210-0x4217 has been reserved
system 00:01: ioport range 0xb00-0xb0f has been reserved
system 00:01: ioport range 0xb10-0xb1f has been reserved
system 00:07: ioport range 0x4d0-0x4d1 has been reserved
system 00:07: ioport range 0x220-0x225 has been reserved
system 00:0a: iomem range 0xe0000000-0xefffffff has been reserved
system 00:0b: iomem range 0xcce00-0xcffff has been reserved
system 00:0b: iomem range 0xf0000-0xf7fff could not be reserved
system 00:0b: iomem range 0xf8000-0xfbfff could not be reserved
system 00:0b: iomem range 0xfc000-0xfffff could not be reserved
system 00:0b: iomem range 0x7fef0000-0x7ffeffff could not be reserved
system 00:0b: iomem range 0xfed00000-0xfed000ff has been reserved
system 00:0b: iomem range 0x7fee0000-0x7fefffff could not be reserved
system 00:0b: iomem range 0xffff0000-0xffffffff has been reserved
system 00:0b: iomem range 0x0-0x9ffff could not be reserved
system 00:0b: iomem range 0x100000-0x7fedffff could not be reserved
system 00:0b: iomem range 0xfec00000-0xfec00fff has been reserved
system 00:0b: iomem range 0xfee00000-0xfee00fff has been reserved
system 00:0b: iomem range 0xfff80000-0xfffeffff has been reserved
pci 0000:00:02.0: PCI bridge, secondary bus 0000:01
pci 0000:00:02.0:   IO window: 0xc000-0xcfff
pci 0000:00:02.0:   MEM window: 0xf8000000-0xfbffffff
pci 0000:00:02.0:   PREFETCH window: 0x000000c0000000-0x000000dfffffff
Switched to high resolution mode on CPU 0
pci 0000:00:07.0: PCI bridge, secondary bus 0000:02
pci 0000:00:07.0:   IO window: 0xd000-0xdfff
pci 0000:00:07.0:   MEM window: 0xfdc00000-0xfdcfffff
Switched to high resolution mode on CPU 1
pci 0000:00:07.0:   PREFETCH window: 0x000000fdd00000-0x000000fddfffff
pci 0000:00:14.4: PCI bridge, secondary bus 0000:03
pci 0000:00:14.4:   IO window: 0xb000-0xbfff
pci 0000:00:14.4:   MEM window: 0xfdf00000-0xfdffffff
pci 0000:00:14.4:   PREFETCH window: 0x000000fde00000-0x000000fdefffff
pci 0000:00:02.0: setting latency timer to 64
pci 0000:00:07.0: setting latency timer to 64
pci_bus 0000:00: resource 0 io:  [0x00-0xffff]
pci_bus 0000:00: resource 1 mem: [0x000000-0xffffffffffffffff]
pci_bus 0000:01: resource 0 io:  [0xc000-0xcfff]
pci_bus 0000:01: resource 1 mem: [0xf8000000-0xfbffffff]
pci_bus 0000:01: resource 2 mem: [0xc0000000-0xdfffffff]
pci_bus 0000:01: resource 3 mem: [0x0-0x0]
pci_bus 0000:02: resource 0 io:  [0xd000-0xdfff]
pci_bus 0000:02: resource 1 mem: [0xfdc00000-0xfdcfffff]
pci_bus 0000:02: resource 2 mem: [0xfdd00000-0xfddfffff]
pci_bus 0000:02: resource 3 mem: [0x0-0x0]
pci_bus 0000:03: resource 0 io:  [0xb000-0xbfff]
pci_bus 0000:03: resource 1 mem: [0xfdf00000-0xfdffffff]
pci_bus 0000:03: resource 2 mem: [0xfde00000-0xfdefffff]
pci_bus 0000:03: resource 3 io:  [0x00-0xffff]
pci_bus 0000:03: resource 4 mem: [0x000000-0xffffffffffffffff]
NET: Registered protocol family 2
IP route cache hash table entries: 65536 (order: 7, 524288 bytes)
TCP established hash table entries: 262144 (order: 10, 4194304 bytes)
TCP bind hash table entries: 65536 (order: 8, 1048576 bytes)
TCP: Hash tables configured (established 262144 bind 65536)
TCP reno registered
NET: Registered protocol family 1
Unpacking initramfs... done
Freeing initrd memory: 7370k freed
audit: initializing netlink socket (disabled)
type=2000 audit(1240688746.463:1): initialized
HugeTLB registered 2 MB page size, pre-allocated 0 pages
VFS: Disk quotas dquot_6.5.2
Dquot-cache hash table entries: 512 (order 0, 4096 bytes)
msgmni has been set to 4024
alg: No test for stdrng (krng)
Block layer SCSI generic (bsg) driver version 0.4 loaded (major 254)
io scheduler noop registered
io scheduler anticipatory registered
io scheduler deadline registered
io scheduler cfq registered (default)
pci 0000:01:00.0: Boot video device
pcieport-driver 0000:00:02.0: setting latency timer to 64
pcieport-driver 0000:00:02.0: irq 24 for MSI/MSI-X
pcieport-driver 0000:00:07.0: setting latency timer to 64
pcieport-driver 0000:00:07.0: irq 25 for MSI/MSI-X
hpet_acpi_add: no address or irqs in _CRS
Linux agpgart interface v0.103
Serial: 8250/16550 driver, 4 ports, IRQ sharing enabled
serial8250: ttyS0 at I/O 0x3f8 (irq = 4) is a 16550A
00:08: ttyS0 at I/O 0x3f8 (irq = 4) is a 16550A
PNP: No PS/2 controller found. Probing ports directly.
serio: i8042 KBD port at 0x60,0x64 irq 1
serio: i8042 AUX port at 0x60,0x64 irq 12
mice: PS/2 mouse device common for all mice
cpuidle: using governor ladder
cpuidle: using governor menu
TCP cubic registered
NET: Registered protocol family 9
X.25 for Linux Version 0.2
registered taskstats version 1
Freeing unused kernel memory: 572k freed
Write protecting the kernel read-only data: 3900k
fan PNP0C0B:00: registered as cooling_device0
ACPI: Fan [FAN] (on)
processor ACPI_CPU:00: registered as cooling_device1
processor ACPI_CPU:01: registered as cooling_device2
ACPI Warning (nspredef-0940): \_TZ_.THRM._PSL: Return Package type mismatch at index 0 - found [NULL Object Descriptor], expected Reference [20081204]
ACPI: Expecting a [Reference] package element, found type 0
ACPI: Invalid passive threshold
thermal LNXTHERM:01: registered as thermal_zone0
ACPI: Thermal Zone [THRM] (40 C)
usbcore: registered new interface driver usbfs
usbcore: registered new interface driver hub
usbcore: registered new device driver usb
SCSI subsystem initialized
ehci_hcd: USB 2.0 'Enhanced' Host Controller (EHCI) Driver
ehci_hcd: block sizes: qh 160 qtd 96 itd 192 sitd 96
ehci_hcd 0000:00:13.5: PCI INT D -> GSI 19 (level, low) -> IRQ 19
ehci_hcd 0000:00:13.5: EHCI Host Controller
drivers/usb/core/inode.c: creating file 'devices'
drivers/usb/core/inode.c: creating file '001'
ehci_hcd 0000:00:13.5: new USB bus registered, assigned bus number 1
ehci_hcd 0000:00:13.5: reset hcs_params 0x10520a dbg=1 cc=5 pcc=2 ordered !ppc ports=10
ehci_hcd 0000:00:13.5: reset hcc_params a072 thresh 7 uframes 256/512/1024
ehci_hcd 0000:00:13.5: applying AMD SB600/SB700 USB freeze workaround
ehci_hcd 0000:00:13.5: reset command 080002 (park)=0 ithresh=8 period=1024 Reset HALT
ehci_hcd 0000:00:13.5: debug port 1
ehci_hcd 0000:00:13.5: MWI active
ehci_hcd 0000:00:13.5: supports USB remote wakeup
ehci_hcd 0000:00:13.5: irq 19, io mem 0xfe029000
ehci_hcd 0000:00:13.5: reset command 080002 (park)=0 ithresh=8 period=1024 Reset HALT
ehci_hcd 0000:00:13.5: init command 010009 (park)=0 ithresh=1 period=256 RUN
ehci_hcd 0000:00:13.5: USB 2.0 started, EHCI 1.00
usb usb1: default language 0x0409
usb usb1: New USB device found, idVendor=1d6b, idProduct=0002
usb usb1: New USB device strings: Mfr=3, Product=2, SerialNumber=1
usb usb1: Product: EHCI Host Controller
usb usb1: Manufacturer: Linux 2.6.29.1 ehci_hcd
usb usb1: SerialNumber: 0000:00:13.5
usb usb1: uevent
usb usb1: usb_probe_device
usb usb1: configuration #1 chosen from 1 choice
usb usb1: adding 1-0:1.0 (config #1, interface 0)
usb 1-0:1.0: uevent
hub 1-0:1.0: usb_probe_interface
hub 1-0:1.0: usb_probe_interface - got id
hub 1-0:1.0: USB hub found
hub 1-0:1.0: 10 ports detected
hub 1-0:1.0: standalone hub
hub 1-0:1.0: no power switching (usb 1.0)
hub 1-0:1.0: individual port over-current protection
hub 1-0:1.0: power on to power good time: 20ms
hub 1-0:1.0: local power source is good
hub 1-0:1.0: trying to enable port power on non-switchable hub
drivers/usb/core/inode.c: creating file '001'
ohci_hcd: USB 1.1 'Open' Host Controller (OHCI) Driver
ohci_hcd: block sizes: ed 80 td 96
ohci_hcd 0000:00:13.0: PCI INT A -> GSI 16 (level, low) -> IRQ 16
ohci_hcd 0000:00:13.0: OHCI Host Controller
drivers/usb/core/inode.c: creating file '002'
ohci_hcd 0000:00:13.0: new USB bus registered, assigned bus number 2
ohci_hcd 0000:00:13.0: created debug files
ohci_hcd 0000:00:13.0: supports USB remote wakeup
ohci_hcd 0000:00:13.0: irq 16, io mem 0xfe02e000
libata version 3.00 loaded.
ohci_hcd 0000:00:13.0: OHCI controller state
ohci_hcd 0000:00:13.0: OHCI 1.0, NO legacy support registers
ohci_hcd 0000:00:13.0: control 0x283 RWC HCFS=operational CBSR=3
ohci_hcd 0000:00:13.0: cmdstatus 0x00000 SOC=0
ohci_hcd 0000:00:13.0: intrstatus 0x00000004 SF
ohci_hcd 0000:00:13.0: intrenable 0x8000001a MIE UE RD WDH
ohci_hcd 0000:00:13.0: hcca frame #0005
ohci_hcd 0000:00:13.0: roothub.a 02000202 POTPGT=2 NPS NDP=2(2)
ohci_hcd 0000:00:13.0: roothub.b 00000000 PPCM=0000 DR=0000
ohci_hcd 0000:00:13.0: roothub.status 00008000 DRWE
ohci_hcd 0000:00:13.0: roothub.portstatus [0] 0x00000100 PPS
ohci_hcd 0000:00:13.0: roothub.portstatus [1] 0x00000100 PPS
usb usb2: default language 0x0409
usb usb2: New USB device found, idVendor=1d6b, idProduct=0001
usb usb2: New USB device strings: Mfr=3, Product=2, SerialNumber=1
usb usb2: Product: OHCI Host Controller
usb usb2: Manufacturer: Linux 2.6.29.1 ohci_hcd
usb usb2: SerialNumber: 0000:00:13.0
usb usb2: uevent
usb usb2: usb_probe_device
usb usb2: configuration #1 chosen from 1 choice
usb usb2: adding 2-0:1.0 (config #1, interface 0)
usb 2-0:1.0: uevent
hub 2-0:1.0: usb_probe_interface
hub 2-0:1.0: usb_probe_interface - got id
hub 2-0:1.0: USB hub found
hub 2-0:1.0: 2 ports detected
hub 2-0:1.0: standalone hub
hub 2-0:1.0: no power switching (usb 1.0)
hub 2-0:1.0: global over-current protection
hub 2-0:1.0: power on to power good time: 4ms
hub 2-0:1.0: local power source is good
hub 2-0:1.0: no over-current condition exists
hub 2-0:1.0: trying to enable port power on non-switchable hub
drivers/usb/core/inode.c: creating file '001'
pata_atiixp 0000:00:14.1: PCI INT A -> GSI 16 (level, low) -> IRQ 16
scsi0 : pata_atiixp
scsi1 : pata_atiixp
ata1: PATA max UDMA/100 cmd 0x1f0 ctl 0x3f6 bmdma 0xe400 irq 14
ata2: PATA max UDMA/100 cmd 0x170 ctl 0x376 bmdma 0xe408 irq 15
usb usb1: uevent
usb usb2: uevent
ehci_hcd 0000:00:13.5: GetStatus port 1 status 001403 POWER sig=k CSC CONNECT
hub 1-0:1.0: port 1: status 0501 change 0001
ehci_hcd 0000:00:13.5: GetStatus port 2 status 001803 POWER sig=j CSC CONNECT
hub 1-0:1.0: port 2: status 0501 change 0001
ehci_hcd 0000:00:13.5: GetStatus port 3 status 001803 POWER sig=j CSC CONNECT
hub 1-0:1.0: port 3: status 0501 change 0001
ehci_hcd 0000:00:13.5: GetStatus port 4 status 001803 POWER sig=j CSC CONNECT
hub 1-0:1.0: port 4: status 0501 change 0001
ehci_hcd 0000:00:13.5: GetStatus port 7 status 001403 POWER sig=k CSC CONNECT
hub 1-0:1.0: port 7: status 0501 change 0001
ehci_hcd 0000:00:13.5: GetStatus port 8 status 001403 POWER sig=k CSC CONNECT
hub 1-0:1.0: port 8: status 0501 change 0001
hub 2-0:1.0: state 7 ports 2 chg 0000 evt 0000
hub 1-0:1.0: state 7 ports 10 chg 019e evt 0000
hub 1-0:1.0: port 1, status 0501, change 0000, 480 Mb/s
ehci_hcd 0000:00:13.5: port 1 low speed --> companion
ata1.00: ATAPI: HL-DT-STDVD-RAM GSA-H55L, 1.02, max UDMA/66
ata1.00: configured for UDMA/66
isa bounce pool size: 16 pages
scsi 0:0:0:0: CD-ROM            HL-DT-ST DVD-RAM GSA-H55L 1.02 PQ: 0 ANSI: 5
ehci_hcd 0000:00:13.5: GetStatus port 1 status 003002 POWER OWNER sig=se0 CSC
hub 1-0:1.0: port 2, status 0501, change 0000, 480 Mb/s
ehci_hcd 0000:00:13.5: port 2 full speed --> companion
ehci_hcd 0000:00:13.5: GetStatus port 2 status 003801 POWER OWNER sig=j CONNECT
hub 1-0:1.0: port 2 not reset yet, waiting 50ms
ehci_hcd 0000:00:13.5: GetStatus port 2 status 003002 POWER OWNER sig=se0 CSC
hub 1-0:1.0: port 3, status 0501, change 0000, 480 Mb/s
ohci_hcd 0000:00:13.1: PCI INT B -> GSI 17 (level, low) -> IRQ 17
ohci_hcd 0000:00:13.1: OHCI Host Controller
drivers/usb/core/inode.c: creating file '003'
ohci_hcd 0000:00:13.1: new USB bus registered, assigned bus number 3
ohci_hcd 0000:00:13.1: created debug files
ohci_hcd 0000:00:13.1: supports USB remote wakeup
ohci_hcd 0000:00:13.1: irq 17, io mem 0xfe02d000
ehci_hcd 0000:00:13.5: port 3 full speed --> companion
ehci_hcd 0000:00:13.5: GetStatus port 3 status 003801 POWER OWNER sig=j CONNECT
hub 1-0:1.0: port 3 not reset yet, waiting 50ms
ohci_hcd 0000:00:13.1: OHCI controller state
ohci_hcd 0000:00:13.1: OHCI 1.0, NO legacy support registers
ohci_hcd 0000:00:13.1: control 0x283 RWC HCFS=operational CBSR=3
ohci_hcd 0000:00:13.1: cmdstatus 0x00000 SOC=0
ohci_hcd 0000:00:13.1: intrstatus 0x00000004 SF
ohci_hcd 0000:00:13.1: intrenable 0x8000001a MIE UE RD WDH
ohci_hcd 0000:00:13.1: hcca frame #0005
ohci_hcd 0000:00:13.1: roothub.a 02000202 POTPGT=2 NPS NDP=2(2)
ohci_hcd 0000:00:13.1: roothub.b 00000000 PPCM=0000 DR=0000
ohci_hcd 0000:00:13.1: roothub.status 00008000 DRWE
ohci_hcd 0000:00:13.1: roothub.portstatus [0] 0x00010101 CSC PPS CCS
ohci_hcd 0000:00:13.1: roothub.portstatus [1] 0x00000100 PPS
usb usb3: default language 0x0409
usb usb3: New USB device found, idVendor=1d6b, idProduct=0001
usb usb3: New USB device strings: Mfr=3, Product=2, SerialNumber=1
usb usb3: Product: OHCI Host Controller
usb usb3: Manufacturer: Linux 2.6.29.1 ohci_hcd
usb usb3: SerialNumber: 0000:00:13.1
usb usb3: uevent
usb usb3: usb_probe_device
usb usb3: configuration #1 chosen from 1 choice
usb usb3: adding 3-0:1.0 (config #1, interface 0)
usb 3-0:1.0: uevent
hub 3-0:1.0: usb_probe_interface
hub 3-0:1.0: usb_probe_interface - got id
hub 3-0:1.0: USB hub found
hub 3-0:1.0: 2 ports detected
hub 3-0:1.0: standalone hub
hub 3-0:1.0: no power switching (usb 1.0)
hub 3-0:1.0: global over-current protection
hub 3-0:1.0: power on to power good time: 4ms
hub 3-0:1.0: local power source is good
hub 3-0:1.0: no over-current condition exists
hub 3-0:1.0: trying to enable port power on non-switchable hub
drivers/usb/core/inode.c: creating file '001'
ahci 0000:00:12.0: version 3.0
ahci 0000:00:12.0: PCI INT A -> GSI 22 (level, low) -> IRQ 22
ahci 0000:00:12.0: controller can't do 64bit DMA, forcing 32bit
ahci 0000:00:12.0: AHCI 0001.0100 32 slots 4 ports 3 Gbps 0xf impl SATA mode
ahci 0000:00:12.0: flags: ncq sntf ilck pm led clo pmp pio slum part 
scsi2 : ahci
scsi3 : ahci
scsi4 : ahci
scsi5 : ahci
ata3: SATA max UDMA/133 abar m1024@0xfe02f000 port 0xfe02f100 irq 22
ata4: SATA max UDMA/133 abar m1024@0xfe02f000 port 0xfe02f180 irq 22
ata5: SATA max UDMA/133 abar m1024@0xfe02f000 port 0xfe02f200 irq 22
ata6: SATA max UDMA/133 abar m1024@0xfe02f000 port 0xfe02f280 irq 22
ehci_hcd 0000:00:13.5: GetStatus port 3 status 003002 POWER OWNER sig=se0 CSC
hub 1-0:1.0: port 4, status 0501, change 0000, 480 Mb/s
ehci_hcd 0000:00:13.5: port 4 high speed
ehci_hcd 0000:00:13.5: GetStatus port 4 status 001005 POWER sig=se0 PE CONNECT
ohci_hcd 0000:00:13.1: GetStatus roothub.portstatus [0] = 0x00010101 CSC PPS CCS
hub 3-0:1.0: port 1: status 0101 change 0001
usb 1-4: new high speed USB device using ehci_hcd and address 5
ehci_hcd 0000:00:13.5: port 4 high speed
ehci_hcd 0000:00:13.5: GetStatus port 4 status 001005 POWER sig=se0 PE CONNECT
usb 1-4: default language 0x0409
usb 1-4: New USB device found, idVendor=040d, idProduct=6204
usb 1-4: New USB device strings: Mfr=1, Product=2, SerialNumber=3
usb 1-4: Product: USB 2.0 IDE Bridge
usb 1-4: Manufacturer: VIA Technologies Inc.
usb 1-4: SerialNumber: 000000000001
usb 1-4: uevent
usb 1-4: usb_probe_device
usb 1-4: configuration #1 chosen from 1 choice
usb 1-4: adding 1-4:1.0 (config #1, interface 0)
usb 1-4:1.0: uevent
drivers/usb/core/inode.c: creating file '005'
hub 1-0:1.0: port 7, status 0501, change 0000, 480 Mb/s
ehci_hcd 0000:00:13.5: port 7 low speed --> companion
usb 1-4: uevent
Initializing USB Mass Storage driver...
usb-storage 1-4:1.0: usb_probe_interface
usb-storage 1-4:1.0: usb_probe_interface - got id
scsi6 : SCSI emulation for USB Mass Storage devices
usb-storage: device found at 5
usb-storage: waiting for device to settle before scanning
usbcore: registered new interface driver usb-storage
USB Mass Storage support registered.
ehci_hcd 0000:00:13.5: GetStatus port 7 status 003002 POWER OWNER sig=se0 CSC
hub 1-0:1.0: port 8, status 0501, change 0000, 480 Mb/s
ehci_hcd 0000:00:13.5: port 8 low speed --> companion
ehci_hcd 0000:00:13.5: GetStatus port 8 status 003002 POWER OWNER sig=se0 CSC
hub 2-0:1.0: state 7 ports 2 chg 0000 evt 0006
ohci_hcd 0000:00:13.0: GetStatus roothub.portstatus [0] = 0x00010301 CSC LSDA PPS CCS
hub 2-0:1.0: port 1, status 0301, change 0001, 1.5 Mb/s
hub 2-0:1.0: debounce: port 1: total 100ms stable 100ms status 0x301
ohci_hcd 0000:00:13.0: port[0] reset timeout, stat 00000311
ata3: softreset failed (device not ready)
ata3: failed due to HW bug, retry pmp=0
ohci_hcd 0000:00:13.0: GetStatus roothub.portstatus [0] = 0x00100303 PRSC LSDA PPS PES CCS
usb 2-1: new low speed USB device using ohci_hcd and address 2
ohci_hcd 0000:00:13.0: port[0] reset timeout, stat 00000313
ata3: SATA link up 3.0 Gbps (SStatus 123 SControl 300)
ata3.00: ATA-8: WDC WD2500AAJS-00VTA0, 01.01B01, max UDMA/133
ata3.00: 488397168 sectors, multi 1: LBA48 NCQ (depth 31/32)
ata3.00: SB600 AHCI: limiting to 255 sectors per cmd
ata3.00: SB600 AHCI: limiting to 255 sectors per cmd
ata3.00: configured for UDMA/133
scsi 2:0:0:0: Direct-Access     ATA      WDC WD2500AAJS-0 01.0 PQ: 0 ANSI: 5
ohci_hcd 0000:00:13.0: GetStatus roothub.portstatus [0] = 0x00100303 PRSC LSDA PPS PES CCS
usb 2-1: skipped 1 descriptor after interface
usb 2-1: default language 0x0409
usb 2-1: New USB device found, idVendor=045e, idProduct=0040
usb 2-1: New USB device strings: Mfr=1, Product=3, SerialNumber=0
usb 2-1: Product: Microsoft 3-Button Mouse with IntelliEye(TM)
usb 2-1: Manufacturer: Microsoft
usb 2-1: uevent
usb 2-1: usb_probe_device
usb 2-1: configuration #1 chosen from 1 choice
usb 2-1: adding 2-1:1.0 (config #1, interface 0)
usb 2-1:1.0: uevent
drivers/usb/core/inode.c: creating file '002'
ohci_hcd 0000:00:13.0: GetStatus roothub.portstatus [1] = 0x00010101 CSC PPS CCS
hub 2-0:1.0: port 2, status 0101, change 0001, 12 Mb/s
usbcore: registered new interface driver hiddev
usbhid 2-1:1.0: usb_probe_interface
usbhid 2-1:1.0: usb_probe_interface - got id
usb 2-1: uevent
input: Microsoft Microsoft 3-Button Mouse with IntelliEye(TM) as /devices/pci0000:00/0000:00:13.0/usb2/2-1/2-1:1.0/input/input0
generic-usb 0003:045E:0040.0001: input,hidraw0: USB HID v1.10 Mouse [Microsoft Microsoft 3-Button Mouse with IntelliEye(TM)] on usb-0000:00:13.0-1/input0
usbcore: registered new interface driver usbhid
usbhid: v2.6:USB HID core driver
usb 2-1:1.0: uevent
usb 2-1: uevent
hub 2-0:1.0: debounce: port 2: total 100ms stable 100ms status 0x101
ohci_hcd 0000:00:13.0: port[1] reset timeout, stat 00000111
ohci_hcd 0000:00:13.0: GetStatus roothub.portstatus [1] = 0x00100103 PRSC PPS PES CCS
ata4: SATA link down (SStatus 0 SControl 300)
usb 2-2: new full speed USB device using ohci_hcd and address 3
ohci_hcd 0000:00:13.0: port[1] reset timeout, stat 00000113
ohci_hcd 0000:00:13.0: GetStatus roothub.portstatus [1] = 0x00100103 PRSC PPS PES CCS
usb 2-2: ep0 maxpacket = 8
usb 2-2: default language 0x0409
usb 2-2: New USB device found, idVendor=058f, idProduct=9254
usb 2-2: New USB device strings: Mfr=1, Product=2, SerialNumber=0
usb 2-2: Product: Generic USB Hub
usb 2-2: Manufacturer: ALCOR
usb 2-2: uevent
usb 2-2: usb_probe_device
usb 2-2: configuration #1 chosen from 1 choice
usb 2-2: adding 2-2:1.0 (config #1, interface 0)
usb 2-2:1.0: uevent
hub 2-2:1.0: usb_probe_interface
hub 2-2:1.0: usb_probe_interface - got id
hub 2-2:1.0: USB hub found
hub 2-2:1.0: 4 ports detected
hub 2-2:1.0: standalone hub
hub 2-2:1.0: individual port power switching
hub 2-2:1.0: individual port over-current protection
hub 2-2:1.0: power on to power good time: 44ms
hub 2-2:1.0: local power source is good
hub 2-2:1.0: enabling power on all ports
drivers/usb/core/inode.c: creating file '003'
hub 1-0:1.0: state 7 ports 10 chg 0000 evt 0100
hub 3-0:1.0: state 7 ports 2 chg 0002 evt 0000
hub 3-0:1.0: port 1, status 0101, change 0000, 12 Mb/s
usb 2-2: uevent
ohci_hcd 0000:00:13.1: port[0] reset timeout, stat 00000111
ohci_hcd 0000:00:13.1: GetStatus roothub.portstatus [0] = 0x00100103 PRSC PPS PES CCS
usb 3-1: new full speed USB device using ohci_hcd and address 2
ohci_hcd 0000:00:13.1: port[0] reset timeout, stat 00000113
ata5: SATA link down (SStatus 0 SControl 300)
ohci_hcd 0000:00:13.1: GetStatus roothub.portstatus [0] = 0x00100103 PRSC PPS PES CCS
usb 3-1: skipped 1 descriptor after interface
usb 3-1: default language 0x0409
usb 3-1: New USB device found, idVendor=056a, idProduct=0065
usb 3-1: New USB device strings: Mfr=1, Product=2, SerialNumber=0
usb 3-1: Product: MTE-450
usb 3-1: Manufacturer: Wacom Co.,Ltd.
usb 3-1: uevent
usb 3-1: usb_probe_device
usb 3-1: configuration #1 chosen from 1 choice
usb 3-1: adding 3-1:1.0 (config #1, interface 0)
usb 3-1:1.0: uevent
usbhid 3-1:1.0: usb_probe_interface
usbhid 3-1:1.0: usb_probe_interface - got id
drivers/usb/core/inode.c: creating file '002'
hub 2-0:1.0: state 7 ports 2 chg 0000 evt 0004
hub 3-0:1.0: state 7 ports 2 chg 0000 evt 0002
hub 2-2:1.0: state 7 ports 4 chg 0000 evt 0000
ata6: SATA link down (SStatus 0 SControl 300)
ohci_hcd 0000:00:13.2: PCI INT C -> GSI 18 (level, low) -> IRQ 18
ohci_hcd 0000:00:13.2: OHCI Host Controller
drivers/usb/core/inode.c: creating file '004'
ohci_hcd 0000:00:13.2: new USB bus registered, assigned bus number 4
ohci_hcd 0000:00:13.2: created debug files
ohci_hcd 0000:00:13.2: supports USB remote wakeup
ohci_hcd 0000:00:13.2: irq 18, io mem 0xfe02c000
Driver 'sd' needs updating - please use bus_type methods
sd 2:0:0:0: [sda] 488397168 512-byte hardware sectors: (250 GB/232 GiB)
sd 2:0:0:0: [sda] Write Protect is off
sd 2:0:0:0: [sda] Mode Sense: 00 3a 00 00
sd 2:0:0:0: [sda] Write cache: enabled, read cache: enabled, doesn't support DPO or FUA
sd 2:0:0:0: [sda] 488397168 512-byte hardware sectors: (250 GB/232 GiB)
sd 2:0:0:0: [sda] Write Protect is off
sd 2:0:0:0: [sda] Mode Sense: 00 3a 00 00
sd 2:0:0:0: [sda] Write cache: enabled, read cache: enabled, doesn't support DPO or FUA
 sda: sda1 sda3
sd 2:0:0:0: [sda] Attached SCSI disk
ohci_hcd 0000:00:13.2: OHCI controller state
ohci_hcd 0000:00:13.2: OHCI 1.0, NO legacy support registers
ohci_hcd 0000:00:13.2: control 0x283 RWC HCFS=operational CBSR=3
ohci_hcd 0000:00:13.2: cmdstatus 0x00000 SOC=0
ohci_hcd 0000:00:13.2: intrstatus 0x00000004 SF
ohci_hcd 0000:00:13.2: intrenable 0x8000001a MIE UE RD WDH
ohci_hcd 0000:00:13.2: hcca frame #0005
ohci_hcd 0000:00:13.2: roothub.a 02000202 POTPGT=2 NPS NDP=2(2)
ohci_hcd 0000:00:13.2: roothub.b 00000000 PPCM=0000 DR=0000
ohci_hcd 0000:00:13.2: roothub.status 00008000 DRWE
ohci_hcd 0000:00:13.2: roothub.portstatus [0] 0x00000100 PPS
ohci_hcd 0000:00:13.2: roothub.portstatus [1] 0x00000100 PPS
usb usb4: default language 0x0409
usb usb4: New USB device found, idVendor=1d6b, idProduct=0001
usb usb4: New USB device strings: Mfr=3, Product=2, SerialNumber=1
usb usb4: Product: OHCI Host Controller
usb usb4: Manufacturer: Linux 2.6.29.1 ohci_hcd
usb usb4: SerialNumber: 0000:00:13.2
usb usb4: uevent
usb usb4: usb_probe_device
usb usb4: configuration #1 chosen from 1 choice
usb usb4: adding 4-0:1.0 (config #1, interface 0)
usb 4-0:1.0: uevent
hub 4-0:1.0: usb_probe_interface
hub 4-0:1.0: usb_probe_interface - got id
hub 4-0:1.0: USB hub found
hub 4-0:1.0: 2 ports detected
hub 4-0:1.0: standalone hub
hub 4-0:1.0: no power switching (usb 1.0)
hub 4-0:1.0: global over-current protection
hub 4-0:1.0: power on to power good time: 4ms
hub 4-0:1.0: local power source is good
hub 4-0:1.0: no over-current condition exists
hub 4-0:1.0: trying to enable port power on non-switchable hub
drivers/usb/core/inode.c: creating file '001'
ohci_hcd 0000:00:13.3: PCI INT B -> GSI 17 (level, low) -> IRQ 17
ohci_hcd 0000:00:13.3: OHCI Host Controller
drivers/usb/core/inode.c: creating file '005'
ohci_hcd 0000:00:13.3: new USB bus registered, assigned bus number 5
ohci_hcd 0000:00:13.3: created debug files
ohci_hcd 0000:00:13.3: supports USB remote wakeup
ohci_hcd 0000:00:13.3: irq 17, io mem 0xfe02b000
usb usb4: uevent
Driver 'sr' needs updating - please use bus_type methods
sr0: scsi3-mmc drive: 48x/48x writer dvd-ram cd/rw xa/form2 cdda tray
Uniform CD-ROM driver Revision: 3.20
sr 0:0:0:0: Attached scsi CD-ROM sr0
sr 0:0:0:0: Attached scsi generic sg0 type 5
sd 2:0:0:0: Attached scsi generic sg1 type 0
ohci_hcd 0000:00:13.3: OHCI controller state
ohci_hcd 0000:00:13.3: OHCI 1.0, NO legacy support registers
ohci_hcd 0000:00:13.3: control 0x283 RWC HCFS=operational CBSR=3
ohci_hcd 0000:00:13.3: cmdstatus 0x00000 SOC=0
ohci_hcd 0000:00:13.3: intrstatus 0x00000004 SF
ohci_hcd 0000:00:13.3: intrenable 0x8000001a MIE UE RD WDH
ohci_hcd 0000:00:13.3: hcca frame #0005
ohci_hcd 0000:00:13.3: roothub.a 02000202 POTPGT=2 NPS NDP=2(2)
ohci_hcd 0000:00:13.3: roothub.b 00000000 PPCM=0000 DR=0000
ohci_hcd 0000:00:13.3: roothub.status 00008000 DRWE
ohci_hcd 0000:00:13.3: roothub.portstatus [0] 0x00010301 CSC LSDA PPS CCS
ohci_hcd 0000:00:13.3: roothub.portstatus [1] 0x00010301 CSC LSDA PPS CCS
usb usb5: default language 0x0409
usb usb5: New USB device found, idVendor=1d6b, idProduct=0001
usb usb5: New USB device strings: Mfr=3, Product=2, SerialNumber=1
usb usb5: Product: OHCI Host Controller
usb usb5: Manufacturer: Linux 2.6.29.1 ohci_hcd
usb usb5: SerialNumber: 0000:00:13.3
usb usb5: uevent
usb usb5: usb_probe_device
usb usb5: configuration #1 chosen from 1 choice
usb usb5: adding 5-0:1.0 (config #1, interface 0)
usb 5-0:1.0: uevent
hub 5-0:1.0: usb_probe_interface
hub 5-0:1.0: usb_probe_interface - got id
hub 5-0:1.0: USB hub found
hub 5-0:1.0: 2 ports detected
hub 5-0:1.0: standalone hub
hub 5-0:1.0: no power switching (usb 1.0)
hub 5-0:1.0: global over-current protection
hub 5-0:1.0: power on to power good time: 4ms
hub 5-0:1.0: local power source is good
hub 5-0:1.0: no over-current condition exists
hub 5-0:1.0: trying to enable port power on non-switchable hub
drivers/usb/core/inode.c: creating file '001'
ohci_hcd 0000:00:13.4: PCI INT C -> GSI 18 (level, low) -> IRQ 18
ohci_hcd 0000:00:13.4: OHCI Host Controller
drivers/usb/core/inode.c: creating file '006'
ohci_hcd 0000:00:13.4: new USB bus registered, assigned bus number 6
ohci_hcd 0000:00:13.4: created debug files
ohci_hcd 0000:00:13.4: supports USB remote wakeup
ohci_hcd 0000:00:13.4: irq 18, io mem 0xfe02a000
hub 4-0:1.0: state 7 ports 2 chg 0000 evt 0000
ohci_hcd 0000:00:13.4: OHCI controller state
ohci_hcd 0000:00:13.4: OHCI 1.0, NO legacy support registers
ohci_hcd 0000:00:13.4: control 0x283 RWC HCFS=operational CBSR=3
ohci_hcd 0000:00:13.4: cmdstatus 0x00000 SOC=0
ohci_hcd 0000:00:13.4: intrstatus 0x00000004 SF
ohci_hcd 0000:00:13.4: intrenable 0x8000001a MIE UE RD WDH
ohci_hcd 0000:00:13.4: hcca frame #0005
ohci_hcd 0000:00:13.4: roothub.a 02000202 POTPGT=2 NPS NDP=2(2)
ohci_hcd 0000:00:13.4: roothub.b 00000000 PPCM=0000 DR=0000
ohci_hcd 0000:00:13.4: roothub.status 00008000 DRWE
ohci_hcd 0000:00:13.4: roothub.portstatus [0] 0x00000100 PPS
ohci_hcd 0000:00:13.4: roothub.portstatus [1] 0x00000100 PPS
usb usb6: default language 0x0409
usb usb6: New USB device found, idVendor=1d6b, idProduct=0001
usb usb6: New USB device strings: Mfr=3, Product=2, SerialNumber=1
usb usb6: Product: OHCI Host Controller
usb usb6: Manufacturer: Linux 2.6.29.1 ohci_hcd
usb usb6: SerialNumber: 0000:00:13.4
usb usb6: uevent
usb usb6: usb_probe_device
usb usb6: configuration #1 chosen from 1 choice
usb usb6: adding 6-0:1.0 (config #1, interface 0)
usb 6-0:1.0: uevent
hub 6-0:1.0: usb_probe_interface
hub 6-0:1.0: usb_probe_interface - got id
hub 6-0:1.0: USB hub found
hub 6-0:1.0: 2 ports detected
hub 6-0:1.0: standalone hub
hub 6-0:1.0: no power switching (usb 1.0)
hub 6-0:1.0: global over-current protection
hub 6-0:1.0: power on to power good time: 4ms
hub 6-0:1.0: local power source is good
hub 6-0:1.0: no over-current condition exists
hub 6-0:1.0: trying to enable port power on non-switchable hub
drivers/usb/core/inode.c: creating file '001'
usb usb5: uevent
usb usb6: uevent
ohci_hcd 0000:00:13.3: GetStatus roothub.portstatus [0] = 0x00010301 CSC LSDA PPS CCS
hub 5-0:1.0: port 1: status 0301 change 0001
ohci_hcd 0000:00:13.3: GetStatus roothub.portstatus [1] = 0x00010301 CSC LSDA PPS CCS
hub 5-0:1.0: port 2: status 0301 change 0001
usb usb3: uevent
usb 3-1: uevent
hub 6-0:1.0: state 7 ports 2 chg 0000 evt 0000
device-mapper: uevent: version 1.0.3
device-mapper: ioctl: 4.14.0-ioctl (2008-04-23) initialised: dm-devel@redhat.com
hub 5-0:1.0: state 7 ports 2 chg 0006 evt 0000
hub 5-0:1.0: port 1, status 0301, change 0000, 1.5 Mb/s
ohci_hcd 0000:00:13.3: port[0] reset timeout, stat 00000311
EXT3-fs: INFO: recovery required on readonly filesystem.
EXT3-fs: write access will be enabled during recovery.
ohci_hcd 0000:00:13.3: GetStatus roothub.portstatus [0] = 0x00100303 PRSC LSDA PPS PES CCS
usb 5-1: new low speed USB device using ohci_hcd and address 2
ohci_hcd 0000:00:13.3: port[0] reset timeout, stat 00000313
ohci_hcd 0000:00:13.3: GetStatus roothub.portstatus [0] = 0x00100303 PRSC LSDA PPS PES CCS
usb 5-1: skipped 1 descriptor after interface
usb 5-1: default language 0x0409
usb 5-1: New USB device found, idVendor=051d, idProduct=0002
usb 5-1: New USB device strings: Mfr=3, Product=1, SerialNumber=2
usb 5-1: Product: Back-UPS ES 750 FW:841.I2 .D USB FW:I2 
usb 5-1: Manufacturer: American Power Conversion
usb 5-1: SerialNumber: 3B0809X01186  
usb 5-1: uevent
usb 5-1: usb_probe_device
usb 5-1: configuration #1 chosen from 1 choice
usb 5-1: adding 5-1:1.0 (config #1, interface 0)
usb 5-1:1.0: uevent
usbhid 5-1:1.0: usb_probe_interface
usbhid 5-1:1.0: usb_probe_interface - got id
ohci_hcd 0000:00:13.2: auto-stop root hub
ohci_hcd 0000:00:13.4: auto-stop root hub
hub 2-2:1.0: hub_suspend
usb 2-2: usb auto-suspend
drivers/usb/core/file.c: looking for a minor, starting at 96
generic-usb 0003:051D:0002.0002: hiddev96,hidraw1: USB HID v1.10 Device [American Power Conversion Back-UPS ES 750 FW:841.I2 .D USB FW:I2 ] on usb-0000:00:13.3-1/input0
drivers/usb/core/inode.c: creating file '002'
hub 5-0:1.0: port 2, status 0301, change 0000, 1.5 Mb/s
usb 5-1: uevent
ohci_hcd 0000:00:13.3: port[1] reset timeout, stat 00000311
ohci_hcd 0000:00:13.3: GetStatus roothub.portstatus [1] = 0x00100303 PRSC LSDA PPS PES CCS
usb 5-2: new low speed USB device using ohci_hcd and address 3
ohci_hcd 0000:00:13.3: port[1] reset timeout, stat 00000313
ohci_hcd 0000:00:13.3: GetStatus roothub.portstatus [1] = 0x00100303 PRSC LSDA PPS PES CCS
usb 5-2: skipped 1 descriptor after interface
usb 5-2: skipped 1 descriptor after interface
usb 5-2: New USB device found, idVendor=04d9, idProduct=1203
usb 5-2: New USB device strings: Mfr=0, Product=0, SerialNumber=0
usb 5-2: uevent
usb 5-2: usb_probe_device
usb 5-2: configuration #1 chosen from 1 choice
usb 5-2: adding 5-2:1.0 (config #1, interface 0)
usb 5-2:1.0: uevent
usbhid 5-2:1.0: usb_probe_interface
usbhid 5-2:1.0: usb_probe_interface - got id
input: HID 04d9:1203 as /devices/pci0000:00/0000:00:13.3/usb5/5-2/5-2:1.0/input/input1
generic-usb 0003:04D9:1203.0003: input,hidraw2: USB HID v1.11 Keyboard [HID 04d9:1203] on usb-0000:00:13.3-2/input0
usb 5-2: adding 5-2:1.1 (config #1, interface 1)
usb 5-2:1.1: uevent
usbhid 5-2:1.1: usb_probe_interface
usbhid 5-2:1.1: usb_probe_interface - got id
input: HID 04d9:1203 as /devices/pci0000:00/0000:00:13.3/usb5/5-2/5-2:1.1/input/input2
generic-usb 0003:04D9:1203.0004: input,hidraw3: USB HID v1.11 Device [HID 04d9:1203] on usb-0000:00:13.3-2/input1
drivers/usb/core/inode.c: creating file '003'
hub 5-0:1.0: state 7 ports 2 chg 0000 evt 0004
usb 5-2: uevent
hub 4-0:1.0: hub_suspend
usb usb4: bus auto-suspend
ohci_hcd 0000:00:13.2: suspend root hub
hub 6-0:1.0: hub_suspend
usb usb6: bus auto-suspend
ohci_hcd 0000:00:13.4: suspend root hub
usb-storage: device scan complete
scsi 6:0:0:0: Direct-Access     ST350063 0A               3.AA PQ: 0 ANSI: 2
sd 6:0:0:0: [sdb] 976773168 512-byte hardware sectors: (500 GB/465 GiB)
sd 6:0:0:0: [sdb] Write Protect is off
sd 6:0:0:0: [sdb] Mode Sense: 00 00 00 00
sd 6:0:0:0: [sdb] Assuming drive cache: write through
sd 6:0:0:0: [sdb] 976773168 512-byte hardware sectors: (500 GB/465 GiB)
sd 6:0:0:0: [sdb] Write Protect is off
sd 6:0:0:0: [sdb] Mode Sense: 00 00 00 00
sd 6:0:0:0: [sdb] Assuming drive cache: write through
 sdb: sdb1
sd 6:0:0:0: [sdb] Attached SCSI disk
sd 6:0:0:0: Attached scsi generic sg2 type 0
usb 1-4:1.0: uevent
usb 1-4: uevent
kjournald starting.  Commit interval 5 seconds
EXT3-fs: recovery complete.
EXT3-fs: mounted filesystem with writeback data mode.
udev: starting version 141
usb usb2: uevent
usb 2-0:1.0: uevent
usb 2-1: uevent
usb 2-1:1.0: uevent
usb 2-2: uevent
usb 2-2:1.0: uevent
usb usb3: uevent
usb 3-0:1.0: uevent
usb 3-1: uevent
usb 3-1:1.0: uevent
usb usb4: uevent
usb 4-0:1.0: uevent
usb usb5: uevent
usb 5-0:1.0: uevent
usb 5-1: uevent
usb 5-1:1.0: uevent
usb 5-2: uevent
usb 5-2:1.0: uevent
usb 5-2:1.1: uevent
usb usb6: uevent
usb 6-0:1.0: uevent
usb usb1: uevent
usb 1-0:1.0: uevent
usb 1-4: uevent
usb 1-4:1.0: uevent
cfg80211: Using static regulatory domain info
cfg80211: Regulatory domain: US
	(start_freq - end_freq @ bandwidth), (max_antenna_gain, max_eirp)
	(2402000 KHz - 2472000 KHz @ 40000 KHz), (600 mBi, 2700 mBm)
	(5170000 KHz - 5190000 KHz @ 40000 KHz), (600 mBi, 2300 mBm)
	(5190000 KHz - 5210000 KHz @ 40000 KHz), (600 mBi, 2300 mBm)
	(5210000 KHz - 5230000 KHz @ 40000 KHz), (600 mBi, 2300 mBm)
	(5230000 KHz - 5330000 KHz @ 40000 KHz), (600 mBi, 2300 mBm)
	(5735000 KHz - 5835000 KHz @ 40000 KHz), (600 mBi, 3000 mBm)
cfg80211: Calling CRDA for country: US
input: Power Button (FF) as /devices/LNXSYSTM:00/LNXPWRBN:00/input/input3
ACPI: Power Button (FF) [PWRF]
input: Power Button (CM) as /devices/LNXSYSTM:00/device:00/PNP0C0C:00/input/input4
ACPI: Power Button (CM) [PWRB]
k8temp 0000:00:18.3: Temperature readouts might be wrong - check erratum #141
input: PC Speaker as /devices/platform/pcspkr/input/input5
piix4_smbus 0000:00:14.0: SMBus Host Controller at 0xb00, revision 0
rtc_cmos 00:04: RTC can wake from S4
rtc_cmos 00:04: rtc core: registered rtc_cmos as rtc0
rtc0: alarms up to one month, 242 bytes nvram
usb usb2: uevent
usb usb3: uevent
usb 2-2: uevent
usb 2-1: uevent
usb 3-1: uevent
usb 2-1:1.0: uevent
usb 2-1: uevent
usb usb4: uevent
usb 5-1: uevent
usb usb5: uevent
usb usb6: uevent
usb 5-2: uevent
usb 2-1:1.0: uevent
usb 2-1: uevent
usb usb1: uevent
usb 5-2:1.0: uevent
usb 5-2: uevent
usb 1-4:1.0: uevent
usb 1-4: uevent
usb 5-2:1.1: uevent
usb 5-2: uevent
usb 1-4: uevent
wacom 3-1:1.0: usb_probe_interface
wacom 3-1:1.0: usb_probe_interface - got id
input: Wacom Bamboo as /devices/pci0000:00/0000:00:13.1/usb3/3-1/3-1:1.0/input/input6
ath5k 0000:03:06.0: PCI INT A -> GSI 21 (level, low) -> IRQ 21
ath5k 0000:03:06.0: registered as 'phy0'
usbcore: registered new interface driver wacom
wacom: v1.49:USB Wacom Graphire and Wacom Intuos tablet driver
wmaster0 (ath5k): not using net_device_ops yet
phy0: Selected rate control algorithm 'minstrel'
usb 3-1:1.0: uevent
usb 3-1: uevent
usb 3-1:1.0: uevent
usb 3-1: uevent
wlan0 (ath5k): not using net_device_ops yet
ath5k phy0: Atheros AR2414 chip found (MAC: 0x79, PHY: 0x45)
HDA Intel 0000:00:14.2: PCI INT A -> GSI 16 (level, low) -> IRQ 16
EXT3 FS on sda1, internal journal
usb 1-4:1.0: uevent
usb 1-4: uevent
kjournald starting.  Commit interval 5 seconds
EXT3 FS on sda3, internal journal
EXT3-fs: mounted filesystem with writeback data mode.
FAT: utf8 is not a recommended IO charset for FAT filesystems, filesystem will be case sensitive!
fuse init (API version 7.11)
NET: Registered protocol family 17
wlan0: authenticate with AP 00:1c:10:34:39:5e
wlan0: authenticated
wlan0: associate with AP 00:1c:10:34:39:5e
wlan0: RX AssocResp from 00:1c:10:34:39:5e (capab=0x411 status=0 aid=1)
wlan0: associated
NET: Registered protocol family 10
lo: Disabled Privacy Extensions
powernow-k8: Found 1 AMD Athlon(tm) 64 X2 Dual Core Processor 4200+ processors (2 cpu cores) (version 2.20.00)
powernow-k8:    0 : fid 0xe (2200 MHz), vid 0xc
powernow-k8:    1 : fid 0xc (2000 MHz), vid 0xe
powernow-k8:    2 : fid 0xa (1800 MHz), vid 0x10
powernow-k8:    3 : fid 0x2 (1000 MHz), vid 0x12
Clocksource tsc unstable (delta = -69393552 ns)
usb usb2: uevent
usb 2-0:1.0: uevent
usb 2-1: uevent
usb 2-1:1.0: uevent
usb 2-2: uevent
usb 2-2:1.0: uevent
usb usb3: uevent
usb 3-0:1.0: uevent
usb 3-1: uevent
usb 3-1:1.0: uevent
usb usb4: uevent
usb 4-0:1.0: uevent
usb usb5: uevent
usb 5-0:1.0: uevent
usb 5-1: uevent
usb 5-1:1.0: uevent
usb 5-2: uevent
usb 5-2:1.0: uevent
usb 5-2:1.1: uevent
usb usb6: uevent
usb 6-0:1.0: uevent
usb usb1: uevent
usb 1-0:1.0: uevent
usb 1-4: uevent
usb 1-4:1.0: uevent
wlan0: no IPv6 routers present

```
- ran with **noacpi**, still got a bunch of errors, but was able to complete boot
- after booting, tried to see if I could compile vboxdrv, got this crap output:
```
make KBUILD_VERBOSE=1 -C /lib/modules/2.6.29.1/build SUBDIRS=/tmp/vbox.0 SRCROOT=/tmp/vbox.0 modules
test -e include/linux/autoconf.h -a -e include/config/auto.conf || (		\
	echo;								\
	echo "  ERROR: Kernel configuration is invalid.";		\
	echo "         include/linux/autoconf.h or include/config/auto.conf are missing.";	\
	echo "         Run 'make oldconfig && make prepare' on kernel src to fix it.";	\
	echo;								\
	/bin/false)

  ERROR: Kernel configuration is invalid.
         include/linux/autoconf.h or include/config/auto.conf are missing.
         Run 'make oldconfig && make prepare' on kernel src to fix it.

mkdir -p /tmp/vbox.0/.tmp_versions ; rm -f /tmp/vbox.0/.tmp_versions/*

  WARNING: Symbol version dump /home/kernel/src/linux-2.6.29/Module.symvers
           is missing; modules will have no dependencies and modversions.

make -f scripts/Makefile.build obj=/tmp/vbox.0
  gcc -Wp,-MD,/tmp/vbox.0/linux/.SUPDrv-linux.o.d  -nostdinc -isystem /usr/lib/gcc/x86_64-linux-gnu/4.3.3/include -Iinclude  -I/home/kernel/src/linux-2.6.29/arch/x86/include -include include/linux/autoconf.h -D__KERNEL__ -Wall -Wundef -Wstrict-prototypes -Wno-trigraphs -fno-strict-aliasing -fno-common -Werror-implicit-function-declaration -O2 -m64 -mno-red-zone -mcmodel=kernel -funit-at-a-time -maccumulate-outgoing-args -pipe -Wno-sign-compare -fno-asynchronous-unwind-tables -mno-sse -mno-mmx -mno-sse2 -mno-3dnow -Iarch/x86/include/asm/mach-default -fno-stack-protector -fomit-frame-pointer -Wdeclaration-after-statement -Wno-pointer-sign -fwrapv -I/lib/modules/2.6.29.1/build/include -I/tmp/vbox.0/ -I/tmp/vbox.0/include -I/tmp/vbox.0/r0drv/linux -D__KERNEL__ -DMODULE -DRT_OS_LINUX -DIN_RING0 -DIN_RT_R0 -DIN_SUP_R0 -DVBOX -DRT_WITH_VBOX -DVBOX_WITH_HARDENING -DCONFIG_VBOXDRV_AS_MISC -DRT_ARCH_AMD64 -DVBOX_WITH_64_BITS_GUESTS -DMODULE -D"KBUILD_STR(s)=#s" -D"KBUILD_BASENAME=KBUILD_STR(SUPDrv_linux)"  -D"KBUILD_MODNAME=KBUILD_STR(vboxdrv)"  -c -o /tmp/vbox.0/linux/SUPDrv-linux.o /tmp/vbox.0/linux/SUPDrv-linux.c
cc1: error: include/linux/autoconf.h: No such file or directory
In file included from /tmp/vbox.0/include/VBox/types.h:34,
                 from /tmp/vbox.0/linux/../SUPDrvInternal.h:39,
                 from /tmp/vbox.0/linux/SUPDrv-linux.c:37:
/tmp/vbox.0/include/iprt/types.h:87:30: error: linux/autoconf.h: No such file or directory
In file included from /tmp/vbox.0/linux/SUPDrv-linux.c:37:
/tmp/vbox.0/linux/../SUPDrvInternal.h:82:30: error: linux/version.h: No such file or directory
/tmp/vbox.0/linux/../SUPDrvInternal.h:89:8: warning: "LINUX_VERSION_CODE" is not defined
/tmp/vbox.0/linux/../SUPDrvInternal.h:89:29: warning: "KERNEL_VERSION" is not defined
/tmp/vbox.0/linux/../SUPDrvInternal.h:89:43: error: missing binary operator before token "("
In file included from /home/kernel/src/linux-2.6.29/arch/x86/include/asm/thread_info.h:22,
                 from include/linux/thread_info.h:55,
                 from include/linux/preempt.h:9,
                 from include/linux/spinlock.h:50,
                 from /tmp/vbox.0/linux/../SUPDrvInternal.h:100,
                 from /tmp/vbox.0/linux/SUPDrv-linux.c:37:
/home/kernel/src/linux-2.6.29/arch/x86/include/asm/processor.h:114: error: &#8216;CONFIG_X86_L1_CACHE_SHIFT&#8217; undeclared here (not in a function)
/home/kernel/src/linux-2.6.29/arch/x86/include/asm/processor.h:114: error: requested alignment is not a constant
In file included from /home/kernel/src/linux-2.6.29/arch/x86/include/asm/thread_info.h:22,
                 from include/linux/thread_info.h:55,
                 from include/linux/preempt.h:9,
                 from include/linux/spinlock.h:50,
                 from /tmp/vbox.0/linux/../SUPDrvInternal.h:100,
                 from /tmp/vbox.0/linux/SUPDrv-linux.c:37:
/home/kernel/src/linux-2.6.29/arch/x86/include/asm/processor.h:159:1: warning: "cache_line_size" redefined
In file included from /home/kernel/src/linux-2.6.29/arch/x86/include/asm/pda.h:7,
                 from /home/kernel/src/linux-2.6.29/arch/x86/include/asm/current.h:19,
                 from /home/kernel/src/linux-2.6.29/arch/x86/include/asm/processor.h:15,
                 from /home/kernel/src/linux-2.6.29/arch/x86/include/asm/thread_info.h:22,
                 from include/linux/thread_info.h:55,
                 from include/linux/preempt.h:9,
                 from include/linux/spinlock.h:50,
                 from /tmp/vbox.0/linux/../SUPDrvInternal.h:100,
                 from /tmp/vbox.0/linux/SUPDrv-linux.c:37:
include/linux/cache.h:64:1: warning: this is the location of the previous definition
/home/kernel/src/linux-2.6.29/arch/x86/include/asm/processor.h: In function &#8216;load_cr3&#8217;:
/home/kernel/src/linux-2.6.29/arch/x86/include/asm/processor.h:190: error: &#8216;CONFIG_PAGE_OFFSETUL&#8217; undeclared (first use in this function)
/home/kernel/src/linux-2.6.29/arch/x86/include/asm/processor.h:190: error: (Each undeclared identifier is reported only once
/home/kernel/src/linux-2.6.29/arch/x86/include/asm/processor.h:190: error: for each function it appears in.)
/home/kernel/src/linux-2.6.29/arch/x86/include/asm/processor.h: At top level:
/home/kernel/src/linux-2.6.29/arch/x86/include/asm/processor.h:239: error: requested alignment is not a constant
/home/kernel/src/linux-2.6.29/arch/x86/include/asm/processor.h:276: error: requested alignment is not a constant
/home/kernel/src/linux-2.6.29/arch/x86/include/asm/processor.h: In function &#8216;wbinvd_halt&#8217;:
/home/kernel/src/linux-2.6.29/arch/x86/include/asm/processor.h:745: error: implicit declaration of function &#8216;halt&#8217;
In file included from /home/kernel/src/linux-2.6.29/arch/x86/include/asm/atomic.h:4,
                 from /home/kernel/src/linux-2.6.29/arch/x86/include/asm/thread_info.h:24,
                 from include/linux/thread_info.h:55,
                 from include/linux/preempt.h:9,
                 from include/linux/spinlock.h:50,
                 from /tmp/vbox.0/linux/../SUPDrvInternal.h:100,
                 from /tmp/vbox.0/linux/SUPDrv-linux.c:37:
/home/kernel/src/linux-2.6.29/arch/x86/include/asm/atomic_64.h: At top level:
/home/kernel/src/linux-2.6.29/arch/x86/include/asm/atomic_64.h:213: error: expected declaration specifiers or &#8216;...&#8217; before &#8216;atomic64_t&#8217;
/home/kernel/src/linux-2.6.29/arch/x86/include/asm/atomic_64.h: In function &#8216;atomic64_add&#8217;:
/home/kernel/src/linux-2.6.29/arch/x86/include/asm/atomic_64.h:216: error: &#8216;v&#8217; undeclared (first use in this function)
/home/kernel/src/linux-2.6.29/arch/x86/include/asm/atomic_64.h:215: error: invalid lvalue in asm output 0
/home/kernel/src/linux-2.6.29/arch/x86/include/asm/atomic_64.h:215: error: memory input 2 is not directly addressable
/home/kernel/src/linux-2.6.29/arch/x86/include/asm/atomic_64.h: At top level:
/home/kernel/src/linux-2.6.29/arch/x86/include/asm/atomic_64.h:227: error: expected declaration specifiers or &#8216;...&#8217; before &#8216;atomic64_t&#8217;
/home/kernel/src/linux-2.6.29/arch/x86/include/asm/atomic_64.h: In function &#8216;atomic64_sub&#8217;:
/home/kernel/src/linux-2.6.29/arch/x86/include/asm/atomic_64.h:230: error: &#8216;v&#8217; undeclared (first use in this function)
/home/kernel/src/linux-2.6.29/arch/x86/include/asm/atomic_64.h:229: error: invalid lvalue in asm output 0
/home/kernel/src/linux-2.6.29/arch/x86/include/asm/atomic_64.h:229: error: memory input 2 is not directly addressable
/home/kernel/src/linux-2.6.29/arch/x86/include/asm/atomic_64.h: At top level:
/home/kernel/src/linux-2.6.29/arch/x86/include/asm/atomic_64.h:243: error: expected declaration specifiers or &#8216;...&#8217; before &#8216;atomic64_t&#8217;
/home/kernel/src/linux-2.6.29/arch/x86/include/asm/atomic_64.h: In function &#8216;atomic64_sub_and_test&#8217;:
/home/kernel/src/linux-2.6.29/arch/x86/include/asm/atomic_64.h:248: error: &#8216;v&#8217; undeclared (first use in this function)
/home/kernel/src/linux-2.6.29/arch/x86/include/asm/atomic_64.h:247: error: invalid lvalue in asm output 0
/home/kernel/src/linux-2.6.29/arch/x86/include/asm/atomic_64.h:247: error: memory input 3 is not directly addressable
/home/kernel/src/linux-2.6.29/arch/x86/include/asm/atomic_64.h: At top level:
/home/kernel/src/linux-2.6.29/arch/x86/include/asm/atomic_64.h:259: error: expected &#8216;)&#8217; before &#8216;*&#8217; token
/home/kernel/src/linux-2.6.29/arch/x86/include/asm/atomic_64.h:272: error: expected &#8216;)&#8217; before &#8216;*&#8217; token
/home/kernel/src/linux-2.6.29/arch/x86/include/asm/atomic_64.h:287: error: expected &#8216;)&#8217; before &#8216;*&#8217; token
/home/kernel/src/linux-2.6.29/arch/x86/include/asm/atomic_64.h:305: error: expected &#8216;)&#8217; before &#8216;*&#8217; token
/home/kernel/src/linux-2.6.29/arch/x86/include/asm/atomic_64.h:324: error: expected declaration specifiers or &#8216;...&#8217; before &#8216;atomic64_t&#8217;
/home/kernel/src/linux-2.6.29/arch/x86/include/asm/atomic_64.h: In function &#8216;atomic64_add_negative&#8217;:
/home/kernel/src/linux-2.6.29/arch/x86/include/asm/atomic_64.h:329: error: &#8216;v&#8217; undeclared (first use in this function)
/home/kernel/src/linux-2.6.29/arch/x86/include/asm/atomic_64.h:328: error: invalid lvalue in asm output 0
/home/kernel/src/linux-2.6.29/arch/x86/include/asm/atomic_64.h:328: error: memory input 3 is not directly addressable
/home/kernel/src/linux-2.6.29/arch/x86/include/asm/atomic_64.h: At top level:
/home/kernel/src/linux-2.6.29/arch/x86/include/asm/atomic_64.h:341: error: expected declaration specifiers or &#8216;...&#8217; before &#8216;atomic64_t&#8217;
/home/kernel/src/linux-2.6.29/arch/x86/include/asm/atomic_64.h: In function &#8216;atomic64_add_return&#8217;:
/home/kernel/src/linux-2.6.29/arch/x86/include/asm/atomic_64.h:345: error: &#8216;v&#8217; undeclared (first use in this function)
/home/kernel/src/linux-2.6.29/arch/x86/include/asm/atomic_64.h:344: error: invalid lvalue in asm output 1
/home/kernel/src/linux-2.6.29/arch/x86/include/asm/atomic_64.h:344: error: memory input 3 is not directly addressable
/home/kernel/src/linux-2.6.29/arch/x86/include/asm/atomic_64.h: At top level:
/home/kernel/src/linux-2.6.29/arch/x86/include/asm/atomic_64.h:350: error: expected declaration specifiers or &#8216;...&#8217; before &#8216;atomic64_t&#8217;
/home/kernel/src/linux-2.6.29/arch/x86/include/asm/atomic_64.h: In function &#8216;atomic64_sub_return&#8217;:
/home/kernel/src/linux-2.6.29/arch/x86/include/asm/atomic_64.h:352: error: &#8216;v&#8217; undeclared (first use in this function)
/home/kernel/src/linux-2.6.29/arch/x86/include/asm/atomic_64.h:352: error: too many arguments to function &#8216;atomic64_add_return&#8217;
/home/kernel/src/linux-2.6.29/arch/x86/include/asm/atomic_64.h: At top level:
/home/kernel/src/linux-2.6.29/arch/x86/include/asm/atomic_64.h:399: error: expected &#8216;)&#8217; before &#8216;*&#8217; token
In file included from /home/kernel/src/linux-2.6.29/arch/x86/include/asm/atomic_64.h:458,
                 from /home/kernel/src/linux-2.6.29/arch/x86/include/asm/atomic.h:4,
                 from /home/kernel/src/linux-2.6.29/arch/x86/include/asm/thread_info.h:24,
                 from include/linux/thread_info.h:55,
                 from include/linux/preempt.h:9,
                 from include/linux/spinlock.h:50,
                 from /tmp/vbox.0/linux/../SUPDrvInternal.h:100,
                 from /tmp/vbox.0/linux/SUPDrv-linux.c:37:
include/asm-generic/atomic.h:23: error: expected &#8216;=&#8217;, &#8216;,&#8217;, &#8216;;&#8217;, &#8216;asm&#8217; or &#8216;__attribute__&#8217; before &#8216;atomic_long_t&#8217;
include/asm-generic/atomic.h:27: error: expected &#8216;)&#8217; before &#8216;*&#8217; token
include/asm-generic/atomic.h:34: error: expected &#8216;)&#8217; before &#8216;*&#8217; token
include/asm-generic/atomic.h:41: error: expected &#8216;)&#8217; before &#8216;*&#8217; token
include/asm-generic/atomic.h:48: error: expected &#8216;)&#8217; before &#8216;*&#8217; token
include/asm-generic/atomic.h:55: error: expected declaration specifiers or &#8216;...&#8217; before &#8216;atomic_long_t&#8217;
include/asm-generic/atomic.h: In function &#8216;atomic_long_add&#8217;:
include/asm-generic/atomic.h:57: error: &#8216;atomic64_t&#8217; undeclared (first use in this function)
include/asm-generic/atomic.h:57: error: &#8216;v&#8217; undeclared (first use in this function)
include/asm-generic/atomic.h:57: error: expected expression before &#8216;)&#8217; token
include/asm-generic/atomic.h:59: error: too many arguments to function &#8216;atomic64_add&#8217;
include/asm-generic/atomic.h: At top level:
include/asm-generic/atomic.h:62: error: expected declaration specifiers or &#8216;...&#8217; before &#8216;atomic_long_t&#8217;
include/asm-generic/atomic.h: In function &#8216;atomic_long_sub&#8217;:
include/asm-generic/atomic.h:64: error: &#8216;atomic64_t&#8217; undeclared (first use in this function)
include/asm-generic/atomic.h:64: error: &#8216;v&#8217; undeclared (first use in this function)
include/asm-generic/atomic.h:64: error: expected expression before &#8216;)&#8217; token
include/asm-generic/atomic.h:66: error: too many arguments to function &#8216;atomic64_sub&#8217;
include/asm-generic/atomic.h: At top level:
include/asm-generic/atomic.h:69: error: expected declaration specifiers or &#8216;...&#8217; before &#8216;atomic_long_t&#8217;
include/asm-generic/atomic.h: In function &#8216;atomic_long_sub_and_test&#8217;:
include/asm-generic/atomic.h:71: error: &#8216;atomic64_t&#8217; undeclared (first use in this function)
include/asm-generic/atomic.h:71: error: &#8216;v&#8217; undeclared (first use in this function)
include/asm-generic/atomic.h:71: error: expected expression before &#8216;)&#8217; token
include/asm-generic/atomic.h:73: error: too many arguments to function &#8216;atomic64_sub_and_test&#8217;
include/asm-generic/atomic.h: At top level:
include/asm-generic/atomic.h:76: error: expected &#8216;)&#8217; before &#8216;*&#8217; token
include/asm-generic/atomic.h:83: error: expected &#8216;)&#8217; before &#8216;*&#8217; token
include/asm-generic/atomic.h:90: error: expected declaration specifiers or &#8216;...&#8217; before &#8216;atomic_long_t&#8217;
include/asm-generic/atomic.h: In function &#8216;atomic_long_add_negative&#8217;:
include/asm-generic/atomic.h:92: error: &#8216;atomic64_t&#8217; undeclared (first use in this function)
include/asm-generic/atomic.h:92: error: &#8216;v&#8217; undeclared (first use in this function)
include/asm-generic/atomic.h:92: error: expected expression before &#8216;)&#8217; token
include/asm-generic/atomic.h:94: error: too many arguments to function &#8216;atomic64_add_negative&#8217;
include/asm-generic/atomic.h: At top level:
include/asm-generic/atomic.h:97: error: expected declaration specifiers or &#8216;...&#8217; before &#8216;atomic_long_t&#8217;
include/asm-generic/atomic.h: In function &#8216;atomic_long_add_return&#8217;:
include/asm-generic/atomic.h:99: error: &#8216;atomic64_t&#8217; undeclared (first use in this function)
include/asm-generic/atomic.h:99: error: &#8216;v&#8217; undeclared (first use in this function)
include/asm-generic/atomic.h:99: error: expected expression before &#8216;)&#8217; token
include/asm-generic/atomic.h:101: error: too many arguments to function &#8216;atomic64_add_return&#8217;
include/asm-generic/atomic.h: At top level:
include/asm-generic/atomic.h:104: error: expected declaration specifiers or &#8216;...&#8217; before &#8216;atomic_long_t&#8217;
include/asm-generic/atomic.h: In function &#8216;atomic_long_sub_return&#8217;:
include/asm-generic/atomic.h:106: error: &#8216;atomic64_t&#8217; undeclared (first use in this function)
include/asm-generic/atomic.h:106: error: &#8216;v&#8217; undeclared (first use in this function)
include/asm-generic/atomic.h:106: error: expected expression before &#8216;)&#8217; token
include/asm-generic/atomic.h:108: error: too many arguments to function &#8216;atomic64_sub_return&#8217;
include/asm-generic/atomic.h: At top level:
include/asm-generic/atomic.h:111: error: expected &#8216;)&#8217; before &#8216;*&#8217; token
include/asm-generic/atomic.h:118: error: expected &#8216;)&#8217; before &#8216;*&#8217; token
include/asm-generic/atomic.h:125: error: expected &#8216;)&#8217; before &#8216;*&#8217; token
In file included from include/linux/mmzone.h:16,
                 from include/linux/gfp.h:4,
                 from include/linux/slab.h:12,
                 from /tmp/vbox.0/linux/../SUPDrvInternal.h:101,
                 from /tmp/vbox.0/linux/SUPDrv-linux.c:37:
include/linux/nodemask.h: In function &#8216;__first_node&#8217;:
include/linux/nodemask.h:233: error: implicit declaration of function &#8216;find_first_bit&#8217;
include/linux/nodemask.h: In function &#8216;__next_node&#8217;:
include/linux/nodemask.h:239: error: implicit declaration of function &#8216;find_next_bit&#8217;
include/linux/nodemask.h: In function &#8216;__first_unset_node&#8217;:
include/linux/nodemask.h:257: error: implicit declaration of function &#8216;find_first_zero_bit&#8217;
In file included from include/linux/gfp.h:4,
                 from include/linux/slab.h:12,
                 from /tmp/vbox.0/linux/../SUPDrvInternal.h:101,
                 from /tmp/vbox.0/linux/SUPDrv-linux.c:37:
include/linux/mmzone.h:18:26: error: linux/bounds.h: No such file or directory
include/linux/mmzone.h:256:5: warning: "MAX_NR_ZONES" is not defined
In file included from include/linux/gfp.h:4,
                 from include/linux/slab.h:12,
                 from /tmp/vbox.0/linux/../SUPDrvInternal.h:101,
                 from /tmp/vbox.0/linux/SUPDrv-linux.c:37:
include/linux/mmzone.h: At top level:
include/linux/mmzone.h:290: error: &#8216;MAX_NR_ZONES&#8217; undeclared here (not in a function)
include/linux/mmzone.h:337: error: expected specifier-qualifier-list before &#8216;atomic_long_t&#8217;
In file included from include/linux/gfp.h:4,
                 from include/linux/slab.h:12,
                 from /tmp/vbox.0/linux/../SUPDrvInternal.h:101,
                 from /tmp/vbox.0/linux/SUPDrv-linux.c:37:
include/linux/mmzone.h: In function &#8216;populated_zone&#8217;:
include/linux/mmzone.h:677: error: &#8216;struct zone&#8217; has no member named &#8216;present_pages&#8217;
include/linux/mmzone.h: In function &#8216;is_normal&#8217;:
include/linux/mmzone.h:726: error: &#8216;struct zone&#8217; has no member named &#8216;zone_pgdat&#8217;
In file included from include/linux/slab_def.h:44,
                 from include/linux/slab.h:157,
                 from /tmp/vbox.0/linux/../SUPDrvInternal.h:101,
                 from /tmp/vbox.0/linux/SUPDrv-linux.c:37:
include/linux/kmalloc_sizes.h:5:5: warning: "CONFIG_X86_L1_CACHE_SHIFT" is not defined
include/linux/kmalloc_sizes.h:9:5: warning: "CONFIG_X86_L1_CACHE_SHIFT" is not defined
In file included from /tmp/vbox.0/linux/SUPDrv-linux.c:37:
/tmp/vbox.0/linux/../SUPDrvInternal.h:102:8: warning: "LINUX_VERSION_CODE" is not defined
/tmp/vbox.0/linux/../SUPDrvInternal.h:102:30: warning: "KERNEL_VERSION" is not defined
/tmp/vbox.0/linux/../SUPDrvInternal.h:102:44: error: missing binary operator before token "("
/tmp/vbox.0/linux/../SUPDrvInternal.h:105:34: error: asm/semaphore.h: No such file or directory
In file included from include/linux/ktime.h:25,
                 from include/linux/timer.h:5,
                 from /tmp/vbox.0/linux/../SUPDrvInternal.h:107,
                 from /tmp/vbox.0/linux/SUPDrv-linux.c:37:
include/linux/jiffies.h:18:5: warning: "CONFIG_HZ" is not defined
include/linux/jiffies.h:20:7: warning: "CONFIG_HZ" is not defined
include/linux/jiffies.h:22:7: warning: "CONFIG_HZ" is not defined
include/linux/jiffies.h:24:7: warning: "CONFIG_HZ" is not defined
include/linux/jiffies.h:26:7: warning: "CONFIG_HZ" is not defined
include/linux/jiffies.h:28:7: warning: "CONFIG_HZ" is not defined
include/linux/jiffies.h:30:7: warning: "CONFIG_HZ" is not defined
include/linux/jiffies.h:32:7: warning: "CONFIG_HZ" is not defined
include/linux/jiffies.h:34:7: warning: "CONFIG_HZ" is not defined
include/linux/jiffies.h:36:7: warning: "CONFIG_HZ" is not defined
include/linux/jiffies.h:39:3: error: #error Invalid value of HZ.
include/linux/jiffies.h:257:31: warning: "CONFIG_HZ" is not defined
include/linux/jiffies.h:257:31: warning: "CONFIG_HZ" is not defined
include/linux/jiffies.h:257:31: error: division by zero in #if
include/linux/jiffies.h:257:31: warning: "CONFIG_HZ" is not defined
include/linux/jiffies.h:257:31: warning: "CONFIG_HZ" is not defined
include/linux/jiffies.h:257:31: error: division by zero in #if
include/linux/jiffies.h:257:31: warning: "CONFIG_HZ" is not defined
include/linux/jiffies.h:257:31: warning: "CONFIG_HZ" is not defined
include/linux/jiffies.h:257:31: error: division by zero in #if
include/linux/jiffies.h:257:31: warning: "CONFIG_HZ" is not defined
include/linux/jiffies.h:257:31: warning: "CONFIG_HZ" is not defined
include/linux/jiffies.h:257:31: error: division by zero in #if
include/linux/jiffies.h:257:31: warning: "CONFIG_HZ" is not defined
include/linux/jiffies.h:257:31: warning: "CONFIG_HZ" is not defined
include/linux/jiffies.h:257:31: error: division by zero in #if
include/linux/jiffies.h:257:31: warning: "CONFIG_HZ" is not defined
include/linux/jiffies.h:257:31: warning: "CONFIG_HZ" is not defined
include/linux/jiffies.h:257:31: error: division by zero in #if
include/linux/jiffies.h:257:31: warning: "CONFIG_HZ" is not defined
include/linux/jiffies.h:257:31: warning: "CONFIG_HZ" is not defined
include/linux/jiffies.h:257:31: error: division by zero in #if
include/linux/jiffies.h:257:31: warning: "CONFIG_HZ" is not defined
include/linux/jiffies.h:257:31: warning: "CONFIG_HZ" is not defined
include/linux/jiffies.h:257:31: error: division by zero in #if
include/linux/jiffies.h:257:31: warning: "CONFIG_HZ" is not defined
include/linux/jiffies.h:257:31: warning: "CONFIG_HZ" is not defined
include/linux/jiffies.h:257:31: error: division by zero in #if
include/linux/jiffies.h:257:31: warning: "CONFIG_HZ" is not defined
include/linux/jiffies.h:257:31: warning: "CONFIG_HZ" is not defined
include/linux/jiffies.h:257:31: error: division by zero in #if
include/linux/jiffies.h:257:31: warning: "CONFIG_HZ" is not defined
include/linux/jiffies.h:257:31: warning: "CONFIG_HZ" is not defined
include/linux/jiffies.h:257:31: error: division by zero in #if
include/linux/jiffies.h:257:31: warning: "CONFIG_HZ" is not defined
include/linux/jiffies.h:257:31: warning: "CONFIG_HZ" is not defined
include/linux/jiffies.h:257:31: error: division by zero in #if
include/linux/jiffies.h:257:31: warning: "CONFIG_HZ" is not defined
include/linux/jiffies.h:257:31: warning: "CONFIG_HZ" is not defined
include/linux/jiffies.h:257:31: error: division by zero in #if
include/linux/jiffies.h:257:31: warning: "CONFIG_HZ" is not defined
include/linux/jiffies.h:257:31: warning: "CONFIG_HZ" is not defined
include/linux/jiffies.h:257:31: error: division by zero in #if
include/linux/jiffies.h:257:31: warning: "CONFIG_HZ" is not defined
include/linux/jiffies.h:257:31: warning: "CONFIG_HZ" is not defined
include/linux/jiffies.h:257:31: error: division by zero in #if
include/linux/jiffies.h:257:31: warning: "CONFIG_HZ" is not defined
include/linux/jiffies.h:257:31: warning: "CONFIG_HZ" is not defined
include/linux/jiffies.h:257:31: error: division by zero in #if
include/linux/jiffies.h:257:46: warning: "SHIFT_HZ" is not defined
In file included from /tmp/vbox.0/linux/SUPDrv-linux.c:37:
/tmp/vbox.0/linux/../SUPDrvInternal.h:189:5: warning: "LINUX_VERSION_CODE" is not defined
/tmp/vbox.0/linux/../SUPDrvInternal.h:189:26: warning: "KERNEL_VERSION" is not defined
/tmp/vbox.0/linux/../SUPDrvInternal.h:189:40: error: missing binary operator before token "("
In file included from /tmp/vbox.0/linux/SUPDrv-linux.c:38:
/tmp/vbox.0/r0drv/linux/the-linux-kernel.h:45:5: warning: "LINUX_VERSION_CODE" is not defined
/tmp/vbox.0/r0drv/linux/the-linux-kernel.h:45:26: warning: "KERNEL_VERSION" is not defined
/tmp/vbox.0/r0drv/linux/the-linux-kernel.h:45:40: error: missing binary operator before token "("
/tmp/vbox.0/r0drv/linux/the-linux-kernel.h:48:5: warning: "LINUX_VERSION_CODE" is not defined
/tmp/vbox.0/r0drv/linux/the-linux-kernel.h:48:27: warning: "KERNEL_VERSION" is not defined
/tmp/vbox.0/r0drv/linux/the-linux-kernel.h:48:41: error: missing binary operator before token "("
/tmp/vbox.0/r0drv/linux/the-linux-kernel.h:68:5: warning: "LINUX_VERSION_CODE" is not defined
/tmp/vbox.0/r0drv/linux/the-linux-kernel.h:68:27: warning: "KERNEL_VERSION" is not defined
/tmp/vbox.0/r0drv/linux/the-linux-kernel.h:68:41: error: missing binary operator before token "("
In file included from include/linux/elf.h:7,
                 from include/linux/module.h:14,
                 from /tmp/vbox.0/r0drv/linux/the-linux-kernel.h:73,
                 from /tmp/vbox.0/linux/SUPDrv-linux.c:38:
/home/kernel/src/linux-2.6.29/arch/x86/include/asm/elf.h: In function &#8216;start_ia32_thread&#8217;:
/home/kernel/src/linux-2.6.29/arch/x86/include/asm/elf.h:154: error: implicit declaration of function &#8216;load_gs_index&#8217;
In file included from include/linux/tracepoint.h:18,
                 from include/linux/module.h:19,
                 from /tmp/vbox.0/r0drv/linux/the-linux-kernel.h:73,
                 from /tmp/vbox.0/linux/SUPDrv-linux.c:38:
include/linux/rcupdate.h:65:2: error: #error "Unknown RCU implementation specified to kernel configuration"
In file included from include/linux/module.h:19,
                 from /tmp/vbox.0/r0drv/linux/the-linux-kernel.h:73,
                 from /tmp/vbox.0/linux/SUPDrv-linux.c:38:
include/linux/tracepoint.h: In function &#8216;tracepoint_synchronize_unregister&#8217;:
include/linux/tracepoint.h:153: error: implicit declaration of function &#8216;__synchronize_sched&#8217;
In file included from include/linux/module.h:20,
                 from /tmp/vbox.0/r0drv/linux/the-linux-kernel.h:73,
                 from /tmp/vbox.0/linux/SUPDrv-linux.c:38:
/home/kernel/src/linux-2.6.29/arch/x86/include/asm/local.h: At top level:
/home/kernel/src/linux-2.6.29/arch/x86/include/asm/local.h:11: error: expected specifier-qualifier-list before &#8216;atomic_long_t&#8217;
/home/kernel/src/linux-2.6.29/arch/x86/include/asm/local.h: In function &#8216;local_inc&#8217;:
/home/kernel/src/linux-2.6.29/arch/x86/include/asm/local.h:22: error: &#8216;local_t&#8217; has no member named &#8216;a&#8217;
/home/kernel/src/linux-2.6.29/arch/x86/include/asm/local.h:21: error: invalid lvalue in asm output 0
/home/kernel/src/linux-2.6.29/arch/x86/include/asm/local.h:21: error: memory input 1 is not directly addressable
/home/kernel/src/linux-2.6.29/arch/x86/include/asm/local.h: In function &#8216;local_dec&#8217;:
/home/kernel/src/linux-2.6.29/arch/x86/include/asm/local.h:28: error: &#8216;local_t&#8217; has no member named &#8216;a&#8217;
/home/kernel/src/linux-2.6.29/arch/x86/include/asm/local.h:27: error: invalid lvalue in asm output 0
/home/kernel/src/linux-2.6.29/arch/x86/include/asm/local.h:27: error: memory input 1 is not directly addressable
/home/kernel/src/linux-2.6.29/arch/x86/include/asm/local.h: In function &#8216;local_add&#8217;:
/home/kernel/src/linux-2.6.29/arch/x86/include/asm/local.h:34: error: &#8216;local_t&#8217; has no member named &#8216;a&#8217;
/home/kernel/src/linux-2.6.29/arch/x86/include/asm/local.h:33: error: invalid lvalue in asm output 0
/home/kernel/src/linux-2.6.29/arch/x86/include/asm/local.h:33: error: memory input 2 is not directly addressable
/home/kernel/src/linux-2.6.29/arch/x86/include/asm/local.h: In function &#8216;local_sub&#8217;:
/home/kernel/src/linux-2.6.29/arch/x86/include/asm/local.h:41: error: &#8216;local_t&#8217; has no member named &#8216;a&#8217;
/home/kernel/src/linux-2.6.29/arch/x86/include/asm/local.h:40: error: invalid lvalue in asm output 0
/home/kernel/src/linux-2.6.29/arch/x86/include/asm/local.h:40: error: memory input 2 is not directly addressable
/home/kernel/src/linux-2.6.29/arch/x86/include/asm/local.h: In function &#8216;local_sub_and_test&#8217;:
/home/kernel/src/linux-2.6.29/arch/x86/include/asm/local.h:59: error: &#8216;local_t&#8217; has no member named &#8216;a&#8217;
/home/kernel/src/linux-2.6.29/arch/x86/include/asm/local.h:58: error: invalid lvalue in asm output 0
/home/kernel/src/linux-2.6.29/arch/x86/include/asm/local.h:58: error: memory input 3 is not directly addressable
/home/kernel/src/linux-2.6.29/arch/x86/include/asm/local.h: In function &#8216;local_dec_and_test&#8217;:
/home/kernel/src/linux-2.6.29/arch/x86/include/asm/local.h:77: error: &#8216;local_t&#8217; has no member named &#8216;a&#8217;
/home/kernel/src/linux-2.6.29/arch/x86/include/asm/local.h:76: error: invalid lvalue in asm output 0
/home/kernel/src/linux-2.6.29/arch/x86/include/asm/local.h:76: error: memory input 2 is not directly addressable
/home/kernel/src/linux-2.6.29/arch/x86/include/asm/local.h: In function &#8216;local_inc_and_test&#8217;:
/home/kernel/src/linux-2.6.29/arch/x86/include/asm/local.h:95: error: &#8216;local_t&#8217; has no member named &#8216;a&#8217;
/home/kernel/src/linux-2.6.29/arch/x86/include/asm/local.h:94: error: invalid lvalue in asm output 0
/home/kernel/src/linux-2.6.29/arch/x86/include/asm/local.h:94: error: memory input 2 is not directly addressable
/home/kernel/src/linux-2.6.29/arch/x86/include/asm/local.h: In function &#8216;local_add_negative&#8217;:
/home/kernel/src/linux-2.6.29/arch/x86/include/asm/local.h:114: error: &#8216;local_t&#8217; has no member named &#8216;a&#8217;
/home/kernel/src/linux-2.6.29/arch/x86/include/asm/local.h:113: error: invalid lvalue in asm output 0
/home/kernel/src/linux-2.6.29/arch/x86/include/asm/local.h:113: error: memory input 3 is not directly addressable
/home/kernel/src/linux-2.6.29/arch/x86/include/asm/local.h: In function &#8216;local_add_return&#8217;:
/home/kernel/src/linux-2.6.29/arch/x86/include/asm/local.h:137: error: &#8216;local_t&#8217; has no member named &#8216;a&#8217;
/home/kernel/src/linux-2.6.29/arch/x86/include/asm/local.h:136: error: invalid lvalue in asm output 1
/home/kernel/src/linux-2.6.29/arch/x86/include/asm/local.h:136: error: memory input 3 is not directly addressable
In file included from include/linux/module.h:22,
                 from /tmp/vbox.0/r0drv/linux/the-linux-kernel.h:73,
                 from /tmp/vbox.0/linux/SUPDrv-linux.c:38:
/home/kernel/src/linux-2.6.29/arch/x86/include/asm/module.h:68:2: error: #error unknown processor family
In file included from /tmp/vbox.0/linux/SUPDrv-linux.c:38:
/tmp/vbox.0/r0drv/linux/the-linux-kernel.h:74:5: warning: "LINUX_VERSION_CODE" is not defined
/tmp/vbox.0/r0drv/linux/the-linux-kernel.h:74:27: warning: "KERNEL_VERSION" is not defined
/tmp/vbox.0/r0drv/linux/the-linux-kernel.h:74:41: error: missing binary operator before token "("
In file included from /tmp/vbox.0/r0drv/linux/the-linux-kernel.h:79,
                 from /tmp/vbox.0/linux/SUPDrv-linux.c:38:
include/linux/fs.h: At top level:
include/linux/fs.h:851: error: expected specifier-qualifier-list before &#8216;atomic_long_t&#8217;
In file included from /tmp/vbox.0/r0drv/linux/the-linux-kernel.h:79,
                 from /tmp/vbox.0/linux/SUPDrv-linux.c:38:
include/linux/fs.h: In function &#8216;file_accessed&#8217;:
include/linux/fs.h:1559: error: &#8216;struct file&#8217; has no member named &#8216;f_flags&#8217;
include/linux/fs.h: In function &#8216;simple_transaction_set&#8217;:
include/linux/fs.h:2176: error: &#8216;struct file&#8217; has no member named &#8216;private_data&#8217;
In file included from include/linux/mm.h:15,
                 from /tmp/vbox.0/r0drv/linux/the-linux-kernel.h:80,
                 from /tmp/vbox.0/linux/SUPDrv-linux.c:38:
include/linux/mm_types.h:26:5: warning: "CONFIG_SPLIT_PTLOCK_CPUS" is not defined
In file included from include/linux/mm.h:15,
                 from /tmp/vbox.0/r0drv/linux/the-linux-kernel.h:80,
                 from /tmp/vbox.0/linux/SUPDrv-linux.c:38:
include/linux/mm_types.h: At top level:
include/linux/mm_types.h:27: error: expected &#8216;=&#8217;, &#8216;,&#8217;, &#8216;;&#8217;, &#8216;asm&#8217; or &#8216;__attribute__&#8217; before &#8216;mm_counter_t&#8217;
include/linux/mm_types.h:70:5: warning: "CONFIG_SPLIT_PTLOCK_CPUS" is not defined
include/linux/mm_types.h:217: error: expected specifier-qualifier-list before &#8216;mm_counter_t&#8217;
In file included from /home/kernel/src/linux-2.6.29/arch/x86/include/asm/pgtable.h:451,
                 from include/linux/mm.h:40,
                 from /tmp/vbox.0/r0drv/linux/the-linux-kernel.h:80,
                 from /tmp/vbox.0/linux/SUPDrv-linux.c:38:
/home/kernel/src/linux-2.6.29/arch/x86/include/asm/pgtable_64.h:40:1: warning: "PUD_SHIFT" redefined
In file included from include/asm-generic/pgtable-nopmd.h:6,
                 from /home/kernel/src/linux-2.6.29/arch/x86/include/asm/page.h:131,
                 from /home/kernel/src/linux-2.6.29/arch/x86/include/asm/thread_info.h:11,
                 from include/linux/thread_info.h:55,
                 from include/linux/preempt.h:9,
                 from include/linux/spinlock.h:50,
                 from /tmp/vbox.0/linux/../SUPDrvInternal.h:100,
                 from /tmp/vbox.0/linux/SUPDrv-linux.c:37:
include/asm-generic/pgtable-nopud.h:15:1: warning: this is the location of the previous definition
In file included from /home/kernel/src/linux-2.6.29/arch/x86/include/asm/pgtable.h:451,
                 from include/linux/mm.h:40,
                 from /tmp/vbox.0/r0drv/linux/the-linux-kernel.h:80,
                 from /tmp/vbox.0/linux/SUPDrv-linux.c:38:
/home/kernel/src/linux-2.6.29/arch/x86/include/asm/pgtable_64.h:41:1: warning: "PTRS_PER_PUD" redefined
In file included from include/asm-generic/pgtable-nopmd.h:6,
                 from /home/kernel/src/linux-2.6.29/arch/x86/include/asm/page.h:131,
                 from /home/kernel/src/linux-2.6.29/arch/x86/include/asm/thread_info.h:11,
                 from include/linux/thread_info.h:55,
                 from include/linux/preempt.h:9,
                 from include/linux/spinlock.h:50,
                 from /tmp/vbox.0/linux/../SUPDrvInternal.h:100,
                 from /tmp/vbox.0/linux/SUPDrv-linux.c:37:
include/asm-generic/pgtable-nopud.h:16:1: warning: this is the location of the previous definition
In file included from /home/kernel/src/linux-2.6.29/arch/x86/include/asm/pgtable.h:451,
                 from include/linux/mm.h:40,
                 from /tmp/vbox.0/r0drv/linux/the-linux-kernel.h:80,
                 from /tmp/vbox.0/linux/SUPDrv-linux.c:38:
/home/kernel/src/linux-2.6.29/arch/x86/include/asm/pgtable_64.h:47:1: warning: "PMD_SHIFT" redefined
In file included from /home/kernel/src/linux-2.6.29/arch/x86/include/asm/page.h:131,
                 from /home/kernel/src/linux-2.6.29/arch/x86/include/asm/thread_info.h:11,
                 from include/linux/thread_info.h:55,
                 from include/linux/preempt.h:9,
                 from include/linux/spinlock.h:50,
                 from /tmp/vbox.0/linux/../SUPDrvInternal.h:100,
                 from /tmp/vbox.0/linux/SUPDrv-linux.c:37:
include/asm-generic/pgtable-nopmd.h:19:1: warning: this is the location of the previous definition
In file included from /home/kernel/src/linux-2.6.29/arch/x86/include/asm/pgtable.h:451,
                 from include/linux/mm.h:40,
                 from /tmp/vbox.0/r0drv/linux/the-linux-kernel.h:80,
                 from /tmp/vbox.0/linux/SUPDrv-linux.c:38:
/home/kernel/src/linux-2.6.29/arch/x86/include/asm/pgtable_64.h:48:1: warning: "PTRS_PER_PMD" redefined
In file included from /home/kernel/src/linux-2.6.29/arch/x86/include/asm/page.h:131,
                 from /home/kernel/src/linux-2.6.29/arch/x86/include/asm/thread_info.h:11,
                 from include/linux/thread_info.h:55,
                 from include/linux/preempt.h:9,
                 from include/linux/spinlock.h:50,
                 from /tmp/vbox.0/linux/../SUPDrvInternal.h:100,
                 from /tmp/vbox.0/linux/SUPDrv-linux.c:37:
include/asm-generic/pgtable-nopmd.h:20:1: warning: this is the location of the previous definition
In file included from /home/kernel/src/linux-2.6.29/arch/x86/include/asm/pgtable.h:451,
                 from include/linux/mm.h:40,
                 from /tmp/vbox.0/r0drv/linux/the-linux-kernel.h:80,
                 from /tmp/vbox.0/linux/SUPDrv-linux.c:38:
/home/kernel/src/linux-2.6.29/arch/x86/include/asm/pgtable_64.h:60:1: warning: "pmd_ERROR" redefined
In file included from /home/kernel/src/linux-2.6.29/arch/x86/include/asm/page.h:131,
                 from /home/kernel/src/linux-2.6.29/arch/x86/include/asm/thread_info.h:11,
                 from include/linux/thread_info.h:55,
                 from include/linux/preempt.h:9,
                 from include/linux/spinlock.h:50,
                 from /tmp/vbox.0/linux/../SUPDrvInternal.h:100,
                 from /tmp/vbox.0/linux/SUPDrv-linux.c:37:
include/asm-generic/pgtable-nopmd.h:33:1: warning: this is the location of the previous definition
In file included from /home/kernel/src/linux-2.6.29/arch/x86/include/asm/pgtable.h:451,
                 from include/linux/mm.h:40,
                 from /tmp/vbox.0/r0drv/linux/the-linux-kernel.h:80,
                 from /tmp/vbox.0/linux/SUPDrv-linux.c:38:
/home/kernel/src/linux-2.6.29/arch/x86/include/asm/pgtable_64.h:63:1: warning: "pud_ERROR" redefined
In file included from include/asm-generic/pgtable-nopmd.h:6,
                 from /home/kernel/src/linux-2.6.29/arch/x86/include/asm/page.h:131,
                 from /home/kernel/src/linux-2.6.29/arch/x86/include/asm/thread_info.h:11,
                 from include/linux/thread_info.h:55,
                 from include/linux/preempt.h:9,
                 from include/linux/spinlock.h:50,
                 from /tmp/vbox.0/linux/../SUPDrvInternal.h:100,
                 from /tmp/vbox.0/linux/SUPDrv-linux.c:37:
include/asm-generic/pgtable-nopud.h:29:1: warning: this is the location of the previous definition
In file included from /home/kernel/src/linux-2.6.29/arch/x86/include/asm/pgtable.h:451,
                 from include/linux/mm.h:40,
                 from /tmp/vbox.0/r0drv/linux/the-linux-kernel.h:80,
                 from /tmp/vbox.0/linux/SUPDrv-linux.c:38:
/home/kernel/src/linux-2.6.29/arch/x86/include/asm/pgtable_64.h: In function &#8216;native_pmd_clear&#8217;:
/home/kernel/src/linux-2.6.29/arch/x86/include/asm/pgtable_64.h:114: error: implicit declaration of function &#8216;native_make_pmd&#8217;
/home/kernel/src/linux-2.6.29/arch/x86/include/asm/pgtable_64.h:114: error: incompatible type for argument 2 of &#8216;native_set_pmd&#8217;
/home/kernel/src/linux-2.6.29/arch/x86/include/asm/pgtable_64.h: In function &#8216;native_pud_clear&#8217;:
/home/kernel/src/linux-2.6.29/arch/x86/include/asm/pgtable_64.h:124: error: implicit declaration of function &#8216;native_make_pud&#8217;
/home/kernel/src/linux-2.6.29/arch/x86/include/asm/pgtable_64.h:124: error: incompatible type for argument 2 of &#8216;native_set_pud&#8217;
In file included from /home/kernel/src/linux-2.6.29/arch/x86/include/asm/pgtable.h:451,
                 from include/linux/mm.h:40,
                 from /tmp/vbox.0/r0drv/linux/the-linux-kernel.h:80,
                 from /tmp/vbox.0/linux/SUPDrv-linux.c:38:
/home/kernel/src/linux-2.6.29/arch/x86/include/asm/pgtable_64.h:141:1: warning: "PMD_SIZE" redefined
In file included from /home/kernel/src/linux-2.6.29/arch/x86/include/asm/page.h:131,
                 from /home/kernel/src/linux-2.6.29/arch/x86/include/asm/thread_info.h:11,
                 from include/linux/thread_info.h:55,
                 from include/linux/preempt.h:9,
                 from include/linux/spinlock.h:50,
                 from /tmp/vbox.0/linux/../SUPDrvInternal.h:100,
                 from /tmp/vbox.0/linux/SUPDrv-linux.c:37:
include/asm-generic/pgtable-nopmd.h:21:1: warning: this is the location of the previous definition
In file included from /home/kernel/src/linux-2.6.29/arch/x86/include/asm/pgtable.h:451,
                 from include/linux/mm.h:40,
                 from /tmp/vbox.0/r0drv/linux/the-linux-kernel.h:80,
                 from /tmp/vbox.0/linux/SUPDrv-linux.c:38:
/home/kernel/src/linux-2.6.29/arch/x86/include/asm/pgtable_64.h:142:1: warning: "PMD_MASK" redefined
In file included from /home/kernel/src/linux-2.6.29/arch/x86/include/asm/page.h:131,
                 from /home/kernel/src/linux-2.6.29/arch/x86/include/asm/thread_info.h:11,
                 from include/linux/thread_info.h:55,
                 from include/linux/preempt.h:9,
                 from include/linux/spinlock.h:50,
                 from /tmp/vbox.0/linux/../SUPDrvInternal.h:100,
                 from /tmp/vbox.0/linux/SUPDrv-linux.c:37:
include/asm-generic/pgtable-nopmd.h:22:1: warning: this is the location of the previous definition
In file included from /home/kernel/src/linux-2.6.29/arch/x86/include/asm/pgtable.h:451,
                 from include/linux/mm.h:40,
                 from /tmp/vbox.0/r0drv/linux/the-linux-kernel.h:80,
                 from /tmp/vbox.0/linux/SUPDrv-linux.c:38:
/home/kernel/src/linux-2.6.29/arch/x86/include/asm/pgtable_64.h:143:1: warning: "PUD_SIZE" redefined
In file included from include/asm-generic/pgtable-nopmd.h:6,
                 from /home/kernel/src/linux-2.6.29/arch/x86/include/asm/page.h:131,
                 from /home/kernel/src/linux-2.6.29/arch/x86/include/asm/thread_info.h:11,
                 from include/linux/thread_info.h:55,
                 from include/linux/preempt.h:9,
                 from include/linux/spinlock.h:50,
                 from /tmp/vbox.0/linux/../SUPDrvInternal.h:100,
                 from /tmp/vbox.0/linux/SUPDrv-linux.c:37:
include/asm-generic/pgtable-nopud.h:17:1: warning: this is the location of the previous definition
In file included from /home/kernel/src/linux-2.6.29/arch/x86/include/asm/pgtable.h:451,
                 from include/linux/mm.h:40,
                 from /tmp/vbox.0/r0drv/linux/the-linux-kernel.h:80,
                 from /tmp/vbox.0/linux/SUPDrv-linux.c:38:
/home/kernel/src/linux-2.6.29/arch/x86/include/asm/pgtable_64.h:144:1: warning: "PUD_MASK" redefined
In file included from include/asm-generic/pgtable-nopmd.h:6,
                 from /home/kernel/src/linux-2.6.29/arch/x86/include/asm/page.h:131,
                 from /home/kernel/src/linux-2.6.29/arch/x86/include/asm/thread_info.h:11,
                 from include/linux/thread_info.h:55,
                 from include/linux/preempt.h:9,
                 from include/linux/spinlock.h:50,
                 from /tmp/vbox.0/linux/../SUPDrvInternal.h:100,
                 from /tmp/vbox.0/linux/SUPDrv-linux.c:37:
include/asm-generic/pgtable-nopud.h:18:1: warning: this is the location of the previous definition
/home/kernel/src/linux-2.6.29/arch/x86/include/asm/pgtable_64.h: At top level:
/home/kernel/src/linux-2.6.29/arch/x86/include/asm/pgtable_64.h:159: error: redefinition of &#8216;pgd_bad&#8217;
include/asm-generic/pgtable-nopud.h:26: error: previous definition of &#8216;pgd_bad&#8217; was here
/home/kernel/src/linux-2.6.29/arch/x86/include/asm/pgtable_64.h:164: error: redefinition of &#8216;pud_bad&#8217;
include/asm-generic/pgtable-nopmd.h:30: error: previous definition of &#8216;pud_bad&#8217; was here
