---
title: "Mygica X8507"
date: 2011-06-11
forum: Hardware
---

### Post by Fistandantilus on 2011-06-11
Hola!!!, Justo estaba leyendo el HOW-TO para TDA y me acorde de mi placa. Hace un tiempito me compre un Mygica X8507 que funciona perfectamente en win pero me estoy volviendo loco para hacerla funcionar en linux. 
Hasta el momento lo que hice fue esto: 

[LIST]
[*]me descarge los fuentes de linuxtv, compile e instale
[*]cree el archivo /etc/modprobe.d/cx23885.conf con la línea "options cx23885 card=22". El listado de opciones se puede ver [http://linuxtv.org/wiki/index.php/Geniatech/MyGica_X8507_PCI-Express_Hybrid_Card](http://linuxtv.org/wiki/index.php/Geniatech/MyGica_X8507_PCI-Express_Hybrid_Card)
[*]y me baje el firmware "dvb-fe-xc5000-1.6.114.fw" desde [http://www.linuxtv.org/downloads/firmware/](http://www.linuxtv.org/downloads/firmware/)
[/LIST]
Mi idea es 1ero configurar tv analogica, pero ni eso pude conseguir. En tvtime se ve bien pero no se escucha y en mythtv se ve re mal, no se escucha y si cambio de canal o salgo se pincha el mythfrontend :(

Por el tema de tvtime ya me debo haber hecho como 3 how-to para arreglar el tema del audio que no parece muy raro que digamos. 
Y por el tema del mythtv en un principio al problema lo apunte como si estuviera tomando mal la norma PAL-N hasta que comprobe en las configuraciones que se guardan en mysql que efectivamente estaba tomando la norma PAL-N.

Ya no se para donde disparar...

No se si es problema de hardware, de software o de los dos....

denmen una mano por favor.

PD: Nunca está de mas:

lsmod
```
Module                  Size  Used by
usb_storage            50377  0 
lgs8gxx                12573  1 
binfmt_misc             7960  1 
ppdev                   6375  0 
nfsd                  304374  11 
lockd                  75079  1 nfsd
nfs_acl                 2709  1 nfsd
auth_rpcgss            44452  1 nfsd
sunrpc                228003  10 nfsd,lockd,nfs_acl,auth_rpcgss
exportfs                4202  1 nfsd
joydev                 11104  0 
xc5000                 13475  2 
tuner                  20525  1 
snd_hda_codec_atihdmi     3023  1 
snd_hda_codec_analog    78702  1 
ir_lirc_codec           4802  0 
lirc_dev               14330  1 ir_lirc_codec
ir_sony_decoder         2261  0 
ir_jvc_decoder          2386  0 
ir_rc6_decoder          2834  0 
ir_rc5_decoder          2290  0 
ir_nec_decoder          2706  0 
cx25840                43932  1 
cx23885               142313  0 
rc_core                19732  7 ir_lirc_codec,ir_sony_decoder,ir_jvc_decoder,ir_rc6_decoder,ir_rc5_decoder,ir_nec_decoder,cx23885
snd_hda_intel          25805  4 
snd_hda_codec          85759  3 snd_hda_codec_atihdmi,snd_hda_codec_analog,snd_hda_intel
snd_hwdep               6924  1 snd_hda_codec
snd_pcm_oss            41394  0 
snd_mixer_oss          16299  1 snd_pcm_oss
snd_pcm                87946  4 snd_hda_intel,snd_hda_codec,snd_pcm_oss
snd_seq_dummy           1782  0 
snd_seq_oss            31191  0 
snd_seq_midi            5829  0 
snd_rawmidi            23420  1 snd_seq_midi
cx2341x                20093  1 cx23885
videobuf_dma_sg         9941  1 cx23885
videobuf_dvb            6180  1 cx23885
snd_seq_midi_event      7267  2 snd_seq_oss,snd_seq_midi
dvb_core              102292  2 cx23885,videobuf_dvb
videobuf_core          20300  3 cx23885,videobuf_dma_sg,videobuf_dvb
fbcon                  39270  71 
snd_seq                57481  6 snd_seq_dummy,snd_seq_oss,snd_seq_midi,snd_seq_midi_event
tileblit                2487  1 fbcon
v4l2_common            11302  4 tuner,cx25840,cx23885,cx2341x
font                    8053  1 fbcon
videodev               85001  5 tuner,cx25840,cx23885,cx2341x,v4l2_common
snd_timer              23649  2 snd_pcm,snd_seq
snd_seq_device          6888  5 snd_seq_dummy,snd_seq_oss,snd_seq_midi,snd_rawmidi,snd_seq
media                  13792  1 videodev
asus_atk0110           10033  0 
hwmon_vid               3130  0 
snd                    71283  19 snd_hda_codec_analog,snd_hda_intel,snd_hda_codec,snd_hwdep,snd_pcm_oss,snd_mixer_oss,snd_pcm,snd_seq_oss,snd_rawmidi,snd_seq,snd_timer,snd_seq_device
bitblit                 5811  1 fbcon
softcursor              1565  1 bitblit
fglrx                2776051  242 
vga16fb                12757  1 
psmouse                64576  0 
vgastate                9857  1 vga16fb
serio_raw               4918  0 
i2c_piix4               9639  0 
soundcore               8052  1 snd
snd_page_alloc          8500  2 snd_hda_intel,snd_pcm
v4l2_compat_ioctl32     8551  1 videodev
btcx_risc               4224  1 cx23885
tveeprom               14074  1 cx23885
edac_core              45423  0 
lp                      9336  0 
edac_mce_amd            9278  0 
parport                37160  2 ppdev,lp
usbhid                 41116  0 
hid                    83600  1 usbhid
ohci1394               30260  0 
ieee1394               94771  1 ohci1394
pata_atiixp             4209  0 
r8169                  39714  0 
ahci                   38030  6 
mii                     5237  1 r8169

```dmesg:
```
[    0.000000] Initializing cgroup subsys cpuset
[    0.000000] Initializing cgroup subsys cpu
[    0.000000] Linux version 2.6.32-32-generic (buildd@allspice) (gcc version 4.4.3 (Ubuntu 4.4.3-4ubuntu5) ) #62-Ubuntu SMP Wed Apr 20 21:52:38 UTC 2011 (Ubuntu 2.6.32-32.62-generic 2.6.32.38+drm33.16)
[    0.000000] Command line: BOOT_IMAGE=/boot/vmlinuz-2.6.32-32-generic root=UUID=7efe8783-fc3b-4103-abe6-be6e6f80ade9 ro crashkernel=384M-2G:64M,2G-:128M quiet splash
[    0.000000] KERNEL supported cpus:
[    0.000000]   Intel GenuineIntel
[    0.000000]   AMD AuthenticAMD
[    0.000000]   Centaur CentaurHauls
[    0.000000] BIOS-provided physical RAM map:
[    0.000000]  BIOS-e820: 0000000000000000 - 000000000009fc00 (usable)
[    0.000000]  BIOS-e820: 000000000009fc00 - 00000000000a0000 (reserved)
[    0.000000]  BIOS-e820: 00000000000e6000 - 0000000000100000 (reserved)
[    0.000000]  BIOS-e820: 0000000000100000 - 00000000c7f90000 (usable)
[    0.000000]  BIOS-e820: 00000000c7f90000 - 00000000c7fa8000 (ACPI data)
[    0.000000]  BIOS-e820: 00000000c7fa8000 - 00000000c7fd0000 (ACPI NVS)
[    0.000000]  BIOS-e820: 00000000c7fd0000 - 00000000c8000000 (reserved)
[    0.000000]  BIOS-e820: 00000000ffe00000 - 0000000100000000 (reserved)
[    0.000000]  BIOS-e820: 0000000100000000 - 0000000238000000 (usable)
[    0.000000] DMI present.
[    0.000000] AMI BIOS detected: BIOS may corrupt low RAM, working around it.
[    0.000000] e820 update range: 0000000000000000 - 0000000000010000 (usable) ==> (reserved)
[    0.000000] last_pfn = 0x238000 max_arch_pfn = 0x400000000
[    0.000000] MTRR default type: uncachable
[    0.000000] MTRR fixed ranges enabled:
[    0.000000]   00000-9FFFF write-back
[    0.000000]   A0000-EFFFF uncachable
[    0.000000]   F0000-FFFFF write-protect
[    0.000000] MTRR variable ranges enabled:
[    0.000000]   0 base 000000000000 mask FFFF80000000 write-back
[    0.000000]   1 base 000080000000 mask FFFFC0000000 write-back
[    0.000000]   2 base 0000C0000000 mask FFFFF8000000 write-back
[    0.000000]   3 disabled
[    0.000000]   4 disabled
[    0.000000]   5 disabled
[    0.000000]   6 disabled
[    0.000000]   7 disabled
[    0.000000] TOM2: 0000000238000000 aka 9088M
[    0.000000] x86 PAT enabled: cpu 0, old 0x7040600070406, new 0x7010600070106
[    0.000000] e820 update range: 00000000c8000000 - 0000000100000000 (usable) ==> (reserved)
[    0.000000] last_pfn = 0xc7f90 max_arch_pfn = 0x400000000
[    0.000000] Scanning 0 areas for low memory corruption
[    0.000000] modified physical RAM map:
[    0.000000]  modified: 0000000000000000 - 0000000000010000 (reserved)
[    0.000000]  modified: 0000000000010000 - 000000000009fc00 (usable)
[    0.000000]  modified: 000000000009fc00 - 00000000000a0000 (reserved)
[    0.000000]  modified: 00000000000e6000 - 0000000000100000 (reserved)
[    0.000000]  modified: 0000000000100000 - 00000000c7f90000 (usable)
[    0.000000]  modified: 00000000c7f90000 - 00000000c7fa8000 (ACPI data)
[    0.000000]  modified: 00000000c7fa8000 - 00000000c7fd0000 (ACPI NVS)
[    0.000000]  modified: 00000000c7fd0000 - 00000000c8000000 (reserved)
[    0.000000]  modified: 00000000ffe00000 - 0000000100000000 (reserved)
[    0.000000]  modified: 0000000100000000 - 0000000238000000 (usable)
[    0.000000] initial memory mapped : 0 - 20000000
[    0.000000] Using GB pages for direct mapping
[    0.000000] init_memory_mapping: 0000000000000000-00000000c7f90000
[    0.000000] NX (Execute Disable) protection: active
[    0.000000]  0000000000 - 00c0000000 page 1G
[    0.000000]  00c0000000 - 00c7e00000 page 2M
[    0.000000]  00c7e00000 - 00c7f90000 page 4k
[    0.000000] kernel direct mapping tables up to c7f90000 @ 10000-13000
[    0.000000] init_memory_mapping: 0000000100000000-0000000238000000
[    0.000000] NX (Execute Disable) protection: active
[    0.000000]  0100000000 - 0200000000 page 1G
[    0.000000]  0200000000 - 0238000000 page 2M
[    0.000000] kernel direct mapping tables up to 238000000 @ 12000-14000
[    0.000000] RAMDISK: 3779c000 - 37fef7b4
[    0.000000] ACPI: RSDP 00000000000fbd80 00014 (v00 ACPIAM)
[    0.000000] ACPI: RSDT 00000000c7f90000 0003C (v01 091109 RSDT1458 20090911 MSFT 00000097)
[    0.000000] ACPI: FACP 00000000c7f90200 00084 (v01 091109 FACP1458 20090911 MSFT 00000097)
[    0.000000] ACPI Warning: Optional field Pm2ControlBlock has zero address or length: 0000000000000000/1 (20090903/tbfadt-557)
[    0.000000] ACPI: DSDT 00000000c7f90440 0F4BE (v01  A1303 A1303000 00000000 INTL 20060113)
[    0.000000] ACPI: FACS 00000000c7fa8000 00040
[    0.000000] ACPI: APIC 00000000c7f90390 0006C (v01 091109 APIC1458 20090911 MSFT 00000097)
[    0.000000] ACPI: MCFG 00000000c7f90400 0003C (v01 091109 OEMMCFG  20090911 MSFT 00000097)
[    0.000000] ACPI: OEMB 00000000c7fa8040 00072 (v01 091109 OEMB1458 20090911 MSFT 00000097)
[    0.000000] ACPI: HPET 00000000c7f9f910 00038 (v01 091109 OEMHPET  20090911 MSFT 00000097)
[    0.000000] ACPI: SSDT 00000000c7f9f950 0088C (v01 A M I  POWERNOW 00000001 AMD  00000001)
[    0.000000] ACPI: Local APIC address 0xfee00000
[    0.000000] Scanning NUMA topology in Northbridge 24
[    0.000000] No NUMA configuration found
[    0.000000] Faking a node at 0000000000000000-0000000238000000
[    0.000000] Bootmem setup node 0 0000000000000000-0000000238000000
[    0.000000]   NODE_DATA [0000000000013000 - 0000000000017fff]
[    0.000000]   bootmap [0000000000018000 -  000000000005efff] pages 47
[    0.000000] (8 early reservations) ==> bootmem [0000000000 - 0238000000]
[    0.000000]   #0 [0000000000 - 0000001000]   BIOS data page ==> [0000000000 - 0000001000]
[    0.000000]   #1 [0000006000 - 0000008000]       TRAMPOLINE ==> [0000006000 - 0000008000]
[    0.000000]   #2 [0001000000 - 0001a30a64]    TEXT DATA BSS ==> [0001000000 - 0001a30a64]
[    0.000000]   #3 [003779c000 - 0037fef7b4]          RAMDISK ==> [003779c000 - 0037fef7b4]
[    0.000000]   #4 [000009fc00 - 0000100000]    BIOS reserved ==> [000009fc00 - 0000100000]
[    0.000000]   #5 [0001a31000 - 0001a312a4]              BRK ==> [0001a31000 - 0001a312a4]
[    0.000000]   #6 [0000010000 - 0000012000]          PGTABLE ==> [0000010000 - 0000012000]
[    0.000000]   #7 [0000012000 - 0000013000]          PGTABLE ==> [0000012000 - 0000013000]
[    0.000000] found SMP MP-table at [ffff8800000ff780] ff780
[    0.000000] Reserving 128MB of memory at 32MB for crashkernel (System RAM: 9088MB)
[    0.000000]  [ffffea0000000000-ffffea0007dfffff] PMD -> [ffff880028600000-ffff88002f7fffff] on node 0
[    0.000000] Zone PFN ranges:
[    0.000000]   DMA      0x00000010 -> 0x00001000
[    0.000000]   DMA32    0x00001000 -> 0x00100000
[    0.000000]   Normal   0x00100000 -> 0x00238000
[    0.000000] Movable zone start PFN for each node
[    0.000000] early_node_map[3] active PFN ranges
[    0.000000]     0: 0x00000010 -> 0x0000009f
[    0.000000]     0: 0x00000100 -> 0x000c7f90
[    0.000000]     0: 0x00100000 -> 0x00238000
[    0.000000] On node 0 totalpages: 2096927
[    0.000000]   DMA zone: 56 pages used for memmap
[    0.000000]   DMA zone: 102 pages reserved
[    0.000000]   DMA zone: 3825 pages, LIFO batch:0
[    0.000000]   DMA32 zone: 14280 pages used for memmap
[    0.000000]   DMA32 zone: 800712 pages, LIFO batch:31
[    0.000000]   Normal zone: 17472 pages used for memmap
[    0.000000]   Normal zone: 1260480 pages, LIFO batch:31
[    0.000000] ACPI: PM-Timer IO Port: 0x808
[    0.000000] ACPI: Local APIC address 0xfee00000
[    0.000000] ACPI: LAPIC (acpi_id[0x01] lapic_id[0x00] enabled)
[    0.000000] ACPI: LAPIC (acpi_id[0x02] lapic_id[0x01] enabled)
[    0.000000] ACPI: LAPIC (acpi_id[0x03] lapic_id[0x02] enabled)
[    0.000000] ACPI: LAPIC (acpi_id[0x04] lapic_id[0x03] enabled)
[    0.000000] ACPI: IOAPIC (id[0x04] address[0xfec00000] gsi_base[0])
[    0.000000] IOAPIC[0]: apic_id 4, version 33, address 0xfec00000, GSI 0-23
[    0.000000] ACPI: INT_SRC_OVR (bus 0 bus_irq 0 global_irq 2 dfl dfl)
[    0.000000] ACPI: INT_SRC_OVR (bus 0 bus_irq 9 global_irq 9 low level)
[    0.000000] ACPI: IRQ0 used by override.
[    0.000000] ACPI: IRQ2 used by override.
[    0.000000] ACPI: IRQ9 used by override.
[    0.000000] Using ACPI (MADT) for SMP configuration information
[    0.000000] ACPI: HPET id: 0x8300 base: 0xfed00000
[    0.000000] SMP: Allowing 4 CPUs, 0 hotplug CPUs
[    0.000000] nr_irqs_gsi: 24
[    0.000000] PM: Registered nosave memory: 000000000009f000 - 00000000000a0000
[    0.000000] PM: Registered nosave memory: 00000000000a0000 - 00000000000e6000
[    0.000000] PM: Registered nosave memory: 00000000000e6000 - 0000000000100000
[    0.000000] PM: Registered nosave memory: 00000000c7f90000 - 00000000c7fa8000
[    0.000000] PM: Registered nosave memory: 00000000c7fa8000 - 00000000c7fd0000
[    0.000000] PM: Registered nosave memory: 00000000c7fd0000 - 00000000c8000000
[    0.000000] PM: Registered nosave memory: 00000000c8000000 - 00000000ffe00000
[    0.000000] PM: Registered nosave memory: 00000000ffe00000 - 0000000100000000
[    0.000000] Allocating PCI resources starting at c8000000 (gap: c8000000:37e00000)
[    0.000000] Booting paravirtualized kernel on bare hardware
[    0.000000] NR_CPUS:64 nr_cpumask_bits:64 nr_cpu_ids:4 nr_node_ids:1
[    0.000000] PERCPU: Embedded 30 pages/cpu @ffff880028200000 s91864 r8192 d22824 u524288
[    0.000000] pcpu-alloc: s91864 r8192 d22824 u524288 alloc=1*2097152
[    0.000000] pcpu-alloc: [0] 0 1 2 3 
[    0.000000] Built 1 zonelists in Zone order, mobility grouping on.  Total pages: 2065017
[    0.000000] Policy zone: Normal
[    0.000000] Kernel command line: BOOT_IMAGE=/boot/vmlinuz-2.6.32-32-generic root=UUID=7efe8783-fc3b-4103-abe6-be6e6f80ade9 ro crashkernel=384M-2G:64M,2G-:128M quiet splash
[    0.000000] PID hash table entries: 4096 (order: 3, 32768 bytes)
[    0.000000] Initializing CPU#0
[    0.000000] Checking aperture...
[    0.000000] No AGP bridge found
[    0.000000] Node 0: aperture @ 20000000 size 32 MB
[    0.000000] Aperture pointing to e820 RAM. Ignoring.
[    0.000000] Your BIOS doesn't leave a aperture memory hole
[    0.000000] Please enable the IOMMU option in the BIOS setup
[    0.000000] This costs you 64 MB of RAM
[    0.000000] Mapping aperture over 65536 KB of RAM @ 20000000
[    0.000000] PM: Registered nosave memory: 0000000020000000 - 0000000024000000
[    0.000000] Memory: 8054600k/9306112k available (5411k kernel code, 918404k absent, 333108k reserved, 2982k data, 888k init)
[    0.000000] SLUB: Genslabs=14, HWalign=64, Order=0-3, MinObjects=0, CPUs=4, Nodes=1
[    0.000000] Hierarchical RCU implementation.
[    0.000000] NR_IRQS:4352 nr_irqs:440
[    0.000000] spurious 8259A interrupt: IRQ7.
[    0.000000] Console: colour VGA+ 80x25
[    0.000000] console [tty0] enabled
[    0.000000] allocated 83886080 bytes of page_cgroup
[    0.000000] please try 'cgroup_disable=memory' option if you don't want memory cgroups
[    0.000000] hpet clockevent registered
[    0.000000] Fast TSC calibration using PIT
[    0.000000] Detected 3411.416 MHz processor.
[    0.030004] Calibrating delay loop (skipped), value calculated using timer frequency.. 6822.82 BogoMIPS (lpj=34114110)
[    0.030019] Security Framework initialized
[    0.030031] AppArmor: AppArmor initialized
[    0.030458] Dentry cache hash table entries: 1048576 (order: 11, 8388608 bytes)
[    0.032426] Inode-cache hash table entries: 524288 (order: 10, 4194304 bytes)
[    0.033306] Mount-cache hash table entries: 256
[    0.033387] Initializing cgroup subsys ns
[    0.033390] Initializing cgroup subsys cpuacct
[    0.033392] Initializing cgroup subsys memory
[    0.033397] Initializing cgroup subsys devices
[    0.033398] Initializing cgroup subsys freezer
[    0.033400] Initializing cgroup subsys net_cls
[    0.033412] CPU: L1 I Cache: 64K (64 bytes/line), D cache 64K (64 bytes/line)
[    0.033414] CPU: L2 Cache: 512K (64 bytes/line)
[    0.033416] CPU 0/0x0 -> Node 0
[    0.033418] tseg: 0000000000
[    0.033427] CPU: Physical Processor ID: 0
[    0.033428] CPU: Processor Core ID: 0
[    0.033430] mce: CPU supports 6 MCE banks
[    0.033437] Performance Events: AMD PMU driver.
[    0.033440] ... version:                0
[    0.033441] ... bit width:              48
[    0.033442] ... generic registers:      4
[    0.033444] ... value mask:             0000ffffffffffff
[    0.033445] ... max period:             00007fffffffffff
[    0.033446] ... fixed-purpose events:   0
[    0.033447] ... event mask:             000000000000000f
[    0.034543] ACPI: Core revision 20090903
[    0.050005] ftrace: converting mcount calls to 0f 1f 44 00 00
[    0.050008] ftrace: allocating 22476 entries in 89 pages
[    0.060053] Setting APIC routing to flat
[    0.060345] ..TIMER: vector=0x30 apic1=0 pin1=2 apic2=-1 pin2=-1
[    0.160391] CPU0: AMD Phenom(tm) II X4 965 Processor stepping 02
[    0.170000] Booting processor 1 APIC 0x1 ip 0x6000
[    0.040000] Initializing CPU#1
[    0.040000] CPU: L1 I Cache: 64K (64 bytes/line), D cache 64K (64 bytes/line)
[    0.040000] CPU: L2 Cache: 512K (64 bytes/line)
[    0.040000] CPU 1/0x1 -> Node 0
[    0.040000] CPU: Physical Processor ID: 0
[    0.040000] CPU: Processor Core ID: 1
[    0.320028] CPU1: AMD Phenom(tm) II X4 965 Processor stepping 02
[    0.320033] checking TSC synchronization [CPU#0 -> CPU#1]: passed.
[    0.330047] Booting processor 2 APIC 0x2 ip 0x6000
[    0.040000] Initializing CPU#2
[    0.040000] CPU: L1 I Cache: 64K (64 bytes/line), D cache 64K (64 bytes/line)
[    0.040000] CPU: L2 Cache: 512K (64 bytes/line)
[    0.040000] CPU 2/0x2 -> Node 0
[    0.040000] CPU: Physical Processor ID: 0
[    0.040000] CPU: Processor Core ID: 2
[    0.490080] CPU2: AMD Phenom(tm) II X4 965 Processor stepping 02
[    0.490085] checking TSC synchronization [CPU#0 -> CPU#2]: passed.
[    0.500041] Booting processor 3 APIC 0x3 ip 0x6000
[    0.040000] Initializing CPU#3
[    0.040000] CPU: L1 I Cache: 64K (64 bytes/line), D cache 64K (64 bytes/line)
[    0.040000] CPU: L2 Cache: 512K (64 bytes/line)
[    0.040000] CPU 3/0x3 -> Node 0
[    0.040000] CPU: Physical Processor ID: 0
[    0.040000] CPU: Processor Core ID: 3
[    0.660035] CPU3: AMD Phenom(tm) II X4 965 Processor stepping 02
[    0.660040] checking TSC synchronization [CPU#0 -> CPU#3]: passed.
[    0.670008] Brought up 4 CPUs
[    0.670009] Total of 4 processors activated (27292.61 BogoMIPS).
[    0.672267] CPU0 attaching sched-domain:
[    0.672271]  domain 0: span 0-3 level MC
[    0.672272]   groups: 0 1 2 3
[    0.672277] CPU1 attaching sched-domain:
[    0.672278]  domain 0: span 0-3 level MC
[    0.672279]   groups: 1 2 3 0
[    0.672282] CPU2 attaching sched-domain:
[    0.672283]  domain 0: span 0-3 level MC
[    0.672284]   groups: 2 3 0 1
[    0.672287] CPU3 attaching sched-domain:
[    0.672288]  domain 0: span 0-3 level MC
[    0.672289]   groups: 3 0 1 2
[    0.672354] devtmpfs: initialized
[    0.672354] regulator: core version 0.5
[    0.672354] Time: 19:17:03  Date: 06/10/11
[    0.672354] NET: Registered protocol family 16
[    0.672354] node 0 link 0: io port [1000, ffffff]
[    0.672354] TOM: 00000000c8000000 aka 3200M
[    0.672354] Fam 10h mmconf [e0000000, efffffff]
[    0.672354] node 0 link 0: mmio [e0000000, efffffff] ==> none
[    0.672354] node 0 link 0: mmio [f0000000, ffffffff]
[    0.672354] node 0 link 0: mmio [a0000, bffff]
[    0.672354] node 0 link 0: mmio [c8000000, dfffffff]
[    0.672354] TOM2: 0000000238000000 aka 9088M
[    0.672354] Trying to unpack rootfs image as initramfs...
[    0.672354] bus: [00,07] on node 0 link 0
[    0.672354] bus: 00 index 0 io port: [0, ffff]
[    0.672354] bus: 00 index 1 mmio: [f0000000, ffffffff]
[    0.672354] bus: 00 index 2 mmio: [a0000, bffff]
[    0.672354] bus: 00 index 3 mmio: [c8000000, dfffffff]
[    0.672354] bus: 00 index 4 mmio: [238000000, fcffffffff]
[    0.672354] ACPI: bus type pci registered
[    0.672354] PCI: MCFG configuration 0: base e0000000 segment 0 buses 0 - 255
[    0.672354] PCI: Not using MMCONFIG.
[    0.672354] PCI: Using configuration type 1 for base access
[    0.672354] PCI: Using configuration type 1 for extended access
[    0.672354] bio: create slab <bio-0> at 0
[    0.672354] ACPI: EC: Look up EC in DSDT
[    0.672354] ACPI Error (psargs-0359): [ECEN] Namespace lookup failure, AE_NOT_FOUND
[    0.672354] ACPI Error (psparse-0537): Method parse/execution failed [\] (Node ffffffff81a0f040), AE_NOT_FOUND
[    0.672354] ACPI Error (dswload-0781): [PRID] Namespace lookup failure, AE_ALREADY_EXISTS
[    0.672354] ACPI Exception: AE_ALREADY_EXISTS, During name lookup/catalog (20090903/psloop-230)
[    0.672354] ACPI Error (psparse-0537): Method parse/execution failed [\] (Node ffffffff81a0f040), AE_ALREADY_EXISTS
[    0.672354] ACPI: Marking method \___ as Serialized because of AE_ALREADY_EXISTS error
[    0.672354] ACPI: Executed 3 blocks of module-level executable AML code
[    0.793842] Freeing initrd memory: 8525k freed
[    0.912057] ACPI: Interpreter enabled
[    0.912062] ACPI: (supports S0 S1 S3 S4 S5)
[    0.912078] ACPI: Using IOAPIC for interrupt routing
[    0.912124] PCI: MCFG configuration 0: base e0000000 segment 0 buses 0 - 255
[    0.913575] PCI: MCFG area at e0000000 reserved in ACPI motherboard resources
[    0.917591] PCI: Using MMCONFIG at e0000000 - efffffff
[    0.921214] ACPI: No dock devices found.
[    0.921325] ACPI: PCI Root Bridge [PCI0] (0000:00)
[    0.921360] pci 0000:00:00.0: reg 1c 64bit mmio: [0xe0000000-0xffffffff]
[    0.921410] pci 0000:00:02.0: PME# supported from D0 D3hot D3cold
[    0.921413] pci 0000:00:02.0: PME# disabled
[    0.921446] pci 0000:00:04.0: PME# supported from D0 D3hot D3cold
[    0.921448] pci 0000:00:04.0: PME# disabled
[    0.921481] pci 0000:00:07.0: PME# supported from D0 D3hot D3cold
[    0.921483] pci 0000:00:07.0: PME# disabled
[    0.921515] pci 0000:00:09.0: PME# supported from D0 D3hot D3cold
[    0.921517] pci 0000:00:09.0: PME# disabled
[    0.921564] pci 0000:00:11.0: reg 10 io port: [0xb000-0xb007]
[    0.921570] pci 0000:00:11.0: reg 14 io port: [0xa000-0xa003]
[    0.921576] pci 0000:00:11.0: reg 18 io port: [0x9000-0x9007]
[    0.921582] pci 0000:00:11.0: reg 1c io port: [0x8000-0x8003]
[    0.921588] pci 0000:00:11.0: reg 20 io port: [0x7000-0x700f]
[    0.921594] pci 0000:00:11.0: reg 24 32bit mmio: [0xfbafe400-0xfbafe7ff]
[    0.921611] pci 0000:00:11.0: set SATA to AHCI mode
[    0.921656] pci 0000:00:12.0: reg 10 32bit mmio: [0xfbaf6000-0xfbaf6fff]
[    0.921708] pci 0000:00:12.1: reg 10 32bit mmio: [0xfbaf7000-0xfbaf7fff]
[    0.921777] pci 0000:00:12.2: reg 10 32bit mmio: [0xfbafe800-0xfbafe8ff]
[    0.921827] pci 0000:00:12.2: supports D1 D2
[    0.921828] pci 0000:00:12.2: PME# supported from D0 D1 D2 D3hot
[    0.921831] pci 0000:00:12.2: PME# disabled
[    0.921862] pci 0000:00:13.0: reg 10 32bit mmio: [0xfbafc000-0xfbafcfff]
[    0.921914] pci 0000:00:13.1: reg 10 32bit mmio: [0xfbafd000-0xfbafdfff]
[    0.921982] pci 0000:00:13.2: reg 10 32bit mmio: [0xfbafec00-0xfbafecff]
[    0.922032] pci 0000:00:13.2: supports D1 D2
[    0.922033] pci 0000:00:13.2: PME# supported from D0 D1 D2 D3hot
[    0.922037] pci 0000:00:13.2: PME# disabled
[    0.922148] pci 0000:00:14.1: reg 10 io port: [0x00-0x07]
[    0.922154] pci 0000:00:14.1: reg 14 io port: [0x00-0x03]
[    0.922160] pci 0000:00:14.1: reg 18 io port: [0x00-0x07]
[    0.922165] pci 0000:00:14.1: reg 1c io port: [0x00-0x03]
[    0.922171] pci 0000:00:14.1: reg 20 io port: [0xff00-0xff0f]
[    0.922234] pci 0000:00:14.2: reg 10 64bit mmio: [0xfbaf8000-0xfbafbfff]
[    0.922275] pci 0000:00:14.2: PME# supported from D0 D3hot D3cold
[    0.922278] pci 0000:00:14.2: PME# disabled
[    0.922379] pci 0000:00:14.5: reg 10 32bit mmio: [0xfbaff000-0xfbafffff]
[    0.922516] pci 0000:05:00.0: reg 10 64bit mmio pref: [0xd0000000-0xdfffffff]
[    0.922523] pci 0000:05:00.0: reg 18 64bit mmio: [0xfbfc0000-0xfbfdffff]
[    0.922528] pci 0000:05:00.0: reg 20 io port: [0xe000-0xe0ff]
[    0.922535] pci 0000:05:00.0: reg 30 32bit mmio pref: [0xfbfa0000-0xfbfbffff]
[    0.922551] pci 0000:05:00.0: supports D1 D2
[    0.922580] pci 0000:05:00.1: reg 10 64bit mmio: [0xfbffc000-0xfbffffff]
[    0.922610] pci 0000:05:00.1: supports D1 D2
[    0.922660] pci 0000:00:02.0: bridge io port: [0xe000-0xefff]
[    0.922662] pci 0000:00:02.0: bridge 32bit mmio: [0xfbf00000-0xfbffffff]
[    0.922666] pci 0000:00:02.0: bridge 64bit mmio pref: [0xd0000000-0xdfffffff]
[    0.922698] pci 0000:04:00.0: reg 10 io port: [0xd800-0xd8ff]
[    0.922712] pci 0000:04:00.0: reg 18 64bit mmio: [0xfbeff000-0xfbefffff]
[    0.922722] pci 0000:04:00.0: reg 20 64bit mmio pref: [0xcfff0000-0xcfffffff]
[    0.922728] pci 0000:04:00.0: reg 30 32bit mmio pref: [0xfbec0000-0xfbedffff]
[    0.922755] pci 0000:04:00.0: supports D1 D2
[    0.922756] pci 0000:04:00.0: PME# supported from D0 D1 D2 D3hot D3cold
[    0.922759] pci 0000:04:00.0: PME# disabled
[    0.922815] pci 0000:00:04.0: bridge io port: [0xd000-0xdfff]
[    0.922818] pci 0000:00:04.0: bridge 32bit mmio: [0xfbe00000-0xfbefffff]
[    0.922821] pci 0000:00:04.0: bridge 64bit mmio pref: [0xcff00000-0xcfffffff]
[    0.922869] pci 0000:03:00.0: reg 10 64bit mmio: [0xfbc00000-0xfbdfffff]
[    0.922954] pci 0000:03:00.0: supports D1 D2
[    0.922956] pci 0000:03:00.0: PME# supported from D0 D1 D2 D3hot
[    0.922961] pci 0000:03:00.0: PME# disabled
[    0.923022] pci 0000:00:07.0: bridge 32bit mmio: [0xfbc00000-0xfbdfffff]
[    0.923087] pci 0000:02:00.0: reg 10 64bit mmio: [0xfbbff800-0xfbbfffff]
[    0.923096] pci 0000:02:00.0: reg 18 io port: [0xc800-0xc8ff]
[    0.923171] pci 0000:02:00.0: supports D2
[    0.923173] pci 0000:02:00.0: PME# supported from D2 D3hot D3cold
[    0.923178] pci 0000:02:00.0: PME# disabled
[    0.923240] pci 0000:00:09.0: bridge io port: [0xc000-0xcfff]
[    0.923242] pci 0000:00:09.0: bridge 32bit mmio: [0xfbb00000-0xfbbfffff]
[    0.923298] pci 0000:00:14.4: transparent bridge
[    0.923320] ACPI: PCI Interrupt Routing Table [\_SB_.PCI0._PRT]
[    0.923465] ACPI: PCI Interrupt Routing Table [\_SB_.PCI0.PCE2._PRT]
[    0.923507] ACPI: PCI Interrupt Routing Table [\_SB_.PCI0.PCE4._PRT]
[    0.923550] ACPI: PCI Interrupt Routing Table [\_SB_.PCI0.PCE7._PRT]
[    0.923589] ACPI: PCI Interrupt Routing Table [\_SB_.PCI0.PCE9._PRT]
[    0.923644] ACPI: PCI Interrupt Routing Table [\_SB_.PCI0.P0PC._PRT]
[    0.926855] ACPI: PCI Interrupt Link [LNKA] (IRQs 4 *7 10 11 12 14 15)
[    0.926934] ACPI: PCI Interrupt Link [LNKB] (IRQs 4 7 *10 11 12 14 15)
[    0.927012] ACPI: PCI Interrupt Link [LNKC] (IRQs *4 7 10 11 12 14 15)
[    0.927090] ACPI: PCI Interrupt Link [LNKD] (IRQs 4 7 10 *11 12 14 15)
[    0.927168] ACPI: PCI Interrupt Link [LNKE] (IRQs 4 7 *10 11 12 14 15)
[    0.927246] ACPI: PCI Interrupt Link [LNKF] (IRQs 4 7 10 *11 12 14 15)
[    0.927324] ACPI: PCI Interrupt Link [LNKG] (IRQs 4 7 *10 11 12 14 15)
[    0.927402] ACPI: PCI Interrupt Link [LNKH] (IRQs 4 7 *10 11 12 14 15)
[    0.927474] vgaarb: device added: PCI:0000:05:00.0,decodes=io+mem,owns=io+mem,locks=none
[    0.927477] vgaarb: loaded
[    0.927540] SCSI subsystem initialized
[    0.927557] libata version 3.00 loaded.
[    0.927557] usbcore: registered new interface driver usbfs
[    0.927557] usbcore: registered new interface driver hub
[    0.927557] usbcore: registered new device driver usb
[    0.927557] ACPI: WMI: Mapper loaded
[    0.927557] PCI: Using ACPI for IRQ routing
[    0.927557] pci 0000:00:00.0: BAR 3: address space collision on of device [0xe0000000-0xffffffff]
[    0.927557] pci 0000:00:00.0: BAR 3: can't allocate resource
[    0.927557] NetLabel: Initializing
[    0.927557] NetLabel:  domain hash size = 128
[    0.927557] NetLabel:  protocols = UNLABELED CIPSOv4
[    0.927557] NetLabel:  unlabeled traffic allowed by default
[    0.927557] hpet0: at MMIO 0xfed00000, IRQs 2, 8, 0, 0
[    0.927557] hpet0: 4 comparators, 32-bit 14.318180 MHz counter
[    0.927557] Switching to clocksource tsc
[    0.930916] AppArmor: AppArmor Filesystem Enabled
[    0.930924] pnp: PnP ACPI init
[    0.930931] ACPI: bus type pnp registered
[    0.932131] pnp 00:0a: mem resource (0x0-0x9ffff) overlaps 0000:00:00.0 BAR 3 (0x0-0x1fffffff), disabling
[    0.932133] pnp 00:0a: mem resource (0xc0000-0xcffff) overlaps 0000:00:00.0 BAR 3 (0x0-0x1fffffff), disabling
[    0.932135] pnp 00:0a: mem resource (0xe0000-0xfffff) overlaps 0000:00:00.0 BAR 3 (0x0-0x1fffffff), disabling
[    0.932137] pnp 00:0a: mem resource (0x100000-0xc7ffffff) overlaps 0000:00:00.0 BAR 3 (0x0-0x1fffffff), disabling
[    0.932397] pnp: PnP ACPI: found 11 devices
[    0.932398] ACPI: ACPI bus type pnp unregistered
[    0.932405] system 00:06: iomem range 0xfec00000-0xfec00fff could not be reserved
[    0.932407] system 00:06: iomem range 0xfee00000-0xfee00fff has been reserved
[    0.932410] system 00:07: ioport range 0x4d0-0x4d1 has been reserved
[    0.932412] system 00:07: ioport range 0x40b-0x40b has been reserved
[    0.932414] system 00:07: ioport range 0x4d6-0x4d6 has been reserved
[    0.932415] system 00:07: ioport range 0xc00-0xc01 has been reserved
[    0.932417] system 00:07: ioport range 0xc14-0xc14 has been reserved
[    0.932419] system 00:07: ioport range 0xc50-0xc51 has been reserved
[    0.932420] system 00:07: ioport range 0xc52-0xc52 has been reserved
[    0.932422] system 00:07: ioport range 0xc6c-0xc6c has been reserved
[    0.932425] system 00:07: ioport range 0xc6f-0xc6f has been reserved
[    0.932426] system 00:07: ioport range 0xcd0-0xcd1 has been reserved
[    0.932428] system 00:07: ioport range 0xcd2-0xcd3 has been reserved
[    0.932430] system 00:07: ioport range 0xcd4-0xcd5 has been reserved
[    0.932431] system 00:07: ioport range 0xcd6-0xcd7 has been reserved
[    0.932433] system 00:07: ioport range 0xcd8-0xcdf has been reserved
[    0.932434] system 00:07: ioport range 0xb00-0xb3f has been reserved
[    0.932436] system 00:07: ioport range 0x800-0x89f has been reserved
[    0.932438] system 00:07: ioport range 0xb00-0xb0f has been reserved
[    0.932439] system 00:07: ioport range 0xb20-0xb3f has been reserved
[    0.932441] system 00:07: ioport range 0x900-0x90f has been reserved
[    0.932443] system 00:07: ioport range 0x910-0x91f has been reserved
[    0.932445] system 00:07: ioport range 0xfe00-0xfefe has been reserved
[    0.932447] system 00:07: iomem range 0xffb80000-0xffbfffff has been reserved
[    0.932448] system 00:07: iomem range 0xfec10000-0xfec1001f has been reserved
[    0.932451] system 00:08: ioport range 0x230-0x23f has been reserved
[    0.932453] system 00:08: ioport range 0x290-0x29f has been reserved
[    0.932454] system 00:08: ioport range 0xf40-0xf4f has been reserved
[    0.932456] system 00:08: ioport range 0xa30-0xa3f has been reserved
[    0.932459] system 00:09: iomem range 0xe0000000-0xefffffff has been reserved
[    0.932465] system 00:0a: iomem range 0xfec00000-0xffffffff could not be reserved
[    0.937091] pci 0000:00:02.0: PCI bridge, secondary bus 0000:05
[    0.937093] pci 0000:00:02.0:   IO window: 0xe000-0xefff
[    0.937096] pci 0000:00:02.0:   MEM window: 0xfbf00000-0xfbffffff
[    0.937098] pci 0000:00:02.0:   PREFETCH window: 0x000000d0000000-0x000000dfffffff
[    0.937102] pci 0000:00:04.0: PCI bridge, secondary bus 0000:04
[    0.937104] pci 0000:00:04.0:   IO window: 0xd000-0xdfff
[    0.937106] pci 0000:00:04.0:   MEM window: 0xfbe00000-0xfbefffff
[    0.937108] pci 0000:00:04.0:   PREFETCH window: 0x000000cff00000-0x000000cfffffff
[    0.937112] pci 0000:00:07.0: PCI bridge, secondary bus 0000:03
[    0.937113] pci 0000:00:07.0:   IO window: disabled
[    0.937115] pci 0000:00:07.0:   MEM window: 0xfbc00000-0xfbdfffff
[    0.937117] pci 0000:00:07.0:   PREFETCH window: disabled
[    0.937120] pci 0000:00:09.0: PCI bridge, secondary bus 0000:02
[    0.937122] pci 0000:00:09.0:   IO window: 0xc000-0xcfff
[    0.937125] pci 0000:00:09.0:   MEM window: 0xfbb00000-0xfbbfffff
[    0.937126] pci 0000:00:09.0:   PREFETCH window: disabled
[    0.937129] pci 0000:00:14.4: PCI bridge, secondary bus 0000:01
[    0.937131] pci 0000:00:14.4:   IO window: disabled
[    0.937135] pci 0000:00:14.4:   MEM window: disabled
[    0.937138] pci 0000:00:14.4:   PREFETCH window: disabled
[    0.937148]   alloc irq_desc for 18 on node 0
[    0.937150]   alloc kstat_irqs on node 0
[    0.937153] pci 0000:00:02.0: PCI INT A -> GSI 18 (level, low) -> IRQ 18
[    0.937156] pci 0000:00:02.0: setting latency timer to 64
[    0.937160]   alloc irq_desc for 16 on node 0
[    0.937161]   alloc kstat_irqs on node 0
[    0.937163] pci 0000:00:04.0: PCI INT A -> GSI 16 (level, low) -> IRQ 16
[    0.937165] pci 0000:00:04.0: setting latency timer to 64
[    0.937169]   alloc irq_desc for 19 on node 0
[    0.937170]   alloc kstat_irqs on node 0
[    0.937172] pci 0000:00:07.0: PCI INT A -> GSI 19 (level, low) -> IRQ 19
[    0.937174] pci 0000:00:07.0: setting latency timer to 64
[    0.937178]   alloc irq_desc for 17 on node 0
[    0.937179]   alloc kstat_irqs on node 0
[    0.937180] pci 0000:00:09.0: PCI INT A -> GSI 17 (level, low) -> IRQ 17
[    0.937183] pci 0000:00:09.0: setting latency timer to 64
[    0.937189] pci_bus 0000:00: resource 0 io:  [0x00-0xffff]
[    0.937191] pci_bus 0000:00: resource 1 mem: [0x000000-0xffffffffffffffff]
[    0.937192] pci_bus 0000:05: resource 0 io:  [0xe000-0xefff]
[    0.937194] pci_bus 0000:05: resource 1 mem: [0xfbf00000-0xfbffffff]
[    0.937196] pci_bus 0000:05: resource 2 pref mem [0xd0000000-0xdfffffff]
[    0.937197] pci_bus 0000:04: resource 0 io:  [0xd000-0xdfff]
[    0.937199] pci_bus 0000:04: resource 1 mem: [0xfbe00000-0xfbefffff]
[    0.937201] pci_bus 0000:04: resource 2 pref mem [0xcff00000-0xcfffffff]
[    0.937202] pci_bus 0000:03: resource 1 mem: [0xfbc00000-0xfbdfffff]
[    0.937204] pci_bus 0000:02: resource 0 io:  [0xc000-0xcfff]
[    0.937206] pci_bus 0000:02: resource 1 mem: [0xfbb00000-0xfbbfffff]
[    0.937207] pci_bus 0000:01: resource 3 io:  [0x00-0xffff]
[    0.937209] pci_bus 0000:01: resource 4 mem: [0x000000-0xffffffffffffffff]
[    0.937228] NET: Registered protocol family 2
[    0.937368] IP route cache hash table entries: 262144 (order: 9, 2097152 bytes)
[    0.938277] TCP established hash table entries: 524288 (order: 11, 8388608 bytes)
[    0.940187] TCP bind hash table entries: 65536 (order: 8, 1048576 bytes)
[    0.940420] TCP: Hash tables configured (established 524288 bind 65536)
[    0.940422] TCP reno registered
[    0.940483] NET: Registered protocol family 1
[    1.100035] pci 0000:05:00.0: Boot video device
[    1.100796] PCI-DMA: Disabling AGP.
[    1.100878] PCI-DMA: aperture base @ 20000000 size 65536 KB
[    1.100879] PCI-DMA: using GART IOMMU.
[    1.100881] PCI-DMA: Reserving 64MB of IOMMU area in the AGP aperture
[    1.102619] Scanning for low memory corruption every 60 seconds
[    1.102698] audit: initializing netlink socket (disabled)
[    1.102711] type=2000 audit(1307733423.100:1): initialized
[    1.108202] HugeTLB registered 2 MB page size, pre-allocated 0 pages
[    1.108997] VFS: Disk quotas dquot_6.5.2
[    1.109026] Dquot-cache hash table entries: 512 (order 0, 4096 bytes)
[    1.109356] fuse init (API version 7.13)
[    1.109397] msgmni has been set to 15748
[    1.109567] alg: No test for stdrng (krng)
[    1.109597] Block layer SCSI generic (bsg) driver version 0.4 loaded (major 253)
[    1.109599] io scheduler noop registered
[    1.109600] io scheduler anticipatory registered
[    1.109601] io scheduler deadline registered
[    1.109621] io scheduler cfq registered (default)
[    1.109718]   alloc irq_desc for 24 on node 0
[    1.109720]   alloc kstat_irqs on node 0
[    1.109725] pcieport 0000:00:02.0: irq 24 for MSI/MSI-X
[    1.109730] pcieport 0000:00:02.0: setting latency timer to 64
[    1.109817]   alloc irq_desc for 25 on node 0
[    1.109818]   alloc kstat_irqs on node 0
[    1.109822] pcieport 0000:00:04.0: irq 25 for MSI/MSI-X
[    1.109825] pcieport 0000:00:04.0: setting latency timer to 64
[    1.109905]   alloc irq_desc for 26 on node 0
[    1.109906]   alloc kstat_irqs on node 0
[    1.109909] pcieport 0000:00:07.0: irq 26 for MSI/MSI-X
[    1.109913] pcieport 0000:00:07.0: setting latency timer to 64
[    1.109990]   alloc irq_desc for 27 on node 0
[    1.109991]   alloc kstat_irqs on node 0
[    1.109994] pcieport 0000:00:09.0: irq 27 for MSI/MSI-X
[    1.109998] pcieport 0000:00:09.0: setting latency timer to 64
[    1.110059] pci_hotplug: PCI Hot Plug PCI Core version: 0.5
[    1.110073] pciehp: PCI Express Hot Plug Controller Driver version: 0.4
[    1.110130] input: Power Button as /devices/LNXSYSTM:00/LNXSYBUS:00/PNP0C0C:00/input/input0
[    1.110133] ACPI: Power Button [PWRB]
[    1.110163] input: Power Button as /devices/LNXSYSTM:00/LNXPWRBN:00/input/input1
[    1.110165] ACPI: Power Button [PWRF]
[    1.110413] processor LNXCPU:00: registered as cooling_device0
[    1.110445] processor LNXCPU:01: registered as cooling_device1
[    1.110466] processor LNXCPU:02: registered as cooling_device2
[    1.110483] processor LNXCPU:03: registered as cooling_device3
[    1.111881] Linux agpgart interface v0.103
[    1.111902] Serial: 8250/16550 driver, 4 ports, IRQ sharing enabled
[    1.112521] brd: module loaded
[    1.112754] loop: module loaded
[    1.112797] input: Macintosh mouse button emulation as /devices/virtual/input/input2
[    1.112903] pata_acpi 0000:00:14.1: PCI INT A -> GSI 16 (level, low) -> IRQ 16
[    1.112923] pata_acpi 0000:00:14.1: setting latency timer to 64
[    1.113114] Fixed MDIO Bus: probed
[    1.113132] PPP generic driver version 2.4.2
[    1.113159] tun: Universal TUN/TAP device driver, 1.6
[    1.113161] tun: (C) 1999-2004 Max Krasnyansky <maxk@qualcomm.com>
[    1.113211] ehci_hcd: USB 2.0 'Enhanced' Host Controller (EHCI) Driver
[    1.113239]   alloc irq_desc for 20 on node 0
[    1.113240]   alloc kstat_irqs on node 0
[    1.113244] ehci_hcd 0000:00:12.2: PCI INT B -> GSI 20 (level, low) -> IRQ 20
[    1.113264] ehci_hcd 0000:00:12.2: EHCI Host Controller
[    1.113287] ehci_hcd 0000:00:12.2: new USB bus registered, assigned bus number 1
[    1.113315] ehci_hcd 0000:00:12.2: debug port 1
[    1.113331] ehci_hcd 0000:00:12.2: irq 20, io mem 0xfbafe800
[    1.130018] ehci_hcd 0000:00:12.2: USB 2.0 started, EHCI 1.00
[    1.130081] usb usb1: configuration #1 chosen from 1 choice
[    1.130098] hub 1-0:1.0: USB hub found
[    1.130102] hub 1-0:1.0: 6 ports detected
[    1.130178]   alloc irq_desc for 23 on node 0
[    1.130180]   alloc kstat_irqs on node 0
[    1.130183] ehci_hcd 0000:00:13.2: PCI INT B -> GSI 23 (level, low) -> IRQ 23
[    1.130193] ehci_hcd 0000:00:13.2: EHCI Host Controller
[    1.130215] ehci_hcd 0000:00:13.2: new USB bus registered, assigned bus number 2
[    1.130239] ehci_hcd 0000:00:13.2: debug port 1
[    1.130255] ehci_hcd 0000:00:13.2: irq 23, io mem 0xfbafec00
[    1.150017] ehci_hcd 0000:00:13.2: USB 2.0 started, EHCI 1.00
[    1.150066] usb usb2: configuration #1 chosen from 1 choice
[    1.150080] hub 2-0:1.0: USB hub found
[    1.150084] hub 2-0:1.0: 6 ports detected
[    1.150140] ohci_hcd: USB 1.1 'Open' Host Controller (OHCI) Driver
[    1.150172] ohci_hcd 0000:00:12.0: PCI INT A -> GSI 19 (level, low) -> IRQ 19
[    1.150183] ohci_hcd 0000:00:12.0: OHCI Host Controller
[    1.150201] ohci_hcd 0000:00:12.0: new USB bus registered, assigned bus number 3
[    1.150221] ohci_hcd 0000:00:12.0: irq 19, io mem 0xfbaf6000
[    1.214081] usb usb3: configuration #1 chosen from 1 choice
[    1.214095] hub 3-0:1.0: USB hub found
[    1.214102] hub 3-0:1.0: 3 ports detected
[    1.214174] ohci_hcd 0000:00:12.1: PCI INT A -> GSI 19 (level, low) -> IRQ 19
[    1.214183] ohci_hcd 0000:00:12.1: OHCI Host Controller
[    1.214201] ohci_hcd 0000:00:12.1: new USB bus registered, assigned bus number 4
[    1.214215] ohci_hcd 0000:00:12.1: irq 19, io mem 0xfbaf7000
[    1.274075] usb usb4: configuration #1 chosen from 1 choice
[    1.274089] hub 4-0:1.0: USB hub found
[    1.274095] hub 4-0:1.0: 3 ports detected
[    1.274165]   alloc irq_desc for 21 on node 0
[    1.274166]   alloc kstat_irqs on node 0
[    1.274169] ohci_hcd 0000:00:13.0: PCI INT A -> GSI 21 (level, low) -> IRQ 21
[    1.274180] ohci_hcd 0000:00:13.0: OHCI Host Controller
[    1.274199] ohci_hcd 0000:00:13.0: new USB bus registered, assigned bus number 5
[    1.274218] ohci_hcd 0000:00:13.0: irq 21, io mem 0xfbafc000
[    1.334083] usb usb5: configuration #1 chosen from 1 choice
[    1.334098] hub 5-0:1.0: USB hub found
[    1.334104] hub 5-0:1.0: 3 ports detected
[    1.334173] ohci_hcd 0000:00:13.1: PCI INT A -> GSI 21 (level, low) -> IRQ 21
[    1.334183] ohci_hcd 0000:00:13.1: OHCI Host Controller
[    1.334205] ohci_hcd 0000:00:13.1: new USB bus registered, assigned bus number 6
[    1.334219] ohci_hcd 0000:00:13.1: irq 21, io mem 0xfbafd000
[    1.394076] usb usb6: configuration #1 chosen from 1 choice
[    1.394089] hub 6-0:1.0: USB hub found
[    1.394096] hub 6-0:1.0: 3 ports detected
[    1.394167] ohci_hcd 0000:00:14.5: PCI INT C -> GSI 18 (level, low) -> IRQ 18
[    1.394178] ohci_hcd 0000:00:14.5: OHCI Host Controller
[    1.394196] ohci_hcd 0000:00:14.5: new USB bus registered, assigned bus number 7
[    1.394215] ohci_hcd 0000:00:14.5: irq 18, io mem 0xfbaff000
[    1.454079] usb usb7: configuration #1 chosen from 1 choice
[    1.454093] hub 7-0:1.0: USB hub found
[    1.454099] hub 7-0:1.0: 2 ports detected
[    1.454148] uhci_hcd: USB Universal Host Controller Interface driver
[    1.454188] PNP: No PS/2 controller found. Probing ports directly.
[    1.455864] serio: i8042 KBD port at 0x60,0x64 irq 1
[    1.455871] serio: i8042 AUX port at 0x60,0x64 irq 12
[    1.455937] mice: PS/2 mouse device common for all mice
[    1.455998] rtc_cmos 00:02: RTC can wake from S4
[    1.456018] rtc_cmos 00:02: rtc core: registered rtc_cmos as rtc0
[    1.456039] rtc0: alarms up to one month, y3k, 114 bytes nvram, hpet irqs
[    1.456104] device-mapper: uevent: version 1.0.3
[    1.456176] device-mapper: ioctl: 4.15.0-ioctl (2009-04-01) initialised: dm-devel@redhat.com
[    1.456253] device-mapper: multipath: version 1.1.0 loaded
[    1.456255] device-mapper: multipath round-robin: version 1.0.0 loaded
[    1.456414] cpuidle: using governor ladder
[    1.456415] cpuidle: using governor menu
[    1.456613] TCP cubic registered
[    1.456690] NET: Registered protocol family 10
[    1.456937] lo: Disabled Privacy Extensions
[    1.457095] NET: Registered protocol family 17
[    1.457136] powernow-k8: Found 1 AMD Phenom(tm) II X4 965 Processor processors (4 cpu cores) (version 2.20.00)
[    1.457162] powernow-k8:    0 : pstate 0 (3400 MHz)
[    1.457164] powernow-k8:    1 : pstate 1 (2700 MHz)
[    1.457165] powernow-k8:    2 : pstate 2 (2200 MHz)
[    1.457166] powernow-k8:    3 : pstate 3 (800 MHz)
[    1.457400] PM: Resume from disk failed.
[    1.457407] registered taskstats version 1
[    1.457730]   Magic number: 15:485:293
[    1.457738] tty tty26: hash matches
[    1.457787] rtc_cmos 00:02: setting system clock to 2011-06-10 19:17:03 UTC (1307733423)
[    1.457789] BIOS EDD facility v0.16 2004-Jun-25, 0 devices found
[    1.457790] EDD information not available.
[    1.457818] Freeing unused kernel memory: 888k freed
[    1.457971] Write protecting the kernel read-only data: 7688k
[    1.467173] udev: starting version 151
[    1.486175] r8169 Gigabit Ethernet driver 2.3LK-NAPI loaded
[    1.486192] r8169 0000:04:00.0: PCI INT A -> GSI 16 (level, low) -> IRQ 16
[    1.486233] r8169 0000:04:00.0: setting latency timer to 64
[    1.486265]   alloc irq_desc for 28 on node 0
[    1.486266]   alloc kstat_irqs on node 0
[    1.486276] r8169 0000:04:00.0: irq 28 for MSI/MSI-X
[    1.486622] eth0: RTL8168c/8111c at 0xffffc90000c72000, 90:e6:ba:88:1a:c7, XID 1c4000c0 IRQ 28
[    1.499238] ahci 0000:00:11.0: version 3.0
[    1.499248]   alloc irq_desc for 22 on node 0
[    1.499249]   alloc kstat_irqs on node 0
[    1.499254] ahci 0000:00:11.0: PCI INT A -> GSI 22 (level, low) -> IRQ 22
[    1.499295]   alloc irq_desc for 29 on node 0
[    1.499296]   alloc kstat_irqs on node 0
[    1.499304] ahci 0000:00:11.0: irq 29 for MSI/MSI-X
[    1.499376] ahci 0000:00:11.0: AHCI 0001.0100 32 slots 4 ports 3 Gbps 0xf impl SATA mode
[    1.499379] ahci 0000:00:11.0: flags: 64bit ncq sntf ilck pm led clo pmp pio slum part ccc sxs 
[    1.500441] ohci1394 0000:02:00.0: PCI INT A -> GSI 17 (level, low) -> IRQ 17
[    1.500447] ohci1394 0000:02:00.0: setting latency timer to 64
[    1.502193] scsi0 : ahci
[    1.502807] scsi1 : ahci
[    1.502854] scsi2 : ahci
[    1.502897] scsi3 : ahci
[    1.502925] ata1: SATA max UDMA/133 abar m1024@0xfbafe400 port 0xfbafe500 irq 29
[    1.502928] ata2: SATA max UDMA/133 abar m1024@0xfbafe400 port 0xfbafe580 irq 29
[    1.502931] ata3: SATA max UDMA/133 abar m1024@0xfbafe400 port 0xfbafe600 irq 29
[    1.502933] ata4: SATA max UDMA/133 abar m1024@0xfbafe400 port 0xfbafe680 irq 29
[    1.503098] scsi4 : pata_atiixp
[    1.503135] scsi5 : pata_atiixp
[    1.504145] ata5: PATA max UDMA/100 cmd 0x1f0 ctl 0x3f6 bmdma 0xff00 irq 14
[    1.504147] ata6: PATA max UDMA/100 cmd 0x170 ctl 0x376 bmdma 0xff08 irq 15
[    1.562068] ohci1394: fw-host0: OHCI-1394 1.1 (PCI): IRQ=[17]  MMIO=[fbbff800-fbbfffff]  Max Packet=[2048]  IR/IT contexts=[4/8]
[    1.640020] usb 4-2: new low speed USB device using ohci_hcd and address 2
[    1.821149] usb 4-2: configuration #1 chosen from 1 choice
[    1.853783] ata4: SATA link down (SStatus 0 SControl 300)
[    1.853810] ata2: SATA link down (SStatus 0 SControl 300)
[    2.030044] ata1: SATA link up 3.0 Gbps (SStatus 123 SControl 300)
[    2.030065] ata3: SATA link up 1.5 Gbps (SStatus 113 SControl 300)
[    2.030818] ata1.00: ATA-8: WDC WD1001FALS-00E8B0, 05.00K05, max UDMA/133
[    2.030820] ata1.00: 1953525168 sectors, multi 16: LBA48 NCQ (depth 31/32), AA
[    2.031683] ata1.00: configured for UDMA/133
[    2.033055] ata3.00: ATAPI: HL-DT-ST DVDRAM GH22NS50, TN01, max UDMA/100
[    2.036890] ata3.00: configured for UDMA/100
[    2.050119] scsi 0:0:0:0: Direct-Access     ATA      WDC WD1001FALS-0 05.0 PQ: 0 ANSI: 5
[    2.050215] sd 0:0:0:0: Attached scsi generic sg0 type 0
[    2.050248] sd 0:0:0:0: [sda] 1953525168 512-byte logical blocks: (1.00 TB/931 GiB)
[    2.050283] sd 0:0:0:0: [sda] Write Protect is off
[    2.050284] sd 0:0:0:0: [sda] Mode Sense: 00 3a 00 00
[    2.050295] sd 0:0:0:0: [sda] Write cache: enabled, read cache: enabled, doesn't support DPO or FUA
[    2.050370]  sda:
[    2.057131] scsi 2:0:0:0: CD-ROM            HL-DT-ST DVDRAM GH22NS50  TN01 PQ: 0 ANSI: 5
[    2.059700]  sda1 sda2 < sda5 sda6 sda7 sda8sr0: scsi3-mmc drive: 48x/48x writer dvd-ram cd/rw xa/form2 cdda tray
[    2.078135] Uniform CD-ROM driver Revision: 3.20
[    2.078199] sr 2:0:0:0: Attached scsi CD-ROM sr0
[    2.078235] sr 2:0:0:0: Attached scsi generic sg1 type 5
[    2.085085]  sda9 > sda4
[    2.085311] sd 0:0:0:0: [sda] Attached SCSI disk
[    2.150019] usb 4-3: new low speed USB device using ohci_hcd and address 3
[    2.243333] usbcore: registered new interface driver hiddev
[    2.247232] input: Genius Optical Mouse as /devices/pci0000:00/0000:00:12.1/usb4/4-2/4-2:1.0/input/input3
[    2.247283] generic-usb 0003:0458:003A.0001: input,hidraw0: USB HID v1.11 Mouse [Genius Optical Mouse] on usb-0000:00:12.1-2/input0
[    2.247297] usbcore: registered new interface driver usbhid
[    2.247299] usbhid: v2.6:USB HID core driver
[    2.371171] usb 4-3: configuration #1 chosen from 1 choice
[    2.378245] input: USB USB Keykoard as /devices/pci0000:00/0000:00:12.1/usb4/4-3/4-3:1.0/input/input4
[    2.378287] generic-usb 0003:1C4F:0002.0002: input,hidraw1: USB HID v1.10 Keyboard [USB USB Keykoard] on usb-0000:00:12.1-3/input0
[    2.700836] EXT4-fs (sda5): mounted filesystem with ordered data mode
[    2.883868] ieee1394: Host added: ID:BUS[0-00:1023]  GUID[001e8c0000b85653]
[   10.431556] udev: starting version 151
[   10.463848] Adding 4883720k swap on /dev/sda6.  Priority:-1 extents:1 across:4883720k 
[   10.481870] EDAC MC: Ver: 2.1.0 Apr 20 2011
[   10.482785] lp: driver loaded but no devices found
[   10.488150] vga16fb: initializing
[   10.488153] vga16fb: mapped to 0xffff8800000a0000
[   10.488251] fb0: VGA16 VGA frame buffer device
[   10.492685] fglrx: module license 'Proprietary. (C) 2002 - ATI Technologies, Starnberg, GERMANY' taints kernel.
[   10.492688] Disabling lock debugging due to kernel taint
[   10.500310] ACPI: resource piix4_smbus [0xb00-0xb07] conflicts with ACPI region SOR1 [0xb00-0xb0f]
[   10.500313] ACPI: If an ACPI driver is available for this device, you should use it instead of the native driver
[   10.512996] type=1505 audit(1307744232.553:2):  operation="profile_load" pid=645 name="/sbin/dhclient3"
[   10.513169] type=1505 audit(1307744232.553:3):  operation="profile_load" pid=645 name="/usr/lib/NetworkManager/nm-dhcp-client.action"
[   10.513267] type=1505 audit(1307744232.553:4):  operation="profile_load" pid=645 name="/usr/lib/connman/scripts/dhclient-script"
[   10.513958] type=1505 audit(1307744232.553:5):  operation="profile_replace" pid=705 name="/sbin/dhclient3"
[   10.514133] type=1505 audit(1307744232.553:6):  operation="profile_replace" pid=705 name="/usr/lib/NetworkManager/nm-dhcp-client.action"
[   10.514232] type=1505 audit(1307744232.553:7):  operation="profile_replace" pid=705 name="/usr/lib/connman/scripts/dhclient-script"
[   10.514595] type=1505 audit(1307744232.553:8):  operation="profile_load" pid=724 name="/usr/sbin/ntpd"
[   10.515546] type=1505 audit(1307744232.553:9):  operation="profile_replace" pid=725 name="/usr/sbin/ntpd"
[   10.546103] [fglrx] Maximum main memory to use for locked dma buffers: 7644 MBytes.
[   10.546165] [fglrx]   vendor: 1002 device: 6898 count: 1
[   10.546468] [fglrx] ioport: bar 4, base 0xe000, size: 0x100
[   10.546478] pci 0000:05:00.0: PCI INT A -> GSI 18 (level, low) -> IRQ 18
[   10.546482] pci 0000:05:00.0: setting latency timer to 64
[   10.546746] [fglrx] Kernel PAT support is enabled
[   10.546759] [fglrx] module loaded - fglrx 8.85.6 [Apr 19 2011] with 1 minors
[   10.551883] it87: Found IT8720F chip at 0x290, revision 2
[   10.551894] it87: in3 is VCC (+5V)
[   10.551895] it87: in7 is VCCH (+5V Stand-By)
[   10.551914] ACPI: resource it87 [0x295-0x296] conflicts with ACPI region SIOE [0x000290-0x0002af]
[   10.551916] ACPI: If an ACPI driver is available for this device, you should use it instead of the native driver
[   10.553644] EDAC amd64_edac:  Ver: 3.2.0 Apr 20 2011
[   10.554933] Linux media interface: v0.10
[   10.555219] EDAC amd64: This node reports that Memory ECC is currently disabled, set F3x44[22] (0000:00:18.3).
[   10.555226] EDAC amd64: ECC disabled in the BIOS or no ECC capability, module will not load.
[   10.555227]  Either enable ECC checking or force module loading by setting 'ecc_enable_override'.
[   10.555228]  (Note that use of the override may cause unknown side effects.)
[   10.555238] amd64_edac: probe of 0000:00:18.2 failed with error -22
[   10.672232] Linux video capture interface: v2.00
[   10.796981] Console: switching to colour frame buffer device 80x30
[   10.848986] HDA Intel 0000:00:14.2: PCI INT A -> GSI 16 (level, low) -> IRQ 16
[   10.851095] cx23885 driver version 0.0.2 loaded
[   10.851166] cx23885 0000:03:00.0: PCI INT A -> GSI 19 (level, low) -> IRQ 19
[   10.851218] CORE cx23885[0]: subsystem: 14f1:8502, board: Mygica X8506 DMB-TH [card=22,insmod option]
[   11.209084] cx25840 2-0044: cx23885 A/V decoder found @ 0x88 (cx23885[0])
[   11.219018] cx25840 2-0044: firmware: requesting v4l-cx23885-avcore-01.fw
[   11.327360] IR NEC protocol handler initialized
[   11.353561] IR RC5(x) protocol handler initialized
[   11.375856] IR RC6 protocol handler initialized
[   11.405193] IR JVC protocol handler initialized
[   11.412458] IR Sony protocol handler initialized
[   11.425308] lirc_dev: IR Remote Control driver registered, major 248 
[   11.432982] IR LIRC bridge handler initialized
[   11.534159] EXT4-fs (sda8): mounted filesystem with ordered data mode
[   11.593867] hda_codec: AD1989B: BIOS auto-probing.
[   11.593918] input: HDA Digital PCBeep as /devices/pci0000:00/0000:00:14.2/input/input5
[   11.601173] HDA Intel 0000:05:00.1: PCI INT B -> GSI 19 (level, low) -> IRQ 19
[   11.601209] HDA Intel 0000:05:00.1: setting latency timer to 64
[   11.936927] cx25840 2-0044: loaded v4l-cx23885-avcore-01.fw firmware (16382 bytes)
[   11.983049] type=1505 audit(1307744234.024:10):  operation="profile_load" pid=1033 name="/usr/share/gdm/guest-session/Xsession"
[   11.983225] type=1505 audit(1307744234.024:11):  operation="profile_replace" pid=1034 name="/sbin/dhclient3"
[   11.990499] tuner 1-0061: Tuner -1 found with type(s) Radio TV.
[   12.010125] xc5000 1-0061: creating new instance
[   12.010822] xc5000: Successfully identified at address 0x61
[   12.010823] xc5000: Firmware has not been loaded previously
[   12.010876] cx23885[0]/0: registered device video0 [v4l2]
[   12.016308] xc5000: waiting for firmware upload (dvb-fe-xc5000-1.6.114.fw)...
[   12.016311] cx23885 0000:03:00.0: firmware: requesting dvb-fe-xc5000-1.6.114.fw
[   12.022721] r8169: eth0: link up
[   12.022725] r8169: eth0: link up
[   12.059112] xc5000: firmware read 12401 bytes.
[   12.059114] xc5000: firmware uploading...
[   12.384734] /build/buildd/linux-2.6.32/drivers/hid/usbhid/hid-core.c: usb_submit_urb(ctrl) failed
[   12.384745] generic-usb 0003:1C4F:0002.0003: timeout initializing reports
[   12.384815] input: USB USB Keykoard as /devices/pci0000:00/0000:00:12.1/usb4/4-3/4-3:1.1/input/input6
[   12.384880] generic-usb 0003:1C4F:0002.0003: input,hidraw2: USB HID v1.10 Device [USB USB Keykoard] on usb-0000:00:12.1-3/input1
[   12.384912] usb 4-2: USB disconnect, address 2
[   13.450026] xc5000: firmware upload complete...
[   13.651379] RPC: Registered udp transport module.
[   13.651381] RPC: Registered tcp transport module.
[   13.651382] RPC: Registered tcp NFSv4.1 backchannel transport module.
[   13.663708] Installing knfsd (copyright (C) 1996 okir@monad.swb.de).
[   13.695454] svc: failed to register lockdv1 RPC service (errno 97).
[   13.696011] NFSD: Using /var/lib/nfs/v4recovery as the NFSv4 state recovery directory
[   13.702382] NFSD: starting 90-second grace period
[   13.781273] usb 4-2: new low speed USB device using ohci_hcd and address 4
[   13.994913] usb 4-2: configuration #1 chosen from 1 choice
[   14.004971] input: Genius Optical Mouse as /devices/pci0000:00/0000:00:12.1/usb4/4-2/4-2:1.0/input/input7
[   14.005034] generic-usb 0003:0458:003A.0004: input,hidraw0: USB HID v1.11 Mouse [Genius Optical Mouse] on usb-0000:00:12.1-2/input0
[   14.062172] ppdev: user-space parallel port driver
[   14.154065] cx23885_dvb_register() allocating 1 frontend(s)
[   14.154069] cx23885[0]: cx23885 based dvb card
[   14.158663] xc5000 1-0061: attaching existing instance
[   14.159389] xc5000: Successfully identified at address 0x61
[   14.159391] xc5000: Firmware has been loaded previously
[   14.159394] DVB: registering new adapter (cx23885[0])
[   14.159396] DVB: registering adapter 0 frontend 0 (Legend Silicon LGS8913/LGS8GXX DMB-TH)...
[   14.159621] cx23885_dev_checkrevision() Hardware revision = 0xb0
[   14.159629] cx23885[0]/0: found at 0000:03:00.0, rev: 2, irq: 19, latency: 0, mmio: 0xfbc00000
[   14.159635] cx23885 0000:03:00.0: setting latency timer to 64
[   14.159706]   alloc irq_desc for 30 on node 0
[   14.159708]   alloc kstat_irqs on node 0
[   14.159722] cx23885 0000:03:00.0: irq 30 for MSI/MSI-X
[   14.583304]   alloc irq_desc for 31 on node 0
[   14.583307]   alloc kstat_irqs on node 0
[   14.583315] fglrx_pci 0000:05:00.0: irq 31 for MSI/MSI-X
[   14.583763] [fglrx] Firegl kernel thread PID: 1736
[   14.583797] [fglrx] Firegl kernel thread PID: 1737
[   14.583830] [fglrx] Firegl kernel thread PID: 1738
[   14.584029] [fglrx] IRQ 31 Enabled
[   14.772654] [fglrx] Gart USWC size:1280 M.
[   14.772657] [fglrx] Gart cacheable size:508 M.
[   14.772660] [fglrx] Reserved FB block: Shared offset:0, size:1000000 
[   14.772662] [fglrx] Reserved FB block: Unshared offset:f8fd000, size:403000 
[   14.772663] [fglrx] Reserved FB block: Unshared offset:3fff4000, size:c000 
[   14.788166] input: PS/2 Generic Mouse as /devices/platform/i8042/serio1/input/input8
[   16.551134] hda-intel: IRQ timing workaround is activated for card #1. Suggest a bigger bdl_pos_adj.
[   18.077561] __ratelimit: 42 callbacks suppressed
[   18.077563] type=1503 audit(1307744240.115:26):  operation="mknod" pid=1201 parent=1 profile="/usr/sbin/named" requested_mask="c::" denied_mask="c::" fsuid=116 ouid=116 name="/var/log/bind9-resolv.log"
[   19.110611] type=1503 audit(1307744241.152:27):  operation="open" pid=1780 parent=1 profile="/usr/sbin/mysqld" requested_mask="::r" denied_mask="::r" fsuid=117 ouid=0 name="/home/tmp/"
```

---

### Post by 53RG10 on 2011-08-07
Hola a todos
Tengo la misma placa y no la puedo hacer andar, ¿Alguien tiene idea cómo hacerlo?
Muchas gracias

Sergio

---

### Post by alfredo_ on 2011-10-31
Hola

Me he inscripto en ubuntu para ver si me pueden dar ayuda con esta placa, he modificado algo del código y almenos la TV analógica se puede ver y escuchar (SAP incluido). Necesito que alguien pruebe el código. En linuxtv.org he posteado el código. Y si alguien sabe algo de programación en C me puede ayudar con la parte digital, me reconoce todo pero el flujo no sale bien, por lo que no obtengo imagen.

Saludos

---

### Post by alfredo_ on 2011-10-31
Para incentivar un poco este es parte de dmesg

[   10.986023] cx23885 driver version 0.0.3 loaded
[   10.986105] cx23885 0000:02:00.0: PCI INT A -> GSI 19 (level, low) -> IRQ 19
[   10.986292] CORE cx23885[0]: subsystem: 14f1:8502, board: Mygica X8507 [card=33,autodetected]
[   11.885536] cx25840 6-0044: cx23885 A/V decoder found @ 0x88 (cx23885[0])
[   12.635236] cx25840 6-0044: loaded v4l-cx23885-avcore-01.fw firmware (16382 bytes)
[   12.644543] tuner 5-0061: Tuner -1 found with type(s) Radio TV.
[   12.686635] xc5000 5-0061: creating new instance
[   12.687332] xc5000: Successfully identified at address 0x61
[   12.687334] xc5000: Firmware has not been loaded previously
[   12.687408] cx23885[0]: registered device video1 [v4l2]
[   12.687440] cx23885[0]: registered device vbi1
[   12.687557] cx23885[0]: registered ALSA audio device
[   12.692984] xc5000: waiting for firmware upload (dvb-fe-xc5000-1.6.114.fw)...
[   12.712017] xc5000: firmware read 12401 bytes.
[   12.712019] xc5000: firmware uploading...
[   14.084010] xc5000: firmware upload complete...
[   14.708424] cx23885_dvb_register() allocating 1 frontend(s)
[   14.708429] cx23885[0]: cx23885 based dvb card
[   14.749897] mb86a20s: mb86a20s_attach: 
[   14.750355] Detected a Fujitsu mb86a20s frontend
[   14.750364] xc5000 5-0061: attaching existing instance
[   14.751094] xc5000: Successfully identified at address 0x61
[   14.751096] xc5000: Firmware has been loaded previously
[   14.751100] DVB: registering new adapter (cx23885[0])
[   14.751103] DVB: registering adapter 0 frontend 0 (Fujitsu mb86A20s)...
[   14.751439] cx23885_dev_checkrevision() Hardware revision = 0xb0
[   14.751446] cx23885[0]/0: found at 0000:02:00.0, rev: 2, irq: 19, latency: 0, mmio: 0xfd400000
[   14.751454] cx23885 0000:02:00.0: setting latency timer to 64
[   14.893121] Adding 4192928k swap on /dev/sdb5.  Priority:-1 extents:1 across:4192928k

---

### Post by 53RG10 on 2011-11-09
> **alfredo_ said:**
> Para incentivar un poco este es parte de dmesg

[   10.986023] cx23885 driver version 0.0.3 loaded
[   10.986105] cx23885 0000:02:00.0: PCI INT A -> GSI 19 (level, low) -> IRQ 19
[   10.986292] CORE cx23885[0]: subsystem: 14f1:8502, board: Mygica X8507 [card=33,autodetected]
[   11.885536] cx25840 6-0044: cx23885 A/V decoder found @ 0x88 (cx23885[0])
[   12.635236] cx25840 6-0044: loaded v4l-cx23885-avcore-01.fw firmware (16382 bytes)
[   12.644543] tuner 5-0061: Tuner -1 found with type(s) Radio TV.
[   12.686635] xc5000 5-0061: creating new instance
[   12.687332] xc5000: Successfully identified at address 0x61
[   12.687334] xc5000: Firmware has not been loaded previously
[   12.687408] cx23885[0]: registered device video1 [v4l2]
[   12.687440] cx23885[0]: registered device vbi1
[   12.687557] cx23885[0]: registered ALSA audio device
[   12.692984] xc5000: waiting for firmware upload (dvb-fe-xc5000-1.6.114.fw)...
[   12.712017] xc5000: firmware read 12401 bytes.
[   12.712019] xc5000: firmware uploading...
[   14.084010] xc5000: firmware upload complete...
[   14.708424] cx23885_dvb_register() allocating 1 frontend(s)
[   14.708429] cx23885[0]: cx23885 based dvb card
[   14.749897] mb86a20s: mb86a20s_attach: 
[   14.750355] Detected a Fujitsu mb86a20s frontend
[   14.750364] xc5000 5-0061: attaching existing instance
[   14.751094] xc5000: Successfully identified at address 0x61
[   14.751096] xc5000: Firmware has been loaded previously
[   14.751100] DVB: registering new adapter (cx23885[0])
[   14.751103] DVB: registering adapter 0 frontend 0 (Fujitsu mb86A20s)...
[   14.751439] cx23885_dev_checkrevision() Hardware revision = 0xb0
[   14.751446] cx23885[0]/0: found at 0000:02:00.0, rev: 2, irq: 19, latency: 0, mmio: 0xfd400000
[   14.751454] cx23885 0000:02:00.0: setting latency timer to 64
[   14.893121] Adding 4192928k swap on /dev/sdb5.  Priority:-1 extents:1 across:4192928k

Hola
¿Me podrías decir cómo hiciste para que te reconociera el firmware xc5000? Porque a mí lo único que me apareció siempre fue la placa en sí (cx23885) pero en tuner no. Nunca pude hacer que me la reconozca. Y probé con varios reproductores de video y varios consejos para instalarlo.
Saludos y gracias

---

### Post by alfredo_ on 2011-11-10
Hola  
 

 Para que te reconozca el sintonizador es necesario el controlador, sin este último solo interpreta que hay una placa y nada más, no hace nada.
 

 Si deseas que te funcione es necesario un controlador. En: 

[http://www.spinics.net/lists/linux-media/msg39915.html](http://www.spinics.net/lists/linux-media/msg39915.html)

tienes  el parche que hay que aplicar a kernel para que te funcione la parte analógica.
 La forma más fácil que encontré de hacerlo es bajarte el último kernel (>3.1) y compilarlo.
 Luego le aplicas el parche a los archivos:

/usr/src/linux/drivers/media/video/cx23885/cx23885-cards.c
/usr/src/linux/drivers/media/video/cx23885/cx23885.h 

/usr/src/linux/drivers/media/video/cx23885/cx23885-video.c 

y compilas el módulo con el siguiente comando: 
make SUBDIRS=drivers/media/video/cx23885 modules 
esto te generara un nuevo cx23886.ko (el driver) que deberás copiarlo a la dirección donde están los controladores de tu distribución. En mi caso estos están en: 
/lib/modules/3.1.0-3-desktop/kernel/drivers/media/video/cx23885/cx23885.ko Luego cargar el módulo (modprobe cx23885) o reiniciar la máquina para que lo cargue. Es necesario que el kernel tenga soporte para cx23885-alsa, sino te vas a tener que bajar los parches necesarios para el soporte de alsa que están en:

[http://git.linuxtv.org/liplianin/media_tree.git/shortlog/refs/heads/cx23885-alsa-clean-2](http://git.linuxtv.org/liplianin/media_tree.git/shortlog/refs/heads/cx23885-alsa-clean-2)

La explicación es algo corta y estoy suponiendo que tienes un poco de idea de lo que estoy escribiendo.  Si no quieres bajar el último kernel tendrás que emparchar además el controlador cx25840. Es posible que tengas que hacer alguna modificación a mano del kernel, en mi caso altera.h estaba en una dirección diferente por lo que al compilar me daba un error. Para poder ver la TV yo utilizo TVTime, para que se escuche tienes que lanzar desde una consola el siguiente comando:  
arecord -D hw:3,0 -r 48000 -c 2 -f S16_LE | aplay -

hw:3,0 es el dispositivo de sonido que me crea la placa sintonizadora, es posible que en tu caso sea hw:2.0 o utilizar mplayer de la siguiente manera, por ejemplo:

mplayer tv://$channel -tv driver=v4l2:device=/dev/video1:width=720:height=568:chanlist=us-bcast:alsa:adevice=hw.3,0:amode=1:audiorate=48000:forceaudio:volume=100:immediatemode=0:norm=PAL-Nc 
Donde /dev/video1 es la placa sintonizadora en tu caso puede ser /dev/video0 Si tienes buena señal de televisión verás que se ve mucho mejor que bajo Windows Espero que puedas hacerla funcionar, cualquier cosa escribí que voy ayudarte en la medida de mis posibilidades. Las cosas que no sepas como hacerla por favor busca en internet como se hacen y luego si no te salen con gusto te las explico. En cuanto a la parte digital estoy estudiando para ver si puedo hacer algo, me reconoce todo, pero no logro que TS salga bien, por lo que no tengo imagen. 
Saludos,

Alfredo

---

### Post by 53RG10 on 2011-11-10
Primero gracias.
Segundo, tu suposición es incorrecta :), empecé hace unos meses con Linux y no soy muy entendido. O sea, puedo manejarme por el Terminal y esas cosas, pero si tengo que editar archivos o compilar ya me pierdo.
Intenté actualizar al kernel 3.1 pero no me anda la placa ATI de video incorporada y me queda la pantalla negra.
Si hay posibilidades de que lo expliques mejor te lo voy a agradecer, y sino también, se qué lleva tiempo y no todos lo tienen, y ganas también :).
Saludos

---

### Post by guillermolisi on 2011-11-10
> **53RG10 said:**
> Primero gracias.
Segundo, tu suposición es incorrecta :), empecé hace unos meses con Linux y no soy muy entendido. O sea, puedo manejarme por el Terminal y esas cosas, pero si tengo que editar archivos o compilar ya me pierdo.
Intenté actualizar al kernel 3.1 pero no me anda la placa ATI de video incorporada y me queda la pantalla negra.
Si hay posibilidades de que lo expliques mejor te lo voy a agradecer, y sino también, se qué lleva tiempo y no todos lo tienen, y ganas también :).
Saludos

En la seccion Software de este Foro hay un sticky thread, ya de cierta antigüedad, que explica [como compilar un kernel]("http://ubuntuforums.org/showthread.php?t=1195325").

Creo que por lo menos te servira como lectura introductoria.

---

### Post by alfredo_ on 2011-11-10
Hola

Si no podes hacer funcionar con el nuevo kernel, regresa al kernel anterior e instala las fuentes de ese kernel.
Compilalo, _pero_no_instales_nada_ solo sirve para que las dependencias se cumplan.
Luego es seguro que te vas a tener que bajar los archivos de los direcorios cx23885 y cx25840 que se encuentran en la dirección: [http://git.linuxtv.org/liplianin/med...5-alsa-clean-2]("http://git.linuxtv.org/liplianin/media_tree.git/shortlog/refs/heads/cx23885-alsa-clean-2") (si esta no funciona, pulsa en la del mensaje anterior que puse)
Bueno cuando llegues aquí te sigo guiando. Si podes hacer funcionar el kernel 3.1 mejor, menos cosas tenemos que modificar.
Voy a tratar de una vez al día poder ingresar a internet, para poder leer tu respuestas y seguir con el instructivo.
Como herramienta de ayuda para editar y navegar por archivos, instala midnight commander (puede que lo haya escrito mal).

Saludos,

Alfredo

---

### Post by 53RG10 on 2011-11-10
Muchísimas gracias por tu tiempo.
Mañana (ya hoy en Argentina) me fijo eso. El kernel 3.1 lo hice funcionar, sin los driver privativos de ATI.
Tampoco hace falta que revises a cada rato a ver que hice :D
Saludos

---

### Post by guillermolisi on 2011-11-11
> **alfredo_ said:**
> Hola

Si no podes hacer funcionar con el nuevo kernel, regresa al kernel anterior e instala las fuentes de ese kernel.
Compilalo, _pero_no_instales_nada_ solo sirve para que las dependencias se cumplan.
Luego es seguro que te vas a tener que bajar los archivos de los direcorios cx23885 y cx25840 que se encuentran en la dirección: [http://git.linuxtv.org/liplianin/med...5-alsa-clean-2]("http://git.linuxtv.org/liplianin/media_tree.git/shortlog/refs/heads/cx23885-alsa-clean-2") (si esta no funciona, pulsa en la del mensaje anterior que puse)
Bueno cuando llegues aquí te sigo guiando. Si podes hacer funcionar el kernel 3.1 mejor, menos cosas tenemos que modificar.
Voy a tratar de una vez al día poder ingresar a internet, para poder leer tu respuestas y seguir con el instructivo.
Como herramienta de ayuda para editar y navegar por archivos, instala midnight commander (puede que lo haya escrito mal).

Saludos,

Alfredo
Cuando cambie la version del kernel, tendra que compilarlo nuevamente con los modulos de la placa ?

Si es asi, habria que advertirlo. Si no es asi, habria que mencionar que se actualizaran via DKMS o algun otro metodo que evite la regeneracion manual.

---

### Post by alfredo_ on 2011-11-11
Hola

Gracias Guillermo por tus acotaciones, si podes mantenerte en el tema para ayudar en el proceso de compilación estaremos agradecido, dado que no lo hice nunca con Ubuntu y puede que haya algo distinto a la forma que yo estoy acostumbrado.
En respuesta a que si tiene que compilar el nuevo kernel, es sí. Solo compilar y crear los módulos. No hay que instalar nada. 

_OJO_ el kernel fuente y el que se está ejecutando en la máquina tiene que ser el mismo.

Luego de compilar o antes es conveniente hacer un respaldo del contenido de todos los archivos que hay en la carpeta cx23885 y cx25840 de los módulos del kernel en algún lugar, por ejemplo en tu directorio personal /home/sergio/x8507/respaldo/cx23885 y  /home/sergio/x8507/respaldo/cx25840/ si sergio es el nombre que estas usando.

Luego en otra carpeta bajar el contenido del enlace que indique y guardarlos en otro lugar. Por ejemplo /home/sergio/x8507/soporte_alsa/cx23885 con todo su contenido y /home/sergio/x8507/soporte_alsa/cx25840

Bueno sigo cuando ya tengas hecho esto.

Saludos,

Alfredo.

---

### Post by 53RG10 on 2011-11-11
Bueno, cada vez se me complica más :confused:. Y empiezo pidiendo disculpas porque a lo mejor los termine cansando...
Ahora, la primera pregunta es la siguiente: Como bien dijo guillermolisi, tengo el kernel 3.1 y varios anteriores 2.algo... Y varias cosas que hago en la terminal me hace los cambios en el kernel principal cuando instale el Sistema operativo. "_OJO_ el kernel fuente y el que se está ejecutando en la máquina tiene que ser el mismo". No sé como hacer para que todo lo haga en el kernel nuevo (3.1 en mi caso). ¿Tengo que eliminar (o desinstalar) los kernel anteriores? Si es así ¿Cómo? ¿Tengo que seguir los pasos que me dierno antes de cómo compilar un núcleo?
Pregunto esto porque no quiero empezar a probar. No entiendo cómo tengo que hacer las copias del contenido  de todos los archivos que hay en la carpeta cx23885 y cx25840 de los  módulos del kernel. ¿Dónde están?
No sé que más hacer, quiero empezar y hacer lo más que se pueda, pero sin copiar eso no quiero hacer mucho.
Y como dije antes, si se les hace muy pesado el asunto porque yo no entiendo demasiado me lo dicen, yo no me voy a enojar :).
Saludos

---

### Post by alfredo_ on 2011-11-11
Hola

Respondo entre lineas


*| Bueno, cada vez se me complica más :confused:. Y empiezo pidiendo disculpas porque a lo mejor los termine cansando...*


Todos hemos empezado con algún problema y hemos tenido que ser asistido por alguna otra persona o más de una. Esperemos que no nos canses y que lleguemos juntos a buen fin. Somos consientes que empiezas con algo difícil y que te va a costar un poco, pero después tendrá su fruto.


*| Ahora, la primera pregunta es la siguiente: Como bien dijo  guillermolisi, tengo el kernel 3.1 y varios anteriores 2.algo... Y  varias cosas que hago en la terminal me hace los cambios en el kernel  principal cuando instale el Sistema operativo. "_OJO_ el kernel fuente y  el que se está ejecutando en la máquina tiene que ser el mismo". No sé  como hacer para que todo lo haga en el kernel nuevo (3.1 en mi caso).  ¿Tengo que eliminar (o desinstalar) los kernel anteriores? Si es así  ¿Cómo? ¿Tengo que seguir los pasos que me dierno antes de cómo compilar  un núcleo?*


Espero que esto te lo conteste Guillermo. Pero en mi máquina si paso a una consola (Alt+Ctrl+F1 a F6) en la última línea me suele decir que kernel se esta usando o cuando aparece el menú de arranque de la PC (GRUB) me dice por ejemplo Ubuntu koala 2.6.30 y Ubuntu Koala 3.1.0. Si arranca con el que dice 3.1.0 quiere decir (puede fallar) que estas usando el kernel 3.1.0
En cuanto a las fuentes en /usr/src/linux aquí tienes las fuentes el kernel que estas compilando si tienes ademas de esto otros, por ejemplo /usr/src/linux-2.6.28 y/o /usr/src/linux-2.6.31 quiere decir que tienes mas de un kernel para compilar. El que tendrías que usar en un principio es el que esta en /usr/src/linx, pero mejor que te lo aclare Guillermo, por no estoy muy al tanto en compilación con Ubuntu y el que tengo instalado no lo quiero modificar porque lo uso para mover una máquina.

[I]
| Pregunto esto porque no quiero empezar a probar. No entiendo cómo tengo  que hacer las copias del contenido  de todos los archivos que hay en la  carpeta cx23885 y cx25840 de los  módulos del kernel. ¿Dónde están?[/I]


Dentro del directorio /usr/src/linux/drivers/media/video hay dos carpetas, cx23885 y cx25840, dentro de la cual están las fuentes del controlador. Estas carpetas tenes que copiarlas integramente a otro lugar. Podes hacerlo de la misma manera que lo haces en windows o en una consola utilizando midnight commander el cual se llama escribiendo mc en la consola.
El lugar donde podes hacer la copia puede ser tu directorio de trabajo, por ejemplo /home/sergio.
Aquí podes crear una nueva carpeta que se llame por ejemplo X8505 y dentro de ella otra que diga respaldo y dentro de esta última copias las carpetas cx23885 y cx25840 con todo su contenido.

 
*|No sé que más hacer, quiero empezar y hacer lo más que se pueda, pero sin copiar eso no quiero hacer mucho.*

Siempre es mejor hacer un respaldo y luego largarse a probar.

*| Y como dije antes, si se les hace muy pesado el asunto porque yo no entiendo demasiado me lo dicen, yo no me voy a enojar :smile:.*

Esperemos que todos tengamos buena paciencia y suerte para que lleguemos a buen fin.
Si tenes algún buen amigo que sepa algo de linux cerca de tu casa es un buen momento para pedir ayuda y sino con gusto te la daremos desde aquí.

Saludos,

Alfredo

---

### Post by guillermolisi on 2011-11-12
> **alfredo_ said:**
> Hola

Respondo entre lineas

......

*| Ahora, la primera pregunta es la siguiente: Como bien dijo  guillermolisi, tengo el kernel 3.1 y varios anteriores 2.algo... Y  varias cosas que hago en la terminal me hace los cambios en el kernel  principal cuando instale el Sistema operativo. "_OJO_ el kernel fuente y  el que se está ejecutando en la máquina tiene que ser el mismo". No sé  como hacer para que todo lo haga en el kernel nuevo (3.1 en mi caso).  ¿Tengo que eliminar (o desinstalar) los kernel anteriores? Si es así  ¿Cómo? ¿Tengo que seguir los pasos que me dierno antes de cómo compilar  un núcleo?*


Espero que esto te lo conteste Guillermo. Pero en mi máquina si paso a una consola (Alt+Ctrl+F1 a F6) en la última línea me suele decir que kernel se esta usando o cuando aparece el menú de arranque de la PC (GRUB) me dice por ejemplo Ubuntu koala 2.6.30 y Ubuntu Koala 3.1.0. Si arranca con el que dice 3.1.0 quiere decir (puede fallar) que estas usando el kernel 3.1.0
En cuanto a las fuentes en /usr/src/linux aquí tienes las fuentes el kernel que estas compilando si tienes ademas de esto otros, por ejemplo /usr/src/linux-2.6.28 y/o /usr/src/linux-2.6.31 quiere decir que tienes mas de un kernel para compilar. El que tendrías que usar en un principio es el que esta en /usr/src/linx, pero mejor que te lo aclare Guillermo, por no estoy muy al tanto en compilación con Ubuntu y el que tengo instalado no lo quiero modificar porque lo uso para mover una máquina.

.....

Saludos,

Alfredo

Si tenes mas de un kernel instalado y recibis una actualizacion, con repetir los pasos que recomienda Alfredo es suficiente. NO es necesario desinstalar/remover los kernels anteriores. Es mas, siempre es bueno tener el ultimo usado, que sabes funciona bien en tu maquina, para utilizarlo en caso de emergencia por algun problema que se presente con el nuevo.

No es obligatorio repetir la compilacion aconsejada sobre los kernels que tengas anteriores al ultimo a usar, ya sea porque no te interesan usarlos mas o porque ya los generaste, con el proceso que sugiere Alfredo, con los modulos de la placa.

En /usr/src/linux podes encontrar cosas como las del siguiente ejemplo, tomado de una de las maquinas que utilizo:

> guille@guillermo:~$ ls -al /usr/src
total 32
drwxr-xr-x  8 root root 4096 2011-10-24 22:00 .
drwxr-xr-x 12 root root 4096 2011-11-09 00:56 ..
drwxr-xr-x 24 root root 4096 2011-10-22 00:47 linux-headers-3.0.0-12
drwxr-xr-x  7 root root 4096 2011-10-22 00:47 linux-headers-3.0.0-12-generic
drwxr-xr-x  3 root root 4096 2011-10-24 22:00 nvidia-current-280.13
drwxr-xr-x  3 root root 4096 2011-10-24 22:00 nvidia-current-updates-280.13
drwxr-xr-x 12 root root 4096 2011-10-23 00:01 virtualbox-4.1.2
drwxr-xr-x  7 root root 4096 2011-10-23 00:01 virtualbox-guest-4.1.2

En el caso mostrado Ubuntu utiliza dos metodos, basados en [DKMS]("http://en.wikipedia.org/wiki/Dynamic_Kernel_Module_Support"), que se instalan para evitar todo el proceso de compilacion manual para los drivers nVidia y VirtualBox cada vez que se recibe una actualizacion de version del kernel.

Lo mas importante de esto es que la version de linux-headers DEBE coincidir con la version del kernel a utilizar (a compilar).

---

### Post by 53RG10 on 2011-11-12
Bueno, empezamos.
Ya hice las copias por las dudas, e hice esto por si hay algo que esté mal que tenga que saber (los que entienden son ustedes):

ls -al /usr/src
```
total 60
drwxrwsr-x 15 root src  4096 2011-11-12 23:54 .
drwxr-xr-x 12 root root 4096 2011-11-10 01:08 ..
drwxr-sr-x  2 root src  4096 2011-11-10 01:08 ati
drwxr-sr-x  3 root src  4096 2011-11-10 01:08 fglrx-8.892
drwxr-xr-x 24 root root 4096 2011-08-12 13:09 linux-headers-2.6.38-10
drwxr-xr-x  7 root root 4096 2011-08-12 13:09 linux-headers-2.6.38-10-generic
drwxr-xr-x 24 root root 4096 2011-10-10 12:41 linux-headers-2.6.38-11
drwxr-xr-x  7 root root 4096 2011-10-10 12:41 linux-headers-2.6.38-11-generic
drwxr-xr-x 24 root root 4096 2011-11-01 11:15 linux-headers-2.6.38-12
drwxr-xr-x  7 root root 4096 2011-11-01 11:15 linux-headers-2.6.38-12-generic
drwxr-xr-x 24 root root 4096 2011-04-25 20:08 linux-headers-2.6.38-8
drwxr-xr-x  7 root root 4096 2011-11-10 19:42 linux-headers-2.6.38-8-generic
drwxr-xr-x 23 root root 4096 2011-11-10 11:39 linux-headers-3.1.0-030100
drwxr-xr-x  7 root root 4096 2011-11-10 11:40 linux-headers-3.1.0-030100-generic
drwxr-xr-x  4 root root 4096 2011-11-12 23:54 linux-source-2.6.38
lrwxrwxrwx  1 root root   47 2011-11-12 23:54 linux-source-2.6.38.tar.bz2 -> linux-source-2.6.38/linux-source-2.6.38.tar.bz2
```# uname -r
3.1.0-030100-generic

Aclaro también que esto es lo que ya tengo:
# lspci
```
00:00.0 Host bridge: Advanced Micro Devices [AMD] RS880 Host Bridge
00:01.0 PCI bridge: Advanced Micro Devices [AMD] RS780/RS880 PCI to PCI bridge (int gfx)
00:05.0 PCI bridge: Advanced Micro Devices [AMD] RS780 PCI to PCI bridge (PCIE port 1)
00:07.0 PCI bridge: Advanced Micro Devices [AMD] RS780 PCI to PCI bridge (PCIE port 3)
00:0a.0 PCI bridge: Advanced Micro Devices [AMD] RS780/RS880 PCI to PCI bridge (PCIE port 5)
00:11.0 SATA controller: ATI Technologies Inc SB7x0/SB8x0/SB9x0 SATA Controller [IDE mode] (rev 40)
00:12.0 USB Controller: ATI Technologies Inc SB7x0/SB8x0/SB9x0 USB OHCI0 Controller
00:12.2 USB Controller: ATI Technologies Inc SB7x0/SB8x0/SB9x0 USB EHCI Controller
00:13.0 USB Controller: ATI Technologies Inc SB7x0/SB8x0/SB9x0 USB OHCI0 Controller
00:13.2 USB Controller: ATI Technologies Inc SB7x0/SB8x0/SB9x0 USB EHCI Controller
00:14.0 SMBus: ATI Technologies Inc SBx00 SMBus Controller (rev 41)
00:14.1 IDE interface: ATI Technologies Inc SB7x0/SB8x0/SB9x0 IDE Controller (rev 40)
00:14.2 Audio device: ATI Technologies Inc SBx00 Azalia (Intel HDA) (rev 40)
00:14.3 ISA bridge: ATI Technologies Inc SB7x0/SB8x0/SB9x0 LPC host controller (rev 40)
00:14.4 PCI bridge: ATI Technologies Inc SBx00 PCI to PCI Bridge (rev 40)
00:14.5 USB Controller: ATI Technologies Inc SB7x0/SB8x0/SB9x0 USB OHCI2 Controller
00:15.0 PCI bridge: ATI Technologies Inc Device 43a0
00:16.0 USB Controller: ATI Technologies Inc SB7x0/SB8x0/SB9x0 USB OHCI0 Controller
00:16.2 USB Controller: ATI Technologies Inc SB7x0/SB8x0/SB9x0 USB EHCI Controller
00:18.0 Host bridge: Advanced Micro Devices [AMD] Family 10h Processor HyperTransport Configuration
00:18.1 Host bridge: Advanced Micro Devices [AMD] Family 10h Processor Address Map
00:18.2 Host bridge: Advanced Micro Devices [AMD] Family 10h Processor DRAM Controller
00:18.3 Host bridge: Advanced Micro Devices [AMD] Family 10h Processor Miscellaneous Control
00:18.4 Host bridge: Advanced Micro Devices [AMD] Family 10h Processor Link Control
01:05.0 VGA compatible controller: ATI Technologies Inc RS880 [Radeon HD 4290]
01:05.1 Audio device: ATI Technologies Inc RS880 Audio Device [Radeon HD 4200]
02:00.0 USB Controller: NEC Corporation uPD720200 USB 3.0 Host Controller (rev 03)
03:00.0 Multimedia video controller: Conexant Systems, Inc. CX23885 PCI Video and Audio Decoder (rev 02)
04:00.0 Ethernet controller: Realtek Semiconductor Co., Ltd. RTL8111/8168B PCI Express Gigabit Ethernet controller (rev 03)
05:07.0 Communication controller: Intel Corporation 536EP Data Fax Modem
05:0e.0 FireWire (IEEE 1394): Texas Instruments TSB43AB23 IEEE-1394a-2000 Controller (PHY/Link)
06:00.0 SATA controller: JMicron Technology Corp. JMB362/JMB363 Serial ATA Controller (rev 02)
06:00.1 IDE interface: JMicron Technology Corp. JMB362/JMB363 Serial ATA Controller (rev 02)

```# dmesg | grep 23885
```
[   12.288521] cx23885 driver version 0.0.3 loaded
[   12.288590] cx23885 0000:03:00.0: PCI INT A -> GSI 19 (level, low) -> IRQ 19
[   12.288594] cx23885[0]: Your board isn't known (yet) to the driver.
[   12.288595] cx23885[0]: Try to pick one of the existing card configs via
[   12.288596] cx23885[0]: card=<n> insmod option.  Updating to the latest
[   12.288596] cx23885[0]: version might help as well.
[   12.288598] cx23885[0]: Here is a list of valid choices for the card=<n> insmod option:
[   12.288599] cx23885[0]:    card=0 -> UNKNOWN/GENERIC
[   12.288600] cx23885[0]:    card=1 -> Hauppauge WinTV-HVR1800lp
[   12.288602] cx23885[0]:    card=2 -> Hauppauge WinTV-HVR1800
[   12.288603] cx23885[0]:    card=3 -> Hauppauge WinTV-HVR1250
[   12.288604] cx23885[0]:    card=4 -> DViCO FusionHDTV5 Express
[   12.288605] cx23885[0]:    card=5 -> Hauppauge WinTV-HVR1500Q
[   12.288606] cx23885[0]:    card=6 -> Hauppauge WinTV-HVR1500
[   12.288608] cx23885[0]:    card=7 -> Hauppauge WinTV-HVR1200
[   12.288609] cx23885[0]:    card=8 -> Hauppauge WinTV-HVR1700
[   12.288610] cx23885[0]:    card=9 -> Hauppauge WinTV-HVR1400
[   12.288611] cx23885[0]:    card=10 -> DViCO FusionHDTV7 Dual Express
[   12.288613] cx23885[0]:    card=11 -> DViCO FusionHDTV DVB-T Dual Express
[   12.288614] cx23885[0]:    card=12 -> Leadtek Winfast PxDVR3200 H
[   12.288615] cx23885[0]:    card=13 -> Compro VideoMate E650F
[   12.288616] cx23885[0]:    card=14 -> TurboSight TBS 6920
[   12.288617] cx23885[0]:    card=15 -> TeVii S470
[   12.288619] cx23885[0]:    card=16 -> DVBWorld DVB-S2 2005
[   12.288620] cx23885[0]:    card=17 -> NetUP Dual DVB-S2 CI
[   12.288621] cx23885[0]:    card=18 -> Hauppauge WinTV-HVR1270
[   12.288622] cx23885[0]:    card=19 -> Hauppauge WinTV-HVR1275
[   12.288623] cx23885[0]:    card=20 -> Hauppauge WinTV-HVR1255
[   12.288625] cx23885[0]:    card=21 -> Hauppauge WinTV-HVR1210
[   12.288626] cx23885[0]:    card=22 -> Mygica X8506 DMB-TH
[   12.288627] cx23885[0]:    card=23 -> Magic-Pro ProHDTV Extreme 2
[   12.288628] cx23885[0]:    card=24 -> Hauppauge WinTV-HVR1850
[   12.288629] cx23885[0]:    card=25 -> Compro VideoMate E800
[   12.288631] cx23885[0]:    card=26 -> Hauppauge WinTV-HVR1290
[   12.288632] cx23885[0]:    card=27 -> Mygica X8558 PRO DMB-TH
[   12.288633] cx23885[0]:    card=28 -> LEADTEK WinFast PxTV1200
[   12.288634] cx23885[0]:    card=29 -> GoTView X5 3D Hybrid
[   12.288636] cx23885[0]:    card=30 -> NetUP Dual DVB-T/C-CI RF
[   12.288637] cx23885[0]:    card=31 -> Leadtek Winfast PxDVR3200 H XC4000
[   12.288791] CORE cx23885[0]: subsystem: 14f1:8502, board: UNKNOWN/GENERIC [card=0,autodetected]
[   12.415572] cx23885_dev_checkrevision() Hardware revision = 0xb0
[   12.415576] cx23885[0]/0: found at 0000:03:00.0, rev: 2, irq: 19, latency: 0, mmio: 0xfd400000
[   12.415583] cx23885 0000:03:00.0: setting latency timer to 64
```Y si pongo: dmesg | grep xc5000 No aparece nada, o sea, el sintonizador no lo reconoce. Después de mostrar una idea de cómo está mi máquina, empiezo con las dudas:
> Para que te reconozca el sintonizador es necesario el controlador, sin este último solo interpreta que hay una placa y nada más, no hace nada.
Si deseas que te funcione es necesario un controlador. En:
[http://www.spinics.net/lists/linux-media/msg39915.html](http://www.spinics.net/lists/linux-media/msg39915.html)
tienes el parche que hay que aplicar a kernel para que te funcione la parte analógica.
La forma más fácil que encontré de hacerlo es bajarte el último kernel (>3.1) y compilarlo.
Luego le aplicas el parche a los archivos:
/usr/src/linux/drivers/media/video/cx23885/cx23885-cards.c
/usr/src/linux/drivers/media/video/cx23885/cx23885.h
/usr/src/linux/drivers/media/video/cx23885/cx23885-video.c
y compilas el módulo con el siguiente comando:
make SUBDIRS=drivers/media/video/cx23885 modules
esto te generara un nuevo cx23886.ko (el driver) que deberás copiarlo a la dirección donde están los controladores de tu distribución. En mi caso estos están en:
/lib/modules/3.1.0-3-desktop/kernel/drivers/media/video/cx23885/cx23885.ko Luego cargar el módulo (modprobe cx23885) o reiniciar la máquina para que lo cargue. Es necesario que el kernel tenga soporte para cx23885-alsa, sino te vas a tener que bajar los parches necesarios para el soporte de alsa que están en:

[http://git.linuxtv.org/liplianin/med...5-alsa-clean-2](http://git.linuxtv.org/liplianin/med...5-alsa-clean-2)Entré a las páginas y traté de entenderlo, pero no llego a hacer nada, perdón.

> Como herramienta de ayuda para editar y navegar por archivos, instala midnight commander (puede que lo haya escrito mal).Ya lo instalé y estaba escrito bien

> Lo mas importante de esto es que la version de linux-headers DEBE coincidir con la version del kernel a utilizar (a compilar).
¿Cómo sé eso o cómo lo hago?

Bueno, espero haber sido claro.
Saludos y seguiré agradeciendo

---

### Post by alfredo_ on 2011-11-13
Hola

Tienes que releer los mensajes anteriores de nuevo para recordar y verás que ya esta la respuesta a algunas de tus dudas. Cuando inicias la PC en el grub te da a elegir con que kernel quieres arrancar.
El sintonizador XC5000 no aparecerá hasta que el controlador este funcionando.

Ahora abre una consola como root y ve a /usr/src/linux-header-3.1.0-030100-generic o /usr/src/linux-header-3.1.0-030100 el que más cosa (carpetas y archivos) tenga y el que coincida con el que elijas para arrancar cuando inicia grub al encender la pc) ese será el que usaremos para compilar.

Tienes que tipear en la consola lo siguiente (van a tardar mucho en hacer estas instrucciones, en especial las últimas)

make clean

make oldconfig

make

make modules

Si tu pc tiene más de un núcleo agrega al final lo siguiente:

make clean -j3

make oldconfig -j3

make -j3

make modules -j3

Esto si tienes 4 núcleos tu pc, si tiene uno no se pone nada, si tiene 2 se pone j1, si son 3 se pone j2 si son 6 se pone j5

Bueno ya tienes para entretenerte un rato y vuelve a releer todos los mensajes.

Si hay alguna diferencia en como compilar espero que Guillermo me lo corrija por lo que he expuesto en mensajes anteriores

Saludos,

Alfredo

---

### Post by guillermolisi on 2011-11-13
> **alfredo_ said:**
> Hola

.....
Si tu pc tiene más de un núcleo agrega al final lo siguiente:

make clean -j3

make oldconfig -j3

make -j3

make modules -j3

Esto si tienes 4 núcleos tu pc, si tiene uno no se pone nada, si tiene 2 se pone j1, si son 3 se pone j2 si son 6 se pone j5

.....

Saludos,

Alfredo
Para saber a ciencia cierta cuantos nucleos tiene tu procesador, en una consola/terminal ingresa ```
sudo lshw
``` que te dara una larga salida con informacion detallada de tu hardware tal como es reconocido por el Linux que estas usando.

De toda esa salida, la parte referida a CPU es la mas importante para saber cuantos nucleos estan activos. A continuacion un ejemplo de mi maquina:
> *-core
       description: Motherboard
       product: P5VD2-MX
       vendor: ASUSTeK Computer INC.
       physical id: 0
       version: 1.XX
       serial: 123456789000
     *-firmware
          description: BIOS
          vendor: Phoenix Technologies, LTD
          physical id: 0
          version: ASUS P5VD2-MX ACPI BIOS Revision 1017
          date: 04/30/2007
          size: 128KiB
          capacity: 448KiB
          capabilities: isa pci pnp apm upgrade shadowing cdboot bootselect socketedrom edd int13floppy360 int13floppy1200 int13floppy720 int13floppy2880 int5printscreen int9keyboard int14serial int17printer int10video acpi usb agp ls120boot zipboot biosbootspecification
     [COLOR="RoyalBlue"]*-cpu:0[/COLOR]
          description: CPU
          product: Intel(R) Pentium(R) D CPU 2.80GHz
          vendor: Intel Corp.
          physical id: 5
          bus info: cpu@0
          version: 15.4.7
          serial: 0000-0F47-0000-0000-0000-0000
          slot: Socket 775
          size: 2996MHz
          capacity: 3800MHz
          width: 64 bits
          clock: 214MHz
          capabilities: boot fpu fpu_exception wp vme de pse tsc msr pae mce cx8 apic mtrr pge mca cmov pat pse36 clflush dts acpi mmx fxsr sse sse2 ss ht tm pbe nx x86-64 constant_tsc pebs bts pni dtes64 monitor ds_cpl cid cx16 xtpr lahf_lm
          configuration: id=0
        *-cache:0
             description: L1 cache
             physical id: 9
             slot: L1 Cache
             size: 16KiB
             capacity: 16KiB
             capabilities: synchronous internal write-back data
        *-cache:1
             description: L2 cache
             physical id: a
             slot: L2 Cache
             size: 1MiB
             capacity: 1MiB
             capabilities: synchronous internal write-back unified
        *-logicalcpu:0
             description: Logical CPU
             physical id: 0.1
             width: 64 bits
             capabilities: logical
        *-logicalcpu:1
             description: Logical CPU
             physical id: 0.2
             width: 64 bits
             capabilities: logical
     *-memory
          description: System Memory
          physical id: 2d
          slot: System board or motherboard
          size: 2GiB
        *-bank:0
             description: DIMM DDR2 533 MHz (1.9 ns)
             product: None
             vendor: None
             physical id: 0
             serial: None
             slot: A0
             size: 1GiB
             width: 64 bits
             clock: 533MHz (1.9ns)
        *-bank:1
             description: DIMM DDR2 533 MHz (1.9 ns)
             product: None
             vendor: None
             physical id: 1
             serial: None
             slot: A1
             size: 1GiB
             width: 64 bits
             clock: 533MHz (1.9ns)
     [COLOR="RoyalBlue"]*-cpu:1[/COLOR]
          physical id: 2
          bus info: cpu@1
          version: 15.4.7
          serial: 0000-0F47-0000-0000-0000-0000
          size: 3GHz
          capabilities: ht
          configuration: id=0
        *-logicalcpu:0
             description: Logical CPU
             physical id: 0.1
             capabilities: logical
        *-logicalcpu:1
             description: Logical CPU
             physical id: 0.2
             capabilities: logical
Fijate que se mencionan CPU:0 y CPU:1, esto seria equivalente a contar con dos nucleos => que deberia usar -j1 en mi caso.

53rg10, no te desanimes que venis muy bien, posta. Por lo pronto estas mostrando actitud, que es lo primero que se necesita para poder incorporar conocimientos.

---

### Post by 53RG10 on 2011-11-13
Hola
Me apareció sólo esto, así que imagino que sólo me lo toma como 1 nucleo:
```
*-cpu
          description: CPU
          product: AMD Phenom(tm) II X4 955 Processor
          vendor: Hynix Semiconductor (Hyundai Electronics)
          physical id: 4
          bus info: cpu@0
          version: AMD Phenom(tm) II X4 955 Processor
          slot: Socket M2
          size: 800MHz
          capacity: 800MHz
          width: 64 bits
          clock: 200MHz
          capabilities: fpu fpu_exception wp vme de pse tsc msr pae mce cx8 apic sep mtrr pge mca cmov pat pse36 clflush mmx fxsr sse sse2 ht syscall nx mmxext fxsr_opt pdpe1gb rdtscp x86-64 3dnowext 3dnow constant_tsc rep_good nopl nonstop_tsc extd_apicid pni monitor cx16 popcnt lahf_lm cmp_legacy svm extapic cr8_legacy abm sse4a misalignsse 3dnowprefetch osvw ibs skinit wdt npt lbrv svm_lock nrip_save cpufreq
```
Gracias por el incentivo de seguir, yo no tengo problemas de seguir y seguir, pero tampoco quiero tenerlos un mes tratando de que me ande una placa :).

Yo ya leí los mensajes anteriores, y si no me equivoco el próximo caso es aplicar el parche para la placa, cosa que no entendí mucho. Mi máquina arranca con el kernel 3.1, eso está correcto, y tengo los otros kernel como me dijeron.
Si pueden guiarme en el próximo paso, agradecido yo.
Saludos

---

### Post by alfredo_ on 2011-11-13
> **53RG10 said:**
> Hola
Me apareció sólo esto, así que imagino que sólo me lo toma como 1 nucleo:
```
*-cpu
          description: CPU
          product: AMD Phenom(tm) II X4 955 Processor
          vendor: Hynix Semiconductor (Hyundai Electronics)
          physical id: 4
          bus info: cpu@0
          version: AMD Phenom(tm) II X4 955 Processor
          slot: Socket M2
          size: 800MHz
          capacity: 800MHz
          width: 64 bits
          clock: 200MHz
          capabilities: fpu fpu_exception wp vme de pse tsc msr pae mce cx8 apic sep mtrr pge mca cmov pat pse36 clflush mmx fxsr sse sse2 ht syscall nx mmxext fxsr_opt pdpe1gb rdtscp x86-64 3dnowext 3dnow constant_tsc rep_good nopl nonstop_tsc extd_apicid pni monitor cx16 popcnt lahf_lm cmp_legacy svm extapic cr8_legacy abm sse4a misalignsse 3dnowprefetch osvw ibs skinit wdt npt lbrv svm_lock nrip_save cpufreq
```Gracias por el incentivo de seguir, yo no tengo problemas de seguir y seguir, pero tampoco quiero tenerlos un mes tratando de que me ande una placa :).

Yo ya leí los mensajes anteriores, y si no me equivoco el próximo caso es aplicar el parche para la placa, cosa que no entendí mucho. Mi máquina arranca con el kernel 3.1, eso está correcto, y tengo los otros kernel como me dijeron.
Si pueden guiarme en el próximo paso, agradecido yo.
Saludos

Bueno ya sabemos que tenes 4 nucleos, por lo tanto tenes que utilizar:

make clean -j3

make oldconfig -j3

make -j3

make modules -j3

Este -j3 que se agrega es solo para que utilice todos los núcleos al compilar, lo cual hará que tarde menos en hacer el trabajo.

Hecho esto y esperamos que no se produzca ningún error, viene el paso de modificar (emparchar) el kernel.

Antes de compilar es mejor haber hecho un respaldo del contenido de las carpetas cx23885 y cx25840, si no lo habías hechos y compilastes, hace igual el respaldo, solo vas a tener algo de "basura" en el respaldo, pero sirve igual.

Una vez que hayas hecho esto hay que bajarse los controladores, voy a ver que es más fácil si que los busques o que yo los adjunte, creo que esto último va ha ser lo mejor.

Saludos,

Alfredo

---

### Post by guillermolisi on 2011-11-13
> **53RG10 said:**
> Hola
Me apareció sólo esto, así que imagino que sólo me lo toma como 1 nucleo:
```
*-cpu
          description: CPU
          product: AMD Phenom(tm) II X4 955 Processor
          vendor: Hynix Semiconductor (Hyundai Electronics)
          physical id: 4
          bus info: cpu@0
          version: AMD Phenom(tm) II X4 955 Processor
          slot: Socket M2
          size: 800MHz
          capacity: 800MHz
          width: 64 bits
          clock: 200MHz
          capabilities: fpu fpu_exception wp vme de pse tsc msr pae mce cx8 apic sep mtrr pge mca cmov pat pse36 clflush mmx fxsr sse sse2 ht syscall nx mmxext fxsr_opt pdpe1gb rdtscp x86-64 3dnowext 3dnow constant_tsc rep_good nopl nonstop_tsc extd_apicid pni monitor cx16 popcnt lahf_lm cmp_legacy svm extapic cr8_legacy abm sse4a misalignsse 3dnowprefetch osvw ibs skinit wdt npt lbrv svm_lock nrip_save cpufreq
```
Gracias por el incentivo de seguir, yo no tengo problemas de seguir y seguir, pero tampoco quiero tenerlos un mes tratando de que me ande una placa :).

Yo ya leí los mensajes anteriores, y si no me equivoco el próximo caso es aplicar el parche para la placa, cosa que no entendí mucho. Mi máquina arranca con el kernel 3.1, eso está correcto, y tengo los otros kernel como me dijeron.
Si pueden guiarme en el próximo paso, agradecido yo.
Saludos
El [AMD Phenom II X4]("http://www.anandtech.com/show/2754") es un procesador de 4 nucleos.

Mas abajo de la salida del lshw que mostraste debe haber mas referencias en detalle a cada nucleo.

---

### Post by alfredo_ on 2011-11-13
Bueno veo que lo más fácil es que los adjunte, así que dentro de un rato si no me surge ningún problema te mando los míos propios.

Saludos,

Alfredo

---

### Post by alfredo_ on 2011-11-13
Bueno adjuntos están los archivos con los parches ya instalado, por lo que creo se te va a hacer más fácil.

En primer lugar reemplaza en usr/src/linux/drivers/media/video/cx23885 los archivos: 
cx23885-cards.c
cx23885-dvb.c
cx23885-video.c
cx23885.h
Kconfig
Makefile



y copia a esta carpeta también el archivo cx23885-alsa.c

---

### Post by alfredo_ on 2011-11-13
Una vez que hayas copiado los archivos es necesario que abras una consola como root.
Luego tienes que posicionarte en el directorio /usr/src/linux (en tu caso y también corregílo en la carta anterior en vez de linux el nombre que corresponde a tu kernel 3.1)
Ahora ejecuta el siguiente comando:

make SUBDIRS=drivers/media/video/cx23885 modules -j3

