---
title: "16.04 - Display blanks when moving cursor from one display to another"
date: 2016-04-24
forum: Hardware
---

### Post by gdi2k on 2016-04-24
I've installed Xubuntu 16.04 from scratch. 

I have an Intel Broadwell laptop (Lenovo X250) with integrated Intel graphics. I have it connected to two external Dell displays, which works fine. 

However, when I move my mouse cursor from one screen to another, this (sometimes) causes one of the displays to blank for 2 - 3 seconds. Sometimes it also happens when I am not moving the cursor from one screen to the other. The screen that blanks is always the active screen (where the mouse cursor is positioned). It happens around 10 - 15 times per hour, making the machine unusable. 

I have checked all logs (dmesg, syslog, Xorg logs etc.) and there is nothing related. 

I would like to try other Intel drivers, but can't see much available for 16.04. Any tips? It's driving me crazy.

---

### Post by gdi2k on 2016-04-24
Strangely this has resolved itself, and I hope it stays that way. I am wondering if it had to do with a xrandr misconfiguration, or perhaps it was solved by ACPI drivers for ThinkPads. Not sure.

---

### Post by gdi2k on 2016-04-25
Looks like I spoke too soon. After a reboot, the issue is back. 

Sometimes when it happens, I see this in syslog: 
```
[  454.670036] [drm:intel_cpu_fifo_underrun_irq_handler [i915]] *ERROR* CPU pipe B FIFO underrun
```

Sometimes not though, so I don't know if it is related. There are plenty of bug reports and forum posts discussing that issue, but no reports of blanking associated with it. It seems to be benign. 

I have dug out the hard drive that came with the laptop to boot into Windows to update Docking firmware as per (I have the UltraDock):
[https://support.lenovo.com/ph/en/documents/ht081248](https://support.lenovo.com/ph/en/documents/ht081248)

Any other ideas?

---

### Post by gdi2k on 2016-04-27
Just giving this a gentle bump. 

I have not made any progress on this at all. If I can't resolve it I'll have to downgrade back to 14.04, which would be really disappointing. :(

Things I have noticed: 
[LIST]
[*]The screen only blanks when I move the mouse cursor. How fast the mouse cursor is moved seems to determine the likelihood of blanking. 
[*]It happens most frequently if there is a lot of motion of the screen, such as when a video is playing. Less mouse cursor motion is required to cause a blank if the screen is more active / animated. 
[*]It happens most frequently when I move the mouse from one screen to another, but also happens if I just move the mouse on one screen. This cold be to do with speed - I am generally moving the cursor faster if I'm aiming for the other screen. 
[*]The screen where the mouse cursor is is always the one that blanks. 
[*]There is no prevelance with regard to which screen blanks. It's just wherever the cursor is. 
[*]It's driving me totally insane. There is much swearing involved. 
[/LIST]

Any suggestions at all would be highly appreciated! 

Here's a dmesg: 
```
[    0.000000] microcode: CPU0 microcode updated early to revision 0x22, date = 2015-09-11
[    0.000000] Initializing cgroup subsys cpuset
[    0.000000] Initializing cgroup subsys cpu
[    0.000000] Initializing cgroup subsys cpuacct
[    0.000000] Linux version 4.4.0-21-generic (buildd@lgw01-21) (gcc version 5.3.1 20160413 (Ubuntu 5.3.1-14ubuntu2) ) #37-Ubuntu SMP Mon Apr 18 18:33:37 UTC 2016 (Ubuntu 4.4.0-21.37-generic 4.4.6)
[    0.000000] Command line: BOOT_IMAGE=/boot/vmlinuz-4.4.0-21-generic root=UUID=d13ce82d-8ddc-4df4-af22-c9a8252d29d3 ro quiet splash usbcore.autosuspend=-1 vt.handoff=7
[    0.000000] KERNEL supported cpus:
[    0.000000]   Intel GenuineIntel
[    0.000000]   AMD AuthenticAMD
[    0.000000]   Centaur CentaurHauls
[    0.000000] x86/fpu: xstate_offset[2]:  576, xstate_sizes[2]:  256
[    0.000000] x86/fpu: Supporting XSAVE feature 0x01: 'x87 floating point registers'
[    0.000000] x86/fpu: Supporting XSAVE feature 0x02: 'SSE registers'
[    0.000000] x86/fpu: Supporting XSAVE feature 0x04: 'AVX registers'
[    0.000000] x86/fpu: Enabled xstate features 0x7, context size is 832 bytes, using 'standard' format.
[    0.000000] x86/fpu: Using 'eager' FPU context switches.
[    0.000000] e820: BIOS-provided physical RAM map:
[    0.000000] BIOS-e820: [mem 0x0000000000000000-0x000000000009cfff] usable
[    0.000000] BIOS-e820: [mem 0x000000000009d000-0x000000000009ffff] reserved
[    0.000000] BIOS-e820: [mem 0x00000000000e0000-0x00000000000fffff] reserved
[    0.000000] BIOS-e820: [mem 0x0000000000100000-0x000000000fffffff] usable
[    0.000000] BIOS-e820: [mem 0x0000000010000000-0x000000001000afff] reserved
[    0.000000] BIOS-e820: [mem 0x000000001000b000-0x00000000a05c1fff] usable
[    0.000000] BIOS-e820: [mem 0x00000000a05c2000-0x00000000acbfefff] reserved
[    0.000000] BIOS-e820: [mem 0x00000000acbff000-0x00000000acd7efff] ACPI NVS
[    0.000000] BIOS-e820: [mem 0x00000000acd7f000-0x00000000acdfefff] ACPI data
[    0.000000] BIOS-e820: [mem 0x00000000acdff000-0x00000000afffffff] reserved
[    0.000000] BIOS-e820: [mem 0x00000000f8000000-0x00000000fbffffff] reserved
[    0.000000] BIOS-e820: [mem 0x00000000fec00000-0x00000000fec00fff] reserved
[    0.000000] BIOS-e820: [mem 0x00000000fed08000-0x00000000fed08fff] reserved
[    0.000000] BIOS-e820: [mem 0x00000000fed10000-0x00000000fed19fff] reserved
[    0.000000] BIOS-e820: [mem 0x00000000fed1c000-0x00000000fed1ffff] reserved
[    0.000000] BIOS-e820: [mem 0x00000000fee00000-0x00000000fee00fff] reserved
[    0.000000] BIOS-e820: [mem 0x00000000ffa00000-0x00000000ffffffff] reserved
[    0.000000] BIOS-e820: [mem 0x0000000100000000-0x000000044dffffff] usable
[    0.000000] NX (Execute Disable) protection: active
[    0.000000] SMBIOS 2.7 present.
[    0.000000] DMI: LENOVO 20CMCTO1WW/20CMCTO1WW, BIOS N10ET36W (1.15 ) 06/19/2015
[    0.000000] e820: update [mem 0x00000000-0x00000fff] usable ==> reserved
[    0.000000] e820: remove [mem 0x000a0000-0x000fffff] usable
[    0.000000] e820: last_pfn = 0x44e000 max_arch_pfn = 0x400000000
[    0.000000] MTRR default type: write-back
[    0.000000] MTRR fixed ranges enabled:
[    0.000000]   00000-9FFFF write-back
[    0.000000]   A0000-BFFFF uncachable
[    0.000000]   C0000-FFFFF write-protect
[    0.000000] MTRR variable ranges enabled:
[    0.000000]   0 base 00C0000000 mask 7FC0000000 uncachable
[    0.000000]   1 base 00B0000000 mask 7FF0000000 uncachable
[    0.000000]   2 base 00AE000000 mask 7FFE000000 uncachable
[    0.000000]   3 base 00AD000000 mask 7FFF000000 uncachable
[    0.000000]   4 base 00ACE00000 mask 7FFFE00000 uncachable
[    0.000000]   5 disabled
[    0.000000]   6 disabled
[    0.000000]   7 disabled
[    0.000000]   8 disabled
[    0.000000]   9 disabled
[    0.000000] x86/PAT: Configuration [0-7]: WB  WC  UC- UC  WB  WC  UC- WT  
[    0.000000] e820: last_pfn = 0xa05c2 max_arch_pfn = 0x400000000
[    0.000000] found SMP MP-table at [mem 0x000f0100-0x000f010f] mapped at [ffff8800000f0100]
[    0.000000] Scanning 1 areas for low memory corruption
[    0.000000] Base memory trampoline at [ffff880000097000] 97000 size 24576
[    0.000000] Using GB pages for direct mapping
[    0.000000] BRK [0x021fe000, 0x021fefff] PGTABLE
[    0.000000] BRK [0x021ff000, 0x021fffff] PGTABLE
[    0.000000] BRK [0x02200000, 0x02200fff] PGTABLE
[    0.000000] BRK [0x02201000, 0x02201fff] PGTABLE
[    0.000000] BRK [0x02202000, 0x02202fff] PGTABLE
[    0.000000] BRK [0x02203000, 0x02203fff] PGTABLE
[    0.000000] RAMDISK: [mem 0x33a7e000-0x35d36fff]
[    0.000000] ACPI: Early table checksum verification disabled
[    0.000000] ACPI: RSDP 0x00000000000F0120 000024 (v02 LENOVO)
[    0.000000] ACPI: XSDT 0x00000000ACDFE1C0 0000EC (v01 LENOVO TP-N10   00001150 PTEC 00000002)
[    0.000000] ACPI: FACP 0x00000000ACDF9000 00010C (v05 LENOVO TP-N10   00001150 PTEC 00000002)
[    0.000000] ACPI: DSDT 0x00000000ACDE4000 010E04 (v01 LENOVO TP-N10   00001150 INTL 20120711)
[    0.000000] ACPI: FACS 0x00000000ACD68000 000040
[    0.000000] ACPI: ASF! 0x00000000ACDFD000 0000A5 (v32 LENOVO TP-N10   00001150 PTEC 00000002)
[    0.000000] ACPI: HPET 0x00000000ACDFC000 000038 (v01 LENOVO TP-N10   00001150 PTEC 00000002)
[    0.000000] ACPI: ECDT 0x00000000ACDFB000 000052 (v01 LENOVO TP-N10   00001150 PTEC 00000002)
[    0.000000] ACPI: APIC 0x00000000ACDF8000 000098 (v01 LENOVO TP-N10   00001150 PTEC 00000002)
[    0.000000] ACPI: MCFG 0x00000000ACDF7000 00003C (v01 LENOVO TP-N10   00001150 PTEC 00000002)
[    0.000000] ACPI: SSDT 0x00000000ACDF6000 000033 (v01 LENOVO TP-SSDT1 00000100 INTL 20120711)
[    0.000000] ACPI: SSDT 0x00000000ACDF5000 000486 (v01 LENOVO TP-SSDT2 00000200 INTL 20120711)
[    0.000000] ACPI: SSDT 0x00000000ACDE3000 0009CB (v01 LENOVO SataAhci 00001000 INTL 20120711)
[    0.000000] ACPI: SSDT 0x00000000ACDE2000 000152 (v01 LENOVO Rmv_Batt 00001000 INTL 20120711)
[    0.000000] ACPI: SSDT 0x00000000ACDE1000 000691 (v01 LENOVO Cpu0Ist  00003000 INTL 20120711)
[    0.000000] ACPI: SSDT 0x00000000ACDE0000 000B74 (v02 LENOVO CpuSsdt  00003000 INTL 20120711)
[    0.000000] ACPI: SSDT 0x00000000ACDDF000 000369 (v02 LENOVO CtdpB    00001000 INTL 20120711)
[    0.000000] ACPI: SSDT 0x00000000ACDDD000 001475 (v01 LENOVO SaSsdt   00003000 INTL 20120711)
[    0.000000] ACPI: SSDT 0x00000000ACDDC000 000394 (v02 LENOVO CppcTabl 00001000 INTL 20120711)
[    0.000000] ACPI: PCCT 0x00000000ACDDB000 00006E (v05 LENOVO TP-N10   00001150 PTEC 00000002)
[    0.000000] ACPI: SSDT 0x00000000ACDDA000 000AC4 (v02 LENOVO Cpc_Tabl 00001000 INTL 20120711)
[    0.000000] ACPI: TCPA 0x00000000ACDD9000 000032 (v02 PTL    LENOVO   06040000 LNVO 00000001)
[    0.000000] ACPI: SSDT 0x00000000ACDD8000 0006A3 (v01 Intel_ TpmTable 00001000 INTL 20120711)
[    0.000000] ACPI: UEFI 0x00000000ACDD7000 000042 (v01 LENOVO TP-N10   00001150 PTEC 00000002)
[    0.000000] ACPI: MSDM 0x00000000ACCB2000 000055 (v03 LENOVO TP-N10   00001150 PTEC 00000002)
[    0.000000] ACPI: BATB 0x00000000ACDD6000 000046 (v01 LENOVO TP-N10   00001150 PTEC 00000002)
[    0.000000] ACPI: FPDT 0x00000000ACDD5000 000064 (v01 LENOVO TP-N10   00001150 PTEC 00000002)
[    0.000000] ACPI: UEFI 0x00000000ACDD4000 0002F6 (v01 LENOVO TP-N10   00001150 PTEC 00000002)
[    0.000000] ACPI: DMAR 0x00000000ACDD3000 0000A8 (v01 LENOVO TP-N10   00001150 PTEC 00000002)
[    0.000000] ACPI: Local APIC address 0xfee00000
[    0.000000] No NUMA configuration found
[    0.000000] Faking a node at [mem 0x0000000000000000-0x000000044dffffff]
[    0.000000] NODE_DATA(0) allocated [mem 0x44dffa000-0x44dffefff]
[    0.000000] Zone ranges:
[    0.000000]   DMA      [mem 0x0000000000001000-0x0000000000ffffff]
[    0.000000]   DMA32    [mem 0x0000000001000000-0x00000000ffffffff]
[    0.000000]   Normal   [mem 0x0000000100000000-0x000000044dffffff]
[    0.000000]   Device   empty
[    0.000000] Movable zone start for each node
[    0.000000] Early memory node ranges
[    0.000000]   node   0: [mem 0x0000000000001000-0x000000000009cfff]
[    0.000000]   node   0: [mem 0x0000000000100000-0x000000000fffffff]
[    0.000000]   node   0: [mem 0x000000001000b000-0x00000000a05c1fff]
[    0.000000]   node   0: [mem 0x0000000100000000-0x000000044dffffff]
[    0.000000] Initmem setup node 0 [mem 0x0000000000001000-0x000000044dffffff]
[    0.000000] On node 0 totalpages: 4121939
[    0.000000]   DMA zone: 64 pages used for memmap
[    0.000000]   DMA zone: 21 pages reserved
[    0.000000]   DMA zone: 3996 pages, LIFO batch:0
[    0.000000]   DMA32 zone: 10199 pages used for memmap
[    0.000000]   DMA32 zone: 652727 pages, LIFO batch:31
[    0.000000]   Normal zone: 54144 pages used for memmap
[    0.000000]   Normal zone: 3465216 pages, LIFO batch:31
[    0.000000] Reserving Intel graphics stolen memory at 0xae000000-0xafffffff
[    0.000000] ACPI: PM-Timer IO Port: 0x1808
[    0.000000] ACPI: Local APIC address 0xfee00000
[    0.000000] ACPI: LAPIC_NMI (acpi_id[0x00] high edge lint[0x1])
[    0.000000] ACPI: LAPIC_NMI (acpi_id[0x01] high edge lint[0x1])
[    0.000000] IOAPIC[0]: apic_id 2, version 32, address 0xfec00000, GSI 0-39
[    0.000000] ACPI: INT_SRC_OVR (bus 0 bus_irq 0 global_irq 2 dfl dfl)
[    0.000000] ACPI: INT_SRC_OVR (bus 0 bus_irq 9 global_irq 9 high level)
[    0.000000] ACPI: IRQ0 used by override.
[    0.000000] ACPI: IRQ9 used by override.
[    0.000000] Using ACPI (MADT) for SMP configuration information
[    0.000000] ACPI: HPET id: 0x8086a301 base: 0xfed00000
[    0.000000] smpboot: Allowing 8 CPUs, 4 hotplug CPUs
[    0.000000] PM: Registered nosave memory: [mem 0x00000000-0x00000fff]
[    0.000000] PM: Registered nosave memory: [mem 0x0009d000-0x0009ffff]
[    0.000000] PM: Registered nosave memory: [mem 0x000a0000-0x000dffff]
[    0.000000] PM: Registered nosave memory: [mem 0x000e0000-0x000fffff]
[    0.000000] PM: Registered nosave memory: [mem 0x10000000-0x1000afff]
[    0.000000] PM: Registered nosave memory: [mem 0xa05c2000-0xacbfefff]
[    0.000000] PM: Registered nosave memory: [mem 0xacbff000-0xacd7efff]
[    0.000000] PM: Registered nosave memory: [mem 0xacd7f000-0xacdfefff]
[    0.000000] PM: Registered nosave memory: [mem 0xacdff000-0xafffffff]
[    0.000000] PM: Registered nosave memory: [mem 0xb0000000-0xf7ffffff]
[    0.000000] PM: Registered nosave memory: [mem 0xf8000000-0xfbffffff]
[    0.000000] PM: Registered nosave memory: [mem 0xfc000000-0xfebfffff]
[    0.000000] PM: Registered nosave memory: [mem 0xfec00000-0xfec00fff]
[    0.000000] PM: Registered nosave memory: [mem 0xfec01000-0xfed07fff]
[    0.000000] PM: Registered nosave memory: [mem 0xfed08000-0xfed08fff]
[    0.000000] PM: Registered nosave memory: [mem 0xfed09000-0xfed0ffff]
[    0.000000] PM: Registered nosave memory: [mem 0xfed10000-0xfed19fff]
[    0.000000] PM: Registered nosave memory: [mem 0xfed1a000-0xfed1bfff]
[    0.000000] PM: Registered nosave memory: [mem 0xfed1c000-0xfed1ffff]
[    0.000000] PM: Registered nosave memory: [mem 0xfed20000-0xfedfffff]
[    0.000000] PM: Registered nosave memory: [mem 0xfee00000-0xfee00fff]
[    0.000000] PM: Registered nosave memory: [mem 0xfee01000-0xff9fffff]
[    0.000000] PM: Registered nosave memory: [mem 0xffa00000-0xffffffff]
[    0.000000] e820: [mem 0xb0000000-0xf7ffffff] available for PCI devices
[    0.000000] Booting paravirtualized kernel on bare hardware
[    0.000000] clocksource: refined-jiffies: mask: 0xffffffff max_cycles: 0xffffffff, max_idle_ns: 7645519600211568 ns
[    0.000000] setup_percpu: NR_CPUS:256 nr_cpumask_bits:256 nr_cpu_ids:8 nr_node_ids:1
[    0.000000] PERCPU: Embedded 33 pages/cpu @ffff88044dc00000 s98008 r8192 d28968 u262144
[    0.000000] pcpu-alloc: s98008 r8192 d28968 u262144 alloc=1*2097152
[    0.000000] pcpu-alloc: [0] 0 1 2 3 4 5 6 7 
[    0.000000] Built 1 zonelists in Node order, mobility grouping on.  Total pages: 4057511
[    0.000000] Policy zone: Normal
[    0.000000] Kernel command line: BOOT_IMAGE=/boot/vmlinuz-4.4.0-21-generic root=UUID=d13ce82d-8ddc-4df4-af22-c9a8252d29d3 ro quiet splash usbcore.autosuspend=-1 vt.handoff=7
[    0.000000] PID hash table entries: 4096 (order: 3, 32768 bytes)
[    0.000000] Calgary: detecting Calgary via BIOS EBDA area
[    0.000000] Calgary: Unable to locate Rio Grande table in EBDA - bailing!
[    0.000000] Memory: 16106188K/16487756K available (8356K kernel code, 1278K rwdata, 3920K rodata, 1476K init, 1292K bss, 381568K reserved, 0K cma-reserved)
[    0.000000] SLUB: HWalign=64, Order=0-3, MinObjects=0, CPUs=8, Nodes=1
[    0.000000] Hierarchical RCU implementation.
[    0.000000] 	Build-time adjustment of leaf fanout to 64.
[    0.000000] 	RCU restricting CPUs from NR_CPUS=256 to nr_cpu_ids=8.
[    0.000000] RCU: Adjusting geometry for rcu_fanout_leaf=64, nr_cpu_ids=8
[    0.000000] NR_IRQS:16640 nr_irqs:760 16
[    0.000000] vt handoff: transparent VT on vt#7
[    0.000000] Console: colour dummy device 80x25
[    0.000000] console [tty0] enabled
[    0.000000] clocksource: hpet: mask: 0xffffffff max_cycles: 0xffffffff, max_idle_ns: 133484882848 ns
[    0.000000] hpet clockevent registered
[    0.000000] tsc: Fast TSC calibration using PIT
[    0.000000] tsc: Detected 2194.886 MHz processor
[    0.000031] Calibrating delay loop (skipped), value calculated using timer frequency.. 4389.77 BogoMIPS (lpj=8779544)
[    0.000034] pid_max: default: 32768 minimum: 301
[    0.000039] ACPI: Core revision 20150930
[    0.020983] ACPI: 12 ACPI AML tables successfully acquired and loaded
[    0.021007] Security Framework initialized
[    0.021008] Yama: becoming mindful.
[    0.021023] AppArmor: AppArmor initialized
[    0.022094] Dentry cache hash table entries: 2097152 (order: 12, 16777216 bytes)
[    0.025651] Inode-cache hash table entries: 1048576 (order: 11, 8388608 bytes)
[    0.027222] Mount-cache hash table entries: 32768 (order: 6, 262144 bytes)
[    0.027241] Mountpoint-cache hash table entries: 32768 (order: 6, 262144 bytes)
[    0.027519] Initializing cgroup subsys io
[    0.027522] Initializing cgroup subsys memory
[    0.027529] Initializing cgroup subsys devices
[    0.027531] Initializing cgroup subsys freezer
[    0.027533] Initializing cgroup subsys net_cls
[    0.027535] Initializing cgroup subsys perf_event
[    0.027537] Initializing cgroup subsys net_prio
[    0.027539] Initializing cgroup subsys hugetlb
[    0.027542] Initializing cgroup subsys pids
[    0.027565] CPU: Physical Processor ID: 0
[    0.027566] CPU: Processor Core ID: 0
[    0.027570] ENERGY_PERF_BIAS: Set to 'normal', was 'performance'
[    0.027571] ENERGY_PERF_BIAS: View and update with x86_energy_perf_policy(8)
[    0.028631] mce: CPU supports 7 MCE banks
[    0.028644] CPU0: Thermal monitoring enabled (TM1)
[    0.028653] process: using mwait in idle threads
[    0.028656] Last level iTLB entries: 4KB 64, 2MB 8, 4MB 8
[    0.028657] Last level dTLB entries: 4KB 64, 2MB 0, 4MB 0, 1GB 4
[    0.029037] Freeing SMP alternatives memory: 28K (ffffffff820b2000 - ffffffff820b9000)
[    0.036659] ftrace: allocating 31878 entries in 125 pages
[    0.051505] smpboot: Max logical packages: 4
[    0.051508] smpboot: APIC(0) Converting physical 0 to logical package 0
[    0.051519] DMAR: Host address width 39
[    0.051521] DMAR: DRHD base: 0x000000fed90000 flags: 0x0
[    0.051527] DMAR: dmar0: reg_base_addr fed90000 ver 1:0 cap 1c0000c40660462 ecap 7e1ff0505e
[    0.051528] DMAR: DRHD base: 0x000000fed91000 flags: 0x1
[    0.051532] DMAR: dmar1: reg_base_addr fed91000 ver 1:0 cap d2008c20660462 ecap f010da
[    0.051533] DMAR: RMRR base: 0x000000ac4ed000 end: 0x000000ac503fff
[    0.051534] DMAR: RMRR base: 0x000000ad800000 end: 0x000000afffffff
[    0.051536] DMAR-IR: IOAPIC id 2 under DRHD base  0xfed91000 IOMMU 1
[    0.051538] DMAR-IR: HPET id 0 under DRHD base 0xfed91000
[    0.051539] DMAR-IR: x2apic is disabled because BIOS sets x2apic opt out bit.
[    0.051540] DMAR-IR: Use 'intremap=no_x2apic_optout' to override the BIOS setting.
[    0.052003] DMAR-IR: Enabled IRQ remapping in xapic mode
[    0.052005] x2apic: IRQ remapping doesn't support X2APIC mode
[    0.052619] ..TIMER: vector=0x30 apic1=0 pin1=2 apic2=-1 pin2=-1
[    0.092311] TSC deadline timer enabled
[    0.092314] smpboot: CPU0: Intel(R) Core(TM) i5-5200U CPU @ 2.20GHz (family: 0x6, model: 0x3d, stepping: 0x4)
[    0.092330] Performance Events: PEBS fmt2+, 16-deep LBR, Broadwell events, full-width counters, Intel PMU driver.
[    0.092350] ... version:                3
[    0.092351] ... bit width:              48
[    0.092352] ... generic registers:      4
[    0.092353] ... value mask:             0000ffffffffffff
[    0.092354] ... max period:             0000ffffffffffff
[    0.092355] ... fixed-purpose events:   3
[    0.092356] ... event mask:             000000070000000f
[    0.093218] x86: Booting SMP configuration:
[    0.093219] .... node  #0, CPUs:      #1
[    0.096931] NMI watchdog: enabled on all CPUs, permanently consumes one hw-PMU counter.
[    0.097001]  #2
[    0.098444] microcode: CPU2 microcode updated early to revision 0x22, date = 2015-09-11
[    0.101667]  #3
[    0.105220] x86: Booted up 1 node, 4 CPUs
[    0.105223] smpboot: Total of 4 processors activated (17559.08 BogoMIPS)
[    0.109173] devtmpfs: initialized
[    0.112360] evm: security.selinux
[    0.112362] evm: security.SMACK64
[    0.112363] evm: security.SMACK64EXEC
[    0.112364] evm: security.SMACK64TRANSMUTE
[    0.112364] evm: security.SMACK64MMAP
[    0.112365] evm: security.ima
[    0.112366] evm: security.capability
[    0.112428] PM: Registering ACPI NVS region [mem 0xacbff000-0xacd7efff] (1572864 bytes)
[    0.112528] clocksource: jiffies: mask: 0xffffffff max_cycles: 0xffffffff, max_idle_ns: 7645041785100000 ns
[    0.112615] pinctrl core: initialized pinctrl subsystem
[    0.112721] RTC time: 22:53:16, date: 04/25/16
[    0.113982] NET: Registered protocol family 16
[    0.128979] cpuidle: using governor ladder
[    0.144983] cpuidle: using governor menu
[    0.144993] Error parsing PCC subspaces from PCCT
[    0.145065] ACPI FADT declares the system doesn't support PCIe ASPM, so disable it
[    0.145066] ACPI: bus type PCI registered
[    0.145068] acpiphp: ACPI Hot Plug PCI Controller Driver version: 0.5
[    0.145245] PCI: MMCONFIG for domain 0000 [bus 00-3f] at [mem 0xf8000000-0xfbffffff] (base 0xf8000000)
[    0.145247] PCI: MMCONFIG at [mem 0xf8000000-0xfbffffff] reserved in E820
[    0.145252] PCI: Using configuration type 1 for base access
[    0.161342] ACPI: Added _OSI(Module Device)
[    0.161344] ACPI: Added _OSI(Processor Device)
[    0.161346] ACPI: Added _OSI(3.0 _SCP Extensions)
[    0.161347] ACPI: Added _OSI(Processor Aggregator Device)
[    0.163345] ACPI : EC: EC description table is found, configuring boot EC
[    0.163356] ACPI : EC: EC started
[    0.168498] [Firmware Bug]: ACPI: BIOS _OSI(Linux) query ignored
[    0.171324] ACPI: Dynamic OEM Table Load:
[    0.171336] ACPI: SSDT 0xFFFF88043B133800 000436 (v01 PmRef  Cpu0Cst  00003001 INTL 20120711)
[    0.172072] ACPI: Dynamic OEM Table Load:
[    0.172080] ACPI: SSDT 0xFFFF88043B134000 0005AA (v01 PmRef  ApIst    00003000 INTL 20120711)
[    0.172862] ACPI: Dynamic OEM Table Load:
[    0.172869] ACPI: SSDT 0xFFFF88043B1A8C00 000119 (v02 PmRef  ApCst    00003000 INTL 20120711)
[    0.174031] ACPI: Interpreter enabled
[    0.174040] ACPI Exception: AE_NOT_FOUND, While evaluating Sleep State [\_S1_] (20150930/hwxface-580)
[    0.174049] ACPI Exception: AE_NOT_FOUND, While evaluating Sleep State [\_S2_] (20150930/hwxface-580)
[    0.174068] ACPI: (supports S0 S3 S4 S5)
[    0.174069] ACPI: Using IOAPIC for interrupt routing
[    0.174097] PCI: Using host bridge windows from ACPI; if necessary, use "pci=nocrs" and report a bug
[    0.176534] ACPI: Power Resource [PUBS] (on)
[    0.177148] acpi PNP0C0A:01: ACPI dock station (docks/bays count: 1)
[    0.177453] ACPI: Power Resource [NVP3] (on)
[    0.177480] ACPI: Power Resource [NVP2] (on)
[    0.181111] ACPI: PCI Interrupt Link [LNKA] (IRQs 3 4 5 6 7 9 10 *11)
[    0.181181] ACPI: PCI Interrupt Link [LNKB] (IRQs 3 4 5 6 7 *9 10 11)
[    0.181248] ACPI: PCI Interrupt Link [LNKC] (IRQs 3 4 5 6 7 9 *10 11)
[    0.181314] ACPI: PCI Interrupt Link [LNKD] (IRQs 3 4 5 6 *7 9 10 11)
[    0.181379] ACPI: PCI Interrupt Link [LNKE] (IRQs 3 4 5 *6 7 9 10 11)
[    0.181431] ACPI: PCI Interrupt Link [LNKF] (IRQs 3 4 5 6 7 9 10 11) *0, disabled.
[    0.181498] ACPI: PCI Interrupt Link [LNKG] (IRQs 3 4 5 6 7 9 10 *11)
[    0.181548] ACPI: PCI Interrupt Link [LNKH] (IRQs 3 4 5 6 7 9 10 11) *0, disabled.
[    0.181630] ACPI: PCI Root Bridge [PCI0] (domain 0000 [bus 00-3f])
[    0.181635] acpi PNP0A08:00: _OSC: OS supports [ExtendedConfig ASPM ClockPM Segments MSI]
[    0.181736] acpi PNP0A08:00: _OSC: platform does not support [PCIeCapability]
[    0.181780] acpi PNP0A08:00: _OSC: not requesting control; platform does not support [PCIeCapability]
[    0.181782] acpi PNP0A08:00: _OSC: OS requested [PCIeHotplug PME AER PCIeCapability]
[    0.181784] acpi PNP0A08:00: _OSC: platform willing to grant [PCIeHotplug PME AER]
[    0.181785] acpi PNP0A08:00: _OSC failed (AE_SUPPORT); disabling ASPM
[    0.181935] PCI host bridge to bus 0000:00
[    0.181938] pci_bus 0000:00: root bus resource [io  0x0000-0x0cf7 window]
[    0.181940] pci_bus 0000:00: root bus resource [io  0x0d00-0xffff window]
[    0.181942] pci_bus 0000:00: root bus resource [mem 0x000a0000-0x000bffff window]
[    0.181943] pci_bus 0000:00: root bus resource [mem 0xb0000000-0xfebfffff window]
[    0.181945] pci_bus 0000:00: root bus resource [mem 0xfed40000-0xfed4bfff window]
[    0.181947] pci_bus 0000:00: root bus resource [bus 00-3f]
[    0.181954] pci 0000:00:00.0: [8086:1604] type 00 class 0x060000
[    0.182034] pci 0000:00:02.0: [8086:1616] type 00 class 0x030000
[    0.182049] pci 0000:00:02.0: reg 0x10: [mem 0xe0000000-0xe0ffffff 64bit]
[    0.182055] pci 0000:00:02.0: reg 0x18: [mem 0xc0000000-0xdfffffff 64bit pref]
[    0.182060] pci 0000:00:02.0: reg 0x20: [io  0x3000-0x303f]
[    0.182130] pci 0000:00:03.0: [8086:160c] type 00 class 0x040300
[    0.182142] pci 0000:00:03.0: reg 0x10: [mem 0xe1230000-0xe1233fff 64bit]
[    0.182232] pci 0000:00:14.0: [8086:9cb1] type 00 class 0x0c0330
[    0.182255] pci 0000:00:14.0: reg 0x10: [mem 0xe1220000-0xe122ffff 64bit]
[    0.182302] pci 0000:00:14.0: PME# supported from D3hot D3cold
[    0.182329] pci 0000:00:14.0: System wakeup disabled by ACPI
[    0.182365] pci 0000:00:16.0: [8086:9cba] type 00 class 0x078000
[    0.182392] pci 0000:00:16.0: reg 0x10: [mem 0xe1239000-0xe123901f 64bit]
[    0.182447] pci 0000:00:16.0: PME# supported from D0 D3hot D3cold
[    0.182510] pci 0000:00:19.0: [8086:15a2] type 00 class 0x020000
[    0.182532] pci 0000:00:19.0: reg 0x10: [mem 0xe1200000-0xe121ffff]
[    0.182539] pci 0000:00:19.0: reg 0x14: [mem 0xe123d000-0xe123dfff]
[    0.182546] pci 0000:00:19.0: reg 0x18: [io  0x3080-0x309f]
[    0.182590] pci 0000:00:19.0: PME# supported from D0 D3hot D3cold
[    0.182618] pci 0000:00:19.0: System wakeup disabled by ACPI
[    0.182653] pci 0000:00:1b.0: [8086:9ca0] type 00 class 0x040300
[    0.182676] pci 0000:00:1b.0: reg 0x10: [mem 0xe1234000-0xe1237fff 64bit]
[    0.182722] pci 0000:00:1b.0: PME# supported from D0 D3hot D3cold
[    0.182778] pci 0000:00:1c.0: [8086:9c9a] type 01 class 0x060400
[    0.182837] pci 0000:00:1c.0: PME# supported from D0 D3hot D3cold
[    0.182935] pci 0000:00:1c.1: [8086:9c94] type 01 class 0x060400
[    0.183001] pci 0000:00:1c.1: PME# supported from D0 D3hot D3cold
[    0.183063] pci 0000:00:1c.1: System wakeup disabled by ACPI
[    0.183106] pci 0000:00:1f.0: [8086:9cc3] type 00 class 0x060100
[    0.183265] pci 0000:00:1f.2: [8086:9c83] type 00 class 0x010601
[    0.183284] pci 0000:00:1f.2: reg 0x10: [io  0x30a8-0x30af]
[    0.183290] pci 0000:00:1f.2: reg 0x14: [io  0x30b4-0x30b7]
[    0.183297] pci 0000:00:1f.2: reg 0x18: [io  0x30a0-0x30a7]
[    0.183303] pci 0000:00:1f.2: reg 0x1c: [io  0x30b0-0x30b3]
[    0.183310] pci 0000:00:1f.2: reg 0x20: [io  0x3060-0x307f]
[    0.183317] pci 0000:00:1f.2: reg 0x24: [mem 0xe123c000-0xe123c7ff]
[    0.183341] pci 0000:00:1f.2: PME# supported from D3hot
[    0.183395] pci 0000:00:1f.3: [8086:9ca2] type 00 class 0x0c0500
[    0.183410] pci 0000:00:1f.3: reg 0x10: [mem 0xe1238000-0xe12380ff 64bit]
[    0.183428] pci 0000:00:1f.3: reg 0x20: [io  0xefa0-0xefbf]
[    0.183501] pci 0000:00:1f.6: [8086:9ca4] type 00 class 0x118000
[    0.183543] pci 0000:00:1f.6: reg 0x10: [mem 0xe123b000-0xe123bfff 64bit]
[    0.183728] pci 0000:02:00.0: [10ec:5227] type 00 class 0xff0000
[    0.183770] pci 0000:02:00.0: reg 0x10: [mem 0xe1100000-0xe1100fff]
[    0.183889] pci 0000:02:00.0: supports D1 D2
[    0.183891] pci 0000:02:00.0: PME# supported from D1 D2 D3hot D3cold
[    0.189030] pci 0000:00:1c.0: PCI bridge to [bus 02]
[    0.189035] pci 0000:00:1c.0:   bridge window [mem 0xe1100000-0xe11fffff]
[    0.189259] pci 0000:03:00.0: [8086:095b] type 00 class 0x028000
[    0.189368] pci 0000:03:00.0: reg 0x10: [mem 0xe1000000-0xe1001fff 64bit]
[    0.189626] pci 0000:03:00.0: PME# supported from D0 D3hot D3cold
[    0.197193] pci 0000:00:1c.1: PCI bridge to [bus 03]
[    0.197197] pci 0000:00:1c.1:   bridge window [mem 0xe1000000-0xe10fffff]
[    0.198033] ACPI: Enabled 4 GPEs in block 00 to 7F
[    0.198092] ACPI : EC: GPE = 0x25, I/O: command/status = 0x66, data = 0x62
[    0.198200] vgaarb: setting as boot device: PCI:0000:00:02.0
[    0.198202] vgaarb: device added: PCI:0000:00:02.0,decodes=io+mem,owns=io+mem,locks=none
[    0.198204] vgaarb: loaded
[    0.198205] vgaarb: bridge control possible 0000:00:02.0
[    0.198444] SCSI subsystem initialized
[    0.198487] libata version 3.00 loaded.
[    0.198510] ACPI: bus type USB registered
[    0.198524] usbcore: registered new interface driver usbfs
[    0.198533] usbcore: registered new interface driver hub
[    0.198549] usbcore: registered new device driver usb
[    0.198685] PCI: Using ACPI for IRQ routing
[    0.199945] PCI: pci_cache_line_size set to 64 bytes
[    0.200306] e820: reserve RAM buffer [mem 0x0009d000-0x0009ffff]
[    0.200308] e820: reserve RAM buffer [mem 0xa05c2000-0xa3ffffff]
[    0.200309] e820: reserve RAM buffer [mem 0x44e000000-0x44fffffff]
[    0.200426] NetLabel: Initializing
[    0.200428] NetLabel:  domain hash size = 128
[    0.200428] NetLabel:  protocols = UNLABELED CIPSOv4
[    0.200439] NetLabel:  unlabeled traffic allowed by default
[    0.200507] hpet0: at MMIO 0xfed00000, IRQs 2, 8, 0, 0, 0, 0, 0, 0
[    0.200512] hpet0: 8 comparators, 64-bit 14.318180 MHz counter
[    0.202538] clocksource: Switched to clocksource hpet
[    0.208687] AppArmor: AppArmor Filesystem Enabled
[    0.208752] pnp: PnP ACPI init
[    0.209129] system 00:00: [mem 0x00000000-0x0009ffff] could not be reserved
[    0.209132] system 00:00: [mem 0x000c0000-0x000c3fff] could not be reserved
[    0.209134] system 00:00: [mem 0x000c4000-0x000c7fff] could not be reserved
[    0.209135] system 00:00: [mem 0x000c8000-0x000cbfff] could not be reserved
[    0.209137] system 00:00: [mem 0x000cc000-0x000cffff] could not be reserved
[    0.209139] system 00:00: [mem 0x000d0000-0x000d3fff] has been reserved
[    0.209140] system 00:00: [mem 0x000d4000-0x000d7fff] has been reserved
[    0.209142] system 00:00: [mem 0x000d8000-0x000dbfff] has been reserved
[    0.209143] system 00:00: [mem 0x000dc000-0x000dffff] has been reserved
[    0.209145] system 00:00: [mem 0x000e0000-0x000e3fff] could not be reserved
[    0.209147] system 00:00: [mem 0x000e4000-0x000e7fff] could not be reserved
[    0.209148] system 00:00: [mem 0x000e8000-0x000ebfff] could not be reserved
[    0.209150] system 00:00: [mem 0x000ec000-0x000effff] could not be reserved
[    0.209152] system 00:00: [mem 0x000f0000-0x000fffff] could not be reserved
[    0.209153] system 00:00: [mem 0x00100000-0xafffffff] could not be reserved
[    0.209155] system 00:00: [mem 0xfec00000-0xfed3ffff] could not be reserved
[    0.209157] system 00:00: [mem 0xfed4c000-0xffffffff] could not be reserved
[    0.209161] system 00:00: Plug and Play ACPI device, IDs PNP0c01 (active)
[    0.209258] system 00:01: [io  0x1800-0x189f] could not be reserved
[    0.209260] system 00:01: [io  0x0800-0x087f] has been reserved
[    0.209262] system 00:01: [io  0x0880-0x08ff] has been reserved
[    0.209264] system 00:01: [io  0x0900-0x097f] has been reserved
[    0.209265] system 00:01: [io  0x0980-0x09ff] has been reserved
[    0.209268] system 00:01: [io  0x0a00-0x0a7f] has been reserved
[    0.209269] system 00:01: [io  0x0a80-0x0aff] has been reserved
[    0.209271] system 00:01: [io  0x0b00-0x0b7f] has been reserved
[    0.209273] system 00:01: [io  0x0b80-0x0bff] has been reserved
[    0.209274] system 00:01: [io  0x15e0-0x15ef] has been reserved
[    0.209276] system 00:01: [io  0x1600-0x167f] has been reserved
[    0.209278] system 00:01: [io  0x1640-0x165f] has been reserved
[    0.209280] system 00:01: [mem 0xf8000000-0xfbffffff] has been reserved
[    0.209282] system 00:01: [mem 0xfed1c000-0xfed1ffff] has been reserved
[    0.209283] system 00:01: [mem 0xfed10000-0xfed13fff] has been reserved
[    0.209285] system 00:01: [mem 0xfed18000-0xfed18fff] has been reserved
[    0.209287] system 00:01: [mem 0xfed19000-0xfed19fff] has been reserved
[    0.209289] system 00:01: [mem 0xfed45000-0xfed4bfff] has been reserved
[    0.209291] system 00:01: Plug and Play ACPI device, IDs PNP0c02 (active)
[    0.209347] pnp 00:02: Plug and Play ACPI device, IDs PNP0b00 (active)
[    0.209369] pnp 00:03: Plug and Play ACPI device, IDs LEN0071 PNP0303 (active)
[    0.209389] pnp 00:04: Plug and Play ACPI device, IDs LEN0046 PNP0f13 (active)
[    0.209716] pnp 00:05: Plug and Play ACPI device, IDs SMO1200 PNP0c31 (active)
[    0.209879] system 00:06: [mem 0xb0010000-0xb001ffff] has been reserved
[    0.209881] system 00:06: [mem 0xb0000000-0xb000ffff] has been reserved
[    0.209883] system 00:06: Plug and Play ACPI device, IDs PNP0c02 (active)
[    0.209911] pnp: PnP ACPI: found 7 devices
[    0.216022] clocksource: acpi_pm: mask: 0xffffff max_cycles: 0xffffff, max_idle_ns: 2085701024 ns
[    0.216044] pci 0000:00:1c.0: PCI bridge to [bus 02]
[    0.216049] pci 0000:00:1c.0:   bridge window [mem 0xe1100000-0xe11fffff]
[    0.216056] pci 0000:00:1c.1: PCI bridge to [bus 03]
[    0.216060] pci 0000:00:1c.1:   bridge window [mem 0xe1000000-0xe10fffff]
[    0.216068] pci_bus 0000:00: resource 4 [io  0x0000-0x0cf7 window]
[    0.216070] pci_bus 0000:00: resource 5 [io  0x0d00-0xffff window]
[    0.216072] pci_bus 0000:00: resource 6 [mem 0x000a0000-0x000bffff window]
[    0.216073] pci_bus 0000:00: resource 7 [mem 0xb0000000-0xfebfffff window]
[    0.216075] pci_bus 0000:00: resource 8 [mem 0xfed40000-0xfed4bfff window]
[    0.216076] pci_bus 0000:02: resource 1 [mem 0xe1100000-0xe11fffff]
[    0.216078] pci_bus 0000:03: resource 1 [mem 0xe1000000-0xe10fffff]
[    0.216111] NET: Registered protocol family 2
[    0.216315] TCP established hash table entries: 131072 (order: 8, 1048576 bytes)
[    0.216533] TCP bind hash table entries: 65536 (order: 8, 1048576 bytes)
[    0.216686] TCP: Hash tables configured (established 131072 bind 65536)
[    0.216723] UDP hash table entries: 8192 (order: 6, 262144 bytes)
[    0.216780] UDP-Lite hash table entries: 8192 (order: 6, 262144 bytes)
[    0.216866] NET: Registered protocol family 1
[    0.216881] pci 0000:00:02.0: Video device with shadowed ROM
[    0.217096] PCI: CLS 64 bytes, default 64
[    0.217143] Trying to unpack rootfs image as initramfs...
[    0.805802] Freeing initrd memory: 35556K (ffff880033a7e000 - ffff880035d37000)
[    0.805837] PCI-DMA: Using software bounce buffering for IO (SWIOTLB)
[    0.805840] software IO TLB [mem 0x9c5c2000-0xa05c2000] (64MB) mapped at [ffff88009c5c2000-ffff8800a05c1fff]
[    0.805908] RAPL PMU detected, API unit is 2^-32 Joules, 4 fixed counters 655360 ms ovfl timer
[    0.805909] hw unit of domain pp0-core 2^-14 Joules
[    0.805910] hw unit of domain package 2^-14 Joules
[    0.805911] hw unit of domain dram 2^-14 Joules
[    0.805912] hw unit of domain pp1-gpu 2^-14 Joules
[    0.805951] resource sanity check: requesting [mem 0xfed10000-0xfed15fff], which spans more than pnp 00:01 [mem 0xfed10000-0xfed13fff]
[    0.805952] ------------[ cut here ]------------
[    0.805957] WARNING: CPU: 1 PID: 1 at /build/linux-Ay7j_C/linux-4.4.0/arch/x86/mm/ioremap.c:198 __ioremap_caller+0x2c5/0x380()
[    0.805958] Info: mapping multiple BARs. Your kernel is fine.
[    0.805959] Modules linked in:

[    0.805963] CPU: 1 PID: 1 Comm: swapper/0 Not tainted 4.4.0-21-generic #37-Ubuntu
[    0.805965] Hardware name: LENOVO 20CMCTO1WW/20CMCTO1WW, BIOS N10ET36W (1.15 ) 06/19/2015
[    0.805967]  0000000000000286 00000000b86e4eaa ffff88043ba83b38 ffffffff813e93c3
[    0.805969]  ffff88043ba83b80 ffffffff81ca83c8 ffff88043ba83b70 ffffffff81080f62
[    0.805971]  00000000fed10000 ffffc90001b90000 0000000000006000 0000000000000000
[    0.805973] Call Trace:
[    0.805978]  [<ffffffff813e93c3>] dump_stack+0x63/0x90
[    0.805981]  [<ffffffff81080f62>] warn_slowpath_common+0x82/0xc0
[    0.805983]  [<ffffffff81080ffc>] warn_slowpath_fmt+0x5c/0x80
[    0.805985]  [<ffffffff810879ea>] ? iomem_map_sanity_check+0xba/0xd0
[    0.805988]  [<ffffffff8106bc25>] __ioremap_caller+0x2c5/0x380
[    0.805990]  [<ffffffff8106bcf7>] ioremap_nocache+0x17/0x20
[    0.805992]  [<ffffffff81019179>] snb_uncore_imc_init_box+0x79/0xb0
[    0.805995]  [<ffffffff81016408>] uncore_pci_probe+0xd8/0x1f0
[    0.805999]  [<ffffffff81439465>] local_pci_probe+0x45/0xa0
[    0.806002]  [<ffffffff8143a8a3>] pci_device_probe+0x103/0x150
[    0.806006]  [<ffffffff8154bd12>] driver_probe_device+0x222/0x4a0
[    0.806007]  [<ffffffff8154c014>] __driver_attach+0x84/0x90
[    0.806009]  [<ffffffff8154bf90>] ? driver_probe_device+0x4a0/0x4a0
[    0.806011]  [<ffffffff8154993c>] bus_for_each_dev+0x6c/0xc0
[    0.806014]  [<ffffffff8154b4ce>] driver_attach+0x1e/0x20
[    0.806016]  [<ffffffff8154b00b>] bus_add_driver+0x1eb/0x280
[    0.806019]  [<ffffffff81f60125>] ? uncore_cpu_setup+0x12/0x12
[    0.806020]  [<ffffffff8154c920>] driver_register+0x60/0xe0
[    0.806023]  [<ffffffff81438d8c>] __pci_register_driver+0x4c/0x50
[    0.806024]  [<ffffffff81f6021a>] intel_uncore_init+0xf5/0x306
[    0.806026]  [<ffffffff81f60125>] ? uncore_cpu_setup+0x12/0x12
[    0.806028]  [<ffffffff81002123>] do_one_initcall+0xb3/0x200
[    0.806030]  [<ffffffff8109fb71>] ? parse_args+0x161/0x4b0
[    0.806034]  [<ffffffff81f5a1a5>] kernel_init_freeable+0x173/0x212
[    0.806037]  [<ffffffff81817f30>] ? rest_init+0x80/0x80
[    0.806040]  [<ffffffff81817f3e>] kernel_init+0xe/0xe0
[    0.806042]  [<ffffffff8182488f>] ret_from_fork+0x3f/0x70
[    0.806045]  [<ffffffff81817f30>] ? rest_init+0x80/0x80
[    0.806049] ---[ end trace 894ed650a29d995d ]---
[    0.806164] Scanning for low memory corruption every 60 seconds
[    0.806519] futex hash table entries: 2048 (order: 5, 131072 bytes)
[    0.806569] audit: initializing netlink subsys (disabled)
[    0.806586] audit: type=2000 audit(1461624796.796:1): initialized
[    0.807047] Initialise system trusted keyring
[    0.807146] HugeTLB registered 1 GB page size, pre-allocated 0 pages
[    0.807147] HugeTLB registered 2 MB page size, pre-allocated 0 pages
[    0.808531] zbud: loaded
[    0.808727] VFS: Disk quotas dquot_6.6.0
[    0.808757] VFS: Dquot-cache hash table entries: 512 (order 0, 4096 bytes)
[    0.809201] fuse init (API version 7.23)
[    0.809318] Key type big_key registered
[    0.809636] Key type asymmetric registered
[    0.809640] Asymmetric key parser 'x509' registered
[    0.809689] Block layer SCSI generic (bsg) driver version 0.4 loaded (major 249)
[    0.809718] io scheduler noop registered
[    0.809722] io scheduler deadline registered (default)
[    0.809755] io scheduler cfq registered
[    0.810075] pci_hotplug: PCI Hot Plug PCI Core version: 0.5
[    0.810081] pciehp: PCI Express Hot Plug Controller Driver version: 0.4
[    0.810106] vesafb: mode is 1920x1080x32, linelength=7680, pages=0
[    0.810107] vesafb: scrolling: redraw
[    0.810108] vesafb: Truecolor: size=8:8:8:8, shift=24:16:8:0
[    0.810120] vesafb: framebuffer at 0xc0000000, mapped to 0xffffc90002000000, using 8128k, total 8128k
[    0.810220] Console: switching to colour frame buffer device 240x67
[    0.810243] fb0: VESA VGA frame buffer device
[    0.810258] intel_idle: MWAIT substates: 0x11142120
[    0.810259] intel_idle: v0.4.1 model 0x3D
[    0.810260] intel_idle: lapic_timer_reliable_states 0xffffffff
[    0.810615] ACPI: AC Adapter [AC] (on-line)
[    0.810672] input: Lid Switch as /devices/LNXSYSTM:00/LNXSYBUS:00/PNP0C0D:00/input/input0
[    0.810775] ACPI: Lid Switch [LID]
[    0.810810] input: Sleep Button as /devices/LNXSYSTM:00/LNXSYBUS:00/PNP0C0E:00/input/input1
[    0.810814] ACPI: Sleep Button [SLPB]
[    0.810853] input: Power Button as /devices/LNXSYSTM:00/LNXPWRBN:00/input/input2
[    0.810854] ACPI: Power Button [PWRF]
[    0.811892] thermal LNXTHERM:00: registered as thermal_zone0
[    0.811894] ACPI: Thermal Zone [THM0] (59 C)
[    0.811924] GHES: HEST is not enabled!
[    0.812049] Serial: 8250/16550 driver, 32 ports, IRQ sharing enabled
[    0.813661] Linux agpgart interface v0.103
[    0.819110] ACPI: Battery Slot [BAT0] (battery present)
[    0.826124] ACPI: Battery Slot [BAT1] (battery present)
[    0.826615] tpm_tis 00:05: 1.2 TPM (device-id 0x0, rev-id 78)
[    0.889960] brd: module loaded
[    0.891001] loop: module loaded
[    0.891207] libphy: Fixed MDIO Bus: probed
[    0.891211] tun: Universal TUN/TAP device driver, 1.6
[    0.891212] tun: (C) 1999-2004 Max Krasnyansky <maxk@qualcomm.com>
[    0.891248] PPP generic driver version 2.4.2
[    0.891302] ehci_hcd: USB 2.0 'Enhanced' Host Controller (EHCI) Driver
[    0.891307] ehci-pci: EHCI PCI platform driver
[    0.891318] ehci-platform: EHCI generic platform driver
[    0.891330] ohci_hcd: USB 1.1 'Open' Host Controller (OHCI) Driver
[    0.891334] ohci-pci: OHCI PCI platform driver
[    0.891343] ohci-platform: OHCI generic platform driver
[    0.891352] uhci_hcd: USB Universal Host Controller Interface driver
[    0.891468] xhci_hcd 0000:00:14.0: xHCI Host Controller
[    0.891493] xhci_hcd 0000:00:14.0: new USB bus registered, assigned bus number 1
[    0.892558] xhci_hcd 0000:00:14.0: hcc params 0x200077c1 hci version 0x100 quirks 0x00009810
[    0.892562] xhci_hcd 0000:00:14.0: cache line size of 64 is not supported
[    0.892684] usb usb1: New USB device found, idVendor=1d6b, idProduct=0002
[    0.892686] usb usb1: New USB device strings: Mfr=3, Product=2, SerialNumber=1
[    0.892687] usb usb1: Product: xHCI Host Controller
[    0.892689] usb usb1: Manufacturer: Linux 4.4.0-21-generic xhci-hcd
[    0.892690] usb usb1: SerialNumber: 0000:00:14.0
[    0.892784] hub 1-0:1.0: USB hub found
[    0.892795] hub 1-0:1.0: 11 ports detected
[    0.896761] xhci_hcd 0000:00:14.0: xHCI Host Controller
[    0.896765] xhci_hcd 0000:00:14.0: new USB bus registered, assigned bus number 2
[    0.896791] usb usb2: New USB device found, idVendor=1d6b, idProduct=0003
[    0.896792] usb usb2: New USB device strings: Mfr=3, Product=2, SerialNumber=1
[    0.896794] usb usb2: Product: xHCI Host Controller
[    0.896795] usb usb2: Manufacturer: Linux 4.4.0-21-generic xhci-hcd
[    0.896796] usb usb2: SerialNumber: 0000:00:14.0
[    0.896891] hub 2-0:1.0: USB hub found
[    0.896897] hub 2-0:1.0: 4 ports detected
[    0.898505] i8042: PNP: PS/2 Controller [PNP0303:KBD,PNP0f13:MOU] at 0x60,0x64 irq 1,12
[    0.900107] serio: i8042 KBD port at 0x60,0x64 irq 1
[    0.900111] serio: i8042 AUX port at 0x60,0x64 irq 12
[    0.900240] mousedev: PS/2 mouse device common for all mice
[    0.900414] rtc_cmos 00:02: RTC can wake from S4
[    0.900546] rtc_cmos 00:02: rtc core: registered rtc_cmos as rtc0
[    0.900577] rtc_cmos 00:02: alarms up to one month, y3k, 114 bytes nvram, hpet irqs
[    0.900585] i2c /dev entries driver
[    0.900637] device-mapper: uevent: version 1.0.3
[    0.900705] device-mapper: ioctl: 4.34.0-ioctl (2015-10-28) initialised: dm-devel@redhat.com
[    0.900722] Intel P-state driver initializing.
[    0.900893] ledtrig-cpu: registered to indicate activity on CPUs
[    0.901705] NET: Registered protocol family 10
[    0.901814] input: AT Translated Set 2 keyboard as /devices/platform/i8042/serio0/input/input3
[    0.902360] NET: Registered protocol family 17
[    0.902385] Key type dns_resolver registered
[    0.902882] microcode: CPU0 sig=0x306d4, pf=0x40, revision=0x22
[    0.902898] microcode: CPU1 sig=0x306d4, pf=0x40, revision=0x22
[    0.902926] microcode: CPU2 sig=0x306d4, pf=0x40, revision=0x22
[    0.902949] microcode: CPU3 sig=0x306d4, pf=0x40, revision=0x22
[    0.903033] microcode: Microcode Update Driver: v2.01 <tigran@aivazian.fsnet.co.uk>, Peter Oruba
[    0.903392] registered taskstats version 1
[    0.903442] Loading compiled-in X.509 certificates
[    0.905612] Loaded X.509 cert 'Build time autogenerated kernel key: fc7c0e9f152f32eca50ea2d9722926e5127af244'
[    0.905661] zswap: loaded using pool lzo/zbud
[    0.907802] Key type trusted registered
[    0.910457] Key type encrypted registered
[    0.910464] AppArmor: AppArmor sha1 policy hashing enabled
[    1.062692] evm: HMAC attrs: 0x1
[    1.063192]   Magic number: 12:540:907
[    1.063298] rtc_cmos 00:02: setting system clock to 2016-04-25 22:53:17 UTC (1461624797)
[    1.063401] BIOS EDD facility v0.16 2004-Jun-25, 0 devices found
[    1.063403] EDD information not available.
[    1.063473] PM: Hibernation image not present or could not be loaded.
[    1.064580] Freeing unused kernel memory: 1476K (ffffffff81f41000 - ffffffff820b2000)
[    1.064581] Write protecting the kernel read-only data: 14336k
[    1.065045] Freeing unused kernel memory: 1872K (ffff88000182c000 - ffff880001a00000)
[    1.065461] Freeing unused kernel memory: 176K (ffff880001dd4000 - ffff880001e00000)
[    1.076488] random: systemd-udevd urandom read with 19 bits of entropy available
[    1.098879] FUJITSU Extended Socket Network Device Driver - version 1.0 - Copyright (c) 2015 FUJITSU LIMITED
[    1.106408] wmi: Mapper loaded
[    1.111823] [drm] Initialized drm 1.1.0 20060810
[    1.112377] pps_core: LinuxPPS API ver. 1 registered
[    1.112379] pps_core: Software ver. 5.3.6 - Copyright 2005-2007 Rodolfo Giometti <giometti@linux.it>
[    1.113401] PTP clock support registered
[    1.118101] e1000e: Intel(R) PRO/1000 Network Driver - 3.2.6-k
[    1.118104] e1000e: Copyright(c) 1999 - 2015 Intel Corporation.
[    1.118326] rtsx_pci 0000:02:00.0: rtsx_pci_acquire_irq: pcr->msi_en = 1, pci->irq = 43
[    1.118382] e1000e 0000:00:19.0: Interrupt Throttling Rate (ints/sec) set to dynamic conservative mode
[    1.210610] usb 1-3: new high-speed USB device number 2 using xhci_hcd
[    1.210787] usb 2-3: new SuperSpeed USB device number 2 using xhci_hcd
[    1.228399] usb 2-3: New USB device found, idVendor=17ef, idProduct=1010
[    1.228402] usb 2-3: New USB device strings: Mfr=1, Product=2, SerialNumber=0
[    1.228404] usb 2-3: Product: Lenovo ThinkPad Dock   
[    1.228405] usb 2-3: Manufacturer: LENOVO                 
[    1.230024] hub 2-3:1.0: USB hub found
[    1.230144] hub 2-3:1.0: 4 ports detected
[    1.290830] e1000e 0000:00:19.0 eth0: registered PHC clock
[    1.290833] e1000e 0000:00:19.0 eth0: (PCI Express:2.5GT/s:Width x1) 50:7b:9d:17:e6:d3
[    1.290834] e1000e 0000:00:19.0 eth0: Intel(R) PRO/1000 Network Connection
[    1.290868] e1000e 0000:00:19.0 eth0: MAC: 11, PHY: 12, PBA No: 1000FF-0FF
[    1.290980] ahci 0000:00:1f.2: version 3.0
[    1.291401] e1000e 0000:00:19.0 enp0s25: renamed from eth0
[    1.306635] ahci 0000:00:1f.2: AHCI 0001.0300 32 slots 3 ports 6 Gbps 0x1 impl SATA mode
[    1.306639] ahci 0000:00:1f.2: flags: 64bit ncq pm led clo only pio slum part deso sadm sds apst 
[    1.307044] scsi host0: ahci
[    1.307185] scsi host1: ahci
[    1.307280] scsi host2: ahci
[    1.307322] ata1: SATA max UDMA/133 abar m2048@0xe123c000 port 0xe123c100 irq 45
[    1.307324] ata2: DUMMY
[    1.307325] ata3: DUMMY
[    1.307974] [drm] Memory usable by graphics device = 4096M
[    1.307978] checking generic (c0000000 7f0000) vs hw (c0000000 20000000)
[    1.307980] fb: switching to inteldrmfb from VESA VGA
[    1.308003] Console: switching to colour dummy device 80x25
[    1.308079] [drm] Replacing VGA console driver
[    1.314390] [drm] Supports vblank timestamp caching Rev 2 (21.10.2013).
[    1.314392] [drm] Driver supports precise vblank timestamp query.
[    1.314995] vgaarb: device changed decodes: PCI:0000:00:02.0,olddecodes=io+mem,decodes=io+mem:owns=io+mem
[    1.328401] ACPI: Video Device [VID] (multi-head: yes  rom: no  post: no)
[    1.328834] input: Video Bus as /devices/LNXSYSTM:00/LNXSYBUS:00/PNP0A08:00/LNXVIDEO:00/input/input6
[    1.328931] [drm] Initialized i915 1.6.0 20151010 for 0000:00:02.0 on minor 0
[    1.340058] usb 1-3: New USB device found, idVendor=17ef, idProduct=1010
[    1.340061] usb 1-3: New USB device strings: Mfr=1, Product=2, SerialNumber=0
[    1.340062] usb 1-3: Product: Lenovo ThinkPad Dock   
[    1.340064] usb 1-3: Manufacturer: LENOVO                 
[    1.340646] hub 1-3:1.0: USB hub found
[    1.340763] hub 1-3:1.0: 4 ports detected
[    1.499040] fbcon: inteldrmfb (fb0) is primary device
[    1.499129] Console: switching to colour frame buffer device 240x67
[    1.499163] i915 0000:00:02.0: fb0: inteldrmfb frame buffer device
[    1.514609] usb 1-6: new full-speed USB device number 3 using xhci_hcd
[    1.602885] usb 2-3.2: new SuperSpeed USB device number 3 using xhci_hcd
[    1.622382] usb 2-3.2: New USB device found, idVendor=05e3, idProduct=0612
[    1.622385] usb 2-3.2: New USB device strings: Mfr=1, Product=2, SerialNumber=0
[    1.622387] usb 2-3.2: Product: USB3.0 Hub
[    1.622388] usb 2-3.2: Manufacturer: GenesysLogic
[    1.625539] hub 2-3.2:1.0: USB hub found
[    1.625947] hub 2-3.2:1.0: 4 ports detected
[    1.626584] ata1: SATA link up 6.0 Gbps (SStatus 133 SControl 300)
[    1.628169] ata1.00: ACPI cmd ef/02:00:00:00:00:a0 (SET FEATURES) succeeded
[    1.628172] ata1.00: ACPI cmd f5/00:00:00:00:00:a0 (SECURITY FREEZE LOCK) filtered out
[    1.628174] ata1.00: ACPI cmd ef/10:03:00:00:00:a0 (SET FEATURES) filtered out
[    1.628239] ata1.00: ACPI cmd ef/10:09:00:00:00:a0 (SET FEATURES) succeeded
[    1.628447] ata1.00: supports DRM functions and may not be fully accessible
[    1.628560] ata1.00: READ LOG DMA EXT failed, trying unqueued
[    1.628596] ata1.00: failed to get NCQ Send/Recv Log Emask 0x1
[    1.628598] ata1.00: ATA-9: Samsung SSD 850 EVO 500GB, EMT01B6Q, max UDMA/133
[    1.628599] ata1.00: 976773168 sectors, multi 1: LBA48 NCQ (depth 31/32), AA
[    1.629038] ata1.00: ACPI cmd ef/02:00:00:00:00:a0 (SET FEATURES) succeeded
[    1.629040] ata1.00: ACPI cmd f5/00:00:00:00:00:a0 (SECURITY FREEZE LOCK) filtered out
[    1.629042] ata1.00: ACPI cmd ef/10:03:00:00:00:a0 (SET FEATURES) filtered out
[    1.629081] ata1.00: ACPI cmd ef/10:09:00:00:00:a0 (SET FEATURES) succeeded
[    1.629288] ata1.00: supports DRM functions and may not be fully accessible
[    1.629356] ata1.00: failed to get NCQ Send/Recv Log Emask 0x1
[    1.629451] ata1.00: configured for UDMA/133
[    1.629603] scsi 0:0:0:0: Direct-Access     ATA      Samsung SSD 850  1B6Q PQ: 0 ANSI: 5
[    1.629781] sd 0:0:0:0: [sda] 976773168 512-byte logical blocks: (500 GB/466 GiB)
[    1.629817] sd 0:0:0:0: Attached scsi generic sg0 type 0
[    1.629842] sd 0:0:0:0: [sda] Write Protect is off
[    1.629845] sd 0:0:0:0: [sda] Mode Sense: 00 3a 00 00
[    1.629892] sd 0:0:0:0: [sda] Write cache: enabled, read cache: enabled, doesn't support DPO or FUA
[    1.630401]  sda: sda1 sda2 < sda5 >
[    1.630665] sd 0:0:0:0: [sda] Attached SCSI disk
[    1.643609] usb 1-6: New USB device found, idVendor=138a, idProduct=0017
[    1.643612] usb 1-6: New USB device strings: Mfr=0, Product=0, SerialNumber=1
[    1.643614] usb 1-6: SerialNumber: 436e49cff31c
[    1.726614] usb 1-3.1: new full-speed USB device number 4 using xhci_hcd
[    1.802608] tsc: Refined TSC clocksource calibration: 2194.918 MHz
[    1.802612] clocksource: tsc: mask: 0xffffffffffffffff max_cycles: 0x1fa37202099, max_idle_ns: 440795206796 ns
[    1.829656] usb 1-3.1: New USB device found, idVendor=041e, idProduct=30df
[    1.829660] usb 1-3.1: New USB device strings: Mfr=1, Product=2, SerialNumber=3
[    1.829661] usb 1-3.1: Product: SB X-Fi Surround 5.1 Pro
[    1.829663] usb 1-3.1: Manufacturer: Creative Technology Ltd
[    1.829664] usb 1-3.1: SerialNumber: 000009LF
[    1.829791] usb 1-3.1: ep 0x83 - rounding interval to 64 microframes, ep desc says 80 microframes
[    1.922725] psmouse serio1: synaptics: queried max coordinates: x [..5712], y [..4780]
[    1.938664] usb 1-7: new full-speed USB device number 5 using xhci_hcd
[    1.953926] psmouse serio1: synaptics: queried min coordinates: x [1232..], y [1074..]
[    2.015021] psmouse serio1: synaptics: Touchpad model: 1, fw: 8.1, id: 0x1e2b1, caps: 0xf002a3/0x943300/0x12e800/0x10000, board id: 3075, fw id: 2560
[    2.015030] psmouse serio1: synaptics: serio: Synaptics pass-through port at isa0060/serio1/input0
[    2.054415] input: SynPS/2 Synaptics TouchPad as /devices/platform/i8042/serio1/input/input5
[    2.068506] usb 1-7: New USB device found, idVendor=8087, idProduct=0a2a
[    2.068509] usb 1-7: New USB device strings: Mfr=0, Product=0, SerialNumber=0
[    2.150618] usb 1-3.2: new high-speed USB device number 6 using xhci_hcd
[    2.255585] usb 1-3.2: New USB device found, idVendor=05e3, idProduct=0610
[    2.255589] usb 1-3.2: New USB device strings: Mfr=1, Product=2, SerialNumber=0
[    2.255591] usb 1-3.2: Product: USB2.0 Hub
[    2.255593] usb 1-3.2: Manufacturer: GenesysLogic
[    2.256465] hub 1-3.2:1.0: USB hub found
[    2.256969] hub 1-3.2:1.0: 4 ports detected
[    2.418602] usb 1-8: new high-speed USB device number 7 using xhci_hcd
[    2.556402] usb 1-8: New USB device found, idVendor=5986, idProduct=0366
[    2.556405] usb 1-8: New USB device strings: Mfr=1, Product=2, SerialNumber=0
[    2.556408] usb 1-8: Product: Integrated Camera
[    2.556410] usb 1-8: Manufacturer: SunplusIT Inc
[    2.630696] usb 1-3.4: new high-speed USB device number 8 using xhci_hcd
[    2.731115] usb 1-3.4: New USB device found, idVendor=17ef, idProduct=100f
[    2.731118] usb 1-3.4: New USB device strings: Mfr=1, Product=2, SerialNumber=3
[    2.731120] usb 1-3.4: Product: Lenovo ThinkPad Dock
[    2.731123] usb 1-3.4: Manufacturer: Lenovo
[    2.731125] usb 1-3.4: SerialNumber: Rev1.2
[    2.731794] hub 1-3.4:1.0: USB hub found
[    2.731820] hub 1-3.4:1.0: 3 ports detected
[    2.802655] usb 1-3.2.2: new low-speed USB device number 9 using xhci_hcd
[    2.802861] clocksource: Switched to clocksource tsc
[    2.896671] usb 1-3.2.2: New USB device found, idVendor=1050, idProduct=0010
[    2.896674] usb 1-3.2.2: New USB device strings: Mfr=1, Product=2, SerialNumber=3
[    2.896676] usb 1-3.2.2: Product: Yubico Yubikey II
[    2.896678] usb 1-3.2.2: Manufacturer: Yubico
[    2.896679] usb 1-3.2.2: SerialNumber: 0000975910
[    2.896897] usb 1-3.2.2: ep 0x81 - rounding interval to 64 microframes, ep desc says 80 microframes
[    2.900815] hidraw: raw HID events driver (C) Jiri Kosina
[    2.905639] usbcore: registered new interface driver usbhid
[    2.905641] usbhid: USB HID core driver
[    2.907103] input: Yubico Yubico Yubikey II as /devices/pci0000:00/0000:00:14.0/usb1/1-3/1-3.2/1-3.2.2/1-3.2.2:1.0/0003:1050:0010.0001/input/input8
[    2.962936] hid-generic 0003:1050:0010.0001: input,hidraw0: USB HID v1.11 Keyboard [Yubico Yubico Yubikey II] on usb-0000:00:14.0-3.2.2/input0
[    3.002601] usb 1-3.4.1: new full-speed USB device number 10 using xhci_hcd
[    3.092040] usb 1-3.4.1: New USB device found, idVendor=0d8c, idProduct=0008
[    3.092043] usb 1-3.4.1: New USB device strings: Mfr=0, Product=1, SerialNumber=0
[    3.092044] usb 1-3.4.1: Product: C-Media USB Audio Device   
[    3.093852] input: C-Media USB Audio Device    as /devices/pci0000:00/0000:00:14.0/usb1/1-3/1-3.4/1-3.4.1/1-3.4.1:1.3/0003:0D8C:0008.0002/input/input9
[    3.146899] hid-generic 0003:0D8C:0008.0002: input,hidraw1: USB HID v1.00 Device [C-Media USB Audio Device   ] on usb-0000:00:14.0-3.4.1/input3
[    3.218598] usb 1-3.4.2: new high-speed USB device number 11 using xhci_hcd
[    3.233563] usb 2-3.2: Disable of device-initiated U1 failed.
[    3.237053] usb 2-3.2: Disable of device-initiated U2 failed.
[    3.306698] usb 1-3.4.2: New USB device found, idVendor=0424, idProduct=2514
[    3.306702] usb 1-3.4.2: New USB device strings: Mfr=0, Product=0, SerialNumber=0
[    3.307338] hub 1-3.4.2:1.0: USB hub found
[    3.307358] hub 1-3.4.2:1.0: 4 ports detected
[    3.394609] usb 1-3.4.3: new high-speed USB device number 12 using xhci_hcd
[    3.414913] usb 2-3.2: reset SuperSpeed USB device number 3 using xhci_hcd
[    3.479239] EXT4-fs (sda1): mounted filesystem with ordered data mode. Opts: (null)
[    3.482725] usb 1-3.4.3: New USB device found, idVendor=0424, idProduct=2514
[    3.482734] usb 1-3.4.3: New USB device strings: Mfr=0, Product=0, SerialNumber=0
[    3.483356] hub 1-3.4.3:1.0: USB hub found
[    3.483384] hub 1-3.4.3:1.0: 4 ports detected
[    3.553480] systemd[1]: systemd 229 running in system mode. (+PAM +AUDIT +SELINUX +IMA +APPARMOR +SMACK +SYSVINIT +UTMP +LIBCRYPTSETUP +GCRYPT +GNUTLS +ACL +XZ -LZ4 +SECCOMP +BLKID +ELFUTILS +KMOD -IDN)
[    3.553606] systemd[1]: Detected architecture x86-64.
[    3.553737] systemd[1]: Set hostname to <ThinkPad-X250>.
[    3.573847] random: nonblocking pool is initialized
[    3.582613] usb 1-3.4.2.1: new high-speed USB device number 13 using xhci_hcd
[    3.616796] systemd[1]: Reached target Swap.
[    3.616847] systemd[1]: Reached target User and Group Name Lookups.
[    3.616881] systemd[1]: Listening on Syslog Socket.
[    3.616906] systemd[1]: Listening on udev Control Socket.
[    3.617019] systemd[1]: Created slice System Slice.
[    3.617049] systemd[1]: Listening on fsck to fsckd communication Socket.
[    3.617085] systemd[1]: Listening on /dev/initctl Compatibility Named Pipe.
[    3.617106] systemd[1]: Listening on udev Kernel Socket.
[    3.617130] systemd[1]: Listening on Journal Socket.
[    3.626808] systemd[1]: Starting Uncomplicated firewall...
[    3.627277] systemd[1]: Starting Nameserver information manager...
[    3.628693] systemd[1]: Starting Braille Device Support...
[    3.629290] systemd[1]: Starting Create list of required static device nodes for the current kernel...
[    3.631649] systemd[1]: Starting Load Kernel Modules...
[    3.632235] systemd[1]: Started Read required files in advance.
[    3.633042] systemd[1]: Mounting Huge Pages File System...
[    3.633102] systemd[1]: Reached target Encrypted Volumes.
[    3.633814] systemd[1]: Mounting POSIX Message Queue File System...
[    3.633941] systemd[1]: Started Forward Password Requests to Wall Directory Watch.
[    3.634557] systemd[1]: Mounting Debug File System...
[    3.634866] systemd[1]: Set up automount Arbitrary Executable File Formats File System Automount Point.
[    3.635405] systemd[1]: Reached target Remote File Systems (Pre).
[    3.635506] systemd[1]: Listening on Journal Audit Socket.
[    3.635642] systemd[1]: Created slice User and Session Slice.
[    3.635660] systemd[1]: Reached target Slices.
[    3.635708] systemd[1]: Listening on Journal Socket (/dev/log).
[    3.636374] systemd[1]: Starting Journal Service...
[    3.636573] systemd[1]: Created slice system-getty.slice.
[    3.636607] systemd[1]: Reached target Remote File Systems.
[    3.636753] systemd[1]: Created slice system-systemd\x2dfsck.slice.
[    3.639330] systemd[1]: Mounted POSIX Message Queue File System.
[    3.640026] systemd[1]: Mounted Debug File System.
[    3.640775] systemd[1]: Mounted Huge Pages File System.
[    3.641115] systemd[1]: Started Uncomplicated firewall.
[    3.642161] systemd[1]: Started Create list of required static device nodes for the current kernel.
[    3.644831] systemd[1]: Started Nameserver information manager.
[    3.647940] lp: driver loaded but no devices found
[    3.651872] ppdev: user-space parallel port driver
[    3.657218] systemd[1]: Started Load Kernel Modules.
[    3.660394] systemd[1]: Started Braille Device Support.
[    3.686987] systemd[1]: Started Journal Service.
[    3.754608] usb 1-3.4.3.1: new full-speed USB device number 14 using xhci_hcd
[    3.770011] EXT4-fs (sda1): re-mounted. Opts: errors=remount-ro
[    3.792783] systemd-journald[310]: Received request to flush runtime journal from PID 1
[    3.845307] usb 1-3.4.3.1: New USB device found, idVendor=046d, idProduct=c52b
[    3.845311] usb 1-3.4.3.1: New USB device strings: Mfr=1, Product=2, SerialNumber=0
[    3.845313] usb 1-3.4.3.1: Product: USB Receiver
[    3.845314] usb 1-3.4.3.1: Manufacturer: Logitech
[    3.896967] shpchp: Standard Hot Plug PCI Controller Driver version: 0.4
[    3.931944] snd_hda_intel 0000:00:03.0: bound 0000:00:02.0 (ops i915_audio_component_bind_ops [i915])
[    3.936283] Non-volatile memory driver v1.3
[    3.940273] thinkpad_acpi: ThinkPad ACPI Extras v0.25
[    3.940276] thinkpad_acpi: http://ibm-acpi.sf.net/
[    3.940278] thinkpad_acpi: ThinkPad BIOS N10ET36W (1.15 ), EC unknown
[    3.940279] thinkpad_acpi: Lenovo ThinkPad X250, model 20CMCTO1WW
[    3.940316] usb 1-3.4.3.4: new high-speed USB device number 15 using xhci_hcd
[    3.940924] thinkpad_acpi: Unsupported brightness interface
[    3.940955] thinkpad_acpi: radio switch found; radios are enabled
[    3.940975] thinkpad_acpi: This ThinkPad has standard ACPI backlight brightness control, supported by the ACPI video driver
[    3.940976] thinkpad_acpi: Disabling thinkpad-acpi brightness events by default...
[    3.948158] usb 1-3.4.2.1: New USB device found, idVendor=046d, idProduct=0821
[    3.948162] usb 1-3.4.2.1: New USB device strings: Mfr=0, Product=0, SerialNumber=1
[    3.948165] usb 1-3.4.2.1: SerialNumber: 26A3C3B0
[    3.948175] thinkpad_acpi: rfkill switch tpacpi_bluetooth_sw: radio is unblocked
[    3.951519] snd_hda_codec_realtek hdaudioC1D0: autoconfig for ALC3232: line_outs=1 (0x14/0x0/0x0/0x0/0x0) type:speaker
[    3.951524] snd_hda_codec_realtek hdaudioC1D0:    speaker_outs=0 (0x0/0x0/0x0/0x0/0x0)
[    3.951532] snd_hda_codec_realtek hdaudioC1D0:    hp_outs=2 (0x16/0x15/0x0/0x0/0x0)
[    3.951534] snd_hda_codec_realtek hdaudioC1D0:    mono: mono_out=0x0
[    3.951536] snd_hda_codec_realtek hdaudioC1D0:    inputs:
[    3.951539] snd_hda_codec_realtek hdaudioC1D0:      Dock Mic=0x19
[    3.951541] snd_hda_codec_realtek hdaudioC1D0:      Mic=0x1a
[    3.951543] snd_hda_codec_realtek hdaudioC1D0:      Internal Mic=0x12
[    3.953182] input: ThinkPad Extra Buttons as /devices/platform/thinkpad_acpi/input/input10
[    3.978243] input: HDA Intel HDMI HDMI/DP,pcm=3 as /devices/pci0000:00/0000:00:03.0/sound/card0/input11
[    3.979820] input: HDA Intel HDMI HDMI/DP,pcm=7 as /devices/pci0000:00/0000:00:03.0/sound/card0/input12
[    3.981203] input: HDA Intel HDMI HDMI/DP,pcm=8 as /devices/pci0000:00/0000:00:03.0/sound/card0/input13
[    3.982270] input: HDA Intel PCH Dock Mic as /devices/pci0000:00/0000:00:1b.0/sound/card1/input14
[    3.982365] input: HDA Intel PCH Mic as /devices/pci0000:00/0000:00:1b.0/sound/card1/input15
[    3.982453] input: HDA Intel PCH Dock Headphone as /devices/pci0000:00/0000:00:1b.0/sound/card1/input16
[    3.982532] input: HDA Intel PCH Headphone as /devices/pci0000:00/0000:00:1b.0/sound/card1/input17
[    3.985686] Intel(R) Wireless WiFi driver for Linux
[    3.985689] Copyright(c) 2003- 2015 Intel Corporation
[    3.996998] iwlwifi 0000:03:00.0: Direct firmware load for iwlwifi-7265D-19.ucode failed with error -2
[    3.997025] iwlwifi 0000:03:00.0: Direct firmware load for iwlwifi-7265D-18.ucode failed with error -2
[    3.997039] iwlwifi 0000:03:00.0: Direct firmware load for iwlwifi-7265D-17.ucode failed with error -2
[    4.019967] AVX2 version of gcm_enc/dec engaged.
[    4.019970] AES CTR mode by8 optimization enabled
[    4.020583] iwlwifi 0000:03:00.0: loaded firmware version 16.242414.0 op_mode iwlmvm
[    4.052723] usb 1-3.4.3.4: New USB device found, idVendor=1058, idProduct=1042
[    4.052727] usb 1-3.4.3.4: New USB device strings: Mfr=1, Product=2, SerialNumber=5
[    4.052728] usb 1-3.4.3.4: Product: Elements 1042
[    4.052730] usb 1-3.4.3.4: Manufacturer: Western Digital
[    4.052731] usb 1-3.4.3.4: SerialNumber: 575846314536314D48483038
[    4.083870] iwlwifi 0000:03:00.0: Detected Intel(R) Dual Band Wireless AC 7265, REV=0x210
[    4.084212] iwlwifi 0000:03:00.0: L1 Enabled - LTR Enabled
[    4.084664] iwlwifi 0000:03:00.0: L1 Enabled - LTR Enabled
[    4.107879] EXT4-fs (sda5): mounted filesystem with ordered data mode. Opts: (null)
[    4.122797] intel_rapl: Found RAPL domain package
[    4.122800] intel_rapl: Found RAPL domain core
[    4.122807] intel_rapl: Found RAPL domain uncore
[    4.122809] intel_rapl: Found RAPL domain dram
[    4.130868] usb 1-3.4.2.3: new full-speed USB device number 16 using xhci_hcd
[    4.175340] ieee80211 phy0: Selected rate control algorithm 'iwl-mvm-rs'
[    4.198197] audit: type=1400 audit(1461624800.627:2): apparmor="STATUS" operation="profile_load" profile="unconfined" name="/sbin/dhclient" pid=656 comm="apparmor_parser"
[    4.198206] audit: type=1400 audit(1461624800.627:3): apparmor="STATUS" operation="profile_load" profile="unconfined" name="/usr/lib/NetworkManager/nm-dhcp-client.action" pid=656 comm="apparmor_parser"
[    4.198215] audit: type=1400 audit(1461624800.627:4): apparmor="STATUS" operation="profile_load" profile="unconfined" name="/usr/lib/NetworkManager/nm-dhcp-helper" pid=656 comm="apparmor_parser"
[    4.198220] audit: type=1400 audit(1461624800.627:5): apparmor="STATUS" operation="profile_load" profile="unconfined" name="/usr/lib/connman/scripts/dhclient-script" pid=656 comm="apparmor_parser"
[    4.199279] audit: type=1400 audit(1461624800.631:6): apparmor="STATUS" operation="profile_load" profile="unconfined" name="/usr/bin/ubuntu-core-launcher" pid=659 comm="apparmor_parser"
[    4.201361] audit: type=1400 audit(1461624800.631:7): apparmor="STATUS" operation="profile_load" profile="unconfined" name="/usr/lib/lightdm/lightdm-guest-session" pid=655 comm="apparmor_parser"
[    4.201371] audit: type=1400 audit(1461624800.631:8): apparmor="STATUS" operation="profile_load" profile="unconfined" name="/usr/lib/lightdm/lightdm-guest-session//chromium" pid=655 comm="apparmor_parser"
[    4.203307] audit: type=1400 audit(1461624800.635:9): apparmor="STATUS" operation="profile_load" profile="unconfined" name="/usr/sbin/cups-browsed" pid=660 comm="apparmor_parser"
[    4.204322] audit: type=1400 audit(1461624800.635:10): apparmor="STATUS" operation="profile_load" profile="unconfined" name="/usr/sbin/ippusbxd" pid=662 comm="apparmor_parser"
[    4.210961] iwlwifi 0000:03:00.0 wlp3s0: renamed from wlan0
[    4.232013] cfg80211: World regulatory domain updated:
[    4.232018] cfg80211:  DFS Master region: unset
[    4.232019] cfg80211:   (start_freq - end_freq @ bandwidth), (max_antenna_gain, max_eirp), (dfs_cac_time)
[    4.232022] cfg80211:   (2402000 KHz - 2472000 KHz @ 40000 KHz), (N/A, 2000 mBm), (N/A)
[    4.232024] cfg80211:   (2457000 KHz - 2482000 KHz @ 40000 KHz), (N/A, 2000 mBm), (N/A)
[    4.232026] cfg80211:   (2474000 KHz - 2494000 KHz @ 20000 KHz), (N/A, 2000 mBm), (N/A)
[    4.232029] cfg80211:   (5170000 KHz - 5250000 KHz @ 80000 KHz, 160000 KHz AUTO), (N/A, 2000 mBm), (N/A)
[    4.232031] cfg80211:   (5250000 KHz - 5330000 KHz @ 80000 KHz, 160000 KHz AUTO), (N/A, 2000 mBm), (0 s)
[    4.232033] cfg80211:   (5490000 KHz - 5730000 KHz @ 160000 KHz), (N/A, 2000 mBm), (0 s)
[    4.232035] cfg80211:   (5735000 KHz - 5835000 KHz @ 80000 KHz), (N/A, 2000 mBm), (N/A)
[    4.232037] cfg80211:   (57240000 KHz - 63720000 KHz @ 2160000 KHz), (N/A, 0 mBm), (N/A)
[    4.269413] usb 1-3.4.2.3: New USB device found, idVendor=047f, idProduct=0415
[    4.269420] usb 1-3.4.2.3: New USB device strings: Mfr=1, Product=2, SerialNumber=0
[    4.269423] usb 1-3.4.2.3: Product: Plantronics BT300
[    4.269425] usb 1-3.4.2.3: Manufacturer: Plantronics
[    4.403579] logitech-djreceiver 0003:046D:C52B.0005: hiddev0,hidraw2: USB HID v1.11 Device [Logitech USB Receiver] on usb-0000:00:14.0-3.4.3.1/input2
[    4.590131] IPv6: ADDRCONF(NETDEV_UP): wlp3s0: link is not ready
[    4.590529] iwlwifi 0000:03:00.0: L1 Enabled - LTR Enabled
[    4.591822] iwlwifi 0000:03:00.0: L1 Enabled - LTR Enabled
[    4.655999] iwlwifi 0000:03:00.0: L1 Enabled - LTR Enabled
[    4.656455] iwlwifi 0000:03:00.0: L1 Enabled - LTR Enabled
[    4.683465] IPv6: ADDRCONF(NETDEV_UP): wlp3s0: link is not ready
[    4.688454] IPv6: ADDRCONF(NETDEV_UP): enp0s25: link is not ready
[    4.894932] IPv6: ADDRCONF(NETDEV_UP): enp0s25: link is not ready
[    5.010549] IPv6: ADDRCONF(NETDEV_UP): wlp3s0: link is not ready
[    5.552190] Bluetooth: Core ver 2.21
[    5.552212] NET: Registered protocol family 31
[    5.552214] Bluetooth: HCI device and connection manager initialized
[    5.552222] Bluetooth: HCI socket layer initialized
[    5.552225] Bluetooth: L2CAP socket layer initialized
[    5.552231] Bluetooth: SCO socket layer initialized
[    5.553320] media: Linux media interface: v0.10
[    5.561128] Linux video capture interface: v2.00
[    5.563921] usbcore: registered new interface driver btusb
[    5.573745] uvcvideo: Found UVC 1.00 device Integrated Camera (5986:0366)
[    5.579793] Bluetooth: hci0: read Intel version: 370810011003110e23
[    5.579797] Bluetooth: hci0: Intel device is already patched. patch num: 23
[    5.581273] input: Integrated Camera as /devices/pci0000:00/0000:00:14.0/usb1/1-8/1-8:1.0/input/input18
[    5.581405] uvcvideo: Found UVC 1.00 device <unnamed> (046d:0821)
[    5.594713] input: UVC Camera (046d:0821) as /devices/pci0000:00/0000:00:14.0/usb1/1-3/1-3.4/1-3.4.2/1-3.4.2.1/1-3.4.2.1:1.2/input/input19
[    5.594816] usbcore: registered new interface driver uvcvideo
[    5.594818] USB Video Class driver (1.1.1)
[    5.667084] Bluetooth: BNEP (Ethernet Emulation) ver 1.3
[    5.667087] Bluetooth: BNEP filters: protocol multicast
[    5.667092] Bluetooth: BNEP socket layer initialized
[    6.123158] psmouse serio2: trackpoint: IBM TrackPoint firmware: 0x0e, buttons: 3/3
[    6.320491] input: TPPS/2 IBM TrackPoint as /devices/platform/i8042/serio1/serio2/input/input7
[    6.404546] e1000e: enp0s25 NIC Link is Up 100 Mbps Full Duplex, Flow Control: None
[    6.404550] e1000e 0000:00:19.0 enp0s25: 10/100 speed: disabling TSO
[    6.404579] IPv6: ADDRCONF(NETDEV_CHANGE): enp0s25: link becomes ready
[    6.604126] input: Logitech K750 as /devices/pci0000:00/0000:00:14.0/usb1/1-3/1-3.4/1-3.4.3/1-3.4.3.1/1-3.4.3.1:1.2/0003:046D:C52B.0005/0003:046D:4002.0008/input/input20
[    6.605303] logitech-hidpp-device 0003:046D:4002.0008: input,hidraw3: USB HID v1.11 Keyboard [Logitech K750] on usb-0000:00:14.0-3.4.3.1:1
[    6.610111] input: Logitech K750 as /devices/pci0000:00/0000:00:14.0/usb1/1-3/1-3.4/1-3.4.3/1-3.4.3.1/1-3.4.3.1:1.2/0003:046D:C52B.0005/0003:046D:4002.0009/input/input21
[    6.610618] logitech-hidpp-device 0003:046D:4002.0009: input,hidraw4: USB HID v1.11 Keyboard [Logitech K750] on usb-0000:00:14.0-3.4.3.1:2
[    6.663973] input: Logitech M705 as /devices/pci0000:00/0000:00:14.0/usb1/1-3/1-3.4/1-3.4.3/1-3.4.3.1/1-3.4.3.1:1.2/0003:046D:C52B.0005/0003:046D:101B.000A/input/input22
[    6.664222] logitech-hidpp-device 0003:046D:101B.000A: input,hidraw5: USB HID v1.11 Mouse [Logitech M705] on usb-0000:00:14.0-3.4.3.1:3
[    6.871980] usb 1-3.4.2.3: Warning! Unlikely big volume range (=720), cval->res is probably wrong.
[    6.871985] usb 1-3.4.2.3: [5] FU [PCM Playback Volume] ch = 1, val = -10240/1280/16
[    6.873449] usbcore: registered new interface driver snd-usb-audio
[    7.117243] usb-storage 1-3.4.3.4:1.0: USB Mass Storage device detected
[    7.119127] scsi host3: usb-storage 1-3.4.3.4:1.0
[    7.119890] usbcore: registered new interface driver usb-storage
[    7.122577] usbcore: registered new interface driver uas
[    7.559740] input: Plantronics Plantronics BT300 as /devices/pci0000:00/0000:00:14.0/usb1/1-3/1-3.4/1-3.4.2/1-3.4.2.3/1-3.4.2.3:1.3/0003:047F:0415.0006/input/input23
[    7.559963] plantronics 0003:047F:0415.0006: input,hiddev0,hidraw6: USB HID v1.11 Device [Plantronics Plantronics BT300] on usb-0000:00:14.0-3.4.2.3/input3
[    7.585968] input: Plantronics Plantronics BT300 as /devices/pci0000:00/0000:00:14.0/usb1/1-3/1-3.4/1-3.4.2/1-3.4.2.3/1-3.4.2.3:1.4/0003:047F:0415.0007/input/input24
[    7.670870] plantronics 0003:047F:0415.0007: input,hiddev0,hidraw7: USB HID v1.11 Device [Plantronics Plantronics BT300] on usb-0000:00:14.0-3.4.2.3/input4
[    8.119888] scsi 3:0:0:0: Direct-Access     WD       Elements 1042    1006 PQ: 0 ANSI: 6
[    8.120266] sd 3:0:0:0: Attached scsi generic sg1 type 0
[    8.120461] sd 3:0:0:0: [sdb] 1953519616 512-byte logical blocks: (1.00 TB/932 GiB)
[    8.120729] sd 3:0:0:0: [sdb] Write Protect is off
[    8.120732] sd 3:0:0:0: [sdb] Mode Sense: 47 00 10 08
[    8.120959] sd 3:0:0:0: [sdb] No Caching mode page found
[    8.120965] sd 3:0:0:0: [sdb] Assuming drive cache: write through
[   11.214065] wlp3s0: authenticate with 48:f8:b3:22:97:3d
[   11.219653] wlp3s0: send auth to 48:f8:b3:22:97:3d (try 1/3)
[   11.221577] wlp3s0: authenticated
[   11.223904] wlp3s0: associate with 48:f8:b3:22:97:3d (try 1/3)
[   11.227378] wlp3s0: RX AssocResp from 48:f8:b3:22:97:3d (capab=0x411 status=0 aid=1)
[   11.228846] wlp3s0: associated
[   11.228891] IPv6: ADDRCONF(NETDEV_CHANGE): wlp3s0: link becomes ready
[   14.140982] acpi_call: module verification failed: signature and/or required key missing - tainting kernel
[   14.527555]  sdb: sdb1 sdb2
[   14.550870] sd 3:0:0:0: [sdb] Attached SCSI disk
[   26.590359] NET: Registered protocol family 38
[   26.948142] EXT4-fs (dm-0): mounting ext3 file system using the ext4 subsystem
[   27.025623] EXT4-fs (dm-0): recovery complete
[   27.025630] EXT4-fs (dm-0): mounted filesystem with ordered data mode. Opts: (null)
[   27.055397] do_general_protection: 30 callbacks suppressed
[   27.055401] traps: gvfs-udisks2-vo[2047] general protection ip:7fb9c5537d8d sp:7ffe740750b0 error:0 in libgobject-2.0.so.0.4800.0[7fb9c5503000+52000]
[  162.272221] usb 1-3.4.3.1: USB disconnect, device number 14
[  186.283828] usb 1-3.2.3: new full-speed USB device number 17 using xhci_hcd
[  186.374586] usb 1-3.2.3: New USB device found, idVendor=046d, idProduct=c52b
[  186.374590] usb 1-3.2.3: New USB device strings: Mfr=1, Product=2, SerialNumber=0
[  186.374592] usb 1-3.2.3: Product: USB Receiver
[  186.374594] usb 1-3.2.3: Manufacturer: Logitech
[  186.381129] logitech-djreceiver 0003:046D:C52B.000D: hiddev0,hidraw3: USB HID v1.11 Device [Logitech USB Receiver] on usb-0000:00:14.0-3.2.3/input2
[  186.504767] input: Logitech K750 as /devices/pci0000:00/0000:00:14.0/usb1/1-3/1-3.2/1-3.2.3/1-3.2.3:1.2/0003:046D:C52B.000D/0003:046D:4002.000E/input/input25
[  186.505042] logitech-hidpp-device 0003:046D:4002.000E: input,hidraw4: USB HID v1.11 Keyboard [Logitech K750] on usb-0000:00:14.0-3.2.3:1
[  186.508697] input: Logitech K750 as /devices/pci0000:00/0000:00:14.0/usb1/1-3/1-3.2/1-3.2.3/1-3.2.3:1.2/0003:046D:C52B.000D/0003:046D:4002.000F/input/input26
[  186.508923] logitech-hidpp-device 0003:046D:4002.000F: input,hidraw5: USB HID v1.11 Keyboard [Logitech K750] on usb-0000:00:14.0-3.2.3:2
[  186.512639] input: Logitech M705 as /devices/pci0000:00/0000:00:14.0/usb1/1-3/1-3.2/1-3.2.3/1-3.2.3:1.2/0003:046D:C52B.000D/0003:046D:101B.0010/input/input27
[  186.512757] logitech-hidpp-device 0003:046D:101B.0010: input,hidraw8: USB HID v1.11 Mouse [Logitech M705] on usb-0000:00:14.0-3.2.3:3
[  313.314077] wlp3s0: Connection to AP 48:f8:b3:22:97:3d lost
[  316.802133] wlp3s0: authenticate with 48:f8:b3:22:97:3d
[  316.808347] wlp3s0: send auth to 48:f8:b3:22:97:3d (try 1/3)
[  316.810277] wlp3s0: authenticated
[  316.813115] wlp3s0: associate with 48:f8:b3:22:97:3d (try 1/3)
[  316.816664] wlp3s0: RX AssocResp from 48:f8:b3:22:97:3d (capab=0x411 status=0 aid=1)
[  316.817986] wlp3s0: associated
[ 1671.898831] usb 2-3.2: Disable of device-initiated U1 failed.
[ 1671.902327] usb 2-3.2: Disable of device-initiated U2 failed.
[ 1672.081396] usb 2-3.2: reset SuperSpeed USB device number 3 using xhci_hcd
[ 1694.747758] usb 2-3.2: Disable of device-initiated U1 failed.
[ 1694.751468] usb 2-3.2: Disable of device-initiated U2 failed.
[ 1694.930104] usb 2-3.2: reset SuperSpeed USB device number 3 using xhci_hcd
[ 1822.113208] wlp3s0: AP 48:f8:b3:22:97:3d tries to chanswitch to same channel, ignore
[ 1822.114118] wlp3s0: cannot understand ECSA IE operating class 11, disconnecting
[ 1823.165418] wlp3s0: authenticate with 48:f8:b3:22:97:3d
[ 1823.170960] wlp3s0: send auth to 48:f8:b3:22:97:3d (try 1/3)
[ 1823.172887] wlp3s0: authenticated
[ 1823.175420] wlp3s0: associate with 48:f8:b3:22:97:3d (try 1/3)
[ 1823.178940] wlp3s0: RX AssocResp from 48:f8:b3:22:97:3d (capab=0x411 status=0 aid=1)
[ 1823.186349] wlp3s0: associated
[ 2425.026152] wlp3s0: Connection to AP 48:f8:b3:22:97:3d lost
[ 2426.075778] wlp3s0: authenticate with 48:f8:b3:22:97:3d
[ 2426.081232] wlp3s0: send auth to 48:f8:b3:22:97:3d (try 1/3)
[ 2426.131833] wlp3s0: authenticated
[ 2426.134254] wlp3s0: associate with 48:f8:b3:22:97:3d (try 1/3)
[ 2426.137898] wlp3s0: RX AssocResp from 48:f8:b3:22:97:3d (capab=0x411 status=0 aid=1)
[ 2426.139568] wlp3s0: associated
[ 3934.227183] wlp3s0: AP 48:f8:b3:22:97:3d tries to chanswitch to same channel, ignore
[ 3934.228139] wlp3s0: cannot understand ECSA IE operating class 11, disconnecting
[ 3935.184282] wlp3s0: authenticate with 48:f8:b3:22:97:3d
[ 3935.189510] wlp3s0: send auth to 48:f8:b3:22:97:3d (try 1/3)
[ 3935.193385] wlp3s0: authenticated
[ 3935.193903] wlp3s0: associate with 48:f8:b3:22:97:3d (try 1/3)
[ 3935.197428] wlp3s0: RX AssocResp from 48:f8:b3:22:97:3d (capab=0x411 status=0 aid=1)
[ 3935.198779] wlp3s0: associated
[ 4236.910621] wlp3s0: Connection to AP 48:f8:b3:22:97:3d lost
[ 4237.960120] wlp3s0: authenticate with 48:f8:b3:22:97:3d
[ 4237.968332] wlp3s0: send auth to 48:f8:b3:22:97:3d (try 1/3)
[ 4237.970230] wlp3s0: authenticated
[ 4237.972312] wlp3s0: associate with 48:f8:b3:22:97:3d (try 1/3)
[ 4237.975832] wlp3s0: RX AssocResp from 48:f8:b3:22:97:3d (capab=0x411 status=0 aid=1)
[ 4237.977174] wlp3s0: associated
[ 5744.092873] wlp3s0: AP 48:f8:b3:22:97:3d tries to chanswitch to same channel, ignore
[ 5744.093821] wlp3s0: cannot understand ECSA IE operating class 11, disconnecting
[ 5745.140996] wlp3s0: authenticate with 48:f8:b3:22:97:3d
[ 5745.147002] wlp3s0: send auth to 48:f8:b3:22:97:3d (try 1/3)
[ 5745.148945] wlp3s0: authenticated
[ 5745.152060] wlp3s0: associate with 48:f8:b3:22:97:3d (try 1/3)
[ 5745.155635] wlp3s0: RX AssocResp from 48:f8:b3:22:97:3d (capab=0x411 status=0 aid=1)
[ 5745.157014] wlp3s0: associated
[ 6046.950395] wlp3s0: Connection to AP 48:f8:b3:22:97:3d lost
[ 6047.998649] wlp3s0: authenticate with 48:f8:b3:22:97:3d
[ 6048.004143] wlp3s0: send auth to 48:f8:b3:22:97:3d (try 1/3)
[ 6048.006067] wlp3s0: authenticated
[ 6048.006736] wlp3s0: associate with 48:f8:b3:22:97:3d (try 1/3)
[ 6048.010279] wlp3s0: RX AssocResp from 48:f8:b3:22:97:3d (capab=0x411 status=0 aid=1)
[ 6048.011614] wlp3s0: associated
[ 6244.597614] wlp3s0: deauthenticating from 48:f8:b3:22:97:3d by local choice (Reason: 3=DEAUTH_LEAVING)
[ 6245.421509] wlp3s0: authenticate with 48:f8:b3:22:97:3d
[ 6245.426305] wlp3s0: send auth to 48:f8:b3:22:97:3d (try 1/3)
[ 6245.428216] wlp3s0: authenticated
[ 6245.429173] wlp3s0: associate with 48:f8:b3:22:97:3d (try 1/3)
[ 6245.432614] wlp3s0: RX AssocResp from 48:f8:b3:22:97:3d (capab=0x411 status=0 aid=1)
[ 6245.434023] wlp3s0: associated
[ 7554.131293] wlp3s0: AP 48:f8:b3:22:97:3d tries to chanswitch to same channel, ignore
[ 7554.132184] wlp3s0: cannot understand ECSA IE operating class 11, disconnecting
[ 7555.187126] wlp3s0: authenticate with 48:f8:b3:22:97:3d
[ 7555.192273] wlp3s0: send auth to 48:f8:b3:22:97:3d (try 1/3)
[ 7555.194191] wlp3s0: authenticated
[ 7555.196029] wlp3s0: associate with 48:f8:b3:22:97:3d (try 1/3)
[ 7555.199602] wlp3s0: RX AssocResp from 48:f8:b3:22:97:3d (capab=0x411 status=0 aid=1)
[ 7555.202689] wlp3s0: associated
[ 8157.026431] wlp3s0: Connection to AP 48:f8:b3:22:97:3d lost
[ 8157.992214] wlp3s0: authenticate with 48:f8:b3:22:97:3d
[ 8157.997475] wlp3s0: send auth to 48:f8:b3:22:97:3d (try 1/3)
[ 8158.003206] wlp3s0: authenticated
[ 8158.006691] wlp3s0: associate with 48:f8:b3:22:97:3d (try 1/3)
[ 8158.010213] wlp3s0: RX AssocResp from 48:f8:b3:22:97:3d (capab=0x411 status=0 aid=1)
[ 8158.011562] wlp3s0: associated
[ 8779.856290] [drm:intel_cpu_fifo_underrun_irq_handler [i915]] *ERROR* CPU pipe C FIFO underrun
[ 9662.753365] wlp3s0: AP 48:f8:b3:22:97:3d tries to chanswitch to same channel, ignore
[ 9662.754273] wlp3s0: cannot understand ECSA IE operating class 11, disconnecting
[ 9663.804236] wlp3s0: authenticate with 48:f8:b3:22:97:3d
[ 9663.809713] wlp3s0: send auth to 48:f8:b3:22:97:3d (try 1/3)
[ 9663.811639] wlp3s0: authenticated
[ 9663.815475] wlp3s0: associate with 48:f8:b3:22:97:3d (try 1/3)
[ 9663.819068] wlp3s0: RX AssocResp from 48:f8:b3:22:97:3d (capab=0x411 status=0 aid=1)
[ 9663.821219] wlp3s0: associated
[10265.615818] wlp3s0: Connection to AP 48:f8:b3:22:97:3d lost
[10266.673421] wlp3s0: authenticate with 48:f8:b3:22:97:3d
[10266.681061] wlp3s0: send auth to 48:f8:b3:22:97:3d (try 1/3)
[10266.682981] wlp3s0: authenticated
[10266.685492] wlp3s0: associate with 48:f8:b3:22:97:3d (try 1/3)
[10266.689041] wlp3s0: RX AssocResp from 48:f8:b3:22:97:3d (capab=0x411 status=0 aid=1)
[10266.690447] wlp3s0: associated
[11771.709726] wlp3s0: AP 48:f8:b3:22:97:3d tries to chanswitch to same channel, ignore
[11771.710639] wlp3s0: cannot understand ECSA IE operating class 11, disconnecting
[11772.769883] wlp3s0: authenticate with 48:f8:b3:22:97:3d
[11772.776141] wlp3s0: send auth to 48:f8:b3:22:97:3d (try 1/3)
[11772.778477] wlp3s0: authenticated
[11772.781097] wlp3s0: associate with 48:f8:b3:22:97:3d (try 1/3)
[11772.784642] wlp3s0: RX AssocResp from 48:f8:b3:22:97:3d (capab=0x411 status=0 aid=1)
[11772.786063] wlp3s0: associated
[11824.378732] wlp3s0: deauthenticating from 48:f8:b3:22:97:3d by local choice (Reason: 3=DEAUTH_LEAVING)
[11825.217725] wlp3s0: authenticate with 48:f8:b3:22:97:3d
[11825.223305] wlp3s0: send auth to 48:f8:b3:22:97:3d (try 1/3)
[11825.225115] wlp3s0: authenticated
[11825.229727] wlp3s0: associate with 48:f8:b3:22:97:3d (try 1/3)
[11825.233171] wlp3s0: RX AssocResp from 48:f8:b3:22:97:3d (capab=0x411 status=0 aid=1)
[11825.234558] wlp3s0: associated
[12126.957473] wlp3s0: Connection to AP 48:f8:b3:22:97:3d lost
[12130.474043] wlp3s0: authenticate with 48:f8:b3:22:97:3d
[12130.479369] wlp3s0: send auth to 48:f8:b3:22:97:3d (try 1/3)
[12130.481291] wlp3s0: authenticated
[12130.485456] wlp3s0: associate with 48:f8:b3:22:97:3d (try 1/3)
[12130.488980] wlp3s0: RX AssocResp from 48:f8:b3:22:97:3d (capab=0x411 status=0 aid=1)
[12130.499932] wlp3s0: associated
[13633.790797] wlp3s0: AP 48:f8:b3:22:97:3d tries to chanswitch to same channel, ignore
[13633.791750] wlp3s0: cannot understand ECSA IE operating class 11, disconnecting
[13637.287954] wlp3s0: authenticate with 48:f8:b3:22:97:3d
[13637.293214] wlp3s0: send auth to 48:f8:b3:22:97:3d (try 1/3)
[13637.295052] wlp3s0: authenticated
[13637.298090] wlp3s0: associate with 48:f8:b3:22:97:3d (try 1/3)
[13637.301713] wlp3s0: RX AssocResp from 48:f8:b3:22:97:3d (capab=0x411 status=0 aid=1)
[13637.303496] wlp3s0: associated
[13939.102592] wlp3s0: Connection to AP 48:f8:b3:22:97:3d lost
[13940.164757] wlp3s0: authenticate with 48:f8:b3:22:97:3d
[13940.170803] wlp3s0: send auth to 48:f8:b3:22:97:3d (try 1/3)
[13940.176530] wlp3s0: authenticated
[13940.180848] wlp3s0: associate with 48:f8:b3:22:97:3d (try 1/3)
[13940.184351] wlp3s0: RX AssocResp from 48:f8:b3:22:97:3d (capab=0x411 status=0 aid=1)
[13940.185740] wlp3s0: associated
[15447.474581] wlp3s0: AP 48:f8:b3:22:97:3d tries to chanswitch to same channel, ignore
[15447.475538] wlp3s0: cannot understand ECSA IE operating class 11, disconnecting
[15448.521782] wlp3s0: authenticate with 48:f8:b3:22:97:3d
[15448.527836] wlp3s0: send auth to 48:f8:b3:22:97:3d (try 1/3)
[15448.529655] wlp3s0: authenticated
[15448.530697] wlp3s0: associate with 48:f8:b3:22:97:3d (try 1/3)
[15448.534217] wlp3s0: RX AssocResp from 48:f8:b3:22:97:3d (capab=0x411 status=0 aid=1)
[15448.535578] wlp3s0: associated
[15683.289006] [drm:intel_cpu_fifo_underrun_irq_handler [i915]] *ERROR* CPU pipe C FIFO underrun
[15914.630851] [drm:intel_cpu_fifo_underrun_irq_handler [i915]] *ERROR* CPU pipe B FIFO underrun
[16032.420303] nf_conntrack version 0.5.0 (65536 buckets, 262144 max)
[16036.176182] PPP MPPE Compression module registered
[16950.302046] wlp3s0: Connection to AP 48:f8:b3:22:97:3d lost
[16951.235987] wlp3s0: authenticate with 48:f8:b3:22:97:3d
[16951.240582] wlp3s0: send auth to 48:f8:b3:22:97:3d (try 1/3)
[16951.242469] wlp3s0: authenticated
[16951.246411] wlp3s0: associate with 48:f8:b3:22:97:3d (try 1/3)
[16951.249966] wlp3s0: RX AssocResp from 48:f8:b3:22:97:3d (capab=0x411 status=0 aid=1)
[16951.252058] wlp3s0: associated
[18020.292881] wlp3s0: deauthenticating from 48:f8:b3:22:97:3d by local choice (Reason: 3=DEAUTH_LEAVING)
[18020.332682] IPv6: ADDRCONF(NETDEV_UP): wlp3s0: link is not ready
[18021.165507] wlp3s0: authenticate with 48:f8:b3:22:97:3d
[18021.170246] wlp3s0: send auth to 48:f8:b3:22:97:3d (try 1/3)
[18021.172173] wlp3s0: authenticated
[18021.172498] wlp3s0: associate with 48:f8:b3:22:97:3d (try 1/3)
[18021.176088] wlp3s0: RX AssocResp from 48:f8:b3:22:97:3d (capab=0x411 status=0 aid=1)
[18021.177914] wlp3s0: associated
[18021.177962] IPv6: ADDRCONF(NETDEV_CHANGE): wlp3s0: link becomes ready
[18456.618836] wlp3s0: AP 48:f8:b3:22:97:3d tries to chanswitch to same channel, ignore
[18456.619724] wlp3s0: cannot understand ECSA IE operating class 11, disconnecting
[18460.179901] wlp3s0: authenticate with 48:f8:b3:22:97:3d
[18460.185147] wlp3s0: send auth to 48:f8:b3:22:97:3d (try 1/3)
[18460.187112] wlp3s0: authenticated
[18460.190879] wlp3s0: associate with 48:f8:b3:22:97:3d (try 1/3)
[18460.194523] wlp3s0: RX AssocResp from 48:f8:b3:22:97:3d (capab=0x411 status=0 aid=1)
[18460.196050] wlp3s0: associated
[21761.966491] wlp3s0: Connection to AP 48:f8:b3:22:97:3d lost
[21762.918962] wlp3s0: authenticate with 48:f8:b3:22:97:3d
[21762.924438] wlp3s0: send auth to 48:f8:b3:22:97:3d (try 1/3)
[21762.926355] wlp3s0: authenticated
[21762.930221] wlp3s0: associate with 48:f8:b3:22:97:3d (try 1/3)
[21762.933882] wlp3s0: RX AssocResp from 48:f8:b3:22:97:3d (capab=0x411 status=0 aid=1)
[21762.935256] wlp3s0: associated
[22259.505348] usb 1-3.2.2: USB disconnect, device number 9
[23272.974047] wlp3s0: AP 48:f8:b3:22:97:3d tries to chanswitch to same channel, ignore
[23272.974988] wlp3s0: cannot understand ECSA IE operating class 11, disconnecting
[23273.912035] wlp3s0: authenticate with 48:f8:b3:22:97:3d
[23273.917206] wlp3s0: send auth to 48:f8:b3:22:97:3d (try 1/3)
[23273.920744] wlp3s0: authenticated
[23273.922923] wlp3s0: associate with 48:f8:b3:22:97:3d (try 1/3)
[23273.926498] wlp3s0: RX AssocResp from 48:f8:b3:22:97:3d (capab=0x411 status=0 aid=1)
[23273.934627] wlp3s0: associated
[23417.207176] [drm:intel_cpu_fifo_underrun_irq_handler [i915]] *ERROR* CPU pipe B FIFO underrun
[23486.194484] wlp3s0: deauthenticating from 48:f8:b3:22:97:3d by local choice (Reason: 3=DEAUTH_LEAVING)
[23486.969550] wlp3s0: authenticate with 48:f8:b3:22:97:3d
[23486.974654] wlp3s0: send auth to 48:f8:b3:22:97:3d (try 1/3)
[23486.976461] wlp3s0: authenticated
[23486.978960] wlp3s0: associate with 48:f8:b3:22:97:3d (try 1/3)
[23486.982420] wlp3s0: RX AssocResp from 48:f8:b3:22:97:3d (capab=0x411 status=0 aid=1)
[23486.983782] wlp3s0: associated
[23695.747991] [drm:intel_cpu_fifo_underrun_irq_handler [i915]] *ERROR* CPU pipe C FIFO underrun
[23788.736297] wlp3s0: Connection to AP 48:f8:b3:22:97:3d lost
[23789.683390] wlp3s0: authenticate with 48:f8:b3:22:97:3d
[23789.689197] wlp3s0: send auth to 48:f8:b3:22:97:3d (try 1/3)
[23789.691006] wlp3s0: authenticated
[23789.691744] wlp3s0: associate with 48:f8:b3:22:97:3d (try 1/3)
[23789.695284] wlp3s0: RX AssocResp from 48:f8:b3:22:97:3d (capab=0x411 status=0 aid=1)
[23789.696612] wlp3s0: associated
[25292.531104] wlp3s0: AP 48:f8:b3:22:97:3d tries to chanswitch to same channel, ignore
[25292.532035] wlp3s0: cannot understand ECSA IE operating class 11, disconnecting
[25296.056234] wlp3s0: authenticate with 48:f8:b3:22:97:3d
[25296.062340] wlp3s0: send auth to 48:f8:b3:22:97:3d (try 1/3)
[25296.064285] wlp3s0: authenticated
[25296.068374] wlp3s0: associate with 48:f8:b3:22:97:3d (try 1/3)
[25296.071901] wlp3s0: RX AssocResp from 48:f8:b3:22:97:3d (capab=0x411 status=0 aid=1)
[25296.073276] wlp3s0: associated
[25597.853945] wlp3s0: Connection to AP 48:f8:b3:22:97:3d lost
[25601.421624] wlp3s0: authenticate with 48:f8:b3:22:97:3d
[25601.426741] wlp3s0: send auth to 48:f8:b3:22:97:3d (try 1/3)
[25601.428664] wlp3s0: authenticated
[25601.432592] wlp3s0: associate with 48:f8:b3:22:97:3d (try 1/3)
[25601.436133] wlp3s0: RX AssocResp from 48:f8:b3:22:97:3d (capab=0x411 status=0 aid=1)
[25601.437544] wlp3s0: associated
[26428.294673] wlp3s0: deauthenticating from 48:f8:b3:22:97:3d by local choice (Reason: 3=DEAUTH_LEAVING)
[26429.040094] wlp3s0: authenticate with 48:f8:b3:22:97:3d
[26429.044929] wlp3s0: send auth to 48:f8:b3:22:97:3d (try 1/3)
[26429.046743] wlp3s0: authenticated
[26429.047934] wlp3s0: associate with 48:f8:b3:22:97:3d (try 1/3)
[26429.051387] wlp3s0: RX AssocResp from 48:f8:b3:22:97:3d (capab=0x411 status=0 aid=1)
[26429.062029] wlp3s0: associated
[26438.074952] wlp3s0: deauthenticating from 48:f8:b3:22:97:3d by local choice (Reason: 3=DEAUTH_LEAVING)
[27487.693069] systemd[1]: apt-daily.timer: Adding 7h 41min 33.293848s random time.
[27490.855511] systemd[1]: apt-daily.timer: Adding 11h 40min 21.034743s random time.
[27491.250672] systemd[1]: apt-daily.timer: Adding 7h 14min 30.470099s random time.
[27491.389598] systemd[1]: apt-daily.timer: Adding 1h 17min 19.238593s random time.
[27491.497360] systemd[1]: apt-daily.timer: Adding 5h 41min 13.964067s random time.
[27491.545007] cgroup: new mount options do not match the existing superblock, will be ignored
[27491.699064] systemd[1]: apt-daily.timer: Adding 2h 5min 21.951043s random time.
[27491.811341] systemd[1]: apt-daily.timer: Adding 11h 52min 49.884867s random time.
[27491.992979] systemd[1]: apt-daily.timer: Adding 11h 45min 49.344023s random time.
[27492.102811] systemd[1]: apt-daily.timer: Adding 7h 55min 7.461971s random time.
[27492.984710] audit: type=1400 audit(1461652288.862:21): apparmor="STATUS" operation="profile_load" profile="unconfined" name="/usr/sbin/libvirtd" pid=15754 comm="apparmor_parser"
[27493.089291] audit: type=1400 audit(1461652288.970:22): apparmor="STATUS" operation="profile_load" profile="unconfined" name="/usr/lib/libvirt/virt-aa-helper" pid=15757 comm="apparmor_parser"
[27493.354455] systemd[1]: apt-daily.timer: Adding 7h 52min 18.716350s random time.
[27493.618919] systemd[1]: apt-daily.timer: Adding 4h 35min 49.003558s random time.
[27494.354789] systemd[1]: apt-daily.timer: Adding 11h 11min 3.118762s random time.
[27494.467406] systemd[1]: apt-daily.timer: Adding 3h 44min 24.152166s random time.
[27494.670630] systemd[1]: apt-daily.timer: Adding 2h 8min 2.543362s random time.
[27494.784639] systemd[1]: apt-daily.timer: Adding 6h 28min 45.700409s random time.
[27494.993768] systemd[1]: apt-daily.timer: Adding 10h 12min 23.841852s random time.
[27495.101767] systemd[1]: apt-daily.timer: Adding 11h 7min 4.987810s random time.
[27495.367538] systemd[1]: apt-daily.timer: Adding 5h 18min 12.864399s random time.
[27495.479404] systemd[1]: apt-daily.timer: Adding 4h 38min 5.839768s random time.
[27495.852026] ip_tables: (C) 2000-2006 Netfilter Core Team
[27495.874809] ip6_tables: (C) 2000-2006 Netfilter Core Team
[27495.892210] Ebtables v2.0 registered
[27496.150532] bridge: automatic filtering via arp/ip/ip6tables has been deprecated. Update your scripts to load br_netfilter if you need this.
[27496.209186] device virbr0-nic entered promiscuous mode
[27496.484893] virbr0: port 1(virbr0-nic) entered listening state
[27496.484921] virbr0: port 1(virbr0-nic) entered listening state
[27496.575746] virbr0: port 1(virbr0-nic) entered disabled state
[27496.580950] device virbr0-nic left promiscuous mode
[27496.580987] virbr0: port 1(virbr0-nic) entered disabled state
[27498.676681] systemd[1]: apt-daily.timer: Adding 3h 42min 13.703941s random time.
[28900.188161] usb 1-3.2.2: new low-speed USB device number 18 using xhci_hcd
[28900.281766] usb 1-3.2.2: New USB device found, idVendor=1050, idProduct=0010
[28900.281769] usb 1-3.2.2: New USB device strings: Mfr=1, Product=2, SerialNumber=3
[28900.281771] usb 1-3.2.2: Product: Yubico Yubikey II
[28900.281772] usb 1-3.2.2: Manufacturer: Yubico
[28900.281773] usb 1-3.2.2: SerialNumber: 0000975910
[28900.281994] usb 1-3.2.2: ep 0x81 - rounding interval to 64 microframes, ep desc says 80 microframes
[28900.287125] input: Yubico Yubico Yubikey II as /devices/pci0000:00/0000:00:14.0/usb1/1-3/1-3.2/1-3.2.2/1-3.2.2:1.0/0003:1050:0010.0011/input/input28
[28900.340689] hid-generic 0003:1050:0010.0011: input,hidraw0: USB HID v1.11 Keyboard [Yubico Yubico Yubikey II] on usb-0000:00:14.0-3.2.2/input0
[37872.729205] [drm:intel_cpu_fifo_underrun_irq_handler [i915]] *ERROR* CPU pipe B FIFO underrun
[38137.339621] [drm:intel_cpu_fifo_underrun_irq_handler [i915]] *ERROR* CPU pipe C FIFO underrun
[41107.533447] usb 1-3.2.3: USB disconnect, device number 17
[41180.178664] usb 1-3.4.3.1: new full-speed USB device number 19 using xhci_hcd
[41180.269509] usb 1-3.4.3.1: New USB device found, idVendor=046d, idProduct=c52b
[41180.269512] usb 1-3.4.3.1: New USB device strings: Mfr=1, Product=2, SerialNumber=0
[41180.269513] usb 1-3.4.3.1: Product: USB Receiver
[41180.269515] usb 1-3.4.3.1: Manufacturer: Logitech
[41180.276095] logitech-djreceiver 0003:046D:C52B.0014: hiddev0,hidraw4: USB HID v1.11 Device [Logitech USB Receiver] on usb-0000:00:14.0-3.4.3.1/input2
[41180.396262] input: Logitech K750 as /devices/pci0000:00/0000:00:14.0/usb1/1-3/1-3.4/1-3.4.3/1-3.4.3.1/1-3.4.3.1:1.2/0003:046D:C52B.0014/0003:046D:4002.0015/input/input29
[41180.396623] logitech-hidpp-device 0003:046D:4002.0015: input,hidraw5: USB HID v1.11 Keyboard [Logitech K750] on usb-0000:00:14.0-3.4.3.1:2
[41180.400176] input: Logitech M705 as /devices/pci0000:00/0000:00:14.0/usb1/1-3/1-3.4/1-3.4.3/1-3.4.3.1/1-3.4.3.1:1.2/0003:046D:C52B.0014/0003:046D:101B.0016/input/input30
[41180.400403] logitech-hidpp-device 0003:046D:101B.0016: input,hidraw8: USB HID v1.11 Mouse [Logitech M705] on usb-0000:00:14.0-3.4.3.1:3
[44092.067291] [drm:intel_cpu_fifo_underrun_irq_handler [i915]] *ERROR* CPU pipe A FIFO underrun
[45019.848966] [drm:intel_cpu_fifo_underrun_irq_handler [i915]] *ERROR* CPU pipe B FIFO underrun
[49943.234481] [drm:intel_cpu_fifo_underrun_irq_handler [i915]] *ERROR* CPU pipe A FIFO underrun
[51645.839123] [drm:intel_cpu_fifo_underrun_irq_handler [i915]] *ERROR* CPU pipe B FIFO underrun
[58318.197777] [drm:intel_cpu_fifo_underrun_irq_handler [i915]] *ERROR* CPU pipe B FIFO underrun
[60353.282726] [drm:intel_cpu_fifo_underrun_irq_handler [i915]] *ERROR* CPU pipe A FIFO underrun
[61522.943537] nf_conntrack: automatic helper assignment is deprecated and it will be removed soon. Use the iptables CT target to attach helpers instead.
[90897.941858] [drm:intel_cpu_fifo_underrun_irq_handler [i915]] *ERROR* CPU pipe A FIFO underrun
[91818.261648] [drm:intel_cpu_fifo_underrun_irq_handler [i915]] *ERROR* CPU pipe B FIFO underrun
[97864.348598] [drm:intel_cpu_fifo_underrun_irq_handler [i915]] *ERROR* CPU pipe C FIFO underrun
[97970.869491] [drm:intel_cpu_fifo_underrun_irq_handler [i915]] *ERROR* CPU pipe A FIFO underrun
[97975.628037] [drm:intel_cpu_fifo_underrun_irq_handler [i915]] *ERROR* CPU pipe B FIFO underrun
[98252.328875] EXT4-fs (dm-1): warning: maximal mount count reached, running e2fsck is recommended
[98252.330483] EXT4-fs (dm-1): mounted filesystem with ordered data mode. Opts: (null)
[98266.974418] EXT4-fs (dm-2): mounted filesystem with ordered data mode. Opts: (null)
[105215.373878] [drm:intel_cpu_fifo_underrun_irq_handler [i915]] *ERROR* CPU pipe A FIFO underrun
[106352.935640] usb 1-3.2.2: USB disconnect, device number 18
[111989.979103] [drm:intel_cpu_fifo_underrun_irq_handler [i915]] *ERROR* CPU pipe A FIFO underrun
[115971.362258] [drm:intel_cpu_fifo_underrun_irq_handler [i915]] *ERROR* CPU pipe B FIFO underrun
[122188.203421] [drm:intel_cpu_fifo_underrun_irq_handler [i915]] *ERROR* CPU pipe A FIFO underrun
[124899.548725] [drm:intel_cpu_fifo_underrun_irq_handler [i915]] *ERROR* CPU pipe B FIFO underrun
[131687.765327] [drm:intel_cpu_fifo_underrun_irq_handler [i915]] *ERROR* CPU pipe C FIFO underrun
[131709.632282] [drm:intel_cpu_fifo_underrun_irq_handler [i915]] *ERROR* CPU pipe B FIFO underrun
[138739.699311] [drm:intel_cpu_fifo_underrun_irq_handler [i915]] *ERROR* CPU pipe A FIFO underrun

```

---

### Post by gdi2k on 2016-05-04
I was finally able to save my sanity and resolve this by installing the [Intel graphics drivers from Intel]("https://01.org/linuxgraphics/downloads") despite not being officially supported by 16.04 at this point (up to 15.10 only - hopefully the next release will officially support 16.04). I followed this helpful guide to get it installed: 
[https://allanbogh.com/2016/01/05/ubuntu-16-04-installing-the-intel-graphics-drivers-using-the-intel-graphics-installer-for-linux/](https://allanbogh.com/2016/01/05/ubuntu-16-04-installing-the-intel-graphics-drivers-using-the-intel-graphics-installer-for-linux/)

All my graphics woes are now resolved, including horrible tearing during scrolling of text / web-pages, incessant blanking issues and all the hairy kernel messages shown in the prior post. 

Now to figure out why wifi keeps dropping, why I lose my mouse cursor on resume from suspend, why sound resets to 100% during 30 mins of screen locking (surprise, mf) and why my scanner requires root access before being able to be access by a regular user, none of which occurred on 14.04. Enjoying Xenial goodness doesn't come without sacrifice!

---

### Post by jason-gotsch-gmail on 2016-05-12
