---
title: "14.04 Ubuntu on Chromebook Dell Candy 2015 - issues"
date: 2015-11-08
forum: Hardware
---

### Post by Berduchwal on 2015-11-08
Hi

Started posting in the wrong thread so starting new one here.

Steps I have take with my Chromebook Dell Candy 2015:

1) Unscrew the back cover
2) Unscrew WP screw
3) Boot into developers mode
4) Use [https://johnlewis.ie/custom-chromebo.../rom-download/](https://johnlewis.ie/custom-chromebo.../rom-download/) to override BIOS
5) Screw WP screw back
6) Install USB 14.04 from USB stick

Feedback to date:
A) Everything works out of the box APART from sound
B) Battery works very very well I would probably judge it at about 8h (not measured) - it displays 10h when fully charged
C) Touchpad needs some getting use to as it does not have buttons. Right hand area which supposedly triggers the standard right click only works from time to time
D) One major disadvantage as far as I am concerned is SD card sticks out. So if you want extra storage added and buy SD card it does not go all the way in about 1.5cm sticks out.
E) Function keys F1, F2 etc are combined with Mute, Back, Brightness up/down on Chrombook and on Ubuntu they only work are function keys. I do not know how to active their other features.

Sound not working:
```
sudo apt-get install mplayer2
Reading package lists... Done
Building dependency tree       
Reading state information... Done
mplayer2 is already the newest version.
mplayer2 set to manually installed.
0 to upgrade, 0 to newly install, 0 to remove and 0 not to upgrade.
mplayer Adele\ -\ Hello.mp3 
Creating config file: /home/marcin/.mplayer/config
MPlayer2 2.0-701-gd4c5b7f-2ubuntu2 (C) 2000-2012 MPlayer Team
Cannot open file '/home/marcin/.mplayer/input.conf': No such file or directory
Failed to open /home/marcin/.mplayer/input.conf.
Cannot open file '/etc/mplayer/input.conf': No such file or directory
Failed to open /etc/mplayer/input.conf.

Playing Adele - Hello.mp3.
Detected file format: MP2/3 (MPEG audio layer 2/3) (libavformat)
[mp3 @ 0x7fc519701600]max_analyze_duration reached
[lavf] stream 0: audio (mp3), -aid 0
Clip info:
 major_brand: dash
 minor_version: 0
 compatible_brands: iso6mp41
 creation_time: 2015-10-22 12:58:49
 encoder: Lavf54.20.4
Load subtitles in .
Selected audio codec: MPEG 1.0/2.0/2.5 layers I, II, III [mpg123]
AUDIO: 44100 Hz, 2 ch, s16le, 128.0 kbit/9.07% (ratio: 16000->176400)
AO: [pulse] 44100Hz 2ch s16le (2 bytes per sample)
Video: no video
Starting playback...
A:  38.7 (38.6) of 366.9 (06:06.9)  1.2%
```

No sound.

```
padevchooser

(process:2503): GLib-GObject-WARNING **: Attempt to add property GnomeProgram::sm-connect after class was initialised

(process:2503): GLib-GObject-WARNING **: Attempt to add property GnomeProgram::show-crash-dialog after class was initialised

(process:2503): GLib-GObject-WARNING **: Attempt to add property GnomeProgram::display after class was initialised

(process:2503): GLib-GObject-WARNING **: Attempt to add property GnomeProgram::default-icon after class was initialised
```

Nothing happens then same from graphical interface.

No sound.

```
xinput list --long
&#9121; Virtual core pointer                    	id=2	[master pointer  (3)]
	Reporting 11 classes:
		Class originated from: 11. Type: XIButtonClass
		Buttons supported: 12
		Button labels: "Button Left" "Button Middle" "Button Right" "Button Wheel Up" "Button Wheel Down" "Button Horiz Wheel Left" "Button Horiz Wheel Right" None None None None None
		Button state:
		Class originated from: 11. Type: XIValuatorClass
		Detail for Valuator 0:
		  Label: Rel X
		  Range: 0.000000 - 3029.000000
		  Resolution: 31000 units/m
		  Mode: relative
		Class originated from: 11. Type: XIValuatorClass
		Detail for Valuator 1:
		  Label: Rel Y
		  Range: 0.000000 - 1645.000000
		  Resolution: 31000 units/m
		  Mode: relative
		Class originated from: 11. Type: XIValuatorClass
		Detail for Valuator 2:
		  Label: Rel Horiz Scroll
		  Range: 0.000000 - -1.000000
		  Resolution: 0 units/m
		  Mode: relative
		Class originated from: 11. Type: XIValuatorClass
		Detail for Valuator 3:
		  Label: Rel Vert Scroll
		  Range: 0.000000 - -1.000000
		  Resolution: 0 units/m
		  Mode: relative
		Class originated from: 11. Type: XIValuatorClass
		Detail for Valuator 4:
		  Label: Abs MT Touch Major
		  Range: 0.000000 - 2460.000000
		  Resolution: 0 units/m
		  Mode: absolute
		  Current value: 0.000000
		Class originated from: 11. Type: XIValuatorClass
		Detail for Valuator 5:
		  Label: Abs MT Touch Minor
		  Range: 0.000000 - 2385.000000
		  Resolution: 0 units/m
		  Mode: absolute
		  Current value: 0.000000
		Class originated from: 11. Type: XIValuatorClass
		Detail for Valuator 6:
		  Label: Abs MT Pressure
		  Range: 0.000000 - 255.000000
		  Resolution: 0 units/m
		  Mode: absolute
		  Current value: 0.000000
		Class originated from: 11. Type: XIScrollClass
		Scroll info for Valuator 2
		  type: 2 (horizontal)
		  increment: 68.000000
		  flags: 0x0
		Class originated from: 11. Type: XIScrollClass
		Scroll info for Valuator 3
		  type: 1 (vertical)
		  increment: 68.000000
		  flags: 0x0
		Class originated from: 11. Type: XITouchClass
		Touch mode: dependent
		Max number of touches: 5

&#9116;   &#8627; Virtual core XTEST pointer              	id=4	[slave  pointer  (2)]
	Reporting 3 classes:
		Class originated from: 4. Type: XIButtonClass
		Buttons supported: 10
		Button labels: "Button Left" "Button Middle" "Button Right" "Button Wheel Up" "Button Wheel Down" "Button Horiz Wheel Left" "Button Horiz Wheel Right" None None None
		Button state:
		Class originated from: 4. Type: XIValuatorClass
		Detail for Valuator 0:
		  Label: Rel X
		  Range: -1.000000 - -1.000000
		  Resolution: 0 units/m
		  Mode: relative
		Class originated from: 4. Type: XIValuatorClass
		Detail for Valuator 1:
		  Label: Rel Y
		  Range: -1.000000 - -1.000000
		  Resolution: 0 units/m
		  Mode: relative

&#9116;   &#8627; Elan Touchpad                           	id=11	[slave  pointer  (2)]
	Reporting 11 classes:
		Class originated from: 11. Type: XIButtonClass
		Buttons supported: 12
		Button labels: "Button Left" "Button Middle" "Button Right" "Button Wheel Up" "Button Wheel Down" "Button Horiz Wheel Left" "Button Horiz Wheel Right" None None None None None
		Button state:
		Class originated from: 11. Type: XIValuatorClass
		Detail for Valuator 0:
		  Label: Rel X
		  Range: 0.000000 - 3029.000000
		  Resolution: 31000 units/m
		  Mode: relative
		Class originated from: 11. Type: XIValuatorClass
		Detail for Valuator 1:
		  Label: Rel Y
		  Range: 0.000000 - 1645.000000
		  Resolution: 31000 units/m
		  Mode: relative
		Class originated from: 11. Type: XIValuatorClass
		Detail for Valuator 2:
		  Label: Rel Horiz Scroll
		  Range: 0.000000 - -1.000000
		  Resolution: 0 units/m
		  Mode: relative
		Class originated from: 11. Type: XIValuatorClass
		Detail for Valuator 3:
		  Label: Rel Vert Scroll
		  Range: 0.000000 - -1.000000
		  Resolution: 0 units/m
		  Mode: relative
		Class originated from: 11. Type: XIValuatorClass
		Detail for Valuator 4:
		  Label: Abs MT Touch Major
		  Range: 0.000000 - 2460.000000
		  Resolution: 0 units/m
		  Mode: absolute
		  Current value: 0.000000
		Class originated from: 11. Type: XIValuatorClass
		Detail for Valuator 5:
		  Label: Abs MT Touch Minor
		  Range: 0.000000 - 2385.000000
		  Resolution: 0 units/m
		  Mode: absolute
		  Current value: 0.000000
		Class originated from: 11. Type: XIValuatorClass
		Detail for Valuator 6:
		  Label: Abs MT Pressure
		  Range: 0.000000 - 255.000000
		  Resolution: 0 units/m
		  Mode: absolute
		  Current value: 0.000000
		Class originated from: 11. Type: XIScrollClass
		Scroll info for Valuator 2
		  type: 2 (horizontal)
		  increment: 68.000000
		  flags: 0x0
		Class originated from: 11. Type: XIScrollClass
		Scroll info for Valuator 3
		  type: 1 (vertical)
		  increment: 68.000000
		  flags: 0x0
		Class originated from: 11. Type: XITouchClass
		Touch mode: dependent
		Max number of touches: 5

&#9123; Virtual core keyboard                   	id=3	[master keyboard (2)]
	Reporting 1 classes:
		Class originated from: 12. Type: XIKeyClass
		Keycodes supported: 248

    &#8627; Virtual core XTEST keyboard             	id=5	[slave  keyboard (3)]
	Reporting 1 classes:
		Class originated from: 5. Type: XIKeyClass
		Keycodes supported: 248

    &#8627; Power Button                            	id=6	[slave  keyboard (3)]
	Reporting 1 classes:
		Class originated from: 6. Type: XIKeyClass
		Keycodes supported: 248

    &#8627; Power Button                            	id=7	[slave  keyboard (3)]
	Reporting 1 classes:
		Class originated from: 7. Type: XIKeyClass
		Keycodes supported: 248

    &#8627; Sleep Button                            	id=8	[slave  keyboard (3)]
	Reporting 1 classes:
		Class originated from: 8. Type: XIKeyClass
		Keycodes supported: 248

    &#8627; Sleep Button                            	id=9	[slave  keyboard (3)]
	Reporting 1 classes:
		Class originated from: 9. Type: XIKeyClass
		Keycodes supported: 248

    &#8627; Integrated_Webcam_HD                    	id=10	[slave  keyboard (3)]
	Reporting 1 classes:
		Class originated from: 10. Type: XIKeyClass
		Keycodes supported: 248

    &#8627; AT Translated Set 2 keyboard            	id=12	[slave  keyboard (3)]
	Reporting 1 classes:
		Class originated from: 12. Type: XIKeyClass
		Keycodes supported: 248
```

```
aplay -l
**** List of PLAYBACK Hardware Devices ****
card 0: PCH [HDA Intel PCH], device 3: HDMI 0 [HDMI 0]
  Subdevices: 1/1
  Subdevice #0: subdevice #0
card 0: PCH [HDA Intel PCH], device 7: HDMI 1 [HDMI 1]
  Subdevices: 1/1
  Subdevice #0: subdevice #0
```

```
lspci
00:00.0 Host bridge: Intel Corporation ValleyView SSA-CUnit (rev 0e)
00:02.0 VGA compatible controller: Intel Corporation ValleyView Gen7 (rev 0e)
00:14.0 USB controller: Intel Corporation ValleyView USB xHCI Host Controller (rev 0e)
00:1a.0 Encryption controller: Intel Corporation ValleyView SEC (rev 0e)
00:1b.0 Audio device: Intel Corporation ValleyView High Definition Audio Controller (rev 0e)
00:1c.0 PCI bridge: Intel Corporation ValleyView PCI Express Root Port (rev 0e)
00:1f.0 ISA bridge: Intel Corporation ValleyView Power Control Unit (rev 0e)
01:00.0 Network controller: Intel Corporation Wireless 7260 (rev bb)

```

```
lsusb
Bus 002 Device 001: ID 1d6b:0003 Linux Foundation 3.0 root hub
Bus 001 Device 005: ID 8087:07dc Intel Corp. 
Bus 001 Device 003: ID 0bda:5685 Realtek Semiconductor Corp. 
Bus 001 Device 004: ID 04d8:0b28 Microchip Technology, Inc. 
Bus 001 Device 002: ID 05e3:0610 Genesys Logic, Inc. 4-port hub
Bus 001 Device 001: ID 1d6b:0002 Linux Foundation 2.0 root hub

```

```

dmesg
[    0.123711] ACPI: Using IOAPIC for interrupt routing
[    0.123754] PCI: Using host bridge windows from ACPI; if necessary, use "pci=nocrs" and report a bug
[    0.130830] ACPI: Power Resource [PLPE] (on)
[    0.132696] ACPI: PCI Root Bridge [PCI0] (domain 0000 [bus 00-ff])
[    0.132707] acpi PNP0A08:00: _OSC: OS supports [ExtendedConfig ASPM ClockPM Segments MSI]
[    0.132795] acpi PNP0A08:00: _OSC: OS now controls [PCIeHotplug PME AER PCIeCapability]
[    0.132972] acpi PNP0A08:00: host bridge window expanded to [mem 0x00000000-0xfeafffff]; [mem 0x000a0000-0x000bffff] ignored
[    0.132977] acpi PNP0A08:00: host bridge window expanded to [mem 0x00000000-0xfeafffff]; [mem 0x000c0000-0x000c3fff] ignored
[    0.132981] acpi PNP0A08:00: host bridge window expanded to [mem 0x00000000-0xfeafffff]; [mem 0x000c4000-0x000c7fff] ignored
[    0.132986] acpi PNP0A08:00: host bridge window expanded to [mem 0x00000000-0xfeafffff]; [mem 0x000c8000-0x000cbfff] ignored
[    0.132990] acpi PNP0A08:00: host bridge window expanded to [mem 0x00000000-0xfeafffff]; [mem 0x000cc000-0x000cffff] ignored
[    0.132994] acpi PNP0A08:00: host bridge window expanded to [mem 0x00000000-0xfeafffff]; [mem 0x000d0000-0x000d3fff] ignored
[    0.132998] acpi PNP0A08:00: host bridge window expanded to [mem 0x00000000-0xfeafffff]; [mem 0x000d4000-0x000d7fff] ignored
[    0.133002] acpi PNP0A08:00: host bridge window expanded to [mem 0x00000000-0xfeafffff]; [mem 0x000d8000-0x000dbfff] ignored
[    0.133006] acpi PNP0A08:00: host bridge window expanded to [mem 0x00000000-0xfeafffff]; [mem 0x000dc000-0x000dffff] ignored
[    0.133010] acpi PNP0A08:00: host bridge window expanded to [mem 0x00000000-0xfeafffff]; [mem 0x000e0000-0x000e3fff] ignored
[    0.133014] acpi PNP0A08:00: host bridge window expanded to [mem 0x00000000-0xfeafffff]; [mem 0x000e4000-0x000e7fff] ignored
[    0.133018] acpi PNP0A08:00: host bridge window expanded to [mem 0x00000000-0xfeafffff]; [mem 0x000e8000-0x000ebfff] ignored
[    0.133022] acpi PNP0A08:00: host bridge window expanded to [mem 0x00000000-0xfeafffff]; [mem 0x000ec000-0x000effff] ignored
[    0.133026] acpi PNP0A08:00: host bridge window expanded to [mem 0x00000000-0xfeafffff]; [mem 0x000f0000-0x000fffff] ignored
[    0.133171] PCI host bridge to bus 0000:00
[    0.133176] pci_bus 0000:00: root bus resource [bus 00-ff]
[    0.133181] pci_bus 0000:00: root bus resource [io  0x0000-0x0cf7]
[    0.133184] pci_bus 0000:00: root bus resource [io  0x0d00-0xffff]
[    0.133188] pci_bus 0000:00: root bus resource [mem 0x00000000-0xfeafffff]
[    0.133192] pci_bus 0000:00: root bus resource [mem 0xfed40000-0xfed44fff]
[    0.133203] pci 0000:00:00.0: [8086:0f00] type 00 class 0x060000
[    0.133328] pci 0000:00:02.0: [8086:0f31] type 00 class 0x030000
[    0.133345] pci 0000:00:02.0: reg 0x10: [mem 0xd0000000-0xd03fffff]
[    0.133358] pci 0000:00:02.0: reg 0x18: [mem 0xc0000000-0xcfffffff pref]
[    0.133369] pci 0000:00:02.0: reg 0x20: [io  0x1000-0x1007]
[    0.133508] pci 0000:00:14.0: [8086:0f35] type 00 class 0x0c0330
[    0.133529] pci 0000:00:14.0: reg 0x10: [mem 0xd0900000-0xd090ffff 64bit]
[    0.133594] pci 0000:00:14.0: PME# supported from D3hot D3cold
[    0.133639] pci 0000:00:14.0: System wakeup disabled by ACPI
[    0.133724] pci 0000:00:1a.0: [8086:0f18] type 00 class 0x108000
[    0.133753] pci 0000:00:1a.0: reg 0x10: [mem 0xd0600000-0xd06fffff]
[    0.133778] pci 0000:00:1a.0: reg 0x14: [mem 0xd0700000-0xd07fffff]
[    0.133892] pci 0000:00:1a.0: PME# supported from D0 D3hot
[    0.134003] pci 0000:00:1b.0: [8086:0f04] type 00 class 0x040300
[    0.134029] pci 0000:00:1b.0: reg 0x10: [mem 0xd0914000-0xd0917fff 64bit]
[    0.134106] pci 0000:00:1b.0: PME# supported from D0 D3hot D3cold
[    0.134205] pci 0000:00:1c.0: [8086:0f48] type 01 class 0x060400
[    0.134274] pci 0000:00:1c.0: PME# supported from D0 D3hot D3cold
[    0.134388] pci 0000:00:1f.0: [8086:0f1c] type 00 class 0x060100
[    0.134663] pci 0000:01:00.0: [8086:08b1] type 00 class 0x028000
[    0.134714] pci 0000:01:00.0: reg 0x10: [mem 0xd0800000-0xd0801fff 64bit]
[    0.134925] pci 0000:01:00.0: PME# supported from D0 D3hot D3cold
[    0.141817] pci 0000:00:1c.0: PCI bridge to [bus 01]
[    0.141825] pci 0000:00:1c.0:   bridge window [mem 0xd0800000-0xd08fffff]
[    0.142079] ACPI: PCI Interrupt Link [LNKA] (IRQs 1 3 4 5 6 7 10 12 14 15) *0
[    0.142189] ACPI: PCI Interrupt Link [LNKB] (IRQs 1 3 4 5 6 7 11 12 14 15) *0
[    0.142296] ACPI: PCI Interrupt Link [LNKC] (IRQs 1 3 4 5 6 7 10 12 14 15) *0
[    0.142403] ACPI: PCI Interrupt Link [LNKD] (IRQs 1 3 4 5 6 7 11 12 14 15) *0
[    0.142510] ACPI: PCI Interrupt Link [LNKE] (IRQs 1 3 4 5 6 7 10 12 14 15) *0
[    0.142618] ACPI: PCI Interrupt Link [LNKF] (IRQs 1 3 4 5 6 7 11 12 14 15) *0
[    0.142726] ACPI: PCI Interrupt Link [LNKG] (IRQs 1 3 4 5 6 7 10 12 14 15) *0
[    0.142834] ACPI: PCI Interrupt Link [LNKH] (IRQs 1 3 4 5 6 7 11 12 14 15) *0
[    0.147057] ACPI : EC: GPE = 0x18, I/O: command/status = 0x66, data = 0x62
[    0.147256] vgaarb: setting as boot device: PCI:0000:00:02.0
[    0.147260] vgaarb: device added: PCI:0000:00:02.0,decodes=io+mem,owns=io+mem,locks=none
[    0.147264] vgaarb: loaded
[    0.147267] vgaarb: bridge control possible 0000:00:02.0
[    0.147719] SCSI subsystem initialized
[    0.147815] libata version 3.00 loaded.
[    0.147861] ACPI: bus type USB registered
[    0.147903] usbcore: registered new interface driver usbfs
[    0.147922] usbcore: registered new interface driver hub
[    0.147949] usbcore: registered new device driver usb
[    0.148216] PCI: Using ACPI for IRQ routing
[    0.154120] PCI: pci_cache_line_size set to 64 bytes
[    0.154171] e820: reserve RAM buffer [mem 0x0009fc00-0x0009ffff]
[    0.154175] e820: reserve RAM buffer [mem 0x7ae5c000-0x7bffffff]
[    0.154367] NetLabel: Initializing
[    0.154370] NetLabel:  domain hash size = 128
[    0.154372] NetLabel:  protocols = UNLABELED CIPSOv4
[    0.154395] NetLabel:  unlabeled traffic allowed by default
[    0.154568] Switched to clocksource refined-jiffies
[    0.165540] AppArmor: AppArmor Filesystem Enabled
[    0.165676] pnp: PnP ACPI init
[    0.165841] system 00:00: [mem 0xfeb00000-0xfebfffff] has been reserved
[    0.165849] system 00:00: [mem 0xe0000000-0xefffffff] could not be reserved
[    0.165853] system 00:00: [mem 0xfed03000-0xfed033ff] has been reserved
[    0.165857] system 00:00: [mem 0xfed08000-0xfed083ff] has been reserved
[    0.165861] system 00:00: [mem 0xfed01000-0xfed013ff] has been reserved
[    0.165865] system 00:00: [mem 0xfef00000-0xfeffffff] has been reserved
[    0.165869] system 00:00: [mem 0xfed05000-0xfed057ff] has been reserved
[    0.165873] system 00:00: [mem 0xfed1c000-0xfed1c3ff] has been reserved
[    0.165879] system 00:00: Plug and Play ACPI device, IDs PNP0c02 (active)
[    0.166199] system 00:01: [mem 0xfed00000-0xfed003ff] has been reserved
[    0.166205] system 00:01: Plug and Play ACPI device, IDs PNP0103 PNP0c01 (active)
[    0.166289] system 00:02: Plug and Play ACPI device, IDs PNP0c02 (active)
[    0.166339] pnp 00:03: Plug and Play ACPI device, IDs PNP0b00 (active)
[    0.166419] system 00:04: [io  0x0900-0x09fe] has been reserved
[    0.166425] system 00:04: Plug and Play ACPI device, IDs PNP0c02 (active)
[    0.166501] system 00:05: [io  0x0200] has been reserved
[    0.166506] system 00:05: [io  0x0204] has been reserved
[    0.166511] system 00:05: [io  0x0800-0x087f] has been reserved
[    0.166515] system 00:05: [io  0x0880-0x08ff] has been reserved
[    0.166520] system 00:05: Plug and Play ACPI device, IDs PNP0c02 (active)
[    0.166603] pnp 00:06: Plug and Play ACPI device, IDs PNP0303 PNP030b (active)
[    0.166708] pnp 00:07: Plug and Play ACPI device, IDs IFX0102 PNP0c31 (active)
[    0.167401] pnp: PnP ACPI: found 8 devices
[    0.175653] Switched to clocksource acpi_pm
[    0.175679] pci 0000:00:1c.0: PCI bridge to [bus 01]
[    0.175687] pci 0000:00:1c.0:   bridge window [mem 0xd0800000-0xd08fffff]
[    0.175696] pci_bus 0000:00: resource 4 [io  0x0000-0x0cf7]
[    0.175700] pci_bus 0000:00: resource 5 [io  0x0d00-0xffff]
[    0.175703] pci_bus 0000:00: resource 6 [mem 0x00000000-0xfeafffff]
[    0.175707] pci_bus 0000:00: resource 7 [mem 0xfed40000-0xfed44fff]
[    0.175711] pci_bus 0000:01: resource 1 [mem 0xd0800000-0xd08fffff]
[    0.175755] NET: Registered protocol family 2
[    0.176042] TCP established hash table entries: 32768 (order: 6, 262144 bytes)
[    0.176181] TCP bind hash table entries: 32768 (order: 7, 524288 bytes)
[    0.176325] TCP: Hash tables configured (established 32768 bind 32768)
[    0.176373] TCP: reno registered
[    0.176391] UDP hash table entries: 2048 (order: 4, 65536 bytes)
[    0.176426] UDP-Lite hash table entries: 2048 (order: 4, 65536 bytes)
[    0.176547] NET: Registered protocol family 1
[    0.176584] pci 0000:00:02.0: Video device with shadowed ROM
[    0.177578] PCI: CLS 64 bytes, default 64
[    0.177686] Trying to unpack rootfs image as initramfs...
[    0.880583] Freeing initrd memory: 28604K (ffff880034812000 - ffff880036401000)
[    0.880625] PCI-DMA: Using software bounce buffering for IO (SWIOTLB)
[    0.880630] software IO TLB [mem 0x76e5c000-0x7ae5c000] (64MB) mapped at [ffff880076e5c000-ffff88007ae5bfff]
[    0.880911] microcode: CPU0 sig=0x30678, pf=0x8, revision=0x829
[    0.880926] microcode: CPU1 sig=0x30678, pf=0x8, revision=0x829
[    0.881034] microcode: Microcode Update Driver: v2.00 <tigran@aivazian.fsnet.co.uk>, Peter Oruba
[    0.881093] Scanning for low memory corruption every 60 seconds
[    0.881727] futex hash table entries: 512 (order: 3, 32768 bytes)
[    0.881750] Initialise system trusted keyring
[    0.881790] audit: initializing netlink subsys (disabled)
[    0.881819] audit: type=2000 audit(1446983423.843:1): initialized
[    0.882319] HugeTLB registered 2 MB page size, pre-allocated 0 pages
[    0.885342] zpool: loaded
[    0.885348] zbud: loaded
[    0.885614] VFS: Disk quotas dquot_6.5.2
[    0.885685] VFS: Dquot-cache hash table entries: 512 (order 0, 4096 bytes)
[    0.886677] fuse init (API version 7.23)
[    0.886959] Key type big_key registered
[    0.887858] Key type asymmetric registered
[    0.887863] Asymmetric key parser 'x509' registered
[    0.887937] Block layer SCSI generic (bsg) driver version 0.4 loaded (major 252)
[    0.888018] io scheduler noop registered
[    0.888024] io scheduler deadline registered (default)
[    0.888086] io scheduler cfq registered
[    0.888890] aer 0000:00:1c.0:pcie02: service driver aer loaded
[    0.888921] pcieport 0000:00:1c.0: Signaling PME through PCIe PME interrupt
[    0.888926] pci 0000:01:00.0: Signaling PME through PCIe PME interrupt
[    0.888931] pcie_pme 0000:00:1c.0:pcie01: service driver pcie_pme loaded
[    0.888945] pci_hotplug: PCI Hot Plug PCI Core version: 0.5
[    0.888976] pciehp: PCI Express Hot Plug Controller Driver version: 0.4
[    0.889060] efifb: probing for efifb
[    0.889067] efifb: framebuffer at 0xa0000, mapped to 0xffff8800000a0000, using 64k, total 64k
[    0.889071] efifb: mode is 640x480x1, linelength=80, pages=1
[    0.889072] efifb: scrolling: redraw
[    0.889075] efifb: Truecolor: size=8:8:8:8, shift=24:16:8:0
[    0.889237] Console: switching to colour frame buffer device 80x30
[    0.889254] fb0: EFI VGA frame buffer device
[    0.889270] intel_idle: MWAIT substates: 0x33000020
[    0.889273] intel_idle: v0.4 model 0x37
[    0.889276] intel_idle: lapic_timer_reliable_states 0xffffffff
[    0.889586] ACPI: AC Adapter [AC] (off-line)
[    0.889774] input: Lid Switch as /devices/LNXSYSTM:00/LNXSYBUS:00/PNP0C0D:00/input/input0
[    0.889846] ACPI: Lid Switch [LID0]
[    0.889923] input: Power Button as /devices/LNXSYSTM:00/LNXSYBUS:00/PNP0C0C:00/input/input1
[    0.889929] ACPI: Power Button [PWRB]
[    0.890011] input: Sleep Button as /devices/LNXSYSTM:00/LNXSYBUS:00/PNP0C0E:00/input/input2
[    0.890017] ACPI: Sleep Button [TPAD]
[    0.890090] input: Sleep Button as /devices/LNXSYSTM:00/LNXSYBUS:00/PNP0C0E:01/input/input3
[    0.890095] ACPI: Sleep Button [TSCR]
[    0.890169] input: Power Button as /devices/LNXSYSTM:00/LNXPWRBN:00/input/input4
[    0.890175] ACPI: Power Button [PWRF]
[    0.890669] GHES: HEST is not enabled!
[    0.891305] ACPI: Battery Slot [BAT0] (battery present)
[    0.891413] Serial: 8250/16550 driver, 32 ports, IRQ sharing enabled
[    0.911586] serial8250: ttyS0 at I/O 0x3f8 (irq = 4, base_baud = 115200) is a 16550A
[    0.919948] hpet_acpi_add: no address or irqs in _CRS
[    0.919979] Linux agpgart interface v0.103
[    0.920884] tpm_tis 00:07: 1.2 TPM (device-id 0xB, rev-id 16)
[    0.980917] tpm_tis 00:07: [Firmware Bug]: TPM interrupt not working, polling instead
[    0.980964] tpm_tis 00:07: Issuing TPM_STARTUP
[    1.345832] brd: module loaded
[    1.348053] loop: module loaded
[    1.348445] libphy: Fixed MDIO Bus: probed
[    1.348451] tun: Universal TUN/TAP device driver, 1.6
[    1.348453] tun: (C) 1999-2004 Max Krasnyansky <maxk@qualcomm.com>
[    1.348663] PPP generic driver version 2.4.2
[    1.349437] xhci_hcd 0000:00:14.0: xHCI Host Controller
[    1.349450] xhci_hcd 0000:00:14.0: new USB bus registered, assigned bus number 1
[    1.349846] xhci_hcd 0000:00:14.0: cache line size of 64 is not supported
[    1.349986] usb usb1: New USB device found, idVendor=1d6b, idProduct=0002
[    1.349990] usb usb1: New USB device strings: Mfr=3, Product=2, SerialNumber=1
[    1.349994] usb usb1: Product: xHCI Host Controller
[    1.349997] usb usb1: Manufacturer: Linux 3.19.0-32-generic xhci-hcd
[    1.350000] usb usb1: SerialNumber: 0000:00:14.0
[    1.350448] hub 1-0:1.0: USB hub found
[    1.350466] hub 1-0:1.0: 6 ports detected
[    1.350839] xhci_hcd 0000:00:14.0: xHCI Host Controller
[    1.350846] xhci_hcd 0000:00:14.0: new USB bus registered, assigned bus number 2
[    1.350914] usb usb2: New USB device found, idVendor=1d6b, idProduct=0003
[    1.350918] usb usb2: New USB device strings: Mfr=3, Product=2, SerialNumber=1
[    1.350922] usb usb2: Product: xHCI Host Controller
[    1.350925] usb usb2: Manufacturer: Linux 3.19.0-32-generic xhci-hcd
[    1.350928] usb usb2: SerialNumber: 0000:00:14.0
[    1.351371] hub 2-0:1.0: USB hub found
[    1.351386] hub 2-0:1.0: 1 port detected
[    1.351540] ehci_hcd: USB 2.0 'Enhanced' Host Controller (EHCI) Driver
[    1.351551] ehci-pci: EHCI PCI platform driver
[    1.351578] ehci-platform: EHCI generic platform driver
[    1.351604] ohci_hcd: USB 1.1 'Open' Host Controller (OHCI) Driver
[    1.351612] ohci-pci: OHCI PCI platform driver
[    1.351631] ohci-platform: OHCI generic platform driver
[    1.351654] uhci_hcd: USB Universal Host Controller Interface driver
[    1.351753] i8042: PNP: PS/2 Controller [PNP0303:PS2K] at 0x60,0x64 irq 53
[    1.351756] i8042: PNP: PS/2 appears to have AUX port disabled, if this is incorrect please boot with i8042.nopnp
[    1.352264] i8042: Warning: Keylock active
[    1.352407] serio: i8042 KBD port at 0x60,0x64 irq 53
[    1.352922] mousedev: PS/2 mouse device common for all mice
[    1.354755] rtc_cmos 00:03: RTC can wake from S4
[    1.354927] rtc_cmos 00:03: rtc core: registered rtc_cmos as rtc0
[    1.354957] rtc_cmos 00:03: alarms up to one month, 242 bytes nvram
[    1.354973] i2c /dev entries driver
[    1.355119] device-mapper: uevent: version 1.0.3
[    1.355337] device-mapper: ioctl: 4.29.0-ioctl (2014-10-28) initialised: dm-devel@redhat.com
[    1.355372] Intel P-state driver initializing.
[    1.355508] Consider also installing thermald for improved thermal control.
[    1.355517] ledtrig-cpu: registered to indicate activity on CPUs
[    1.355907] PCCT header not found.
[    1.355910] ACPI PCC probe failed.
[    1.356041] TCP: cubic registered
[    1.356137] input: AT Translated Set 2 keyboard as /devices/platform/i8042/serio0/input/input5
[    1.356340] NET: Registered protocol family 10
[    1.356691] NET: Registered protocol family 17
[    1.356715] Key type dns_resolver registered
[    1.357273] Loading compiled-in X.509 certificates
[    1.358741] Loaded X.509 cert 'Magrathea: Glacier signing key: 0c8befe0c1e289e4d8990926117ada3bdfeb419c'
[    1.358770] registered taskstats version 1
[    1.362221] Key type trusted registered
[    1.369055] Key type encrypted registered
[    1.369070] AppArmor: AppArmor sha1 policy hashing enabled
[    1.661457] usb 1-2: new high-speed USB device number 2 using xhci_hcd
[    1.793449] usb 1-2: New USB device found, idVendor=05e3, idProduct=0610
[    1.793456] usb 1-2: New USB device strings: Mfr=0, Product=1, SerialNumber=0
[    1.793460] usb 1-2: Product: USB2.0 Hub
[    1.794922] hub 1-2:1.0: USB hub found
[    1.795945] hub 1-2:1.0: 4 ports detected
[    1.881466] tsc: Refined TSC clocksource calibration: 2166.666 MHz
[    1.969495] usb 1-3: new high-speed USB device number 3 using xhci_hcd
[    2.033721] evm: HMAC attrs: 0x1
[    2.034042]   Magic number: 7:584:832
[    2.034265] rtc_cmos 00:03: setting system clock to 2015-11-08 11:50:25 UTC (1446983425)
[    2.034362] BIOS EDD facility v0.16 2004-Jun-25, 0 devices found
[    2.034365] EDD information not available.
[    2.034511] PM: Hibernation image not present or could not be loaded.
[    2.035242] Freeing unused kernel memory: 1408K (ffffffff81d27000 - ffffffff81e87000)
[    2.035248] Write protecting the kernel read-only data: 12288k
[    2.035934] Freeing unused kernel memory: 260K (ffff8800017bf000 - ffff880001800000)
[    2.036141] Freeing unused kernel memory: 340K (ffff880001bab000 - ffff880001c00000)
[    2.061228] systemd-udevd[107]: starting version 204
[    2.095106] sdhci: Secure Digital Host Controller Interface driver
[    2.095111] sdhci: Copyright(c) Pierre Ossman
[    2.098297] sdhci-acpi 80860F14:00: No vmmc regulator found
[    2.098303] sdhci-acpi 80860F14:00: No vqmmc regulator found
[    2.107751] [drm] Initialized drm 1.1.0 20060810
[    2.107793] mmc0: SDHCI controller on ACPI [80860F14:00] using ADMA
[    2.107964] sdhci-acpi 80860F16:00: failed to setup card detect gpio
[    2.108973] sdhci-acpi 80860F16:00: No vmmc regulator found
[    2.108977] sdhci-acpi 80860F16:00: No vqmmc regulator found
[    2.115839] mmc1: SDHCI controller on ACPI [80860F16:00] using ADMA
[    2.153581] [drm] Memory usable by graphics device = 2048M
[    2.153587] checking generic (a0000 10000) vs hw (c0000000 10000000)
[    2.153590] fb: switching to inteldrmfb from EFI VGA
[    2.153622] Console: switching to colour dummy device 80x25
[    2.153712] [drm] Replacing VGA console driver
[    2.155021] [drm] Supports vblank timestamp caching Rev 2 (21.10.2013).
[    2.155026] [drm] Driver supports precise vblank timestamp query.
[    2.233519] usb 1-2.3: new full-speed USB device number 4 using xhci_hcd
[    2.236461] usb 1-3: New USB device found, idVendor=0bda, idProduct=5685
[    2.236466] usb 1-3: New USB device strings: Mfr=3, Product=1, SerialNumber=2
[    2.236470] usb 1-3: Product: Integrated_Webcam_HD
[    2.236473] usb 1-3: Manufacturer: CNFEH21I361030072582
[    2.236476] usb 1-3: SerialNumber: 0001
[    2.252603] mmc0: BKOPS_EN bit is not set
[    2.261786] vgaarb: device changed decodes: PCI:0000:00:02.0,olddecodes=io+mem,decodes=io+mem:owns=io+mem
[    2.267347] mmc0: new HS200 MMC card at address 0001
[    2.270350] Driver 'mmcblk' needs updating - please use bus_type methods
[    2.270636] mmcblk0: mmc0:0001 HAG2e\x05 14.6 GiB 
[    2.270769] mmcblk0boot0: mmc0:0001 HAG2e\x05 partition 1 4.00 MiB
[    2.270884] mmcblk0boot1: mmc0:0001 HAG2e\x05 partition 2 4.00 MiB
[    2.271011] mmcblk0rpmb: mmc0:0001 HAG2e\x05 partition 3 4.00 MiB
[    2.271962]  mmcblk0: p1
[    2.326537] usb 1-2.3: New USB device found, idVendor=04d8, idProduct=0b28
[    2.326542] usb 1-2.3: New USB device strings: Mfr=1, Product=2, SerialNumber=3
[    2.326545] usb 1-2.3: Product: Composite HID + CDC, APP-ESS14-1
[    2.326548] usb 1-2.3: Manufacturer: Microchip Technology Inc.
[    2.326551] usb 1-2.3: SerialNumber: No Support
[    2.326736] usb 1-2.3: ep 0x81 - rounding interval to 64 microframes, ep desc says 80 microframes
[    2.326744] usb 1-2.3: ep 0x1 - rounding interval to 64 microframes, ep desc says 80 microframes
[    2.373672] [drm] Initialized i915 1.6.0 20141121 for 0000:00:02.0 on minor 0
[    2.429726] [drm] GMBUS [i915 gmbus dpc] timed out, falling back to bit banging on pin 4
[    2.431890] fbcon: inteldrmfb (fb0) is primary device
[    2.431925] Console: switching to colour frame buffer device 170x48
[    2.431956] i915 0000:00:02.0: fb0: inteldrmfb frame buffer device
[    2.431959] i915 0000:00:02.0: registered panic notifier
[    2.433670] usb 1-4: new full-speed USB device number 5 using xhci_hcd
[    2.564015] usb 1-4: New USB device found, idVendor=8087, idProduct=07dc
[    2.564038] usb 1-4: New USB device strings: Mfr=0, Product=0, SerialNumber=0
[    2.573207] hidraw: raw HID events driver (C) Jiri Kosina
[    2.577976] usbcore: registered new interface driver usbhid
[    2.577980] usbhid: USB HID core driver
[    2.580916] hid-generic 0003:04D8:0B28.0001: hiddev0,hidraw0: USB HID v1.11 Device [Microchip Technology Inc. Composite HID + CDC, APP-ESS14-1] on usb-0000:00:14.0-2.3/input0
[    2.882298] Switched to clocksource tsc
[    4.613560] EXT4-fs (mmcblk0p1): INFO: recovery required on readonly filesystem
[    4.613566] EXT4-fs (mmcblk0p1): write access will be enabled during recovery
[    5.693626] EXT4-fs (mmcblk0p1): recovery complete
[    5.694893] EXT4-fs (mmcblk0p1): mounted filesystem with ordered data mode. Opts: (null)
[    5.874450] random: init urandom read with 63 bits of entropy available
[    6.514217] systemd-udevd[321]: starting version 204
[    6.709705] lp: driver loaded but no devices found
[    6.727702] ppdev: user-space parallel port driver
[    6.799898] EXT4-fs (mmcblk0p1): re-mounted. Opts: errors=remount-ro
[    6.929002] sst-acpi 80860F28:00: Direct firmware load for intel/fw_sst_0f28.bin-48kHz_i2s_master failed with error -2
[    6.929010] sst-acpi 80860F28:00: Cannot load firmware intel/fw_sst_0f28.bin-48kHz_i2s_master
[    6.986145] dw_dmac INTL9C60:00: DesignWare DMA Controller, 8 channels
[    6.986779] dw_dmac INTL9C60:01: DesignWare DMA Controller, 8 channels
[    7.030690] i2c-ELAN0000:00 supply vcc not found, using dummy regulator
[    7.042168] elants_i2c i2c-ELAN0001:00: nothing at this address
[    7.118922] random: nonblocking pool is initialized
[    7.192951] input: Elan Touchpad as /devices/platform/80860F41:00/i2c-8/i2c-ELAN0000:00/input/input6
[    7.193712] elan_i2c i2c-ELAN0000:00: invalid report id data (ff)
[    7.289986] Bluetooth: Core ver 2.20
[    7.290016] NET: Registered protocol family 31
[    7.290019] Bluetooth: HCI device and connection manager initialized
[    7.290025] Bluetooth: HCI socket layer initialized
[    7.290030] Bluetooth: L2CAP socket layer initialized
[    7.290040] Bluetooth: SCO socket layer initialized
[    7.332817] usbcore: registered new interface driver btusb
[    7.354700] Bluetooth: hci0: read Intel version: 3707100180012d0d06
[    7.354706] Bluetooth: hci0: Intel device is already patched. patch num: 06
[    7.461772] media: Linux media interface: v0.10
[    7.473735] cdc_acm 1-2.3:1.1: ttyACM0: USB ACM device
[    7.477780] usbcore: registered new interface driver cdc_acm
[    7.477786] cdc_acm: USB Abstract Control Model driver for USB modems and ISDN adapters
[    7.512705] Linux video capture interface: v2.00
[    7.594870] Bluetooth: BNEP (Ethernet Emulation) ver 1.3
[    7.594874] Bluetooth: BNEP filters: protocol multicast
[    7.594881] Bluetooth: BNEP socket layer initialized
[    7.622526] Bluetooth: RFCOMM TTY layer initialized
[    7.622540] Bluetooth: RFCOMM socket layer initialized
[    7.622558] Bluetooth: RFCOMM ver 1.11
[    7.690161] uvcvideo: Found UVC 1.00 device Integrated_Webcam_HD (0bda:5685)
[    7.705274] input: Integrated_Webcam_HD as /devices/pci0000:00/0000:00:14.0/usb1/1-3/1-3:1.0/input/input7
[    7.705526] usbcore: registered new interface driver uvcvideo
[    7.705529] USB Video Class driver (1.1.1)
[    7.794637] audit: type=1400 audit(1446983431.254:2): apparmor="STATUS" operation="profile_load" profile="unconfined" name="/usr/lib/cups/backend/cups-pdf" pid=536 comm="apparmor_parser"
[    7.794648] audit: type=1400 audit(1446983431.254:3): apparmor="STATUS" operation="profile_load" profile="unconfined" name="/usr/sbin/cupsd" pid=536 comm="apparmor_parser"
[    7.801518] audit: type=1400 audit(1446983431.258:4): apparmor="STATUS" operation="profile_replace" profile="unconfined" name="/usr/sbin/cupsd" pid=536 comm="apparmor_parser"
[    7.883610] intel_soc_dts_thermal: request_threaded_irq ret -22
[    7.958363] intel_rapl: Found RAPL domain package
[    7.958370] intel_rapl: Found RAPL domain core
[    7.960936] init: cups main process (544) killed by HUP signal
[    7.960961] init: cups main process ended, respawning
[    7.981552] intel_soc_dts_thermal: request_threaded_irq ret -22
[    8.101947] audit: type=1400 audit(1446983431.558:5): apparmor="STATUS" operation="profile_load" profile="unconfined" name="/sbin/dhclient" pid=572 comm="apparmor_parser"
[    8.101960] audit: type=1400 audit(1446983431.558:6): apparmor="STATUS" operation="profile_load" profile="unconfined" name="/usr/lib/NetworkManager/nm-dhcp-client.action" pid=572 comm="apparmor_parser"
[    8.101967] audit: type=1400 audit(1446983431.558:7): apparmor="STATUS" operation="profile_load" profile="unconfined" name="/usr/lib/connman/scripts/dhclient-script" pid=572 comm="apparmor_parser"
[    8.106093] audit: type=1400 audit(1446983431.562:8): apparmor="STATUS" operation="profile_replace" profile="unconfined" name="/usr/lib/NetworkManager/nm-dhcp-client.action" pid=572 comm="apparmor_parser"
[    8.106127] audit: type=1400 audit(1446983431.566:9): apparmor="STATUS" operation="profile_replace" profile="unconfined" name="/usr/lib/connman/scripts/dhclient-script" pid=572 comm="apparmor_parser"
[    8.109236] audit: type=1400 audit(1446983431.566:10): apparmor="STATUS" operation="profile_replace" profile="unconfined" name="/usr/lib/connman/scripts/dhclient-script" pid=572 comm="apparmor_parser"
[    8.158408] mei_txe 0000:00:1a.0: wait for readiness failed
[    8.158416] mei_txe 0000:00:1a.0: waiting for readiness failed
[    8.158419] mei_txe 0000:00:1a.0: hw_start failed ret = -62
[    8.250875] byt-max98090 byt-max98090: ASoC: CPU DAI baytrail-pcm-audio not registered
[    8.250891] byt-max98090 byt-max98090: snd_soc_register_card failed -517
[    8.250901] platform byt-max98090: Driver byt-max98090 requests probe deferral
[    8.581527] init: failsafe main process (598) killed by TERM signal
[    8.703813] cdc_acm 1-2.3:1.1: failed to set dtr/rts
[    9.121292] audit: type=1400 audit(1446983432.578:11): apparmor="STATUS" operation="profile_replace" profile="unconfined" name="/sbin/dhclient" pid=788 comm="apparmor_parser"
[    9.158975] mei_txe 0000:00:1a.0: wait for readiness failed
[    9.158982] mei_txe 0000:00:1a.0: waiting for readiness failed
[    9.158986] mei_txe 0000:00:1a.0: hw_start failed ret = -62
[    9.744507] init: alsa-restore main process (922) terminated with status 19
[   10.159794] mei_txe 0000:00:1a.0: wait for readiness failed
[   10.159802] mei_txe 0000:00:1a.0: waiting for readiness failed
[   10.159806] mei_txe 0000:00:1a.0: hw_start failed ret = -62
[   10.159809] mei_txe 0000:00:1a.0: reset: reached maximal consecutive resets: disabling the device
[   10.159812] mei_txe 0000:00:1a.0: reset failed ret = -19
[   10.159814] mei_txe 0000:00:1a.0: link layer initialization failed.
[   10.159817] mei_txe 0000:00:1a.0: init hw failure.
[   10.160360] mei_txe 0000:00:1a.0: initialization failed.
[   10.160846] byt-max98090 byt-max98090: ASoC: CPU DAI baytrail-pcm-audio not registered
[   10.160863] byt-max98090 byt-max98090: snd_soc_register_card failed -517
[   10.160872] platform byt-max98090: Driver byt-max98090 requests probe deferral
[   10.160933] shpchp: Standard Hot Plug PCI Controller Driver version: 0.4
[   10.162427] byt-max98090 byt-max98090: ASoC: CPU DAI baytrail-pcm-audio not registered
[   10.162442] byt-max98090 byt-max98090: snd_soc_register_card failed -517
[   10.162450] platform byt-max98090: Driver byt-max98090 requests probe deferral
[   10.211686] cfg80211: Calling CRDA to update world regulatory domain
[   10.215673] cfg80211: World regulatory domain updated:
[   10.215680] cfg80211:  DFS Master region: unset
[   10.215682] cfg80211:   (start_freq - end_freq @ bandwidth), (max_antenna_gain, max_eirp), (dfs_cac_time)
[   10.215686] cfg80211:   (2402000 KHz - 2472000 KHz @ 40000 KHz), (300 mBi, 2000 mBm), (N/A)
[   10.215689] cfg80211:   (2457000 KHz - 2482000 KHz @ 40000 KHz), (300 mBi, 2000 mBm), (N/A)
[   10.215692] cfg80211:   (2474000 KHz - 2494000 KHz @ 20000 KHz), (300 mBi, 2000 mBm), (N/A)
[   10.215694] cfg80211:   (5170000 KHz - 5250000 KHz @ 40000 KHz), (300 mBi, 2000 mBm), (N/A)
[   10.215697] cfg80211:   (5735000 KHz - 5835000 KHz @ 40000 KHz), (300 mBi, 2000 mBm), (N/A)
[   10.224358] ------------[ cut here ]------------
[   10.224376] WARNING: CPU: 1 PID: 37 at /build/linux-lts-vivid-naHA4g/linux-lts-vivid-3.19.0/sound/pci/hda/hda_i915.c:115 snd_hdac_i915_register_notifier+0x2d/0x40 [snd_hda_intel]()
[   10.224379] Modules linked in: snd_hda_codec_hdmi cfg80211 dm_crypt joydev snd_soc_sst_byt_max98090_mach intel_rapl intel_powerclamp coretemp kvm_intel kvm crct10dif_pclmul uvcvideo crc32_pclmul ghash_clmulni_intel cryptd rfcomm videobuf2_vmalloc videobuf2_memops bnep snd_soc_max98090 videobuf2_core v4l2_common snd_intel_sst_acpi videodev serio_raw snd_intel_sst_core media cdc_acm snd_seq_midi snd_seq_midi_event snd_soc_sst_mfld_platform snd_hda_intel snd_rawmidi snd_soc_core snd_hda_controller snd_compress snd_pcm_dmaengine snd_hda_codec snd_hwdep snd_seq btusb bluetooth snd_pcm shpchp lpc_ich snd_seq_device mei_txe mei snd_timer snd processor_thermal_device elan_i2c tpm_infineon elants_i2c int3403_thermal dw_dmac int3400_thermal dw_dmac_core soundcore acpi_thermal_rel i2c_designware_platform i2c_designware_core snd_soc_sst_acpi spi_pxa2xx_platform 8250_dw pwm_lpss_platform pwm_lpss mac_hid iosf_mbi parport_pc ppdev lp parport hid_generic usbhid hid mmc_block i915 video i2c_algo_bit drm_kms_helper drm sdhci_acpi sdhci
[   10.224445] CPU: 1 PID: 37 Comm: kworker/1:1 Not tainted 3.19.0-32-generic #37~14.04.1-Ubuntu
[   10.224447] Hardware name: GOOGLE Candy, BIOS          11/20/2014
[   10.224453] Workqueue: events azx_probe_work [snd_hda_intel]
[   10.224455]  ffffffffc05597c8 ffff880179c87bf8 ffffffff817af41b 0000000000000000
[   10.224459]  0000000000000000 ffff880179c87c38 ffffffff81074daa ffff880179c87c58
[   10.224463]  ffffffffc0791b08 ffff880179da9000 ffff880075908000 00000000ffffffff
[   10.224467] Call Trace:
[   10.224477]  [<ffffffff817af41b>] dump_stack+0x45/0x57
[   10.224482]  [<ffffffff81074daa>] warn_slowpath_common+0x8a/0xc0
[   10.224486]  [<ffffffff81074e9a>] warn_slowpath_null+0x1a/0x20
[   10.224491]  [<ffffffffc0556aad>] snd_hdac_i915_register_notifier+0x2d/0x40 [snd_hda_intel]
[   10.224497]  [<ffffffffc078f0fb>] patch_generic_hdmi+0x58b/0x6b0 [snd_hda_codec_hdmi]
[   10.224502]  [<ffffffff811d1f49>] ? __kmalloc_track_caller+0x1a9/0x260
[   10.224513]  [<ffffffffc0533321>] ? snd_hda_codec_configure+0x421/0x590 [snd_hda_codec]
[   10.224522]  [<ffffffffc0533102>] snd_hda_codec_configure+0x202/0x590 [snd_hda_codec]
[   10.224529]  [<ffffffffc04f45e0>] ? azx_bus_reset+0xb0/0xb0 [snd_hda_controller]
[   10.224534]  [<ffffffffc04f3960>] ? azx_halt+0x40/0x40 [snd_hda_controller]
[   10.224539]  [<ffffffffc04f2e70>] ? azx_pcm_prepare+0x530/0x530 [snd_hda_controller]
[   10.224544]  [<ffffffffc04f1c70>] ? azx_pcm_hw_params+0xa0/0xa0 [snd_hda_controller]
[   10.224550]  [<ffffffffc04f1fc8>] azx_codec_configure+0x38/0x60 [snd_hda_controller]
[   10.224555]  [<ffffffffc0555424>] azx_probe_continue+0x3a4/0x810 [snd_hda_intel]
[   10.224560]  [<ffffffffc0555925>] azx_probe_work+0x15/0x20 [snd_hda_intel]
[   10.224565]  [<ffffffff8108db8f>] process_one_work+0x14f/0x400
[   10.224568]  [<ffffffff8108e328>] worker_thread+0x118/0x510
[   10.224572]  [<ffffffff8108e210>] ? rescuer_thread+0x3d0/0x3d0
[   10.224576]  [<ffffffff81093822>] kthread+0xd2/0xf0
[   10.224580]  [<ffffffff81093750>] ? kthread_create_on_node+0x1c0/0x1c0
[   10.224584]  [<ffffffff817b6d18>] ret_from_fork+0x58/0x90
[   10.224588]  [<ffffffff81093750>] ? kthread_create_on_node+0x1c0/0x1c0
[   10.224590] ---[ end trace dcebb55333dc82ed ]---
[   10.230814] input: HDA Intel PCH HDMI/DP,pcm=3 as /devices/pci0000:00/0000:00:1b.0/sound/card0/input8
[   10.232156] input: HDA Intel PCH HDMI/DP,pcm=7 as /devices/pci0000:00/0000:00:1b.0/sound/card0/input9
[   10.236100] Intel(R) Wireless WiFi driver for Linux, in-tree:
[   10.236105] Copyright(c) 2003- 2014 Intel Corporation
[   10.254738] byt-max98090 byt-max98090: ASoC: CPU DAI baytrail-pcm-audio not registered
[   10.254754] byt-max98090 byt-max98090: snd_soc_register_card failed -517
[   10.254763] platform byt-max98090: Driver byt-max98090 requests probe deferral
[   10.263538] iwlwifi 0000:01:00.0: loaded firmware version 25.17.12.0 op_mode iwlmvm
[   10.338038] iwlwifi 0000:01:00.0: Detected Intel(R) Dual Band Wireless AC 7260, REV=0x144
[   10.339715] iwlwifi 0000:01:00.0: L1 Enabled - LTR Disabled
[   10.339988] iwlwifi 0000:01:00.0: L1 Enabled - LTR Disabled
[   10.638818] ieee80211 phy0: Selected rate control algorithm 'iwl-mvm-rs'
[   10.645754] iwlwifi 0000:01:00.0: L1 Enabled - LTR Disabled
[   10.645997] iwlwifi 0000:01:00.0: L1 Enabled - LTR Disabled
[   10.668953] IPv6: ADDRCONF(NETDEV_UP): wlan0: link is not ready
[   10.985217] init: plymouth-upstart-bridge main process ended, respawning
[   12.135807] init: anacron main process (927) killed by TERM signal
[   18.056401] cdc_acm 1-2.3:1.1: failed to set dtr/rts
[   18.059032] cdc_acm 1-2.3:1.1: failed to set dtr/rts
[   24.056303] cdc_acm 1-2.3:1.1: failed to set dtr/rts
[   38.034949] audit_printk_skb: 159 callbacks suppressed
[   38.034954] audit: type=1400 audit(1446983461.474:65): apparmor="STATUS" operation="profile_replace" profile="unconfined" name="/usr/lib/cups/backend/cups-pdf" pid=2228 comm="apparmor_parser"
[   38.034968] audit: type=1400 audit(1446983461.474:66): apparmor="STATUS" operation="profile_replace" profile="unconfined" name="/usr/sbin/cupsd" pid=2228 comm="apparmor_parser"
[   38.035988] audit: type=1400 audit(1446983461.474:67): apparmor="STATUS" operation="profile_replace" profile="unconfined" name="/usr/sbin/cupsd" pid=2228 comm="apparmor_parser"

```

Any help to get it working would be appreciated.

---

### Post by tgalati4 on 2015-11-08
Do you have an HDMI port on the Candy?  Plug it into a TV and play some sound.  You are probably going to need a newer kernel.

```
uname -a
```

---

### Post by Berduchwal on 2015-11-09
Hi

Thank you for your reply.

There is HDMI port on the laptop. I will try your suggestion latter on today.

I also tried headphones but they do not work either.

```
 uname -a
Linux marcin-Candy 3.19.0-32-generic #37~14.04.1-Ubuntu SMP Thu Oct 22 09:41:40 UTC 2015 x86_64 x86_64 x86_64 GNU/Linux

```

---

### Post by tgalati4 on 2015-11-09
Did sound work normally when using ChromeOS?  

At 8.25 seconds, the problem becomes clear:  "CPU DAI baytrail-pcm-audio not registered"

[http://ubuntuforums.org/showthread.php?t=2254631](http://ubuntuforums.org/showthread.php?t=2254631)

Proceed carefully, take notes.  I presumed that a later kernel, or an update might fix this.  Have you applied any updates?

---

### Post by Berduchwal on 2015-11-09
System is fully up to date. I have done update & upgrade as well as dist-upgrade.

HDMI does not help. When connected TV does not detect the laptop. Ubuntu does not detect the new screen. No sound either.

Sound worked fine with Chrome.

I will start working on link you suggested thank you. Will feedback here.

---

### Post by Berduchwal on 2015-11-09
Steps I tried:
1) removed linux-firmware package
2) checked if /lib/firmware/intel is present (it was not)
3) created intel directory with sudo in /lib/firmware
4) download and copied content of [https://chromium.googlesource.com/chromiumos/third_party/linux-firmware/+archive/refs/heads/stabilize-5339.B/intel.tar.gz](https://chromium.googlesource.com/chromiumos/third_party/linux-firmware/+archive/refs/heads/stabilize-5339.B/intel.tar.gz) into /lib/firmware/intel

As a result:
A) WiFi does not work any more :)
B) Sound does not work either

Recovery:

I downloaded linux-firmware package on another computer and installed it by hand.

---

### Post by tgalati4 on 2015-11-09
It was worth a try.  Those BayTrail ASoC's are tricky to get working.  Send an email to Dell, see what they say.  Obviously, the standard Intel HDA sound modules do not work with this hardware out-of-the-box.  I don't know how to extract the ChromeOS firmware and install it in Ubuntu, but that might be the procedure for a work-around until a new linux-firmware gets released.

> tgalati4@Mint17 ~ $ apt-cache search linux-firmware
linux-firmware - Firmware for Linux kernel drivers
linux-firmware-grouper - Firmware for the Nexus 7 (grouper) tablet.
linux-firmware-nexus7 - Firmware for the Nexus 7 tablet.
linux-firmware-nonfree - Non-free firmware for Linux kernel drivers

---

### Post by Berduchwal on 2015-12-17
I have recently reinstalled 15.10.

```
[    0.000000] Initializing cgroup subsys cpuset
[    0.000000] Initializing cgroup subsys cpu
[    0.000000] Initializing cgroup subsys cpuacct
[    0.000000] Linux version 4.2.0-19-generic (buildd@lgw01-28) (gcc version 5.2.1 20151010 (Ubuntu 5.2.1-22ubuntu2) ) #23-Ubuntu SMP Wed Nov 11 11:39:30 UTC 2015 (Ubuntu 4.2.0-19.23-generic 4.2.6)
[    0.000000] Command line: BOOT_IMAGE=/boot/vmlinuz-4.2.0-19-generic root=UUID=2472bbac-e5c0-495b-9839-aaf86cf1ca62 ro quiet splash vt.handoff=7
[    0.000000] KERNEL supported cpus:
[    0.000000]   Intel GenuineIntel
[    0.000000]   AMD AuthenticAMD
[    0.000000]   Centaur CentaurHauls
[    0.000000] x86/fpu: Legacy x87 FPU detected.
[    0.000000] x86/fpu: Using 'lazy' FPU context switches.
[    0.000000] e820: BIOS-provided physical RAM map:
[    0.000000] BIOS-e820: [mem 0x0000000000000000-0x000000000009fbff] usable
[    0.000000] BIOS-e820: [mem 0x000000000009fc00-0x000000000009ffff] reserved
[    0.000000] BIOS-e820: [mem 0x00000000000f0000-0x00000000000fffff] reserved
[    0.000000] BIOS-e820: [mem 0x0000000000100000-0x000000001fffffff] usable
[    0.000000] BIOS-e820: [mem 0x0000000020000000-0x00000000200fffff] reserved
[    0.000000] BIOS-e820: [mem 0x0000000020100000-0x000000007ae5bfff] usable
[    0.000000] BIOS-e820: [mem 0x000000007ae5c000-0x000000007fffffff] reserved
[    0.000000] BIOS-e820: [mem 0x00000000e0000000-0x00000000efffffff] reserved
[    0.000000] BIOS-e820: [mem 0x00000000feb00000-0x00000000febfffff] reserved
[    0.000000] BIOS-e820: [mem 0x00000000fed01000-0x00000000fed01fff] reserved
[    0.000000] BIOS-e820: [mem 0x00000000fed03000-0x00000000fed03fff] reserved
[    0.000000] BIOS-e820: [mem 0x00000000fed05000-0x00000000fed05fff] reserved
[    0.000000] BIOS-e820: [mem 0x00000000fed08000-0x00000000fed08fff] reserved
[    0.000000] BIOS-e820: [mem 0x00000000fed0c000-0x00000000fed0ffff] reserved
[    0.000000] BIOS-e820: [mem 0x00000000fed1c000-0x00000000fed1cfff] reserved
[    0.000000] BIOS-e820: [mem 0x00000000fef00000-0x00000000feffffff] reserved
[    0.000000] BIOS-e820: [mem 0x0000000100000000-0x000000017fffffff] usable
[    0.000000] NX (Execute Disable) protection: active
[    0.000000] SMBIOS 2.7 present.
[    0.000000] DMI: GOOGLE Candy, BIOS          11/20/2014
[    0.000000] e820: update [mem 0x00000000-0x00000fff] usable ==> reserved
[    0.000000] e820: remove [mem 0x000a0000-0x000fffff] usable
[    0.000000] e820: last_pfn = 0x180000 max_arch_pfn = 0x400000000
[    0.000000] MTRR default type: uncachable
[    0.000000] MTRR fixed ranges enabled:
[    0.000000]   00000-9FFFF write-back
[    0.000000]   A0000-BFFFF uncachable
[    0.000000]   C0000-FFFFF write-back
[    0.000000] MTRR variable ranges enabled:
[    0.000000]   0 base 000000000 mask FC0000000 write-back
[    0.000000]   1 base 040000000 mask FE0000000 write-back
[    0.000000]   2 base 060000000 mask FF0000000 write-back
[    0.000000]   3 base 070000000 mask FF8000000 write-back
[    0.000000]   4 base 078000000 mask FFC000000 write-back
[    0.000000]   5 base 07B800000 mask FFF800000 uncachable
[    0.000000]   6 base 0FF800000 mask FFF800000 uncachable
[    0.000000]   7 base 100000000 mask F00000000 write-back
[    0.000000] x86/PAT: Configuration [0-7]: WB  WC  UC- UC  WB  WC  UC- WT  
[    0.000000] original variable MTRRs
[    0.000000] reg 0, base: 0GB, range: 1GB, type WB
[    0.000000] reg 1, base: 1GB, range: 512MB, type WB
[    0.000000] reg 2, base: 1536MB, range: 256MB, type WB
[    0.000000] reg 3, base: 1792MB, range: 128MB, type WB
[    0.000000] reg 4, base: 1920MB, range: 64MB, type WB
[    0.000000] reg 5, base: 1976MB, range: 8MB, type UC
[    0.000000] reg 6, base: 4088MB, range: 8MB, type UC
[    0.000000] reg 7, base: 4GB, range: 4GB, type WB
[    0.000000] total RAM covered: 6072M
[    0.000000] Found optimal setting for mtrr clean up
[    0.000000]  gran_size: 64K 	chunk_size: 128M 	num_reg: 4  	lose cover RAM: 0G
[    0.000000] New variable MTRRs
[    0.000000] reg 0, base: 0GB, range: 2GB, type WB
[    0.000000] reg 1, base: 1976MB, range: 8MB, type UC
[    0.000000] reg 2, base: 1984MB, range: 64MB, type UC
[    0.000000] reg 3, base: 4GB, range: 4GB, type WB
[    0.000000] e820: update [mem 0x7b800000-0xffffffff] usable ==> reserved
[    0.000000] e820: last_pfn = 0x7ae5c max_arch_pfn = 0x400000000
[    0.000000] Scanning 1 areas for low memory corruption
[    0.000000] Base memory trampoline at [ffff880000099000] 99000 size 24576
[    0.000000] init_memory_mapping: [mem 0x00000000-0x000fffff]
[    0.000000]  [mem 0x00000000-0x000fffff] page 4k
[    0.000000] BRK [0x01ff0000, 0x01ff0fff] PGTABLE
[    0.000000] BRK [0x01ff1000, 0x01ff1fff] PGTABLE
[    0.000000] BRK [0x01ff2000, 0x01ff2fff] PGTABLE
[    0.000000] init_memory_mapping: [mem 0x17fe00000-0x17fffffff]
[    0.000000]  [mem 0x17fe00000-0x17fffffff] page 2M
[    0.000000] BRK [0x01ff3000, 0x01ff3fff] PGTABLE
[    0.000000] init_memory_mapping: [mem 0x160000000-0x17fdfffff]
[    0.000000]  [mem 0x160000000-0x17fdfffff] page 2M
[    0.000000] init_memory_mapping: [mem 0x00100000-0x1fffffff]
[    0.000000]  [mem 0x00100000-0x001fffff] page 4k
[    0.000000]  [mem 0x00200000-0x1fffffff] page 2M
[    0.000000] init_memory_mapping: [mem 0x20100000-0x7ae5bfff]
[    0.000000]  [mem 0x20100000-0x201fffff] page 4k
[    0.000000]  [mem 0x20200000-0x7adfffff] page 2M
[    0.000000]  [mem 0x7ae00000-0x7ae5bfff] page 4k
[    0.000000] BRK [0x01ff4000, 0x01ff4fff] PGTABLE
[    0.000000] BRK [0x01ff5000, 0x01ff5fff] PGTABLE
[    0.000000] init_memory_mapping: [mem 0x100000000-0x15fffffff]
[    0.000000]  [mem 0x100000000-0x15fffffff] page 2M
[    0.000000] RAMDISK: [mem 0x33fb2000-0x35fd0fff]
[    0.000000] ACPI: Early table checksum verification disabled
[    0.000000] ACPI: RSDP 0x00000000000F47A0 000024 (v02 CORE  )
[    0.000000] ACPI: XSDT 0x000000007AF780E0 00004C (v01 CORE   COREBOOT 00000000 CORE 00000000)
[    0.000000] ACPI: FACP 0x000000007AF7C900 0000F4 (v03 CORE   COREBOOT 00000000 CORE 00000001)
[    0.000000] ACPI: DSDT 0x000000007AF78250 0046AE (v05 COREv4 COREBOOT 20110725 INTL 20130117)
[    0.000000] ACPI: FACS 0x000000007AF78210 000040
[    0.000000] ACPI: FACS 0x000000007AF78210 000040
[    0.000000] ACPI: HPET 0x000000007AF7CA00 000038 (v01 CORE   COREBOOT 00000000 CORE 00000000)
[    0.000000] ACPI: APIC 0x000000007AF7CA40 00005C (v01 CORE   COREBOOT 00000000 CORE 00000000)
[    0.000000] ACPI: MCFG 0x000000007AF7CAA0 00003C (v01 CORE   COREBOOT 00000000 CORE 00000000)
[    0.000000] ACPI: SSDT 0x000000007AF7DB90 000810 (v02 CORE   COREBOOT 0000002A CORE 0000002A)
[    0.000000] ACPI: Local APIC address 0xfee00000
[    0.000000] No NUMA configuration found
[    0.000000] Faking a node at [mem 0x0000000000000000-0x000000017fffffff]
[    0.000000] NODE_DATA(0) allocated [mem 0x17fff9000-0x17fffdfff]
[    0.000000]  [ffffea0000000000-ffffea0005ffffff] PMD -> [ffff88017b600000-ffff88017f5fffff] on node 0
[    0.000000] Zone ranges:
[    0.000000]   DMA      [mem 0x0000000000001000-0x0000000000ffffff]
[    0.000000]   DMA32    [mem 0x0000000001000000-0x00000000ffffffff]
[    0.000000]   Normal   [mem 0x0000000100000000-0x000000017fffffff]
[    0.000000] Movable zone start for each node
[    0.000000] Early memory node ranges
[    0.000000]   node   0: [mem 0x0000000000001000-0x000000000009efff]
[    0.000000]   node   0: [mem 0x0000000000100000-0x000000001fffffff]
[    0.000000]   node   0: [mem 0x0000000020100000-0x000000007ae5bfff]
[    0.000000]   node   0: [mem 0x0000000100000000-0x000000017fffffff]
[    0.000000] Initmem setup node 0 [mem 0x0000000000001000-0x000000017fffffff]
[    0.000000] On node 0 totalpages: 1027322
[    0.000000]   DMA zone: 64 pages used for memmap
[    0.000000]   DMA zone: 21 pages reserved
[    0.000000]   DMA zone: 3998 pages, LIFO batch:0
[    0.000000]   DMA32 zone: 7798 pages used for memmap
[    0.000000]   DMA32 zone: 499036 pages, LIFO batch:31
[    0.000000]   Normal zone: 8192 pages used for memmap
[    0.000000]   Normal zone: 524288 pages, LIFO batch:31
[    0.000000] x86/hpet: Will disable the HPET for this platform because it's not reliable
[    0.000000] Reserving Intel graphics stolen memory at 0x7c000000-0x7fffffff
[    0.000000] ACPI: PM-Timer IO Port: 0x408
[    0.000000] ACPI: Local APIC address 0xfee00000
[    0.000000] IOAPIC[0]: apic_id 2, version 32, address 0xfec00000, GSI 0-86
[    0.000000] ACPI: INT_SRC_OVR (bus 0 bus_irq 0 global_irq 2 dfl dfl)
[    0.000000] ACPI: INT_SRC_OVR (bus 0 bus_irq 9 global_irq 9 high level)
[    0.000000] ACPI: IRQ0 used by override.
[    0.000000] ACPI: IRQ9 used by override.
[    0.000000] Using ACPI (MADT) for SMP configuration information
[    0.000000] ACPI: HPET id: 0x8086a201 base: 0xfed00000
[    0.000000] smpboot: Allowing 2 CPUs, 0 hotplug CPUs
[    0.000000] PM: Registered nosave memory: [mem 0x00000000-0x00000fff]
[    0.000000] PM: Registered nosave memory: [mem 0x0009f000-0x0009ffff]
[    0.000000] PM: Registered nosave memory: [mem 0x000a0000-0x000effff]
[    0.000000] PM: Registered nosave memory: [mem 0x000f0000-0x000fffff]
[    0.000000] PM: Registered nosave memory: [mem 0x20000000-0x200fffff]
[    0.000000] PM: Registered nosave memory: [mem 0x7ae5c000-0x7fffffff]
[    0.000000] PM: Registered nosave memory: [mem 0x80000000-0xdfffffff]
[    0.000000] PM: Registered nosave memory: [mem 0xe0000000-0xefffffff]
[    0.000000] PM: Registered nosave memory: [mem 0xf0000000-0xfeafffff]
[    0.000000] PM: Registered nosave memory: [mem 0xfeb00000-0xfebfffff]
[    0.000000] PM: Registered nosave memory: [mem 0xfec00000-0xfed00fff]
[    0.000000] PM: Registered nosave memory: [mem 0xfed01000-0xfed01fff]
[    0.000000] PM: Registered nosave memory: [mem 0xfed02000-0xfed02fff]
[    0.000000] PM: Registered nosave memory: [mem 0xfed03000-0xfed03fff]
[    0.000000] PM: Registered nosave memory: [mem 0xfed04000-0xfed04fff]
[    0.000000] PM: Registered nosave memory: [mem 0xfed05000-0xfed05fff]
[    0.000000] PM: Registered nosave memory: [mem 0xfed06000-0xfed07fff]
[    0.000000] PM: Registered nosave memory: [mem 0xfed08000-0xfed08fff]
[    0.000000] PM: Registered nosave memory: [mem 0xfed09000-0xfed0bfff]
[    0.000000] PM: Registered nosave memory: [mem 0xfed0c000-0xfed0ffff]
[    0.000000] PM: Registered nosave memory: [mem 0xfed10000-0xfed1bfff]
[    0.000000] PM: Registered nosave memory: [mem 0xfed1c000-0xfed1cfff]
[    0.000000] PM: Registered nosave memory: [mem 0xfed1d000-0xfeefffff]
[    0.000000] PM: Registered nosave memory: [mem 0xfef00000-0xfeffffff]
[    0.000000] PM: Registered nosave memory: [mem 0xff000000-0xffffffff]
[    0.000000] e820: [mem 0x80000000-0xdfffffff] available for PCI devices
[    0.000000] Booting paravirtualized kernel on bare hardware
[    0.000000] clocksource: refined-jiffies: mask: 0xffffffff max_cycles: 0xffffffff, max_idle_ns: 7645519600211568 ns
[    0.000000] setup_percpu: NR_CPUS:256 nr_cpumask_bits:256 nr_cpu_ids:2 nr_node_ids:1
[    0.000000] PERCPU: Embedded 33 pages/cpu @ffff88017fc00000 s96728 r8192 d30248 u1048576
[    0.000000] pcpu-alloc: s96728 r8192 d30248 u1048576 alloc=1*2097152
[    0.000000] pcpu-alloc: [0] 0 1 
[    0.000000] Built 1 zonelists in Node order, mobility grouping on.  Total pages: 1011247
[    0.000000] Policy zone: Normal
[    0.000000] Kernel command line: BOOT_IMAGE=/boot/vmlinuz-4.2.0-19-generic root=UUID=2472bbac-e5c0-495b-9839-aaf86cf1ca62 ro quiet splash vt.handoff=7
[    0.000000] PID hash table entries: 4096 (order: 3, 32768 bytes)
[    0.000000] Calgary: detecting Calgary via BIOS EBDA area
[    0.000000] Calgary: Unable to locate Rio Grande table in EBDA - bailing!
[    0.000000] Memory: 3927840K/4109288K available (8148K kernel code, 1237K rwdata, 3800K rodata, 1460K init, 1292K bss, 181448K reserved, 0K cma-reserved)
[    0.000000] SLUB: HWalign=64, Order=0-3, MinObjects=0, CPUs=2, Nodes=1
[    0.000000] Hierarchical RCU implementation.
[    0.000000] 	Build-time adjustment of leaf fanout to 64.
[    0.000000] 	RCU restricting CPUs from NR_CPUS=256 to nr_cpu_ids=2.
[    0.000000] RCU: Adjusting geometry for rcu_fanout_leaf=64, nr_cpu_ids=2
[    0.000000] NR_IRQS:16640 nr_irqs:512 16
[    0.000000] 	Offload RCU callbacks from all CPUs
[    0.000000] 	Offload RCU callbacks from CPUs: 0-1.
[    0.000000] vt handoff: transparent VT on vt#7
[    0.000000] Console: colour dummy device 80x25
[    0.000000] console [tty0] enabled
[    0.000000] Maximum core-clock to bus-clock ratio: 0x1a
[    0.000000] Resolved frequency ID: 0, frequency: 83200 KHz
[    0.000000] TSC runs at 2163200 KHz
[    0.000000] lapic_timer_frequency = 332800
[    0.000000] tsc: Detected 2163.200 MHz processor
[    0.000036] Calibrating delay loop (skipped), value calculated using timer frequency.. 4326.40 BogoMIPS (lpj=8652800)
[    0.000042] pid_max: default: 32768 minimum: 301
[    0.000053] ACPI: Core revision 20150619
[    0.006788] ACPI: All ACPI Tables successfully acquired
[    0.006827] Security Framework initialized
[    0.006845] AppArmor: AppArmor initialized
[    0.006848] Yama: becoming mindful.
[    0.007324] Dentry cache hash table entries: 524288 (order: 10, 4194304 bytes)
[    0.009053] Inode-cache hash table entries: 262144 (order: 9, 2097152 bytes)
[    0.009835] Mount-cache hash table entries: 8192 (order: 4, 65536 bytes)
[    0.009848] Mountpoint-cache hash table entries: 8192 (order: 4, 65536 bytes)
[    0.010185] Initializing cgroup subsys blkio
[    0.010195] Initializing cgroup subsys memory
[    0.010210] Initializing cgroup subsys devices
[    0.010216] Initializing cgroup subsys freezer
[    0.010222] Initializing cgroup subsys net_cls
[    0.010226] Initializing cgroup subsys perf_event
[    0.010232] Initializing cgroup subsys net_prio
[    0.010236] Initializing cgroup subsys hugetlb
[    0.010262] CPU: Physical Processor ID: 0
[    0.010265] CPU: Processor Core ID: 0
[    0.010271] ENERGY_PERF_BIAS: Set to 'normal', was 'performance'
[    0.010273] ENERGY_PERF_BIAS: View and update with x86_energy_perf_policy(8)
[    0.015013] mce: CPU supports 6 MCE banks
[    0.015023] CPU0: Thermal monitoring enabled (TM1)
[    0.015028] process: using mwait in idle threads
[    0.015034] Last level iTLB entries: 4KB 48, 2MB 0, 4MB 0
[    0.015037] Last level dTLB entries: 4KB 128, 2MB 16, 4MB 16, 1GB 0
[    0.015355] Freeing SMP alternatives memory: 28K (ffffffff81ea4000 - ffffffff81eab000)
[    0.018552] ftrace: allocating 30910 entries in 121 pages
[    0.035999] ..TIMER: vector=0x30 apic1=0 pin1=2 apic2=-1 pin2=-1
[    0.075677] TSC deadline timer enabled
[    0.075682] smpboot: CPU0: Intel(R) Celeron(R) CPU  N2840  @ 2.16GHz (fam: 06, model: 37, stepping: 08)
[    0.075722] Performance Events: PEBS fmt2+, 8-deep LBR, Silvermont events, full-width counters, Intel PMU driver.
[    0.075736] ... version:                3
[    0.075738] ... bit width:              40
[    0.075740] ... generic registers:      2
[    0.075742] ... value mask:             000000ffffffffff
[    0.075744] ... max period:             000000ffffffffff
[    0.075746] ... fixed-purpose events:   3
[    0.075748] ... event mask:             0000000700000003
[    0.077182] x86: Booting SMP configuration:
[    0.077188] .... node  #0, CPUs:      #1
[    0.085050] x86: Booted up 1 node, 2 CPUs
[    0.085058] smpboot: Total of 2 processors activated (8652.80 BogoMIPS)
[    0.085139] NMI watchdog: enabled on all CPUs, permanently consumes one hw-PMU counter.
[    0.085764] devtmpfs: initialized
[    0.092017] evm: security.selinux
[    0.092021] evm: security.SMACK64
[    0.092023] evm: security.SMACK64EXEC
[    0.092025] evm: security.SMACK64TRANSMUTE
[    0.092027] evm: security.SMACK64MMAP
[    0.092028] evm: security.ima
[    0.092030] evm: security.capability
[    0.092259] clocksource: jiffies: mask: 0xffffffff max_cycles: 0xffffffff, max_idle_ns: 7645041785100000 ns
[    0.092389] pinctrl core: initialized pinctrl subsystem
[    0.092578] RTC time:  0:41:06, date: 12/17/15
[    0.092825] NET: Registered protocol family 16
[    0.105054] cpuidle: using governor ladder
[    0.109053] cpuidle: using governor menu
[    0.109181] ACPI: bus type PCI registered
[    0.109185] acpiphp: ACPI Hot Plug PCI Controller Driver version: 0.5
[    0.109296] PCI: MMCONFIG for domain 0000 [bus 00-ff] at [mem 0xe0000000-0xefffffff] (base 0xe0000000)
[    0.109301] PCI: MMCONFIG at [mem 0xe0000000-0xefffffff] reserved in E820
[    0.109331] PCI: Using configuration type 1 for base access
[    0.113763] ACPI: Added _OSI(Module Device)
[    0.113767] ACPI: Added _OSI(Processor Device)
[    0.113770] ACPI: Added _OSI(3.0 _SCP Extensions)
[    0.113773] ACPI: Added _OSI(Processor Aggregator Device)
[    0.119326] ACPI : EC: EC started
[    0.119463] ACPI: Interpreter enabled
[    0.119474] ACPI Exception: AE_NOT_FOUND, While evaluating Sleep State [\_S1_] (20150619/hwxface-580)
[    0.119482] ACPI Exception: AE_NOT_FOUND, While evaluating Sleep State [\_S2_] (20150619/hwxface-580)
[    0.119506] ACPI: (supports S0 S3 S4 S5)
[    0.119510] ACPI: Using IOAPIC for interrupt routing
[    0.119554] PCI: Using host bridge windows from ACPI; if necessary, use "pci=nocrs" and report a bug
[    0.126853] ACPI: Power Resource [PLPE] (on)
[    0.128741] ACPI: PCI Root Bridge [PCI0] (domain 0000 [bus 00-ff])
[    0.128751] acpi PNP0A08:00: _OSC: OS supports [ExtendedConfig ASPM ClockPM Segments MSI]
[    0.128841] acpi PNP0A08:00: _OSC: OS now controls [PCIeHotplug PME AER PCIeCapability]
[    0.128945] acpi PNP0A08:00: host bridge window expanded to [mem 0x00000000-0xfeafffff window]; [mem 0x00000000-0xfeafffff window] ignored
[    0.129106] PCI host bridge to bus 0000:00
[    0.129113] pci_bus 0000:00: root bus resource [bus 00-ff]
[    0.129117] pci_bus 0000:00: root bus resource [io  0x0000-0x0cf7 window]
[    0.129121] pci_bus 0000:00: root bus resource [io  0x0d00-0xffff window]
[    0.129124] pci_bus 0000:00: root bus resource [mem 0x00000000-0xfeafffff window]
[    0.129128] pci_bus 0000:00: root bus resource [mem 0x000c0000-0x000c3fff window]
[    0.129132] pci_bus 0000:00: root bus resource [mem 0x000c4000-0x000c7fff window]
[    0.129136] pci_bus 0000:00: root bus resource [mem 0x000c8000-0x000cbfff window]
[    0.129139] pci_bus 0000:00: root bus resource [mem 0x000cc000-0x000cffff window]
[    0.129143] pci_bus 0000:00: root bus resource [mem 0x000d0000-0x000d3fff window]
[    0.129147] pci_bus 0000:00: root bus resource [mem 0x000d4000-0x000d7fff window]
[    0.129150] pci_bus 0000:00: root bus resource [mem 0x000d8000-0x000dbfff window]
[    0.129154] pci_bus 0000:00: root bus resource [mem 0x000dc000-0x000dffff window]
[    0.129158] pci_bus 0000:00: root bus resource [mem 0x000e0000-0x000e3fff window]
[    0.129162] pci_bus 0000:00: root bus resource [mem 0x000e4000-0x000e7fff window]
[    0.129165] pci_bus 0000:00: root bus resource [mem 0x000e8000-0x000ebfff window]
[    0.129169] pci_bus 0000:00: root bus resource [mem 0x000ec000-0x000effff window]
[    0.129173] pci_bus 0000:00: root bus resource [mem 0x000f0000-0x000fffff window]
[    0.129176] pci_bus 0000:00: root bus resource [mem 0xfed40000-0xfed44fff window]
[    0.129188] pci 0000:00:00.0: [8086:0f00] type 00 class 0x060000
[    0.129316] pci 0000:00:02.0: [8086:0f31] type 00 class 0x030000
[    0.129337] pci 0000:00:02.0: reg 0x10: [mem 0xd0000000-0xd03fffff]
[    0.129349] pci 0000:00:02.0: reg 0x18: [mem 0xc0000000-0xcfffffff pref]
[    0.129361] pci 0000:00:02.0: reg 0x20: [io  0x1000-0x1007]
[    0.129487] pci 0000:00:14.0: [8086:0f35] type 00 class 0x0c0330
[    0.129515] pci 0000:00:14.0: reg 0x10: [mem 0xd0900000-0xd090ffff 64bit]
[    0.129567] pci 0000:00:14.0: PME# supported from D3hot D3cold
[    0.129617] pci 0000:00:14.0: System wakeup disabled by ACPI
[    0.129700] pci 0000:00:1a.0: [8086:0f18] type 00 class 0x108000
[    0.129741] pci 0000:00:1a.0: reg 0x10: [mem 0xd0600000-0xd06fffff]
[    0.129756] pci 0000:00:1a.0: reg 0x14: [mem 0xd0700000-0xd07fffff]
[    0.129844] pci 0000:00:1a.0: PME# supported from D0 D3hot
[    0.129947] pci 0000:00:1b.0: [8086:0f04] type 00 class 0x040300
[    0.129981] pci 0000:00:1b.0: reg 0x10: [mem 0xd0914000-0xd0917fff 64bit]
[    0.130041] pci 0000:00:1b.0: PME# supported from D0 D3hot D3cold
[    0.130140] pci 0000:00:1c.0: [8086:0f48] type 01 class 0x060400
[    0.130200] pci 0000:00:1c.0: PME# supported from D0 D3hot D3cold
[    0.130321] pci 0000:00:1f.0: [8086:0f1c] type 00 class 0x060100
[    0.130581] pci 0000:01:00.0: [8086:08b1] type 00 class 0x028000
[    0.130671] pci 0000:01:00.0: reg 0x10: [mem 0xd0800000-0xd0801fff 64bit]
[    0.130839] pci 0000:01:00.0: PME# supported from D0 D3hot D3cold
[    0.137090] pci 0000:00:1c.0: PCI bridge to [bus 01]
[    0.137099] pci 0000:00:1c.0:   bridge window [mem 0xd0800000-0xd08fffff]
[    0.137353] ACPI: PCI Interrupt Link [LNKA] (IRQs 1 3 4 5 6 7 10 12 14 15) *0
[    0.137466] ACPI: PCI Interrupt Link [LNKB] (IRQs 1 3 4 5 6 7 11 12 14 15) *0
[    0.137577] ACPI: PCI Interrupt Link [LNKC] (IRQs 1 3 4 5 6 7 10 12 14 15) *0
[    0.137687] ACPI: PCI Interrupt Link [LNKD] (IRQs 1 3 4 5 6 7 11 12 14 15) *0
[    0.137797] ACPI: PCI Interrupt Link [LNKE] (IRQs 1 3 4 5 6 7 10 12 14 15) *0
[    0.137908] ACPI: PCI Interrupt Link [LNKF] (IRQs 1 3 4 5 6 7 11 12 14 15) *0
[    0.138018] ACPI: PCI Interrupt Link [LNKG] (IRQs 1 3 4 5 6 7 10 12 14 15) *0
[    0.138129] ACPI: PCI Interrupt Link [LNKH] (IRQs 1 3 4 5 6 7 11 12 14 15) *0
[    0.142997] ACPI : EC: GPE = 0x18, I/O: command/status = 0x66, data = 0x62
[    0.143214] vgaarb: setting as boot device: PCI:0000:00:02.0
[    0.143219] vgaarb: device added: PCI:0000:00:02.0,decodes=io+mem,owns=io+mem,locks=none
[    0.143223] vgaarb: loaded
[    0.143225] vgaarb: bridge control possible 0000:00:02.0
[    0.143720] SCSI subsystem initialized
[    0.143812] libata version 3.00 loaded.
[    0.143860] ACPI: bus type USB registered
[    0.143899] usbcore: registered new interface driver usbfs
[    0.143919] usbcore: registered new interface driver hub
[    0.143947] usbcore: registered new device driver usb
[    0.144269] PCI: Using ACPI for IRQ routing
[    0.150174] PCI: pci_cache_line_size set to 64 bytes
[    0.150227] e820: reserve RAM buffer [mem 0x0009fc00-0x0009ffff]
[    0.150230] e820: reserve RAM buffer [mem 0x7ae5c000-0x7bffffff]
[    0.150428] NetLabel: Initializing
[    0.150432] NetLabel:  domain hash size = 128
[    0.150434] NetLabel:  protocols = UNLABELED CIPSOv4
[    0.150453] NetLabel:  unlabeled traffic allowed by default
[    0.150619] clocksource: Switched to clocksource refined-jiffies
[    0.161838] AppArmor: AppArmor Filesystem Enabled
[    0.161983] pnp: PnP ACPI init
[    0.162136] system 00:00: [mem 0xfeb00000-0xfebfffff] has been reserved
[    0.162144] system 00:00: [mem 0xe0000000-0xefffffff] could not be reserved
[    0.162149] system 00:00: [mem 0xfed03000-0xfed033ff] has been reserved
[    0.162153] system 00:00: [mem 0xfed08000-0xfed083ff] has been reserved
[    0.162157] system 00:00: [mem 0xfed01000-0xfed013ff] has been reserved
[    0.162161] system 00:00: [mem 0xfef00000-0xfeffffff] has been reserved
[    0.162165] system 00:00: [mem 0xfed05000-0xfed057ff] has been reserved
[    0.162169] system 00:00: [mem 0xfed1c000-0xfed1c3ff] has been reserved
[    0.162176] system 00:00: Plug and Play ACPI device, IDs PNP0c02 (active)
[    0.162501] system 00:01: [mem 0xfed00000-0xfed003ff] has been reserved
[    0.162508] system 00:01: Plug and Play ACPI device, IDs PNP0103 PNP0c01 (active)
[    0.162590] system 00:02: Plug and Play ACPI device, IDs PNP0c02 (active)
[    0.162640] pnp 00:03: Plug and Play ACPI device, IDs PNP0b00 (active)
[    0.162724] system 00:04: [io  0x0900-0x09fe] has been reserved
[    0.162731] system 00:04: Plug and Play ACPI device, IDs PNP0c02 (active)
[    0.162807] system 00:05: [io  0x0200] has been reserved
[    0.162812] system 00:05: [io  0x0204] has been reserved
[    0.162816] system 00:05: [io  0x0800-0x087f] has been reserved
[    0.162820] system 00:05: [io  0x0880-0x08ff] has been reserved
[    0.162826] system 00:05: Plug and Play ACPI device, IDs PNP0c02 (active)
[    0.162908] pnp 00:06: Plug and Play ACPI device, IDs PNP0303 PNP030b (active)
[    0.163011] pnp 00:07: Plug and Play ACPI device, IDs IFX0102 PNP0c31 (active)
[    0.163724] pnp: PnP ACPI: found 8 devices
[    0.172119] clocksource: acpi_pm: mask: 0xffffff max_cycles: 0xffffff, max_idle_ns: 2085701024 ns
[    0.172144] clocksource: Switched to clocksource acpi_pm
[    0.172171] pci 0000:00:1c.0: PCI bridge to [bus 01]
[    0.172179] pci 0000:00:1c.0:   bridge window [mem 0xd0800000-0xd08fffff]
[    0.172189] pci_bus 0000:00: resource 4 [io  0x0000-0x0cf7 window]
[    0.172193] pci_bus 0000:00: resource 5 [io  0x0d00-0xffff window]
[    0.172197] pci_bus 0000:00: resource 6 [mem 0x00000000-0xfeafffff window]
[    0.172200] pci_bus 0000:00: resource 7 [mem 0x000c0000-0x000c3fff window]
[    0.172204] pci_bus 0000:00: resource 8 [mem 0x000c4000-0x000c7fff window]
[    0.172208] pci_bus 0000:00: resource 9 [mem 0x000c8000-0x000cbfff window]
[    0.172211] pci_bus 0000:00: resource 10 [mem 0x000cc000-0x000cffff window]
[    0.172215] pci_bus 0000:00: resource 11 [mem 0x000d0000-0x000d3fff window]
[    0.172219] pci_bus 0000:00: resource 12 [mem 0x000d4000-0x000d7fff window]
[    0.172222] pci_bus 0000:00: resource 13 [mem 0x000d8000-0x000dbfff window]
[    0.172226] pci_bus 0000:00: resource 14 [mem 0x000dc000-0x000dffff window]
[    0.172230] pci_bus 0000:00: resource 15 [mem 0x000e0000-0x000e3fff window]
[    0.172233] pci_bus 0000:00: resource 16 [mem 0x000e4000-0x000e7fff window]
[    0.172237] pci_bus 0000:00: resource 17 [mem 0x000e8000-0x000ebfff window]
[    0.172241] pci_bus 0000:00: resource 18 [mem 0x000ec000-0x000effff window]
[    0.172244] pci_bus 0000:00: resource 19 [mem 0x000f0000-0x000fffff window]
[    0.172248] pci_bus 0000:00: resource 20 [mem 0xfed40000-0xfed44fff window]
[    0.172252] pci_bus 0000:01: resource 1 [mem 0xd0800000-0xd08fffff]
[    0.172302] NET: Registered protocol family 2
[    0.172574] TCP established hash table entries: 32768 (order: 6, 262144 bytes)
[    0.172711] TCP bind hash table entries: 32768 (order: 7, 524288 bytes)
[    0.172856] TCP: Hash tables configured (established 32768 bind 32768)
[    0.172921] UDP hash table entries: 2048 (order: 4, 65536 bytes)
[    0.172961] UDP-Lite hash table entries: 2048 (order: 4, 65536 bytes)
[    0.173093] NET: Registered protocol family 1
[    0.173157] pci 0000:00:02.0: Video device with shadowed ROM
[    0.174145] PCI: CLS 64 bytes, default 64
[    0.174260] Trying to unpack rootfs image as initramfs...
[    0.986606] Freeing initrd memory: 32892K (ffff880033fb2000 - ffff880035fd1000)
[    0.986653] PCI-DMA: Using software bounce buffering for IO (SWIOTLB)
[    0.986658] software IO TLB [mem 0x76e5c000-0x7ae5c000] (64MB) mapped at [ffff880076e5c000-ffff88007ae5bfff]
[    0.986885] microcode: CPU0 sig=0x30678, pf=0x8, revision=0x829
[    0.986900] microcode: CPU1 sig=0x30678, pf=0x8, revision=0x829
[    0.987008] microcode: Microcode Update Driver: v2.00 <tigran@aivazian.fsnet.co.uk>, Peter Oruba
[    0.987187] Scanning for low memory corruption every 60 seconds
[    0.987817] futex hash table entries: 512 (order: 3, 32768 bytes)
[    0.987840] Initialise system trusted keyring
[    0.987881] audit: initializing netlink subsys (disabled)
[    0.987907] audit: type=2000 audit(1450312866.943:1): initialized
[    0.988424] HugeTLB registered 2 MB page size, pre-allocated 0 pages
[    0.991500] zpool: loaded
[    0.991506] zbud: loaded
[    0.991825] VFS: Disk quotas dquot_6.6.0
[    0.991897] VFS: Dquot-cache hash table entries: 512 (order 0, 4096 bytes)
[    0.992922] fuse init (API version 7.23)
[    0.993203] Key type big_key registered
[    0.994037] Key type asymmetric registered
[    0.994042] Asymmetric key parser 'x509' registered
[    0.994069] Block layer SCSI generic (bsg) driver version 0.4 loaded (major 249)
[    0.994147] io scheduler noop registered
[    0.994153] io scheduler deadline registered (default)
[    0.994216] io scheduler cfq registered
[    0.995043] aer 0000:00:1c.0:pcie02: service driver aer loaded
[    0.995081] pcieport 0000:00:1c.0: Signaling PME through PCIe PME interrupt
[    0.995086] pci 0000:01:00.0: Signaling PME through PCIe PME interrupt
[    0.995091] pcie_pme 0000:00:1c.0:pcie01: service driver pcie_pme loaded
[    0.995105] pci_hotplug: PCI Hot Plug PCI Core version: 0.5
[    0.995119] pciehp: PCI Express Hot Plug Controller Driver version: 0.4
[    0.995187] efifb: probing for efifb
[    0.995195] efifb: framebuffer at 0xa0000, mapped to 0xffff8800000a0000, using 64k, total 64k
[    0.995198] efifb: mode is 640x480x1, linelength=80, pages=1
[    0.995199] efifb: scrolling: redraw
[    0.995202] efifb: Truecolor: size=8:8:8:8, shift=24:16:8:0
[    0.995372] Console: switching to colour frame buffer device 80x30
[    0.995388] fb0: EFI VGA frame buffer device
[    0.995405] intel_idle: MWAIT substates: 0x33000020
[    0.995408] intel_idle: v0.4 model 0x37
[    0.995411] intel_idle: lapic_timer_reliable_states 0xffffffff
[    0.995679] ACPI: AC Adapter [AC] (on-line)
[    0.995807] input: Lid Switch as /devices/LNXSYSTM:00/LNXSYBUS:00/PNP0C0D:00/input/input0
[    0.995880] ACPI: Lid Switch [LID0]
[    0.995956] input: Power Button as /devices/LNXSYSTM:00/LNXSYBUS:00/PNP0C0C:00/input/input1
[    0.995963] ACPI: Power Button [PWRB]
[    0.996036] input: Sleep Button as /devices/LNXSYSTM:00/LNXSYBUS:00/PNP0C0E:00/input/input2
[    0.996042] ACPI: Sleep Button [TPAD]
[    0.996119] input: Sleep Button as /devices/LNXSYSTM:00/LNXSYBUS:00/PNP0C0E:01/input/input3
[    0.996124] ACPI: Sleep Button [TSCR]
[    0.996200] input: Power Button as /devices/LNXSYSTM:00/LNXPWRBN:00/input/input4
[    0.996205] ACPI: Power Button [PWRF]
[    0.996743] GHES: HEST is not enabled!
[    0.997439] ACPI: Battery Slot [BAT0] (battery present)
[    0.997547] Serial: 8250/16550 driver, 32 ports, IRQ sharing enabled
[    1.017739] serial8250: ttyS0 at I/O 0x3f8 (irq = 4, base_baud = 115200) is a 16550A
[    1.023501] hpet_acpi_add: no address or irqs in _CRS
[    1.023609] Linux agpgart interface v0.103
[    1.097380] tpm_tis 00:07: 1.2 TPM (device-id 0xB, rev-id 16)
[    1.165428] tpm_tis 00:07: [Firmware Bug]: TPM interrupt not working, polling instead
[    1.165490] tpm_tis 00:07: Issuing TPM_STARTUP
[    1.507387] brd: module loaded
[    1.509872] loop: module loaded
[    1.510292] libphy: Fixed MDIO Bus: probed
[    1.510298] tun: Universal TUN/TAP device driver, 1.6
[    1.510301] tun: (C) 1999-2004 Max Krasnyansky <maxk@qualcomm.com>
[    1.510495] PPP generic driver version 2.4.2
[    1.511221] xhci_hcd 0000:00:14.0: xHCI Host Controller
[    1.511237] xhci_hcd 0000:00:14.0: new USB bus registered, assigned bus number 1
[    1.511630] xhci_hcd 0000:00:14.0: hcc params 0x200077c1 hci version 0x100 quirks 0x00009810
[    1.511639] xhci_hcd 0000:00:14.0: cache line size of 64 is not supported
[    1.511774] usb usb1: New USB device found, idVendor=1d6b, idProduct=0002
[    1.511778] usb usb1: New USB device strings: Mfr=3, Product=2, SerialNumber=1
[    1.511782] usb usb1: Product: xHCI Host Controller
[    1.511785] usb usb1: Manufacturer: Linux 4.2.0-19-generic xhci-hcd
[    1.511788] usb usb1: SerialNumber: 0000:00:14.0
[    1.512099] hub 1-0:1.0: USB hub found
[    1.512117] hub 1-0:1.0: 6 ports detected
[    1.512499] xhci_hcd 0000:00:14.0: xHCI Host Controller
[    1.512506] xhci_hcd 0000:00:14.0: new USB bus registered, assigned bus number 2
[    1.512580] usb usb2: New USB device found, idVendor=1d6b, idProduct=0003
[    1.512585] usb usb2: New USB device strings: Mfr=3, Product=2, SerialNumber=1
[    1.512588] usb usb2: Product: xHCI Host Controller
[    1.512592] usb usb2: Manufacturer: Linux 4.2.0-19-generic xhci-hcd
[    1.512595] usb usb2: SerialNumber: 0000:00:14.0
[    1.512883] hub 2-0:1.0: USB hub found
[    1.512898] hub 2-0:1.0: 1 port detected
[    1.513047] ehci_hcd: USB 2.0 'Enhanced' Host Controller (EHCI) Driver
[    1.513057] ehci-pci: EHCI PCI platform driver
[    1.513082] ehci-platform: EHCI generic platform driver
[    1.513113] ohci_hcd: USB 1.1 'Open' Host Controller (OHCI) Driver
[    1.513125] ohci-pci: OHCI PCI platform driver
[    1.513145] ohci-platform: OHCI generic platform driver
[    1.513164] uhci_hcd: USB Universal Host Controller Interface driver
[    1.513294] i8042: PNP: PS/2 Controller [PNP0303:PS2K] at 0x60,0x64 irq 53
[    1.513297] i8042: PNP: PS/2 appears to have AUX port disabled, if this is incorrect please boot with i8042.nopnp
[    1.513862] i8042: Warning: Keylock active
[    1.514008] serio: i8042 KBD port at 0x60,0x64 irq 53
[    1.514443] mousedev: PS/2 mouse device common for all mice
[    1.515411] rtc_cmos 00:03: RTC can wake from S4
[    1.515700] rtc_cmos 00:03: rtc core: registered rtc_cmos as rtc0
[    1.515743] rtc_cmos 00:03: alarms up to one month, 242 bytes nvram
[    1.515760] i2c /dev entries driver
[    1.515935] device-mapper: uevent: version 1.0.3
[    1.516122] device-mapper: ioctl: 4.33.0-ioctl (2015-8-18) initialised: dm-devel@redhat.com
[    1.516145] Intel P-state driver initializing.
[    1.516331] ledtrig-cpu: registered to indicate activity on CPUs
[    1.517536] input: AT Translated Set 2 keyboard as /devices/platform/i8042/serio0/input/input5
[    1.518731] PCCT header not found.
[    1.520276] NET: Registered protocol family 10
[    1.521496] NET: Registered protocol family 17
[    1.521553] Key type dns_resolver registered
[    1.522970] Loading compiled-in X.509 certificates
[    1.524436] Loaded X.509 cert 'Build time autogenerated kernel key: 36c9ddeec2968bfcda6740d7cd684bf04b702794'
[    1.524460] registered taskstats version 1
[    1.524484] zswap: loading zswap
[    1.524488] zswap: using zbud pool
[    1.524496] zswap: using lzo compressor
[    1.529310] Key type trusted registered
[    1.536808] Key type encrypted registered
[    1.536824] AppArmor: AppArmor sha1 policy hashing enabled
[    1.822101] usb 1-2: new high-speed USB device number 2 using xhci_hcd
[    1.986068] tsc: Refined TSC clocksource calibration: 2166.666 MHz
[    1.986092] clocksource: tsc: mask: 0xffffffffffffffff max_cycles: 0x1f3b3172f25, max_idle_ns: 440795274731 ns
[    2.010530] usb 1-2: New USB device found, idVendor=05e3, idProduct=0610
[    2.010537] usb 1-2: New USB device strings: Mfr=0, Product=1, SerialNumber=0
[    2.010540] usb 1-2: Product: USB2.0 Hub
[    2.012407] hub 1-2:1.0: USB hub found
[    2.013398] hub 1-2:1.0: 4 ports detected
[    2.182315] evm: HMAC attrs: 0x1
[    2.182629]   Magic number: 11:443:658
[    2.182653] block ram11: hash matches
[    2.182858] rtc_cmos 00:03: setting system clock to 2015-12-17 00:41:08 UTC (1450312868)
[    2.182955] BIOS EDD facility v0.16 2004-Jun-25, 0 devices found
[    2.182958] EDD information not available.
[    2.183099] PM: Hibernation image not present or could not be loaded.
[    2.183923] Freeing unused kernel memory: 1460K (ffffffff81d37000 - ffffffff81ea4000)
[    2.183929] Write protecting the kernel read-only data: 12288k
[    2.184338] Freeing unused kernel memory: 32K (ffff8800017f8000 - ffff880001800000)
[    2.184527] Freeing unused kernel memory: 296K (ffff880001bb6000 - ffff880001c00000)
[    2.185912] usb 1-3: new high-speed USB device number 3 using xhci_hcd
[    2.208093] random: systemd-udevd urandom read with 2 bits of entropy available
[    2.279034] sdhci: Secure Digital Host Controller Interface driver
[    2.279038] sdhci: Copyright(c) Pierre Ossman
[    2.282920] sdhci-acpi 80860F14:00: No vmmc regulator found
[    2.282927] sdhci-acpi 80860F14:00: No vqmmc regulator found
[    2.290437] mmc0: SDHCI controller on ACPI [80860F14:00] using ADMA
[    2.290626] sdhci-acpi 80860F16:00: failed to setup card detect gpio
[    2.292191] sdhci-acpi 80860F16:00: No vmmc regulator found
[    2.292197] sdhci-acpi 80860F16:00: No vqmmc regulator found
[    2.296381] mmc1: SDHCI controller on ACPI [80860F16:00] using ADMA
[    2.312239] [drm] Initialized drm 1.1.0 20060810
[    2.358980] [drm] Memory usable by graphics device = 2048M
[    2.358988] checking generic (a0000 10000) vs hw (c0000000 10000000)
[    2.358990] fb: switching to inteldrmfb from EFI VGA
[    2.359030] Console: switching to colour dummy device 80x25
[    2.365405] [drm] Replacing VGA console driver
[    2.366546] [drm] Supports vblank timestamp caching Rev 2 (21.10.2013).
[    2.366550] [drm] Driver supports precise vblank timestamp query.
[    2.389995] usb 1-2.3: new full-speed USB device number 4 using xhci_hcd
[    2.393899] usb 1-3: New USB device found, idVendor=0bda, idProduct=5685
[    2.393904] usb 1-3: New USB device strings: Mfr=3, Product=1, SerialNumber=2
[    2.393908] usb 1-3: Product: Integrated_Webcam_HD
[    2.393911] usb 1-3: Manufacturer: CNFEH21I361030072582
[    2.393913] usb 1-3: SerialNumber: 0001
[    2.416315] mmc0: MAN_BKOPS_EN bit is not set
[    2.418294] vgaarb: device changed decodes: PCI:0000:00:02.0,olddecodes=io+mem,decodes=io+mem:owns=io+mem
[    2.427625] mmc0: new HS200 MMC card at address 0001
[    2.430912] mmcblk0: mmc0:0001 HAG2e 14.6 GiB 
[    2.430983] mmcblk0boot0: mmc0:0001 HAG2e partition 1 4.00 MiB
[    2.431055] mmcblk0boot1: mmc0:0001 HAG2e partition 2 4.00 MiB
[    2.431128] mmcblk0rpmb: mmc0:0001 HAG2e partition 3 4.00 MiB
[    2.432239]  mmcblk0: p1 p2 < p5 >
[    2.453567] [drm] Initialized i915 1.6.0 20150522 for 0000:00:02.0 on minor 0
[    2.456295] fbcon: inteldrmfb (fb0) is primary device
[    2.456409] Console: switching to colour frame buffer device 170x48
[    2.456445] i915 0000:00:02.0: fb0: inteldrmfb frame buffer device
[    2.456448] i915 0000:00:02.0: registered panic notifier
[    2.486612] usb 1-2.3: New USB device found, idVendor=04d8, idProduct=0b28
[    2.486618] usb 1-2.3: New USB device strings: Mfr=1, Product=2, SerialNumber=3
[    2.486621] usb 1-2.3: Product: Composite HID + CDC, APP-ESS14-1
[    2.486624] usb 1-2.3: Manufacturer: Microchip Technology Inc.
[    2.486626] usb 1-2.3: SerialNumber: No Support
[    2.486812] usb 1-2.3: ep 0x81 - rounding interval to 64 microframes, ep desc says 80 microframes
[    2.486821] usb 1-2.3: ep 0x1 - rounding interval to 64 microframes, ep desc says 80 microframes
[    2.646586] usb 1-4: new full-speed USB device number 5 using xhci_hcd
[    2.689762] mmc1: new high speed SDXC card at address aaaa
[    2.689965] mmcblk1: mmc1:aaaa SE64G 59.4 GiB 
[    2.726972]  mmcblk1: p1
[    2.775591] usb 1-4: New USB device found, idVendor=8087, idProduct=07dc
[    2.775596] usb 1-4: New USB device strings: Mfr=0, Product=0, SerialNumber=0
[    2.785099] hidraw: raw HID events driver (C) Jiri Kosina
[    2.789764] usbcore: registered new interface driver usbhid
[    2.789768] usbhid: USB HID core driver
[    2.792654] hid-generic 0003:04D8:0B28.0001: hiddev0,hidraw0: USB HID v1.11 Device [Microchip Technology Inc. Composite HID + CDC, APP-ESS14-1] on usb-0000:00:14.0-2.3/input0
[    2.987213] clocksource: Switched to clocksource tsc
[    4.341543] EXT4-fs (mmcblk0p1): mounted filesystem with ordered data mode. Opts: (null)
[    4.519151] systemd[1]: Failed to insert module 'kdbus': Function not implemented
[    4.529766] systemd[1]: systemd 225 running in system mode. (+PAM +AUDIT +SELINUX +IMA +APPARMOR +SMACK +SYSVINIT +UTMP +LIBCRYPTSETUP +GCRYPT +GNUTLS +ACL +XZ -LZ4 +SECCOMP +BLKID -ELFUTILS +KMOD -IDN)
[    4.529998] systemd[1]: Detected architecture x86-64.
[    4.530455] systemd[1]: Set hostname to <CandyDell>.
[    4.669113] systemd[1]: Reached target Encrypted Volumes.
[    4.669227] systemd[1]: Reached target User and Group Name Lookups.
[    4.669483] systemd[1]: Set up automount Arbitrary Executable File Formats File System Automount Point.
[    4.669573] systemd[1]: Started Forward Password Requests to Wall Directory Watch.
[    4.669598] systemd[1]: Reached target Remote File Systems (Pre).
[    4.669660] systemd[1]: Created slice Root Slice.
[    4.669745] systemd[1]: Listening on Journal Socket (/dev/log).
[    4.669815] systemd[1]: Listening on udev Control Socket.
[    4.669894] systemd[1]: Listening on Journal Socket.
[    4.670047] systemd[1]: Listening on Journal Audit Socket.
[    4.670194] systemd[1]: Created slice User and Session Slice.
[    4.670242] systemd[1]: Listening on fsck to fsckd communication Socket.
[    4.670311] systemd[1]: Listening on /dev/initctl Compatibility Named Pipe.
[    4.670360] systemd[1]: Listening on udev Kernel Socket.
[    4.670500] systemd[1]: Created slice System Slice.
[    4.670676] systemd[1]: Created slice system-getty.slice.
[    4.671457] systemd[1]: Reached target Slices.
[    4.673362] systemd[1]: Starting Load Kernel Modules...
[    4.674625] systemd[1]: Mounting Huge Pages File System...
[    4.675971] systemd[1]: Starting Increase datagram queue length...
[    4.677223] systemd[1]: Starting Uncomplicated firewall...
[    4.678611] systemd[1]: Starting Create list of required static device nodes for the current kernel...
[    4.679835] systemd[1]: Mounting POSIX Message Queue File System...
[    4.681156] systemd[1]: Started Read required files in advance.
[    4.688710] systemd[1]: Starting udev Coldplug all Devices...
[    4.690744] systemd[1]: Started Braille Device Support.
[    4.692188] systemd[1]: Mounting Debug File System...
[    4.693499] systemd[1]: Starting Setup Virtual Console...
[    4.697419] systemd[1]: Started Create list of required static device nodes for the current kernel.
[    4.698981] systemd[1]: Starting Create Static Device Nodes in /dev...
[    4.704556] systemd[1]: Started Setup Virtual Console.
[    4.715564] systemd[1]: Mounted POSIX Message Queue File System.
[    4.715713] systemd[1]: Mounted Huge Pages File System.
[    4.717144] systemd[1]: Started Increase datagram queue length.
[    4.720763] systemd[1]: Started Uncomplicated firewall.
[    4.721169] systemd[1]: Mounted Debug File System.
[    4.738844] lp: driver loaded but no devices found
[    4.754213] systemd[1]: Listening on Syslog Socket.
[    4.755429] systemd[1]: Starting Journal Service...
[    4.757550] ppdev: user-space parallel port driver
[    4.766592] systemd[1]: Started Load Kernel Modules.
[    4.784005] systemd[1]: Mounting FUSE Control File System...
[    4.785448] systemd[1]: Starting Apply Kernel Variables...
[    4.789782] systemd[1]: Started Create Static Device Nodes in /dev.
[    4.792817] systemd[1]: Starting udev Kernel Device Manager...
[    4.804398] systemd[1]: Mounted FUSE Control File System.
[    4.828908] systemd[1]: Started Apply Kernel Variables.
[    4.861125] systemd[1]: Started udev Coldplug all Devices.
[    4.879138] systemd[1]: Started Journal Service.
[    4.902778] EXT4-fs (mmcblk0p1): re-mounted. Opts: errors=remount-ro
[    4.997857] systemd-journald[253]: Received request to flush runtime journal from PID 1
[    5.208270] audit: type=1400 audit(1450312871.515:2): apparmor="STATUS" operation="profile_load" profile="unconfined" name="/usr/lib/lightdm/lightdm-guest-session" pid=423 comm="apparmor_parser"
[    5.208285] audit: type=1400 audit(1450312871.519:3): apparmor="STATUS" operation="profile_load" profile="unconfined" name="chromium" pid=423 comm="apparmor_parser"
[    5.218886] audit: type=1400 audit(1450312871.527:4): apparmor="STATUS" operation="profile_load" profile="unconfined" name="/sbin/dhclient" pid=423 comm="apparmor_parser"
[    5.218903] audit: type=1400 audit(1450312871.527:5): apparmor="STATUS" operation="profile_load" profile="unconfined" name="/usr/lib/NetworkManager/nm-dhcp-client.action" pid=423 comm="apparmor_parser"
[    5.218916] audit: type=1400 audit(1450312871.527:6): apparmor="STATUS" operation="profile_load" profile="unconfined" name="/usr/lib/NetworkManager/nm-dhcp-helper" pid=423 comm="apparmor_parser"
[    5.218926] audit: type=1400 audit(1450312871.527:7): apparmor="STATUS" operation="profile_load" profile="unconfined" name="/usr/lib/connman/scripts/dhclient-script" pid=423 comm="apparmor_parser"
[    5.263813] audit: type=1400 audit(1450312871.571:8): apparmor="STATUS" operation="profile_load" profile="unconfined" name="/usr/bin/evince" pid=423 comm="apparmor_parser"
[    5.263845] audit: type=1400 audit(1450312871.571:9): apparmor="STATUS" operation="profile_load" profile="unconfined" name="sanitized_helper" pid=423 comm="apparmor_parser"
[    5.263856] audit: type=1400 audit(1450312871.571:10): apparmor="STATUS" operation="profile_load" profile="unconfined" name="/usr/bin/evince-previewer" pid=423 comm="apparmor_parser"
[    5.396559] i2c-ELAN0000:00 supply vcc not found, using dummy regulator
[    5.398916] dw_dmac INTL9C60:00: DesignWare DMA Controller, 8 channels
[    5.399220] dw_dmac INTL9C60:01: DesignWare DMA Controller, 8 channels
[    5.416260] elants_i2c i2c-ELAN0001:00: nothing at this address
[    5.546988] input: Elan Touchpad as /devices/platform/80860F41:00/i2c-8/i2c-ELAN0000:00/input/input6
[    5.550189] atmel_mxt_ts i2c-ATML0000:01: No platform data specified
[    5.581161] atmel_mxt_ts: probe of i2c-ATML0000:01 failed with error -22
[    5.618871] media: Linux media interface: v0.10
[    5.653612] Linux video capture interface: v2.00
[    5.653683] Bluetooth: Core ver 2.20
[    5.653706] NET: Registered protocol family 31
[    5.653709] Bluetooth: HCI device and connection manager initialized
[    5.653715] Bluetooth: HCI socket layer initialized
[    5.653720] Bluetooth: L2CAP socket layer initialized
[    5.653734] Bluetooth: SCO socket layer initialized
[    5.655816] cdc_acm 1-2.3:1.1: ttyACM0: USB ACM device
[    5.661910] usbcore: registered new interface driver cdc_acm
[    5.661915] cdc_acm: USB Abstract Control Model driver for USB modems and ISDN adapters
[    5.672202] usbcore: registered new interface driver btusb
[    5.676669] uvcvideo: Found UVC 1.00 device Integrated_Webcam_HD (0bda:5685)
[    5.681379] input: Integrated_Webcam_HD as /devices/pci0000:00/0000:00:14.0/usb1/1-3/1-3:1.0/input/input7
[    5.681500] usbcore: registered new interface driver uvcvideo
[    5.681503] USB Video Class driver (1.1.1)
[    5.691908] Bluetooth: hci0: read Intel version: 3707100180012d0d00
[    5.699383] Bluetooth: hci0: Intel Bluetooth firmware file: intel/ibt-hw-37.7.10-fw-1.80.1.2d.d.bseq
[    5.852026] Bluetooth: hci0: Intel Bluetooth firmware patch completed and activated
[    5.935238] intel_soc_dts_thermal: request_threaded_irq ret -22
[    5.946434] intel_rapl: Found RAPL domain package
[    5.946441] intel_rapl: Found RAPL domain core
[    5.970071] Adding 4106236k swap on /dev/mmcblk0p5.  Priority:-1 extents:1 across:4106236k SSFS
[    6.031895] cgroup: new mount options do not match the existing superblock, will be ignored
[    6.119522] byt-max98090 byt-max98090: ASoC: CPU DAI baytrail-pcm-audio not registered
[    6.119529] byt-max98090 byt-max98090: snd_soc_register_card failed -517
[    6.236242] baytrail-pcm-audio baytrail-pcm-audio: FW version: 04.05.13.a0
[    6.236248] baytrail-pcm-audio baytrail-pcm-audio: Build type: a0
[    6.236251] baytrail-pcm-audio baytrail-pcm-audio: Build date: Apr  2 2014 14:14:39
[    6.273779] max98090 i2c-193C9890:00: MAX98090 REVID=0x43
[    6.280797] max98090 i2c-193C9890:00: use default 2.8v micbias
[    6.291119] byt-max98090 byt-max98090: HiFi <-> baytrail-pcm-audio mapping ok
[    6.294526] input: byt-max98090 Headset as /devices/platform/80860F28:00/byt-max98090/sound/card0/input8
[    6.390267] random: nonblocking pool is initialized
[    6.462025] Bluetooth: BNEP (Ethernet Emulation) ver 1.3
[    6.462031] Bluetooth: BNEP filters: protocol multicast
[    6.462038] Bluetooth: BNEP socket layer initialized
[    6.589385] mei_txe 0000:00:1a.0: wait for readiness failed
[    6.589393] mei_txe 0000:00:1a.0: waiting for readiness failed
[    6.589397] mei_txe 0000:00:1a.0: hw_start failed ret = -62
[    6.901529] cdc_acm 1-2.3:1.1: failed to set dtr/rts
[    7.590199] mei_txe 0000:00:1a.0: wait for readiness failed
[    7.590206] mei_txe 0000:00:1a.0: waiting for readiness failed
[    7.590210] mei_txe 0000:00:1a.0: hw_start failed ret = -62
[    8.591022] mei_txe 0000:00:1a.0: wait for readiness failed
[    8.591030] mei_txe 0000:00:1a.0: waiting for readiness failed
[    8.591034] mei_txe 0000:00:1a.0: hw_start failed ret = -62
[    8.591037] mei_txe 0000:00:1a.0: reset: reached maximal consecutive resets: disabling the device
[    8.591040] mei_txe 0000:00:1a.0: reset failed ret = -19
[    8.591042] mei_txe 0000:00:1a.0: link layer initialization failed.
[    8.591045] mei_txe 0000:00:1a.0: init hw failure.
[    8.591572] mei_txe 0000:00:1a.0: initialization failed.
[    8.591696] shpchp: Standard Hot Plug PCI Controller Driver version: 0.4
[    8.593785] snd_hda_intel 0000:00:1b.0: bound 0000:00:02.0 (ops i915_audio_component_bind_ops [i915])
[    8.635266] cfg80211: World regulatory domain updated:
[    8.635273] cfg80211:  DFS Master region: unset
[    8.635276] cfg80211:   (start_freq - end_freq @ bandwidth), (max_antenna_gain, max_eirp), (dfs_cac_time)
[    8.635279] cfg80211:   (2402000 KHz - 2472000 KHz @ 40000 KHz), (N/A, 2000 mBm), (N/A)
[    8.635282] cfg80211:   (2457000 KHz - 2482000 KHz @ 40000 KHz), (N/A, 2000 mBm), (N/A)
[    8.635285] cfg80211:   (2474000 KHz - 2494000 KHz @ 20000 KHz), (N/A, 2000 mBm), (N/A)
[    8.635288] cfg80211:   (5170000 KHz - 5250000 KHz @ 80000 KHz, 160000 KHz AUTO), (N/A, 2000 mBm), (N/A)
[    8.635291] cfg80211:   (5250000 KHz - 5330000 KHz @ 80000 KHz, 160000 KHz AUTO), (N/A, 2000 mBm), (0 s)
[    8.635294] cfg80211:   (5490000 KHz - 5730000 KHz @ 160000 KHz), (N/A, 2000 mBm), (0 s)
[    8.635297] cfg80211:   (5735000 KHz - 5835000 KHz @ 80000 KHz), (N/A, 2000 mBm), (N/A)
[    8.635299] cfg80211:   (57240000 KHz - 63720000 KHz @ 2160000 KHz), (N/A, 0 mBm), (N/A)
[    8.640434] Intel(R) Wireless WiFi driver for Linux
[    8.640439] Copyright(c) 2003- 2015 Intel Corporation
[    8.647135] input: HDA Intel PCH HDMI/DP,pcm=3 as /devices/pci0000:00/0000:00:1b.0/sound/card1/input9
[    8.647395] input: HDA Intel PCH HDMI/DP,pcm=7 as /devices/pci0000:00/0000:00:1b.0/sound/card1/input10
[    8.662214] iwlwifi 0000:01:00.0: Direct firmware load for iwlwifi-7260-15.ucode failed with error -2
[    8.662440] iwlwifi 0000:01:00.0: Direct firmware load for iwlwifi-7260-14.ucode failed with error -2
[    8.670050] iwlwifi 0000:01:00.0: loaded firmware version 25.30.13.0 op_mode iwlmvm
[    8.712611] iwlwifi 0000:01:00.0: Detected Intel(R) Dual Band Wireless AC 7260, REV=0x144
[    8.715695] iwlwifi 0000:01:00.0: L1 Enabled - LTR Disabled
[    8.715939] iwlwifi 0000:01:00.0: L1 Enabled - LTR Disabled
