---
title: "18.04 Server: NVME issues with Software RAID - device not ready so it gets dropped"
date: 2019-12-13
forum: Hardware
---

### Post by DantePasquale on 2019-12-13
Hi,

This setup was working fine -- Ubuntu 18.04 Server installation using software RAID 1 for system disk.  Now, the OS only see's one of the two NVME's!  Very confusing situation. How can I determine if this is indeed a hardware failure or some sort of incompatibility?

Here's what I see in the journal:

Dec 06 14:26:15 inferno kernel: nvme nvme1: Device not ready; aborting initialisation
Dec 06 14:26:15 inferno kernel: nvme nvme1: Removing after probe failure status: -19

cat /proc/mdstat:
md1 : inactive nvme0n1p2[1](S)
      975872 blocks super 1.2

lshw (snippet):

           *-storage
                description: Non-Volatile memory controller
                product: SSD Pro 7600p/760p/E 6100p Series
                vendor: Intel Corporation
                physical id: 0
                bus info: pci@0000:05:00.0
                version: 03
                width: 64 bits
                clock: 33MHz
                capabilities: storage pm msi pciexpress msix nvm_express bus_master cap_list
                configuration: driver=nvme latency=0
                resources: irq:16 memory:90600000-90603fff


Just to show it was indeed working:

ec 02 12:54:21 inferno os-prober[23155]: debug: running /usr/lib/os-probes/mounted/05efi on mounted /dev/nvme0n1p1
Dec 02 12:54:21 inferno 05efi[23157]: debug: /dev/nvme0n1p1 is a FAT32 partition
Dec 02 12:54:21 inferno 05efi[23165]: debug: /dev/nvme0n1p1 partition scheme is gpt
Dec 02 12:54:21 inferno 05efi[23166]: debug: /dev/nvme0n1p1 partition type is c12a7328-f81f-11d2-ba4b-00a0c93ec93b
Dec 02 12:54:21 inferno os-prober[23178]: debug: running /usr/lib/os-probes/mounted/10freedos on mounted /dev/nvme0n1p1
Dec 02 12:54:21 inferno 10freedos[23180]: debug: /dev/nvme0n1p1 is a FAT32 partition
Dec 02 12:54:21 inferno os-prober[23183]: debug: running /usr/lib/os-probes/mounted/10qnx on mounted /dev/nvme0n1p1
Dec 02 12:54:21 inferno 10qnx[23185]: debug: /dev/nvme0n1p1 is not a QNX4 partition: exiting
Dec 02 12:54:21 inferno os-prober[23186]: debug: running /usr/lib/os-probes/mounted/20macosx on mounted /dev/nvme0n1p1
Dec 02 12:54:21 inferno macosx-prober[23188]: debug: /dev/nvme0n1p1 is not an HFS+ partition: exiting
Dec 02 12:54:21 inferno os-prober[23189]: debug: running /usr/lib/os-probes/mounted/20microsoft on mounted /dev/nvme0n1p1
Dec 02 12:54:21 inferno os-prober[23192]: debug: running /usr/lib/os-probes/mounted/30utility on mounted /dev/nvme0n1p1
Dec 02 12:54:21 inferno 30utility[23194]: debug: /dev/nvme0n1p1 is a FAT32 partition
Dec 02 12:54:21 inferno os-prober[23199]: debug: running /usr/lib/os-probes/mounted/40lsb on mounted /dev/nvme0n1p1
Dec 02 12:54:21 inferno os-prober[23201]: debug: running /usr/lib/os-probes/mounted/70hurd on mounted /dev/nvme0n1p1
Dec 02 12:54:21 inferno os-prober[23203]: debug: running /usr/lib/os-probes/mounted/80minix on mounted /dev/nvme0n1p1
Dec 02 12:54:21 inferno os-prober[23205]: debug: running /usr/lib/os-probes/mounted/83haiku on mounted /dev/nvme0n1p1
Dec 02 12:54:21 inferno 83haiku[23207]: debug: /dev/nvme0n1p1 is not a BeFS partition: exiting
Dec 02 12:54:21 inferno os-prober[23208]: debug: running /usr/lib/os-probes/mounted/90linux-distro on mounted /dev/nvme0n1p1
Dec 02 12:54:21 inferno os-prober[23213]: debug: running /usr/lib/os-probes/mounted/90solaris on mounted /dev/nvme0n1p1
Dec 02 12:54:21 inferno os-prober[23218]: debug: /dev/nvme0n1p2: part of software raid array
Dec 02 12:54:21 inferno os-prober[23222]: debug: /dev/nvme0n1p3: part of software raid array
Dec 02 12:54:22 inferno os-prober[23228]: debug: running /usr/lib/os-probes/50mounted-tests on /dev/nvme1n1p1
Dec 02 12:54:22 inferno 05efi[23251]: debug: /dev/nvme1n1p1 is a FAT partition (mounted by GRUB)
Dec 02 12:54:22 inferno 05efi[23259]: debug: /dev/nvme1n1p1 partition scheme is gpt
Dec 02 12:54:22 inferno 05efi[23260]: debug: /dev/nvme1n1p1 partition type is c12a7328-f81f-11d2-ba4b-00a0c93ec93b
Dec 02 12:54:22 inferno 10freedos[23274]: debug: /dev/nvme1n1p1 is a FAT partition (mounted by GRUB)
Dec 02 12:54:22 inferno 10qnx[23279]: debug: /dev/nvme1n1p1 is not a QNX4 partition: exiting
Dec 02 12:54:22 inferno macosx-prober[23282]: debug: /dev/nvme1n1p1 is not an HFS+ partition: exiting
Dec 02 12:54:22 inferno 30utility[23288]: debug: /dev/nvme1n1p1 is a FAT partition (mounted by GRUB)
Dec 02 12:54:22 inferno 83haiku[23301]: debug: /dev/nvme1n1p1 is not a BeFS partition: exiting
Dec 02 12:54:22 inferno os-prober[23316]: debug: /dev/nvme1n1p2: part of software raid array
Dec 02 12:54:22 inferno os-prober[23320]: debug: /dev/nvme1n1p3: part of software raid array
Dec 02 17:08:06 inferno kernel: nvme nvme0: pci function 0000:05:00.0
Dec 02 17:08:06 inferno kernel: nvme nvme1: pci function 0000:0a:00.0
Dec 02 17:08:06 inferno kernel:  nvme0n1: p1 p2 p3
Dec 02 17:08:06 inferno kernel:  nvme1n1: p1 p2 p3
Dec 02 17:08:06 inferno systemd-fsck[579]: /dev/nvme1n1p1: 12 files, 1558/124424 clusters
Dec 02 17:23:48 inferno kernel: nvme nvme0: pci function 0000:05:00.0
Dec 02 17:23:48 inferno kernel: nvme nvme1: pci function 0000:0a:00.0
Dec 02 17:23:48 inferno kernel:  nvme0n1: p1 p2 p3
Dec 02 17:23:48 inferno kernel:  nvme1n1: p1 p2 p3
Dec 02 17:23:49 inferno systemd-fsck[554]: /dev/nvme1n1p1: 12 files, 1558/124424 clusters
Dec 02 20:02:26 inferno kernel: nvme nvme0: pci function 0000:05:00.0
Dec 02 20:02:26 inferno kernel: nvme nvme1: pci function 0000:0a:00.0
Dec 02 20:02:26 inferno kernel:  nvme0n1: p1 p2 p3
Dec 02 20:02:26 inferno kernel:  nvme1n1: p1 p2 p3
Dec 02 20:02:26 inferno systemd-fsck[621]: /dev/nvme1n1p1: 12 files, 1558/124424 clusters
Dec 02 21:25:48 inferno kernel: nvme nvme0: pci function 0000:05:00.0
Dec 02 21:25:48 inferno kernel: nvme nvme1: pci function 0000:0a:00.0
Dec 02 21:25:48 inferno kernel:  nvme0n1: p1 p2 p3
Dec 02 21:25:48 inferno kernel:  nvme1n1: p1 p2 p3
Dec 02 21:25:48 inferno systemd-fsck[559]: /dev/nvme1n1p1: 12 files, 1558/124424 clusters
Dec 02 21:37:54 inferno kernel: nvme nvme0: pci function 0000:05:00.0
Dec 02 21:37:54 inferno kernel: nvme nvme1: pci function 0000:0a:00.0
Dec 02 21:37:54 inferno kernel:  nvme0n1: p1 p2 p3
Dec 02 21:37:54 inferno kernel:  nvme1n1: p1 p2 p3
Dec 02 21:37:54 inferno systemd-fsck[713]: /dev/nvme0n1p1: 12 files, 1558/124424 clusters
Dec 02 21:48:45 inferno kernel: nvme nvme0: pci function 0000:05:00.0
Dec 02 21:48:45 inferno kernel: nvme nvme1: pci function 0000:0a:00.0
Dec 02 21:48:45 inferno kernel:  nvme1n1: p1 p2 p3
Dec 02 21:48:45 inferno kernel:  nvme0n1: p1 p2 p3
Dec 02 21:48:45 inferno systemd-fsck[588]: /dev/nvme0n1p1: 12 files, 1558/124424 clusters
Dec 03 11:10:47 inferno kernel: nvme nvme0: pci function 0000:05:00.0
Dec 03 11:10:47 inferno kernel: nvme nvme1: pci function 0000:0a:00.0
Dec 03 11:10:47 inferno kernel:  nvme1n1: p1 p2 p3
Dec 03 11:10:47 inferno kernel:  nvme0n1: p1 p2 p3
Dec 03 11:10:48 inferno systemd-fsck[744]: /dev/nvme1n1p1: 12 files, 1558/124424 clusters
Dec 03 19:59:27 inferno kernel: nvme nvme0: pci function 0000:05:00.0
Dec 03 19:59:27 inferno kernel: nvme nvme1: pci function 0000:0a:00.0
Dec 03 19:59:27 inferno kernel:  nvme0n1: p1 p2 p3
Dec 03 19:59:27 inferno kernel:  nvme1n1: p1 p2 p3
Dec 03 19:59:27 inferno systemd-fsck[635]: /dev/nvme0n1p1: 12 files, 1558/124424 clusters
Dec 03 20:03:31 inferno kernel: nvme nvme0: pci function 0000:05:00.0
Dec 03 20:03:31 inferno kernel: nvme nvme1: pci function 0000:0a:00.0
Dec 03 20:03:31 inferno kernel:  nvme0n1: p1 p2 p3
Dec 03 20:03:31 inferno kernel:  nvme1n1: p1 p2 p3

---

