---
title: "external hard drive is not recognized,ubuntu"
date: 2010-09-17
forum: Hardware
---

### Post by BAB SWAIN on 2010-09-17
hi 
i am using ubuntu 10.04. i am facing some problem like my external hard drive is not recognized ,when i run terminal, it came like below
babswain@babswain-laptop:~$ sudo fdisk -l
 

Disk /dev/sda: 320 GB, 320070320640 bytes
255 heads, 63 sectors/track, 38913 cylinders
Units = cylinders of 16065 * 512 = 8225280 bytes

   Device Boot      Start         End      Blocks   Id  System 
/dev/sda1               1          13      104391   82  Linux swap
Warning: Partition 1 does not end on cylinder boundary.
/dev/sda2   *          13        7833    62814150    7  HPFS/NTFS
Warning: Partition 2 does not end on cylinder boundary.
/dev/sda3            7833       11097    26218080   83  Linux
Warning: Partition 3 does not end on cylinder boundary.
/dev/sda4           11097       38914   223440052    7  HPFS/NTFS
Warning: Partition 4 does not end on cylinder boundary.
Error: /dev/sdb: unrecognized disk label
babswain@babswain-laptop:~$ 
Pl help me in this connection. as i am facing lots of problem
thank you.
bab swain

---

