---
title: "10.04 LTS - login window doesn't show up in graphical mode"
date: 2010-07-03
forum: Hardware
---

### Post by elviskk on 2010-07-03
Hello!

_My issue is:_

I have Ubuntu 10.04 LTS andwanted to check if there are any updates so far again. So I started my Synaptic and got to know, there are some useful. Few critical and security updates + recommended software libs. The main problem is I cannot remember what were the names of the updates, but rember only Firefox (+ some addons or securities) and grub 2.0 (which I did not tick). There were also new kernel headers on the list.

I'm using now kernel: **Linux version 2.6.32-23-generic**
But on the other kernels (I have only 3 images on my disk now), the same error (-21,-22.. and now -23)

Okay, so after this update, I used my system, and ev was ok. The system worked normally. I even installed a new soft named GNOMAD2 (hope You know what I mean - to use MTP drivers and so on..). Ev was still in a great condition. After that, I rebooted my laptop and... wtf ?

I saw my system (after a grub system choice - I've chosen my ubuntu) was booting very slowly. Firstly the cursor "_", after that the main background of the login window (I mean the background space with the wallpaper, which shows up behind the login window before loging in) showed up but... I was still waiting for the login window. The system was still working on sth. Still processing some things. I looked up on the other console screen and there was sth like these lines:

```
Jul  3 12:27:21 ORION kernel: [  145.495751] ata3: EH complete
Jul  3 12:27:23 ORION kernel: [  147.712894] ata3.00: configured for UDMA/133
Jul  3 12:27:23 ORION kernel: [  147.712911] ata3: EH complete
Jul  3 12:27:26 ORION kernel: [  150.418243] ata3.00: configured for UDMA/133
Jul  3 12:27:26 ORION kernel: [  150.418259] ata3: EH complete
Jul  3 12:27:29 ORION kernel: [  153.012618] ata3.00: configured for UDMA/133
Jul  3 12:27:29 ORION kernel: [  153.012635] ata3: EH complete
Jul  3 12:27:31 ORION kernel: [  155.629180] ata3.00: configured for UDMA/133
Jul  3 12:27:31 ORION kernel: [  155.629200] ata3: EH complete
Jul  3 12:27:34 ORION kernel: [  158.378898] ata3.00: configured for UDMA/133
Jul  3 12:27:34 ORION kernel: [  158.378912] ata3: EH complete
Jul  3 12:27:38 ORION kernel: [  162.636409] ata3.00: configured for UDMA/133
Jul  3 12:27:38 ORION kernel: [  162.636425] sd 2:0:0:0: [sda] Unhandled sense code
Jul  3 12:27:38 ORION kernel: [  162.636431] sd 2:0:0:0: [sda] Result: hostbyte=DID_OK driverbyte=DRIVER_SENSE
Jul  3 12:27:38 ORION kernel: [  162.636440] sd 2:0:0:0: [sda] Sense Key : Medium Error [current] [descriptor]
Jul  3 12:27:38 ORION kernel: [  162.636450] Descriptor sense data with sense descriptors (in hex):
Jul  3 12:27:38 ORION kernel: [  162.636456]         72 03 11 04 00 00 00 0c 00 0a 80 00 00 00 00 00 
Jul  3 12:27:38 ORION kernel: [  162.636482]         19 7f 1f 39 
Jul  3 12:27:38 ORION kernel: [  162.636493] sd 2:0:0:0: [sda] Add. Sense: Unrecovered read error - auto reallocate failed
Jul  3 12:27:38 ORION kernel: [  162.636506] sd 2:0:0:0: [sda] CDB: Read(10): 28 00 19 7f 1f 39 00 00 08 00
Jul  3 12:27:38 ORION kernel: [  162.636557] ata3: EH complete 
```

That was really astonishing or rather annoying.
I ran TESTDISK, to check if there are any badblocks - negative.
Also ran mke2fs to check what are te positions of sb (superblocks) in order to run fsck.ext4 (or e2fsck), to "renew" the journal - negative (means ev was ok, no problem with this).

I have no problem also with the mounting / unmounting drives. My all drives are still there and works great.
I have two systems: Windows XP and Ubuntu (clean 10.04 LTS - installed from the original CD, shipped from Ubuntu).

I use Laptop with 3GB of RAM, graphics: GeForce 9300M and proc: Mobile DualCore Intel Core 2 T8100.

Everything worked great so far. I have NEVER faced a problem like this before. It's the first time. Just after the update.
I wanted to check the last update history, but /var/log/apt/history.log shows only the "real" (very) last ones.
If I could look on the updates I made before, maybe I could look on it from another perspective. But I do not know the commands or files, where it is (if ever) written.

_Ok, here are my few files logs:_

df
```
Filesystem           1K-blocks      Used Available Use% Mounted on
/dev/sda4             30992736   6285096  23133272  22% /
none                   1544056       344   1543712   1% /dev
none                   1548276         0   1548276   0% /dev/shm
none                   1548276        28   1548248   1% /var/run
none                   1548276         0   1548276   0% /var/lock
none                   1548276         0   1548276   0% /lib/init/rw
/dev/sda1             42511280  35520576   6990704  84% /mnt/diskc
/dev/sda5            169670466 129366344  40304122  77% /mnt/diskd 
```

fdisk -l
```
Disk /dev/sda: 250.1 GB, 250059350016 bytes
255 heads, 63 sectors/track, 30401 cylinders
Units = cylinders of 16065 * 512 = 8225280 bytes
Sector size (logical/physical): 512 bytes / 512 bytes
I/O size (minimum/optimal): 512 bytes / 512 bytes
Disk identifier: 0x0d4c0d4c

   Device Boot      Start         End      Blocks   Id  System
/dev/sda1   *           1        5295    42532056    c  W95 FAT32 (LBA)
/dev/sda3            5297       26481   170168482    f  W95 Ext'd (LBA)
/dev/sda4           26482       30401    31487400   83  Linux
/dev/sda5            5297       26419   169670466    7  HPFS/NTFS
/dev/sda6           26420       26481      497983+  82  Linux swap / Solaris  
```

lspci
```
00:00.0 Host bridge: Intel Corporation Mobile PM965/GM965/GL960 Memory Controller Hub (rev 03)
00:01.0 PCI bridge: Intel Corporation Mobile PM965/GM965/GL960 PCI Express Root Port (rev 03)
00:1a.0 USB Controller: Intel Corporation 82801H (ICH8 Family) USB UHCI Controller #4 (rev 03)
00:1a.1 USB Controller: Intel Corporation 82801H (ICH8 Family) USB UHCI Controller #5 (rev 03)
00:1a.7 USB Controller: Intel Corporation 82801H (ICH8 Family) USB2 EHCI Controller #2 (rev 03)
00:1b.0 Audio device: Intel Corporation 82801H (ICH8 Family) HD Audio Controller (rev 03)
00:1c.0 PCI bridge: Intel Corporation 82801H (ICH8 Family) PCI Express Port 1 (rev 03)
00:1c.1 PCI bridge: Intel Corporation 82801H (ICH8 Family) PCI Express Port 2 (rev 03)
00:1c.2 PCI bridge: Intel Corporation 82801H (ICH8 Family) PCI Express Port 3 (rev 03)
00:1c.3 PCI bridge: Intel Corporation 82801H (ICH8 Family) PCI Express Port 4 (rev 03)
00:1c.4 PCI bridge: Intel Corporation 82801H (ICH8 Family) PCI Express Port 5 (rev 03)
00:1c.5 PCI bridge: Intel Corporation 82801H (ICH8 Family) PCI Express Port 6 (rev 03)
00:1d.0 USB Controller: Intel Corporation 82801H (ICH8 Family) USB UHCI Controller #1 (rev 03)
00:1d.1 USB Controller: Intel Corporation 82801H (ICH8 Family) USB UHCI Controller #2 (rev 03)
00:1d.2 USB Controller: Intel Corporation 82801H (ICH8 Family) USB UHCI Controller #3 (rev 03)
00:1d.7 USB Controller: Intel Corporation 82801H (ICH8 Family) USB2 EHCI Controller #1 (rev 03)
00:1e.0 PCI bridge: Intel Corporation 82801 Mobile PCI Bridge (rev f3)
00:1f.0 ISA bridge: Intel Corporation 82801HEM (ICH8M) LPC Interface Controller (rev 03)
00:1f.1 IDE interface: Intel Corporation 82801HBM/HEM (ICH8M/ICH8M-E) IDE Controller (rev 03)
00:1f.2 IDE interface: Intel Corporation 82801HBM/HEM (ICH8M/ICH8M-E) SATA IDE Controller (rev 03)
01:00.0 VGA compatible controller: nVidia Corporation G86 [GeForce 9300M G] (rev a1)
02:00.0 Ethernet controller: Atheros Communications L1 Gigabit Ethernet Adapter (rev b0)
03:00.0 Network controller: Intel Corporation PRO/Wireless 4965 AG or AGN [Kedron] Network Connection (rev 61)
05:00.0 Memory controller: Intel Corporation Turbo Memory Controller (rev 01)
09:01.0 FireWire (IEEE 1394): Ricoh Co Ltd R5C832 IEEE 1394 Controller (rev 05)
09:01.1 SD Host controller: Ricoh Co Ltd R5C822 SD/SDIO/MMC/MS/MSPro Host Adapter (rev 22)
09:01.2 System peripheral: Ricoh Co Ltd R5C592 Memory Stick Bus Host Adapter (rev 12)
09:01.3 System peripheral: Ricoh Co Ltd xD-Picture Card Controller (rev 12) 
```

lsusb
```
Bus 007 Device 001: ID 1d6b:0001 Linux Foundation 1.1 root hub
Bus 006 Device 001: ID 1d6b:0001 Linux Foundation 1.1 root hub
Bus 005 Device 002: ID 1bcf:0007 Sunplus Innovation Technology Inc. 
Bus 005 Device 001: ID 1d6b:0001 Linux Foundation 1.1 root hub
Bus 004 Device 001: ID 1d6b:0001 Linux Foundation 1.1 root hub
Bus 003 Device 001: ID 1d6b:0001 Linux Foundation 1.1 root hub
Bus 002 Device 003: ID 1164:1f08 YUAN High-Tech Development Co., Ltd 
Bus 002 Device 001: ID 1d6b:0002 Linux Foundation 2.0 root hub
Bus 001 Device 002: ID 174f:5a35 Syntek Sonix 1.3MPixel USB 2.0 Camera
Bus 001 Device 001: ID 1d6b:0002 Linux Foundation 2.0 root hub 
```

/var/log/boot
```
fsck from util-linux-ng 2.17.2
/dev/sda4: clean, 188302/1970416 files, 1668347/7871850 blocks
init: ureadahead-other main process (826) terminated with status 4

init: ureadahead-other main process (831) terminated with status 4

 * Starting AppArmor profiles       [80G Skipping profile in /etc/apparmor.d/disable: usr.bin.firefox

[74G[ OK ]
 * Setting sensors limits       [80G 
[74G[ OK ]

```

/var/log/debug
```
Jul  3 12:11:22 ORION kernel: [    0.000000] e820 update range: 0000000000000000 - 0000000000010000 (usable) ==> (reserved)
Jul  3 12:11:22 ORION kernel: [    0.000000] MTRR default type: uncachable
Jul  3 12:11:22 ORION kernel: [    0.000000] MTRR fixed ranges enabled:
Jul  3 12:11:22 ORION kernel: [    0.000000]   00000-9FFFF write-back
Jul  3 12:11:22 ORION kernel: [    0.000000]   A0000-BFFFF uncachable
Jul  3 12:11:22 ORION kernel: [    0.000000]   C0000-CFFFF write-protect
Jul  3 12:11:22 ORION kernel: [    0.000000]   D0000-DFFFF uncachable
Jul  3 12:11:22 ORION kernel: [    0.000000]   E0000-EFFFF write-through
Jul  3 12:11:22 ORION kernel: [    0.000000]   F0000-FFFFF write-protect
Jul  3 12:11:22 ORION kernel: [    0.000000] MTRR variable ranges enabled:
Jul  3 12:11:22 ORION kernel: [    0.000000]   0 base 000000000 mask F80000000 write-back
Jul  3 12:11:22 ORION kernel: [    0.000000]   1 base 080000000 mask FC0000000 write-back
Jul  3 12:11:22 ORION kernel: [    0.000000]   2 disabled
Jul  3 12:11:22 ORION kernel: [    0.000000]   3 disabled
Jul  3 12:11:22 ORION kernel: [    0.000000]   4 disabled
Jul  3 12:11:22 ORION kernel: [    0.000000]   5 disabled
Jul  3 12:11:22 ORION kernel: [    0.000000]   6 disabled
Jul  3 12:11:22 ORION kernel: [    0.000000]   7 disabled
Jul  3 12:11:22 ORION kernel: [    0.000000] initial memory mapped : 0 - 00c00000
Jul  3 12:11:22 ORION kernel: [    0.000000]  0000000000 - 0000400000 page 4k
Jul  3 12:11:22 ORION kernel: [    0.000000]  0000400000 - 0037400000 page 2M
Jul  3 12:11:22 ORION kernel: [    0.000000]  0037400000 - 00377fe000 page 4k
Jul  3 12:11:22 ORION kernel: [    0.000000] kernel direct mapping tables up to 377fe000 @ 10000-15000
Jul  3 12:11:22 ORION kernel: [    0.000000] ACPI: Local APIC address 0xfee00000
Jul  3 12:11:22 ORION kernel: [    0.000000] On node 0 totalpages: 786223
Jul  3 12:11:22 ORION kernel: [    0.000000] free_area_init_node: node 0, pgdat c0798760, node_mem_map c107b200
Jul  3 12:11:22 ORION kernel: [    0.000000]   DMA zone: 32 pages used for memmap
Jul  3 12:11:22 ORION kernel: [    0.000000]   DMA zone: 0 pages reserved
Jul  3 12:11:22 ORION kernel: [    0.000000]   DMA zone: 3951 pages, LIFO batch:0
Jul  3 12:11:22 ORION kernel: [    0.000000]   Normal zone: 1744 pages used for memmap
Jul  3 12:11:22 ORION kernel: [    0.000000]   Normal zone: 221486 pages, LIFO batch:31
Jul  3 12:11:22 ORION kernel: [    0.000000]   HighMem zone: 4368 pages used for memmap
Jul  3 12:11:22 ORION kernel: [    0.000000]   HighMem zone: 554642 pages, LIFO batch:31
Jul  3 12:11:22 ORION kernel: [    0.000000] ACPI: Local APIC address 0xfee00000
Jul  3 12:11:22 ORION kernel: [    0.000000] ACPI: IRQ0 used by override.
Jul  3 12:11:22 ORION kernel: [    0.000000] ACPI: IRQ2 used by override.
Jul  3 12:11:22 ORION kernel: [    0.000000] ACPI: IRQ9 used by override.
Jul  3 12:11:22 ORION kernel: [    0.000000] nr_irqs_gsi: 24
Jul  3 12:11:22 ORION kernel: [    0.000000] hpet clockevent registered
Jul  3 12:11:22 ORION kernel: [    0.004981] CPU0: Thermal monitoring handled by SMI
Jul  3 12:11:22 ORION kernel: [    0.008000] CPU1: Thermal monitoring handled by SMI
Jul  3 12:11:22 ORION kernel: [    0.184739] CPU0 attaching sched-domain:
Jul  3 12:11:22 ORION kernel: [    0.184741]  domain 0: span 0-1 level MC
Jul  3 12:11:22 ORION kernel: [    0.184744]   groups: 0 1
Jul  3 12:11:22 ORION kernel: [    0.184750] CPU1 attaching sched-domain:
Jul  3 12:11:22 ORION kernel: [    0.184752]  domain 0: span 0-1 level MC
Jul  3 12:11:22 ORION kernel: [    0.184754]   groups: 1 0
Jul  3 12:11:22 ORION kernel: [    0.231798] pci 0000:00:1a.0: reg 20 io port: [0xe000-0xe01f]
Jul  3 12:11:22 ORION kernel: [    0.231848] pci 0000:00:1a.1: reg 20 io port: [0xdc00-0xdc1f]
Jul  3 12:11:22 ORION kernel: [    0.231908] pci 0000:00:1a.7: reg 10 32bit mmio: [0xfebff400-0xfebff7ff]
Jul  3 12:11:22 ORION kernel: [    0.232092] pci 0000:00:1b.0: reg 10 64bit mmio: [0xfebf8000-0xfebfbfff]
Jul  3 12:11:22 ORION kernel: [    0.233277] pci 0000:00:1d.0: reg 20 io port: [0xd880-0xd89f]
Jul  3 12:11:22 ORION kernel: [    0.233330] pci 0000:00:1d.1: reg 20 io port: [0xd800-0xd81f]
Jul  3 12:11:22 ORION kernel: [    0.233381] pci 0000:00:1d.2: reg 20 io port: [0xd480-0xd49f]
Jul  3 12:11:22 ORION kernel: [    0.233438] pci 0000:00:1d.7: reg 10 32bit mmio: [0xfebff000-0xfebff3ff]
Jul  3 12:11:22 ORION kernel: [    0.234000] pci 0000:00:1f.1: reg 10 io port: [0x00-0x07]
Jul  3 12:11:22 ORION kernel: [    0.234007] pci 0000:00:1f.1: reg 14 io port: [0x00-0x03]
Jul  3 12:11:22 ORION kernel: [    0.234013] pci 0000:00:1f.1: reg 18 io port: [0x8f0-0x8f7]
Jul  3 12:11:22 ORION kernel: [    0.234020] pci 0000:00:1f.1: reg 1c io port: [0x8f8-0x8fb]
Jul  3 12:11:22 ORION kernel: [    0.234027] pci 0000:00:1f.1: reg 20 io port: [0xffa0-0xffaf]
Jul  3 12:11:22 ORION kernel: [    0.234071] pci 0000:00:1f.2: reg 10 io port: [0xec00-0xec07]
Jul  3 12:11:22 ORION kernel: [    0.234077] pci 0000:00:1f.2: reg 14 io port: [0xe880-0xe883]
Jul  3 12:11:22 ORION kernel: [    0.234084] pci 0000:00:1f.2: reg 18 io port: [0xe800-0xe807]
Jul  3 12:11:22 ORION kernel: [    0.234090] pci 0000:00:1f.2: reg 1c io port: [0xe480-0xe483]
Jul  3 12:11:22 ORION kernel: [    0.234096] pci 0000:00:1f.2: reg 20 io port: [0xe400-0xe40f]
Jul  3 12:11:22 ORION kernel: [    0.234102] pci 0000:00:1f.2: reg 24 io port: [0xe080-0xe08f]
Jul  3 12:11:22 ORION kernel: [    0.234261] pci 0000:01:00.0: reg 10 32bit mmio: [0xfc000000-0xfcffffff]
Jul  3 12:11:22 ORION kernel: [    0.234271] pci 0000:01:00.0: reg 14 64bit mmio pref: [0xe0000000-0xefffffff]
Jul  3 12:11:22 ORION kernel: [    0.234280] pci 0000:01:00.0: reg 1c 64bit mmio: [0xfa000000-0xfbffffff]
Jul  3 12:11:22 ORION kernel: [    0.234286] pci 0000:01:00.0: reg 24 io port: [0xac00-0xac7f]
Jul  3 12:11:22 ORION kernel: [    0.234292] pci 0000:01:00.0: reg 30 32bit mmio pref: [0xfdee0000-0xfdefffff]
Jul  3 12:11:22 ORION kernel: [    0.234359] pci 0000:00:01.0: bridge io port: [0xa000-0xafff]
Jul  3 12:11:22 ORION kernel: [    0.234363] pci 0000:00:01.0: bridge 32bit mmio: [0xf7e00000-0xfdefffff]
Jul  3 12:11:22 ORION kernel: [    0.234368] pci 0000:00:01.0: bridge 64bit mmio pref: [0xd5d00000-0xf5cfffff]
Jul  3 12:11:22 ORION kernel: [    0.234423] pci 0000:02:00.0: reg 10 64bit mmio: [0xfdfc0000-0xfdffffff]
Jul  3 12:11:22 ORION kernel: [    0.234457] pci 0000:02:00.0: reg 30 32bit mmio pref: [0xfdfa0000-0xfdfbffff]
Jul  3 12:11:22 ORION kernel: [    0.234650] pci 0000:00:1c.0: bridge 32bit mmio: [0xfdf00000-0xfdffffff]
Jul  3 12:11:22 ORION kernel: [    0.234731] pci 0000:03:00.0: reg 10 64bit mmio: [0xfe0fe000-0xfe0fffff]
Jul  3 12:11:22 ORION kernel: [    0.234993] pci 0000:00:1c.1: bridge 32bit mmio: [0xfe000000-0xfe0fffff]
Jul  3 12:11:22 ORION kernel: [    0.235094] pci 0000:05:00.0: reg 10 32bit mmio: [0xfe1ffc00-0xfe1fffff]
Jul  3 12:11:22 ORION kernel: [    0.235109] pci 0000:05:00.0: reg 18 io port: [0xbc00-0xbc7f]
Jul  3 12:11:22 ORION kernel: [    0.235136] pci 0000:05:00.0: reg 30 32bit mmio pref: [0xfe1e0000-0xfe1effff]
Jul  3 12:11:22 ORION kernel: [    0.235222] pci 0000:00:1c.3: bridge io port: [0xb000-0xbfff]
Jul  3 12:11:22 ORION kernel: [    0.235226] pci 0000:00:1c.3: bridge 32bit mmio: [0xfe100000-0xfe1fffff]
Jul  3 12:11:22 ORION kernel: [    0.235272] pci 0000:00:1c.4: bridge io port: [0xc000-0xcfff]
Jul  3 12:11:22 ORION kernel: [    0.235277] pci 0000:00:1c.4: bridge 32bit mmio: [0xfe200000-0xfe9fffff]
Jul  3 12:11:22 ORION kernel: [    0.235283] pci 0000:00:1c.4: bridge 64bit mmio pref: [0xf5d00000-0xf7cfffff]
Jul  3 12:11:22 ORION kernel: [    0.235368] pci 0000:09:01.0: reg 10 32bit mmio: [0xfeaff800-0xfeafffff]
Jul  3 12:11:22 ORION kernel: [    0.235550] pci 0000:09:01.1: reg 10 32bit mmio: [0xfeaff400-0xfeaff4ff]
Jul  3 12:11:22 ORION kernel: [    0.235599] pci 0000:09:01.1: supports D1 D2
Jul  3 12:11:22 ORION kernel: [    0.235735] pci 0000:09:01.2: reg 10 32bit mmio: [0xfeaff000-0xfeaff0ff]
Jul  3 12:11:22 ORION kernel: [    0.235783] pci 0000:09:01.2: supports D1 D2
Jul  3 12:11:22 ORION kernel: [    0.235918] pci 0000:09:01.3: reg 10 32bit mmio: [0xfeafec00-0xfeafecff]
Jul  3 12:11:22 ORION kernel: [    0.235967] pci 0000:09:01.3: supports D1 D2
Jul  3 12:11:22 ORION kernel: [    0.236155] pci 0000:00:1e.0: bridge 32bit mmio: [0xfea00000-0xfeafffff]
Jul  3 12:11:22 ORION kernel: [    0.236193] pci_bus 0000:00: on NUMA node 0
Jul  3 12:11:22 ORION kernel: [    0.236200] ACPI: PCI Interrupt Routing Table [\_SB_.PCI0._PRT]
Jul  3 12:11:22 ORION kernel: [    0.236414] ACPI: PCI Interrupt Routing Table [\_SB_.PCI0.P0P1._PRT]
Jul  3 12:11:22 ORION kernel: [    0.236483] ACPI: PCI Interrupt Routing Table [\_SB_.PCI0.P0P2._PRT]
Jul  3 12:11:22 ORION kernel: [    0.236547] ACPI: PCI Interrupt Routing Table [\_SB_.PCI0.P0P3._PRT]
Jul  3 12:11:22 ORION kernel: [    0.236611] ACPI: PCI Interrupt Routing Table [\_SB_.PCI0.P0P4._PRT]
Jul  3 12:11:22 ORION kernel: [    0.236683] ACPI: PCI Interrupt Routing Table [\_SB_.PCI0.P0P5._PRT]
Jul  3 12:11:22 ORION kernel: [    0.236755] ACPI: PCI Interrupt Routing Table [\_SB_.PCI0.P0P6._PRT]
Jul  3 12:11:22 ORION kernel: [    0.236881] ACPI: PCI Interrupt Routing Table [\_SB_.PCI0.P0P8._PRT]
Jul  3 12:11:22 ORION kernel: [    0.236952] ACPI: PCI Interrupt Routing Table [\_SB_.PCI0.P0P9._PRT]
Jul  3 12:11:22 ORION kernel: [    0.260307] libata version 3.00 loaded.
Jul  3 12:11:22 ORION kernel: [    0.306906]   alloc irq_desc for 16 on node -1
Jul  3 12:11:22 ORION kernel: [    0.306908]   alloc kstat_irqs on node -1
Jul  3 12:11:22 ORION kernel: [    0.306968] pci 0000:00:01.0: setting latency timer to 64
Jul  3 12:11:22 ORION kernel: [    0.307029] pci 0000:00:1c.0: setting latency timer to 64
Jul  3 12:11:22 ORION kernel: [    0.307037]   alloc irq_desc for 17 on node -1
Jul  3 12:11:22 ORION kernel: [    0.307038]   alloc kstat_irqs on node -1
Jul  3 12:11:22 ORION kernel: [    0.307094] pci 0000:00:1c.1: setting latency timer to 64
Jul  3 12:11:22 ORION kernel: [    0.307102]   alloc irq_desc for 18 on node -1
Jul  3 12:11:22 ORION kernel: [    0.307104]   alloc kstat_irqs on node -1
Jul  3 12:11:22 ORION kernel: [    0.307162] pci 0000:00:1c.2: setting latency timer to 64
Jul  3 12:11:22 ORION kernel: [    0.307170]   alloc irq_desc for 19 on node -1
Jul  3 12:11:22 ORION kernel: [    0.307171]   alloc kstat_irqs on node -1
Jul  3 12:11:22 ORION kernel: [    0.307228] pci 0000:00:1c.3: setting latency timer to 64
Jul  3 12:11:22 ORION kernel: [    0.307289] pci 0000:00:1c.4: setting latency timer to 64
Jul  3 12:11:22 ORION kernel: [    0.307400] pci 0000:00:1c.5: setting latency timer to 64
Jul  3 12:11:22 ORION kernel: [    0.307407] pci 0000:00:1e.0: setting latency timer to 64
Jul  3 12:11:22 ORION kernel: [    0.307412] pci_bus 0000:00: resource 0 io:  [0x00-0xffff]
Jul  3 12:11:22 ORION kernel: [    0.307414] pci_bus 0000:00: resource 1 mem: [0x000000-0xffffffff]
Jul  3 12:11:22 ORION kernel: [    0.307417] pci_bus 0000:01: resource 0 io:  [0xa000-0xafff]
Jul  3 12:11:22 ORION kernel: [    0.307419] pci_bus 0000:01: resource 1 mem: [0xf7e00000-0xfdefffff]
Jul  3 12:11:22 ORION kernel: [    0.307421] pci_bus 0000:01: resource 2 pref mem [0xd5d00000-0xf5cfffff]
Jul  3 12:11:22 ORION kernel: [    0.307424] pci_bus 0000:02: resource 1 mem: [0xfdf00000-0xfdffffff]
Jul  3 12:11:22 ORION kernel: [    0.307427] pci_bus 0000:03: resource 1 mem: [0xfe000000-0xfe0fffff]
Jul  3 12:11:22 ORION kernel: [    0.307429] pci_bus 0000:05: resource 0 io:  [0xb000-0xbfff]
Jul  3 12:11:22 ORION kernel: [    0.307432] pci_bus 0000:05: resource 1 mem: [0xfe100000-0xfe1fffff]
Jul  3 12:11:22 ORION kernel: [    0.307434] pci_bus 0000:06: resource 0 io:  [0xc000-0xcfff]
Jul  3 12:11:22 ORION kernel: [    0.307436] pci_bus 0000:06: resource 1 mem: [0xfe200000-0xfe9fffff]
Jul  3 12:11:22 ORION kernel: [    0.307439] pci_bus 0000:06: resource 2 pref mem [0xf5d00000-0xf7cfffff]
Jul  3 12:11:22 ORION kernel: [    0.307441] pci_bus 0000:08: resource 0 io:  [0x1000-0x1fff]
Jul  3 12:11:22 ORION kernel: [    0.307444] pci_bus 0000:08: resource 1 mem: [0xd0000000-0xd01fffff]
Jul  3 12:11:22 ORION kernel: [    0.307446] pci_bus 0000:08: resource 2 pref mem [0xd0200000-0xd03fffff]
Jul  3 12:11:22 ORION kernel: [    0.307449] pci_bus 0000:09: resource 1 mem: [0xfea00000-0xfeafffff]
Jul  3 12:11:22 ORION kernel: [    0.307451] pci_bus 0000:09: resource 3 io:  [0x00-0xffff]
Jul  3 12:11:22 ORION kernel: [    0.307453] pci_bus 0000:09: resource 4 mem: [0x000000-0xffffffff]
Jul  3 12:11:22 ORION kernel: [    0.593298] pci 0000:01:00.0: Boot video device
Jul  3 12:11:22 ORION kernel: [    0.607969]   alloc irq_desc for 24 on node -1
Jul  3 12:11:22 ORION kernel: [    0.607972]   alloc kstat_irqs on node -1
Jul  3 12:11:22 ORION kernel: [    0.607980] pcieport 0000:00:01.0: irq 24 for MSI/MSI-X
Jul  3 12:11:22 ORION kernel: [    0.607986] pcieport 0000:00:01.0: setting latency timer to 64
Jul  3 12:11:22 ORION kernel: [    0.608094]   alloc irq_desc for 25 on node -1
Jul  3 12:11:22 ORION kernel: [    0.608096]   alloc kstat_irqs on node -1
Jul  3 12:11:22 ORION kernel: [    0.608103] pcieport 0000:00:1c.0: irq 25 for MSI/MSI-X
Jul  3 12:11:22 ORION kernel: [    0.608111] pcieport 0000:00:1c.0: setting latency timer to 64
Jul  3 12:11:22 ORION kernel: [    0.608215]   alloc irq_desc for 26 on node -1
Jul  3 12:11:22 ORION kernel: [    0.608216]   alloc kstat_irqs on node -1
Jul  3 12:11:22 ORION kernel: [    0.608223] pcieport 0000:00:1c.1: irq 26 for MSI/MSI-X
Jul  3 12:11:22 ORION kernel: [    0.608231] pcieport 0000:00:1c.1: setting latency timer to 64
Jul  3 12:11:22 ORION kernel: [    0.608333]   alloc irq_desc for 27 on node -1
Jul  3 12:11:22 ORION kernel: [    0.608335]   alloc kstat_irqs on node -1
Jul  3 12:11:22 ORION kernel: [    0.608341] pcieport 0000:00:1c.2: irq 27 for MSI/MSI-X
Jul  3 12:11:22 ORION kernel: [    0.608349] pcieport 0000:00:1c.2: setting latency timer to 64
Jul  3 12:11:22 ORION kernel: [    0.608455]   alloc irq_desc for 28 on node -1
Jul  3 12:11:22 ORION kernel: [    0.608456]   alloc kstat_irqs on node -1
Jul  3 12:11:22 ORION kernel: [    0.608463] pcieport 0000:00:1c.3: irq 28 for MSI/MSI-X
Jul  3 12:11:22 ORION kernel: [    0.608471] pcieport 0000:00:1c.3: setting latency timer to 64
Jul  3 12:11:22 ORION kernel: [    0.608575]   alloc irq_desc for 29 on node -1
Jul  3 12:11:22 ORION kernel: [    0.608576]   alloc kstat_irqs on node -1
Jul  3 12:11:22 ORION kernel: [    0.608583] pcieport 0000:00:1c.4: irq 29 for MSI/MSI-X
Jul  3 12:11:22 ORION kernel: [    0.608591] pcieport 0000:00:1c.4: setting latency timer to 64
Jul  3 12:11:22 ORION kernel: [    0.608704]   alloc irq_desc for 30 on node -1
Jul  3 12:11:22 ORION kernel: [    0.608705]   alloc kstat_irqs on node -1
Jul  3 12:11:22 ORION kernel: [    0.608712] pcieport 0000:00:1c.5: irq 30 for MSI/MSI-X
Jul  3 12:11:22 ORION kernel: [    0.608720] pcieport 0000:00:1c.5: setting latency timer to 64
Jul  3 12:11:22 ORION kernel: [    0.609302] pciehp 0000:00:01.0:pcie04: service driver pciehp loaded
Jul  3 12:11:22 ORION kernel: [    0.609417] pciehp 0000:00:1c.4:pcie04: service driver pciehp loaded
Jul  3 12:11:22 ORION kernel: [    0.609527] pciehp 0000:00:1c.5:pcie04: service driver pciehp loaded
Jul  3 12:11:22 ORION kernel: [    0.615384] Monitor-Mwait will be used to enter C-1 state
Jul  3 12:11:22 ORION kernel: [    0.615409] Monitor-Mwait will be used to enter C-2 state
Jul  3 12:11:22 ORION kernel: [    0.625904] ata_piix 0000:00:1f.1: version 2.13
Jul  3 12:11:22 ORION kernel: [    0.625999] ata_piix 0000:00:1f.1: setting latency timer to 64
Jul  3 12:11:22 ORION kernel: [    0.626921]   alloc irq_desc for 20 on node -1
Jul  3 12:11:22 ORION kernel: [    0.626923]   alloc kstat_irqs on node -1
Jul  3 12:11:22 ORION kernel: [    0.627625] ata2: port disabled. ignoring.
Jul  3 12:11:22 ORION kernel: [    0.784023] ata_piix 0000:00:1f.2: setting latency timer to 64
Jul  3 12:11:22 ORION kernel: [    0.786261] ehci_hcd 0000:00:1a.7: setting latency timer to 64
Jul  3 12:11:22 ORION kernel: [    0.790364] ehci_hcd 0000:00:1a.7: cache line size of 32 is not supported
Jul  3 12:11:22 ORION kernel: [    0.808368]   alloc irq_desc for 23 on node -1
Jul  3 12:11:22 ORION kernel: [    0.808370]   alloc kstat_irqs on node -1
Jul  3 12:11:22 ORION kernel: [    0.808433] ehci_hcd 0000:00:1d.7: setting latency timer to 64
Jul  3 12:11:22 ORION kernel: [    0.812523] ehci_hcd 0000:00:1d.7: cache line size of 32 is not supported
Jul  3 12:11:22 ORION kernel: [    0.828537] uhci_hcd 0000:00:1a.0: setting latency timer to 64
Jul  3 12:11:22 ORION kernel: [    0.829034]   alloc irq_desc for 21 on node -1
Jul  3 12:11:22 ORION kernel: [    0.829036]   alloc kstat_irqs on node -1
Jul  3 12:11:22 ORION kernel: [    0.829094] uhci_hcd 0000:00:1a.1: setting latency timer to 64
Jul  3 12:11:22 ORION kernel: [    0.829653] uhci_hcd 0000:00:1d.0: setting latency timer to 64
Jul  3 12:11:22 ORION kernel: [    0.830197] uhci_hcd 0000:00:1d.1: setting latency timer to 64
Jul  3 12:11:22 ORION kernel: [    0.830755] uhci_hcd 0000:00:1d.2: setting latency timer to 64
Jul  3 12:11:22 ORION kernel: [    0.838486] PM: Resume from disk failed.
Jul  3 12:11:22 ORION kernel: [    0.993348] sr 0:0:0:0: Attached scsi CD-ROM sr0
Jul  3 12:11:22 ORION kernel: [    1.608579] sd 2:0:0:0: [sda] Mode Sense: 00 3a 00 00
Jul  3 12:11:22 ORION kernel: [    2.299655] atl1 0000:02:00.0: setting latency timer to 64
Jul  3 12:11:22 ORION kernel: [    3.648527] ieee1394: Host added: ID:BUS[0-00:1023]  GUID[001e8c00000643e1]
Jul  3 12:11:22 ORION kernel: [   12.558096] vga16fb: initializing
Jul  3 12:11:22 ORION kernel: [   13.758057] nvidia 0000:01:00.0: setting latency timer to 64
Jul  3 12:11:22 ORION kernel: [   13.775416]   alloc irq_desc for 22 on node -1
Jul  3 12:11:22 ORION kernel: [   13.775418]   alloc kstat_irqs on node -1
Jul  3 12:11:22 ORION kernel: [   13.775464] HDA Intel 0000:00:1b.0: setting latency timer to 64
Jul  3 12:11:27 ORION kernel: [   20.228232]   alloc irq_desc for 31 on node -1
Jul  3 12:11:27 ORION kernel: [   20.228234]   alloc kstat_irqs on node -1
Jul  3 12:11:27 ORION kernel: [   20.228248] atl1 0000:02:00.0: irq 31 for MSI/MSI-X
Jul  3 12:11:38 ORION kernel: [   30.564083] eth0: no IPv6 routers present 
```


/var/log/messages
```
Jul  3 12:55:29 ORION kernel: imklog 4.2.0, log source = /proc/kmsg started.
Jul  3 12:55:29 ORION rsyslogd: [origin software="rsyslogd" swVersion="4.2.0" x-pid="845" x-info="http://www.rsyslog.com"] (re)start
Jul  3 12:55:29 ORION rsyslogd: rsyslogd's groupid changed to 103
Jul  3 12:55:29 ORION rsyslogd: rsyslogd's userid changed to 101
Jul  3 12:55:29 ORION kernel: [    0.000000] Initializing cgroup subsys cpuset
Jul  3 12:55:29 ORION kernel: [    0.000000] Initializing cgroup subsys cpu
Jul  3 12:55:29 ORION kernel: [    0.000000] Linux version 2.6.32-23-generic (buildd@rothera) (gcc version 4.4.3 (Ubuntu 4.4.3-4ubuntu5) ) #37-Ubuntu SMP Fri Jun 11 07:54:58 UTC 2010 (Ubuntu 2.6.32-23.37-generic 2.6.32.15+drm33.5)
Jul  3 12:55:29 ORION kernel: [    0.000000] KERNEL supported cpus:
Jul  3 12:55:29 ORION kernel: [    0.000000]   Intel GenuineIntel
Jul  3 12:55:29 ORION kernel: [    0.000000]   AMD AuthenticAMD
Jul  3 12:55:29 ORION kernel: [    0.000000]   NSC Geode by NSC
Jul  3 12:55:29 ORION kernel: [    0.000000]   Cyrix CyrixInstead
Jul  3 12:55:29 ORION kernel: [    0.000000]   Centaur CentaurHauls
Jul  3 12:55:29 ORION kernel: [    0.000000]   Transmeta GenuineTMx86
Jul  3 12:55:29 ORION kernel: [    0.000000]   Transmeta TransmetaCPU
Jul  3 12:55:29 ORION kernel: [    0.000000]   UMC UMC UMC UMC
Jul  3 12:55:29 ORION kernel: [    0.000000] BIOS-provided physical RAM map:
Jul  3 12:55:29 ORION kernel: [    0.000000]  BIOS-e820: 0000000000000000 - 000000000009fc00 (usable)
Jul  3 12:55:29 ORION kernel: [    0.000000]  BIOS-e820: 000000000009fc00 - 00000000000a0000 (reserved)
Jul  3 12:55:29 ORION kernel: [    0.000000]  BIOS-e820: 00000000000e3000 - 0000000000100000 (reserved)
Jul  3 12:55:29 ORION kernel: [    0.000000]  BIOS-e820: 0000000000100000 - 00000000bffa0000 (usable)
Jul  3 12:55:29 ORION kernel: [    0.000000]  BIOS-e820: 00000000bffa0000 - 00000000bffae000 (ACPI data)
Jul  3 12:55:29 ORION kernel: [    0.000000]  BIOS-e820: 00000000bffae000 - 00000000bfff0000 (ACPI NVS)
Jul  3 12:55:29 ORION kernel: [    0.000000]  BIOS-e820: 00000000bfff0000 - 00000000c0000000 (reserved)
Jul  3 12:55:29 ORION kernel: [    0.000000]  BIOS-e820: 00000000fee00000 - 00000000fee01000 (reserved)
Jul  3 12:55:29 ORION kernel: [    0.000000]  BIOS-e820: 00000000ffb00000 - 0000000100000000 (reserved)
Jul  3 12:55:29 ORION kernel: [    0.000000] DMI 2.4 present.
Jul  3 12:55:29 ORION kernel: [    0.000000] AMI BIOS detected: BIOS may corrupt low RAM, working around it.
Jul  3 12:55:29 ORION kernel: [    0.000000] last_pfn = 0xbffa0 max_arch_pfn = 0x100000
Jul  3 12:55:29 ORION kernel: [    0.000000] x86 PAT enabled: cpu 0, old 0x7040600070406, new 0x7010600070106
Jul  3 12:55:29 ORION kernel: [    0.000000] Scanning 0 areas for low memory corruption
Jul  3 12:55:29 ORION kernel: [    0.000000] modified physical RAM map:
Jul  3 12:55:29 ORION kernel: [    0.000000]  modified: 0000000000000000 - 0000000000010000 (reserved)
Jul  3 12:55:29 ORION kernel: [    0.000000]  modified: 0000000000010000 - 000000000009fc00 (usable)
Jul  3 12:55:29 ORION kernel: [    0.000000]  modified: 000000000009fc00 - 00000000000a0000 (reserved)
Jul  3 12:55:29 ORION kernel: [    0.000000]  modified: 00000000000e3000 - 0000000000100000 (reserved)
Jul  3 12:55:29 ORION kernel: [    0.000000]  modified: 0000000000100000 - 00000000bffa0000 (usable)
Jul  3 12:55:29 ORION kernel: [    0.000000]  modified: 00000000bffa0000 - 00000000bffae000 (ACPI data)
Jul  3 12:55:29 ORION kernel: [    0.000000]  modified: 00000000bffae000 - 00000000bfff0000 (ACPI NVS)
Jul  3 12:55:29 ORION kernel: [    0.000000]  modified: 00000000bfff0000 - 00000000c0000000 (reserved)
Jul  3 12:55:29 ORION kernel: [    0.000000]  modified: 00000000fee00000 - 00000000fee01000 (reserved)
Jul  3 12:55:29 ORION kernel: [    0.000000]  modified: 00000000ffb00000 - 0000000100000000 (reserved)
Jul  3 12:55:29 ORION kernel: [    0.000000] init_memory_mapping: 0000000000000000-00000000377fe000
Jul  3 12:55:29 ORION kernel: [    0.000000] Using x86 segment limits to approximate NX protection
Jul  3 12:55:29 ORION kernel: [    0.000000] RAMDISK: 37856000 - 37fef084
Jul  3 12:55:29 ORION kernel: [    0.000000] Allocated new RAMDISK: 008e0000 - 01079084
Jul  3 12:55:29 ORION kernel: [    0.000000] Move RAMDISK from 0000000037856000 - 0000000037fef083 to 008e0000 - 01079083
Jul  3 12:55:29 ORION kernel: [    0.000000] ACPI: RSDP 000f8240 00024 (v02 ACPIAM)
Jul  3 12:55:29 ORION kernel: [    0.000000] ACPI: XSDT bffa0100 00084 (v01 _ASUS_ Notebook 02000812 MSFT 00000097)
Jul  3 12:55:29 ORION kernel: [    0.000000] ACPI: FACP bffa0290 000F4 (v03 A_M_I_ OEMFACP  02000812 MSFT 00000097)
Jul  3 12:55:29 ORION kernel: [    0.000000] ACPI: DSDT bffa0680 0B348 (v01  F3Sc0 F3Sc0305 00000305 INTL 20051117)
Jul  3 12:55:29 ORION kernel: [    0.000000] ACPI: FACS bffae000 00040
Jul  3 12:55:29 ORION kernel: [    0.000000] ACPI: APIC bffa0390 0005C (v01 A_M_I_ OEMAPIC  02000812 MSFT 00000097)
Jul  3 12:55:29 ORION kernel: [    0.000000] ACPI: MCFG bffa0430 0003C (v01 A_M_I_ OEMMCFG  02000812 MSFT 00000097)
Jul  3 12:55:29 ORION kernel: [    0.000000] ACPI: SLIC bffa0470 00176 (v01 _ASUS_ Notebook 02000812 MSFT 00000097)
Jul  3 12:55:29 ORION kernel: [    0.000000] ACPI: DBGP bffa03f0 00034 (v01 A_M_I_ OEMDBGP  02000812 MSFT 00000097)
Jul  3 12:55:29 ORION kernel: [    0.000000] ACPI: BOOT bffa05f0 00028 (v01 A_M_I_ OEMBOOT  02000812 MSFT 00000097)
Jul  3 12:55:29 ORION kernel: [    0.000000] ACPI: ECDT bffa0620 00054 (v01 A_M_I_ OEMECDT  02000812 MSFT 00000097)
Jul  3 12:55:29 ORION kernel: [    0.000000] ACPI: OEMB bffae040 00060 (v01 A_M_I_ AMI_OEM  02000812 MSFT 00000097)
Jul  3 12:55:29 ORION kernel: [    0.000000] ACPI: HPET bffab9d0 00038 (v01 A_M_I_ OEMHPET  02000812 MSFT 00000097)
Jul  3 12:55:29 ORION kernel: [    0.000000] ACPI: TCPA bffaba10 00032 (v02 A_M_I_ TBLOEMID 00000001 MSFT 00000097)
Jul  3 12:55:29 ORION kernel: [    0.000000] ACPI: ATKG bffc15d0 08024 (v01 A_M_I_  OEMATKG 05000702 MSFT 00000097)
Jul  3 12:55:29 ORION kernel: [    0.000000] ACPI: SSDT bffca110 004E6 (v01  PmRef    CpuPm 00003000 INTL 20051117)
Jul  3 12:55:29 ORION kernel: [    0.000000] 2183MB HIGHMEM available.
Jul  3 12:55:29 ORION kernel: [    0.000000] 887MB LOWMEM available.
Jul  3 12:55:29 ORION kernel: [    0.000000]   mapped low ram: 0 - 377fe000
Jul  3 12:55:29 ORION kernel: [    0.000000]   low ram: 0 - 377fe000
Jul  3 12:55:29 ORION kernel: [    0.000000]   node 0 low ram: 00000000 - 377fe000
Jul  3 12:55:29 ORION kernel: [    0.000000]   node 0 bootmap 00011000 - 00017f00
Jul  3 12:55:29 ORION kernel: [    0.000000] (9 early reservations) ==> bootmem [0000000000 - 00377fe000]
Jul  3 12:55:29 ORION kernel: [    0.000000]   #0 [0000000000 - 0000001000]   BIOS data page ==> [0000000000 - 0000001000]
Jul  3 12:55:29 ORION kernel: [    0.000000]   #1 [0000001000 - 0000002000]    EX TRAMPOLINE ==> [0000001000 - 0000002000]
Jul  3 12:55:29 ORION kernel: [    0.000000]   #2 [0000006000 - 0000007000]       TRAMPOLINE ==> [0000006000 - 0000007000]
Jul  3 12:55:29 ORION kernel: [    0.000000]   #3 [0000100000 - 00008dbeb8]    TEXT DATA BSS ==> [0000100000 - 00008dbeb8]
Jul  3 12:55:29 ORION kernel: [    0.000000]   #4 [000009fc00 - 0000100000]    BIOS reserved ==> [000009fc00 - 0000100000]
Jul  3 12:55:29 ORION kernel: [    0.000000]   #5 [00008dc000 - 00008df204]              BRK ==> [00008dc000 - 00008df204]
Jul  3 12:55:29 ORION kernel: [    0.000000]   #6 [0000010000 - 0000011000]          PGTABLE ==> [0000010000 - 0000011000]
Jul  3 12:55:29 ORION kernel: [    0.000000]   #7 [00008e0000 - 0001079084]      NEW RAMDISK ==> [00008e0000 - 0001079084]
Jul  3 12:55:29 ORION kernel: [    0.000000]   #8 [0000011000 - 0000018000]          BOOTMAP ==> [0000011000 - 0000018000]
Jul  3 12:55:29 ORION kernel: [    0.000000] found SMP MP-table at [c00ff780] ff780
Jul  3 12:55:29 ORION kernel: [    0.000000] Zone PFN ranges:
Jul  3 12:55:29 ORION kernel: [    0.000000]   DMA      0x00000010 -> 0x00001000
Jul  3 12:55:29 ORION kernel: [    0.000000]   Normal   0x00001000 -> 0x000377fe
Jul  3 12:55:29 ORION kernel: [    0.000000]   HighMem  0x000377fe -> 0x000bffa0
Jul  3 12:55:29 ORION kernel: [    0.000000] Movable zone start PFN for each node
Jul  3 12:55:29 ORION kernel: [    0.000000] early_node_map[2] active PFN ranges
Jul  3 12:55:29 ORION kernel: [    0.000000]     0: 0x00000010 -> 0x0000009f
Jul  3 12:55:29 ORION kernel: [    0.000000]     0: 0x00000100 -> 0x000bffa0
Jul  3 12:55:29 ORION kernel: [    0.000000] Using APIC driver default
Jul  3 12:55:29 ORION kernel: [    0.000000] ACPI: PM-Timer IO Port: 0x808
Jul  3 12:55:29 ORION kernel: [    0.000000] ACPI: LAPIC (acpi_id[0x01] lapic_id[0x00] enabled)
Jul  3 12:55:29 ORION kernel: [    0.000000] ACPI: LAPIC (acpi_id[0x02] lapic_id[0x01] enabled)
Jul  3 12:55:29 ORION kernel: [    0.000000] ACPI: IOAPIC (id[0x02] address[0xfec00000] gsi_base[0])
Jul  3 12:55:29 ORION kernel: [    0.000000] IOAPIC[0]: apic_id 2, version 32, address 0xfec00000, GSI 0-23
Jul  3 12:55:29 ORION kernel: [    0.000000] ACPI: INT_SRC_OVR (bus 0 bus_irq 0 global_irq 2 dfl dfl)
Jul  3 12:55:29 ORION kernel: [    0.000000] ACPI: INT_SRC_OVR (bus 0 bus_irq 9 global_irq 9 high level)
Jul  3 12:55:29 ORION kernel: [    0.000000] Using ACPI (MADT) for SMP configuration information
Jul  3 12:55:29 ORION kernel: [    0.000000] ACPI: HPET id: 0x8086a201 base: 0xfed00000
Jul  3 12:55:29 ORION kernel: [    0.000000] SMP: Allowing 2 CPUs, 0 hotplug CPUs
Jul  3 12:55:29 ORION kernel: [    0.000000] PM: Registered nosave memory: 000000000009f000 - 00000000000a0000
Jul  3 12:55:29 ORION kernel: [    0.000000] PM: Registered nosave memory: 00000000000a0000 - 00000000000e3000
Jul  3 12:55:29 ORION kernel: [    0.000000] PM: Registered nosave memory: 00000000000e3000 - 0000000000100000
Jul  3 12:55:29 ORION kernel: [    0.000000] Allocating PCI resources starting at c0000000 (gap: c0000000:3ee00000)
Jul  3 12:55:29 ORION kernel: [    0.000000] Booting paravirtualized kernel on bare hardware
Jul  3 12:55:29 ORION kernel: [    0.000000] NR_CPUS:8 nr_cpumask_bits:8 nr_cpu_ids:2 nr_node_ids:1
Jul  3 12:55:29 ORION kernel: [    0.000000] PERCPU: Embedded 14 pages/cpu @c2c00000 s36056 r0 d21288 u2097152
Jul  3 12:55:29 ORION kernel: [    0.000000] pcpu-alloc: s36056 r0 d21288 u2097152 alloc=1*4194304
Jul  3 12:55:29 ORION kernel: [    0.000000] pcpu-alloc: [0] 0 1 
Jul  3 12:55:29 ORION kernel: [    0.000000] Built 1 zonelists in Zone order, mobility grouping on.  Total pages: 780079
Jul  3 12:55:29 ORION kernel: [    0.000000] Kernel command line: BOOT_IMAGE=/boot/vmlinuz-2.6.32-23-generic root=UUID=ddbd7fa8-5b26-4b25-b119-6320895c3885 ro single
Jul  3 12:55:29 ORION kernel: [    0.000000] PID hash table entries: 4096 (order: 2, 16384 bytes)
Jul  3 12:55:29 ORION kernel: [    0.000000] Dentry cache hash table entries: 131072 (order: 7, 524288 bytes)
Jul  3 12:55:29 ORION kernel: [    0.000000] Inode-cache hash table entries: 65536 (order: 6, 262144 bytes)
Jul  3 12:55:29 ORION kernel: [    0.000000] Enabling fast FPU save and restore... done.
Jul  3 12:55:29 ORION kernel: [    0.000000] Enabling unmasked SIMD FPU exception support... done.
Jul  3 12:55:29 ORION kernel: [    0.000000] Initializing CPU#0
Jul  3 12:55:29 ORION kernel: [    0.000000] allocated 15726400 bytes of page_cgroup
Jul  3 12:55:29 ORION kernel: [    0.000000] please try 'cgroup_disable=memory' option if you don't want memory cgroups
Jul  3 12:55:29 ORION kernel: [    0.000000] Initializing HighMem for node 0 (000377fe:000bffa0)
Jul  3 12:55:29 ORION kernel: [    0.000000] Memory: 3087100k/3145344k available (4676k kernel code, 56780k reserved, 2118k data, 660k init, 2236040k highmem)
Jul  3 12:55:29 ORION kernel: [    0.000000] virtual kernel memory layout:
Jul  3 12:55:29 ORION kernel: [    0.000000]     fixmap  : 0xfff1d000 - 0xfffff000   ( 904 kB)
Jul  3 12:55:29 ORION kernel: [    0.000000]     pkmap   : 0xff800000 - 0xffc00000   (4096 kB)
Jul  3 12:55:29 ORION kernel: [    0.000000]     vmalloc : 0xf7ffe000 - 0xff7fe000   ( 120 MB)
Jul  3 12:55:29 ORION kernel: [    0.000000]     lowmem  : 0xc0000000 - 0xf77fe000   ( 887 MB)
Jul  3 12:55:29 ORION kernel: [    0.000000]       .init : 0xc07a3000 - 0xc0848000   ( 660 kB)
Jul  3 12:55:29 ORION kernel: [    0.000000]       .data : 0xc0591293 - 0xc07a2e88   (2118 kB)
Jul  3 12:55:29 ORION kernel: [    0.000000]       .text : 0xc0100000 - 0xc0591293   (4676 kB)
Jul  3 12:55:29 ORION kernel: [    0.000000] Checking if this processor honours the WP bit even in supervisor mode...Ok.
Jul  3 12:55:29 ORION kernel: [    0.000000] SLUB: Genslabs=13, HWalign=64, Order=0-3, MinObjects=0, CPUs=2, Nodes=1
Jul  3 12:55:29 ORION kernel: [    0.000000] Hierarchical RCU implementation.
Jul  3 12:55:29 ORION kernel: [    0.000000] NR_IRQS:2304 nr_irqs:424
Jul  3 12:55:29 ORION kernel: [    0.000000] Extended CMOS year: 2000
Jul  3 12:55:29 ORION kernel: [    0.000000] Console: colour VGA+ 80x25
Jul  3 12:55:29 ORION kernel: [    0.000000] console [tty0] enabled
Jul  3 12:55:29 ORION kernel: [    0.000000] HPET: 3 timers in total, 0 timers will be used for per-cpu timer
Jul  3 12:55:29 ORION kernel: [    0.000000] Fast TSC calibration using PIT
Jul  3 12:55:29 ORION kernel: [    0.000000] Detected 2095.002 MHz processor.
Jul  3 12:55:29 ORION kernel: [    0.004005] Calibrating delay loop (skipped), value calculated using timer frequency.. 4190.00 BogoMIPS (lpj=8380008)
Jul  3 12:55:29 ORION kernel: [    0.004115] Security Framework initialized
Jul  3 12:55:29 ORION kernel: [    0.004179] AppArmor: AppArmor initialized
Jul  3 12:55:29 ORION kernel: [    0.004231] Mount-cache hash table entries: 512
Jul  3 12:55:29 ORION kernel: [    0.004396] Initializing cgroup subsys ns
Jul  3 12:55:29 ORION kernel: [    0.004446] Initializing cgroup subsys cpuacct
Jul  3 12:55:29 ORION kernel: [    0.004495] Initializing cgroup subsys memory
Jul  3 12:55:29 ORION kernel: [    0.004547] Initializing cgroup subsys devices
Jul  3 12:55:29 ORION kernel: [    0.004595] Initializing cgroup subsys freezer
Jul  3 12:55:29 ORION kernel: [    0.004643] Initializing cgroup subsys net_cls
Jul  3 12:55:29 ORION kernel: [    0.004707] CPU: L1 I cache: 32K, L1 D cache: 32K
Jul  3 12:55:29 ORION kernel: [    0.004787] CPU: L2 cache: 3072K
Jul  3 12:55:29 ORION kernel: [    0.004834] CPU: Physical Processor ID: 0
Jul  3 12:55:29 ORION kernel: [    0.004881] CPU: Processor Core ID: 0
Jul  3 12:55:29 ORION kernel: [    0.004929] mce: CPU supports 6 MCE banks
Jul  3 12:55:29 ORION kernel: [    0.004985] using mwait in idle threads.
Jul  3 12:55:29 ORION kernel: [    0.005037] Performance Events: Core2 events, Intel PMU driver.
Jul  3 12:55:29 ORION kernel: [    0.005155] ... version:                2
Jul  3 12:55:29 ORION kernel: [    0.005201] ... bit width:              40
Jul  3 12:55:29 ORION kernel: [    0.005249] ... generic registers:      2
Jul  3 12:55:29 ORION kernel: [    0.005296] ... value mask:             000000ffffffffff
Jul  3 12:55:29 ORION kernel: [    0.008004] ... max period:             000000007fffffff
Jul  3 12:55:29 ORION kernel: [    0.008053] ... fixed-purpose events:   3
Jul  3 12:55:29 ORION kernel: [    0.008099] ... event mask:             0000000700000003
Jul  3 12:55:29 ORION kernel: [    0.008150] Checking 'hlt' instruction... OK.
Jul  3 12:55:29 ORION kernel: [    0.026815] ACPI: Core revision 20090903
Jul  3 12:55:29 ORION kernel: [    0.044008] ftrace: converting mcount calls to 0f 1f 44 00 00
Jul  3 12:55:29 ORION kernel: [    0.044060] ftrace: allocating 21776 entries in 43 pages
Jul  3 12:55:29 ORION kernel: [    0.048049] Enabling APIC mode:  Flat.  Using 1 I/O APICs
Jul  3 12:55:29 ORION kernel: [    0.048409] ..TIMER: vector=0x30 apic1=0 pin1=2 apic2=-1 pin2=-1
Jul  3 12:55:29 ORION kernel: [    0.090996] CPU0: Intel(R) Core(TM)2 Duo CPU     T8100  @ 2.10GHz stepping 06
Jul  3 12:55:29 ORION kernel: [    0.092001] Booting processor 1 APIC 0x1 ip 0x6000
Jul  3 12:55:29 ORION kernel: [    0.008000] Initializing CPU#1
Jul  3 12:55:29 ORION kernel: [    0.008000] CPU: L1 I cache: 32K, L1 D cache: 32K
Jul  3 12:55:29 ORION kernel: [    0.008000] CPU: L2 cache: 3072K
Jul  3 12:55:29 ORION kernel: [    0.008000] CPU: Physical Processor ID: 0
Jul  3 12:55:29 ORION kernel: [    0.008000] CPU: Processor Core ID: 1
Jul  3 12:55:29 ORION kernel: [    0.176079] CPU1: Intel(R) Core(TM)2 Duo CPU     T8100  @ 2.10GHz stepping 06
Jul  3 12:55:29 ORION kernel: [    0.177730] checking TSC synchronization [CPU#0 -> CPU#1]: passed.
Jul  3 12:55:29 ORION kernel: [    0.180017] Brought up 2 CPUs
Jul  3 12:55:29 ORION kernel: [    0.180065] Total of 2 processors activated (8379.45 BogoMIPS).
Jul  3 12:55:29 ORION kernel: [    0.180845] devtmpfs: initialized
Jul  3 12:55:29 ORION kernel: [    0.180845] regulator: core version 0.5
Jul  3 12:55:29 ORION kernel: [    0.180845] Time: 12:55:14  Date: 07/03/10
Jul  3 12:55:29 ORION kernel: [    0.180845] NET: Registered protocol family 16
Jul  3 12:55:29 ORION kernel: [    0.180845] Trying to unpack rootfs image as initramfs...
Jul  3 12:55:29 ORION kernel: [    0.180845] EISA bus registered
Jul  3 12:55:29 ORION kernel: [    0.180845] ACPI FADT declares the system doesn't support PCIe ASPM, so disable it
Jul  3 12:55:29 ORION kernel: [    0.180845] ACPI: bus type pci registered
Jul  3 12:55:29 ORION kernel: [    0.180845] PCI: MCFG configuration 0: base c0000000 segment 0 buses 0 - 255
Jul  3 12:55:29 ORION kernel: [    0.180845] PCI: Not using MMCONFIG.
Jul  3 12:55:29 ORION kernel: [    0.180845] PCI: PCI BIOS revision 3.00 entry at 0xf0031, last bus=9
Jul  3 12:55:29 ORION kernel: [    0.180845] PCI: Using configuration type 1 for base access
Jul  3 12:55:29 ORION kernel: [    0.196267] bio: create slab <bio-0> at 0
Jul  3 12:55:29 ORION kernel: [    0.197548] ACPI: EC: EC description table is found, configuring boot EC
Jul  3 12:55:29 ORION kernel: [    0.201290] ACPI: Executed 1 blocks of module-level executable AML code
Jul  3 12:55:29 ORION kernel: [    0.209693] ACPI: Interpreter enabled
Jul  3 12:55:29 ORION kernel: [    0.209761] ACPI: (supports S0 S3 S4 S5)
Jul  3 12:55:29 ORION kernel: [    0.209957] ACPI: Using IOAPIC for interrupt routing
Jul  3 12:55:29 ORION kernel: [    0.211365] PCI: MCFG configuration 0: base c0000000 segment 0 buses 0 - 255
Jul  3 12:55:29 ORION kernel: [    0.214817] PCI: MCFG area at c0000000 reserved in ACPI motherboard resources
Jul  3 12:55:29 ORION kernel: [    0.214869] PCI: Using MMCONFIG for extended config space
Jul  3 12:55:29 ORION kernel: [    0.223385] ACPI: EC: GPE = 0x1c, I/O: command/status = 0x66, data = 0x62
Jul  3 12:55:29 ORION kernel: [    0.226543] ACPI Warning: Incorrect checksum in table [ATKG] - 51, should be 59 (20090903/tbutils-314)
Jul  3 12:55:29 ORION kernel: [    0.226917] ACPI: No dock devices found.
Jul  3 12:55:29 ORION kernel: [    0.227446] ACPI: PCI Root Bridge [PCI0] (0000:00)
Jul  3 12:55:29 ORION kernel: [    0.227610] pci 0000:00:01.0: PME# supported from D0 D3hot D3cold
Jul  3 12:55:29 ORION kernel: [    0.227661] pci 0000:00:01.0: PME# disabled
Jul  3 12:55:29 ORION kernel: [    0.227937] pci 0000:00:1a.7: PME# supported from D0 D3hot D3cold
Jul  3 12:55:29 ORION kernel: [    0.227989] pci 0000:00:1a.7: PME# disabled
Jul  3 12:55:29 ORION kernel: [    0.228089] pci 0000:00:1b.0: PME# supported from D0 D3hot D3cold
Jul  3 12:55:29 ORION kernel: [    0.228142] pci 0000:00:1b.0: PME# disabled
Jul  3 12:55:29 ORION kernel: [    0.228253] pci 0000:00:1c.0: PME# supported from D0 D3hot D3cold
Jul  3 12:55:29 ORION kernel: [    0.228305] pci 0000:00:1c.0: PME# disabled
Jul  3 12:55:29 ORION kernel: [    0.228417] pci 0000:00:1c.1: PME# supported from D0 D3hot D3cold
Jul  3 12:55:29 ORION kernel: [    0.228470] pci 0000:00:1c.1: PME# disabled
Jul  3 12:55:29 ORION kernel: [    0.228583] pci 0000:00:1c.2: PME# supported from D0 D3hot D3cold
Jul  3 12:55:29 ORION kernel: [    0.228635] pci 0000:00:1c.2: PME# disabled
Jul  3 12:55:29 ORION kernel: [    0.228748] pci 0000:00:1c.3: PME# supported from D0 D3hot D3cold
Jul  3 12:55:29 ORION kernel: [    0.228799] pci 0000:00:1c.3: PME# disabled
Jul  3 12:55:29 ORION kernel: [    0.228914] pci 0000:00:1c.4: PME# supported from D0 D3hot D3cold
Jul  3 12:55:29 ORION kernel: [    0.228966] pci 0000:00:1c.4: PME# disabled
Jul  3 12:55:29 ORION kernel: [    0.229082] pci 0000:00:1c.5: PME# supported from D0 D3hot D3cold
Jul  3 12:55:29 ORION kernel: [    0.229133] pci 0000:00:1c.5: PME# disabled
Jul  3 12:55:29 ORION kernel: [    0.229441] pci 0000:00:1d.7: PME# supported from D0 D3hot D3cold
Jul  3 12:55:29 ORION kernel: [    0.229494] pci 0000:00:1d.7: PME# disabled
Jul  3 12:55:29 ORION kernel: [    0.229670] pci 0000:00:1f.0: quirk: region 0800-087f claimed by ICH6 ACPI/GPIO/TCO
Jul  3 12:55:29 ORION kernel: [    0.229734] pci 0000:00:1f.0: quirk: region 0500-053f claimed by ICH6 GPIO
Jul  3 12:55:29 ORION kernel: [    0.229789] pci 0000:00:1f.0: ICH7 LPC Generic IO decode 3 PIO at 0250 (mask 000f)
Jul  3 12:55:29 ORION kernel: [    0.229852] pci 0000:00:1f.0: ICH7 LPC Generic IO decode 4 PIO at 4700 (mask 001f)
Jul  3 12:55:29 ORION kernel: [    0.230075] pci 0000:00:1f.2: PME# supported from D3hot
Jul  3 12:55:29 ORION kernel: [    0.230125] pci 0000:00:1f.2: PME# disabled
Jul  3 12:55:29 ORION kernel: [    0.230449] pci 0000:02:00.0: PME# supported from D3hot D3cold
Jul  3 12:55:29 ORION kernel: [    0.230502] pci 0000:02:00.0: PME# disabled
Jul  3 12:55:29 ORION kernel: [    0.230781] pci 0000:03:00.0: PME# supported from D0 D3hot D3cold
Jul  3 12:55:29 ORION kernel: [    0.230836] pci 0000:03:00.0: PME# disabled
Jul  3 12:55:29 ORION kernel: [    0.231372] pci 0000:09:01.0: PME# supported from D0 D3hot D3cold
Jul  3 12:55:29 ORION kernel: [    0.231424] pci 0000:09:01.0: PME# disabled
Jul  3 12:55:29 ORION kernel: [    0.231555] pci 0000:09:01.1: PME# supported from D0 D1 D2 D3hot D3cold
Jul  3 12:55:29 ORION kernel: [    0.231610] pci 0000:09:01.1: PME# disabled
Jul  3 12:55:29 ORION kernel: [    0.231740] pci 0000:09:01.2: PME# supported from D0 D1 D2 D3hot D3cold
Jul  3 12:55:29 ORION kernel: [    0.231793] pci 0000:09:01.2: PME# disabled
Jul  3 12:55:29 ORION kernel: [    0.231925] pci 0000:09:01.3: PME# supported from D0 D1 D2 D3hot D3cold
Jul  3 12:55:29 ORION kernel: [    0.232005] pci 0000:09:01.3: PME# disabled
Jul  3 12:55:29 ORION kernel: [    0.232103] pci 0000:00:1e.0: transparent bridge
Jul  3 12:55:29 ORION kernel: [    0.252349] ACPI: PCI Interrupt Link [LNKA] (IRQs 3 4 5 6 7 *10 11 12)
Jul  3 12:55:29 ORION kernel: [    0.252858] ACPI: PCI Interrupt Link [LNKB] (IRQs 3 4 *5 6 7 10 12)
Jul  3 12:55:29 ORION kernel: [    0.253328] ACPI: PCI Interrupt Link [LNKC] (IRQs *3 4 5 6 7 10 12)
Jul  3 12:55:29 ORION kernel: [    0.253797] ACPI: PCI Interrupt Link [LNKD] (IRQs 3 4 5 6 *7 10 12)
Jul  3 12:55:29 ORION kernel: [    0.254267] ACPI: PCI Interrupt Link [LNKE] (IRQs *6)
Jul  3 12:55:29 ORION kernel: [    0.254542] ACPI: PCI Interrupt Link [LNKF] (IRQs 3 *4 5 6 7 10 12)
Jul  3 12:55:29 ORION kernel: [    0.255011] ACPI: PCI Interrupt Link [LNKG] (IRQs 3 4 5 6 7 *10 12)
Jul  3 12:55:29 ORION kernel: [    0.255480] ACPI: PCI Interrupt Link [LNKH] (IRQs 3 4 *5 6 7 10 12)
Jul  3 12:55:29 ORION kernel: [    0.255950] vgaarb: device added: PCI:0000:01:00.0,decodes=io+mem,owns=io+mem,locks=none
Jul  3 12:55:29 ORION kernel: [    0.256009] vgaarb: loaded
Jul  3 12:55:29 ORION kernel: [    0.256174] SCSI subsystem initialized
Jul  3 12:55:29 ORION kernel: [    0.256373] usbcore: registered new interface driver usbfs
Jul  3 12:55:29 ORION kernel: [    0.256437] usbcore: registered new interface driver hub
Jul  3 12:55:29 ORION kernel: [    0.256510] usbcore: registered new device driver usb
Jul  3 12:55:29 ORION kernel: [    0.256686] ACPI: WMI: Mapper loaded
Jul  3 12:55:29 ORION kernel: [    0.256733] PCI: Using ACPI for IRQ routing
Jul  3 12:55:29 ORION kernel: [    0.256998] NetLabel: Initializing
Jul  3 12:55:29 ORION kernel: [    0.257045] NetLabel:  domain hash size = 128
Jul  3 12:55:29 ORION kernel: [    0.257093] NetLabel:  protocols = UNLABELED CIPSOv4
Jul  3 12:55:29 ORION kernel: [    0.257154] NetLabel:  unlabeled traffic allowed by default
Jul  3 12:55:29 ORION kernel: [    0.257232] hpet0: at MMIO 0xfed00000, IRQs 2, 8, 0
Jul  3 12:55:29 ORION kernel: [    0.257409] hpet0: 3 comparators, 64-bit 14.318180 MHz counter
Jul  3 12:55:29 ORION kernel: [    0.260067] Switching to clocksource tsc
Jul  3 12:55:29 ORION kernel: [    0.262022] AppArmor: AppArmor Filesystem Enabled
Jul  3 12:55:29 ORION kernel: [    0.262081] pnp: PnP ACPI init
Jul  3 12:55:29 ORION kernel: [    0.262137] ACPI: bus type pnp registered
Jul  3 12:55:29 ORION kernel: [    0.264622] pnp: PnP ACPI: found 14 devices
Jul  3 12:55:29 ORION kernel: [    0.264670] ACPI: ACPI bus type pnp unregistered
Jul  3 12:55:29 ORION kernel: [    0.264720] PnPBIOS: Disabled by ACPI PNP
Jul  3 12:55:29 ORION kernel: [    0.264776] system 00:01: iomem range 0xfed14000-0xfed19fff has been reserved
Jul  3 12:55:29 ORION kernel: [    0.264835] system 00:08: ioport range 0x4d0-0x4d1 has been reserved
Jul  3 12:55:29 ORION kernel: [    0.264888] system 00:08: ioport range 0x800-0x87f has been reserved
Jul  3 12:55:29 ORION kernel: [    0.264939] system 00:08: ioport range 0x400-0x41f has been reserved
Jul  3 12:55:29 ORION kernel: [    0.264990] system 00:08: ioport range 0x500-0x53f has been reserved
Jul  3 12:55:29 ORION kernel: [    0.265041] system 00:08: iomem range 0xfed1c000-0xfed1ffff has been reserved
Jul  3 12:55:29 ORION kernel: [    0.265092] system 00:08: iomem range 0xfed20000-0xfed3ffff has been reserved
Jul  3 12:55:29 ORION kernel: [    0.265144] system 00:08: iomem range 0xfed45000-0xfed89fff has been reserved
Jul  3 12:55:29 ORION kernel: [    0.265196] system 00:08: iomem range 0xffb00000-0xffbfffff has been reserved
Jul  3 12:55:29 ORION kernel: [    0.265249] system 00:08: iomem range 0xfff00000-0xffffffff has been reserved
Jul  3 12:55:29 ORION kernel: [    0.265304] system 00:0a: ioport range 0x250-0x253 has been reserved
Jul  3 12:55:29 ORION kernel: [    0.265355] system 00:0a: ioport range 0x256-0x25f has been reserved
Jul  3 12:55:29 ORION kernel: [    0.265405] system 00:0a: iomem range 0xfec00000-0xfec00fff could not be reserved
Jul  3 12:55:29 ORION kernel: [    0.265467] system 00:0a: iomem range 0xfee00000-0xfee00fff has been reserved
Jul  3 12:55:29 ORION kernel: [    0.265523] system 00:0c: iomem range 0xc0000000-0xcfffffff has been reserved
Jul  3 12:55:29 ORION kernel: [    0.265577] system 00:0d: iomem range 0x0-0x9ffff could not be reserved
Jul  3 12:55:29 ORION kernel: [    0.265628] system 00:0d: iomem range 0xc0000-0xcffff could not be reserved
Jul  3 12:55:29 ORION kernel: [    0.265679] system 00:0d: iomem range 0xe0000-0xfffff could not be reserved
Jul  3 12:55:29 ORION kernel: [    0.265731] system 00:0d: iomem range 0x100000-0xbfffffff could not be reserved
Jul  3 12:55:29 ORION kernel: [    0.300544] pci 0000:00:01.0: PCI bridge, secondary bus 0000:01
Jul  3 12:55:29 ORION kernel: [    0.300598] pci 0000:00:01.0:   IO window: 0xa000-0xafff
Jul  3 12:55:29 ORION kernel: [    0.300650] pci 0000:00:01.0:   MEM window: 0xf7e00000-0xfdefffff
Jul  3 12:55:29 ORION kernel: [    0.300701] pci 0000:00:01.0:   PREFETCH window: 0x000000d5d00000-0x000000f5cfffff
Jul  3 12:55:29 ORION kernel: [    0.300765] pci 0000:00:1c.0: PCI bridge, secondary bus 0000:02
Jul  3 12:55:29 ORION kernel: [    0.300815] pci 0000:00:1c.0:   IO window: disabled
Jul  3 12:55:29 ORION kernel: [    0.300868] pci 0000:00:1c.0:   MEM window: 0xfdf00000-0xfdffffff
Jul  3 12:55:29 ORION kernel: [    0.300919] pci 0000:00:1c.0:   PREFETCH window: disabled
Jul  3 12:55:29 ORION kernel: [    0.300972] pci 0000:00:1c.1: PCI bridge, secondary bus 0000:03
Jul  3 12:55:29 ORION kernel: [    0.301022] pci 0000:00:1c.1:   IO window: disabled
Jul  3 12:55:29 ORION kernel: [    0.301073] pci 0000:00:1c.1:   MEM window: 0xfe000000-0xfe0fffff
Jul  3 12:55:29 ORION kernel: [    0.301126] pci 0000:00:1c.1:   PREFETCH window: disabled
Jul  3 12:55:29 ORION kernel: [    0.301178] pci 0000:00:1c.2: PCI bridge, secondary bus 0000:04
Jul  3 12:55:29 ORION kernel: [    0.301228] pci 0000:00:1c.2:   IO window: disabled
Jul  3 12:55:29 ORION kernel: [    0.301279] pci 0000:00:1c.2:   MEM window: disabled
Jul  3 12:55:29 ORION kernel: [    0.301329] pci 0000:00:1c.2:   PREFETCH window: disabled
Jul  3 12:55:29 ORION kernel: [    0.301382] pci 0000:00:1c.3: PCI bridge, secondary bus 0000:05
Jul  3 12:55:29 ORION kernel: [    0.301435] pci 0000:00:1c.3:   IO window: 0xb000-0xbfff
Jul  3 12:55:29 ORION kernel: [    0.301490] pci 0000:00:1c.3:   MEM window: 0xfe100000-0xfe1fffff
Jul  3 12:55:29 ORION kernel: [    0.301542] pci 0000:00:1c.3:   PREFETCH window: disabled
Jul  3 12:55:29 ORION kernel: [    0.301595] pci 0000:00:1c.4: PCI bridge, secondary bus 0000:06
Jul  3 12:55:29 ORION kernel: [    0.301646] pci 0000:00:1c.4:   IO window: 0xc000-0xcfff
Jul  3 12:55:29 ORION kernel: [    0.301697] pci 0000:00:1c.4:   MEM window: 0xfe200000-0xfe9fffff
Jul  3 12:55:29 ORION kernel: [    0.301750] pci 0000:00:1c.4:   PREFETCH window: 0x000000f5d00000-0x000000f7cfffff
Jul  3 12:55:29 ORION kernel: [    0.301832] pci 0000:00:1c.5: PCI bridge, secondary bus 0000:08
Jul  3 12:55:29 ORION kernel: [    0.301883] pci 0000:00:1c.5:   IO window: 0x1000-0x1fff
Jul  3 12:55:29 ORION kernel: [    0.301935] pci 0000:00:1c.5:   MEM window: 0xd0000000-0xd01fffff
Jul  3 12:55:29 ORION kernel: [    0.301989] pci 0000:00:1c.5:   PREFETCH window: 0x000000d0200000-0x000000d03fffff
Jul  3 12:55:29 ORION kernel: [    0.302055] pci 0000:00:1e.0: PCI bridge, secondary bus 0000:09
Jul  3 12:55:29 ORION kernel: [    0.302104] pci 0000:00:1e.0:   IO window: disabled
Jul  3 12:55:29 ORION kernel: [    0.302155] pci 0000:00:1e.0:   MEM window: 0xfea00000-0xfeafffff
Jul  3 12:55:29 ORION kernel: [    0.302207] pci 0000:00:1e.0:   PREFETCH window: disabled
Jul  3 12:55:29 ORION kernel: [    0.302286] pci 0000:00:01.0: PCI INT A -> GSI 16 (level, low) -> IRQ 16
Jul  3 12:55:29 ORION kernel: [    0.302347] pci 0000:00:1c.0: PCI INT A -> GSI 16 (level, low) -> IRQ 16
Jul  3 12:55:29 ORION kernel: [    0.302413] pci 0000:00:1c.1: PCI INT B -> GSI 17 (level, low) -> IRQ 17
Jul  3 12:55:29 ORION kernel: [    0.302479] pci 0000:00:1c.2: PCI INT C -> GSI 18 (level, low) -> IRQ 18
Jul  3 12:55:29 ORION kernel: [    0.302545] pci 0000:00:1c.3: PCI INT D -> GSI 19 (level, low) -> IRQ 19
Jul  3 12:55:29 ORION kernel: [    0.302608] pci 0000:00:1c.4: PCI INT A -> GSI 16 (level, low) -> IRQ 16
Jul  3 12:55:29 ORION kernel: [    0.302668] pci 0000:00:1c.5: enabling device (0104 -> 0107)
Jul  3 12:55:29 ORION kernel: [    0.302719] pci 0000:00:1c.5: PCI INT B -> GSI 17 (level, low) -> IRQ 17
Jul  3 12:55:29 ORION kernel: [    0.302866] NET: Registered protocol family 2
Jul  3 12:55:29 ORION kernel: [    0.303012] IP route cache hash table entries: 32768 (order: 5, 131072 bytes)
Jul  3 12:55:29 ORION kernel: [    0.303389] TCP established hash table entries: 131072 (order: 8, 1048576 bytes)
Jul  3 12:55:29 ORION kernel: [    0.303932] TCP bind hash table entries: 65536 (order: 7, 524288 bytes)
Jul  3 12:55:29 ORION kernel: [    0.304218] TCP: Hash tables configured (established 131072 bind 65536)
Jul  3 12:55:29 ORION kernel: [    0.304269] TCP reno registered
Jul  3 12:55:29 ORION kernel: [    0.304390] NET: Registered protocol family 1
Jul  3 12:55:29 ORION kernel: [    0.345906] Simple Boot Flag at 0x52 set to 0x1
Jul  3 12:55:29 ORION kernel: [    0.346109] cpufreq-nforce2: No nForce2 chipset.
Jul  3 12:55:29 ORION kernel: [    0.346181] Scanning for low memory corruption every 60 seconds
Jul  3 12:55:29 ORION kernel: [    0.346326] audit: initializing netlink socket (disabled)
Jul  3 12:55:29 ORION kernel: [    0.347718] type=2000 audit(1278161714.345:1): initialized
Jul  3 12:55:29 ORION kernel: [    0.357390] highmem bounce pool size: 64 pages
Jul  3 12:55:29 ORION kernel: [    0.357442] HugeTLB registered 4 MB page size, pre-allocated 0 pages
Jul  3 12:55:29 ORION kernel: [    0.358966] VFS: Disk quotas dquot_6.5.2
Jul  3 12:55:29 ORION kernel: [    0.359070] Dquot-cache hash table entries: 1024 (order 0, 4096 bytes)
Jul  3 12:55:29 ORION kernel: [    0.359662] fuse init (API version 7.13)
Jul  3 12:55:29 ORION kernel: [    0.359789] msgmni has been set to 1664
Jul  3 12:55:29 ORION kernel: [    0.360048] alg: No test for stdrng (krng)
Jul  3 12:55:29 ORION kernel: [    0.360145] Block layer SCSI generic (bsg) driver version 0.4 loaded (major 253)
Jul  3 12:55:29 ORION kernel: [    0.360208] io scheduler noop registered
Jul  3 12:55:29 ORION kernel: [    0.360256] io scheduler anticipatory registered
Jul  3 12:55:29 ORION kernel: [    0.360304] io scheduler deadline registered
Jul  3 12:55:29 ORION kernel: [    0.360388] io scheduler cfq registered (default)
Jul  3 12:55:29 ORION kernel: [    0.361427] pci_hotplug: PCI Hot Plug PCI Core version: 0.5
Jul  3 12:55:29 ORION kernel: [    0.361841] pciehp 0000:00:01.0:pcie04: HPC vendor_id 8086 device_id 2a01 ss_vid 0 ss_did 0
Jul  3 12:55:29 ORION kernel: [    0.361958] pciehp 0000:00:1c.4:pcie04: HPC vendor_id 8086 device_id 2847 ss_vid 0 ss_did 0
Jul  3 12:55:29 ORION kernel: [    0.362068] pciehp 0000:00:1c.5:pcie04: HPC vendor_id 8086 device_id 2849 ss_vid 0 ss_did 0
Jul  3 12:55:29 ORION kernel: [    0.362169] pciehp: PCI Express Hot Plug Controller Driver version: 0.4
Jul  3 12:55:29 ORION kernel: [    0.362355] ACPI: AC Adapter [AC0] (on-line)
Jul  3 12:55:29 ORION kernel: [    0.362475] input: Sleep Button as /devices/LNXSYSTM:00/LNXSYBUS:00/PNP0C0E:00/input/input0
Jul  3 12:55:29 ORION kernel: [    0.362543] ACPI: Sleep Button [SLPB]
Jul  3 12:55:29 ORION kernel: [    0.362630] input: Lid Switch as /devices/LNXSYSTM:00/LNXSYBUS:00/PNP0C0D:00/input/input1
Jul  3 12:55:29 ORION kernel: [    0.363994] ACPI: Lid Switch [LID]
Jul  3 12:55:29 ORION kernel: [    0.364088] input: Power Button as /devices/LNXSYSTM:00/LNXPWRBN:00/input/input2
Jul  3 12:55:29 ORION kernel: [    0.364149] ACPI: Power Button [PWRF]
Jul  3 12:55:29 ORION kernel: [    0.365031] ACPI: SSDT bffc96d0 00286 (v01  PmRef  Cpu0Ist 00003000 INTL 20051117)
Jul  3 12:55:29 ORION kernel: [    0.365821] ACPI: SSDT bffc99f0 00712 (v01  PmRef  Cpu0Cst 00003001 INTL 20051117)
Jul  3 12:55:29 ORION kernel: [    0.366928] Marking TSC unstable due to TSC halts in idle
Jul  3 12:55:29 ORION kernel: [    0.367020] processor LNXCPU:00: registered as cooling_device0
Jul  3 12:55:29 ORION kernel: [    0.367412] ACPI: SSDT bffc9600 000C8 (v01  PmRef  Cpu1Ist 00003000 INTL 20051117)
Jul  3 12:55:29 ORION kernel: [    0.367977] ACPI: SSDT bffc9960 00085 (v01  PmRef  Cpu1Cst 00003000 INTL 20051117)
Jul  3 12:55:29 ORION kernel: [    0.368493] Switching to clocksource hpet
Jul  3 12:55:29 ORION kernel: [    0.371851] processor LNXCPU:01: registered as cooling_device1
Jul  3 12:55:29 ORION kernel: [    0.376144] thermal LNXTHERM:01: registered as thermal_zone0
Jul  3 12:55:29 ORION kernel: [    0.376199] ACPI: Thermal Zone [THRM] (56 C)
Jul  3 12:55:29 ORION kernel: [    0.377672] Serial: 8250/16550 driver, 4 ports, IRQ sharing enabled
Jul  3 12:55:29 ORION kernel: [    0.379084] brd: module loaded
Jul  3 12:55:29 ORION kernel: [    0.379577] loop: module loaded
Jul  3 12:55:29 ORION kernel: [    0.379700] input: Macintosh mouse button emulation as /devices/virtual/input/input3
Jul  3 12:55:29 ORION kernel: [    0.379861] ata_piix 0000:00:1f.1: PCI INT A -> GSI 18 (level, low) -> IRQ 18
Jul  3 12:55:29 ORION kernel: [    0.380032] scsi0 : ata_piix
Jul  3 12:55:29 ORION kernel: [    0.380146] scsi1 : ata_piix
Jul  3 12:55:29 ORION kernel: [    0.380783] ata1: PATA max UDMA/100 cmd 0x1f0 ctl 0x3f6 bmdma 0xffa0 irq 14
Jul  3 12:55:29 ORION kernel: [    0.380835] ata2: PATA max UDMA/100 cmd 0x170 ctl 0x376 bmdma 0xffa8 irq 15
Jul  3 12:55:29 ORION kernel: [    0.380912] ata_piix 0000:00:1f.2: PCI INT B -> GSI 20 (level, low) -> IRQ 20
Jul  3 12:55:29 ORION kernel: [    0.380966] ata_piix 0000:00:1f.2: MAP [ P0 P2 P1 P3 ]
Jul  3 12:55:29 ORION kernel: [    0.381962] isapnp: Scanning for PnP cards...
Jul  3 12:55:29 ORION kernel: [    0.407730] Freeing initrd memory: 7780k freed
Jul  3 12:55:29 ORION kernel: [    0.451750] ACPI: Battery Slot [BAT0] (battery present)
Jul  3 12:55:29 ORION kernel: [    0.536096] scsi2 : ata_piix
Jul  3 12:55:29 ORION kernel: [    0.536205] scsi3 : ata_piix
Jul  3 12:55:29 ORION kernel: [    0.537264] ata3: SATA max UDMA/133 cmd 0xec00 ctl 0xe880 bmdma 0xe400 irq 20
Jul  3 12:55:29 ORION kernel: [    0.537318] ata4: SATA max UDMA/133 cmd 0xe800 ctl 0xe480 bmdma 0xe408 irq 20
Jul  3 12:55:29 ORION kernel: [    0.537708] Fixed MDIO Bus: probed
Jul  3 12:55:29 ORION kernel: [    0.537785] PPP generic driver version 2.4.2
Jul  3 12:55:29 ORION kernel: [    0.537897] tun: Universal TUN/TAP device driver, 1.6
Jul  3 12:55:29 ORION kernel: [    0.537945] tun: (C) 1999-2004 Max Krasnyansky <maxk@qualcomm.com>
Jul  3 12:55:29 ORION kernel: [    0.538086] ehci_hcd: USB 2.0 'Enhanced' Host Controller (EHCI) Driver
Jul  3 12:55:29 ORION kernel: [    0.538157] ehci_hcd 0000:00:1a.7: PCI INT C -> GSI 18 (level, low) -> IRQ 18
Jul  3 12:55:29 ORION kernel: [    0.538231] ehci_hcd 0000:00:1a.7: EHCI Host Controller
Jul  3 12:55:29 ORION kernel: [    0.538308] ehci_hcd 0000:00:1a.7: new USB bus registered, assigned bus number 1
Jul  3 12:55:29 ORION kernel: [    0.538397] ehci_hcd 0000:00:1a.7: debug port 1
Jul  3 12:55:29 ORION kernel: [    0.542359] ehci_hcd 0000:00:1a.7: irq 18, io mem 0xfebff400
Jul  3 12:55:29 ORION kernel: [    0.552312] ata1.00: ATAPI: HL-DT-ST DVDRAM GSA-T40N, JR03, max UDMA/33
Jul  3 12:55:29 ORION kernel: [    0.556013] ehci_hcd 0000:00:1a.7: USB 2.0 started, EHCI 1.00
Jul  3 12:55:29 ORION kernel: [    0.556154] usb usb1: configuration #1 chosen from 1 choice
Jul  3 12:55:29 ORION kernel: [    0.556228] hub 1-0:1.0: USB hub found
Jul  3 12:55:29 ORION kernel: [    0.556281] hub 1-0:1.0: 4 ports detected
Jul  3 12:55:29 ORION kernel: [    0.556384] ehci_hcd 0000:00:1d.7: PCI INT A -> GSI 23 (level, low) -> IRQ 23
Jul  3 12:55:29 ORION kernel: [    0.556445] ehci_hcd 0000:00:1d.7: EHCI Host Controller
Jul  3 12:55:29 ORION kernel: [    0.556527] ehci_hcd 0000:00:1d.7: new USB bus registered, assigned bus number 2
Jul  3 12:55:29 ORION kernel: [    0.556611] ehci_hcd 0000:00:1d.7: debug port 1
Jul  3 12:55:29 ORION kernel: [    0.560717] ehci_hcd 0000:00:1d.7: irq 23, io mem 0xfebff000
Jul  3 12:55:29 ORION kernel: [    0.568211] ata1.00: configured for UDMA/33
Jul  3 12:55:29 ORION kernel: [    0.576011] ehci_hcd 0000:00:1d.7: USB 2.0 started, EHCI 1.00
Jul  3 12:55:29 ORION kernel: [    0.576124] usb usb2: configuration #1 chosen from 1 choice
Jul  3 12:55:29 ORION kernel: [    0.576196] hub 2-0:1.0: USB hub found
Jul  3 12:55:29 ORION kernel: [    0.576247] hub 2-0:1.0: 6 ports detected
Jul  3 12:55:29 ORION kernel: [    0.576348] ohci_hcd: USB 1.1 'Open' Host Controller (OHCI) Driver
Jul  3 12:55:29 ORION kernel: [    0.576410] uhci_hcd: USB Universal Host Controller Interface driver
Jul  3 12:55:29 ORION kernel: [    0.576497] uhci_hcd 0000:00:1a.0: PCI INT A -> GSI 16 (level, low) -> IRQ 16
Jul  3 12:55:29 ORION kernel: [    0.576555] uhci_hcd 0000:00:1a.0: UHCI Host Controller
Jul  3 12:55:29 ORION kernel: [    0.576631] uhci_hcd 0000:00:1a.0: new USB bus registered, assigned bus number 3
Jul  3 12:55:29 ORION kernel: [    0.576718] uhci_hcd 0000:00:1a.0: irq 16, io base 0x0000e000
Jul  3 12:55:29 ORION kernel: [    0.576846] usb usb3: configuration #1 chosen from 1 choice
Jul  3 12:55:29 ORION kernel: [    0.576916] hub 3-0:1.0: USB hub found
Jul  3 12:55:29 ORION kernel: [    0.576968] hub 3-0:1.0: 2 ports detected
Jul  3 12:55:29 ORION kernel: [    0.577063] uhci_hcd 0000:00:1a.1: PCI INT B -> GSI 21 (level, low) -> IRQ 21
Jul  3 12:55:29 ORION kernel: [    0.577120] uhci_hcd 0000:00:1a.1: UHCI Host Controller
Jul  3 12:55:29 ORION kernel: [    0.577195] uhci_hcd 0000:00:1a.1: new USB bus registered, assigned bus number 4
Jul  3 12:55:29 ORION kernel: [    0.577283] uhci_hcd 0000:00:1a.1: irq 21, io base 0x0000dc00
Jul  3 12:55:29 ORION kernel: [    0.577417] usb usb4: configuration #1 chosen from 1 choice
Jul  3 12:55:29 ORION kernel: [    0.577490] hub 4-0:1.0: USB hub found
Jul  3 12:55:29 ORION kernel: [    0.577542] hub 4-0:1.0: 2 ports detected
Jul  3 12:55:29 ORION kernel: [    0.577628] uhci_hcd 0000:00:1d.0: PCI INT A -> GSI 23 (level, low) -> IRQ 23
Jul  3 12:55:29 ORION kernel: [    0.577685] uhci_hcd 0000:00:1d.0: UHCI Host Controller
Jul  3 12:55:29 ORION kernel: [    0.577760] uhci_hcd 0000:00:1d.0: new USB bus registered, assigned bus number 5
Jul  3 12:55:29 ORION kernel: [    0.577840] uhci_hcd 0000:00:1d.0: irq 23, io base 0x0000d880
Jul  3 12:55:29 ORION kernel: [    0.577968] usb usb5: configuration #1 chosen from 1 choice
Jul  3 12:55:29 ORION kernel: [    0.578041] hub 5-0:1.0: USB hub found
Jul  3 12:55:29 ORION kernel: [    0.578092] hub 5-0:1.0: 2 ports detected
Jul  3 12:55:29 ORION kernel: [    0.578177] uhci_hcd 0000:00:1d.1: PCI INT B -> GSI 19 (level, low) -> IRQ 19
Jul  3 12:55:29 ORION kernel: [    0.578234] uhci_hcd 0000:00:1d.1: UHCI Host Controller
Jul  3 12:55:29 ORION kernel: [    0.578308] uhci_hcd 0000:00:1d.1: new USB bus registered, assigned bus number 6
Jul  3 12:55:29 ORION kernel: [    0.578396] uhci_hcd 0000:00:1d.1: irq 19, io base 0x0000d800
Jul  3 12:55:29 ORION kernel: [    0.578525] usb usb6: configuration #1 chosen from 1 choice
Jul  3 12:55:29 ORION kernel: [    0.578600] hub 6-0:1.0: USB hub found
Jul  3 12:55:29 ORION kernel: [    0.578652] hub 6-0:1.0: 2 ports detected
Jul  3 12:55:29 ORION kernel: [    0.578737] uhci_hcd 0000:00:1d.2: PCI INT C -> GSI 18 (level, low) -> IRQ 18
Jul  3 12:55:29 ORION kernel: [    0.578794] uhci_hcd 0000:00:1d.2: UHCI Host Controller
Jul  3 12:55:29 ORION kernel: [    0.578874] uhci_hcd 0000:00:1d.2: new USB bus registered, assigned bus number 7
Jul  3 12:55:29 ORION kernel: [    0.578954] uhci_hcd 0000:00:1d.2: irq 18, io base 0x0000d480
Jul  3 12:55:29 ORION kernel: [    0.579082] usb usb7: configuration #1 chosen from 1 choice
Jul  3 12:55:29 ORION kernel: [    0.579152] hub 7-0:1.0: USB hub found
Jul  3 12:55:29 ORION kernel: [    0.579203] hub 7-0:1.0: 2 ports detected
Jul  3 12:55:29 ORION kernel: [    0.579343] PNP: PS/2 Controller [PNP0303:PS2K,PNP0f03:PS2M] at 0x60,0x64 irq 1,12
Jul  3 12:55:29 ORION kernel: [    0.581648] i8042.c: Detected active multiplexing controller, rev 1.1.
Jul  3 12:55:29 ORION kernel: [    0.582380] serio: i8042 KBD port at 0x60,0x64 irq 1
Jul  3 12:55:29 ORION kernel: [    0.582432] serio: i8042 AUX0 port at 0x60,0x64 irq 12
Jul  3 12:55:29 ORION kernel: [    0.582509] serio: i8042 AUX1 port at 0x60,0x64 irq 12
Jul  3 12:55:29 ORION kernel: [    0.582576] serio: i8042 AUX2 port at 0x60,0x64 irq 12
Jul  3 12:55:29 ORION kernel: [    0.582647] serio: i8042 AUX3 port at 0x60,0x64 irq 12
Jul  3 12:55:29 ORION kernel: [    0.582797] mice: PS/2 mouse device common for all mice
Jul  3 12:55:29 ORION kernel: [    0.582979] rtc_cmos 00:03: RTC can wake from S4
Jul  3 12:55:29 ORION kernel: [    0.583060] rtc_cmos 00:03: rtc core: registered rtc_cmos as rtc0
Jul  3 12:55:29 ORION kernel: [    0.583131] rtc0: alarms up to one month, y3k, 114 bytes nvram, hpet irqs
Jul  3 12:55:29 ORION kernel: [    0.583273] device-mapper: uevent: version 1.0.3
Jul  3 12:55:29 ORION kernel: [    0.583407] device-mapper: ioctl: 4.15.0-ioctl (2009-04-01) initialised: dm-devel@redhat.com
Jul  3 12:55:29 ORION kernel: [    0.583527] device-mapper: multipath: version 1.1.0 loaded
Jul  3 12:55:29 ORION kernel: [    0.583576] device-mapper: multipath round-robin: version 1.0.0 loaded
Jul  3 12:55:29 ORION kernel: [    0.583722] EISA: Probing bus 0 at eisa.0
Jul  3 12:55:29 ORION kernel: [    0.583773] Cannot allocate resource for EISA slot 1
Jul  3 12:55:29 ORION kernel: [    0.583839] EISA: Detected 0 cards.
Jul  3 12:55:29 ORION kernel: [    0.584017] cpuidle: using governor ladder
Jul  3 12:55:29 ORION kernel: [    0.584146] cpuidle: using governor menu
Jul  3 12:55:29 ORION kernel: [    0.584608] TCP cubic registered
Jul  3 12:55:29 ORION kernel: [    0.584796] NET: Registered protocol family 10
Jul  3 12:55:29 ORION kernel: [    0.585286] lo: Disabled Privacy Extensions
Jul  3 12:55:29 ORION kernel: [    0.585656] NET: Registered protocol family 17
Jul  3 12:55:29 ORION kernel: [    0.586483] Using IPI No-Shortcut mode
Jul  3 12:55:29 ORION kernel: [    0.586601] registered taskstats version 1
Jul  3 12:55:29 ORION kernel: [    0.587134]   Magic number: 2:393:935
Jul  3 12:55:29 ORION kernel: [    0.587252] rtc_cmos 00:03: setting system clock to 2010-07-03 12:55:15 UTC (1278161715)
Jul  3 12:55:29 ORION kernel: [    0.587314] BIOS EDD facility v0.16 2004-Jun-25, 0 devices found
Jul  3 12:55:29 ORION kernel: [    0.587364] EDD information not available.
Jul  3 12:55:29 ORION kernel: [    0.615403] input: AT Translated Set 2 keyboard as /devices/platform/i8042/serio0/input/input4
Jul  3 12:55:29 ORION kernel: [    0.735810] isapnp: No Plug & Play device found
Jul  3 12:55:29 ORION kernel: [    0.739640] scsi 0:0:0:0: CD-ROM            HL-DT-ST DVDRAM GSA-T40N  JR03 PQ: 0 ANSI: 5
Jul  3 12:55:29 ORION kernel: [    0.751031] sr0: scsi3-mmc drive: 24x/24x writer dvd-ram cd/rw xa/form2 cdda tray
Jul  3 12:55:29 ORION kernel: [    0.751093] Uniform CD-ROM driver Revision: 3.20
Jul  3 12:55:29 ORION kernel: [    0.751268] sr 0:0:0:0: Attached scsi generic sg0 type 5
Jul  3 12:55:29 ORION kernel: [    0.904043] usb 1-2: new high speed USB device using ehci_hcd and address 2
Jul  3 12:55:29 ORION kernel: [    1.045648] usb 1-2: configuration #1 chosen from 1 choice
Jul  3 12:55:29 ORION kernel: [    1.212053] usb 2-5: new high speed USB device using ehci_hcd and address 3
Jul  3 12:55:29 ORION kernel: [    1.336098] ata3.00: SATA link up 1.5 Gbps (SStatus 113 SControl 300)
Jul  3 12:55:29 ORION kernel: [    1.337481] ata3.01: SATA link down (SStatus 0 SControl 300)
Jul  3 12:55:29 ORION kernel: [    1.344235] ata3.00: ATA-8: ST9250827AS, 3.AAA, max UDMA/133
Jul  3 12:55:29 ORION kernel: [    1.344286] ata3.00: 488397168 sectors, multi 16: LBA48 NCQ (depth 0/32)
Jul  3 12:55:29 ORION kernel: [    1.346030] usb 2-5: configuration #1 chosen from 1 choice
Jul  3 12:55:29 ORION kernel: [    1.360257] ata3.00: configured for UDMA/133
Jul  3 12:55:29 ORION kernel: [    1.360371] scsi 2:0:0:0: Direct-Access     ATA      ST9250827AS      3.AA PQ: 0 ANSI: 5
Jul  3 12:55:29 ORION kernel: [    1.360537] sd 2:0:0:0: Attached scsi generic sg1 type 0
Jul  3 12:55:29 ORION kernel: [    1.360549] sd 2:0:0:0: [sda] 488397168 512-byte logical blocks: (250 GB/232 GiB)
Jul  3 12:55:29 ORION kernel: [    1.360593] sd 2:0:0:0: [sda] Write Protect is off
Jul  3 12:55:29 ORION kernel: [    1.360618] sd 2:0:0:0: [sda] Write cache: enabled, read cache: enabled, doesn't support DPO or FUA
Jul  3 12:55:29 ORION kernel: [    1.360742]  sda: sda1 sda3 < sda5 sda6 > sda4
Jul  3 12:55:29 ORION kernel: [    1.419270] sd 2:0:0:0: [sda] Attached SCSI disk
Jul  3 12:55:29 ORION kernel: [    1.584041] usb 5-1: new low speed USB device using uhci_hcd and address 2
Jul  3 12:55:29 ORION kernel: [    1.753024] usb 5-1: configuration #1 chosen from 1 choice
Jul  3 12:55:29 ORION kernel: [    1.902766] ata4.00: SATA link down (SStatus 0 SControl 300)
Jul  3 12:55:29 ORION kernel: [    1.902830] ata4.01: SATA link down (SStatus 0 SControl 0)
Jul  3 12:55:29 ORION kernel: [    1.902937] Freeing unused kernel memory: 660k freed
Jul  3 12:55:29 ORION kernel: [    1.903370] Write protecting the kernel text: 4680k
Jul  3 12:55:29 ORION kernel: [    1.903468] Write protecting the kernel read-only data: 1840k
Jul  3 12:55:29 ORION kernel: [    1.918891] udev: starting version 151
Jul  3 12:55:29 ORION kernel: [    2.011951] atl1 0000:02:00.0: PCI INT A -> GSI 16 (level, low) -> IRQ 16
Jul  3 12:55:29 ORION kernel: [    2.048637] atl1 0000:02:00.0: version 2.1.3
Jul  3 12:55:29 ORION kernel: [    2.055323] usbcore: registered new interface driver hiddev
Jul  3 12:55:29 ORION kernel: [    2.067362] ohci1394 0000:09:01.0: PCI INT A -> GSI 16 (level, low) -> IRQ 16
Jul  3 12:55:29 ORION kernel: [    2.072893] input: USB Optical Mouse as /devices/pci0000:00/0000:00:1d.0/usb5/5-1/5-1:1.0/input/input5
Jul  3 12:55:29 ORION kernel: [    2.073089] generic-usb 0003:1BCF:0007.0001: input,hiddev96,hidraw0: USB HID v1.10 Mouse [USB Optical Mouse] on usb-0000:00:1d.0-1/input0
Jul  3 12:55:29 ORION kernel: [    2.073175] usbcore: registered new interface driver usbhid
Jul  3 12:55:29 ORION kernel: [    2.073229] usbhid: v2.6:USB HID core driver
Jul  3 12:55:29 ORION kernel: [    2.123110] ohci1394: fw-host0: OHCI-1394 1.0 (PCI): IRQ=[16]  MMIO=[feaff800-feafffff]  Max Packet=[2048]  IR/IT contexts=[4/4]
Jul  3 12:55:29 ORION kernel: [    2.490447] EXT4-fs (sda4): mounted filesystem with ordered data mode
Jul  3 12:55:29 ORION kernel: [   12.180367] udev: starting version 151
Jul  3 12:55:29 ORION kernel: [   12.188516] Adding 497972k swap on /dev/sda6.  Priority:-1 extents:1 across:497972k 
Jul  3 12:55:29 ORION kernel: [   12.278604] lp: driver loaded but no devices found
Jul  3 12:55:29 ORION kernel: [   12.301715] vga16fb: mapped to 0xc00a0000
Jul  3 12:55:29 ORION kernel: [   12.301777] fb0: VGA16 VGA frame buffer device
Jul  3 12:55:29 ORION kernel: [   12.302429] Linux agpgart interface v0.103
Jul  3 12:55:29 ORION kernel: [   12.373203] sdhci: Secure Digital Host Controller Interface driver
Jul  3 12:55:29 ORION kernel: [   12.373206] sdhci: Copyright(c) Pierre Ossman
Jul  3 12:55:29 ORION kernel: [   12.374504] sdhci-pci 0000:09:01.1: SDHCI controller found [1180:0822] (rev 22)
Jul  3 12:55:29 ORION kernel: [   12.374523] sdhci-pci 0000:09:01.1: PCI INT B -> GSI 17 (level, low) -> IRQ 17
Jul  3 12:55:29 ORION kernel: [   12.375542] sdhci-pci 0000:09:01.1: Will use DMA mode even though HW doesn't fully claim to support it.
Jul  3 12:55:29 ORION kernel: [   12.378887] asus_laptop: Asus Laptop Support version 0.42
Jul  3 12:55:29 ORION kernel: [   12.435104] asus_laptop:   F3Sg model detected
Jul  3 12:55:29 ORION kernel: [   12.436085] Registered led device: mmc0::
Jul  3 12:55:29 ORION kernel: [   12.437112] mmc0: SDHCI controller on PCI [0000:09:01.1] using DMA
Jul  3 12:55:29 ORION kernel: [   12.439809] input: Asus Laptop extra buttons as /devices/virtual/input/input6
Jul  3 12:55:29 ORION kernel: [   12.439907] Registered led device: asus::mail
Jul  3 12:55:29 ORION kernel: [   12.462317] asus_laptop: Brightness ignored, must be controlled by ACPI video driver
Jul  3 12:55:29 ORION kernel: [   12.508235] nvidia: module license 'NVIDIA' taints kernel.
Jul  3 12:55:29 ORION kernel: [   12.508239] Disabling lock debugging due to kernel taint
Jul  3 12:55:29 ORION kernel: [   12.541949] type=1505 audit(1278154527.452:2):  operation="profile_load" pid=680 name="/sbin/dhclient3"
Jul  3 12:55:29 ORION kernel: [   12.542593] type=1505 audit(1278154527.452:3):  operation="profile_load" pid=680 name="/usr/lib/NetworkManager/nm-dhcp-client.action"
Jul  3 12:55:29 ORION kernel: [   12.542938] type=1505 audit(1278154527.452:4):  operation="profile_load" pid=680 name="/usr/lib/connman/scripts/dhclient-script"
Jul  3 12:55:29 ORION kernel: [   13.242185] Linux video capture interface: v2.00
Jul  3 12:55:29 ORION kernel: [   13.396721] acpi device:1e: registered as cooling_device2
Jul  3 12:55:29 ORION kernel: [   13.396842] input: Video Bus as /devices/LNXSYSTM:00/LNXSYBUS:00/PNP0A08:00/device:1a/LNXVIDEO:00/input/input7
Jul  3 12:55:29 ORION kernel: [   13.396881] ACPI: Video Device [VGA] (multi-head: yes  rom: no  post: no)
Jul  3 12:55:29 ORION kernel: [   13.397042] uvcvideo: Found UVC 1.00 device USB 2.0 Camera (174f:5a35)
Jul  3 12:55:29 ORION kernel: [   13.401773] input: USB 2.0 Camera as /devices/pci0000:00/0000:00:1a.7/usb1/1-2/1-2:1.0/input/input8
Jul  3 12:55:29 ORION kernel: [   13.401818] usbcore: registered new interface driver uvcvideo
Jul  3 12:55:29 ORION kernel: [   13.401820] USB Video Class driver (v0.1.0)
Jul  3 12:55:29 ORION kernel: [   13.404927] dib0700: loaded with support for 13 different device-types
Jul  3 12:55:29 ORION kernel: [   13.409701] dvb-usb: found a 'YUAN High-Tech STK7700PH' in warm state.
Jul  3 12:55:29 ORION kernel: [   13.409733] dvb-usb: will pass the complete MPEG2 transport stream to the software demuxer.
Jul  3 12:55:29 ORION kernel: [   13.409937] DVB: registering new adapter (YUAN High-Tech STK7700PH)
Jul  3 12:55:29 ORION kernel: [   13.425859] Synaptics Touchpad, model: 1, fw: 6.1, id: 0xa3a0b3, caps: 0xa04713/0x10008
Jul  3 12:55:29 ORION kernel: [   13.443100] tpm_tis 00:0b: 1.2 TPM (device-id 0xB, rev-id 16)
Jul  3 12:55:29 ORION kernel: [   13.495728] nvidia 0000:01:00.0: PCI INT A -> GSI 16 (level, low) -> IRQ 16
Jul  3 12:55:29 ORION kernel: [   13.495741] vgaarb: device changed decodes: PCI:0000:01:00.0,olddecodes=io+mem,decodes=none:owns=io+mem
Jul  3 12:55:29 ORION kernel: [   13.496500] NVRM: loading NVIDIA UNIX x86 Kernel Module  195.36.24  Thu Apr 22 09:18:20 PDT 2010
Jul  3 12:55:29 ORION kernel: [   13.515005] HDA Intel 0000:00:1b.0: PCI INT A -> GSI 22 (level, low) -> IRQ 22
Jul  3 12:55:29 ORION kernel: [   13.534341] input: SynPS/2 Synaptics TouchPad as /devices/platform/i8042/serio4/input/input9
Jul  3 12:55:29 ORION kernel: [   13.554990] Console: switching to colour frame buffer device 80x30
Jul  3 12:55:29 ORION kernel: [   13.618088] hda_codec: ALC660-VD: BIOS auto-probing.
Jul  3 12:55:29 ORION kernel: [   13.618813] input: HDA Digital PCBeep as /devices/pci0000:00/0000:00:1b.0/input/input10
Jul  3 12:55:29 ORION kernel: [   13.673609] DVB: registering adapter 0 frontend 0 (DiBcom 7000PC)...
Jul  3 12:55:29 ORION kernel: [   13.681451] xc2028 1-0061: creating new instance
Jul  3 12:55:29 ORION kernel: [   13.681454] xc2028 1-0061: type set to XCeive xc2028/xc3028 tuner
Jul  3 12:55:29 ORION kernel: [   13.681539] input: IR-receiver inside an USB DVB receiver as /devices/pci0000:00/0000:00:1d.7/usb2/2-5/input/input11
Jul  3 12:55:29 ORION kernel: [   13.681588] dvb-usb: schedule remote query interval to 50 msecs.
Jul  3 12:55:29 ORION kernel: [   13.681592] dvb-usb: YUAN High-Tech STK7700PH successfully initialized and connected.
Jul  3 12:55:29 ORION kernel: [   13.681987] usbcore: registered new interface driver dvb_usb_dib0700
Jul  3 12:55:29 ORION kernel: [   15.028663] type=1505 audit(1278154529.940:5):  operation="profile_load" pid=883 name="/usr/share/gdm/guest-session/Xsession"
Jul  3 12:55:29 ORION kernel: [   15.030592] type=1505 audit(1278154529.940:6):  operation="profile_replace" pid=884 name="/sbin/dhclient3"
Jul  3 12:55:29 ORION kernel: [   15.031244] type=1505 audit(1278154529.940:7):  operation="profile_replace" pid=884 name="/usr/lib/NetworkManager/nm-dhcp-client.action"
Jul  3 12:55:29 ORION kernel: [   15.031594] type=1505 audit(1278154529.940:8):  operation="profile_replace" pid=884 name="/usr/lib/connman/scripts/dhclient-script"
Jul  3 12:55:29 ORION kernel: [   15.034529] type=1505 audit(1278154529.944:9):  operation="profile_load" pid=885 name="/usr/bin/evince"
Jul  3 12:55:29 ORION kernel: [   15.042753] type=1505 audit(1278154529.952:10):  operation="profile_load" pid=885 name="/usr/bin/evince-previewer"
Jul  3 12:55:29 ORION kernel: [   15.048561] type=1505 audit(1278154529.960:11):  operation="profile_load" pid=885 name="/usr/bin/evince-thumbnailer"
Jul  3 12:55:32 ORION kernel: [   17.949942] atl1 0000:02:00.0: eth0 link is up 100 Mbps full duplex
```


dmesg
```
[    0.000000] Initializing cgroup subsys cpuset
[    0.000000] Initializing cgroup subsys cpu
[    0.000000] Linux version 2.6.32-23-generic (buildd@rothera) (gcc version 4.4.3 (Ubuntu 4.4.3-4ubuntu5) ) #37-Ubuntu SMP Fri Jun 11 07:54:58 UTC 2010 (Ubuntu 2.6.32-23.37-generic 2.6.32.15+drm33.5)
[    0.000000] KERNEL supported cpus:
[    0.000000]   Intel GenuineIntel
[    0.000000]   AMD AuthenticAMD
[    0.000000]   NSC Geode by NSC
[    0.000000]   Cyrix CyrixInstead
[    0.000000]   Centaur CentaurHauls
[    0.000000]   Transmeta GenuineTMx86
[    0.000000]   Transmeta TransmetaCPU
[    0.000000]   UMC UMC UMC UMC
[    0.000000] BIOS-provided physical RAM map:
[    0.000000]  BIOS-e820: 0000000000000000 - 000000000009fc00 (usable)
[    0.000000]  BIOS-e820: 000000000009fc00 - 00000000000a0000 (reserved)
[    0.000000]  BIOS-e820: 00000000000e3000 - 0000000000100000 (reserved)
[    0.000000]  BIOS-e820: 0000000000100000 - 00000000bffa0000 (usable)
[    0.000000]  BIOS-e820: 00000000bffa0000 - 00000000bffae000 (ACPI data)
[    0.000000]  BIOS-e820: 00000000bffae000 - 00000000bfff0000 (ACPI NVS)
[    0.000000]  BIOS-e820: 00000000bfff0000 - 00000000c0000000 (reserved)
[    0.000000]  BIOS-e820: 00000000fee00000 - 00000000fee01000 (reserved)
[    0.000000]  BIOS-e820: 00000000ffb00000 - 0000000100000000 (reserved)
[    0.000000] DMI 2.4 present.
[    0.000000] AMI BIOS detected: BIOS may corrupt low RAM, working around it.
[    0.000000] e820 update range: 0000000000000000 - 0000000000010000 (usable) ==> (reserved)
[    0.000000] last_pfn = 0xbffa0 max_arch_pfn = 0x100000
[    0.000000] MTRR default type: uncachable
[    0.000000] MTRR fixed ranges enabled:
[    0.000000]   00000-9FFFF write-back
[    0.000000]   A0000-BFFFF uncachable
[    0.000000]   C0000-CFFFF write-protect
[    0.000000]   D0000-DFFFF uncachable
[    0.000000]   E0000-EFFFF write-through
[    0.000000]   F0000-FFFFF write-protect
[    0.000000] MTRR variable ranges enabled:
[    0.000000]   0 base 000000000 mask F80000000 write-back
[    0.000000]   1 base 080000000 mask FC0000000 write-back
[    0.000000]   2 disabled
[    0.000000]   3 disabled
[    0.000000]   4 disabled
[    0.000000]   5 disabled
[    0.000000]   6 disabled
[    0.000000]   7 disabled
[    0.000000] x86 PAT enabled: cpu 0, old 0x7040600070406, new 0x7010600070106
[    0.000000] Scanning 0 areas for low memory corruption
[    0.000000] modified physical RAM map:
[    0.000000]  modified: 0000000000000000 - 0000000000010000 (reserved)
[    0.000000]  modified: 0000000000010000 - 000000000009fc00 (usable)
[    0.000000]  modified: 000000000009fc00 - 00000000000a0000 (reserved)
[    0.000000]  modified: 00000000000e3000 - 0000000000100000 (reserved)
[    0.000000]  modified: 0000000000100000 - 00000000bffa0000 (usable)
[    0.000000]  modified: 00000000bffa0000 - 00000000bffae000 (ACPI data)
[    0.000000]  modified: 00000000bffae000 - 00000000bfff0000 (ACPI NVS)
[    0.000000]  modified: 00000000bfff0000 - 00000000c0000000 (reserved)
[    0.000000]  modified: 00000000fee00000 - 00000000fee01000 (reserved)
[    0.000000]  modified: 00000000ffb00000 - 0000000100000000 (reserved)
[    0.000000] initial memory mapped : 0 - 00c00000
[    0.000000] init_memory_mapping: 0000000000000000-00000000377fe000
[    0.000000] Using x86 segment limits to approximate NX protection
[    0.000000]  0000000000 - 0000400000 page 4k
[    0.000000]  0000400000 - 0037400000 page 2M
[    0.000000]  0037400000 - 00377fe000 page 4k
[    0.000000] kernel direct mapping tables up to 377fe000 @ 10000-15000
[    0.000000] RAMDISK: 37856000 - 37fef084
[    0.000000] Allocated new RAMDISK: 008e0000 - 01079084
[    0.000000] Move RAMDISK from 0000000037856000 - 0000000037fef083 to 008e0000 - 01079083
[    0.000000] ACPI: RSDP 000f8240 00024 (v02 ACPIAM)
[    0.000000] ACPI: XSDT bffa0100 00084 (v01 _ASUS_ Notebook 02000812 MSFT 00000097)
[    0.000000] ACPI: FACP bffa0290 000F4 (v03 A_M_I_ OEMFACP  02000812 MSFT 00000097)
[    0.000000] ACPI: DSDT bffa0680 0B348 (v01  F3Sc0 F3Sc0305 00000305 INTL 20051117)
[    0.000000] ACPI: FACS bffae000 00040
[    0.000000] ACPI: APIC bffa0390 0005C (v01 A_M_I_ OEMAPIC  02000812 MSFT 00000097)
[    0.000000] ACPI: MCFG bffa0430 0003C (v01 A_M_I_ OEMMCFG  02000812 MSFT 00000097)
[    0.000000] ACPI: SLIC bffa0470 00176 (v01 _ASUS_ Notebook 02000812 MSFT 00000097)
[    0.000000] ACPI: DBGP bffa03f0 00034 (v01 A_M_I_ OEMDBGP  02000812 MSFT 00000097)
[    0.000000] ACPI: BOOT bffa05f0 00028 (v01 A_M_I_ OEMBOOT  02000812 MSFT 00000097)
[    0.000000] ACPI: ECDT bffa0620 00054 (v01 A_M_I_ OEMECDT  02000812 MSFT 00000097)
[    0.000000] ACPI: OEMB bffae040 00060 (v01 A_M_I_ AMI_OEM  02000812 MSFT 00000097)
[    0.000000] ACPI: HPET bffab9d0 00038 (v01 A_M_I_ OEMHPET  02000812 MSFT 00000097)
[    0.000000] ACPI: TCPA bffaba10 00032 (v02 A_M_I_ TBLOEMID 00000001 MSFT 00000097)
[    0.000000] ACPI: ATKG bffc15d0 08024 (v01 A_M_I_  OEMATKG 05000702 MSFT 00000097)
[    0.000000] ACPI: SSDT bffca110 004E6 (v01  PmRef    CpuPm 00003000 INTL 20051117)
[    0.000000] ACPI: Local APIC address 0xfee00000
[    0.000000] 2183MB HIGHMEM available.
[    0.000000] 887MB LOWMEM available.
[    0.000000]   mapped low ram: 0 - 377fe000
[    0.000000]   low ram: 0 - 377fe000
[    0.000000]   node 0 low ram: 00000000 - 377fe000
[    0.000000]   node 0 bootmap 00011000 - 00017f00
[    0.000000] (9 early reservations) ==> bootmem [0000000000 - 00377fe000]
[    0.000000]   #0 [0000000000 - 0000001000]   BIOS data page ==> [0000000000 - 0000001000]
[    0.000000]   #1 [0000001000 - 0000002000]    EX TRAMPOLINE ==> [0000001000 - 0000002000]
[    0.000000]   #2 [0000006000 - 0000007000]       TRAMPOLINE ==> [0000006000 - 0000007000]
[    0.000000]   #3 [0000100000 - 00008dbeb8]    TEXT DATA BSS ==> [0000100000 - 00008dbeb8]
[    0.000000]   #4 [000009fc00 - 0000100000]    BIOS reserved ==> [000009fc00 - 0000100000]
[    0.000000]   #5 [00008dc000 - 00008df204]              BRK ==> [00008dc000 - 00008df204]
[    0.000000]   #6 [0000010000 - 0000011000]          PGTABLE ==> [0000010000 - 0000011000]
[    0.000000]   #7 [00008e0000 - 0001079084]      NEW RAMDISK ==> [00008e0000 - 0001079084]
[    0.000000]   #8 [0000011000 - 0000018000]          BOOTMAP ==> [0000011000 - 0000018000]
[    0.000000] found SMP MP-table at [c00ff780] ff780
[    0.000000] Zone PFN ranges:
[    0.000000]   DMA      0x00000010 -> 0x00001000
[    0.000000]   Normal   0x00001000 -> 0x000377fe
[    0.000000]   HighMem  0x000377fe -> 0x000bffa0
[    0.000000] Movable zone start PFN for each node
[    0.000000] early_node_map[2] active PFN ranges
[    0.000000]     0: 0x00000010 -> 0x0000009f
[    0.000000]     0: 0x00000100 -> 0x000bffa0
[    0.000000] On node 0 totalpages: 786223
[    0.000000] free_area_init_node: node 0, pgdat c0798760, node_mem_map c107b200
[    0.000000]   DMA zone: 32 pages used for memmap
[    0.000000]   DMA zone: 0 pages reserved
[    0.000000]   DMA zone: 3951 pages, LIFO batch:0
[    0.000000]   Normal zone: 1744 pages used for memmap
[    0.000000]   Normal zone: 221486 pages, LIFO batch:31
[    0.000000]   HighMem zone: 4368 pages used for memmap
[    0.000000]   HighMem zone: 554642 pages, LIFO batch:31
[    0.000000] Using APIC driver default
[    0.000000] ACPI: PM-Timer IO Port: 0x808
[    0.000000] ACPI: Local APIC address 0xfee00000
[    0.000000] ACPI: LAPIC (acpi_id[0x01] lapic_id[0x00] enabled)
[    0.000000] ACPI: LAPIC (acpi_id[0x02] lapic_id[0x01] enabled)
[    0.000000] ACPI: IOAPIC (id[0x02] address[0xfec00000] gsi_base[0])
[    0.000000] IOAPIC[0]: apic_id 2, version 32, address 0xfec00000, GSI 0-23
[    0.000000] ACPI: INT_SRC_OVR (bus 0 bus_irq 0 global_irq 2 dfl dfl)
[    0.000000] ACPI: INT_SRC_OVR (bus 0 bus_irq 9 global_irq 9 high level)
[    0.000000] ACPI: IRQ0 used by override.
[    0.000000] ACPI: IRQ2 used by override.
[    0.000000] ACPI: IRQ9 used by override.
[    0.000000] Using ACPI (MADT) for SMP configuration information
[    0.000000] ACPI: HPET id: 0x8086a201 base: 0xfed00000
[    0.000000] SMP: Allowing 2 CPUs, 0 hotplug CPUs
[    0.000000] nr_irqs_gsi: 24
[    0.000000] PM: Registered nosave memory: 000000000009f000 - 00000000000a0000
[    0.000000] PM: Registered nosave memory: 00000000000a0000 - 00000000000e3000
[    0.000000] PM: Registered nosave memory: 00000000000e3000 - 0000000000100000
[    0.000000] Allocating PCI resources starting at c0000000 (gap: c0000000:3ee00000)
[    0.000000] Booting paravirtualized kernel on bare hardware
[    0.000000] NR_CPUS:8 nr_cpumask_bits:8 nr_cpu_ids:2 nr_node_ids:1
[    0.000000] PERCPU: Embedded 14 pages/cpu @c2c00000 s36056 r0 d21288 u2097152
[    0.000000] pcpu-alloc: s36056 r0 d21288 u2097152 alloc=1*4194304
[    0.000000] pcpu-alloc: [0] 0 1 
[    0.000000] Built 1 zonelists in Zone order, mobility grouping on.  Total pages: 780079
[    0.000000] Kernel command line: BOOT_IMAGE=/boot/vmlinuz-2.6.32-23-generic root=UUID=ddbd7fa8-5b26-4b25-b119-6320895c3885 ro single
[    0.000000] PID hash table entries: 4096 (order: 2, 16384 bytes)
[    0.000000] Dentry cache hash table entries: 131072 (order: 7, 524288 bytes)
[    0.000000] Inode-cache hash table entries: 65536 (order: 6, 262144 bytes)
[    0.000000] Enabling fast FPU save and restore... done.
[    0.000000] Enabling unmasked SIMD FPU exception support... done.
[    0.000000] Initializing CPU#0
[    0.000000] allocated 15726400 bytes of page_cgroup
[    0.000000] please try 'cgroup_disable=memory' option if you don't want memory cgroups
[    0.000000] Initializing HighMem for node 0 (000377fe:000bffa0)
[    0.000000] Memory: 3087100k/3145344k available (4676k kernel code, 56780k reserved, 2118k data, 660k init, 2236040k highmem)
[    0.000000] virtual kernel memory layout:
[    0.000000]     fixmap  : 0xfff1d000 - 0xfffff000   ( 904 kB)
[    0.000000]     pkmap   : 0xff800000 - 0xffc00000   (4096 kB)
[    0.000000]     vmalloc : 0xf7ffe000 - 0xff7fe000   ( 120 MB)
[    0.000000]     lowmem  : 0xc0000000 - 0xf77fe000   ( 887 MB)
[    0.000000]       .init : 0xc07a3000 - 0xc0848000   ( 660 kB)
[    0.000000]       .data : 0xc0591293 - 0xc07a2e88   (2118 kB)
[    0.000000]       .text : 0xc0100000 - 0xc0591293   (4676 kB)
[    0.000000] Checking if this processor honours the WP bit even in supervisor mode...Ok.
[    0.000000] SLUB: Genslabs=13, HWalign=64, Order=0-3, MinObjects=0, CPUs=2, Nodes=1
[    0.000000] Hierarchical RCU implementation.
[    0.000000] NR_IRQS:2304 nr_irqs:424
[    0.000000] Extended CMOS year: 2000
[    0.000000] Console: colour VGA+ 80x25
[    0.000000] console [tty0] enabled
[    0.000000] hpet clockevent registered
[    0.000000] HPET: 3 timers in total, 0 timers will be used for per-cpu timer
[    0.000000] Fast TSC calibration using PIT
[    0.000000] Detected 2094.894 MHz processor.
[    0.004005] Calibrating delay loop (skipped), value calculated using timer frequency.. 4189.78 BogoMIPS (lpj=8379576)
[    0.004115] Security Framework initialized
[    0.004179] AppArmor: AppArmor initialized
[    0.004231] Mount-cache hash table entries: 512
[    0.004395] Initializing cgroup subsys ns
[    0.004445] Initializing cgroup subsys cpuacct
[    0.004494] Initializing cgroup subsys memory
[    0.004546] Initializing cgroup subsys devices
[    0.004594] Initializing cgroup subsys freezer
[    0.004642] Initializing cgroup subsys net_cls
[    0.004707] CPU: L1 I cache: 32K, L1 D cache: 32K
[    0.004786] CPU: L2 cache: 3072K
[    0.004833] CPU: Physical Processor ID: 0
[    0.004880] CPU: Processor Core ID: 0
[    0.004929] mce: CPU supports 6 MCE banks
[    0.004981] CPU0: Thermal monitoring handled by SMI
[    0.004985] using mwait in idle threads.
[    0.005037] Performance Events: Core2 events, Intel PMU driver.
[    0.005154] ... version:                2
[    0.005201] ... bit width:              40
[    0.005247] ... generic registers:      2
[    0.005294] ... value mask:             000000ffffffffff
[    0.008004] ... max period:             000000007fffffff
[    0.008052] ... fixed-purpose events:   3
[    0.008099] ... event mask:             0000000700000003
[    0.008150] Checking 'hlt' instruction... OK.
[    0.026816] ACPI: Core revision 20090903
[    0.044008] ftrace: converting mcount calls to 0f 1f 44 00 00
[    0.044060] ftrace: allocating 21776 entries in 43 pages
[    0.048050] Enabling APIC mode:  Flat.  Using 1 I/O APICs
[    0.052274] ..TIMER: vector=0x30 apic1=0 pin1=2 apic2=-1 pin2=-1
[    0.092014] CPU0: Intel(R) Core(TM)2 Duo CPU     T8100  @ 2.10GHz stepping 06
[    0.096001] Booting processor 1 APIC 0x1 ip 0x6000
[    0.008000] Initializing CPU#1
[    0.008000] CPU: L1 I cache: 32K, L1 D cache: 32K
[    0.008000] CPU: L2 cache: 3072K
[    0.008000] CPU: Physical Processor ID: 0
[    0.008000] CPU: Processor Core ID: 1
[    0.008000] CPU1: Thermal monitoring handled by SMI
[    0.180092] CPU1: Intel(R) Core(TM)2 Duo CPU     T8100  @ 2.10GHz stepping 06
[    0.181743] checking TSC synchronization [CPU#0 -> CPU#1]: passed.
[    0.184017] Brought up 2 CPUs
[    0.184065] Total of 2 processors activated (8400.95 BogoMIPS).
[    0.184739] CPU0 attaching sched-domain:
[    0.184741]  domain 0: span 0-1 level MC
[    0.184744]   groups: 0 1
[    0.184750] CPU1 attaching sched-domain:
[    0.184752]  domain 0: span 0-1 level MC
[    0.184754]   groups: 1 0
[    0.184845] devtmpfs: initialized
[    0.184845] regulator: core version 0.5
[    0.184845] Time: 12:11:07  Date: 07/03/10
[    0.184845] NET: Registered protocol family 16
[    0.184845] Trying to unpack rootfs image as initramfs...
[    0.184845] EISA bus registered
[    0.184845] ACPI FADT declares the system doesn't support PCIe ASPM, so disable it
[    0.184845] ACPI: bus type pci registered
[    0.184845] PCI: MCFG configuration 0: base c0000000 segment 0 buses 0 - 255
[    0.184845] PCI: Not using MMCONFIG.
[    0.184845] PCI: PCI BIOS revision 3.00 entry at 0xf0031, last bus=9
[    0.184845] PCI: Using configuration type 1 for base access
[    0.200262] bio: create slab <bio-0> at 0
[    0.201547] ACPI: EC: EC description table is found, configuring boot EC
[    0.205295] ACPI: Executed 1 blocks of module-level executable AML code
[    0.213692] ACPI: Interpreter enabled
[    0.213760] ACPI: (supports S0 S3 S4 S5)
[    0.213956] ACPI: Using IOAPIC for interrupt routing
[    0.215351] PCI: MCFG configuration 0: base c0000000 segment 0 buses 0 - 255
[    0.218840] PCI: MCFG area at c0000000 reserved in ACPI motherboard resources
[    0.218892] PCI: Using MMCONFIG for extended config space
[    0.227416] ACPI: EC: GPE = 0x1c, I/O: command/status = 0x66, data = 0x62
[    0.230569] ACPI Warning: Incorrect checksum in table [ATKG] - 54, should be 59 (20090903/tbutils-314)
[    0.230939] ACPI: No dock devices found.
[    0.231469] ACPI: PCI Root Bridge [PCI0] (0000:00)
[    0.231633] pci 0000:00:01.0: PME# supported from D0 D3hot D3cold
[    0.231685] pci 0000:00:01.0: PME# disabled
[    0.231798] pci 0000:00:1a.0: reg 20 io port: [0xe000-0xe01f]
