---
title: "DVDRW not detected"
date: 2007-09-04
forum: Hardware &amp; Laptops
---

### Post by element_G on 2007-09-04
I've looked around for a solution to this but I can't seem to find a situation that matches mine so here goes. Basically my DVD drive does not show up in linux at all.

specs: LG-GSA-H54N connected as master on only PATA (IDE) channel (mobo only has 1) and it is the only IDE device in the system

The system will boot from the drive, and it does show up in the BIOS, I can get a live cd going but I need to pass the option "all_generic_ide" to get it the live CD to boot. Vista can see and use the drive just fine.

I've tried booting with and without a CD/DVD in the drive with no luck, and after reading some other posts here's some info that may help:

-there is no entry in /dev for cdrom0, scd0, dvd, .....

-fstab:
```
# /etc/fstab: static file system information.
#
#  -- This file has been automaticly generated by ntfs-config -- 
#
# <file system> <mount point>   <type>  <options>       <dump>  <pass>

proc /proc proc defaults 0 0
# Entry for /dev/sda5 :
UUID=dec3ca1a-6637-4ae1-bc7b-964add496c47 / ext3 nouser,defaults,errors=remount-ro,atime,auto,rw,dev,exec,suid 0 1
# Entry for /dev/sda6 :
UUID=da7aaecd-7752-4036-8a56-7b2a02f7a832 /home ext3 nouser,defaults,atime,auto,rw,dev,exec,suid 0 2
# Entry for /dev/sda1 :
UUID=807C85327C8523CE /media/sda1 ntfs-3g defaults,locale=en_US.UTF-8 0 1
# Entry for /dev/ !! UNKNOW DEVICE !! :
UUID=2315381f-01b6-4d43-8030-b5f99ca9e2fc none swap sw 0 0
/dev/scd0 /media/cdrom0 auto user,atime,auto,rw,dev,exec,suid 0 0
/dev/sdb1 /media/sdb1 ntfs-3g defaults,locale=en_US.UTF-8 0 0
/dev/sdc5 /media/sdc5 auto user,atime,auto,rw,nodev,noexec,nosuid 0 0
/dev/sda7 /media/prime-data auto nouser,atime,noauto,rw,nodev,noexec,nosuid 0 0
/dev/sda1 /media/vista auto nouser,atime,noauto,rw,nodev,noexec,nosuid 0 0
/dev/sda8 /media/sda8 auto user,atime,auto,rw,nodev,noexec,nosuid 0 0
/dev/sda7 /media/sda7 auto user,atime,auto,rw,nodev,noexec,nosuid 0 0


```
-output from dmesg:
```
[    0.000000] Linux version 2.6.20-16-generic (root@terranova) (gcc version 4.1.2 (Ubuntu 4.1.2-0ubuntu4)) #2 SMP Fri Aug 31 00:55:27 UTC 2007 (Ubuntu 2.6.20-16.31-generic)
[    0.000000] BIOS-provided physical RAM map:
[    0.000000] sanitize start
[    0.000000] sanitize end
[    0.000000] copy_e820_map() start: 0000000000000000 size: 000000000009dc00 end: 000000000009dc00 type: 1
[    0.000000] copy_e820_map() type is E820_RAM
[    0.000000] copy_e820_map() start: 000000000009dc00 size: 0000000000002400 end: 00000000000a0000 type: 2
[    0.000000] copy_e820_map() start: 00000000000e4000 size: 000000000001c000 end: 0000000000100000 type: 2
[    0.000000] copy_e820_map() start: 0000000000100000 size: 000000007fe80000 end: 000000007ff80000 type: 1
[    0.000000] copy_e820_map() type is E820_RAM
[    0.000000] copy_e820_map() start: 000000007ff80000 size: 000000000000e000 end: 000000007ff8e000 type: 3
[    0.000000] copy_e820_map() start: 000000007ff8e000 size: 0000000000052000 end: 000000007ffe0000 type: 4
[    0.000000] copy_e820_map() start: 000000007ffe0000 size: 0000000000020000 end: 0000000080000000 type: 2
[    0.000000] copy_e820_map() start: 00000000fee00000 size: 0000000000001000 end: 00000000fee01000 type: 2
[    0.000000] copy_e820_map() start: 00000000fff00000 size: 0000000000100000 end: 0000000100000000 type: 2
[    0.000000]  BIOS-e820: 0000000000000000 - 000000000009dc00 (usable)
[    0.000000]  BIOS-e820: 000000000009dc00 - 00000000000a0000 (reserved)
[    0.000000]  BIOS-e820: 00000000000e4000 - 0000000000100000 (reserved)
[    0.000000]  BIOS-e820: 0000000000100000 - 000000007ff80000 (usable)
[    0.000000]  BIOS-e820: 000000007ff80000 - 000000007ff8e000 (ACPI data)
[    0.000000]  BIOS-e820: 000000007ff8e000 - 000000007ffe0000 (ACPI NVS)
[    0.000000]  BIOS-e820: 000000007ffe0000 - 0000000080000000 (reserved)
[    0.000000]  BIOS-e820: 00000000fee00000 - 00000000fee01000 (reserved)
[    0.000000]  BIOS-e820: 00000000fff00000 - 0000000100000000 (reserved)
[    0.000000] 1151MB HIGHMEM available.
[    0.000000] 896MB LOWMEM available.
[    0.000000] found SMP MP-table at 000ff780
[    0.000000] Entering add_active_range(0, 0, 524160) 0 entries of 256 used
[    0.000000] Zone PFN ranges:
[    0.000000]   DMA             0 ->     4096
[    0.000000]   Normal       4096 ->   229376
[    0.000000]   HighMem    229376 ->   524160
[    0.000000] early_node_map[1] active PFN ranges
[    0.000000]     0:        0 ->   524160
[    0.000000] On node 0 totalpages: 524160
[    0.000000]   DMA zone: 32 pages used for memmap
[    0.000000]   DMA zone: 0 pages reserved
[    0.000000]   DMA zone: 4064 pages, LIFO batch:0
[    0.000000]   Normal zone: 1760 pages used for memmap
[    0.000000]   Normal zone: 223520 pages, LIFO batch:31
[    0.000000]   HighMem zone: 2303 pages used for memmap
[    0.000000]   HighMem zone: 292481 pages, LIFO batch:31
[    0.000000] DMI 2.4 present.
[    0.000000] ACPI: RSDP (v000 ACPIAM                                ) @ 0x000fbdc0
[    0.000000] ACPI: RSDT (v001 A_M_I_ OEMRSDT  0x07000719 MSFT 0x00000097) @ 0x7ff80000
[    0.000000] ACPI: FADT (v002 A_M_I_ OEMFACP  0x07000719 MSFT 0x00000097) @ 0x7ff80200
[    0.000000] ACPI: MADT (v001 A_M_I_ OEMAPIC  0x07000719 MSFT 0x00000097) @ 0x7ff80390
[    0.000000] ACPI: MCFG (v001 A_M_I_ OEMMCFG  0x07000719 MSFT 0x00000097) @ 0x7ff80400
[    0.000000] ACPI: OEMB (v001 A_M_I_ AMI_OEM  0x07000719 MSFT 0x00000097) @ 0x7ff8e040
[    0.000000] ACPI: HPET (v001 A_M_I_ OEMHPET  0x07000719 MSFT 0x00000097) @ 0x7ff87fd0
[    0.000000] ACPI: OSFR (v001 A_M_I_ OEMOSFR  0x07000719 MSFT 0x00000097) @ 0x7ff88010
[    0.000000] ACPI: DSDT (v001  A0807 A0807000 0x00000000 INTL 0x20060113) @ 0x00000000
[    0.000000] ACPI: PM-Timer IO Port: 0x808
[    0.000000] ACPI: Local APIC address 0xfee00000
[    0.000000] ACPI: LAPIC (acpi_id[0x01] lapic_id[0x00] enabled)
[    0.000000] Processor #0 6:15 APIC version 20
[    0.000000] ACPI: LAPIC (acpi_id[0x02] lapic_id[0x01] enabled)
[    0.000000] Processor #1 6:15 APIC version 20
[    0.000000] ACPI: LAPIC (acpi_id[0x03] lapic_id[0x02] enabled)
[    0.000000] Processor #2 6:15 APIC version 20
[    0.000000] ACPI: LAPIC (acpi_id[0x04] lapic_id[0x03] enabled)
[    0.000000] Processor #3 6:15 APIC version 20
[    0.000000] ACPI: IOAPIC (id[0x04] address[0xfec00000] gsi_base[0])
[    0.000000] IOAPIC[0]: apic_id 4, version 32, address 0xfec00000, GSI 0-23
[    0.000000] ACPI: INT_SRC_OVR (bus 0 bus_irq 0 global_irq 2 dfl dfl)
[    0.000000] ACPI: INT_SRC_OVR (bus 0 bus_irq 9 global_irq 9 high level)
[    0.000000] ACPI: IRQ0 used by override.
[    0.000000] ACPI: IRQ2 used by override.
[    0.000000] ACPI: IRQ9 used by override.
[    0.000000] Enabling APIC mode:  Flat.  Using 1 I/O APICs
[    0.000000] ACPI: HPET id: 0xffffffff base: 0xfed00000
[    0.000000] Using ACPI (MADT) for SMP configuration information
[    0.000000] Allocating PCI resources starting at 88000000 (gap: 80000000:7ee00000)
[    0.000000] Detected 2399.822 MHz processor.
[   56.072183] Built 1 zonelists.  Total pages: 520065
[   56.072186] Kernel command line: root=UUID=dec3ca1a-6637-4ae1-bc7b-964add496c47 ro quiet splash
[   56.072286] mapped APIC to ffffd000 (fee00000)
[   56.072288] mapped IOAPIC to ffffc000 (fec00000)
[   56.072290] Enabling fast FPU save and restore... done.
[   56.072292] Enabling unmasked SIMD FPU exception support... done.
[   56.072296] Initializing CPU#0
[   56.072338] PID hash table entries: 4096 (order: 12, 16384 bytes)
[   56.073603] Console: colour VGA+ 80x25
[   56.073773] Dentry cache hash table entries: 131072 (order: 7, 524288 bytes)
[   56.073969] Inode-cache hash table entries: 65536 (order: 6, 262144 bytes)
[   56.126836] Memory: 2067632k/2096640k available (1993k kernel code, 27772k reserved, 900k data, 328k init, 1179136k highmem)
[   56.126842] virtual kernel memory layout:
[   56.126843]     fixmap  : 0xfff4e000 - 0xfffff000   ( 708 kB)
[   56.126844]     pkmap   : 0xff800000 - 0xffc00000   (4096 kB)
[   56.126845]     vmalloc : 0xf8800000 - 0xff7fe000   ( 111 MB)
[   56.126845]     lowmem  : 0xc0000000 - 0xf8000000   ( 896 MB)
[   56.126846]       .init : 0xc03d9000 - 0xc042b000   ( 328 kB)
[   56.126847]       .data : 0xc02f2434 - 0xc03d36d4   ( 900 kB)
[   56.126848]       .text : 0xc0100000 - 0xc02f2434   (1993 kB)
[   56.126850] Checking if this processor honours the WP bit even in supervisor mode... Ok.
[   56.126958] hpet0: at MMIO 0xfed00000, IRQs 2, 8, 0, 0
[   56.126963] hpet0: 4 64-bit timers, 14318180 Hz
[   56.127964] Using HPET for base-timer
[   56.206826] Calibrating delay using timer specific routine.. 4802.82 BogoMIPS (lpj=9605650)
[   56.206856] Security Framework v1.0.0 initialized
[   56.206861] SELinux:  Disabled at boot.
[   56.206872] Mount-cache hash table entries: 512
[   56.206971] CPU: After generic identify, caps: bfebfbff 20100000 00000000 00000000 0000e3bd 00000000 00000001
[   56.206977] monitor/mwait feature present.
[   56.206978] using mwait in idle threads.
[   56.206982] CPU: L1 I cache: 32K, L1 D cache: 32K
[   56.206983] CPU: L2 cache: 4096K
[   56.206985] CPU: Physical Processor ID: 0
[   56.206986] CPU: Processor Core ID: 0
[   56.206987] CPU: After all inits, caps: bfebfbff 20100000 00000000 00003940 0000e3bd 00000000 00000001
[   56.206994] Compat vDSO mapped to ffffe000.
[   56.206997] Remapping vsyscall page to ffffe000
[   56.207006] Checking 'hlt' instruction... OK.
[   56.222893] SMP alternatives: switching to UP code
[   56.223185] Early unpacking initramfs... done
[   56.442505] ACPI: Core revision 20060707
[   56.442726] ACPI: Looking for DSDT in initramfs... file /DSDT.aml not found, using machine DSDT.
[   56.467060] CPU0: Intel(R) Core(TM)2 Quad CPU           @ 2.40GHz stepping 07
[   56.467073] SMP alternatives: switching to SMP code
[   56.467128] Booting processor 1/1 eip 3000
[   56.477618] Initializing CPU#1
[   56.558236] Calibrating delay using timer specific routine.. 4799.54 BogoMIPS (lpj=9599089)
[   56.558241] CPU: After generic identify, caps: bfebfbff 20100000 00000000 00000000 0000e3bd 00000000 00000001
[   56.558245] monitor/mwait feature present.
[   56.558247] CPU: L1 I cache: 32K, L1 D cache: 32K
[   56.558248] CPU: L2 cache: 4096K
[   56.558250] CPU: Physical Processor ID: 0
[   56.558251] CPU: Processor Core ID: 1
[   56.558252] CPU: After all inits, caps: bfebfbff 20100000 00000000 00003940 0000e3bd 00000000 00000001
[   56.558769] CPU1: Intel(R) Core(TM)2 Quad CPU           @ 2.40GHz stepping 07
[   56.558784] SMP alternatives: switching to SMP code
[   56.558844] Booting processor 2/2 eip 3000
[   56.569295] Initializing CPU#2
[   56.646090] Calibrating delay using timer specific routine.. 4799.57 BogoMIPS (lpj=9599143)
[   56.646094] CPU: After generic identify, caps: bfebfbff 20100000 00000000 00000000 0000e3bd 00000000 00000001
[   56.646098] monitor/mwait feature present.
[   56.646100] CPU: L1 I cache: 32K, L1 D cache: 32K
[   56.646101] CPU: L2 cache: 4096K
[   56.646103] CPU: Physical Processor ID: 0
[   56.646104] CPU: Processor Core ID: 2
[   56.646105] CPU: After all inits, caps: bfebfbff 20100000 00000000 00003940 0000e3bd 00000000 00000001
[   56.646662] CPU2: Intel(R) Core(TM)2 Quad CPU           @ 2.40GHz stepping 07
[   56.646674] SMP alternatives: switching to SMP code
[   56.646687] Booting processor 3/3 eip 3000
[   56.657138] Initializing CPU#3
[   56.733942] Calibrating delay using timer specific routine.. 4799.60 BogoMIPS (lpj=9599204)
[   56.733947] CPU: After generic identify, caps: bfebfbff 20100000 00000000 00000000 0000e3bd 00000000 00000001
[   56.733951] monitor/mwait feature present.
[   56.733953] CPU: L1 I cache: 32K, L1 D cache: 32K
[   56.733954] CPU: L2 cache: 4096K
[   56.733956] CPU: Physical Processor ID: 0
[   56.733957] CPU: Processor Core ID: 3
[   56.733958] CPU: After all inits, caps: bfebfbff 20100000 00000000 00003940 0000e3bd 00000000 00000001
[   56.734460] CPU3: Intel(R) Core(TM)2 Quad CPU           @ 2.40GHz stepping 07
[   56.734473] Total of 4 processors activated (19201.54 BogoMIPS).
[   56.734610] ENABLING IO-APIC IRQs
[   56.734768] ..TIMER: vector=0x31 apic1=0 pin1=2 apic2=-1 pin2=-1
[   56.881696] checking TSC synchronization across 4 CPUs: passed.
[    0.011973] Brought up 4 CPUs
[    0.377051] migration_cost=686,3721
[    0.377293] Booting paravirtualized kernel on bare hardware
[    0.377376] Time:  0:41:55  Date: 08/04/107
[    0.377424] NET: Registered protocol family 16
[    0.377483] EISA bus registered
[    0.377487] ACPI: bus type pci registered
[    0.377602] PCI: PCI BIOS revision 3.00 entry at 0xf0031, last bus=5
[    0.377603] PCI: Using configuration type 1
[    0.377604] Setting up standard PCI resources
[    0.384332] ACPI: Interpreter enabled
[    0.384333] ACPI: Using IOAPIC for interrupt routing
[    0.385002] ACPI: PCI Root Bridge [PCI0] (0000:00)
[    0.385007] PCI: Probing PCI hardware (bus 00)
[    0.385898] Boot video device is 0000:01:00.0
[    0.386273] PCI: Transparent bridge - 0000:00:1e.0
[    0.386343] ACPI: PCI Interrupt Routing Table [\_SB_.PCI0._PRT]
[    0.408624] ACPI: PCI Interrupt Routing Table [\_SB_.PCI0.P0P2._PRT]
[    0.408832] ACPI: PCI Interrupt Routing Table [\_SB_.PCI0.P0P1._PRT]
[    0.411953] ACPI: PCI Interrupt Routing Table [\_SB_.PCI0.P0P8._PRT]
[    0.412162] ACPI: PCI Interrupt Routing Table [\_SB_.PCI0.P0P9._PRT]
[    0.414437] ACPI: PCI Interrupt Routing Table [\_SB_.PCI0.P0P4._PRT]
[    0.414914] ACPI: PCI Interrupt Link [LNKA] (IRQs 3 4 5 6 7 10 *11 12 14 15)
[    0.415156] ACPI: PCI Interrupt Link [LNKB] (IRQs 3 4 5 6 7 *10 11 12 14 15)
[    0.415396] ACPI: PCI Interrupt Link [LNKC] (IRQs 3 4 *5 6 7 10 11 12 14 15)
[    0.415634] ACPI: PCI Interrupt Link [LNKD] (IRQs 3 4 5 6 7 *10 11 12 14 15)
[    0.415871] ACPI: PCI Interrupt Link [LNKE] (IRQs 3 4 5 6 7 10 11 12 14 15) *0, disabled.
[    0.416111] ACPI: PCI Interrupt Link [LNKF] (IRQs *3 4 5 6 7 10 11 12 14 15)
[    0.416348] ACPI: PCI Interrupt Link [LNKG] (IRQs 3 4 5 6 *7 10 11 12 14 15)
[    0.416586] ACPI: PCI Interrupt Link [LNKH] (IRQs 3 4 5 6 7 10 *11 12 14 15)
[    0.416708] Linux Plug and Play Support v0.97 (c) Adam Belay
[    0.416727] pnp: PnP ACPI init
[    0.419506] pnp: PnP ACPI: found 14 devices
[    0.419509] PnPBIOS: Disabled by ACPI PNP
[    0.419542] PCI: Using ACPI for IRQ routing
[    0.419544] PCI: If a device doesn't work, try "pci=routeirq".  If it helps, post a report
[    0.428891] NET: Registered protocol family 8
[    0.428893] NET: Registered protocol family 20
[    0.429452] pnp: 00:06: ioport range 0x290-0x297 has been reserved
[    0.429815] PCI: Bridge: 0000:00:01.0
[    0.429818]   IO window: d000-dfff
[    0.429822]   MEM window: fa000000-fe9fffff
[    0.429828]   PREFETCH window: d0000000-dfffffff
[    0.429832] PCI: Bridge: 0000:00:1c.0
[    0.429833]   IO window: disabled.
[    0.429837]   MEM window: disabled.
[    0.429841]   PREFETCH window: f8f00000-f8ffffff
[    0.429846] PCI: Bridge: 0000:00:1c.4
[    0.429849]   IO window: e000-efff
[    0.429853]   MEM window: feb00000-febfffff
[    0.429857]   PREFETCH window: disabled.
[    0.429861] PCI: Bridge: 0000:00:1c.5
[    0.429862]   IO window: disabled.
[    0.429867]   MEM window: fea00000-feafffff
[    0.429870]   PREFETCH window: disabled.
[    0.429875] PCI: Bridge: 0000:00:1e.0
[    0.429876]   IO window: disabled.
[    0.429880]   MEM window: disabled.
[    0.429883]   PREFETCH window: disabled.
[    0.429897] ACPI: PCI Interrupt 0000:00:01.0[A] -> GSI 16 (level, low) -> IRQ 16
[    0.429902] PCI: Setting latency timer of device 0000:00:01.0 to 64
[    0.429919] ACPI: PCI Interrupt 0000:00:1c.0[A] -> GSI 17 (level, low) -> IRQ 17
[    0.429924] PCI: Setting latency timer of device 0000:00:1c.0 to 64
[    0.429939] ACPI: PCI Interrupt 0000:00:1c.4[A] -> GSI 17 (level, low) -> IRQ 17
[    0.429944] PCI: Setting latency timer of device 0000:00:1c.4 to 64
[    0.429960] ACPI: PCI Interrupt 0000:00:1c.5[B] -> GSI 16 (level, low) -> IRQ 16
[    0.429965] PCI: Setting latency timer of device 0000:00:1c.5 to 64
[    0.429975] PCI: Setting latency timer of device 0000:00:1e.0 to 64
[    0.430007] NET: Registered protocol family 2
[    0.490096] IP route cache hash table entries: 32768 (order: 5, 131072 bytes)
[    0.490187] TCP established hash table entries: 131072 (order: 8, 1048576 bytes)
[    0.490549] TCP bind hash table entries: 65536 (order: 7, 524288 bytes)
[    0.490694] TCP: Hash tables configured (established 131072 bind 65536)
[    0.490696] TCP reno registered
[    0.506262] checking if image is initramfs... it is
[    0.938911] Freeing initrd memory: 6769k freed
[    0.939715] audit: initializing netlink socket (disabled)
[    0.939725] audit(1188866515.760:1): initialized
[    0.939856] highmem bounce pool size: 64 pages
[    0.939999] VFS: Disk quotas dquot_6.5.1
[    0.940017] Dquot-cache hash table entries: 1024 (order 0, 4096 bytes)
[    0.940063] io scheduler noop registered
[    0.940065] io scheduler anticipatory registered
[    0.940067] io scheduler deadline registered
[    0.940084] io scheduler cfq registered (default)
[    0.940330] PCI: Setting latency timer of device 0000:00:01.0 to 64
[    0.940364] assign_interrupt_mode Found MSI capability
[    0.940367] Allocate Port Service[0000:00:01.0:pcie00]
[    0.940450] PCI: Setting latency timer of device 0000:00:1c.0 to 64
[    0.940494] assign_interrupt_mode Found MSI capability
[    0.940496] Allocate Port Service[0000:00:1c.0:pcie00]
[    0.940523] Allocate Port Service[0000:00:1c.0:pcie02]
[    0.940594] PCI: Setting latency timer of device 0000:00:1c.4 to 64
[    0.940626] assign_interrupt_mode Found MSI capability
[    0.940628] Allocate Port Service[0000:00:1c.4:pcie00]
[    0.940649] Allocate Port Service[0000:00:1c.4:pcie02]
[    0.940720] PCI: Setting latency timer of device 0000:00:1c.5 to 64
[    0.940752] assign_interrupt_mode Found MSI capability
[    0.940754] Allocate Port Service[0000:00:1c.5:pcie00]
[    0.940775] Allocate Port Service[0000:00:1c.5:pcie02]
[    0.940892] isapnp: Scanning for PnP cards...
[    1.293206] isapnp: No Plug & Play device found
[    1.308112] Real Time Clock Driver v1.12ac
[    1.308218] hpet_resources: 0xfed00000 is busy
[    1.308242] Serial: 8250/16550 driver $Revision: 1.90 $ 4 ports, IRQ sharing enabled
[    1.308353] serial8250: ttyS0 at I/O 0x3f8 (irq = 4) is a 16550A
[    1.308764] 00:09: ttyS0 at I/O 0x3f8 (irq = 4) is a 16550A
[    1.308890] mice: PS/2 mouse device common for all mice
[    1.309312] RAMDISK driver initialized: 16 RAM disks of 65536K size 1024 blocksize
[    1.309417] input: Macintosh mouse button emulation as /class/input/input0
[    1.309442] Uniform Multi-Platform E-IDE driver Revision: 7.00alpha2
[    1.309445] ide: Assuming 33MHz system bus speed for PIO modes; override with idebus=xx
[    1.309590] PNP: PS/2 Controller [PNP0303:PS2K] at 0x60,0x64 irq 1
[    1.309591] PNP: PS/2 controller doesn't have AUX irq; using default 12
[    1.312207] serio: i8042 KBD port at 0x60,0x64 irq 1
[    1.312211] serio: i8042 AUX port at 0x60,0x64 irq 12
[    1.312304] EISA: Probing bus 0 at eisa.0
[    1.312328] EISA: Detected 0 cards.
[    1.342353] TCP cubic registered
[    1.342370] NET: Registered protocol family 1
[    1.342389] Starting balanced_irq
[    1.342394] Using IPI No-Shortcut mode
[    1.342487] ACPI: (supports S0 S1 S3 S4 S5)
[    1.342529]   Magic number: 7:446:657
[    1.342655] Freeing unused kernel memory: 328k freed
[    1.345737] Time: tsc clocksource has been installed.
[    2.499909] Capability LSM initialized
[    2.777017] usbcore: registered new interface driver usbfs
[    2.777033] usbcore: registered new interface driver hub
[    2.777047] usbcore: registered new device driver usb
[    2.777592] USB Universal Host Controller Interface driver v3.0
[    2.777626] ACPI: PCI Interrupt 0000:00:1a.0[A] -> GSI 16 (level, low) -> IRQ 16
[    2.777634] PCI: Setting latency timer of device 0000:00:1a.0 to 64
[    2.777637] uhci_hcd 0000:00:1a.0: UHCI Host Controller
[    2.777704] uhci_hcd 0000:00:1a.0: new USB bus registered, assigned bus number 1
[    2.777726] uhci_hcd 0000:00:1a.0: irq 16, io base 0x0000c800
[    2.777793] usb usb1: configuration #1 chosen from 1 choice
[    2.777810] hub 1-0:1.0: USB hub found
[    2.777813] hub 1-0:1.0: 2 ports detected
[    2.808008] SCSI subsystem initialized
[    2.816914] libata version 2.20 loaded.
[    2.881150] ACPI: PCI Interrupt 0000:00:1a.1[B] -> GSI 21 (level, low) -> IRQ 18
[    2.881160] PCI: Setting latency timer of device 0000:00:1a.1 to 64
[    2.881164] uhci_hcd 0000:00:1a.1: UHCI Host Controller
[    2.881191] uhci_hcd 0000:00:1a.1: new USB bus registered, assigned bus number 2
[    2.881218] uhci_hcd 0000:00:1a.1: irq 18, io base 0x0000c880
[    2.881309] usb usb2: configuration #1 chosen from 1 choice
[    2.881326] hub 2-0:1.0: USB hub found
[    2.881332] hub 2-0:1.0: 2 ports detected
[    2.985506] ACPI: PCI Interrupt 0000:00:1a.2[C] -> GSI 18 (level, low) -> IRQ 19
[    2.985513] PCI: Setting latency timer of device 0000:00:1a.2 to 64
[    2.985517] uhci_hcd 0000:00:1a.2: UHCI Host Controller
[    2.985539] uhci_hcd 0000:00:1a.2: new USB bus registered, assigned bus number 3
[    2.985564] uhci_hcd 0000:00:1a.2: irq 19, io base 0x0000cc00
[    2.985641] usb usb3: configuration #1 chosen from 1 choice
[    2.985686] hub 3-0:1.0: USB hub found
[    2.985689] hub 3-0:1.0: 2 ports detected
[    3.089978] ACPI: PCI Interrupt 0000:00:1d.0[A] -> GSI 23 (level, low) -> IRQ 20
[    3.089986] PCI: Setting latency timer of device 0000:00:1d.0 to 64
[    3.089989] uhci_hcd 0000:00:1d.0: UHCI Host Controller
[    3.090012] uhci_hcd 0000:00:1d.0: new USB bus registered, assigned bus number 4
[    3.090035] uhci_hcd 0000:00:1d.0: irq 20, io base 0x0000c080
[    3.090123] usb usb4: configuration #1 chosen from 1 choice
[    3.090137] hub 4-0:1.0: USB hub found
[    3.090141] hub 4-0:1.0: 2 ports detected
[    3.194293] ACPI: PCI Interrupt 0000:00:1d.1[B] -> GSI 19 (level, low) -> IRQ 21
[    3.194300] PCI: Setting latency timer of device 0000:00:1d.1 to 64
[    3.194304] uhci_hcd 0000:00:1d.1: UHCI Host Controller
[    3.194327] uhci_hcd 0000:00:1d.1: new USB bus registered, assigned bus number 5
[    3.194351] uhci_hcd 0000:00:1d.1: irq 21, io base 0x0000c400
[    3.194429] usb usb5: configuration #1 chosen from 1 choice
[    3.194450] hub 5-0:1.0: USB hub found
[    3.194455] hub 5-0:1.0: 2 ports detected
[    3.294673] ACPI: PCI Interrupt 0000:00:1d.2[C] -> GSI 18 (level, low) -> IRQ 19
[    3.294679] PCI: Setting latency timer of device 0000:00:1d.2 to 64
[    3.294683] uhci_hcd 0000:00:1d.2: UHCI Host Controller
[    3.294706] uhci_hcd 0000:00:1d.2: new USB bus registered, assigned bus number 6
[    3.294727] uhci_hcd 0000:00:1d.2: irq 19, io base 0x0000c480
[    3.294806] usb usb6: configuration #1 chosen from 1 choice
[    3.294828] hub 6-0:1.0: USB hub found
[    3.294833] hub 6-0:1.0: 2 ports detected
[    3.326714] usb 3-2: new low speed USB device using uhci_hcd and address 2
[    3.399123] ACPI: PCI Interrupt 0000:00:1a.7[C] -> GSI 18 (level, low) -> IRQ 19
[    3.399135] PCI: Setting latency timer of device 0000:00:1a.7 to 64
[    3.399138] ehci_hcd 0000:00:1a.7: EHCI Host Controller
[    3.399161] ehci_hcd 0000:00:1a.7: new USB bus registered, assigned bus number 7
[    3.399187] ehci_hcd 0000:00:1a.7: debug port 1
[    3.399192] PCI: cache line size of 32 is not supported by device 0000:00:1a.7
[    3.399197] ehci_hcd 0000:00:1a.7: irq 19, io mem 0xf9fffc00
[    3.403061] ehci_hcd 0000:00:1a.7: USB 2.0 started, EHCI 1.00, driver 10 Dec 2004
[    3.403115] usb usb7: configuration #1 chosen from 1 choice
[    3.403132] hub 7-0:1.0: USB hub found
[    3.403136] hub 7-0:1.0: 6 ports detected
[    3.507471] ACPI: PCI Interrupt 0000:00:1d.7[A] -> GSI 23 (level, low) -> IRQ 20
[    3.507480] PCI: Setting latency timer of device 0000:00:1d.7 to 64
[    3.507484] ehci_hcd 0000:00:1d.7: EHCI Host Controller
[    3.507510] ehci_hcd 0000:00:1d.7: new USB bus registered, assigned bus number 8
[    3.507538] ehci_hcd 0000:00:1d.7: debug port 1
[    3.507544] PCI: cache line size of 32 is not supported by device 0000:00:1d.7
[    3.507549] ehci_hcd 0000:00:1d.7: irq 20, io mem 0xf9fff800
[    3.511431] ehci_hcd 0000:00:1d.7: USB 2.0 started, EHCI 1.00, driver 10 Dec 2004
[    3.511477] usb usb8: configuration #1 chosen from 1 choice
[    3.511493] hub 8-0:1.0: USB hub found
[    3.511497] hub 8-0:1.0: 6 ports detected
[    3.615836] ata_piix 0000:00:1f.2: version 2.10ac1
[    3.615844] ata_piix 0000:00:1f.2: MAP [ P0 P2 P1 P3 ]
[    3.615873] ACPI: PCI Interrupt 0000:00:1f.2[B] -> GSI 22 (level, low) -> IRQ 22
[    3.615891] PCI: Setting latency timer of device 0000:00:1f.2 to 64
[    3.615941] ata1: SATA max UDMA/133 cmd 0x000101f0 ctl 0x000103f6 bmdma 0x0001ff90 irq 14
[    3.615964] ata2: SATA max UDMA/133 cmd 0x00010170 ctl 0x00010376 bmdma 0x0001ff98 irq 15
[    3.616012] scsi0 : ata_piix
[    3.837730] ata1.00: ata_hpa_resize 1: sectors = 976773168, hpa_sectors = 976773168
[    3.837735] ata1.00: ATA-7: ST3500630AS, 3.AAK, max UDMA/133
[    3.837738] ata1.00: 976773168 sectors, multi 16: LBA48 NCQ (depth 0/32)
[    3.856700] usb 3-2: device not accepting address 2, error -71
[    3.904242] ata1.00: ata_hpa_resize 1: sectors = 976773168, hpa_sectors = 976773168
[    3.904246] ata1.00: configured for UDMA/133
[    3.904253] scsi1 : ata_piix
[    4.099423] ata2.00: ata_hpa_resize 1: sectors = 976773168, hpa_sectors = 976773168
[    4.099427] ata2.00: ATA-7: ST3500630AS, 3.AAK, max UDMA/133
[    4.099430] ata2.00: 976773168 sectors, multi 16: LBA48 NCQ (depth 0/32)
[    4.157631] ata2.00: ata_hpa_resize 1: sectors = 976773168, hpa_sectors = 976773168
[    4.157635] ata2.00: configured for UDMA/133
[    4.157739] scsi 0:0:0:0: Direct-Access     ATA      ST3500630AS      3.AA PQ: 0 ANSI: 5
[    4.158394] scsi 1:0:0:0: Direct-Access     ATA      ST3500630AS      3.AA PQ: 0 ANSI: 5
[    4.158922] ata_piix 0000:00:1f.5: MAP [ P0 P2 P1 P3 ]
[    4.158937] ACPI: PCI Interrupt 0000:00:1f.5[B] -> GSI 22 (level, low) -> IRQ 22
[    4.158948] PCI: Setting latency timer of device 0000:00:1f.5 to 64
[    4.158967] ata3: SATA max UDMA/133 cmd 0x0001c000 ctl 0x0001bc02 bmdma 0x0001b480 irq 22
[    4.158982] ata4: SATA max UDMA/133 cmd 0x0001b880 ctl 0x0001b802 bmdma 0x0001b488 irq 22
[    4.158991] scsi2 : ata_piix
[    4.278303] usb 7-5: new high speed USB device using ehci_hcd and address 2
[    4.325032] ATA: abnormal status 0x7F on port 0x0001c007
[    4.325039] scsi3 : ata_piix
[    4.418452] usb 7-5: configuration #1 chosen from 1 choice
[    4.520938] ata4.00: ata_hpa_resize 1: sectors = 488397168, hpa_sectors = 488397168
[    4.520943] ata4.00: ATA-7: ST3250620AS, 3.AAE, max UDMA/133
[    4.520946] ata4.00: 488397168 sectors, multi 16: LBA48 NCQ (depth 0/32)
[    4.587461] ata4.00: ata_hpa_resize 1: sectors = 488397168, hpa_sectors = 488397168
[    4.587466] ata4.00: configured for UDMA/133
[    4.588086] scsi 3:0:0:0: Direct-Access     ATA      ST3250620AS      3.AA PQ: 0 ANSI: 5
[    4.594319] SCSI device sda: 976773168 512-byte hdwr sectors (500108 MB)
[    4.594328] sda: Write Protect is off
[    4.594329] sda: Mode Sense: 00 3a 00 00
[    4.594339] SCSI device sda: write cache: enabled, read cache: enabled, doesn't support DPO or FUA
[    4.594370] SCSI device sda: 976773168 512-byte hdwr sectors (500108 MB)
[    4.594376] sda: Write Protect is off
[    4.594377] sda: Mode Sense: 00 3a 00 00
[    4.594406] SCSI device sda: write cache: enabled, read cache: enabled, doesn't support DPO or FUA
[    4.594419]  sda: sda1 sda2 < sda5 sda6 sda7 sda8 >
[    4.653291] sd 0:0:0:0: Attached scsi disk sda
[    4.653392] SCSI device sdb: 976773168 512-byte hdwr sectors (500108 MB)
[    4.653400] sdb: Write Protect is off
[    4.653401] sdb: Mode Sense: 00 3a 00 00
[    4.653411] SCSI device sdb: write cache: enabled, read cache: enabled, doesn't support DPO or FUA
[    4.653439] SCSI device sdb: 976773168 512-byte hdwr sectors (500108 MB)
[    4.653445] sdb: Write Protect is off
[    4.653446] sdb: Mode Sense: 00 3a 00 00
[    4.653456] SCSI device sdb: write cache: enabled, read cache: enabled, doesn't support DPO or FUA
[    4.653457]  sdb: sdb1
[    4.671484] sd 1:0:0:0: Attached scsi disk sdb
[    4.671586] SCSI device sdc: 488397168 512-byte hdwr sectors (250059 MB)
[    4.671592] sdc: Write Protect is off
[    4.671594] sdc: Mode Sense: 00 3a 00 00
[    4.671603] SCSI device sdc: write cache: enabled, read cache: enabled, doesn't support DPO or FUA
[    4.671626] SCSI device sdc: 488397168 512-byte hdwr sectors (250059 MB)
[    4.671632] sdc: Write Protect is off
[    4.671633] sdc: Mode Sense: 00 3a 00 00
[    4.671643] SCSI device sdc: write cache: enabled, read cache: enabled, doesn't support DPO or FUA
[    4.671644]  sdc: sdc1 < sdc5 >
[    4.703279] sd 3:0:0:0: Attached scsi disk sdc
[    4.705960] sd 0:0:0:0: Attached scsi generic sg0 type 0
[    4.705976] sd 1:0:0:0: Attached scsi generic sg1 type 0
[    4.705990] sd 3:0:0:0: Attached scsi generic sg2 type 0
[    4.980246] EXT3-fs: INFO: recovery required on readonly filesystem.
[    4.980250] EXT3-fs: write access will be enabled during recovery.
[    5.031138] usb 3-2: new low speed USB device using uhci_hcd and address 4
[    5.209948] usb 3-2: configuration #1 chosen from 1 choice
[    5.454365] usb 5-2: new full speed USB device using uhci_hcd and address 2
[    5.576667] usb 5-2: device descriptor read/64, error -71
[    5.803646] usb 5-2: device descriptor read/64, error -71
[    5.884183] kjournald starting.  Commit interval 5 seconds
[    5.884194] EXT3-fs: recovery complete.
[    5.885336] EXT3-fs: mounted filesystem with ordered data mode.
[    6.017920] usb 5-2: new full speed USB device using uhci_hcd and address 3
[    6.138770] usb 5-2: device descriptor read/64, error -71
[    6.368350] usb 5-2: device descriptor read/64, error -71
[    6.581569] usb 5-2: new full speed USB device using uhci_hcd and address 4
[    6.992401] usb 5-2: device not accepting address 4, error -71
[    7.105127] usb 5-2: new full speed USB device using uhci_hcd and address 5
[    7.520465] usb 5-2: device not accepting address 5, error -71
[    7.520507] usbcore: registered new interface driver hiddev
[    7.588975] input: Logitech USB Receiver as /class/input/input1
[    7.588987] input: USB HID v1.10 Keyboard [Logitech USB Receiver] on usb-0000:00:1a.2-2
[    7.617950] input: Logitech USB Receiver as /class/input/input2
[    7.617995] input,hiddev96: USB HID v1.10 Mouse [Logitech USB Receiver] on usb-0000:00:1a.2-2
[    7.618006] usbcore: registered new interface driver usbhid
[    7.618009] drivers/usb/input/hid-core.c: v2.6:USB HID core driver
[   11.071650] pci_hotplug: PCI Hot Plug PCI Core version: 0.5
[   11.098727] shpchp: Standard Hot Plug PCI Controller Driver version: 0.4
[   11.152534] input: PC Speaker as /class/input/input3
[   11.188106] Linux agpgart interface v0.102 (c) Dave Jones
[   11.189695] agpgart: Detected an Intel G33 Chipset.
[   11.203231] agpgart: AGP aperture is 256M @ 0x0
[   11.512364] nvidia: module license 'NVIDIA' taints kernel.
[   11.763083] ACPI: PCI Interrupt 0000:01:00.0[A] -> GSI 16 (level, low) -> IRQ 16
[   11.763091] PCI: Setting latency timer of device 0000:01:00.0 to 64
[   11.763165] NVRM: loading NVIDIA UNIX x86 Kernel Module  100.14.11  Wed Jun 13 18:21:22 PDT 2007
[   11.772374] Attansic L1 Ethernet Network Driver - version 2.0.6
[   11.772377] Copyright(c) 2005-2006 Attansic Corporation.
[   11.772430] ACPI: PCI Interrupt 0000:02:00.0[A] -> GSI 17 (level, low) -> IRQ 17
[   11.772440] PCI: Setting latency timer of device 0000:02:00.0 to 64
[   11.796205] atl1 0000:02:00.0: Unable to enable MSI: -22
[   11.925489] ACPI: PCI Interrupt 0000:00:1b.0[A] -> GSI 22 (level, low) -> IRQ 22
[   11.925510] PCI: Setting latency timer of device 0000:00:1b.0 to 64
[   12.133402] hda_codec: Unknown model for ALC883, trying auto-probe from BIOS...
[   12.358449] fuse init (API version 7.8)
[   12.386904] lp: driver loaded but no devices found
[   12.411646] ndiswrapper version 1.38 loaded (preempt=no,smp=yes)
[   12.674184] usb 7-5: reset high speed USB device using ehci_hcd and address 2
[   12.817090] ndiswrapper: driver net8187b (Realtek Semiconductor Corp.,07/18/2007,5.1097.0718.2007) loaded
[   12.872926] NET: Registered protocol family 17
[   16.638780] wlan0: ethernet device 00:14:d1:38:f6:56 using NDIS driver: net8187b, version: 0x1, NDIS version: 0x500, vendor: 'Realtek RTL8187 Wireless LAN USB NIC                                     ', 0BDA:8189.F.conf
[   16.638802] wlan0: encryption modes supported: WEP; TKIP with WPA, WPA2, WPA2PSK; AES/CCMP with WPA, WPA2, WPA2PSK
[   16.638872] usbcore: registered new interface driver ndiswrapper
[   16.812295] EXT3 FS on sda5, internal journal
[   17.510909] kjournald starting.  Commit interval 5 seconds
[   17.511155] EXT3 FS on sda6, internal journal
[   17.511162] EXT3-fs: mounted filesystem with ordered data mode.
[   17.786750] kjournald starting.  Commit interval 5 seconds
[   17.786955] EXT3 FS on sdc5, internal journal
[   17.786959] EXT3-fs: recovery complete.
[   17.787111] EXT3-fs: mounted filesystem with ordered data mode.
[   17.992335] kjournald starting.  Commit interval 5 seconds
[   17.992632] EXT3 FS on sda7, internal journal
[   17.992636] EXT3-fs: recovery complete.
[   17.992822] EXT3-fs: mounted filesystem with ordered data mode.
[   21.544838] NET: Registered protocol family 10
[   21.544920] lo: Disabled Privacy Extensions
[   21.544952] ADDRCONF(NETDEV_UP): eth1: link is not ready
[   21.659119] ibm_acpi: ec object not found
[   21.696496] Using specific hotkey driver
[   21.748198] No dock devices found.
[   21.778381] input: Power Button (FF) as /class/input/input4
[   21.778481] ACPI: Power Button (FF) [PWRF]
[   21.779040] input: Power Button (CM) as /class/input/input5
[   21.779137] ACPI: Power Button (CM) [PWRB]
[   21.829622] pcc_acpi: loading...
[   21.927532] wlan0: duplicate address detected!
[   21.928523] wlan0: duplicate address detected!
[   23.045178] ppdev: user-space parallel port driver
[   23.446456] apm: BIOS version 1.2 Flags 0x03 (Driver version 1.16ac)
[   23.446460] apm: disabled - APM is not SMP safe.
[   23.839883] Bluetooth: Core ver 2.11
[   23.839930] NET: Registered protocol family 31
[   23.839931] Bluetooth: HCI device and connection manager initialized
[   23.839934] Bluetooth: HCI socket layer initialized
[   23.849883] Bluetooth: L2CAP ver 2.8
[   23.849896] Bluetooth: L2CAP socket layer initialized
[   24.123609] usb 5-2: new full speed USB device using uhci_hcd and address 6
[   24.244292] usb 5-2: device descriptor read/64, error -71
[   24.473690] usb 5-2: device descriptor read/64, error -71
[   24.690359] usb 5-2: new full speed USB device using uhci_hcd and address 7
[   24.810643] usb 5-2: device descriptor read/64, error -71
[   25.039515] usb 5-2: device descriptor read/64, error -71
[   25.256285] usb 5-2: new full speed USB device using uhci_hcd and address 8
[   25.669837] usb 5-2: device not accepting address 8, error -71
[   25.782278] usb 5-2: new full speed USB device using uhci_hcd and address 9
[   26.199823] usb 5-2: device not accepting address 9, error -71
[   26.249215] Bluetooth: RFCOMM socket layer initialized
[   26.249221] Bluetooth: RFCOMM TTY layer initialized
[   26.249223] Bluetooth: RFCOMM ver 1.8
[   68.485401] ADDRCONF(NETDEV_CHANGE): wlan0: link becomes ready
[   69.426429] wlan0: duplicate address detected!
[   69.427528] wlan0: duplicate address detected!
[  139.282013] wlan0: no IPv6 routers present
[  569.351025] ADDRCONF(NETDEV_CHANGE): wlan0: link becomes ready
[  569.954411] wlan0: duplicate address detected!
[  569.955385] wlan0: duplicate address detected!
[  591.228731] ADDRCONF(NETDEV_UP): wlan0: link is not ready
[  591.500607] ADDRCONF(NETDEV_CHANGE): wlan0: link becomes ready
[  591.545529] wlan0: duplicate address detected!
[  591.546639] wlan0: duplicate address detected!
[  608.387913] wlan0: no IPv6 routers present

```

-output from lshw:
```
[    0.384332] ACPI: Interpreter enabled
[    0.384333] ACPI: Using IOAPIC for interrupt routing
[    0.385002] ACPI: PCI Root Bridge [PCI0] (0000:00)
[    0.385007] PCI: Probing PCI hardware (bus 00)
[    0.385898] Boot video device is 0000:01:00.0
[    0.386273] PCI: Transparent bridge - 0000:00:1e.0
[    0.386343] ACPI: PCI Interrupt Routing Table [\_SB_.PCI0._PRT]
[    0.408624] ACPI: PCI Interrupt Routing Table [\_SB_.PCI0.P0P2._PRT]
[    0.408832] ACPI: PCI Interrupt Routing Table [\_SB_.PCI0.P0P1._PRT]
[    0.411953] ACPI: PCI Interrupt Routing Table [\_SB_.PCI0.P0P8._PRT]
[    0.412162] ACPI: PCI Interrupt Routing Table [\_SB_.PCI0.P0P9._PRT]
[    0.414437] ACPI: PCI Interrupt Routing Table [\_SB_.PCI0.P0P4._PRT]
[    0.414914] ACPI: PCI Interrupt Link [LNKA] (IRQs 3 4 5 6 7 10 *11 12 14 15)
[    0.415156] ACPI: PCI Interrupt Link [LNKB] (IRQs 3 4 5 6 7 *10 11 12 14 15)
[    0.415396] ACPI: PCI Interrupt Link [LNKC] (IRQs 3 4 *5 6 7 10 11 12 14 15)
[    0.415634] ACPI: PCI Interrupt Link [LNKD] (IRQs 3 4 5 6 7 *10 11 12 14 15)
[    0.415871] ACPI: PCI Interrupt Link [LNKE] (IRQs 3 4 5 6 7 10 11 12 14 15) *0, disabled.
[    0.416111] ACPI: PCI Interrupt Link [LNKF] (IRQs *3 4 5 6 7 10 11 12 14 15)
[    0.416348] ACPI: PCI Interrupt Link [LNKG] (IRQs 3 4 5 6 *7 10 11 12 14 15)
[    0.416586] ACPI: PCI Interrupt Link [LNKH] (IRQs 3 4 5 6 7 10 *11 12 14 15)
[    0.416708] Linux Plug and Play Support v0.97 (c) Adam Belay
[    0.416727] pnp: PnP ACPI init
[    0.419506] pnp: PnP ACPI: found 14 devices
[    0.419509] PnPBIOS: Disabled by ACPI PNP
[    0.419542] PCI: Using ACPI for IRQ routing
[    0.419544] PCI: If a device doesn't work, try "pci=routeirq".  If it helps, post a report
[    0.428891] NET: Registered protocol family 8
[    0.428893] NET: Registered protocol family 20
[    0.429452] pnp: 00:06: ioport range 0x290-0x297 has been reserved
[    0.429815] PCI: Bridge: 0000:00:01.0
[    0.429818]   IO window: d000-dfff
[    0.429822]   MEM window: fa000000-fe9fffff
[    0.429828]   PREFETCH window: d0000000-dfffffff
[    0.429832] PCI: Bridge: 0000:00:1c.0
[    0.429833]   IO window: disabled.
[    0.429837]   MEM window: disabled.
[    0.429841]   PREFETCH window: f8f00000-f8ffffff
[    0.429846] PCI: Bridge: 0000:00:1c.4
[    0.429849]   IO window: e000-efff
[    0.429853]   MEM window: feb00000-febfffff
[    0.429857]   PREFETCH window: disabled.
[    0.429861] PCI: Bridge: 0000:00:1c.5
[    0.429862]   IO window: disabled.
[    0.429867]   MEM window: fea00000-feafffff
[    0.429870]   PREFETCH window: disabled.
[    0.429875] PCI: Bridge: 0000:00:1e.0
[    0.429876]   IO window: disabled.
[    0.429880]   MEM window: disabled.
[    0.429883]   PREFETCH window: disabled.
[    0.429897] ACPI: PCI Interrupt 0000:00:01.0[A] -> GSI 16 (level, low) -> IRQ 16
[    0.429902] PCI: Setting latency timer of device 0000:00:01.0 to 64
[    0.429919] ACPI: PCI Interrupt 0000:00:1c.0[A] -> GSI 17 (level, low) -> IRQ 17
[    0.429924] PCI: Setting latency timer of device 0000:00:1c.0 to 64
[    0.429939] ACPI: PCI Interrupt 0000:00:1c.4[A] -> GSI 17 (level, low) -> IRQ 17
[    0.429944] PCI: Setting latency timer of device 0000:00:1c.4 to 64
[    0.429960] ACPI: PCI Interrupt 0000:00:1c.5[B] -> GSI 16 (level, low) -> IRQ 16
[    0.429965] PCI: Setting latency timer of device 0000:00:1c.5 to 64
[    0.429975] PCI: Setting latency timer of device 0000:00:1e.0 to 64
[    0.430007] NET: Registered protocol family 2
[    0.490096] IP route cache hash table entries: 32768 (order: 5, 131072 bytes)
[    0.490187] TCP established hash table entries: 131072 (order: 8, 1048576 bytes)
[    0.490549] TCP bind hash table entries: 65536 (order: 7, 524288 bytes)
[    0.490694] TCP: Hash tables configured (established 131072 bind 65536)
[    0.490696] TCP reno registered
[    0.506262] checking if image is initramfs... it is
[    0.938911] Freeing initrd memory: 6769k freed
[    0.939715] audit: initializing netlink socket (disabled)
[    0.939725] audit(1188866515.760:1): initialized
[    0.939856] highmem bounce pool size: 64 pages
[    0.939999] VFS: Disk quotas dquot_6.5.1
[    0.940017] Dquot-cache hash table entries: 1024 (order 0, 4096 bytes)
[    0.940063] io scheduler noop registered
[    0.940065] io scheduler anticipatory registered
[    0.940067] io scheduler deadline registered
[    0.940084] io scheduler cfq registered (default)
[    0.940330] PCI: Setting latency timer of device 0000:00:01.0 to 64
[    0.940364] assign_interrupt_mode Found MSI capability
[    0.940367] Allocate Port Service[0000:00:01.0:pcie00]
[    0.940450] PCI: Setting latency timer of device 0000:00:1c.0 to 64
[    0.940494] assign_interrupt_mode Found MSI capability
[    0.940496] Allocate Port Service[0000:00:1c.0:pcie00]
[    0.940523] Allocate Port Service[0000:00:1c.0:pcie02]
[    0.940594] PCI: Setting latency timer of device 0000:00:1c.4 to 64
[    0.940626] assign_interrupt_mode Found MSI capability
[    0.940628] Allocate Port Service[0000:00:1c.4:pcie00]
[    0.940649] Allocate Port Service[0000:00:1c.4:pcie02]
[    0.940720] PCI: Setting latency timer of device 0000:00:1c.5 to 64
[    0.940752] assign_interrupt_mode Found MSI capability
[    0.940754] Allocate Port Service[0000:00:1c.5:pcie00]
[    0.940775] Allocate Port Service[0000:00:1c.5:pcie02]
[    0.940892] isapnp: Scanning for PnP cards...
[    1.293206] isapnp: No Plug & Play device found
[    1.308112] Real Time Clock Driver v1.12ac
[    1.308218] hpet_resources: 0xfed00000 is busy
[    1.308242] Serial: 8250/16550 driver $Revision: 1.90 $ 4 ports, IRQ sharing enabled
[    1.308353] serial8250: ttyS0 at I/O 0x3f8 (irq = 4) is a 16550A
[    1.308764] 00:09: ttyS0 at I/O 0x3f8 (irq = 4) is a 16550A
[    1.308890] mice: PS/2 mouse device common for all mice
[    1.309312] RAMDISK driver initialized: 16 RAM disks of 65536K size 1024 blocksize
[    1.309417] input: Macintosh mouse button emulation as /class/input/input0
[    1.309442] Uniform Multi-Platform E-IDE driver Revision: 7.00alpha2
[    1.309445] ide: Assuming 33MHz system bus speed for PIO modes; override with idebus=xx
[    1.309590] PNP: PS/2 Controller [PNP0303:PS2K] at 0x60,0x64 irq 1
[    1.309591] PNP: PS/2 controller doesn't have AUX irq; using default 12
[    1.312207] serio: i8042 KBD port at 0x60,0x64 irq 1
[    1.312211] serio: i8042 AUX port at 0x60,0x64 irq 12
[    1.312304] EISA: Probing bus 0 at eisa.0
[    1.312328] EISA: Detected 0 cards.
[    1.342353] TCP cubic registered
[    1.342370] NET: Registered protocol family 1
[    1.342389] Starting balanced_irq
[    1.342394] Using IPI No-Shortcut mode
[    1.342487] ACPI: (supports S0 S1 S3 S4 S5)
[    1.342529]   Magic number: 7:446:657
[    1.342655] Freeing unused kernel memory: 328k freed
[    1.345737] Time: tsc clocksource has been installed.
[    2.499909] Capability LSM initialized
[    2.777017] usbcore: registered new interface driver usbfs
[    2.777033] usbcore: registered new interface driver hub
[    2.777047] usbcore: registered new device driver usb
[    2.777592] USB Universal Host Controller Interface driver v3.0
[    2.777626] ACPI: PCI Interrupt 0000:00:1a.0[A] -> GSI 16 (level, low) -> IRQ 16
[    2.777634] PCI: Setting latency timer of device 0000:00:1a.0 to 64
[    2.777637] uhci_hcd 0000:00:1a.0: UHCI Host Controller
[    2.777704] uhci_hcd 0000:00:1a.0: new USB bus registered, assigned bus number 1
[    2.777726] uhci_hcd 0000:00:1a.0: irq 16, io base 0x0000c800
[    2.777793] usb usb1: configuration #1 chosen from 1 choice
[    2.777810] hub 1-0:1.0: USB hub found
[    2.777813] hub 1-0:1.0: 2 ports detected
[    2.808008] SCSI subsystem initialized
[    2.816914] libata version 2.20 loaded.
[    2.881150] ACPI: PCI Interrupt 0000:00:1a.1[B] -> GSI 21 (level, low) -> IRQ 18
[    2.881160] PCI: Setting latency timer of device 0000:00:1a.1 to 64
[    2.881164] uhci_hcd 0000:00:1a.1: UHCI Host Controller
[    2.881191] uhci_hcd 0000:00:1a.1: new USB bus registered, assigned bus number 2
[    2.881218] uhci_hcd 0000:00:1a.1: irq 18, io base 0x0000c880
[    2.881309] usb usb2: configuration #1 chosen from 1 choice
[    2.881326] hub 2-0:1.0: USB hub found
[    2.881332] hub 2-0:1.0: 2 ports detected
[    2.985506] ACPI: PCI Interrupt 0000:00:1a.2[C] -> GSI 18 (level, low) -> IRQ 19
[    2.985513] PCI: Setting latency timer of device 0000:00:1a.2 to 64
[    2.985517] uhci_hcd 0000:00:1a.2: UHCI Host Controller
[    2.985539] uhci_hcd 0000:00:1a.2: new USB bus registered, assigned bus number 3
[    2.985564] uhci_hcd 0000:00:1a.2: irq 19, io base 0x0000cc00
[    2.985641] usb usb3: configuration #1 chosen from 1 choice
[    2.985686] hub 3-0:1.0: USB hub found
[    2.985689] hub 3-0:1.0: 2 ports detected
[    3.089978] ACPI: PCI Interrupt 0000:00:1d.0[A] -> GSI 23 (level, low) -> IRQ 20
[    3.089986] PCI: Setting latency timer of device 0000:00:1d.0 to 64
[    3.089989] uhci_hcd 0000:00:1d.0: UHCI Host Controller
[    3.090012] uhci_hcd 0000:00:1d.0: new USB bus registered, assigned bus number 4
[    3.090035] uhci_hcd 0000:00:1d.0: irq 20, io base 0x0000c080
[    3.090123] usb usb4: configuration #1 chosen from 1 choice
[    3.090137] hub 4-0:1.0: USB hub found
[    3.090141] hub 4-0:1.0: 2 ports detected
[    3.194293] ACPI: PCI Interrupt 0000:00:1d.1[B] -> GSI 19 (level, low) -> IRQ 21
[    3.194300] PCI: Setting latency timer of device 0000:00:1d.1 to 64
[    3.194304] uhci_hcd 0000:00:1d.1: UHCI Host Controller
[    3.194327] uhci_hcd 0000:00:1d.1: new USB bus registered, assigned bus number 5
[    3.194351] uhci_hcd 0000:00:1d.1: irq 21, io base 0x0000c400
[    3.194429] usb usb5: configuration #1 chosen from 1 choice
[    3.194450] hub 5-0:1.0: USB hub found
[    3.194455] hub 5-0:1.0: 2 ports detected
[    3.294673] ACPI: PCI Interrupt 0000:00:1d.2[C] -> GSI 18 (level, low) -> IRQ 19
[    3.294679] PCI: Setting latency timer of device 0000:00:1d.2 to 64
[    3.294683] uhci_hcd 0000:00:1d.2: UHCI Host Controller
[    3.294706] uhci_hcd 0000:00:1d.2: new USB bus registered, assigned bus number 6
[    3.294727] uhci_hcd 0000:00:1d.2: irq 19, io base 0x0000c480
[    3.294806] usb usb6: configuration #1 chosen from 1 choice
[    3.294828] hub 6-0:1.0: USB hub found
[    3.294833] hub 6-0:1.0: 2 ports detected
[    3.326714] usb 3-2: new low speed USB device using uhci_hcd and address 2
[    3.399123] ACPI: PCI Interrupt 0000:00:1a.7[C] -> GSI 18 (level, low) -> IRQ 19
[    3.399135] PCI: Setting latency timer of device 0000:00:1a.7 to 64
[    3.399138] ehci_hcd 0000:00:1a.7: EHCI Host Controller
[    3.399161] ehci_hcd 0000:00:1a.7: new USB bus registered, assigned bus number 7
[    3.399187] ehci_hcd 0000:00:1a.7: debug port 1
[    3.399192] PCI: cache line size of 32 is not supported by device 0000:00:1a.7
[    3.399197] ehci_hcd 0000:00:1a.7: irq 19, io mem 0xf9fffc00
[    3.403061] ehci_hcd 0000:00:1a.7: USB 2.0 started, EHCI 1.00, driver 10 Dec 2004
[    3.403115] usb usb7: configuration #1 chosen from 1 choice
[    3.403132] hub 7-0:1.0: USB hub found
[    3.403136] hub 7-0:1.0: 6 ports detected
[    3.507471] ACPI: PCI Interrupt 0000:00:1d.7[A] -> GSI 23 (level, low) -> IRQ 20
[    3.507480] PCI: Setting latency timer of device 0000:00:1d.7 to 64
[    3.507484] ehci_hcd 0000:00:1d.7: EHCI Host Controller
[    3.507510] ehci_hcd 0000:00:1d.7: new USB bus registered, assigned bus number 8
[    3.507538] ehci_hcd 0000:00:1d.7: debug port 1
[    3.507544] PCI: cache line size of 32 is not supported by device 0000:00:1d.7
[    3.507549] ehci_hcd 0000:00:1d.7: irq 20, io mem 0xf9fff800
[    3.511431] ehci_hcd 0000:00:1d.7: USB 2.0 started, EHCI 1.00, driver 10 Dec 2004
[    3.511477] usb usb8: configuration #1 chosen from 1 choice
[    3.511493] hub 8-0:1.0: USB hub found
[    3.511497] hub 8-0:1.0: 6 ports detected
[    3.615836] ata_piix 0000:00:1f.2: version 2.10ac1
[    3.615844] ata_piix 0000:00:1f.2: MAP [ P0 P2 P1 P3 ]
[    3.615873] ACPI: PCI Interrupt 0000:00:1f.2[B] -> GSI 22 (level, low) -> IRQ 22
[    3.615891] PCI: Setting latency timer of device 0000:00:1f.2 to 64
[    3.615941] ata1: SATA max UDMA/133 cmd 0x000101f0 ctl 0x000103f6 bmdma 0x0001ff90 irq 14
[    3.615964] ata2: SATA max UDMA/133 cmd 0x00010170 ctl 0x00010376 bmdma 0x0001ff98 irq 15
[    3.616012] scsi0 : ata_piix
[    3.837730] ata1.00: ata_hpa_resize 1: sectors = 976773168, hpa_sectors = 976773168
[    3.837735] ata1.00: ATA-7: ST3500630AS, 3.AAK, max UDMA/133
[    3.837738] ata1.00: 976773168 sectors, multi 16: LBA48 NCQ (depth 0/32)
[    3.856700] usb 3-2: device not accepting address 2, error -71
[    3.904242] ata1.00: ata_hpa_resize 1: sectors = 976773168, hpa_sectors = 976773168
[    3.904246] ata1.00: configured for UDMA/133
[    3.904253] scsi1 : ata_piix
[    4.099423] ata2.00: ata_hpa_resize 1: sectors = 976773168, hpa_sectors = 976773168
[    4.099427] ata2.00: ATA-7: ST3500630AS, 3.AAK, max UDMA/133
[    4.099430] ata2.00: 976773168 sectors, multi 16: LBA48 NCQ (depth 0/32)
[    4.157631] ata2.00: ata_hpa_resize 1: sectors = 976773168, hpa_sectors = 976773168
[    4.157635] ata2.00: configured for UDMA/133
[    4.157739] scsi 0:0:0:0: Direct-Access     ATA      ST3500630AS      3.AA PQ: 0 ANSI: 5
[    4.158394] scsi 1:0:0:0: Direct-Access     ATA      ST3500630AS      3.AA PQ: 0 ANSI: 5
[    4.158922] ata_piix 0000:00:1f.5: MAP [ P0 P2 P1 P3 ]
[    4.158937] ACPI: PCI Interrupt 0000:00:1f.5[B] -> GSI 22 (level, low) -> IRQ 22
[    4.158948] PCI: Setting latency timer of device 0000:00:1f.5 to 64
[    4.158967] ata3: SATA max UDMA/133 cmd 0x0001c000 ctl 0x0001bc02 bmdma 0x0001b480 irq 22
[    4.158982] ata4: SATA max UDMA/133 cmd 0x0001b880 ctl 0x0001b802 bmdma 0x0001b488 irq 22
[    4.158991] scsi2 : ata_piix
[    4.278303] usb 7-5: new high speed USB device using ehci_hcd and address 2
[    4.325032] ATA: abnormal status 0x7F on port 0x0001c007
[    4.325039] scsi3 : ata_piix
[    4.418452] usb 7-5: configuration #1 chosen from 1 choice
[    4.520938] ata4.00: ata_hpa_resize 1: sectors = 488397168, hpa_sectors = 488397168
[    4.520943] ata4.00: ATA-7: ST3250620AS, 3.AAE, max UDMA/133
[    4.520946] ata4.00: 488397168 sectors, multi 16: LBA48 NCQ (depth 0/32)
[    4.587461] ata4.00: ata_hpa_resize 1: sectors = 488397168, hpa_sectors = 488397168
[    4.587466] ata4.00: configured for UDMA/133
[    4.588086] scsi 3:0:0:0: Direct-Access     ATA      ST3250620AS      3.AA PQ: 0 ANSI: 5
[    4.594319] SCSI device sda: 976773168 512-byte hdwr sectors (500108 MB)
[    4.594328] sda: Write Protect is off
[    4.594329] sda: Mode Sense: 00 3a 00 00
[    4.594339] SCSI device sda: write cache: enabled, read cache: enabled, doesn't support DPO or FUA
[    4.594370] SCSI device sda: 976773168 512-byte hdwr sectors (500108 MB)
[    4.594376] sda: Write Protect is off
[    4.594377] sda: Mode Sense: 00 3a 00 00
[    4.594406] SCSI device sda: write cache: enabled, read cache: enabled, doesn't support DPO or FUA
[    4.594419]  sda: sda1 sda2 < sda5 sda6 sda7 sda8 >
[    4.653291] sd 0:0:0:0: Attached scsi disk sda
[    4.653392] SCSI device sdb: 976773168 512-byte hdwr sectors (500108 MB)
[    4.653400] sdb: Write Protect is off
[    4.653401] sdb: Mode Sense: 00 3a 00 00
[    4.653411] SCSI device sdb: write cache: enabled, read cache: enabled, doesn't support DPO or FUA
[    4.653439] SCSI device sdb: 976773168 512-byte hdwr sectors (500108 MB)
[    4.653445] sdb: Write Protect is off
[    4.653446] sdb: Mode Sense: 00 3a 00 00
[    4.653456] SCSI device sdb: write cache: enabled, read cache: enabled, doesn't support DPO or FUA
[    4.653457]  sdb: sdb1
[    4.671484] sd 1:0:0:0: Attached scsi disk sdb
[    4.671586] SCSI device sdc: 488397168 512-byte hdwr sectors (250059 MB)
[    4.671592] sdc: Write Protect is off
[    4.671594] sdc: Mode Sense: 00 3a 00 00
[    4.671603] SCSI device sdc: write cache: enabled, read cache: enabled, doesn't support DPO or FUA
[    4.671626] SCSI device sdc: 488397168 512-byte hdwr sectors (250059 MB)
[    4.671632] sdc: Write Protect is off
[    4.671633] sdc: Mode Sense: 00 3a 00 00
[    4.671643] SCSI device sdc: write cache: enabled, read cache: enabled, doesn't support DPO or FUA
[    4.671644]  sdc: sdc1 < sdc5 >
[    4.703279] sd 3:0:0:0: Attached scsi disk sdc
[    4.705960] sd 0:0:0:0: Attached scsi generic sg0 type 0
[    4.705976] sd 1:0:0:0: Attached scsi generic sg1 type 0
[    4.705990] sd 3:0:0:0: Attached scsi generic sg2 type 0
[    4.980246] EXT3-fs: INFO: recovery required on readonly filesystem.
[    4.980250] EXT3-fs: write access will be enabled during recovery.
[    5.031138] usb 3-2: new low speed USB device using uhci_hcd and address 4
[    5.209948] usb 3-2: configuration #1 chosen from 1 choice
[    5.454365] usb 5-2: new full speed USB device using uhci_hcd and address 2
[    5.576667] usb 5-2: device descriptor read/64, error -71
[    5.803646] usb 5-2: device descriptor read/64, error -71
[    5.884183] kjournald starting.  Commit interval 5 seconds
[    5.884194] EXT3-fs: recovery complete.
[    5.885336] EXT3-fs: mounted filesystem with ordered data mode.
[    6.017920] usb 5-2: new full speed USB device using uhci_hcd and address 3
[    6.138770] usb 5-2: device descriptor read/64, error -71
[    6.368350] usb 5-2: device descriptor read/64, error -71
[    6.581569] usb 5-2: new full speed USB device using uhci_hcd and address 4
[    6.992401] usb 5-2: device not accepting address 4, error -71
[    7.105127] usb 5-2: new full speed USB device using uhci_hcd and address 5
[    7.520465] usb 5-2: device not accepting address 5, error -71
[    7.520507] usbcore: registered new interface driver hiddev
[    7.588975] input: Logitech USB Receiver as /class/input/input1
[    7.588987] input: USB HID v1.10 Keyboard [Logitech USB Receiver] on usb-0000:00:1a.2-2
[    7.617950] input: Logitech USB Receiver as /class/input/input2
[    7.617995] input,hiddev96: USB HID v1.10 Mouse [Logitech USB Receiver] on usb-0000:00:1a.2-2
[    7.618006] usbcore: registered new interface driver usbhid
[    7.618009] drivers/usb/input/hid-core.c: v2.6:USB HID core driver
[   11.071650] pci_hotplug: PCI Hot Plug PCI Core version: 0.5
[   11.098727] shpchp: Standard Hot Plug PCI Controller Driver version: 0.4
[   11.152534] input: PC Speaker as /class/input/input3
[   11.188106] Linux agpgart interface v0.102 (c) Dave Jones
[   11.189695] agpgart: Detected an Intel G33 Chipset.
[   11.203231] agpgart: AGP aperture is 256M @ 0x0
[   11.512364] nvidia: module license 'NVIDIA' taints kernel.
[   11.763083] ACPI: PCI Interrupt 0000:01:00.0[A] -> GSI 16 (level, low) -> IRQ 16
[   11.763091] PCI: Setting latency timer of device 0000:01:00.0 to 64
[   11.763165] NVRM: loading NVIDIA UNIX x86 Kernel Module  100.14.11  Wed Jun 13 18:21:22 PDT 2007
[   11.772374] Attansic L1 Ethernet Network Driver - version 2.0.6
[   11.772377] Copyright(c) 2005-2006 Attansic Corporation.
[   11.772430] ACPI: PCI Interrupt 0000:02:00.0[A] -> GSI 17 (level, low) -> IRQ 17
[   11.772440] PCI: Setting latency timer of device 0000:02:00.0 to 64
[   11.796205] atl1 0000:02:00.0: Unable to enable MSI: -22
[   11.925489] ACPI: PCI Interrupt 0000:00:1b.0[A] -> GSI 22 (level, low) -> IRQ 22
[   11.925510] PCI: Setting latency timer of device 0000:00:1b.0 to 64
[   12.133402] hda_codec: Unknown model for ALC883, trying auto-probe from BIOS...
[   12.358449] fuse init (API version 7.8)
[   12.386904] lp: driver loaded but no devices found
[   12.411646] ndiswrapper version 1.38 loaded (preempt=no,smp=yes)
[   12.674184] usb 7-5: reset high speed USB device using ehci_hcd and address 2
[   12.817090] ndiswrapper: driver net8187b (Realtek Semiconductor Corp.,07/18/2007,5.1097.0718.2007) loaded
[   12.872926] NET: Registered protocol family 17
[   16.638780] wlan0: ethernet device 00:14:d1:38:f6:56 using NDIS driver: net8187b, version: 0x1, NDIS version: 0x500, vendor: 'Realtek RTL8187 Wireless LAN USB NIC                                     ', 0BDA:8189.F.conf
[   16.638802] wlan0: encryption modes supported: WEP; TKIP with WPA, WPA2, WPA2PSK; AES/CCMP with WPA, WPA2, WPA2PSK
[   16.638872] usbcore: registered new interface driver ndiswrapper
[   16.812295] EXT3 FS on sda5, internal journal
[   17.510909] kjournald starting.  Commit interval 5 seconds
[   17.511155] EXT3 FS on sda6, internal journal
[   17.511162] EXT3-fs: mounted filesystem with ordered data mode.
[   17.786750] kjournald starting.  Commit interval 5 seconds
[   17.786955] EXT3 FS on sdc5, internal journal
[   17.786959] EXT3-fs: recovery complete.
[   17.787111] EXT3-fs: mounted filesystem with ordered data mode.
[   17.992335] kjournald starting.  Commit interval 5 seconds
[   17.992632] EXT3 FS on sda7, internal journal
[   17.992636] EXT3-fs: recovery complete.
[   17.992822] EXT3-fs: mounted filesystem with ordered data mode.
[   21.544838] NET: Registered protocol family 10
[   21.544920] lo: Disabled Privacy Extensions
[   21.544952] ADDRCONF(NETDEV_UP): eth1: link is not ready
[   21.659119] ibm_acpi: ec object not found
[   21.696496] Using specific hotkey driver
[   21.748198] No dock devices found.
[   21.778381] input: Power Button (FF) as /class/input/input4
[   21.778481] ACPI: Power Button (FF) [PWRF]
[   21.779040] input: Power Button (CM) as /class/input/input5
[   21.779137] ACPI: Power Button (CM) [PWRB]
[   21.829622] pcc_acpi: loading...
[   21.927532] wlan0: duplicate address detected!
[   21.928523] wlan0: duplicate address detected!
[   23.045178] ppdev: user-space parallel port driver
[   23.446456] apm: BIOS version 1.2 Flags 0x03 (Driver version 1.16ac)
[   23.446460] apm: disabled - APM is not SMP safe.
[   23.839883] Bluetooth: Core ver 2.11
[   23.839930] NET: Registered protocol family 31
[   23.839931] Bluetooth: HCI device and connection manager initialized
[   23.839934] Bluetooth: HCI socket layer initialized
[   23.849883] Bluetooth: L2CAP ver 2.8
[   23.849896] Bluetooth: L2CAP socket layer initialized
[   24.123609] usb 5-2: new full speed USB device using uhci_hcd and address 6
[   24.244292] usb 5-2: device descriptor read/64, error -71
[   24.473690] usb 5-2: device descriptor read/64, error -71
[   24.690359] usb 5-2: new full speed USB device using uhci_hcd and address 7
[   24.810643] usb 5-2: device descriptor read/64, error -71
[   25.039515] usb 5-2: device descriptor read/64, error -71
[   25.256285] usb 5-2: new full speed USB device using uhci_hcd and address 8
[   25.669837] usb 5-2: device not accepting address 8, error -71
[   25.782278] usb 5-2: new full speed USB device using uhci_hcd and address 9
[   26.199823] usb 5-2: device not accepting address 9, error -71
[   26.249215] Bluetooth: RFCOMM socket layer initialized
[   26.249221] Bluetooth: RFCOMM TTY layer initialized
[   26.249223] Bluetooth: RFCOMM ver 1.8
[   68.485401] ADDRCONF(NETDEV_CHANGE): wlan0: link becomes ready
[   69.426429] wlan0: duplicate address detected!
[   69.427528] wlan0: duplicate address detected!
[  139.282013] wlan0: no IPv6 routers present
[  569.351025] ADDRCONF(NETDEV_CHANGE): wlan0: link becomes ready
[  569.954411] wlan0: duplicate address detected!
[  569.955385] wlan0: duplicate address detected!
[  591.228731] ADDRCONF(NETDEV_UP): wlan0: link is not ready
[  591.500607] ADDRCONF(NETDEV_CHANGE): wlan0: link becomes ready
[  591.545529] wlan0: duplicate address detected!
[  591.546639] wlan0: duplicate address detected!
[  608.387913] wlan0: no IPv6 routers present
sudo lshw
prime
    description: Desktop Computer
    product: P5K SE
    vendor: System manufacturer
    version: System Version
    serial: System Serial Number
    width: 32 bits
    capabilities: smbios-2.4 dmi-2.4
    configuration: boot=normal chassis=desktop uuid=600A6590-8DFE-D511-B0B6-001BFCD3F17A
  *-core
       description: Motherboard
       product: P5K SE
       vendor: ASUSTeK Computer INC.
       physical id: 0
       version: Rev 1.xx
       serial: MS1C77B68M01397
       slot: To Be Filled By O.E.M.
     *-firmware
          description: BIOS
          vendor: American Megatrends Inc.
          physical id: 0
          version: 0401 (07/19/2007)
          size: 64KB
          capacity: 960KB
          capabilities: isa pci pnp apm upgrade shadowing escd cdboot bootselect socketedrom edd int13floppy1200 int13floppy720 int13floppy2880 int5printscreen int9keyboard int14serial int17printer int10video acpi usb ls120boot zipboot biosbootspecification
     *-cpu
          description: CPU
          product: Intel(R) Core(TM)2 Quad CPU           @ 2.40GHz
          vendor: Intel Corp.
          physical id: 4
          bus info: cpu@0
          version: 6.15.7
          serial: 0000-06F7-0000-0000-0000-0000
          slot: LGA775
          size: 2400MHz
          capacity: 3800MHz
          width: 64 bits
          clock: 266MHz
          capabilities: fpu fpu_exception wp vme de pse tsc msr pae mce cx8 apic sep mtrr pge mca cmov pat pse36 clflush dts acpi mmx fxsr sse sse2 ss ht tm pbe nx x86-64 constant_tsc pni monitor ds_cpl vmx est tm2 ssse3 cx16 xtpr lahf_lm
          configuration: id=2
        *-cache:0
             description: L1 cache
             physical id: 5
             slot: L1-Cache
             size: 128KB
             capacity: 128KB
             capabilities: internal write-back data
        *-cache:1
             description: L2 cache
             physical id: 6
             slot: L2-Cache
             size: 8MB
             capacity: 8MB
             capabilities: internal write-back instruction
        *-cache:2 DISABLED
             description: L3 cache
             physical id: 7
             slot: L3-Cache
             capabilities: internal
        *-logicalcpu:0
             description: Logical CPU
             physical id: 2.1
             width: 64 bits
             capabilities: logical
        *-logicalcpu:1
             description: Logical CPU
             physical id: 2.2
             width: 64 bits
             capabilities: logical
        *-logicalcpu:2
             description: Logical CPU
             physical id: 2.3
             width: 64 bits
             capabilities: logical
        *-logicalcpu:3
             description: Logical CPU
             physical id: 2.4
             width: 64 bits
             capabilities: logical
     *-memory
          description: System Memory
          physical id: 30
          slot: System board or motherboard
          size: 2GB
          capacity: 2GB
        *-bank:0
             description: DIMM Synchronous 667 MHz (1.5 ns)
             product: PartNum0
             vendor: Manufacturer0
             physical id: 0
             serial: SerNum0
             slot: DIMM0
             size: 1GB
             width: 64 bits
             clock: 667MHz (1.5ns)
        *-bank:1
             description: DIMM [empty]
             product: PartNum1
             vendor: Manufacturer1
             physical id: 1
             serial: SerNum1
             slot: DIMM1
        *-bank:2
             description: DIMM Synchronous 667 MHz (1.5 ns)
             product: PartNum2
             vendor: Manufacturer2
             physical id: 2
             serial: SerNum2
             slot: DIMM2
             size: 1GB
             width: 64 bits
             clock: 667MHz (1.5ns)
        *-bank:3
             description: DIMM [empty]
             product: PartNum3
             vendor: Manufacturer3
             physical id: 3
             serial: SerNum3
             slot: DIMM3
     *-pci
          description: Host bridge
          product: Intel Corporation
          vendor: Intel Corporation
          physical id: 100
          bus info: pci@00:00.0
          version: 02
          width: 32 bits
          clock: 33MHz
        *-pci:0
             description: PCI bridge
             product: Intel Corporation
             vendor: Intel Corporation
             physical id: 1
             bus info: pci@00:01.0
             version: 02
             width: 32 bits
             clock: 33MHz
             capabilities: pci normal_decode bus_master cap_list
             configuration: driver=pcieport-driver
           *-display
                description: VGA compatible controller
                product: nVidia Corporation
                vendor: nVidia Corporation
                physical id: 0
                bus info: pci@01:00.0
                version: a1
                size: 256MB
                width: 64 bits
                clock: 33MHz
                capabilities: vga bus_master cap_list
                configuration: driver=nvidia latency=0
                resources: iomemory:fd000000-fdffffff iomemory:d0000000-dfffffff iomemory:fa000000-fbffffff ioport:dc00-dc7f irq:16
        *-usb:0
             description: USB Controller
             product: Intel Corporation
             vendor: Intel Corporation
             physical id: 1a
             bus info: pci@00:1a.0
             version: 02
             width: 32 bits
             clock: 33MHz
             capabilities: uhci bus_master cap_list
             configuration: driver=uhci_hcd latency=0
             resources: ioport:c800-c81f irq:16
           *-usbhost
                product: UHCI Host Controller
                vendor: Linux 2.6.20-16-generic uhci_hcd
                physical id: 1
                bus info: usb@1
                logical name: usb1
                version: 2.06
                capabilities: usb-1.10
                configuration: driver=hub maxpower=0mA slots=2 speed=12.0MB/s
        *-usb:1
             description: USB Controller
             product: Intel Corporation
             vendor: Intel Corporation
             physical id: 1a.1
             bus info: pci@00:1a.1
             version: 02
             width: 32 bits
             clock: 33MHz
             capabilities: uhci bus_master cap_list
             configuration: driver=uhci_hcd latency=0
             resources: ioport:c880-c89f irq:18
           *-usbhost
                product: UHCI Host Controller
                vendor: Linux 2.6.20-16-generic uhci_hcd
                physical id: 1
                bus info: usb@2
                logical name: usb2
                version: 2.06
                capabilities: usb-1.10
                configuration: driver=hub maxpower=0mA slots=2 speed=12.0MB/s
        *-usb:2
             description: USB Controller
             product: Intel Corporation
             vendor: Intel Corporation
             physical id: 1a.2
             bus info: pci@00:1a.2
             version: 02
             width: 32 bits
             clock: 33MHz
             capabilities: uhci bus_master cap_list
             configuration: driver=uhci_hcd latency=0
             resources: ioport:cc00-cc1f irq:19
           *-usbhost
                product: UHCI Host Controller
                vendor: Linux 2.6.20-16-generic uhci_hcd
                physical id: 1
                bus info: usb@3
                logical name: usb3
                version: 2.06
                capabilities: usb-1.10
                configuration: driver=hub maxpower=0mA slots=2 speed=12.0MB/s
              *-usb
                   description: Keyboard
                   product: USB Receiver
                   vendor: Logitech
                   physical id: 2
                   bus info: usb@3:2
                   version: 38.10
                   capabilities: usb-1.10
                   configuration: driver=usbhid maxpower=98mA speed=1.5MB/s
        *-usb:3
             description: USB Controller
             product: Intel Corporation
             vendor: Intel Corporation
             physical id: 1a.7
             bus info: pci@00:1a.7
             version: 02
             width: 32 bits
             clock: 33MHz
             capabilities: ehci bus_master cap_list
             configuration: driver=ehci_hcd latency=0
             resources: iomemory:f9fffc00-f9ffffff irq:19
           *-usbhost
                product: EHCI Host Controller
                vendor: Linux 2.6.20-16-generic ehci_hcd
                physical id: 1
                bus info: usb@7
                logical name: usb7
                version: 2.06
                capabilities: usb-2.00
                configuration: driver=hub maxpower=0mA slots=6 speed=480.0MB/s
              *-usb
                   description: Generic USB device
                   product: RTL8187B_WLAN_Adapter
                   vendor: Manufacturer_Realtek
                   physical id: 5
                   bus info: usb@7:5
                   version: 2.00
                   serial: 00e04c000001
                   capabilities: usb-2.00
                   configuration: driver=ndiswrapper maxpower=500mA speed=480.0MB/s
        *-multimedia
             description: Audio device
             product: Intel Corporation
             vendor: Intel Corporation
             physical id: 1b
             bus info: pci@00:1b.0
             version: 02
             width: 64 bits
             clock: 33MHz
             capabilities: bus_master cap_list
             configuration: driver=HDA Intel latency=0
             resources: iomemory:f9ff8000-f9ffbfff irq:22
        *-pci:1
             description: PCI bridge
             product: Intel Corporation
             vendor: Intel Corporation
             physical id: 1c
             bus info: pci@00:1c.0
             version: 02
             width: 32 bits
             clock: 33MHz
             capabilities: pci normal_decode bus_master cap_list
             configuration: driver=pcieport-driver
        *-pci:2
             description: PCI bridge
             product: Intel Corporation
             vendor: Intel Corporation
             physical id: 1c.4
             bus info: pci@00:1c.4
             version: 02
             width: 32 bits
             clock: 33MHz
             capabilities: pci normal_decode bus_master cap_list
             configuration: driver=pcieport-driver
           *-ide UNCLAIMED
                description: IDE interface
                product: Marvell Technology Group Ltd.
                vendor: Marvell Technology Group Ltd.
                physical id: 0
                bus info: pci@03:00.0
                version: b1
                width: 32 bits
                clock: 33MHz
                capabilities: ide bus_master cap_list
                configuration: latency=0
                resources: ioport:ec00-ec07 ioport:e880-e883 ioport:e800-e807 ioport:e480-e483 ioport:e400-e40f iomemory:febffc00-febfffff irq:11
        *-pci:3
             description: PCI bridge
             product: Intel Corporation
             vendor: Intel Corporation
             physical id: 1c.5
             bus info: pci@00:1c.5
             version: 02
             width: 32 bits
             clock: 33MHz
             capabilities: pci normal_decode bus_master cap_list
             configuration: driver=pcieport-driver
           *-network
                description: Ethernet interface
                product: L1 Gigabit Ethernet Adapter
                vendor: Attansic Technology Corp.
                physical id: 0
                bus info: pci@02:00.0
                logical name: eth1
                version: b0
                serial: 4a:1b:6e:fa:d8:10
                capacity: 1GB/s
                width: 64 bits
                clock: 33MHz
                capabilities: bus_master cap_list ethernet physical tp 10bt 10bt-fd 100bt 100bt-fd 1000bt-fd autonegotiation
                configuration: autonegotiation=on broadcast=yes driver=atl1 driverversion=2.0.6 firmware=N/A latency=0 link=no multicast=yes port=twisted pair
                resources: iomemory:feac0000-feafffff irq:17
        *-usb:4
             description: USB Controller
             product: Intel Corporation
             vendor: Intel Corporation
             physical id: 1d
             bus info: pci@00:1d.0
             version: 02
             width: 32 bits
             clock: 33MHz
             capabilities: uhci bus_master cap_list
             configuration: driver=uhci_hcd latency=0
             resources: ioport:c080-c09f irq:20
           *-usbhost
                product: UHCI Host Controller
                vendor: Linux 2.6.20-16-generic uhci_hcd
                physical id: 1
                bus info: usb@4
                logical name: usb4
                version: 2.06
                capabilities: usb-1.10
                configuration: driver=hub maxpower=0mA slots=2 speed=12.0MB/s
        *-usb:5
             description: USB Controller
             product: Intel Corporation
             vendor: Intel Corporation
             physical id: 1d.1
             bus info: pci@00:1d.1
             version: 02
             width: 32 bits
             clock: 33MHz
             capabilities: uhci bus_master cap_list
             configuration: driver=uhci_hcd latency=0
             resources: ioport:c400-c41f irq:21
           *-usbhost
                product: UHCI Host Controller
                vendor: Linux 2.6.20-16-generic uhci_hcd
                physical id: 1
                bus info: usb@5
                logical name: usb5
                version: 2.06
                capabilities: usb-1.10
                configuration: driver=hub maxpower=0mA slots=2 speed=12.0MB/s
        *-usb:6
             description: USB Controller
             product: Intel Corporation
             vendor: Intel Corporation
             physical id: 1d.2
             bus info: pci@00:1d.2
             version: 02
             width: 32 bits
             clock: 33MHz
             capabilities: uhci bus_master cap_list
             configuration: driver=uhci_hcd latency=0
             resources: ioport:c480-c49f irq:19
           *-usbhost
                product: UHCI Host Controller
                vendor: Linux 2.6.20-16-generic uhci_hcd
                physical id: 1
                bus info: usb@6
                logical name: usb6
                version: 2.06
                capabilities: usb-1.10
                configuration: driver=hub maxpower=0mA slots=2 speed=12.0MB/s
        *-usb:7
             description: USB Controller
             product: Intel Corporation
             vendor: Intel Corporation
             physical id: 1d.7
             bus info: pci@00:1d.7
             version: 02
             width: 32 bits
             clock: 33MHz
             capabilities: ehci bus_master cap_list
             configuration: driver=ehci_hcd latency=0
             resources: iomemory:f9fff800-f9fffbff irq:20
           *-usbhost
                product: EHCI Host Controller
                vendor: Linux 2.6.20-16-generic ehci_hcd
                physical id: 1
                bus info: usb@8
                logical name: usb8
                version: 2.06
                capabilities: usb-2.00
                configuration: driver=hub maxpower=0mA slots=6 speed=480.0MB/s
        *-pci:4
             description: PCI bridge
             product: 82801 PCI Bridge
             vendor: Intel Corporation
             physical id: 1e
             bus info: pci@00:1e.0
             version: 92
             width: 32 bits
             clock: 33MHz
             capabilities: pci subtractive_decode bus_master cap_list
        *-isa
             description: ISA bridge
             product: Intel Corporation
             vendor: Intel Corporation
             physical id: 1f
             bus info: pci@00:1f.0
             version: 02
             width: 32 bits
             clock: 33MHz
             capabilities: isa bus_master cap_list
             configuration: latency=0
        *-ide:0
             description: IDE interface
             product: Intel Corporation
             vendor: Intel Corporation
             physical id: 1f.2
             bus info: pci@00:1f.2
             logical name: scsi0
             logical name: scsi1
             version: 02
             width: 32 bits
             clock: 66MHz
             capabilities: ide bus_master cap_list emulated scsi-host
             configuration: driver=ata_piix latency=0
             resources: ioport:1f0-1f7 ioport:3f4-3f3 ioport:170-177 ioport:374-373 ioport:ff90-ff9f ioport:ffa0-ffaf irq:22
           *-disk:0
                description: SCSI Disk
                product: ST3500630AS
                vendor: ATA
                physical id: 0
                bus info: scsi@0:0.0.0
                logical name: /dev/sda
                version: 3.AA
                serial: 6QG0FC2V
                size: 465GB
                capabilities: partitioned partitioned:dos
                configuration: ansiversion=5
              *-volume:0
                   description: HPFS/NTFS partition
                   physical id: 1
                   bus info: scsi@0:0.0.0,1
                   logical name: /dev/sda1
                   capacity: 46GB
                   capabilities: primary bootable
              *-volume:1
                   description: Extended partition
                   physical id: 2
                   bus info: scsi@0:0.0.0,2
                   logical name: /dev/sda2
                   size: 419GB
                   capacity: 419GB
                   capabilities: primary extended partitioned partitioned:extended
                 *-logicalvolume:0
                      description: Linux filesystem partition
                      physical id: 5
                      logical name: /dev/sda5
                      capacity: 13GB
                 *-logicalvolume:1
                      description: Linux filesystem partition
                      physical id: 6
                      logical name: /dev/sda6
                      capacity: 23GB
                 *-logicalvolume:2
                      description: Linux filesystem partition
                      physical id: 7
                      logical name: /dev/sda7
                      capacity: 332GB
                 *-logicalvolume:3
                      description: W95 FAT32 partition
                      physical id: 8
                      logical name: /dev/sda8
                      capacity: 49GB
           *-disk:1
                description: SCSI Disk
                product: ST3500630AS
                vendor: ATA
                physical id: 1
                bus info: scsi@1:0.0.0
                logical name: /dev/sdb
                version: 3.AA
                serial: 6QG0FTHZ
                size: 465GB
                capabilities: partitioned partitioned:dos
                configuration: ansiversion=5
              *-volume
                   description: HPFS/NTFS partition
                   physical id: 1
                   bus info: scsi@1:0.0.0,1
                   logical name: /dev/sdb1
                   capacity: 465GB
                   capabilities: primary bootable
        *-serial UNCLAIMED
             description: SMBus
             product: Intel Corporation
             vendor: Intel Corporation
             physical id: 1f.3
             bus info: pci@00:1f.3
             version: 02
             width: 64 bits
             clock: 33MHz
             configuration: latency=0
             resources: iomemory:f9fff400-f9fff4ff ioport:400-41f irq:10
        *-ide:1
             description: IDE interface
             product: Intel Corporation
             vendor: Intel Corporation
             physical id: 1f.5
             bus info: pci@00:1f.5
             logical name: scsi3
             logical name: scsi2
             version: 02
             width: 32 bits
             clock: 66MHz
             capabilities: ide bus_master cap_list emulated scsi-host
             configuration: driver=ata_piix latency=0
             resources: ioport:c000-c007 ioport:bc00-bc03 ioport:b880-b887 ioport:b800-b803 ioport:b480-b48f ioport:b400-b40f irq:22
           *-disk
                description: SCSI Disk
                product: ST3250620AS
                vendor: ATA
                physical id: 0.0.0
                bus info: scsi@3:0.0.0
                logical name: /dev/sdc
                version: 3.AA
                serial: 3QE0BXS9
                size: 232GB
                capabilities: partitioned partitioned:dos
                configuration: ansiversion=5
              *-volume
                   description: Extended partition
                   physical id: 1
                   bus info: scsi@3:0.0.0,1
                   logical name: /dev/sdc1
                   size: 232GB
                   capacity: 232GB
                   capabilities: primary extended partitioned partitioned:extended
                 *-logicalvolume
                      description: Linux filesystem partition
                      physical id: 5
                      logical name: /dev/sdc5
                      capacity: 232GB
  *-network
       description: Wireless interface
       physical id: 1
       logical name: wlan0
       serial: 00:14:d1:38:f6:56
       capabilities: ethernet physical wireless
       configuration: broadcast=yes driver=ndiswrapper driverversion=1.38 firmware=Realtek Semiconductor Corp.,07/ ip=192.168.1.101 link=yes multicast=yes wireless=IEEE 802.11g

```

-i have added the line "piix" to /etc/initramfs-tools/modules as a workaround to get my system to boot.

I will post what the /dev directory looks like and the fstab file from a liveCD in a bit.

edit: the live CD shows cdrom cdrw dvd and dvdrw are present in /dev. /dev/scd0 and /dev/sr0 also exist.

Also,  I had a look at the output from "lshw" on the live CD here's what came up:
```
ubuntu
    description: Computer
    width: 32 bits
  *-core
       description: Motherboard
       physical id: 0
     *-memory
          description: System memory
          physical id: 0
          size: 2026MB
     *-cpu
          product: Intel(R) Core(TM)2 Quad CPU           @ 2.40GHz
          vendor: Intel Corp.
          physical id: 1
          bus info: cpu@0
          version: 6.15.7
          serial: 0000-06F7-0000-0000-0000-0000
          size: 18EHz
          width: 64 bits
          capabilities: fpu fpu_exception wp vme de pse tsc msr pae mce cx8 apic sep mtrr pge mca cmov pat pse36 clflush dts acpi mmx fxsr sse sse2 ss ht tm pbe nx x86-64 constant_tsc pni monitor ds_cpl vmx est tm2 ssse3 cx16 xtpr lahf_lm
          configuration: id=2
        *-logicalcpu:0
             description: Logical CPU
             physical id: 2.1
             width: 64 bits
             capabilities: logical
        *-logicalcpu:1
             description: Logical CPU
             physical id: 2.2
             width: 64 bits
             capabilities: logical
        *-logicalcpu:2
             description: Logical CPU
             physical id: 2.3
             width: 64 bits
             capabilities: logical
        *-logicalcpu:3
             description: Logical CPU
             physical id: 2.4
             width: 64 bits
             capabilities: logical
     *-pci
          description: Host bridge
          product: Intel Corporation
          vendor: Intel Corporation
          physical id: 100
          bus info: pci@00:00.0
          version: 02
          width: 32 bits
          clock: 33MHz
        *-pci:0
             description: PCI bridge
             product: Intel Corporation
             vendor: Intel Corporation
             physical id: 1
             bus info: pci@00:01.0
             version: 02
             width: 32 bits
             clock: 33MHz
             capabilities: pci normal_decode bus_master cap_list
             configuration: driver=pcieport-driver
           *-display
                description: VGA compatible controller
                product: nVidia Corporation
                vendor: nVidia Corporation
                physical id: 0
                bus info: pci@01:00.0
                version: a1
                size: 256MB
                width: 64 bits
                clock: 33MHz
                capabilities: vga bus_master cap_list
                configuration: latency=0
                resources: iomemory:fd000000-fdffffff iomemory:d0000000-dfffffff iomemory:fa000000-fbffffff ioport:dc00-dc7f irq:11
        *-usb:0
             description: USB Controller
             product: Intel Corporation
             vendor: Intel Corporation
             physical id: 1a
             bus info: pci@00:1a.0
             version: 02
             width: 32 bits
             clock: 33MHz
             capabilities: uhci bus_master cap_list
             configuration: driver=uhci_hcd latency=0
             resources: ioport:c800-c81f irq:16
           *-usbhost
                product: UHCI Host Controller
                vendor: Linux 2.6.20-15-generic uhci_hcd
                physical id: 1
                bus info: usb@1
                logical name: usb1
                version: 2.06
                capabilities: usb-1.10
                configuration: driver=hub maxpower=0mA slots=2 speed=12.0MB/s
        *-usb:1
             description: USB Controller
             product: Intel Corporation
             vendor: Intel Corporation
             physical id: 1a.1
             bus info: pci@00:1a.1
             version: 02
             width: 32 bits
             clock: 33MHz
             capabilities: uhci bus_master cap_list
             configuration: driver=uhci_hcd latency=0
             resources: ioport:c880-c89f irq:19
           *-usbhost
                product: UHCI Host Controller
                vendor: Linux 2.6.20-15-generic uhci_hcd
                physical id: 1
                bus info: usb@2
                logical name: usb2
                version: 2.06
                capabilities: usb-1.10
                configuration: driver=hub maxpower=0mA slots=2 speed=12.0MB/s
        *-usb:2
             description: USB Controller
             product: Intel Corporation
             vendor: Intel Corporation
             physical id: 1a.2
             bus info: pci@00:1a.2
             version: 02
             width: 32 bits
             clock: 33MHz
             capabilities: uhci bus_master cap_list
             configuration: driver=uhci_hcd latency=0
             resources: ioport:cc00-cc1f irq:20
           *-usbhost
                product: UHCI Host Controller
                vendor: Linux 2.6.20-15-generic uhci_hcd
                physical id: 1
                bus info: usb@3
                logical name: usb3
                version: 2.06
                capabilities: usb-1.10
                configuration: driver=hub maxpower=0mA slots=2 speed=12.0MB/s
              *-usb
                   description: Keyboard
                   product: USB Receiver
                   vendor: Logitech
                   physical id: 2
                   bus info: usb@3:2
                   version: 38.10
                   capabilities: usb-1.10
                   configuration: driver=usbhid maxpower=98mA speed=1.5MB/s
        *-usb:3
             description: USB Controller
             product: Intel Corporation
             vendor: Intel Corporation
             physical id: 1a.7
             bus info: pci@00:1a.7
             version: 02
             width: 32 bits
             clock: 33MHz
             capabilities: ehci bus_master cap_list
             configuration: driver=ehci_hcd latency=0
             resources: iomemory:f9fffc00-f9ffffff irq:20
           *-usbhost
                product: EHCI Host Controller
                vendor: Linux 2.6.20-15-generic ehci_hcd
                physical id: 1
                bus info: usb@7
                logical name: usb7
                version: 2.06
                capabilities: usb-2.00
                configuration: driver=hub maxpower=0mA slots=6 speed=480.0MB/s
              *-usb UNCLAIMED
                   description: Generic USB device
                   product: RTL8187B_WLAN_Adapter
                   vendor: Manufacturer_Realtek
                   physical id: 5
                   bus info: usb@7:5
                   version: 2.00
                   serial: 00e04c000001
                   capabilities: usb-2.00
                   configuration: maxpower=500mA speed=480.0MB/s
        *-multimedia
             description: Audio device
             product: Intel Corporation
             vendor: Intel Corporation
             physical id: 1b
             bus info: pci@00:1b.0
             version: 02
             width: 64 bits
             clock: 33MHz
             capabilities: bus_master cap_list
             configuration: driver=HDA Intel latency=0
             resources: iomemory:f9ff8000-f9ffbfff irq:18
        *-pci:1
             description: PCI bridge
             product: Intel Corporation
             vendor: Intel Corporation
             physical id: 1c
             bus info: pci@00:1c.0
             version: 02
             width: 32 bits
             clock: 33MHz
             capabilities: pci normal_decode bus_master cap_list
             configuration: driver=pcieport-driver
        *-pci:2
             description: PCI bridge
             product: Intel Corporation
             vendor: Intel Corporation
             physical id: 1c.4
             bus info: pci@00:1c.4
             version: 02
             width: 32 bits
             clock: 33MHz
             capabilities: pci normal_decode bus_master cap_list
             configuration: driver=pcieport-driver
           *-ide
                description: IDE interface
                product: Marvell Technology Group Ltd.
                vendor: Marvell Technology Group Ltd.
                physical id: 0
                bus info: pci@03:00.0
                logical name: scsi4
                logical name: scsi5
                version: b1
                width: 32 bits
                clock: 33MHz
                capabilities: ide bus_master cap_list scsi-host
                configuration: driver=ata_generic latency=0
                resources: ioport:ec00-ec07 ioport:e880-e883 ioport:e800-e807 ioport:e480-e483 ioport:e400-e40f iomemory:febffc00-febfffff irq:16
        *-pci:3
             description: PCI bridge
             product: Intel Corporation
             vendor: Intel Corporation
             physical id: 1c.5
             bus info: pci@00:1c.5
             version: 02
             width: 32 bits
             clock: 33MHz
             capabilities: pci normal_decode bus_master cap_list
             configuration: driver=pcieport-driver
           *-network
                description: Ethernet interface
                product: L1 Gigabit Ethernet Adapter
                vendor: Attansic Technology Corp.
                physical id: 0
                bus info: pci@02:00.0
                logical name: eth0
                version: b0
                serial: c6:75:f7:5b:95:e2
                width: 64 bits
                clock: 33MHz
                capabilities: bus_master cap_list ethernet physical
                configuration: broadcast=yes driver=atl1 driverversion=2.0.6 firmware=N/A latency=0 multicast=yes
                resources: iomemory:feac0000-feafffff irq:17
        *-usb:4
             description: USB Controller
             product: Intel Corporation
             vendor: Intel Corporation
             physical id: 1d
             bus info: pci@00:1d.0
             version: 02
             width: 32 bits
             clock: 33MHz
             capabilities: uhci bus_master cap_list
             configuration: driver=uhci_hcd latency=0
             resources: ioport:c080-c09f irq:21
           *-usbhost
                product: UHCI Host Controller
                vendor: Linux 2.6.20-15-generic uhci_hcd
                physical id: 1
                bus info: usb@4
                logical name: usb4
                version: 2.06
                capabilities: usb-1.10
                configuration: driver=hub maxpower=0mA slots=2 speed=12.0MB/s
        *-usb:5
             description: USB Controller
             product: Intel Corporation
             vendor: Intel Corporation
             physical id: 1d.1
             bus info: pci@00:1d.1
             version: 02
             width: 32 bits
             clock: 33MHz
             capabilities: uhci bus_master cap_list
             configuration: driver=uhci_hcd latency=0
             resources: ioport:c400-c41f irq:22
           *-usbhost
                product: UHCI Host Controller
                vendor: Linux 2.6.20-15-generic uhci_hcd
                physical id: 1
                bus info: usb@5
                logical name: usb5
                version: 2.06
                capabilities: usb-1.10
                configuration: driver=hub maxpower=0mA slots=2 speed=12.0MB/s
        *-usb:6
             description: USB Controller
             product: Intel Corporation
             vendor: Intel Corporation
             physical id: 1d.2
             bus info: pci@00:1d.2
             version: 02
             width: 32 bits
             clock: 33MHz
             capabilities: uhci bus_master cap_list
             configuration: driver=uhci_hcd latency=0
             resources: ioport:c480-c49f irq:20
           *-usbhost
                product: UHCI Host Controller
                vendor: Linux 2.6.20-15-generic uhci_hcd
                physical id: 1
                bus info: usb@6
                logical name: usb6
                version: 2.06
                capabilities: usb-1.10
                configuration: driver=hub maxpower=0mA slots=2 speed=12.0MB/s
        *-usb:7
             description: USB Controller
             product: Intel Corporation
             vendor: Intel Corporation
             physical id: 1d.7
             bus info: pci@00:1d.7
             version: 02
             width: 32 bits
             clock: 33MHz
             capabilities: ehci bus_master cap_list
             configuration: driver=ehci_hcd latency=0
             resources: iomemory:f9fff800-f9fffbff irq:21
           *-usbhost
                product: EHCI Host Controller
                vendor: Linux 2.6.20-15-generic ehci_hcd
                physical id: 1
                bus info: usb@8
                logical name: usb8
                version: 2.06
                capabilities: usb-2.00
                configuration: driver=hub maxpower=0mA slots=6 speed=480.0MB/s
              *-usb
                   description: Mass storage device
                   product: USB Mass Storage Device
                   physical id: 4
                   bus info: usb@8:4
                   version: 1.00
                   serial: 93e0562356a413
                   capabilities: usb-2.00 scsi
                   configuration: driver=usb-storage maxpower=98mA speed=480.0MB/s
        *-pci:4
             description: PCI bridge
             product: 82801 PCI Bridge
             vendor: Intel Corporation
             physical id: 1e
             bus info: pci@00:1e.0
             version: 92
             width: 32 bits
             clock: 33MHz
             capabilities: pci subtractive_decode bus_master cap_list
        *-isa
             description: ISA bridge
             product: Intel Corporation
             vendor: Intel Corporation
             physical id: 1f
             bus info: pci@00:1f.0
             version: 02
             width: 32 bits
             clock: 33MHz
             capabilities: isa bus_master cap_list
             configuration: latency=0
        *-ide:0
             description: IDE interface
             product: Intel Corporation
             vendor: Intel Corporation
             physical id: 1f.2
             bus info: pci@00:1f.2
             logical name: scsi0
             logical name: scsi1
             version: 02
             width: 32 bits
             clock: 66MHz
             capabilities: ide bus_master cap_list scsi-host
             configuration: driver=ata_generic latency=0
             resources: ioport:1f0-1f7 ioport:3f4-3f3 ioport:170-177 ioport:374-373 ioport:ff90-ff9f ioport:ffa0-ffaf irq:18
        *-serial UNCLAIMED
             description: SMBus
             product: Intel Corporation
             vendor: Intel Corporation
             physical id: 1f.3
             bus info: pci@00:1f.3
             version: 02
             width: 64 bits
             clock: 33MHz
             configuration: latency=0
             resources: iomemory:f9fff400-f9fff4ff ioport:400-41f irq:10
        *-ide:1
             description: IDE interface
             product: Intel Corporation
             vendor: Intel Corporation
             physical id: 1f.5
             bus info: pci@00:1f.5
             logical name: scsi2
             logical name: scsi3
             version: 02
             width: 32 bits
             clock: 66MHz
             capabilities: ide bus_master cap_list scsi-host
             configuration: driver=ata_generic latency=0
             resources: ioport:c000-c007 ioport:bc00-bc03 ioport:b880-b887 ioport:b800-b803 ioport:b480-b48f ioport:b400-b40f irq:18
  *-scsi
       physical id: 1
       bus info: scsi@6
       logical name: scsi6
       capabilities: scsi-host
       configuration: driver=usb-storage

```

I think the relevant part is this:   description: IDE interface
                product: Marvell Technology Group Ltd.
                vendor: Marvell Technology Group Ltd.
                physical id: 0
                bus info: pci@03:00.0
                logical name: scsi4
                logical name: scsi5
                version: b1
                width: 32 bits
                clock: 33MHz
