---
title: "HELP: NTFS drive recognized as an EXT3"
date: 2007-11-13
forum: Hardware &amp; Laptops
---

### Post by dman651 on 2007-11-13
Just installed 7.10 and and it is seeing my ntfs drive as an ext3 drive and won't let me mount it.

any ideas?

---

### Post by ofb on 2007-11-13
Info please. Show us the output for these two,

```
sudo fdisk -l
cat /etc/fstab
```

---

### Post by dman651 on 2007-11-13
Disk /dev/hda: 40.0 GB, 40037760000 bytes
255 heads, 63 sectors/track, 4867 cylinders
Units = cylinders of 16065 * 512 = 8225280 bytes
Disk identifier: 0xb7e61057

   Device Boot      Start         End      Blocks   Id  System
/dev/hda1   *           1        4867    39094146    7  HPFS/NTFS

Disk /dev/hdb: 30.7 GB, 30735581184 bytes
255 heads, 63 sectors/track, 3736 cylinders
Units = cylinders of 16065 * 512 = 8225280 bytes
Disk identifier: 0x4d5e2e1c

   Device Boot      Start         End      Blocks   Id  System
/dev/hdb1   *           1        3577    28732221   83  Linux
/dev/hdb2            3578        3736     1277167+   5  Extended
/dev/hdb5            3578        3736     1277136   82  Linux swap / Solaris

Disk /dev/sda: 250.0 GB, 250059350016 bytes
255 heads, 63 sectors/track, 30401 cylinders
Units = cylinders of 16065 * 512 = 8225280 bytes
Disk identifier: 0xfefdfefd

   Device Boot      Start         End      Blocks   Id  System
/dev/sda1   *           1       30401   244196001    7  HPFS/NTFS

Disk /dev/sdb: 250.0 GB, 250059350016 bytes
255 heads, 63 sectors/track, 30401 cylinders
Units = cylinders of 16065 * 512 = 8225280 bytes
Disk identifier: 0xa04ca04c

   Device Boot      Start         End      Blocks   Id  System
/dev/sdb1   *           1       30401   244196001    7  HPFS/NTFS
dman651@ubuntu:~$ cat /etc/fstab
# /etc/fstab: static file system information.
#
#  -- This file has been automaticly generated by ntfs-config -- 
#
# <file system> <mount point>   <type>  <options>       <dump>  <pass>

proc /proc proc defaults 0 0
# Entry for /dev/hdb1 :
UUID=07d0e019-bd0d-4afb-b8a6-19760d66fd4e / ext3 defaults,errors=remount-ro 0 1
# Entry for /dev/hdb5 :
UUID=d9a0232d-432f-427e-9970-e6b90ac99073 none swap sw 0 0
/dev/hdc /media/cdrom0 udf,iso9660 user,noauto,exec 0 0
/dev/hdd /media/cdrom1 udf,iso9660 user,noauto,exec 0 0


sda1 mounts ok but sdb1 gives an error wrong fs type, bad option, bad superblock on \etc\sdb1 , missing codepage or helper program

thanks

---

### Post by dman651 on 2007-11-14
Any One?

---

### Post by ofb on 2007-11-14
I suspect this is going to be difficult. Let's look for clues.

First question I suppose, is the drive okay when you boot Windows? That'll tell us this isn't a drive failure. After that, how are you mounting sdb1, with terminal? Show us the command and output. Meanwhile search around a bit using that error to see if you can find others in the same situation.

Also, are sda and sdb running as a RAID?

---

### Post by dman651 on 2007-11-18
Sorry for the delay...still seen as an ext3 volume no they are no raid

here is my fstab file:

# /etc/fstab: static file system information.
#
#  -- This file has been automaticly generated by ntfs-config -- 
#
# <file system> <mount point>   <type>  <options>       <dump>  <pass>

proc /proc proc defaults 0 0
# Entry for /dev/hdb1 :
UUID=07d0e019-bd0d-4afb-b8a6-19760d66fd4e / ext3 defaults,errors=remount-ro 0 1
# Entry for /dev/hdb5 :
UUID=d9a0232d-432f-427e-9970-e6b90ac99073 none swap sw 0 0
/dev/hdc /media/cdrom0 udf,iso9660 user,noauto,exec 0 0
/dev/hdd /media/cdrom1 udf,iso9660 user,noauto,exec 0 0
/dev/sda1 /media/DATA2 ntfs-3g defaults 0 0
/dev/sdb1 /media/DATA3 ntfs-3g defaults 0 0

it mounts ok with this

even though it is mounted as ntfs the properties still show it as ext3. I'll see what I can do to post a screen shot of the property dialog

I searched for the error I was getting but did not come across anything... this worked fine under 7.04

Thanks

Here is the screen shot:

[IMG]http://ubuntuforums.org/g/images/334739/large/1_Screenshot-Desktop.png[/IMG]

---

### Post by ofb on 2007-11-18
Bizarre. Having identical drives with identical setups just underlines how strange this is.

Unanswered question - is that drive okay under Windows? (Presuming you dual-boot. Looks like that from here.) If it's okay under Win then we can reasonably discard the idea of drive failure. We do need to establish that.

Next item is 7.10 definitely does have some strange trouble with IDE. We have devices that don't show up, burners that read but don't burn, assignments of hda and hdb being swapped between physical drives on each boot, etc. It's a bit of a mess and we're just waiting for kernel patches to come through. Workarounds aren't getting to the source issue, whatever it is.

Whether that's your trouble I couldn't say - this is the first I've come across with the file type wrong. (Um, congratulations?)

No doubt you'd just like to know how to fix it. I don't know. Presuming drive failure has be put out of the options, I'll suggest you've got two ways forward. 1] Wait for some kernel patches to come through to see if that sorts it. 2] Go to launchpad and file a proper bug report.

---

### Post by dman651 on 2007-11-19
Thanks for your attempt at helping me... yes I dual boot win xp and everything is fine...it is just odd that it was OK with 7.04 and now not. 

I got it to mount and can read from it....I will just be extra cautious and hope I don't lose my data ( did someone say backup!!!!) 


Thanks again

---

