---
title: "hard drive permission trouble"
date: 2007-10-09
forum: Hardware &amp; Laptops
---

### Post by prow on 2007-10-09
hi guys im having some huge trouble with my slave drive.  I am dual booting ubuntu with windows xp.  I installed a slave drive and formatted it to ntfs.  I downloaded ntfs-config.  I can see the files in the ntfs drive but i cant write to the drive.  I also dont have a disk management utility under system > administration........please help!

---

### Post by taurus on 2007-10-09
Did you use ntfs-config to mount it?  Did you mount it through /etc/fstab?  Can you post

```
sudo fdisk -l
cat /etc/fstab
```

---

### Post by prow on 2007-10-09
```
prow@prow-ubuntu:~$ sudo fdisk -l
Password:

Disk /dev/sda: 80.0 GB, 80026361856 bytes
255 heads, 63 sectors/track, 9729 cylinders
Units = cylinders of 16065 * 512 = 8225280 bytes

   Device Boot      Start         End      Blocks   Id  System
/dev/sda1   *           1         765     6144831    7  HPFS/NTFS
/dev/sda2             766        3804    24410767+  83  Linux
/dev/sda3            3805        4047     1951897+  82  Linux swap / Solaris
/dev/sda4            4048        9729    45640665    b  W95 FAT32

Disk /dev/sdb: 80.0 GB, 80026361856 bytes
240 heads, 63 sectors/track, 10337 cylinders
Units = cylinders of 15120 * 512 = 7741440 bytes

   Device Boot      Start         End      Blocks   Id  System
/dev/sdb1               1       10337    78147688+   7  HPFS/NTFS

Disk /dev/sdc: 164.6 GB, 164696555520 bytes
255 heads, 63 sectors/track, 20023 cylinders
Units = cylinders of 16065 * 512 = 8225280 bytes

   Device Boot      Start         End      Blocks   Id  System
/dev/sdc1               1       20023   160834716    7  HPFS/NTFS
prow@prow-ubuntu:~$ cat /etc/fstab
# /etc/fstab: static file system information.
#
#  -- This file has been automaticly generated by ntfs-config -- 
#
# <file system> <mount point>   <type>  <options>       <dump>  <pass>

proc /proc proc defaults 0 0
# Entry for /dev/sda2 :
UUID=ffb30309-08dd-41a1-8cd9-1e12b2355973 / ext3 defaults,errors=remount-ro 0 1
# Entry for /dev/sda1 :
UUID=EE04F8B204F87EC1 /media/sda1 ntfs-3g defaults,locale=en_US.UTF-8 0 1
# Entry for /dev/sda4 :
UUID=A830-2F1B /share vfat defaults,utf8,umask=007,gid=46 0 1
# Entry for /dev/sda3 :
UUID=f2118060-ebec-4601-8567-a59ce3e33cf1 none swap sw 0 0
/dev/scd0 /media/cdrom0 udf,iso9660 user,noauto 0 0
/dev/cdrom /media/cdrom1 udf,iso9660 user,noauto 0 0
/dev/fd0 /media/floppy0 auto rw,user,noauto 0 0

```

its sdb1

---

### Post by taurus on 2007-10-09
What happens when you run these commands from a terminal?

```
sudo mkdir /media/sdb1
sudo mount -t ntfs-3g /dev/sdb1 /media/sdb1
ls -la /media
```

---

### Post by prow on 2007-10-09
i put an entry in fstab:

```
prow@prow-ubuntu:~$ cat /etc/fstab
# /etc/fstab: static file system information.
#
#  -- This file has been automaticly generated by ntfs-config -- 
#
# <file system> <mount point>   <type>  <options>       <dump>  <pass>

proc /proc proc defaults 0 0
# Entry for /dev/sda2 :
UUID=ffb30309-08dd-41a1-8cd9-1e12b2355973 / ext3 defaults,errors=remount-ro 0 1
# Entry for /dev/sda1 :
UUID=EE04F8B204F87EC1 /media/sda1 ntfs-3g defaults,locale=en_US.UTF-8 0 1
# Entry for /dev/sda4 :
UUID=A830-2F1B /share vfat defaults,utf8,umask=007,gid=46 0 1
# Entry for /dev/sda3 :
UUID=f2118060-ebec-4601-8567-a59ce3e33cf1 none swap sw 0 0
/dev/scd0 /media/cdrom0 udf,iso9660 user,noauto 0 0
/dev/cdrom /media/cdrom1 udf,iso9660 user,noauto 0 0
/dev/fd0 /media/floppy0 auto rw,user,noauto 0 0
/dev/sdb1 /media/XData ntfs-3g defaults,locale=en_US.UTF-8 0 1

```

I can unmount the drive and remount the drive but i still cant write to it:

```
prow@prow-ubuntu:~$ ls -la /media
total 38
drwxr-xr-x  9 root root 4096 2007-10-09 19:19 .
drwxr-xr-x 22 root root 4096 2007-07-21 22:43 ..
lrwxrwxrwx  1 root root    6 2007-06-28 17:59 cdrom -> cdrom0
dr-xr-xr-x 10 root root 2048 2007-05-10 02:12 cdrom0
drwxr-xr-x  2 root root 4096 2007-06-28 17:59 cdrom1
lrwxrwxrwx  1 root root    7 2007-06-28 17:59 floppy -> floppy0
drwxr-xr-x  2 root root 4096 2007-06-28 17:59 floppy0
-rw-r--r--  1 root root  183 2007-10-09 19:17 .hal-mtab
---sr-x---  1 root root    0 2007-06-28 22:19 .hal-mtab-lock
drwxrwxrwx  1 root root 4096 2007-10-09 18:21 sda1
drwxr-xr-x  2 root root 4096 2007-10-08 23:40 XboxMedia
drwxrwxrwx  1 root root 4096 2007-10-09 18:10 XData
drwxrwxrwx  1 root root 4096 2007-10-09 18:21 XDrive

```

I named the share XData

---

### Post by prow on 2007-10-09
ok i lied...i can write to it...but only as root...how do i change the permissions in command line?  I totally forget.

---

### Post by prow on 2007-10-09
ok so now i did sudo chmod 777 /media/XData

now i can copy files to the drive but i cant create new folders on the drive...but once i copy a new folder to the drive i can then create new folders in the copied folder on the drive.

Sorry if thats confusing...im going to try a restart to see if it fixes it

---

### Post by prow on 2007-10-09
that did the trick....sorry for all the trouble...i fixed my own problem...thanks guys!!!!

---

