---
title: "how do i make my internal hdds available in ubuntu?"
date: 2007-08-25
forum: Hardware &amp; Laptops
---

### Post by jmate24 on 2007-08-25
I have 2 internal spare hdds that are internal one is connected to a ide raid card and the other is connected to my on board ide (primary slave).

and i also wish to be able to unmount the drives when i chose to.

thank you,
jmate24

---

### Post by merlinus on 2007-08-25
Post output of:

```

sudo fdisk -l
mount
cat /etc/fstab

```-merlin

---

### Post by jmate24 on 2007-08-25
```
oem@1jmate241:~$ sudo fdisk -l
Password:

Disk /dev/sda: 40.0 GB, 40027029504 bytes
255 heads, 63 sectors/track, 4866 cylinders
Units = cylinders of 16065 * 512 = 8225280 bytes

   Device Boot      Start         End      Blocks   Id  System
/dev/sda1               1        4866    39086113+   b  W95 FAT32

Disk /dev/hda: 122.9 GB, 122942324736 bytes
255 heads, 63 sectors/track, 14946 cylinders
Units = cylinders of 16065 * 512 = 8225280 bytes

   Device Boot      Start         End      Blocks   Id  System
/dev/hda1   *           1       14783   118744416   83  Linux
/dev/hda2           14784       14946     1309297+   5  Extended
/dev/hda5           14784       14946     1309266   82  Linux swap / Solaris

Disk /dev/hdb: 81.9 GB, 81964302336 bytes
255 heads, 63 sectors/track, 9964 cylinders
Units = cylinders of 16065 * 512 = 8225280 bytes

   Device Boot      Start         End      Blocks   Id  System
/dev/hdb1               1        9964    80035798+   b  W95 FAT32

Disk /dev/sdb: 27.6 GB, 27604039680 bytes
255 heads, 63 sectors/track, 3356 cylinders
Units = cylinders of 16065 * 512 = 8225280 bytes

   Device Boot      Start         End      Blocks   Id  System
/dev/sdb1               1        3356    26957038+   b  W95 FAT32
oem@1jmate241:~$ mount
/dev/hda1 on / type ext3 (rw,errors=remount-ro)
proc on /proc type proc (rw,noexec,nosuid,nodev)
/sys on /sys type sysfs (rw,noexec,nosuid,nodev)
varrun on /var/run type tmpfs (rw,noexec,nosuid,nodev,mode=0755)
varlock on /var/lock type tmpfs (rw,noexec,nosuid,nodev,mode=1777)
procbususb on /proc/bus/usb type usbfs (rw)
udev on /dev type tmpfs (rw,mode=0755)
devshm on /dev/shm type tmpfs (rw)
devpts on /dev/pts type devpts (rw,gid=5,mode=620)
lrm on /lib/modules/2.6.20-16-generic/volatile type tmpfs (rw)
binfmt_misc on /proc/sys/fs/binfmt_misc type binfmt_misc (rw)
/dev/hdc on /media/cdrom0 type iso9660 (ro,noexec,nosuid,nodev,user=oem)
/dev/sdb1 on /media/disk type vfat (rw,nosuid,nodev,shortname=mixed,uid=29999,utf8,umask=077)
oem@1jmate241:~$ cat /etc/fstab
# /etc/fstab: static file system information.
#
#  -- This file has been automaticly generated by ntfs-config -- 
#
# <file system> <mount point>   <type>  <options>       <dump>  <pass>

proc /proc proc defaults 0 0
# Entry for /dev/hda1 :
UUID=1709108c-ad88-4edf-844a-459d7bd64473 / ext3 defaults,errors=remount-ro 0 1
# Entry for /dev/hda5 :
UUID=a2231505-6f0b-4fab-8e4d-d7c6f479c897 none swap sw 0 0
/dev/hdc /media/cdrom0 udf,iso9660 user,noauto 0 0
/dev/hdd /media/cdrom1 udf,iso9660 user,noauto 0 0
oem@1jmate241:~$ 

```

---

### Post by merlinus on 2007-08-25
You will have to make a mountpoint for each and add entries to /etc/fstab.

Info here:

[http://users.bigpond.net.au/hermanzone/p10.htm#Mounting_Windows_with_Dapper_Desktop](http://users.bigpond.net.au/hermanzone/p10.htm#Mounting_Windows_with_Dapper_Desktop)

-merlin

---

