---
title: "Zaurus sl5600"
date: 2005-11-06
forum: Hardware &amp; Laptops
---

### Post by Iceman4141 on 2005-11-06
Hello can't seem to get my laptop to recognise my zarus  this is my dmsg:
le (1587k kernel code, 9704k reserved, 714k data, 164k init, 0k highmem)
Checking if this processor honours the WP bit even in supervisor mode... Ok.
Calibrating delay loop... 3153.92 BogoMIPS (lpj=1576960)
Security Framework v1.0.0 initialized
SELinux:  Disabled at boot.
Mount-cache hash table entries: 512 (order: 0, 4096 bytes)
CPU: After generic identify, caps: 3febf9ff 00000000 00000000 00000000 00000000 00000000
CPU: After vendor identify, caps: 3febf9ff 00000000 00000000 00000000 00000000 00000000
CPU: Trace cache: 12K uops, L1 D cache: 8K
CPU: L2 cache: 512K
CPU: After all inits, caps: 3febf9ff 00000000 00000000 00000080 00000000 00000000
Intel machine check architecture supported.
Intel machine check reporting enabled on CPU#0.
CPU0: Intel P4/Xeon Extended MCE MSRs (12) available
CPU0: Thermal monitoring enabled
CPU: Intel(R) Pentium(R) 4 CPU 1.60GHz stepping 04
Enabling fast FPU save and restore... done.
Enabling unmasked SIMD FPU exception support... done.
Checking 'hlt' instruction... OK.
ACPI: Looking for DSDT in initrd... not found!
ACPI: setting ELCR to 0200 (from 0a00)
checking if image is initramfs...it isn't (bad gzip magic numbers); looks like an initrd
Freeing initrd memory: 4524k freed
NET: Registered protocol family 16
PCI: PCI BIOS revision 2.10 entry at 0xfd496, last bus=5
PCI: Using configuration type 1
mtrr: v2.0 (20020519)
ACPI: Subsystem revision 20050211
ACPI: Interpreter enabled
ACPI: Using PIC for interrupt routing
ACPI: PCI Interrupt Link [LNKA] (IRQs 3 4 5 7 10 *11)
ACPI: PCI Interrupt Link [LNKB] (IRQs 3 4 5 7 10 *11)
ACPI: PCI Interrupt Link [LNKC] (IRQs 3 4 5 7 10 *11)
ACPI: PCI Interrupt Link [LNKD] (IRQs 3 4 5 7 10 *11)
ACPI: PCI Interrupt Link [LNKE] (IRQs 3 4 5 7 10 *11)
ACPI: PCI Interrupt Link [LNKF] (IRQs 3 4 5 7 10 *11)
ACPI: PCI Interrupt Link [LNKG] (IRQs 3 4 5 7 10 *11)
ACPI: PCI Interrupt Link [LNKH] (IRQs 3 4 5 7 10 *11)
ACPI: PCI Root Bridge [PCI0] (00:00)
PCI: Probing PCI hardware (bus 00)
PCI: Ignoring BAR0-3 of IDE controller 0000:00:1f.1
PCI: Transparent bridge - 0000:00:1e.0
ACPI: PCI Interrupt Routing Table [\_SB_.PCI0._PRT]
ACPI: PCI Interrupt Routing Table [\_SB_.PCI0.PCIB._PRT]
ACPI: PCI Interrupt Routing Table [\_SB_.PCI0.PCI1._PRT]
ACPI: Power Resource [PFAN] (off)
Linux Plug and Play Support v0.97 (c) Adam Belay
pnp: PnP ACPI init
pnp: PnP ACPI: found 13 devices
PnPBIOS: Disabled by ACPI PNP
PCI: Using ACPI for IRQ routing
** PCI interrupts are no longer routed automatically.  If this
** causes a device to stop working, it is probably because the
** driver failed to call pci_enable_device().  As a temporary
** workaround, the "pci=routeirq" argument restores the old
** behavior.  If this argument makes the device work again,
** please email the output of "lspci" to [email]bjorn.helgaas@hp.com[/email]
** so I can fix the driver.
Simple Boot Flag at 0x7c set to 0x1
audit: initializing netlink socket (disabled)
audit(1131253938.391:0): initialized
VFS: Disk quotas dquot_6.5.1
Dquot-cache hash table entries: 1024 (order 0, 4096 bytes)
devfs: 2004-01-31 Richard Gooch (rgooch@atnf.csiro.au)
devfs: boot_options: 0x0
Initializing Cryptographic API
isapnp: Scanning for PnP cards...
isapnp: No Plug & Play device found
serio: i8042 AUX port at 0x60,0x64 irq 12
serio: i8042 KBD port at 0x60,0x64 irq 1
Serial: 8250/16550 driver $Revision: 1.90 $ 48 ports, IRQ sharing enabled
PCI: Enabling device 0000:00:1f.6 (0000 -> 0001)
ACPI: PCI Interrupt Link [LNKB] enabled at IRQ 11
PCI: setting IRQ 11 as level-triggered
ACPI: PCI interrupt 0000:00:1f.6[B] -> GSI 11 (level, low) -> IRQ 11
io scheduler noop registered
io scheduler anticipatory registered
io scheduler deadline registered
io scheduler cfq registered
RAMDISK driver initialized: 16 RAM disks of 8192K size 1024 blocksize
input: AT Translated Set 2 keyboard on isa0060/serio0
NET: Registered protocol family 2
IP: routing cache hash table of 2048 buckets, 16Kbytes
TCP: Hash tables configured (established 16384 bind 32768)
NET: Registered protocol family 8
NET: Registered protocol family 20
Restarting tasks...<6> Strange, kswapd0 not stopped
 Strange, kseriod not stopped
 done
ACPI wakeup devices:
MPC0 MPC1  LAN VIY0 VIY1 USB1 USB2 AMDM  LID
ACPI: (supports S0 S3 S4 S4bios S5)
RAMDISK: cramfs filesystem found at block 0
RAMDISK: Loading 4524KiB [1 disk] into ram disk... done.
VFS: Mounted root (cramfs filesystem) readonly.
Freeing unused kernel memory: 164k freed
ACPI: Fan [FAN] (off)
ACPI: CPU0 (power states: C1[C1] C2[C2] C3[C3])
ACPI: Thermal Zone [THRM] (55 C)
NET: Registered protocol family 1
Uniform Multi-Platform E-IDE driver Revision: 7.00alpha2
ide: Assuming 33MHz system bus speed for PIO modes; override with idebus=xx
ICH3M: IDE controller at PCI slot 0000:00:1f.1
ACPI: PCI Interrupt Link [LNKC] enabled at IRQ 11
ACPI: PCI interrupt 0000:00:1f.1[A] -> GSI 11 (level, low) -> IRQ 11
ICH3M: chipset revision 2
ICH3M: not 100% native mode: will probe irqs later
    ide0: BM-DMA at 0xcfa0-0xcfa7, BIOS settings: hda:DMA, hdb:pio
    ide1: BM-DMA at 0xcfa8-0xcfaf, BIOS settings: hdc:DMA, hdd:pio
Probing IDE interface ide0...
hda: TOSHIBA MK3018GAS, ATA DISK drive
elevator: using anticipatory as default io scheduler
ide0 at 0x1f0-0x1f7,0x3f6 on irq 14
hda: max request size: 128KiB
hda: 58605120 sectors (30005 MB), CHS=58140/16/63, UDMA(100)
hda: cache flushes supported
 /dev/ide/host0/bus0/target0/lun0: p1 p2 < p5 >
Probing IDE interface ide1...
hdc: TOSHIBA DVD-ROM SD-R2212, ATAPI CD/DVD-ROM drive
ide1 at 0x170-0x177,0x376 on irq 15
Probing IDE interface ide2...
Probing IDE interface ide3...
Probing IDE interface ide4...
ide4: Wait for ready failed before probe !
Probing IDE interface ide5...
Stopping tasks: ==|
Freeing memory... done (465 pages freed)
Restarting tasks... done
EXT3-fs: mounted filesystem with ordered data mode.
kjournald starting.  Commit interval 5 seconds
Adding 746980k swap on /dev/hda5.  Priority:-1 extents:1
EXT3 FS on hda1, internal journal
hdc: ATAPI 24X DVD-ROM CD-R/RW drive, 2048kB Cache
Uniform CD-ROM driver Revision: 3.20
pnp: Evaluate _CRS failed
pnp: Failed to activate device 00:0a.
parport_pc: probe of 00:0a failed with error -5
lp: driver loaded but no devices found
mice: PS/2 mouse device common for all mice
input: ImPS/2 Generic Wheel Mouse on isa0060/serio1
ts: Compaq touchscreen protocol output
usbcore: registered new driver usbfs
usbcore: registered new driver hub
ndiswrapper version 1.0rc2 loaded (preempt=yes,smp=no)
ndiswrapper: driver bcmwl5 (Motorola,09/24/2003, 3.40.20.0) added
Capability LSM initialized
device-mapper: 4.3.0-ioctl (2004-09-30) initialised: [email]dm-devel@redhat.com[/email]
md: md driver 0.90.1 MAX_MD_DEVS=256, MD_SB_DISKS=27
input: PC Speaker
Real Time Clock Driver v1.12
inserting floppy driver for 2.6.10-5-686
Floppy drive(s): fd0 is 1.44M
FDC 0 is a post-1991 82077
Linux agpgart interface v0.100 (c) Dave Jones
agpgart: Detected an Intel i845 Chipset.
agpgart: Maximum main memory to use for agp memory: 203M
agpgart: AGP aperture is 128M @ 0xf0000000
cpci_hotplug: CompactPCI Hot Plug Core version: 0.2
pci_hotplug: PCI Hot Plug PCI Core version: 0.5
shpchp: acpi_shpchprm:\_SB_.PCI0 evaluate _BBN fail=0x5
shpchp: acpi_shpchprm:get_device PCI ROOT HID fail=0x5
pciehp: acpi_pciehprm:\_SB_.PCI0 evaluate _BBN fail=0x5
pciehp: acpi_pciehprm:get_device PCI ROOT HID fail=0x5
USB Universal Host Controller Interface driver v2.2
ACPI: PCI Interrupt Link [LNKA] enabled at IRQ 11
ACPI: PCI interrupt 0000:00:1d.0[A] -> GSI 11 (level, low) -> IRQ 11
uhci_hcd 0000:00:1d.0: Intel Corp. 82801CA/CAM USB (Hub #1)
PCI: Setting latency timer of device 0000:00:1d.0 to 64
uhci_hcd 0000:00:1d.0: irq 11, io base 0xefe0
uhci_hcd 0000:00:1d.0: new USB bus registered, assigned bus number 1
hub 1-0:1.0: USB hub found
hub 1-0:1.0: 2 ports detected
ACPI: PCI Interrupt Link [LNKD] enabled at IRQ 11
ACPI: PCI interrupt 0000:00:1d.1[B] -> GSI 11 (level, low) -> IRQ 11
uhci_hcd 0000:00:1d.1: Intel Corp. 82801CA/CAM USB (Hub #2)
PCI: Setting latency timer of device 0000:00:1d.1 to 64
uhci_hcd 0000:00:1d.1: irq 11, io base 0xef80
uhci_hcd 0000:00:1d.1: new USB bus registered, assigned bus number 2
hub 2-0:1.0: USB hub found
hub 2-0:1.0: 2 ports detected
shpchp: acpi_shpchprm:\_SB_.PCI0 evaluate _BBN fail=0x5
shpchp: acpi_shpchprm:get_device PCI ROOT HID fail=0x5
pciehp: acpi_pciehprm:\_SB_.PCI0 evaluate _BBN fail=0x5
pciehp: acpi_pciehprm:get_device PCI ROOT HID fail=0x5
hw_random: RNG not detected
PCI: Enabling device 0000:00:1f.5 (0000 -> 0001)
ACPI: PCI interrupt 0000:00:1f.5[B] -> GSI 11 (level, low) -> IRQ 11
PCI: Setting latency timer of device 0000:00:1f.5 to 64
intel8x0_measure_ac97_clock: measured 49371 usecs
intel8x0: clocking to 48000
e100: Intel(R) PRO/100 Network Driver, 3.2.3-k2-NAPI
e100: Copyright(c) 1999-2004 Intel Corporation
ACPI: PCI Interrupt Link [LNKE] enabled at IRQ 11
ACPI: PCI interrupt 0000:02:08.0[A] -> GSI 11 (level, low) -> IRQ 11
e100: eth0: e100_probe: addr 0xff9ff000, irq 11, MAC addr 00:00:39:C0:4E:8F
Linux Kernel Card Services
  options:  [pci] [cardbus] [pm]
PCI: Enabling device 0000:02:0b.0 (0000 -> 0002)
ACPI: PCI interrupt 0000:02:0b.0[A] -> GSI 11 (level, low) -> IRQ 11
Yenta: CardBus bridge found at 0000:02:0b.0 [1179:0001]
Yenta: ISA IRQ mask 0x04b8, PCI irq 11
Socket status: 30000007
PCI: Enabling device 0000:02:0b.1 (0000 -> 0002)
ACPI: PCI interrupt 0000:02:0b.1[B] -> GSI 11 (level, low) -> IRQ 11
Yenta: CardBus bridge found at 0000:02:0b.1 [1179:0001]
Yenta: ISA IRQ mask 0x04b8, PCI irq 11
Socket status: 30000020
PCI: Enabling device 0000:07:00.0 (0000 -> 0002)
ACPI: PCI interrupt 0000:07:00.0[A] -> GSI 11 (level, low) -> IRQ 11
PCI: Setting latency timer of device 0000:07:00.0 to 64
ndiswrapper: using irq 11
NET: Registered protocol family 17
wlan0: ndiswrapper ethernet device 00:0c:e5:4f:d1:88 using driver bcmwl5
wlan0: encryption modes supported: WEP, WPA with TKIP, WPA with AES/CCMP
NET: Registered protocol family 10
Disabled Privacy Extensions on device c0313ce0(lo)
IPv6 over IPv4 tunneling driver
ACPI: AC Adapter [ADP1] (on-line)
ACPI: Battery Slot [BAT1] (battery present)
ACPI: Power Button (FF) [PWRF]
ACPI: Lid Switch [LID]
ibm_acpi: ec object not found
toshiba_acpi: Toshiba Laptop ACPI Extras version 0.19a
toshiba_acpi:     HCI method: \_SB_.VALD.GHCI
toshiba_acpi: Toshiba hotkeys are sent as ACPI events
toshiba_acpi: ktoshkeyd will check 2 times per second
toshiba_acpi: Dropped 0 keys from the queue on startup
ACPI: Video Device [VGA] (multi-head: yes  rom: yes  post: no)
apm: BIOS version 1.2 Flags 0x02 (Driver version 1.16ac)
apm: overridden by ACPI.
cs: IO port probe 0x0100-0x04ff: excluding 0x1e0-0x1e7 0x4d0-0x4d7
cs: IO port probe 0x0800-0x08ff: clean.
cs: IO port probe 0x0c00-0x0cff: clean.
cs: IO port probe 0x0a00-0x0aff: clean.
eth0: no IPv6 routers present
wlan0: no IPv6 routers present
UDF-fs: No VRS found
ISO 9660 Extensions: Microsoft Joliet Level 1
ISOFS: changing to secondary root
usb 1-2: new full speed USB device using uhci_hcd and address 2
usb 1-2: device descriptor read/64, error -71
usb 1-2: device descriptor read/64, error -71
usb 1-2: new full speed USB device using uhci_hcd and address 3
usb 1-2: device descriptor read/64, error -71
usb 1-2: device descriptor read/64, error -71
ibm_acpi: ec object not found
usb 1-2: new full speed USB device using uhci_hcd and address 4
usb 1-2: device descriptor read/64, error -71
usb 1-2: device descriptor read/64, error -71
usb 1-2: new full speed USB device using uhci_hcd and address 5
usb 1-2: device descriptor read/64, error -71
usb 1-2: device descriptor read/64, error -71
usb 1-2: new full speed USB device using uhci_hcd and address 6
usb 1-2: device descriptor read/64, error -71
usb 1-2: device descriptor read/64, error -71
usb 1-2: new full speed USB device using uhci_hcd and address 7
usb 1-2: device descriptor read/64, error -71
usb 1-2: device descriptor read/64, error -71
usb 1-2: new full speed USB device using uhci_hcd and address 8
usb 1-2: device descriptor read/64, error -71
usb 1-2: device descriptor read/64, error -71
usb 1-2: new full speed USB device using uhci_hcd and address 9
usb 1-2: device descriptor read/64, error -71
usb 1-2: device descriptor read/64, error -71
usb 1-2: new full speed USB device using uhci_hcd and address 10
usb 1-2: device descriptor read/64, error -71
usb 1-2: device descriptor read/64, error -71
usb 1-2: new full speed USB device using uhci_hcd and address 11
usb 1-2: device descriptor read/64, error -71
usb 1-2: device descriptor read/64, error -71
usbcore: registered new driver usbnet
usb 1-2: new full speed USB device using uhci_hcd and address 12
usb 1-2: device descriptor read/64, error -71
usb 1-2: device descriptor read/64, error -71
usb 1-2: new full speed USB device using uhci_hcd and address 13
usb 1-2: device descriptor read/64, error -71
usb 1-2: device descriptor read/64, error -71
usb 1-2: new full speed USB device using uhci_hcd and address 14
usb 1-2: device descriptor read/64, error -71
usb 1-2: device descriptor read/64, error -71
usb 1-2: new full speed USB device using uhci_hcd and address 15
usb 1-2: device descriptor read/64, error -71
usb 1-2: device descriptor read/64, error -71
usb 1-2: new full speed USB device using uhci_hcd and address 16
usb 1-2: device descriptor read/64, error -71
usb 1-2: device descriptor read/64, error -71
usb 1-2: new full speed USB device using uhci_hcd and address 17
usb 1-2: device descriptor read/64, error -71
usb 1-2: device descriptor read/64, error -71
usb 1-2: new full speed USB device using uhci_hcd and address 18
usb 1-2: device descriptor read/64, error -71
usb 1-2: device descriptor read/64, error -71
usb 1-2: new full speed USB device using uhci_hcd and address 19
usb 1-2: device descriptor read/64, error -71
usb 1-2: device descriptor read/64, error -71
usb 1-2: new full speed USB device using uhci_hcd and address 20
usb 1-2: device descriptor read/64, error -71
usb 1-2: device descriptor read/64, error -71
usb 1-2: new full speed USB device using uhci_hcd and address 21
usb 1-2: device descriptor read/64, error -71
usb 1-2: device descriptor read/64, error -71
usb 1-2: new full speed USB device using uhci_hcd and address 22
usb 1-2: device descriptor read/64, error -71
usb 1-2: device descriptor read/64, error -71
usb 1-2: new full speed USB device using uhci_hcd and address 23
usb 1-2: device descriptor read/64, error -71
usb 1-2: device descriptor read/64, error -71
usb 1-2: new full speed USB device using uhci_hcd and address 24
Linux video capture interface: v1.00
quickcam: QuickCam USB camera found (driver version QuickCam USB 0.6.3 $Date: 2005/04/15 19:32:49 $)
quickcam: Kernel:2.6.10-5-686 bus:1 class:FF subclass:FF vendor:046D product:0840
quickcam: Sensor HDCS-1000/1100 detected
quickcam: Registered device: /dev/video0
usbcore: registered new driver quickcam

All my usb ports seem to recognise my other periphials just not the zaurus
Running Qtopia Desktop 2.1.2 also on the Zaurus 
would appreciate any help 
thanx Joe:confused:

---

### Post by jasmuz on 2005-11-06
Unplug your Zaurus, open a terminal, type cat /var/log/messages
Plug your Zaurus, and watch if a USBD module or any other gets loaded.

---

### Post by Iceman4141 on 2005-11-06
Did cat /var/log/messages:
Nov  5 18:17:32 localhost -- MARK --
Nov  5 18:37:32 localhost -- MARK --
Nov  5 18:57:33 localhost -- MARK --
Nov  5 19:17:34 localhost -- MARK --
Nov  5 19:37:34 localhost -- MARK --
Nov  5 19:57:38 localhost -- MARK --
Nov  5 20:17:38 localhost -- MARK --
Nov  5 20:37:38 localhost -- MARK --
Nov  5 20:57:38 localhost -- MARK --
Nov  5 21:17:39 localhost -- MARK --
Nov  5 21:37:39 localhost -- MARK --
Nov  5 21:57:43 localhost -- MARK --
Nov  5 22:17:43 localhost -- MARK --
Nov  5 22:37:43 localhost -- MARK --
Nov  5 22:57:44 localhost -- MARK --
Nov  5 23:17:48 localhost -- MARK --
Nov  5 23:37:50 localhost -- MARK --
Nov  5 23:56:35 localhost kernel: usb 1-2: new full speed USB device using uhci_hcd and address 2
Nov  5 23:56:36 localhost kernel: usb 1-2: new full speed USB device using uhci_hcd and address 3
Nov  6 00:09:06 localhost kernel: usb 2-1: new full speed USB device using uhci_hcd and address 2
Nov  6 00:09:06 localhost kernel: usb 2-1: new full speed USB device using uhci_hcd and address 3
Nov  6 00:10:25 localhost kernel: usb 1-2: new full speed USB device using uhci_hcd and address 4
Nov  6 00:10:26 localhost kernel: usb 1-2: new full speed USB device using uhci_hcd and address 5
Nov  6 00:11:27 localhost gconfd (joe-6912): Exiting
Nov  6 00:11:29 localhost gconfd (joe-27317): starting (version 2.10.0), pid 27317 user 'joe'
Nov  6 00:11:30 localhost gconfd (joe-27317): Resolved address "xml:readonly:/etc/gconf/gconf.xml.mandatory" to a read-only configuration source at position 0
Nov  6 00:11:30 localhost gconfd (joe-27317): Resolved address "xml:readwrite:/home/joe/.gconf" to a writable configuration source at position 1
Nov  6 00:11:30 localhost gconfd (joe-27317): Resolved address "xml:readonly:/etc/gconf/gconf.xml.defaults" to a read-only configuration source at position 2
Nov  6 00:11:38 localhost shutdown[5664]: shutting down for system reboot
Nov  6 00:11:47 localhost kernel: apm: BIOS version 1.2 Flags 0x02 (Driver version 1.16ac)
Nov  6 00:11:47 localhost kernel: apm: disabled on user request.
Nov  6 00:11:55 localhost kernel: Kernel logging (proc) stopped.
Nov  6 00:11:55 localhost kernel: Kernel log daemon terminating.
Nov  6 00:11:55 localhost exiting on signal 15
Nov  6 00:14:50 localhost syslogd 1.4.1#16ubuntu6: restart.
Nov  6 00:14:50 localhost kernel: Inspecting /boot/System.map-2.6.10-5-686
Nov  6 00:14:51 localhost kernel: Loaded 26806 symbols from /boot/System.map-2.6.10-5-686.
Nov  6 00:14:51 localhost kernel: Symbols match kernel version 2.6.10.
Nov  6 00:14:51 localhost kernel: No module symbols loaded - kernel modules not enabled.
Nov  6 00:14:51 localhost kernel: Linux version 2.6.10-5-686 (buildd@terranova) (gcc version 3.3.5 (Debian 1:3.3.5-8ubuntu2)) #1 Mon Oct 10 11:28:02 UTC 2005
Nov  6 00:14:51 localhost kernel: BIOS-provided physical RAM map:
Nov  6 00:14:51 localhost kernel:  BIOS-e820: 0000000000000000 - 000000000009fc00 (usable)
Nov  6 00:14:51 localhost kernel:  BIOS-e820: 000000000009fc00 - 00000000000a0000 (reserved)
Nov  6 00:14:51 localhost kernel:  BIOS-e820: 00000000000e0000 - 00000000000eee00 (reserved)
Nov  6 00:14:51 localhost kernel:  BIOS-e820: 00000000000eee00 - 00000000000ef000 (ACPI NVS)
Nov  6 00:14:51 localhost kernel:  BIOS-e820: 00000000000ef000 - 0000000000100000 (reserved)
Nov  6 00:14:51 localhost kernel:  BIOS-e820: 0000000000100000 - 000000000ffd0000 (usable)
Nov  6 00:14:51 localhost kernel:  BIOS-e820: 000000000ffd0000 - 000000000ffe0000 (ACPI data)
Nov  6 00:14:51 localhost kernel:  BIOS-e820: 000000000ffe0000 - 0000000010000000 (reserved)
Nov  6 00:14:51 localhost kernel:  BIOS-e820: 00000000feda0000 - 00000000fedc0000 (reserved)
Nov  6 00:14:51 localhost kernel:  BIOS-e820: 00000000ffb80000 - 00000000ffc00000 (reserved)
Nov  6 00:14:51 localhost kernel:  BIOS-e820: 00000000fff80000 - 0000000100000000 (reserved)
Nov  6 00:14:51 localhost kernel: 0MB HIGHMEM available.
Nov  6 00:14:51 localhost kernel: 255MB LOWMEM available.
Nov  6 00:14:51 localhost kernel: DMI 2.3 present.
Nov  6 00:14:51 localhost kernel: ACPI: PM-Timer IO Port: 0xee08
Nov  6 00:14:51 localhost kernel: Built 1 zonelists
Nov  6 00:14:51 localhost kernel: Kernel command line: root=/dev/hda1 ro quiet splash
Nov  6 00:14:51 localhost kernel: Local APIC disabled by BIOS -- you can enable it with "lapic"
Nov  6 00:14:51 localhost kernel: Initializing CPU#0
Nov  6 00:14:51 localhost kernel: PID hash table entries: 1024 (order: 10, 16384 bytes)
Nov  6 00:14:51 localhost kernel: Detected 1595.084 MHz processor.
Nov  6 00:14:51 localhost kernel: Using pmtmr for high-res timesource
Nov  6 00:14:51 localhost kernel: Console: colour VGA+ 80x25
Nov  6 00:14:51 localhost kernel: Dentry cache hash table entries: 65536 (order: 6, 262144 bytes)
Nov  6 00:14:51 localhost kernel: Inode-cache hash table entries: 32768 (order: 5, 131072 bytes)
Nov  6 00:14:51 localhost kernel: Memory: 251600k/261952k available (1587k kernel code, 9704k reserved, 714k data, 164k init, 0k highmem)
Nov  6 00:14:51 localhost kernel: Checking if this processor honours the WP bit even in supervisor mode... Ok.
Nov  6 00:14:51 localhost kernel: Security Framework v1.0.0 initialized
Nov  6 00:14:51 localhost kernel: SELinux:  Disabled at boot.
Nov  6 00:14:51 localhost kernel: Mount-cache hash table entries: 512 (order: 0, 4096 bytes)
Nov  6 00:14:51 localhost kernel: CPU: Trace cache: 12K uops, L1 D cache: 8K
Nov  6 00:14:51 localhost kernel: CPU: L2 cache: 512K
Nov  6 00:14:51 localhost kernel: Intel machine check architecture supported.
Nov  6 00:14:51 localhost kernel: Intel machine check reporting enabled on CPU#0.
Nov  6 00:14:51 localhost kernel: CPU0: Intel P4/Xeon Extended MCE MSRs (12) available
Nov  6 00:14:51 localhost kernel: CPU0: Thermal monitoring enabled
Nov  6 00:14:51 localhost kernel: CPU: Intel(R) Pentium(R) 4 CPU 1.60GHz stepping 04
Nov  6 00:14:51 localhost kernel: Enabling fast FPU save and restore... done.
Nov  6 00:14:51 localhost kernel: Enabling unmasked SIMD FPU exception support... done.
Nov  6 00:14:51 localhost kernel: Checking 'hlt' instruction... OK.
Nov  6 00:14:51 localhost kernel: ACPI: Looking for DSDT in initrd... not found!Nov  6 00:14:51 localhost kernel: ACPI: setting ELCR to 0200 (from 0a00)
Nov  6 00:14:51 localhost kernel: checking if image is initramfs...it isn't (bad gzip magic numbers); looks like an initrd
Nov  6 00:14:51 localhost kernel: Freeing initrd memory: 4524k freed
Nov  6 00:14:51 localhost kernel: NET: Registered protocol family 16
Nov  6 00:14:51 localhost kernel: PCI: PCI BIOS revision 2.10 entry at 0xfd496, last bus=5
Nov  6 00:14:51 localhost kernel: PCI: Using configuration type 1
Nov  6 00:14:51 localhost kernel: mtrr: v2.0 (20020519)
Nov  6 00:14:51 localhost kernel: ACPI: Subsystem revision 20050211
Nov  6 00:14:51 localhost kernel: ACPI: Interpreter enabled
Nov  6 00:14:51 localhost kernel: ACPI: Using PIC for interrupt routing
Nov  6 00:14:51 localhost kernel: ACPI: PCI Interrupt Link [LNKA] (IRQs 3 4 5 7 10 *11)
Nov  6 00:14:51 localhost kernel: ACPI: PCI Interrupt Link [LNKB] (IRQs 3 4 5 7 10 *11)
Nov  6 00:14:51 localhost kernel: ACPI: PCI Interrupt Link [LNKC] (IRQs 3 4 5 7 10 *11)
Nov  6 00:14:51 localhost kernel: ACPI: PCI Interrupt Link [LNKD] (IRQs 3 4 5 7 10 *11)
Nov  6 00:14:51 localhost kernel: ACPI: PCI Interrupt Link [LNKE] (IRQs 3 4 5 7 10 *11)
Nov  6 00:14:51 localhost kernel: ACPI: PCI Interrupt Link [LNKF] (IRQs 3 4 5 7 10 *11)
Nov  6 00:14:51 localhost kernel: ACPI: PCI Interrupt Link [LNKG] (IRQs 3 4 5 7 10 *11)
Nov  6 00:14:51 localhost kernel: ACPI: PCI Interrupt Link [LNKH] (IRQs 3 4 5 7 10 *11)
Nov  6 00:14:51 localhost kernel: ACPI: PCI Root Bridge [PCI0] (00:00)
Nov  6 00:14:51 localhost kernel: PCI: Probing PCI hardware (bus 00)
Nov  6 00:14:51 localhost kernel: PCI: Ignoring BAR0-3 of IDE controller 0000:00:1f.1
Nov  6 00:14:51 localhost kernel: PCI: Transparent bridge - 0000:00:1e.0
Nov  6 00:14:51 localhost kernel: ACPI: Power Resource [PFAN] (off)
Nov  6 00:14:51 localhost kernel: Linux Plug and Play Support v0.97 (c) Adam Belay
Nov  6 00:14:51 localhost kernel: pnp: PnP ACPI init
Nov  6 00:14:51 localhost kernel: pnp: PnP ACPI: found 13 devices
Nov  6 00:14:51 localhost kernel: PnPBIOS: Disabled by ACPI PNP
Nov  6 00:14:51 localhost kernel: PCI: Using ACPI for IRQ routing
Nov  6 00:14:51 localhost kernel: ** PCI interrupts are no longer routed automatically.  If this
Nov  6 00:14:51 localhost kernel: ** causes a device to stop working, it is probably because the
Nov  6 00:14:51 localhost kernel: ** driver failed to call pci_enable_device().  As a temporary
Nov  6 00:14:51 localhost kernel: ** workaround, the "pci=routeirq" argument restores the old
Nov  6 00:14:51 localhost kernel: ** behavior.  If this argument makes the device work again,
Nov  6 00:14:51 localhost kernel: ** please email the output of "lspci" to [email]bjorn.helgaas@hp.com[/email]
Nov  6 00:14:51 localhost kernel: ** so I can fix the driver.
Nov  6 00:14:51 localhost kernel: Simple Boot Flag at 0x7c set to 0x1
Nov  6 00:14:51 localhost kernel: audit: initializing netlink socket (disabled)
Nov  6 00:14:51 localhost kernel: VFS: Disk quotas dquot_6.5.1
Nov  6 00:14:51 localhost kernel: Dquot-cache hash table entries: 1024 (order 0, 4096 bytes)
Nov  6 00:14:51 localhost kernel: devfs: 2004-01-31 Richard Gooch (rgooch@atnf.csiro.au)
Nov  6 00:14:51 localhost kernel: devfs: boot_options: 0x0
Nov  6 00:14:51 localhost kernel: Initializing Cryptographic API
Nov  6 00:14:51 localhost kernel: isapnp: Scanning for PnP cards...
Nov  6 00:14:51 localhost kernel: isapnp: No Plug & Play device found
Nov  6 00:14:51 localhost kernel: serio: i8042 AUX port at 0x60,0x64 irq 12
Nov  6 00:14:51 localhost kernel: serio: i8042 KBD port at 0x60,0x64 irq 1
Nov  6 00:14:51 localhost kernel: Serial: 8250/16550 driver $Revision: 1.90 $ 48 ports, IRQ sharing enabled
Nov  6 00:14:51 localhost kernel: PCI: Enabling device 0000:00:1f.6 (0000 -> 0001)
Nov  6 00:14:51 localhost kernel: ACPI: PCI Interrupt Link [LNKB] enabled at IRQ 11
Nov  6 00:14:51 localhost kernel: PCI: setting IRQ 11 as level-triggered
Nov  6 00:14:51 localhost kernel: ACPI: PCI interrupt 0000:00:1f.6[B] -> GSI 11 (level, low) -> IRQ 11
Nov  6 00:14:51 localhost kernel: io scheduler noop registered
Nov  6 00:14:51 localhost kernel: io scheduler anticipatory registered
Nov  6 00:14:51 localhost kernel: io scheduler deadline registered
Nov  6 00:14:51 localhost kernel: io scheduler cfq registered
Nov  6 00:14:51 localhost kernel: RAMDISK driver initialized: 16 RAM disks of 8192K size 1024 blocksize
Nov  6 00:14:51 localhost kernel: input: AT Translated Set 2 keyboard on isa0060/serio0
Nov  6 00:14:51 localhost kernel: NET: Registered protocol family 2
Nov  6 00:14:51 localhost kernel: IP: routing cache hash table of 2048 buckets, 16Kbytes
Nov  6 00:14:51 localhost kernel: TCP: Hash tables configured (established 16384 bind 32768)
Nov  6 00:14:51 localhost kernel: NET: Registered protocol family 8
Nov  6 00:14:51 localhost kernel: NET: Registered protocol family 20
Nov  6 00:14:51 localhost kernel: Restarting tasks...<6> Strange, kswapd0 not stopped
Nov  6 00:14:51 localhost kernel:  Strange, kseriod not stopped
Nov  6 00:14:51 localhost kernel:  done
Nov  6 00:14:51 localhost kernel: ACPI wakeup devices:
Nov  6 00:14:51 localhost kernel: MPC0 MPC1  LAN VIY0 VIY1 USB1 USB2 AMDM  LID
Nov  6 00:14:51 localhost kernel: ACPI: (supports S0 S3 S4 S4bios S5)
Nov  6 00:14:51 localhost kernel: RAMDISK: cramfs filesystem found at block 0
Nov  6 00:14:51 localhost kernel: RAMDISK: Loading 4524KiB [1 disk] into ram disk... |^H/^H-^H\^H|^H/^H-^H\^H|^H/^H-^H\^H|^H/^H-^H\^H|^H/^H-^H\^H|^H/^H-^H\^H|^H/^H-^H\^H|^H/^H-^H\^H|^H/^H-^H\^H|^H/^H-^H\^H|^H/^H-^H\^H|^H/^H-^H\^H|^H/^H-^H\^H|^H/^H-^H\^H|^H/^H-^H\^H|^H/^H-^H\^H|^H/^H-^H\^H|^H/^H-^H\^H|^H/^H-^H\^H|^H/^H-^H\^H|^H/^H-^H\^H|^H/^H-^H\^H|^H/^H-^H\^H|^H/^H-^H\^H|^H/^H-^H\^H|^H/^H-^H\^H|^H/^H-^H\^H|^H/^H-^H\^H|^H/^H-^H\^H|^H/^H-^H\^H|^H/^H-^H\^H|^H/^H-^H\^H|^H/^H-^H\^H|^H/^H-^H\^H|^H/^H-^H\^H|^H/^H-^H\^H|^H/^H-^H\^H|^H/^H-^H\^H|^H/^H-^H\^H|^H/^H-^H\^H|^H/^H-^H\^H|^H/^H-^H\^H|^H/^H-^H\^H|^H/^H-^H\^H|^H/^H-^H\^H|^H/^H-^H\^H|^H/^H-^H\^H|^H/^H-^H\^H|^H/^H-^H\^H|^H/^H-^H\^H|^H/^H-^H\^H|^H/^H-^H\^H|^H/^H-^H\^H|^H/^H-^H\^H|^H/^H-^H\^H|^H/^H-^H\^H|^H/^H-^H\^H|^H/^H-^H\^H|^H/^H-^H\^H|^H/^H-^H\^H|^H/^H-^H\^H|^H/^H-^H\^H|^H/^H-^H\^H|^H/^H-^H\^H|^H/^H-^H\^H|^H/^H-^H\^H|^H/^H-^H\^H|^H/^H-^H\^H|^H/^H-^H\^H|^H/^H-^H\^H|^H/^H-^Hdone.
Nov  6 00:14:51 localhost kernel: VFS: Mounted root (cramfs filesystem) readonly.
Nov  6 00:14:51 localhost kernel: Freeing unused kernel memory: 164k freed
Nov  6 00:14:51 localhost kernel: ACPI: Fan [FAN] (off)
Nov  6 00:14:51 localhost kernel: ACPI: CPU0 (power states: C1[C1] C2[C2] C3[C3])
Nov  6 00:14:51 localhost kernel: ACPI: Thermal Zone [THRM] (55 C)
Nov  6 00:14:51 localhost kernel: NET: Registered protocol family 1
Nov  6 00:14:51 localhost kernel: Uniform Multi-Platform E-IDE driver Revision: 7.00alpha2
Nov  6 00:14:51 localhost kernel: ide: Assuming 33MHz system bus speed for PIO modes; override with idebus=xx
Nov  6 00:14:51 localhost kernel: ICH3M: IDE controller at PCI slot 0000:00:1f.1Nov  6 00:14:51 localhost kernel: ACPI: PCI Interrupt Link [LNKC] enabled at IRQ 11
Nov  6 00:14:51 localhost kernel: ACPI: PCI interrupt 0000:00:1f.1[A] -> GSI 11 (level, low) -> IRQ 11
Nov  6 00:14:51 localhost kernel: ICH3M: chipset revision 2
Nov  6 00:14:51 localhost kernel: ICH3M: not 100%% native mode: will probe irqs later
Nov  6 00:14:51 localhost kernel:     ide0: BM-DMA at 0xcfa0-0xcfa7, BIOS settings: hda:DMA, hdb:pio
Nov  6 00:14:51 localhost kernel:     ide1: BM-DMA at 0xcfa8-0xcfaf, BIOS settings: hdc:DMA, hdd:pio
Nov  6 00:14:51 localhost kernel: hda: TOSHIBA MK3018GAS, ATA DISK drive
Nov  6 00:14:51 localhost kernel: elevator: using anticipatory as default io scheduler
Nov  6 00:14:51 localhost kernel: ide0 at 0x1f0-0x1f7,0x3f6 on irq 14
Nov  6 00:14:51 localhost kernel: hda: max request size: 128KiB
Nov  6 00:14:51 localhost kernel: hda: 58605120 sectors (30005 MB), CHS=58140/16/63, UDMA(100)
Nov  6 00:14:51 localhost kernel:  /dev/ide/host0/bus0/target0/lun0: p1 p2 < p5 >
Nov  6 00:14:51 localhost kernel: hdc: TOSHIBA DVD-ROM SD-R2212, ATAPI CD/DVD-ROM drive
Nov  6 00:14:51 localhost kernel: ide1 at 0x170-0x177,0x376 on irq 15
Nov  6 00:14:51 localhost kernel: Stopping tasks: ==|
Nov  6 00:14:51 localhost kernel: Freeing memory...  ^H-^H\^H|^H/^Hdone (465 pages freed)
Nov  6 00:14:51 localhost kernel: Restarting tasks... done
Nov  6 00:14:51 localhost kernel: EXT3-fs: mounted filesystem with ordered data mode.
Nov  6 00:14:51 localhost kernel: kjournald starting.  Commit interval 5 secondsNov  6 00:14:51 localhost kernel: Adding 746980k swap on /dev/hda5.  Priority:-1 extents:1
Nov  6 00:14:51 localhost kernel: EXT3 FS on hda1, internal journal
Nov  6 00:14:51 localhost kernel: hdc: ATAPI 24X DVD-ROM CD-R/RW drive, 2048kB Cache
Nov  6 00:14:51 localhost kernel: Uniform CD-ROM driver Revision: 3.20
Nov  6 00:14:51 localhost kernel: parport_pc: probe of 00:0a failed with error -5
Nov  6 00:14:51 localhost kernel: lp: driver loaded but no devices found
Nov  6 00:14:51 localhost kernel: mice: PS/2 mouse device common for all mice
Nov  6 00:14:51 localhost kernel: input: ImPS/2 Generic Wheel Mouse on isa0060/serio1
Nov  6 00:14:51 localhost kernel: ts: Compaq touchscreen protocol output
Nov  6 00:14:51 localhost kernel: usbcore: registered new driver usbfs
Nov  6 00:14:51 localhost kernel: usbcore: registered new driver hub
Nov  6 00:14:51 localhost kernel: ndiswrapper version 1.0rc2 loaded (preempt=yes,smp=no)
Nov  6 00:14:51 localhost kernel: ndiswrapper: driver bcmwl5 (Motorola,09/24/2003, 3.40.20.0) added
Nov  6 00:14:51 localhost kernel: Capability LSM initialized
Nov  6 00:14:51 localhost kernel: device-mapper: 4.3.0-ioctl (2004-09-30) initialised: [email]dm-devel@redhat.com[/email]
Nov  6 00:14:51 localhost kernel: md: md driver 0.90.1 MAX_MD_DEVS=256, MD_SB_DISKS=27
Nov  6 00:14:51 localhost kernel: input: PC Speaker
Nov  6 00:14:51 localhost kernel: Real Time Clock Driver v1.12
Nov  6 00:14:51 localhost kernel: inserting floppy driver for 2.6.10-5-686
Nov  6 00:14:51 localhost kernel: Floppy drive(s): fd0 is 1.44M
Nov  6 00:14:51 localhost kernel: FDC 0 is a post-1991 82077
Nov  6 00:14:51 localhost kernel: Linux agpgart interface v0.100 (c) Dave Jones
Nov  6 00:14:51 localhost kernel: agpgart: Detected an Intel i845 Chipset.
Nov  6 00:14:51 localhost kernel: agpgart: Maximum main memory to use for agp memory: 203M
Nov  6 00:14:51 localhost kernel: agpgart: AGP aperture is 128M @ 0xf0000000
Nov  6 00:14:51 localhost kernel: cpci_hotplug: CompactPCI Hot Plug Core version: 0.2
Nov  6 00:14:51 localhost kernel: pci_hotplug: PCI Hot Plug PCI Core version: 0.5
Nov  6 00:14:51 localhost kernel: USB Universal Host Controller Interface driver v2.2
Nov  6 00:14:51 localhost kernel: ACPI: PCI interrupt 0000:00:1d.0[A] -> GSI 11 (level, low) -> IRQ 11
Nov  6 00:14:51 localhost kernel: uhci_hcd 0000:00:1d.0: Intel Corp. 82801CA/CAM USB (Hub #1)
Nov  6 00:14:51 localhost kernel: uhci_hcd 0000:00:1d.0: irq 11, io base 0xefe0
Nov  6 00:14:51 localhost kernel: uhci_hcd 0000:00:1d.0: new USB bus registered, assigned bus number 1
Nov  6 00:14:51 localhost kernel: hub 1-0:1.0: USB hub found
Nov  6 00:14:51 localhost kernel: hub 1-0:1.0: 2 ports detected
Nov  6 00:14:51 localhost kernel: ACPI: PCI interrupt 0000:00:1d.1[B] -> GSI 11 (level, low) -> IRQ 11
Nov  6 00:14:51 localhost kernel: uhci_hcd 0000:00:1d.1: Intel Corp. 82801CA/CAM USB (Hub #2)
Nov  6 00:14:51 localhost kernel: uhci_hcd 0000:00:1d.1: irq 11, io base 0xef80
Nov  6 00:14:51 localhost kernel: uhci_hcd 0000:00:1d.1: new USB bus registered, assigned bus number 2
Nov  6 00:14:51 localhost kernel: hub 2-0:1.0: USB hub found
Nov  6 00:14:51 localhost kernel: hub 2-0:1.0: 2 ports detected
Nov  6 00:14:51 localhost kernel: ACPI: PCI interrupt 0000:00:1f.5[B] -> GSI 11 (level, low) -> IRQ 11
Nov  6 00:14:51 localhost kernel: intel8x0_measure_ac97_clock: measured 49371 usecs
Nov  6 00:14:51 localhost kernel: intel8x0: clocking to 48000
Nov  6 00:14:51 localhost kernel: e100: Intel(R) PRO/100 Network Driver, 3.2.3-k2-NAPI
Nov  6 00:14:51 localhost kernel: e100: Copyright(c) 1999-2004 Intel CorporationNov  6 00:14:51 localhost kernel: ACPI: PCI interrupt 0000:02:08.0[A] -> GSI 11 (level, low) -> IRQ 11
Nov  6 00:14:51 localhost kernel: e100: eth0: e100_probe: addr 0xff9ff000, irq 11, MAC addr 00:00:39:C0:4E:8F
Nov  6 00:14:51 localhost kernel: Linux Kernel Card Services
Nov  6 00:14:51 localhost kernel:   options:  [pci] [cardbus] [pm]
Nov  6 00:14:51 localhost kernel: ACPI: PCI interrupt 0000:02:0b.0[A] -> GSI 11 (level, low) -> IRQ 11
Nov  6 00:14:51 localhost kernel: Yenta: CardBus bridge found at 0000:02:0b.0 [1179:0001]
Nov  6 00:14:51 localhost kernel: Yenta: ISA IRQ mask 0x04b8, PCI irq 11
Nov  6 00:14:51 localhost kernel: Socket status: 30000007
Nov  6 00:14:51 localhost kernel: ACPI: PCI interrupt 0000:02:0b.1[B] -> GSI 11 (level, low) -> IRQ 11
Nov  6 00:14:51 localhost kernel: Yenta: CardBus bridge found at 0000:02:0b.1 [1179:0001]
Nov  6 00:14:51 localhost kernel: Yenta: ISA IRQ mask 0x04b8, PCI irq 11
Nov  6 00:14:51 localhost kernel: Socket status: 30000020
Nov  6 00:14:51 localhost kernel: ACPI: PCI interrupt 0000:07:00.0[A] -> GSI 11 (level, low) -> IRQ 11
Nov  6 00:14:51 localhost kernel: ndiswrapper: using irq 11
Nov  6 00:14:51 localhost kernel: NET: Registered protocol family 17
Nov  6 00:14:51 localhost kernel: wlan0: ndiswrapper ethernet device 00:0c:e5:4f:d1:88 using driver bcmwl5
Nov  6 00:14:51 localhost kernel: wlan0: encryption modes supported: WEP, WPA with TKIP, WPA with AES/CCMP
Nov  6 00:14:51 localhost kernel: NET: Registered protocol family 10
Nov  6 00:14:51 localhost kernel: Disabled Privacy Extensions on device c0313ce0(lo)
Nov  6 00:14:51 localhost kernel: IPv6 over IPv4 tunneling driver
Nov  6 00:14:53 localhost kernel: ACPI: AC Adapter [ADP1] (on-line)
Nov  6 00:14:53 localhost kernel: ACPI: Battery Slot [BAT1] (battery present)
Nov  6 00:14:54 localhost kernel: ACPI: Power Button (FF) [PWRF]
Nov  6 00:14:54 localhost kernel: ACPI: Lid Switch [LID]
Nov  6 00:14:55 localhost kernel: toshiba_acpi: Toshiba Laptop ACPI Extras version 0.19a
Nov  6 00:14:55 localhost kernel: toshiba_acpi:     HCI method: \_SB_.VALD.GHCI
Nov  6 00:14:55 localhost kernel: toshiba_acpi: Toshiba hotkeys are sent as ACPI events
Nov  6 00:14:55 localhost kernel: toshiba_acpi: ktoshkeyd will check 2 times per second
Nov  6 00:14:55 localhost kernel: toshiba_acpi: Dropped 0 keys from the queue on startup
Nov  6 00:14:55 localhost kernel: ACPI: Video Device [VGA] (multi-head: yes  rom: yes  post: no)
Nov  6 00:14:55 localhost kernel: apm: BIOS version 1.2 Flags 0x02 (Driver version 1.16ac)
Nov  6 00:14:55 localhost kernel: apm: overridden by ACPI.
Nov  6 00:14:57 localhost kernel: cs: IO port probe 0x0100-0x04ff: excluding 0x1e0-0x1e7 0x4d0-0x4d7
Nov  6 00:14:57 localhost kernel: cs: IO port probe 0x0800-0x08ff: clean.
Nov  6 00:14:57 localhost kernel: cs: IO port probe 0x0c00-0x0cff: clean.
Nov  6 00:14:57 localhost kernel: cs: IO port probe 0x0a00-0x0aff: clean.
Nov  6 00:15:36 localhost gconfd (joe-6898): starting (version 2.10.0), pid 6898 user 'joe'
Nov  6 00:15:36 localhost gconfd (joe-6898): Resolved address "xml:readonly:/etc/gconf/gconf.xml.mandatory" to a read-only configuration source at position 0
Nov  6 00:15:36 localhost gconfd (joe-6898): Resolved address "xml:readwrite:/home/joe/.gconf" to a writable configuration source at position 1
Nov  6 00:15:36 localhost gconfd (joe-6898): Resolved address "xml:readonly:/etc/gconf/gconf.xml.defaults" to a read-only configuration source at position 2
Nov  6 00:15:49 localhost gconfd (joe-6898): Resolved address "xml:readwrite:/home/joe/.gconf" to a writable configuration source at position 0
Nov  6 00:19:31 localhost kernel: usb 1-2: new full speed USB device using uhci_hcd and address 2
Nov  6 00:19:31 localhost kernel: usb 1-2: new full speed USB device using uhci_hcd and address 3
Nov  6 00:21:43 localhost exiting on signal 15
Nov  6 00:21:44 localhost syslogd 1.4.1#16ubuntu6: restart.
Nov  6 00:41:45 localhost -- MARK --
Nov  6 00:46:13 localhost kernel: usb 1-2: new full speed USB device using uhci_hcd and address 4
Nov  6 00:46:13 localhost kernel: usb 1-2: new full speed USB device using uhci_hcd and address 5
Nov  6 00:52:43 localhost kernel: usb 1-2: new full speed USB device using uhci_hcd and address 6
Nov  6 00:52:44 localhost kernel: usb 1-2: new full speed USB device using uhci_hcd and address 7
Nov  6 01:03:11 localhost kernel: usb 1-2: new full speed USB device using uhci_hcd and address 8
Nov  6 01:03:11 localhost kernel: usb 1-2: new full speed USB device using uhci_hcd and address 9
Nov  6 01:16:44 localhost kernel: usb 1-2: new full speed USB device using uhci_hcd and address 10
Nov  6 01:16:45 localhost kernel: usb 1-2: new full speed USB device using uhci_hcd and address 11
Nov  6 01:41:45 localhost -- MARK --
Nov  6 02:01:45 localhost -- MARK --
Nov  6 02:21:45 localhost -- MARK --
Nov  6 02:41:45 localhost -- MARK --
Nov  6 03:01:46 localhost -- MARK --
Nov  6 03:21:46 localhost -- MARK --
Nov  6 03:41:46 localhost -- MARK --
Nov  6 04:01:46 localhost -- MARK --
Nov  6 04:21:46 localhost -- MARK --
Nov  6 04:41:46 localhost -- MARK --
Nov  6 05:01:46 localhost -- MARK --
Nov  6 05:21:46 localhost -- MARK --
Nov  6 05:41:46 localhost -- MARK --
Nov  6 06:01:46 localhost -- MARK --
Nov  6 06:05:18 localhost kernel: usbcore: registered new driver usbnet
Nov  6 06:07:43 localhost kernel: usb 1-2: new full speed USB device using uhci_hcd and address 12
Nov  6 06:07:44 localhost kernel: usb 1-2: new full speed USB device using uhci_hcd and address 13
Nov  6 06:21:46 localhost -- MARK --
Nov  6 06:41:46 localhost -- MARK --
Nov  6 06:59:07 localhost kernel: usb 1-2: new full speed USB device using uhci_hcd and address 14
Nov  6 06:59:08 localhost kernel: usb 1-2: new full speed USB device using uhci_hcd and address 15
Nov  6 07:03:31 localhost kernel: usb 1-2: new full speed USB device using uhci_hcd and address 16
Nov  6 07:03:31 localhost kernel: usb 1-2: new full speed USB device using uhci_hcd and address 17
Nov  6 07:04:45 localhost kernel: usb 1-2: new full speed USB device using uhci_hcd and address 18
Nov  6 07:04:45 localhost kernel: usb 1-2: new full speed USB device using uhci_hcd and address 19
Nov  6 07:21:47 localhost -- MARK --
Nov  6 07:41:47 localhost -- MARK --
Nov  6 07:43:55 localhost gconfd (root-28838): starting (version 2.10.0), pid 28838 user 'root'
Nov  6 07:43:56 localhost gconfd (root-28838): Resolved address "xml:readonly:/etc/gconf/gconf.xml.mandatory" to a read-only configuration source at position 0
Nov  6 07:43:56 localhost gconfd (root-28838): Resolved address "xml:readwrite:/root/.gconf" to a writable configuration source at position 1
Nov  6 07:43:56 localhost gconfd (root-28838): Resolved address "xml:readonly:/etc/gconf/gconf.xml.defaults" to a read-only configuration source at position 2
Nov  6 07:44:25 localhost gconfd (root-28838): SIGHUP received, reloading all databases
Nov  6 07:44:25 localhost gconfd (root-28838): Resolved address "xml:readonly:/etc/gconf/gconf.xml.mandatory" to a read-only configuration source at position 0
Nov  6 07:44:25 localhost gconfd (root-28838): Resolved address "xml:readwrite:/root/.gconf" to a writable configuration source at position 1
Nov  6 07:44:25 localhost gconfd (root-28838): Resolved address "xml:readonly:/etc/gconf/gconf.xml.defaults" to a read-only configuration source at position 2
Nov  6 08:01:47 localhost -- MARK --
Nov  6 08:09:27 localhost kernel: usb 1-2: new full speed USB device using uhci_hcd and address 20
Nov  6 08:09:27 localhost kernel: usb 1-2: new full speed USB device using uhci_hcd and address 21
Nov  6 08:15:27 localhost kernel: usb 1-2: new full speed USB device using uhci_hcd and address 22
Nov  6 08:15:28 localhost kernel: usb 1-2: new full speed USB device using uhci_hcd and address 23
Nov  6 08:41:47 localhost -- MARK --
Nov  6 09:01:47 localhost -- MARK --
Nov  6 09:03:16 localhost kernel: usb 1-2: new full speed USB device using uhci_hcd and address 24
Nov  6 09:03:17 localhost kernel: Linux video capture interface: v1.00
Nov  6 09:03:17 localhost kernel: quickcam: QuickCam USB camera found (driver version QuickCam USB 0.6.3 $Date: 2005/04/15 19:32:49 $)
Nov  6 09:03:17 localhost kernel: quickcam: Kernel:2.6.10-5-686 bus:1 class:FF subclass:FF vendor:046D product:0840
Nov  6 09:03:17 localhost kernel: quickcam: Sensor HDCS-1000/1100 detected
Nov  6 09:03:17 localhost kernel: quickcam: Registered device: /dev/video0
Nov  6 09:03:17 localhost kernel: usbcore: registered new driver quickcam
Nov  6 09:03:17 localhost usb.agent[2404]:      quickcam: loaded successfully
Nov  6 09:21:47 localhost -- MARK --
Nov  6 09:41:48 localhost -- MARK --


No module symbols loaded - kernel modules not enabled.
Wasnt sure if this is what you meant Jasmuz 
Thanx for the quick reply and help 
Joe

---

### Post by jasmuz on 2005-11-06
Im sorry to say, but your machine isnt loading the Zaurus, try changing the USB port you are using (it happened to me, the machine didnt recognize it on some USB ports, and i still dont know the reason). 

Next time, to shorten the list of messages just type on the terminal tail -f /var/log/messages

---

### Post by Iceman4141 on 2005-11-06
tail -f /var/log/messages
Nov  6 10:01:50 localhost -- MARK --
Nov  6 10:06:29 localhost kernel: usb 1-2: USB disconnect, address 24
Nov  6 10:07:04 localhost kernel: usb 2-1: new full speed USB device using uhci_hcd and address 2
Nov  6 10:07:04 localhost kernel: usb 2-1: new full speed USB device using uhci_hcd and address 3
Nov  6 10:12:45 localhost kernel: usb 1-2: new full speed USB device using uhci_hcd and address 25
Nov  6 10:12:45 localhost kernel: quickcam: QuickCam USB camera found (driver version QuickCam USB 0.6.3 $Date: 2005/04/15 19:32:49 $)
Nov  6 10:12:45 localhost kernel: quickcam: Kernel:2.6.10-5-686 bus:1 class:FF subclass:FF vendor:046D product:0840
Nov  6 10:12:45 localhost kernel: quickcam: Sensor HDCS-1000/1100 detected
Nov  6 10:12:45 localhost kernel: quickcam: Registered device: /dev/video0
Nov  6 10:12:45 localhost usb.agent[6525]:      quickcam: already loaded

Its the same on all usb slots 
thanx Joe

---

### Post by jasmuz on 2005-11-08
Then i cant help. your System isnt recognizing the Zaurus.
I wonder, if Zaurus support on your kernel is enabled (please check around)

---

