---
title: "unable to boot to xp"
date: 2011-04-16
forum: General Help
---

### Post by Dave Everett on 2011-04-16
Hello,
I installed ubuntu 10.10 alongside windows yesterday and installed startup manager today. Windows does not show in the "default operating system" box, only:
ubuntu
ubuntu recovery mode
memory test
memory test with serial console.
 
I am running a netbook.
 
Could someone tell me how to get windows booting?
 
Thanks,
Dave.

---

### Post by zvacet on 2011-04-16
You can try

```
sudo update-grub
```

and if that doesn´t work reinstall grub following [this]("https://help.ubuntu.com/community/Grub2#Reinstalling from LiveCD") guide.

---

### Post by Dave Everett on 2011-04-16
> **zvacet said:**
> You can try
 
```
sudo update-grub
```
 
and if that doesn´t work reinstall grub following [this]("https://help.ubuntu.com/community/Grub2#Reinstalling from LiveCD") guide.
 
Thanks, grub is installed and working, however there is no option to boot xp, only ubuntu and memory tests.
 
I really need to boot to windows.

---

### Post by wilee-nilee on 2011-04-16
So from a booted live Ubuntu cd or thumbdrive lets see the bootscript read out; in my signature just click on it and follow the instructions. Come back to the thread and click on the **(#)** in the reply panel this makes code tags paste all the text in between.

This text will give us more info, be sure to use the code tags as described.

---

### Post by Dave Everett on 2011-04-17
```
                Boot Info Script 0.55    dated February 15th, 2010                    

============================= Boot Info Summary: ==============================

 => Grub 2 is installed in the MBR of /dev/sda and looks on the same drive in 
    partition #1 for (,msdos1)/boot/grub.

sda1: _________________________________________________________________________

    File system:       ext4
    Boot sector type:  -
    Boot sector info:  
    Operating System:  Ubuntu 10.10
    Boot files/dirs:   /boot/grub/grub.cfg /etc/fstab /boot/grub/core.img

sda2: _________________________________________________________________________

    File system:       Extended Partition
    Boot sector type:  Unknown
    Boot sector info:  

sda5: _________________________________________________________________________

    File system:       swap
    Boot sector type:  -
    Boot sector info:  

=========================== Drive/Partition Info: =============================

Drive: sda ___________________ _____________________________________________________

Disk /dev/sda: 160.0 GB, 160041885696 bytes
255 heads, 63 sectors/track, 19457 cylinders, total 312581808 sectors
Units = sectors of 1 * 512 = 512 bytes
Sector size (logical/physical): 512 bytes / 512 bytes

Partition  Boot         Start           End          Size  Id System

/dev/sda1    *          2,048   306,440,191   306,438,144  83 Linux
/dev/sda2         306,442,238   312,580,095     6,137,858   5 Extended
/dev/sda5         306,442,240   312,580,095     6,137,856  82 Linux swap / Solaris


blkid -c /dev/null: ____________________________________________________________

Device           UUID                                   TYPE       LABEL                         

/dev/sda1        b51c5941-71b4-4659-b9d1-6f867f6bf288   ext4                                     
/dev/sda2: PTTYPE="dos" 
/dev/sda5        3dc02ae4-0747-4aa2-bfe3-f5cc8c1d2649   swap                                     
/dev/sda: PTTYPE="dos" 

============================ "mount | grep ^/dev  output: ===========================

Device           Mount_Point              Type       Options

/dev/sda1        /                        ext4       (rw,errors=remount-ro,commit=0)


=========================== sda1/boot/grub/grub.cfg: ===========================

#
# DO NOT EDIT THIS FILE
#
# It is automatically generated by grub-mkconfig using templates
# from /etc/grub.d and settings from /etc/default/grub
#

### BEGIN /etc/grub.d/00_header ###
if [ -s $prefix/grubenv ]; then
  set have_grubenv=true
  load_env
fi
set default="0"
if [ "${prev_saved_entry}" ]; then
  set saved_entry="${prev_saved_entry}"
  save_env saved_entry
  set prev_saved_entry=
  save_env prev_saved_entry
  set boot_once=true
fi

function savedefault {
  if [ -z "${boot_once}" ]; then
    saved_entry="${chosen}"
    save_env saved_entry
  fi
}

function recordfail {
  set recordfail=1
  if [ -n "${have_grubenv}" ]; then if [ -z "${boot_once}" ]; then save_env recordfail; fi; fi
}

function load_video {
  insmod vbe
  insmod vga
}

insmod part_msdos
insmod ext2
set root='(hd0,msdos1)'
search --no-floppy --fs-uuid --set b51c5941-71b4-4659-b9d1-6f867f6bf288
if loadfont /usr/share/grub/unicode.pf2 ; then
  set gfxmode=640x480
  load_video
  insmod gfxterm
fi
terminal_output gfxterm
insmod part_msdos
insmod ext2
set root='(hd0,msdos1)'
search --no-floppy --fs-uuid --set b51c5941-71b4-4659-b9d1-6f867f6bf288
set locale_dir=($root)/boot/grub/locale
set lang=en
insmod gettext
if [ "${recordfail}" = 1 ]; then
  set timeout=-1
else
  set timeout=13
fi
### END /etc/grub.d/00_header ###

### BEGIN /etc/grub.d/05_debian_theme ###
set menu_color_normal=white/black
set menu_color_highlight=black/light-gray
### END /etc/grub.d/05_debian_theme ###

### BEGIN /etc/grub.d/10_linux ###
menuentry 'Ubuntu, with Linux 2.6.35-22-generic' --class ubuntu --class gnu-linux --class gnu --class os {
    recordfail
    insmod part_msdos
    insmod ext2
    set root='(hd0,msdos1)'
    search --no-floppy --fs-uuid --set b51c5941-71b4-4659-b9d1-6f867f6bf288
    linux    /boot/vmlinuz-2.6.35-22-generic root=UUID=b51c5941-71b4-4659-b9d1-6f867f6bf288 ro  splash  quiet splash
    initrd    /boot/initrd.img-2.6.35-22-generic
}
menuentry 'Ubuntu, with Linux 2.6.35-22-generic (recovery mode)' --class ubuntu --class gnu-linux --class gnu --class os {
    recordfail
    insmod part_msdos
    insmod ext2
    set root='(hd0,msdos1)'
    search --no-floppy --fs-uuid --set b51c5941-71b4-4659-b9d1-6f867f6bf288
    echo    'Loading Linux 2.6.35-22-generic ...'
    linux    /boot/vmlinuz-2.6.35-22-generic root=UUID=b51c5941-71b4-4659-b9d1-6f867f6bf288 ro single  splash
    echo    'Loading initial ramdisk ...'
    initrd    /boot/initrd.img-2.6.35-22-generic
}
### END /etc/grub.d/10_linux ###

### BEGIN /etc/grub.d/20_linux_xen ###
### END /etc/grub.d/20_linux_xen ###

### BEGIN /etc/grub.d/20_memtest86+ ###
menuentry "Memory test (memtest86+)" {
    insmod part_msdos
    insmod ext2
    set root='(hd0,msdos1)'
    search --no-floppy --fs-uuid --set b51c5941-71b4-4659-b9d1-6f867f6bf288
    linux16    /boot/memtest86+.bin
}
menuentry "Memory test (memtest86+, serial console 115200)" {
    insmod part_msdos
    insmod ext2
    set root='(hd0,msdos1)'
    search --no-floppy --fs-uuid --set b51c5941-71b4-4659-b9d1-6f867f6bf288
    linux16    /boot/memtest86+.bin console=ttyS0,115200n8
}
### END /etc/grub.d/20_memtest86+ ###

### BEGIN /etc/grub.d/30_os-prober ###
menuentry "Windows NT/2000/XP (loader) (on /dev/sdb1)" {
    insmod part_msdos
    insmod fat
    set root='(hd1,msdos1)'
    search --no-floppy --fs-uuid --set f8ae-6b56
    drivemap -s (hd0) ${root}
    chainloader +1
}
### END /etc/grub.d/30_os-prober ###

### BEGIN /etc/grub.d/40_custom ###
# This file provides an easy way to add custom menu entries.  Simply type the
# menu entries you want to add after this comment.  Be careful not to change
# the 'exec tail' line above.
### END /etc/grub.d/40_custom ###

### BEGIN /etc/grub.d/41_custom ###
if [ -f  $prefix/custom.cfg ]; then
  source $prefix/custom.cfg;
fi
### END /etc/grub.d/41_custom ###

=============================== sda1/etc/fstab: ===============================

# /etc/fstab: static file system information.
#
# Use 'blkid -o value -s UUID' to print the universally unique identifier
# for a device; this may be used with UUID= as a more robust way to name
# devices that works even if disks are added and removed. See fstab(5).
#
# <file system> <mount point>   <type>  <options>       <dump>  <pass>
proc            /proc           proc    nodev,noexec,nosuid 0       0
/dev/sda1       /               ext4    errors=remount-ro 0       1
# swap was on /dev/sda5 during installation
UUID=3dc02ae4-0747-4aa2-bfe3-f5cc8c1d2649 none            swap    sw              0       0

=================== sda1: Location of files loaded by Grub: ===================


 135.4GB: boot/grub/core.img
 135.4GB: boot/grub/grub.cfg
    .6GB: boot/initrd.img-2.6.35-22-generic
    .3GB: boot/vmlinuz-2.6.35-22-generic
    .6GB: initrd.img
    .3GB: vmlinuz
=========================== Unknown MBRs/Boot Sectors/etc =======================

Unknown BootLoader  on sda2

00000000  34 d7 ff ae 31 f6 0f df  7f f5 6d 3c 7d a5 be 65  |4...1.....m<}..e|
00000010  5b fc 44 4e d9 4f 4c ca  b7 fa f7 74 f8 f9 3d 9c  |[.DN.OL....t..=.|
00000020  7b 95 c6 b7 1b 7d df b7  cb a7 36 eb cb aa bc 77  |{....}....6....w|
00000030  f2 55 4f ee f1 3c f2 eb  f9 81 5f df 4f eb b2 f4  |.UO..<...._.O...|
00000040  ee fc ba 7c 3e af a2 71  d7 f7 f6 ca c7 b2 15 11  |...|>..q........|
00000050  b7 5f 3e 55 84 3f 0e 0c  59 eb df 2e d4 37 b5 6b  |._>U.?..Y....7.k|
00000060  87 53 35 a7 7f fb 53 d5  f2 bc be 37 6d d6 f1 af  |.S5...S....7m...|
00000070  1d 0e df ac af 4a 20 ee  64 5b 8f 3a 3b 06 f1 52  |.....J .d[.:;..R|
00000080  eb 88 12 4f 4c 29 6c 2a  82 ec aa 74 5d 7b 69 5e  |...OL)l*...t]{i^|
00000090  19 e7 35 59 69 66 3a 1c  1e 2a 60 7d bf 13 56 f7  |..5Yif:..*`}..V.|
000000a0  af fc 40 5d bb 31 be e8  f5 d4 b4 46 ee 69 3f 57  |..@].1.....F.i?W|
000000b0  e9 6b 46 92 bd bc 50 13  23 cf 78 52 9d 44 25 31  |.kF...P.#.xR.D%1|
000000c0  27 79 2a 12 f4 83 da 73  c2 b1 5f ee fe 35 e9 d1  |'y*....s.._..5..|
000000d0  76 fc 46 4a 7d 9a 54 f5  00 65 ed 8a cc b1 15 2f  |v.FJ}.T..e...../|
000000e0  2a b4 5d a7 77 12 f0 e2  38 df d7 9c a4 6a 8b 57  |*.].w...8....j.W|
000000f0  ba f1 8b 7c ea fa b2 81  6f fd 56 bd 9f ea db f3  |...|....o.V.....|
00000100  87 25 ba 7c 2a a6 9d a5  5d 91 3a 64 5e e3 d7 ca  |.%.|*...].:d^...|
00000110  5f f2 89 71 e7 07 f6 ce  f2 4d 2f 21 51 4d c0 66  |_..q.....M/!QM.f|
00000120  3f 7d 69 e4 c7 82 ea 8b  3d 23 2d ab 5f 97 fd 78  |?}i.....=#-._..x|
00000130  15 17 b5 d1 94 ed aa 76  3f 76 5c fc 6c 16 44 3d  |.......v?v\.l.D=|
00000140  e5 47 0a 1a fb 14 87 04  fa 3f cd c9 59 9a b3 92  |.G.......?..Y...|
00000150  97 6e af 0a e1 2d d3 d8  54 3d 1a fb f9 62 f0 7c  |.n...-..T=...b.||
00000160  16 6f ef a4 bb f4 7c 53  f9 bb 7d aa 87 fe db ea  |.o....|S..}.....|
00000170  0b ab d1 50 56 d7 8e 40  7d 50 fd 8b 5f d5 3f d9  |...PV..@}P.._.?.|
00000180  78 cb f3 0d 92 d0 d6 5e  7c d4 57 24 89 40 3b 27  |x......^|.W$.@;'|
00000190  f2 b1 7d f7 87 68 e1 19  f6 ab f3 3f be 10 79 de  |..}..h.....?..y.|
000001a0  45 0a 4c 3e 1d f9 d9 f7  d4 67 1a ba 1f ff ea 96  |E.L>.....g......|
000001b0  3c 23 56 6b 17 a8 df db  0f e9 97 4e 26 fc 00 fe  |<#Vk.......N&...|
000001c0  ff ff 82 fe ff ff 02 00  00 00 00 a8 5d 00 00 00  |............]...|
000001d0  00 00 00 00 00 00 00 00  00 00 00 00 00 00 00 00  |................|
*
000001f0  00 00 00 00 00 00 00 00  00 00 00 00 00 00 55 aa  |..............U.|
00000200


```

---

### Post by Dave Everett on 2011-04-17
Great tool,hope I used it right.

Thanks,
Dave

---

### Post by Jagoly on 2011-04-17
I don't see any NTFS partitions...

Have you booted windows at all since you installed ubuntu?

---

### Post by suduntu on 2011-04-17
As per the Boot script output, XP happens to be installed on sdb, I mean secondary hard disk, but you said you are using a netbook and you installed alongside. Did you happen to use any external hard drive?

---

### Post by Jagoly on 2011-04-17
> **suduntu said:**
> As per the Boot script output, XP happens to be installed on sdb, I mean secondary hard disk, but you said you are using a netbook and you installed alongside. Did you happen to use any external hard drive?

I doubt windows would have been installed on any sort of external drive. But it would seem that way by the boot script.

@OP: Are you sure that you installed ubuntu **alongside** windows?

---

### Post by suduntu on 2011-04-17
> **Jagoly said:**
> I doubt windows would have been installed on any sort of external drive. But it would seem that way by the boot script.Of course I agree with you. but the only thing bothering is the entry in grub for XP in sdb1.

---

### Post by Dave Everett on 2011-04-17
The netbook came with XP installed. I have been using it for about 6 months. 

Definitely chose alongside, I needed to keep running XP and visual studio for 2 other robot projects.

The reference to NT is one I created yesterday trying to get recovery console running, which  could not.

No had not booted windows because firstly I did not know how to start grub, and secondly because there is no entry for windows in grub once I worked out how to make it run during startup.

I'm assuming SDA2 is where my wndows partition should be.

---

### Post by suduntu on 2011-04-17
Perhaps when you installed Ubuntu, your XP installation got wiped out.

---

### Post by Jagoly on 2011-04-17
When you have an other OS, grub is setup automatically.

I'm sorry but it would definitely seem that XP is gone. The thing is that the extra partition is of the extended type. OEM windows would always be on a primary partition.

---

