---
title: "Ubuntu just disappeared without a trace!"
date: 2010-10-27
forum: General Help
---

### Post by haevitetty on 2010-10-27
Right, so I'm posting this from an Ubuntu live CD.
I have three hard drives.  A 1TB main drive which USED to have a 400gb Windows 7 NTFS partition, and a 600gb ext3 Ubuntu partition.  Then there's a 250gb drive with an NTFS partition taking up all the space, and a 200gb hard drive with a 200gb Windows XP NTFS partition.
So I've had Ubuntu installed for about a week or so, and I needed to boot into Windows XP to run this program that doesn't work in Ubuntu.  Windows XP boots but shuts down immediately, I forgot that a virus had pretty much destroyed it.  But what happened next was weird, instead of grub loading up like usual on the 1TB drive and giving me the option to boot between Ubuntu and Windows 7, it just booted into Windows 7.
And then, I noticed that the Windows 7 NTFS partition now takes up the entire hard drive.  My ext3 partition, along with grub, is gone!
I ran chkdisk /f in windows to no avail, ran some fixing utilities off the live-cd, attempted to reinstall grub...  Nothing worked.  It still boots right into Windows 7 and there's still no trace of the ext3 partition I once had.

Here is my sudo fdisk -l dump:
```
Disk /dev/sda: 1000.2 GB, 1000204886016 bytes
255 heads, 63 sectors/track, 121601 cylinders
Units = cylinders of 16065 * 512 = 8225280 bytes
Sector size (logical/physical): 512 bytes / 512 bytes
I/O size (minimum/optimal): 512 bytes / 512 bytes
Disk identifier: 0xa1f62dfe

   Device Boot      Start         End      Blocks   Id  System
/dev/sda1   *           1          13      102400    7  HPFS/NTFS
Partition 1 does not end on cylinder boundary.
/dev/sda2              13      121602   976657408    7  HPFS/NTFS

Disk /dev/sdb: 8019 MB, 8019509248 bytes
247 heads, 62 sectors/track, 1022 cylinders
Units = cylinders of 15314 * 512 = 7840768 bytes
Sector size (logical/physical): 512 bytes / 512 bytes
I/O size (minimum/optimal): 512 bytes / 512 bytes
Disk identifier: 0x00000000

   Device Boot      Start         End      Blocks   Id  System
/dev/sdb1   *           1        1022     7825423    b  W95 FAT32

Disk /dev/sdc: 250.1 GB, 250059350016 bytes
255 heads, 63 sectors/track, 30401 cylinders
Units = cylinders of 16065 * 512 = 8225280 bytes
Sector size (logical/physical): 512 bytes / 512 bytes
I/O size (minimum/optimal): 512 bytes / 512 bytes
Disk identifier: 0x13bd21a8

   Device Boot      Start         End      Blocks   Id  System
/dev/sdc1               1       30402   244196352   82  Linux swap / Solaris

Disk /dev/sdd: 200.0 GB, 200049647616 bytes
255 heads, 63 sectors/track, 24321 cylinders
Units = cylinders of 16065 * 512 = 8225280 bytes
Sector size (logical/physical): 512 bytes / 512 bytes
I/O size (minimum/optimal): 512 bytes / 512 bytes
Disk identifier: 0x3dd43dd4

   Device Boot      Start         End      Blocks   Id  System
/dev/sdd1   *           1       24320   195350368+   7  HPFS/NTFS

```That FAT32 disk is the USB key I'm running linux off of at the moment.

If you could help me out at all, that would be wonderful, thanks.

---

### Post by oldfred on 2010-10-27
Testdisk often will find the old partitions. Do not write to drive with problem.

enable the "universe" repository to download testdisk
System>Administration>Software Sources>Ubuntu Software.
[https://help.ubuntu.com/community/DataRecovery](https://help.ubuntu.com/community/DataRecovery)
[http://www.cgsecurity.org/wiki/TestDisk](http://www.cgsecurity.org/wiki/TestDisk)
repairs including testdisk info & links
[http://members.iinet.net.au/~herman546/p21.html](http://members.iinet.net.au/~herman546/p21.html)
[https://help.ubuntu.com/community/DataRecovery#Lost%20Partition](https://help.ubuntu.com/community/DataRecovery#Lost%20Partition)

Instructions
[http://www.cgsecurity.org/wiki/TestDisk_Step_By_Step](http://www.cgsecurity.org/wiki/TestDisk_Step_By_Step)
[http://www.cgsecurity.org/wiki/Menu_Analyse](http://www.cgsecurity.org/wiki/Menu_Analyse)

If you had a copy of this from before we would know start and end of partition table and could rebuild it.

Boot Info Script courtesy of forum member meierfra
Page with instructions and download:
[http://bootinfoscript.sourceforge.net/](http://bootinfoscript.sourceforge.net/)
Paste results.txt, then highlight entire file and click on # in edit panel(code tags) to make it easier to read.
Or You can generate the tags first by pressing the # icon in the post's menu and then paste the contents between the generated [ code][ /code] tags.

As part of the bash script to backup /home I also export a list of installed apps and a new bootinfo script, so I have lots of boot info recorded.

---

### Post by haevitetty on 2010-10-28
```
                Boot Info Script 0.55    dated February 15th, 2010                    

============================= Boot Info Summary: ==============================

 => Windows is installed in the MBR of /dev/sda
 => Syslinux is installed in the MBR of /dev/sdb
 => Testdisk is installed in the MBR of /dev/sdc
 => Windows is installed in the MBR of /dev/sdd

sda1: _________________________________________________________________________

    File system:       Extended Partition
    Boot sector type:  -
    Boot sector info:  

sda5: _________________________________________________________________________

    File system:       ntfs
    Boot sector type:  Windows Vista/7
    Boot sector info:  No errors found in the Boot Parameter Block.
    Operating System:  Windows 7
    Boot files/dirs:   /Windows/System32/winload.exe 
                       /ubuntu/winboot/wubildr.mbr /ubuntu/winboot/wubildr

sda6: _________________________________________________________________________

    File system:       ext4
    Boot sector type:  -
    Boot sector info:  
    Operating System:  Ubuntu 10.10
    Boot files/dirs:   /boot/grub/grub.cfg /etc/fstab /boot/grub/core.img

sdb1: _________________________________________________________________________

    File system:       vfat
    Boot sector type:  Unknown
    Boot sector info:  No errors found in the Boot Parameter Block.
    Operating System:  
    Boot files/dirs:   /boot/grub/grub.cfg

sdc1: _________________________________________________________________________

    File system:       ntfs
    Boot sector type:  Windows Vista/7
    Boot sector info:  No errors found in the Boot Parameter Block.
    Operating System:  
    Boot files/dirs:   

sdd1: _________________________________________________________________________

    File system:       ntfs
    Boot sector type:  Windows Vista/7
    Boot sector info:  No errors found in the Boot Parameter Block.
    Operating System:  Windows XP
    Boot files/dirs:   /boot.ini /bootmgr /Boot/BCD /ntldr /NTDETECT.COM

=========================== Drive/Partition Info: =============================

Drive: sda ___________________ _____________________________________________________

Disk /dev/sda: 1000.2 GB, 1000204886016 bytes
255 heads, 63 sectors/track, 121601 cylinders, total 1953525168 sectors
Units = sectors of 1 * 512 = 512 bytes
Sector size (logical/physical): 512 bytes / 512 bytes

Partition  Boot         Start           End          Size  Id System

/dev/sda1             206,829 1,953,536,129 1,953,329,301   f W95 Ext d (LBA)
/dev/sda5             206,848 1,429,233,663 1,429,026,816   7 HPFS/NTFS
/dev/sda6       1,429,235,712 1,953,523,711   524,288,000  83 Linux

/dev/sda1 ends after the last sector of /dev/sda

Drive: sdb ___________________ _____________________________________________________

Disk /dev/sdb: 8019 MB, 8019509248 bytes
247 heads, 62 sectors/track, 1022 cylinders, total 15663104 sectors
Units = sectors of 1 * 512 = 512 bytes
Sector size (logical/physical): 512 bytes / 512 bytes

Partition  Boot         Start           End          Size  Id System

/dev/sdb1    *             62    15,650,907    15,650,846   b W95 FAT32


Drive: sdc ___________________ _____________________________________________________

Disk /dev/sdc: 250.1 GB, 250059350016 bytes
255 heads, 63 sectors/track, 30401 cylinders, total 488397168 sectors
Units = sectors of 1 * 512 = 512 bytes
Sector size (logical/physical): 512 bytes / 512 bytes

Partition  Boot         Start           End          Size  Id System

/dev/sdc1               2,048   488,394,751   488,392,704  82 Linux swap / Solaris


Drive: sdd ___________________ _____________________________________________________

Disk /dev/sdd: 200.0 GB, 200049647616 bytes
255 heads, 63 sectors/track, 24321 cylinders, total 390721968 sectors
Units = sectors of 1 * 512 = 512 bytes
Sector size (logical/physical): 512 bytes / 512 bytes

Partition  Boot         Start           End          Size  Id System

/dev/sdd1    *             63   390,700,799   390,700,737   7 HPFS/NTFS


blkid -c /dev/null: ____________________________________________________________

Device           UUID                                   TYPE       LABEL                         

/dev/loop0                                              squashfs                                 
/dev/sda1: PTTYPE="dos" 
/dev/sda5        BA80A83D80A801CD                       ntfs       Windows 7 Disk                
/dev/sda6        b1ab92d1-f787-4954-b279-03eda3cb5b78   ext4                                     
/dev/sda: PTTYPE="dos" 
/dev/sdb1        4CCB-3357                              vfat       PENDRIVE                      
/dev/sdb: PTTYPE="dos" 
/dev/sdc1        B0B40D5AB40D2506                       ntfs       Storage                       
/dev/sdc: PTTYPE="dos" 
/dev/sdd1        14941251941235A8                       ntfs       XP Disk                       
/dev/sdd: PTTYPE="dos" 

============================ "mount | grep ^/dev  output: ===========================

Device           Mount_Point              Type       Options

aufs             /                        aufs       (rw)
/dev/sdb1        /cdrom                   vfat       (rw,relatime,fmask=0022,dmask=0022,codepage=cp437,iocharset=iso8859-1,shortname=mixed,errors=remount-ro)
/dev/loop0       /rofs                    squashfs   (ro,noatime)


=========================== sda6/boot/grub/grub.cfg: ===========================

#
# DO NOT EDIT THIS FILE
#
# It is automatically generated by grub-mkconfig using templates
# from /etc/grub.d and settings from /etc/default/grub
#

### BEGIN /etc/grub.d/00_header ###
if [ -s $prefix/grubenv ]; then
  set have_grubenv=true
  load_env
fi
set default="0"
if [ "${prev_saved_entry}" ]; then
  set saved_entry="${prev_saved_entry}"
  save_env saved_entry
  set prev_saved_entry=
  save_env prev_saved_entry
  set boot_once=true
fi

function savedefault {
  if [ -z "${boot_once}" ]; then
    saved_entry="${chosen}"
    save_env saved_entry
  fi
}

function recordfail {
  set recordfail=1
  if [ -n "${have_grubenv}" ]; then if [ -z "${boot_once}" ]; then save_env recordfail; fi; fi
}

function load_video {
  insmod vbe
  insmod vga
}

insmod part_msdos
insmod ext2
set root='(hd0,msdos5)'
search --no-floppy --fs-uuid --set b1ab92d1-f787-4954-b279-03eda3cb5b78
if loadfont /usr/share/grub/unicode.pf2 ; then
  set gfxmode=640x480
  load_video
  insmod gfxterm
fi
terminal_output gfxterm
insmod part_msdos
insmod ext2
set root='(hd0,msdos5)'
search --no-floppy --fs-uuid --set b1ab92d1-f787-4954-b279-03eda3cb5b78
set locale_dir=($root)/boot/grub/locale
set lang=en
insmod gettext
if [ "${recordfail}" = 1 ]; then
  set timeout=-1
else
  set timeout=10
fi
### END /etc/grub.d/00_header ###

### BEGIN /etc/grub.d/05_debian_theme ###
set menu_color_normal=white/black
set menu_color_highlight=black/light-gray
### END /etc/grub.d/05_debian_theme ###

### BEGIN /etc/grub.d/10_linux ###
menuentry 'Ubuntu, with Linux 2.6.35-22-generic' --class ubuntu --class gnu-linux --class gnu --class os {
    recordfail
    insmod part_msdos
    insmod ext2
    set root='(hd0,msdos5)'
    search --no-floppy --fs-uuid --set b1ab92d1-f787-4954-b279-03eda3cb5b78
    linux    /boot/vmlinuz-2.6.35-22-generic root=UUID=b1ab92d1-f787-4954-b279-03eda3cb5b78 ro   quiet splash
    initrd    /boot/initrd.img-2.6.35-22-generic
}
menuentry 'Ubuntu, with Linux 2.6.35-22-generic (recovery mode)' --class ubuntu --class gnu-linux --class gnu --class os {
    recordfail
    insmod part_msdos
    insmod ext2
    set root='(hd0,msdos5)'
    search --no-floppy --fs-uuid --set b1ab92d1-f787-4954-b279-03eda3cb5b78
    echo    'Loading Linux 2.6.35-22-generic ...'
    linux    /boot/vmlinuz-2.6.35-22-generic root=UUID=b1ab92d1-f787-4954-b279-03eda3cb5b78 ro single 
    echo    'Loading initial ramdisk ...'
    initrd    /boot/initrd.img-2.6.35-22-generic
}
### END /etc/grub.d/10_linux ###

### BEGIN /etc/grub.d/20_linux_xen ###
### END /etc/grub.d/20_linux_xen ###

### BEGIN /etc/grub.d/20_memtest86+ ###
menuentry "Memory test (memtest86+)" {
    insmod part_msdos
    insmod ext2
    set root='(hd0,msdos5)'
    search --no-floppy --fs-uuid --set b1ab92d1-f787-4954-b279-03eda3cb5b78
    linux16    /boot/memtest86+.bin
}
menuentry "Memory test (memtest86+, serial console 115200)" {
    insmod part_msdos
    insmod ext2
    set root='(hd0,msdos5)'
    search --no-floppy --fs-uuid --set b1ab92d1-f787-4954-b279-03eda3cb5b78
    linux16    /boot/memtest86+.bin console=ttyS0,115200n8
}
### END /etc/grub.d/20_memtest86+ ###

### BEGIN /etc/grub.d/30_os-prober ###
menuentry "Windows 7 (loader) (on /dev/sda1)" {
    insmod part_msdos
    insmod ntfs
    set root='(hd0,msdos1)'
    search --no-floppy --fs-uuid --set 86e8a5a3e8a5924b
    chainloader +1
}
### END /etc/grub.d/30_os-prober ###

### BEGIN /etc/grub.d/40_custom ###
# This file provides an easy way to add custom menu entries.  Simply type the
# menu entries you want to add after this comment.  Be careful not to change
# the 'exec tail' line above.
### END /etc/grub.d/40_custom ###

### BEGIN /etc/grub.d/41_custom ###
if [ -f  $prefix/custom.cfg ]; then
  source $prefix/custom.cfg;
fi
### END /etc/grub.d/41_custom ###

=============================== sda6/etc/fstab: ===============================

# /etc/fstab: static file system information.
#
# Use 'blkid -o value -s UUID' to print the universally unique identifier
# for a device; this may be used with UUID= as a more robust way to name
# devices that works even if disks are added and removed. See fstab(5).
#
# <file system> <mount point>   <type>  <options>       <dump>  <pass>
proc            /proc           proc    nodev,noexec,nosuid 0       0
# / was on /dev/sda5 during installation
UUID=b1ab92d1-f787-4954-b279-03eda3cb5b78 /               ext4    errors=remount-ro 0       1
/dev/fd0        /media/floppy0  auto    rw,user,noauto,exec,utf8 0       0

=================== sda6: Location of files loaded by Grub: ===================


 761.9GB: boot/grub/core.img
 839.4GB: boot/grub/grub.cfg
 733.0GB: boot/initrd.img-2.6.35-22-generic
 761.9GB: boot/vmlinuz-2.6.35-22-generic
 733.0GB: initrd.img
 761.9GB: vmlinuz

=========================== sdb1/boot/grub/grub.cfg: ===========================


if loadfont /boot/grub/font.pf2 ; then
    set gfxmode=auto
    insmod efi_gop
    insmod efi_uga
    insmod gfxterm
    terminal_output gfxterm
fi

set menu_color_normal=white/black
set menu_color_highlight=black/light-gray

menuentry "Try Ubuntu without installing" {
    set gfxpayload=keep
    linux    /casper/vmlinuz  file=/cdrom/preseed/ubuntu.seed boot=casper quiet splash --
    initrd    /casper/initrd.lz
}
menuentry "Install Ubuntu" {
    set gfxpayload=keep
    linux    /casper/vmlinuz  file=/cdrom/preseed/ubuntu.seed boot=casper only-ubiquity quiet splash --
    initrd    /casper/initrd.lz
}
menuentry "Check disc for defects" {
    set gfxpayload=keep
    linux    /casper/vmlinuz  boot=casper integrity-check quiet splash --
    initrd    /casper/initrd.lz
}

=================== sdb1: Location of files loaded by Grub: ===================


    ??GB: boot/grub/grub.cfg

================================ sdd1/boot.ini: ================================

; 
;Warning: Boot.ini is used on Windows XP and earlier operating systems. 
;Warning: Use BCDEDIT.exe to modify Windows Vista boot options. 
; 
[boot loader] 
timeout=3 
default=multi(0)disk(0)rdisk(0)partition(1)\WINDOWS 
[operating systems] 
multi(0)disk(0)rdisk(0)partition(1)\WINDOWS="Microsoft Windows XP Home Edition" /NOEXECUTE=OPTIN /FASTDETECT /USEPMTIMER 
multi(0)disk(0)rdisk(1)partition(2)\WINDOWS="Microsoft Windows XP Professional" /NOEXECUTE=OPTIN /FASTDETECT 
=========================== Unknown MBRs/Boot Sectors/etc =======================

Unknown BootLoader  on sdb1

00000000  eb 58 90 53 59 53 4c 49  4e 55 58 00 02 08 d6 08  |.X.SYSLINUX.....|
00000010  02 00 00 00 00 f8 00 00  3f 00 ff 00 3e 00 00 00  |........?...>...|
00000020  1e d0 ee 00 95 3b 00 00  00 00 00 00 02 00 00 00  |.....;..........|
00000030  01 00 06 00 00 00 00 00  00 00 00 00 00 00 00 00  |................|
00000040  80 00 29 57 33 cb 4c 4e  4f 20 4e 41 4d 45 20 20  |..)W3.LNO NAME  |
00000050  20 20 46 41 54 33 32 20  20 20 fa fc 31 c9 8e d1  |  FAT32   ..1...|
00000060  bc 76 7b 52 06 57 8e c1  b1 26 bf 78 7b f3 a5 8e  |.v{R.W...&.x{...|
00000070  d9 bb 78 00 0f b4 37 0f  a0 56 20 d2 78 1b 31 c0  |..x...7..V .x.1.|
00000080  b1 06 89 3f 89 47 02 f3  64 a5 8a 0e 18 7c 88 4d  |...?.G..d....|.M|
00000090  bc 50 50 50 50 cd 13 eb  4b f6 45 b4 7f 75 25 38  |.PPPP...K.E..u%8|
000000a0  4d b8 74 20 66 3d 21 47  50 54 75 10 80 7d b8 ed  |M.t f=!GPTu..}..|
000000b0  75 0a 66 ff 75 ec 66 ff  75 e8 eb 0f 51 51 66 ff  |u.f.u.f.u...QQf.|
000000c0  75 bc eb 07 51 51 66 ff  36 1c 7c b4 08 cd 13 72  |u...QQf.6.|....r|
000000d0  13 20 e4 75 0f c1 ea 08  42 89 16 1a 7c 83 e1 3f  |. .u....B...|..?|
000000e0  89 0e 18 7c fb bb aa 55  b4 41 8a 16 74 7b cd 13  |...|...U.A..t{..|
000000f0  72 10 81 fb 55 aa 75 0a  f6 c1 01 74 05 c6 06 32  |r...U.u....t...2|
00000100  7d 00 66 b8 78 37 16 00  66 ba 00 00 00 00 bb 00  |}.f.x7..f.......|
00000110  7e e8 10 00 66 81 3e 24  7e 34 be f5 72 75 76 ea  |~...f.>$~4..ruv.|
00000120  38 7e 00 00 66 03 06 64  7b 66 13 16 68 7b b9 10  |8~..f..d{f..h{..|
00000130  00 eb 2b 66 52 66 50 06  53 6a 01 6a 10 89 e6 66  |..+fRfP.Sj.j...f|
00000140  60 b4 42 e8 7f 00 66 61  8d 64 10 72 01 c3 66 60  |`.B...fa.d.r..f`|
00000150  31 c0 e8 70 00 66 61 e2  da c6 06 32 7d 2b 66 60  |1..p.fa....2}+f`|
00000160  66 0f b7 36 18 7c 66 0f  b7 3e 1a 7c 66 f7 f6 31  |f..6.|f..>.|f..1|
00000170  c9 87 ca 66 f7 f7 66 3d  ff 03 00 00 77 17 c0 e4  |...f..f=....w...|
00000180  06 41 08 e1 88 c5 88 d6  b8 01 02 e8 37 00 66 61  |.A..........7.fa|
00000190  72 01 c3 e2 c9 31 f6 8e  d6 bc 6c 7b 8e de 66 8f  |r....1....l{..f.|
000001a0  06 78 00 be cc 7d e8 09  00 31 c0 cd 16 cd 19 f4  |.x...}...1......|
000001b0  eb fd 66 60 ac 20 c0 74  09 b4 0e bb 07 00 cd 10  |..f`. .t........|
000001c0  eb f2 66 61 c3 8a 16 74  7b cd 13 c3 42 6f 6f 74  |..fa...t{...Boot|
000001d0  20 65 72 72 6f 72 0d 0a  00 00 00 00 00 00 00 00  | error..........|
000001e0  00 00 00 00 00 00 00 00  00 00 00 00 00 00 00 00  |................|
000001f0  00 00 00 00 00 00 00 00  00 00 00 00 00 00 55 aa  |..............U.|
00000200


```

---

### Post by oldfred on 2010-10-28
You do not have grub2 installed to any MBR. You have a win7 install in sda5  which is a logical partition and there fore not directly bootable. You have an XP install in sdd1 that has the boot files for the win7 install in sda5. It seems a little disorganized, but if you install grub you should be able to boot.

Install MBR from LiveCD, Ubuntu install on sda6 and want grub2 in drive sda's MBR:
Find linux partition, change sda6 if not correct, and/or even sda if sdb wanted:
sudo fdisk -l
sudo mount /dev/sda6 /mnt
sudo grub-install --root-directory=/mnt/ /dev/sda
If that returns any errors run:
sudo grub-install --recheck --root-directory=/mnt/ /dev/sda

Make sure then in BIOS you are booting from the 1TB drive, if it still sees the 1TB drive as sda.

---

