---
title: "Random freezing in 9.10 karmic"
date: 2009-11-01
forum: General Help
---

### Post by Andreas1 on 2009-11-01
hi, i am quite lost here and i need your help:

i keep getting random freezes since i installed 9.10 karmic koala. these freezes start off partially, with typically one application becoming unresponsive, then extending (compiz, gnome panel) until the whole desktop is frozen. i use alt + print + (r,e,i,s,u,b) to bring the system down.

that mentioned application to become unresponsive at first can be, as far as i have seen, any, including gnome-terminal, firefox, hydrogen

as to when this happens, there are two patterns, i think:
-it only happens after having resumed from suspend at least once in that session, never after a fresh reboot. can be an hour after resuming though, not necessarily directly after.
-it happens while i am interacting with the computer, upon input, but i am not sure about that, maybe that is just when i notice.

i had one suspect for a moment, because the only extra program in my autostart is mail-notification, and i remembered it hogging 100%cpu after resume from suspend on a few occasions in jaunty, but i just experienced the first freeze after disabling it, so i guess that was not it.

so, how do i proceed, which log files do i read, what do i do?

---

### Post by philippe_carlo on 2009-11-01
Can you post the contents of your /var/log/syslog right after a freeze?

---

### Post by DeMus on 2009-11-01
Try running for a while without Compiz just as a test to see if that is causing the problems you have.
It wouldn't be the first time Compiz is causing this.

---

### Post by Andreas1 on 2009-11-01
> **philippe_carlo said:**
> Can you post the contents of your /var/log/syslog right after a freeze?

this is out of syslog.1, this time, untypically, the freeze happened directly upon resume, just black screen instead of unlock prompt.
i searched for the suspend event and included everything in syslog.1 from then.

```
Nov  1 07:43:56 aspire kernel: [  116.889154] PM: Syncing filesystems ... done.
Nov  1 07:43:56 aspire kernel: [  116.891425] PM: Preparing system for mem sleep
Nov  1 07:43:56 aspire kernel: [  116.891430] Freezing user space processes ... (elapsed 0.00 seconds) done.
Nov  1 07:43:56 aspire kernel: [  116.892384] Freezing remaining freezable tasks ... (elapsed 0.00 seconds) done.
Nov  1 07:43:56 aspire kernel: [  116.892436] PM: Entering mem sleep
Nov  1 07:43:56 aspire kernel: [  116.892452] Suspending console(s) (use no_console_suspend to debug)
Nov  1 07:43:56 aspire kernel: [  117.196141] sd 0:0:0:0: [sda] Synchronizing SCSI cache
Nov  1 07:43:56 aspire kernel: [  117.196360] sd 0:0:0:0: [sda] Stopping disk
Nov  1 07:43:56 aspire kernel: [  119.716381] ACPI handle has no context!
Nov  1 07:43:56 aspire kernel: [  119.716498] ACPI handle has no context!
Nov  1 07:43:56 aspire kernel: [  119.716506] sdhci-pci 0000:06:04.4: PME# disabled
Nov  1 07:43:56 aspire kernel: [  119.716513] sdhci-pci 0000:06:04.4: PCI INT B disabled
Nov  1 07:43:56 aspire kernel: [  119.716521] ACPI handle has no context!
Nov  1 07:43:56 aspire kernel: [  119.732196] ACPI handle has no context!
Nov  1 07:43:56 aspire kernel: [  119.732206] sdhci-pci 0000:06:04.2: PME# disabled
Nov  1 07:43:56 aspire kernel: [  119.732215] sdhci-pci 0000:06:04.2: PCI INT B disabled
Nov  1 07:43:56 aspire kernel: [  119.732226] ACPI handle has no context!
Nov  1 07:43:56 aspire kernel: [  119.748184] b44 0000:06:01.0: PCI INT A disabled
Nov  1 07:43:56 aspire kernel: [  119.780225] ata2: port disabled. ignoring.
Nov  1 07:43:56 aspire kernel: [  119.780315] ata_piix 0000:00:1f.1: PCI INT B disabled
Nov  1 07:43:56 aspire kernel: [  119.780334] ehci_hcd 0000:00:1d.7: PCI INT A disabled
Nov  1 07:43:56 aspire kernel: [  119.780348] uhci_hcd 0000:00:1d.3: PCI INT D disabled
Nov  1 07:43:56 aspire kernel: [  119.780360] uhci_hcd 0000:00:1d.2: PCI INT C disabled
Nov  1 07:43:56 aspire kernel: [  119.780374] uhci_hcd 0000:00:1d.1: PCI INT B disabled
Nov  1 07:43:56 aspire kernel: [  119.780386] uhci_hcd 0000:00:1d.0: PCI INT A disabled
Nov  1 07:43:56 aspire kernel: [  119.884178] HDA Intel 0000:00:1b.0: PCI INT A disabled
Nov  1 07:43:56 aspire kernel: [  119.930451] i915 0000:00:02.0: PCI INT A disabled
Nov  1 07:43:56 aspire kernel: [  119.945199] PM: suspend devices took 3.052 seconds
Nov  1 07:43:56 aspire kernel: [  119.945653] ehci_hcd 0000:00:1d.7: PME# disabled
Nov  1 07:43:56 aspire kernel: [  119.960740] ACPI: Preparing to enter system sleep state S3
Nov  1 07:43:56 aspire kernel: [  120.003057] Disabling non-boot CPUs ...
Nov  1 07:43:56 aspire kernel:Nov  1 07:45:01 aspire kernel: imklog 4.2.0, log source = /var/run/rsyslog/kmsg started.
Nov  1 07:45:01 aspire rsyslogd: [origin software="rsyslogd" swVersion="4.2.0" x-pid="794" x-info="http://www.rsyslog.com"] (re)start
Nov  1 07:45:01 aspire rsyslogd: rsyslogd's groupid changed to 102
Nov  1 07:45:01 aspire rsyslogd: rsyslogd's userid changed to 101
Nov  1 07:45:01 aspire rsyslogd-2039: Could no open output file '/dev/xconsole' [try http://www.rsyslog.com/e/2039 ]
Nov  1 07:45:01 aspire kernel: [    0.000000] Initializing cgroup subsys cpuset
Nov  1 07:45:01 aspire kernel: [    0.000000] Initializing cgroup subsys cpu
Nov  1 07:45:01 aspire kernel: [    0.000000] Linux version 2.6.31-14-generic (buildd@rothera) (gcc version 4.4.1 (Ubuntu 4.4.1-4ubuntu8) ) #48-Ubuntu SMP Fri Oct 16 14:04:26 UTC 2009 (Ubuntu 2.6.31-14.48-generic)
Nov  1 07:45:01 aspire kernel: [    0.000000] KERNEL supported cpus:
Nov  1 07:45:01 aspire kernel: [    0.000000]   Intel GenuineIntel
Nov  1 07:45:01 aspire kernel: [    0.000000]   AMD AuthenticAMD
Nov  1 07:45:01 aspire kernel: [    0.000000]   NSC Geode by NSC
Nov  1 07:45:01 aspire kernel: [    0.000000]   Cyrix CyrixInstead
Nov  1 07:45:01 aspire kernel: [    0.000000]   Centaur CentaurHauls
Nov  1 07:45:01 aspire kernel: [    0.000000]   Transmeta GenuineTMx86
Nov  1 07:45:01 aspire kernel: [    0.000000]   Transmeta TransmetaCPU
Nov  1 07:45:01 aspire kernel: [    0.000000]   UMC UMC UMC UMC
Nov  1 07:45:01 aspire kernel: [    0.000000] BIOS-provided physical RAM map:
Nov  1 07:45:01 aspire kernel: [    0.000000]  BIOS-e820: 0000000000000000 - 000000000009f800 (usable)
Nov  1 07:45:01 aspire kernel: [    0.000000]  BIOS-e820: 000000000009f800 - 00000000000a0000 (reserved)
Nov  1 07:45:01 aspire kernel: [    0.000000]  BIOS-e820: 00000000000e0000 - 0000000000100000 (reserved)
Nov  1 07:45:01 aspire kernel: [    0.000000]  BIOS-e820: 0000000000100000 - 000000007f680000 (usable)
Nov  1 07:45:01 aspire kernel: [    0.000000]  BIOS-e820: 000000007f680000 - 000000007f700000 (ACPI NVS)
Nov  1 07:45:01 aspire kernel: [    0.000000]  BIOS-e820: 000000007f700000 - 0000000080000000 (reserved)
Nov  1 07:45:01 aspire kernel: [    0.000000]  BIOS-e820: 00000000e0000000 - 00000000f0000000 (reserved)
Nov  1 07:45:01 aspire kernel: [    0.000000]  BIOS-e820: 00000000fec00000 - 00000000fec10000 (reserved)
Nov  1 07:45:01 aspire kernel: [    0.000000]  BIOS-e820: 00000000fed00000 - 00000000fed00400 (reserved)
Nov  1 07:45:01 aspire kernel: [    0.000000]  BIOS-e820: 00000000fed14000 - 00000000fed1a000 (reserved)
Nov  1 07:45:01 aspire kernel: [    0.000000]  BIOS-e820: 00000000fed1c000 - 00000000fed90000 (reserved)
Nov  1 07:45:01 aspire kernel: [    0.000000]  BIOS-e820: 00000000fee00000 - 00000000fee01000 (reserved)
Nov  1 07:45:01 aspire kernel: [    0.000000]  BIOS-e820: 00000000ff000000 - 0000000100000000 (reserved)
Nov  1 07:45:01 aspire kernel: [    0.000000] DMI present.
Nov  1 07:45:01 aspire kernel: [    0.000000] last_pfn = 0x7f680 max_arch_pfn = 0x100000
Nov  1 07:45:01 aspire kernel: [    0.000000] MTRR default type: uncachable
Nov  1 07:45:01 aspire kernel: [    0.000000] MTRR fixed ranges enabled:
Nov  1 07:45:01 aspire kernel: [    0.000000]   00000-9FFFF write-back
Nov  1 07:45:01 aspire kernel: [    0.000000]   A0000-BFFFF uncachable
Nov  1 07:45:01 aspire kernel: [    0.000000]   C0000-CFFFF write-protect
Nov  1 07:45:01 aspire kernel: [    0.000000]   D0000-DFFFF uncachable
Nov  1 07:45:01 aspire kernel: [    0.000000]   E0000-FFFFF write-protect
Nov  1 07:45:01 aspire kernel: [    0.000000] MTRR variable ranges enabled:
Nov  1 07:45:01 aspire kernel: [    0.000000]   0 base 000000000 mask F80000000 write-back
Nov  1 07:45:01 aspire kernel: [    0.000000]   1 base 07F700000 mask FFFF00000 uncachable
Nov  1 07:45:01 aspire kernel: [    0.000000]   2 base 07F800000 mask FFF800000 uncachable
Nov  1 07:45:01 aspire kernel: [    0.000000]   3 disabled
Nov  1 07:45:01 aspire kernel: [    0.000000]   4 disabled
Nov  1 07:45:01 aspire kernel: [    0.000000]   5 disabled
Nov  1 07:45:01 aspire kernel: [    0.000000]   6 disabled
Nov  1 07:45:01 aspire kernel: [    0.000000]   7 disabled
Nov  1 07:45:01 aspire kernel: [    0.000000] PAT not supported by CPU.
Nov  1 07:45:01 aspire kernel: [    0.000000] e820 update range: 0000000000002000 - 0000000000006000 (usable) ==> (reserved)
Nov  1 07:45:01 aspire kernel: [    0.000000] Scanning 1 areas for low memory corruption
Nov  1 07:45:01 aspire kernel: [    0.000000] modified physical RAM map:
Nov  1 07:45:01 aspire kernel: [    0.000000]  modified: 0000000000000000 - 0000000000002000 (usable)
Nov  1 07:45:01 aspire kernel: [    0.000000]  modified: 0000000000002000 - 0000000000006000 (reserved)
Nov  1 07:45:01 aspire kernel: [    0.000000]  modified: 0000000000006000 - 000000000009f800 (usable)
Nov  1 07:45:01 aspire kernel: [    0.000000]  modified: 000000000009f800 - 00000000000a0000 (reserved)
Nov  1 07:45:01 aspire kernel: [    0.000000]  modified: 00000000000e0000 - 0000000000100000 (reserved)
Nov  1 07:45:01 aspire kernel: [    0.000000]  modified: 0000000000100000 - 000000007f680000 (usable)
Nov  1 07:45:01 aspire kernel: [    0.000000]  modified: 000000007f680000 - 000000007f700000 (ACPI NVS)
Nov  1 07:45:01 aspire kernel: [    0.000000]  modified: 000000007f700000 - 0000000080000000 (reserved)
Nov  1 07:45:01 aspire kernel: [    0.000000]  modified: 00000000e0000000 - 00000000f0000000 (reserved)
Nov  1 07:45:01 aspire kernel: [    0.000000]  modified: 00000000fec00000 - 00000000fec10000 (reserved)
Nov  1 07:45:01 aspire kernel: [    0.000000]  modified: 00000000fed00000 - 00000000fed00400 (reserved)
Nov  1 07:45:01 aspire kernel: [    0.000000]  modified: 00000000fed14000 - 00000000fed1a000 (reserved)
Nov  1 07:45:01 aspire kernel: [    0.000000]  modified: 00000000fed1c000 - 00000000fed90000 (reserved)
Nov  1 07:45:01 aspire kernel: [    0.000000]  modified: 00000000fee00000 - 00000000fee01000 (reserved)
Nov  1 07:45:01 aspire kernel: [    0.000000]  modified: 00000000ff000000 - 0000000100000000 (reserved)
Nov  1 07:45:01 aspire kernel: [    0.000000] initial memory mapped : 0 - 00c00000
Nov  1 07:45:01 aspire kernel: [    0.000000] init_memory_mapping: 0000000000000000-00000000377fe000
Nov  1 07:45:01 aspire kernel: [    0.000000] Using x86 segment limits to approximate NX protection
Nov  1 07:45:01 aspire kernel: [    0.000000]  0000000000 - 0000400000 page 4k
Nov  1 07:45:01 aspire kernel: [    0.000000]  0000400000 - 0037400000 page 2M
Nov  1 07:45:01 aspire kernel: [    0.000000]  0037400000 - 00377fe000 page 4k
Nov  1 07:45:01 aspire kernel: [    0.000000] kernel direct mapping tables up to 377fe000 @ 7000-c000
Nov  1 07:45:01 aspire kernel: [    0.000000] RAMDISK: 378a5000 - 37fef866
Nov  1 07:45:01 aspire kernel: [    0.000000] Allocated new RAMDISK: 008ad000 - 00ff7866
Nov  1 07:45:01 aspire kernel: [    0.000000] Move RAMDISK from 00000000378a5000 - 0000000037fef865 to 008ad000 - 00ff7865
Nov  1 07:45:01 aspire kernel: [    0.000000] ACPI: RSDP 000f64e0 00014 (v00 PTLTD )
Nov  1 07:45:01 aspire kernel: [    0.000000] ACPI: RSDT 7f686010 00048 (v01 PTLTD  Capell00 06040000  LTP 00000000)
Nov  1 07:45:01 aspire kernel: [    0.000000] ACPI: FACP 7f68ce20 00074 (v01 Acer   Grape    06040000 LOHR 0000005A)
Nov  1 07:45:01 aspire kernel: [    0.000000] ACPI: DSDT 7f68708a 05D96 (v01 Acer   CALISTGA 06040000 INTL 20050228)
Nov  1 07:45:01 aspire kernel: [    0.000000] ACPI: FACS 7f68dfc0 00040
Nov  1 07:45:01 aspire kernel: [    0.000000] ACPI: APIC 7f68ce94 00068 (v01 Acer   Grape    06040000 LOHR 0000005A)
Nov  1 07:45:01 aspire kernel: [    0.000000] ACPI: HPET 7f68cefc 00038 (v01 Acer   Grape    06040000 LOHR 0000005A)
Nov  1 07:45:01 aspire kernel: [    0.000000] ACPI: MCFG 7f68cf34 0003C (v01 Acer   Grape    06040000 LOHR 0000005A)
Nov  1 07:45:01 aspire kernel: [    0.000000] ACPI: APIC 7f68cf70 00068 (v01 PTLTD  	 APIC   06040000  LTP 00000000)
Nov  1 07:45:01 aspire kernel: [    0.000000] ACPI: BOOT 7f68cfd8 00028 (v01 PTLTD  $SBFTBL$ 06040000  LTP 00000001)
Nov  1 07:45:01 aspire kernel: [    0.000000] ACPI: SSDT 7f6865e4 0025F (v01  PmRef  Cpu0Tst 00003000 INTL 20050228)
Nov  1 07:45:01 aspire kernel: [    0.000000] ACPI: SSDT 7f68653e 000A6 (v01  PmRef  Cpu1Tst 00003000 INTL 20050228)
Nov  1 07:45:01 aspire kernel: [    0.000000] ACPI: SSDT 7f686058 004E6 (v01  PmRef    CpuPm 00003000 INTL 20050228)
Nov  1 07:45:01 aspire kernel: [    0.000000] ACPI: BIOS bug: multiple APIC/MADT found, using 0
Nov  1 07:45:01 aspire kernel: [    0.000000] ACPI: If "acpi_apic_instance=2" works better, notify linux-acpi@vger.kernel.org
Nov  1 07:45:01 aspire kernel: [    0.000000] ACPI: Local APIC address 0xfee00000
Nov  1 07:45:01 aspire kernel: [    0.000000] 1150MB HIGHMEM available.
Nov  1 07:45:01 aspire kernel: [    0.000000] 887MB LOWMEM available.
Nov  1 07:45:01 aspire kernel: [    0.000000]   mapped low ram: 0 - 377fe000
Nov  1 07:45:01 aspire kernel: [    0.000000]   low ram: 0 - 377fe000
Nov  1 07:45:01 aspire kernel: [    0.000000]   node 0 low ram: 00000000 - 377fe000
Nov  1 07:45:01 aspire kernel: [    0.000000]   node 0 bootmap 00008000 - 0000ef00
Nov  1 07:45:01 aspire kernel: [    0.000000] (9 early reservations) ==> bootmem [0000000000 - 00377fe000]
Nov  1 07:45:01 aspire kernel: [    0.000000]   #0 [0000000000 - 0000001000]   BIOS data page ==> [0000000000 - 0000001000]
Nov  1 07:45:01 aspire kernel: [    0.000000]   #1 [0000001000 - 0000002000]    EX TRAMPOLINE ==> [0000001000 - 0000002000]
Nov  1 07:45:01 aspire kernel: [    0.000000]   #2 [0000006000 - 0000007000]       TRAMPOLINE ==> [0000006000 - 0000007000]
Nov  1 07:45:01 aspire kernel: [    0.000000]   #3 [0000100000 - 00008a80a0]    TEXT DATA BSS ==> [0000100000 - 00008a80a0]
Nov  1 07:45:01 aspire kernel: [    0.000000]   #4 [000009f800 - 0000100000]    BIOS reserved ==> [000009f800 - 0000100000]
Nov  1 07:45:01 aspire kernel: [    0.000000]   #5 [00008a9000 - 00008ac0f9]              BRK ==> [00008a9000 - 00008ac0f9]
Nov  1 07:45:01 aspire kernel: [    0.000000]   #6 [0000007000 - 0000008000]          PGTABLE ==> [0000007000 - 0000008000]
Nov  1 07:45:01 aspire kernel: [    0.000000]   #7 [00008ad000 - 0000ff7866]      NEW RAMDISK ==> [00008ad000 - 0000ff7866]
Nov  1 07:45:01 aspire kernel: [    0.000000]   #8 [0000008000 - 000000f000]          BOOTMAP ==> [0000008000 - 000000f000]
Nov  1 07:45:01 aspire kernel: [    0.000000] found SMP MP-table at [c00f6510] f6510
Nov  1 07:45:01 aspire kernel: [    0.000000] Zone PFN ranges:
Nov  1 07:45:01 aspire kernel: [    0.000000]   DMA      0x00000000 -> 0x00001000
Nov  1 07:45:01 aspire kernel: [    0.000000]   Normal   0x00001000 -> 0x000377fe
Nov  1 07:45:01 aspire kernel: [    0.000000]   HighMem  0x000377fe -> 0x0007f680
Nov  1 07:45:01 aspire kernel: [    0.000000] Movable zone start PFN for each node
Nov  1 07:45:01 aspire kernel: [    0.000000] early_node_map[3] active PFN ranges
Nov  1 07:45:01 aspire kernel: [    0.000000]     0: 0x00000000 -> 0x00000002
Nov  1 07:45:01 aspire kernel: [    0.000000]     0: 0x00000006 -> 0x0000009f
Nov  1 07:45:01 aspire kernel: [    0.000000]     0: 0x00000100 -> 0x0007f680
Nov  1 07:45:01 aspire kernel: [    0.000000] On node 0 totalpages: 521755
Nov  1 07:45:01 aspire kernel: [    0.000000] free_area_init_node: node 0, pgdat c0784900, node_mem_map c1000000
Nov  1 07:45:01 aspire kernel: [    0.000000]   DMA zone: 32 pages used for memmap
Nov  1 07:45:01 aspire kernel: [    0.000000]   DMA zone: 0 pages reserved
Nov  1 07:45:01 aspire kernel: [    0.000000]   DMA zone: 3963 pages, LIFO batch:0
Nov  1 07:45:01 aspire kernel: [    0.000000]   Normal zone: 1744 pages used for memmap
Nov  1 07:45:01 aspire kernel: [    0.000000]   Normal zone: 221486 pages, LIFO batch:31
Nov  1 07:45:01 aspire kernel: [    0.000000]   HighMem zone: 2302 pages used for memmap
Nov  1 07:45:01 aspire kernel: [    0.000000]   HighMem zone: 292228 pages, LIFO batch:31
Nov  1 07:45:01 aspire kernel: [    0.000000] Using APIC driver default
Nov  1 07:45:01 aspire kernel: [    0.000000] ACPI: PM-Timer IO Port: 0x1008
Nov  1 07:45:01 aspire kernel: [    0.000000] ACPI: Local APIC address 0xfee00000
Nov  1 07:45:01 aspire kernel: [    0.000000] ACPI: LAPIC (acpi_id[0x00] lapic_id[0x00] enabled)
Nov  1 07:45:01 aspire kernel: [    0.000000] ACPI: LAPIC (acpi_id[0x01] lapic_id[0x01] enabled)
Nov  1 07:45:01 aspire kernel: [    0.000000] ACPI: LAPIC_NMI (acpi_id[0x00] high edge lint[0x1])
Nov  1 07:45:01 aspire kernel: [    0.000000] ACPI: LAPIC_NMI (acpi_id[0x01] high edge lint[0x1])
Nov  1 07:45:01 aspire kernel: [    0.000000] ACPI: IOAPIC (id[0x01] address[0xfec00000] gsi_base[0])
Nov  1 07:45:01 aspire kernel: [    0.000000] IOAPIC[0]: apic_id 1, version 32, address 0xfec00000, GSI 0-23
Nov  1 07:45:01 aspire kernel: [    0.000000] ACPI: INT_SRC_OVR (bus 0 bus_irq 0 global_irq 2 dfl dfl)
Nov  1 07:45:01 aspire kernel: [    0.000000] ACPI: INT_SRC_OVR (bus 0 bus_irq 9 global_irq 9 high level)
Nov  1 07:45:01 aspire kernel: [    0.000000] ACPI: IRQ0 used by override.
Nov  1 07:45:01 aspire kernel: [    0.000000] ACPI: IRQ2 used by override.
Nov  1 07:45:01 aspire kernel: [    0.000000] ACPI: IRQ9 used by override.
Nov  1 07:45:01 aspire kernel: [    0.000000] Enabling APIC mode:  Flat.  Using 1 I/O APICs
Nov  1 07:45:01 aspire kernel: [    0.000000] Using ACPI (MADT) for SMP configuration information
Nov  1 07:45:01 aspire kernel: [    0.000000] ACPI: HPET id: 0x8086a201 base: 0xfed00000
Nov  1 07:45:01 aspire kernel: [    0.000000] SMP: Allowing 2 CPUs, 0 hotplug CPUs
Nov  1 07:45:01 aspire kernel: [    0.000000] nr_irqs_gsi: 24
Nov  1 07:45:01 aspire kernel: [    0.000000] PM: Registered nosave memory: 0000000000002000 - 0000000000006000
Nov  1 07:45:01 aspire kernel: [    0.000000] PM: Registered nosave memory: 000000000009f000 - 00000000000a0000
Nov  1 07:45:01 aspire kernel: [    0.000000] PM: Registered nosave memory: 00000000000a0000 - 00000000000e0000
Nov  1 07:45:01 aspire kernel: [    0.000000] PM: Registered nosave memory: 00000000000e0000 - 0000000000100000
Nov  1 07:45:01 aspire kernel: [    0.000000] Allocating PCI resources starting at 80000000 (gap: 80000000:60000000)
Nov  1 07:45:01 aspire kernel: [    0.000000] NR_CPUS:8 nr_cpumask_bits:8 nr_cpu_ids:2 nr_node_ids:1
Nov  1 07:45:01 aspire kernel: [    0.000000] PERCPU: Embedded 14 pages at c1ffa000, static data 35612 bytes
Nov  1 07:45:01 aspire kernel: [    0.000000] Built 1 zonelists in Zone order, mobility grouping on.  Total pages: 517677
Nov  1 07:45:01 aspire kernel: [    0.000000] Kernel command line: BOOT_IMAGE=/boot/vmlinuz-2.6.31-14-generic root=UUID=86add2c8-9d34-42b9-8ac1-70ebf4824e89 ro quiet splash
Nov  1 07:45:01 aspire kernel: [    0.000000] PID hash table entries: 4096 (order: 12, 16384 bytes)
Nov  1 07:45:01 aspire kernel: [    0.000000] Dentry cache hash table entries: 131072 (order: 7, 524288 bytes)
Nov  1 07:45:01 aspire kernel: [    0.000000] Inode-cache hash table entries: 65536 (order: 6, 262144 bytes)
Nov  1 07:45:01 aspire kernel: [    0.000000] Enabling fast FPU save and restore... done.
Nov  1 07:45:01 aspire kernel: [    0.000000] Enabling unmasked SIMD FPU exception support... done.
Nov  1 07:45:01 aspire kernel: [    0.000000] Initializing CPU#0
Nov  1 07:45:01 aspire kernel: [    0.000000] allocated 10437120 bytes of page_cgroup
Nov  1 07:45:01 aspire kernel: [    0.000000] please try 'cgroup_disable=memory' option if you don't want memory cgroups
Nov  1 07:45:01 aspire kernel: [    0.000000] Initializing HighMem for node 0 (000377fe:0007f680)
Nov  1 07:45:01 aspire kernel: [    0.000000] Memory: 2043276k/2087424k available (4565k kernel code, 42816k reserved, 2143k data, 540k init, 1178120k highmem)
Nov  1 07:45:01 aspire kernel: [    0.000000] virtual kernel memory layout:
Nov  1 07:45:01 aspire kernel: [    0.000000]     fixmap  : 0xfff1d000 - 0xfffff000   ( 904 kB)
Nov  1 07:45:01 aspire kernel: [    0.000000]     pkmap   : 0xff800000 - 0xffc00000   (4096 kB)
Nov  1 07:45:01 aspire kernel: [    0.000000]     vmalloc : 0xf7ffe000 - 0xff7fe000   ( 120 MB)
Nov  1 07:45:01 aspire kernel: [    0.000000]     lowmem  : 0xc0000000 - 0xf77fe000   ( 887 MB)
Nov  1 07:45:01 aspire kernel: [    0.000000]       .init : 0xc078e000 - 0xc0815000   ( 540 kB)
Nov  1 07:45:01 aspire kernel: [    0.000000]       .data : 0xc0575554 - 0xc078d308   (2143 kB)
Nov  1 07:45:01 aspire kernel: [    0.000000]       .text : 0xc0100000 - 0xc0575554   (4565 kB)
Nov  1 07:45:01 aspire kernel: [    0.000000] Checking if this processor honours the WP bit even in supervisor mode...Ok.
Nov  1 07:45:01 aspire kernel: [    0.000000] SLUB: Genslabs=13, HWalign=64, Order=0-3, MinObjects=0, CPUs=2, Nodes=1
Nov  1 07:45:01 aspire kernel: [    0.000000] NR_IRQS:2304 nr_irqs:424
Nov  1 07:45:01 aspire kernel: [    0.000000] Fast TSC calibration using PIT
Nov  1 07:45:01 aspire kernel: [    0.000000] Detected 1595.999 MHz processor.
Nov  1 07:45:01 aspire kernel: [    0.001664] Console: colour VGA+ 80x25
Nov  1 07:45:01 aspire kernel: [    0.001671] console [tty0] enabled
Nov  1 07:45:01 aspire kernel: [    0.001927] hpet clockevent registered
Nov  1 07:45:01 aspire kernel: [    0.001937] HPET: 3 timers in total, 0 timers will be used for per-cpu timer
Nov  1 07:45:01 aspire kernel: [    0.001949] Calibrating delay loop (skipped), value calculated using timer frequency.. 3191.99 BogoMIPS (lpj=6383996)
Nov  1 07:45:01 aspire kernel: [    0.001987] Security Framework initialized
Nov  1 07:45:01 aspire kernel: [    0.002027] AppArmor: AppArmor initialized
Nov  1 07:45:01 aspire kernel: [    0.002042] Mount-cache hash table entries: 512
Nov  1 07:45:01 aspire kernel: [    0.002300] Initializing cgroup subsys ns
Nov  1 07:45:01 aspire kernel: [    0.002310] Initializing cgroup subsys cpuacct
Nov  1 07:45:01 aspire kernel: [    0.002320] Initializing cgroup subsys memory
Nov  1 07:45:01 aspire kernel: [    0.002334] Initializing cgroup subsys freezer
Nov  1 07:45:01 aspire kernel: [    0.002340] Initializing cgroup subsys net_cls
Nov  1 07:45:01 aspire kernel: [    0.002368] CPU: L1 I cache: 32K, L1 D cache: 32K
Nov  1 07:45:01 aspire kernel: [    0.002375] CPU: L2 cache: 2048K
Nov  1 07:45:01 aspire kernel: [    0.002383] CPU: Physical Processor ID: 0
Nov  1 07:45:01 aspire kernel: [    0.002387] CPU: Processor Core ID: 0
Nov  1 07:45:01 aspire kernel: [    0.002396] mce: CPU supports 6 MCE banks
Nov  1 07:45:01 aspire kernel: [    0.002418] CPU0: Thermal monitoring enabled (TM1)
Nov  1 07:45:01 aspire kernel: [    0.002426] using mwait in idle threads.
Nov  1 07:45:01 aspire kernel: [    0.002439] Performance Counters: no PMU driver, software counters only.
Nov  1 07:45:01 aspire kernel: [    0.002450] Checking 'hlt' instruction... OK.
Nov  1 07:45:01 aspire kernel: [    0.020008] ACPI: Core revision 20090521
Nov  1 07:45:01 aspire kernel: [    0.044524] ..TIMER: vector=0x30 apic1=0 pin1=2 apic2=-1 pin2=-1
Nov  1 07:45:01 aspire kernel: [    0.085976] CPU0: Genuine Intel(R) CPU           T2050  @ 1.60GHz stepping 08
Nov  1 07:45:01 aspire kernel: [    0.088001] Booting processor 1 APIC 0x1 ip 0x6000
Nov  1 07:45:01 aspire kernel: [    0.004000] Initializing CPU#1
Nov  1 07:45:01 aspire kernel: [    0.004000] Calibrating delay using timer specific routine.. 3192.09 BogoMIPS (lpj=6384182)
Nov  1 07:45:01 aspire kernel: [    0.004000] CPU: L1 I cache: 32K, L1 D cache: 32K
Nov  1 07:45:01 aspire kernel: [    0.004000] CPU: L2 cache: 2048K
Nov  1 07:45:01 aspire kernel: [    0.004000] CPU: Physical Processor ID: 0
Nov  1 07:45:01 aspire kernel: [    0.004000] CPU: Processor Core ID: 1
Nov  1 07:45:01 aspire kernel: [    0.004000] mce: CPU supports 6 MCE banks
Nov  1 07:45:01 aspire kernel: [    0.004000] CPU1: Thermal monitoring enabled (TM1)
Nov  1 07:45:01 aspire kernel: [    0.172965] CPU1: Genuine Intel(R) CPU           T2050  @ 1.60GHz stepping 08
Nov  1 07:45:01 aspire kernel: [    0.172999] checking TSC synchronization [CPU#0 -> CPU#1]: passed.
Nov  1 07:45:01 aspire kernel: [    0.176036] Brought up 2 CPUs
Nov  1 07:45:01 aspire kernel: [    0.176044] Total of 2 processors activated (6384.08 BogoMIPS).
Nov  1 07:45:01 aspire kernel: [    0.176119] CPU0 attaching sched-domain:
Nov  1 07:45:01 aspire kernel: [    0.176127]  domain 0: span 0-1 level MC
Nov  1 07:45:01 aspire kernel: [    0.176134]   groups: 0 1
Nov  1 07:45:01 aspire kernel: [    0.176147] CPU1 attaching sched-domain:
Nov  1 07:45:01 aspire kernel: [    0.176153]  domain 0: span 0-1 level MC
Nov  1 07:45:01 aspire kernel: [    0.176159]   groups: 1 0
Nov  1 07:45:01 aspire kernel: [    0.176328] Booting paravirtualized kernel on bare hardware
Nov  1 07:45:01 aspire kernel: [    0.176554] regulator: core version 0.5
Nov  1 07:45:01 aspire kernel: [    0.176554] Time:  7:44:49  Date: 11/01/09
Nov  1 07:45:01 aspire kernel: [    0.176554] NET: Registered protocol family 16
Nov  1 07:45:01 aspire kernel: [    0.176554] EISA bus registered
Nov  1 07:45:01 aspire kernel: [    0.176554] ACPI: bus type pci registered
Nov  1 07:45:01 aspire kernel: [    0.176664] PCI: MCFG configuration 0: base e0000000 segment 0 buses 0 - 255
Nov  1 07:45:01 aspire kernel: [    0.176672] PCI: MCFG area at e0000000 reserved in E820
Nov  1 07:45:01 aspire kernel: [    0.176677] PCI: Using MMCONFIG for extended config space
Nov  1 07:45:01 aspire kernel: [    0.176683] PCI: Using configuration type 1 for base access
Nov  1 07:45:01 aspire kernel: [    0.181650] bio: create slab <bio-0> at 0
Nov  1 07:45:01 aspire kernel: [    0.184254] ACPI: EC: Look up EC in DSDT
Nov  1 07:45:01 aspire kernel: [    0.193418] ACPI: BIOS _OSI(Linux) query ignored
Nov  1 07:45:01 aspire kernel: [    0.195055] ACPI: Interpreter enabled
Nov  1 07:45:01 aspire kernel: [    0.195070] ACPI: (supports S0 S3 S4 S5)
Nov  1 07:45:01 aspire kernel: [    0.195119] ACPI: Using IOAPIC for interrupt routing
Nov  1 07:45:01 aspire kernel: [    0.202622] ACPI: EC: non-query interrupt received, switching to interrupt mode
Nov  1 07:45:01 aspire kernel: [    0.228183] ACPI: EC: GPE storm detected, transactions will use polling mode
Nov  1 07:45:01 aspire kernel: [    0.728013] ACPI: EC: missing confirmations, switch off interrupt mode.
Nov  1 07:45:01 aspire kernel: [    0.758755] ACPI: EC: GPE = 0x19, I/O: command/status = 0x66, data = 0x62
Nov  1 07:45:01 aspire kernel: [    0.758762] ACPI: EC: driver started in poll mode
Nov  1 07:45:01 aspire kernel: [    0.759350] ACPI: No dock devices found.
Nov  1 07:45:01 aspire kernel: [    0.760402] ACPI: PCI Root Bridge [PCI0] (0000:00)
Nov  1 07:45:01 aspire kernel: [    0.760595] pci 0000:00:02.0: reg 10 32bit mmio: [0xd0200000-0xd027ffff]
Nov  1 07:45:01 aspire kernel: [    0.760609] pci 0000:00:02.0: reg 14 io port: [0x1800-0x1807]
Nov  1 07:45:01 aspire kernel: [    0.760621] pci 0000:00:02.0: reg 18 32bit mmio: [0xc0000000-0xcfffffff]
Nov  1 07:45:01 aspire kernel: [    0.760634] pci 0000:00:02.0: reg 1c 32bit mmio: [0xd0300000-0xd033ffff]
Nov  1 07:45:01 aspire kernel: [    0.760718] pci 0000:00:02.1: reg 10 32bit mmio: [0xd0280000-0xd02fffff]
Nov  1 07:45:01 aspire kernel: [    0.760907] pci 0000:00:1b.0: reg 10 64bit mmio: [0xd0340000-0xd0343fff]
Nov  1 07:45:01 aspire kernel: [    0.760999] pci 0000:00:1b.0: PME# supported from D0 D3hot D3cold
Nov  1 07:45:01 aspire kernel: [    0.761009] pci 0000:00:1b.0: PME# disabled
Nov  1 07:45:01 aspire kernel: [    0.761138] pci 0000:00:1c.0: PME# supported from D0 D3hot D3cold
Nov  1 07:45:01 aspire kernel: [    0.761148] pci 0000:00:1c.0: PME# disabled
Nov  1 07:45:01 aspire kernel: [    0.761280] pci 0000:00:1c.1: PME# supported from D0 D3hot D3cold
Nov  1 07:45:01 aspire kernel: [    0.761291] pci 0000:00:1c.1: PME# disabled
Nov  1 07:45:01 aspire kernel: [    0.761423] pci 0000:00:1c.2: PME# supported from D0 D3hot D3cold
Nov  1 07:45:01 aspire kernel: [    0.761433] pci 0000:00:1c.2: PME# disabled
Nov  1 07:45:01 aspire kernel: [    0.761567] pci 0000:00:1c.3: PME# supported from D0 D3hot D3cold
Nov  1 07:45:01 aspire kernel: [    0.761577] pci 0000:00:1c.3: PME# disabled
Nov  1 07:45:01 aspire kernel: [    0.761677] pci 0000:00:1d.0: reg 20 io port: [0x1820-0x183f]
Nov  1 07:45:01 aspire kernel: [    0.761775] pci 0000:00:1d.1: reg 20 io port: [0x1840-0x185f]
Nov  1 07:45:01 aspire kernel: [    0.761873] pci 0000:00:1d.2: reg 20 io port: [0x1860-0x187f]
Nov  1 07:45:01 aspire kernel: [    0.761971] pci 0000:00:1d.3: reg 20 io port: [0x1880-0x189f]
Nov  1 07:45:01 aspire kernel: [    0.762076] pci 0000:00:1d.7: reg 10 32bit mmio: [0xd0544000-0xd05443ff]
Nov  1 07:45:01 aspire kernel: [    0.762170] pci 0000:00:1d.7: PME# supported from D0 D3hot D3cold
Nov  1 07:45:01 aspire kernel: [    0.762181] pci 0000:00:1d.7: PME# disabled
Nov  1 07:45:01 aspire kernel: [    0.762424] pci 0000:00:1f.0: quirk: region 1000-107f claimed by ICH6 ACPI/GPIO/TCO
Nov  1 07:45:01 aspire kernel: [    0.762434] pci 0000:00:1f.0: quirk: region 1180-11bf claimed by ICH6 GPIO
Nov  1 07:45:01 aspire kernel: [    0.762444] pci 0000:00:1f.0: ICH7 LPC Generic IO decode 1 PIO at 0230 (mask 000f)
Nov  1 07:45:01 aspire kernel: [    0.762454] pci 0000:00:1f.0: ICH7 LPC Generic IO decode 2 PIO at ff20 (mask 000f)
Nov  1 07:45:01 aspire kernel: [    0.762537] pci 0000:00:1f.1: reg 10 io port: [0x00-0x07]
Nov  1 07:45:01 aspire kernel: [    0.762552] pci 0000:00:1f.1: reg 14 io port: [0x00-0x03]
Nov  1 07:45:01 aspire kernel: [    0.762567] pci 0000:00:1f.1: reg 18 io port: [0x00-0x07]
Nov  1 07:45:01 aspire kernel: [    0.762582] pci 0000:00:1f.1: reg 1c io port: [0x00-0x03]
Nov  1 07:45:01 aspire kernel: [    0.762597] pci 0000:00:1f.1: reg 20 io port: [0x1810-0x181f]
Nov  1 07:45:01 aspire kernel: [    0.762713] pci 0000:00:1f.3: reg 20 io port: [0x18a0-0x18bf]
Nov  1 07:45:01 aspire kernel: [    0.762852] pci 0000:00:1c.0: bridge io port: [0x00-0xfff]
Nov  1 07:45:01 aspire kernel: [    0.762862] pci 0000:00:1c.0: bridge 32bit mmio: [0x000000-0x0fffff]
Nov  1 07:45:01 aspire kernel: [    0.763238] pci 0000:05:00.0: reg 10 32bit mmio: [0xd0100000-0xd0100fff]
Nov  1 07:45:01 aspire kernel: [    0.763515] pci 0000:05:00.0: PME# supported from D0 D3hot D3cold
Nov  1 07:45:01 aspire kernel: [    0.763533] pci 0000:05:00.0: PME# disabled
Nov  1 07:45:01 aspire kernel: [    0.763685] pci 0000:00:1c.3: bridge 32bit mmio: [0xd0100000-0xd01fffff]
Nov  1 07:45:01 aspire kernel: [    0.763762] pci 0000:06:01.0: reg 10 32bit mmio: [0xd0000000-0xd0001fff]
Nov  1 07:45:01 aspire kernel: [    0.763847] pci 0000:06:01.0: supports D1 D2
Nov  1 07:45:01 aspire kernel: [    0.763853] pci 0000:06:01.0: PME# supported from D0 D1 D2 D3hot D3cold
Nov  1 07:45:01 aspire kernel: [    0.763864] pci 0000:06:01.0: PME# disabled
Nov  1 07:45:01 aspire kernel: [    0.763939] pci 0000:06:04.0: reg 10 32bit mmio: [0xd0002000-0xd0002fff]
Nov  1 07:45:01 aspire kernel: [    0.763980] pci 0000:06:04.0: supports D1 D2
Nov  1 07:45:01 aspire kernel: [    0.763987] pci 0000:06:04.0: PME# supported from D0 D1 D2 D3hot D3cold
Nov  1 07:45:01 aspire kernel: [    0.764009] pci 0000:06:04.0: PME# disabled
Nov  1 07:45:01 aspire kernel: [    0.764082] pci 0000:06:04.1: reg 10 32bit mmio: [0xd0003000-0xd000307f]
Nov  1 07:45:01 aspire kernel: [    0.764180] pci 0000:06:04.1: supports D1 D2
Nov  1 07:45:01 aspire kernel: [    0.764186] pci 0000:06:04.1: PME# supported from D0 D1 D2 D3hot
Nov  1 07:45:01 aspire kernel: [    0.764197] pci 0000:06:04.1: PME# disabled
Nov  1 07:45:01 aspire kernel: [    0.764268] pci 0000:06:04.2: reg 10 32bit mmio: [0xd0003400-0xd00034ff]
Nov  1 07:45:01 aspire kernel: [    0.764366] pci 0000:06:04.2: supports D1 D2
Nov  1 07:45:01 aspire kernel: [    0.764372] pci 0000:06:04.2: PME# supported from D0 D1 D2 D3hot
Nov  1 07:45:01 aspire kernel: [    0.764383] pci 0000:06:04.2: PME# disabled
Nov  1 07:45:01 aspire kernel: [    0.764454] pci 0000:06:04.3: reg 10 32bit mmio: [0xd0003800-0xd000387f]
Nov  1 07:45:01 aspire kernel: [    0.764552] pci 0000:06:04.3: supports D1 D2
Nov  1 07:45:01 aspire kernel: [    0.764558] pci 0000:06:04.3: PME# supported from D0 D1 D2 D3hot
Nov  1 07:45:01 aspire kernel: [    0.764569] pci 0000:06:04.3: PME# disabled
Nov  1 07:45:01 aspire kernel: [    0.764640] pci 0000:06:04.4: reg 10 32bit mmio: [0x000000-0x0000ff]
Nov  1 07:45:01 aspire kernel: [    0.764738] pci 0000:06:04.4: supports D1 D2
Nov  1 07:45:01 aspire kernel: [    0.764744] pci 0000:06:04.4: PME# supported from D0 D1 D2 D3hot
Nov  1 07:45:01 aspire kernel: [    0.764754] pci 0000:06:04.4: PME# disabled
Nov  1 07:45:01 aspire kernel: [    0.764843] pci 0000:00:1e.0: transparent bridge
Nov  1 07:45:01 aspire kernel: [    0.764858] pci 0000:00:1e.0: bridge 32bit mmio: [0xd0000000-0xd00fffff]
Nov  1 07:45:01 aspire kernel: [    0.764948] pci_bus 0000:00: on NUMA node 0
Nov  1 07:45:01 aspire kernel: [    0.764959] ACPI: PCI Interrupt Routing Table [\_SB_.PCI0._PRT]
Nov  1 07:45:01 aspire kernel: [    0.765462] ACPI: PCI Interrupt Routing Table [\_SB_.PCI0.RP01._PRT]
Nov  1 07:45:01 aspire kernel: [    0.765647] ACPI: PCI Interrupt Routing Table [\_SB_.PCI0.RP02._PRT]
Nov  1 07:45:01 aspire kernel: [    0.765826] ACPI: PCI Interrupt Routing Table [\_SB_.PCI0.RP03._PRT]
Nov  1 07:45:01 aspire kernel: [    0.766005] ACPI: PCI Interrupt Routing Table [\_SB_.PCI0.RP04._PRT]
Nov  1 07:45:01 aspire kernel: [    0.766247] ACPI: PCI Interrupt Routing Table [\_SB_.PCI0.PCIB._PRT]
Nov  1 07:45:01 aspire kernel: [    0.774584] ACPI: PCI Interrupt Link [LNKA] (IRQs 1 5 *6 10 12 14 15)
Nov  1 07:45:01 aspire kernel: [    0.774823] ACPI: PCI Interrupt Link [LNKB] (IRQs 1 5 6 *11 12 14 15)
Nov  1 07:45:01 aspire kernel: [    0.775057] ACPI: PCI Interrupt Link [LNKC] (IRQs 1 5 6 10 12 14 15) *11
Nov  1 07:45:01 aspire kernel: [    0.775293] ACPI: PCI Interrupt Link [LNKD] (IRQs 1 5 6 11 12 14 15) *10
Nov  1 07:45:01 aspire kernel: [    0.775529] ACPI: PCI Interrupt Link [LNKE] (IRQs 1 5 6 10 12 14 15) *0, disabled.
Nov  1 07:45:01 aspire kernel: [    0.775775] ACPI: PCI Interrupt Link [LNKF] (IRQs 1 5 6 11 12 14 15) *10
Nov  1 07:45:01 aspire kernel: [    0.776024] ACPI: PCI Interrupt Link [LNKG] (IRQs 1 5 6 *10 12 14 15)
Nov  1 07:45:01 aspire kernel: [    0.776262] ACPI: PCI Interrupt Link [LNKH] (IRQs 1 *5 6 11 12 14 15)
Nov  1 07:45:01 aspire kernel: [    0.776697] SCSI subsystem initialized
Nov  1 07:45:01 aspire kernel: [    0.776746] libata version 3.00 loaded.
Nov  1 07:45:01 aspire kernel: [    0.776746] usbcore: registered new interface driver usbfs
Nov  1 07:45:01 aspire kernel: [    0.776746] usbcore: registered new interface driver hub
Nov  1 07:45:01 aspire kernel: [    0.776746] usbcore: registered new device driver usb
Nov  1 07:45:01 aspire kernel: [    0.776746] ACPI: WMI: Mapper loaded
Nov  1 07:45:01 aspire kernel: [    0.776746] PCI: Using ACPI for IRQ routing
Nov  1 07:45:01 aspire kernel: [    0.776746] pci 0000:00:1c.0: BAR 13: can't allocate resource
Nov  1 07:45:01 aspire kernel: [    0.776746] pci 0000:00:1c.0: BAR 14: can't allocate resource
Nov  1 07:45:01 aspire kernel: [    0.788020] Bluetooth: Core ver 2.15
Nov  1 07:45:01 aspire kernel: [    0.788057] NET: Registered protocol family 31
Nov  1 07:45:01 aspire kernel: [    0.788057] Bluetooth: HCI device and connection manager initialized
Nov  1 07:45:01 aspire kernel: [    0.788057] Bluetooth: HCI socket layer initialized
Nov  1 07:45:01 aspire kernel: [    0.788057] NetLabel: Initializing
Nov  1 07:45:01 aspire kernel: [    0.788057] NetLabel:  domain hash size = 128
Nov  1 07:45:01 aspire kernel: [    0.788057] NetLabel:  protocols = UNLABELED CIPSOv4
Nov  1 07:45:01 aspire kernel: [    0.788093] NetLabel:  unlabeled traffic allowed by default
Nov  1 07:45:01 aspire kernel: [    0.788165] hpet0: at MMIO 0xfed00000, IRQs 2, 8, 0
Nov  1 07:45:01 aspire kernel: [    0.788179] hpet0: 3 comparators, 64-bit 14.318180 MHz counter
Nov  1 07:45:01 aspire kernel: [    0.796029] Switched to high resolution mode on CPU 0
Nov  1 07:45:01 aspire kernel: [    0.797051] Switched to high resolution mode on CPU 1
Nov  1 07:45:01 aspire kernel: [    0.808025] pnp: PnP ACPI init
Nov  1 07:45:01 aspire kernel: [    0.808050] ACPI: bus type pnp registered
Nov  1 07:45:01 aspire kernel: [    0.885702] pnp: PnP ACPI: found 10 devices
Nov  1 07:45:01 aspire kernel: [    0.885709] ACPI: ACPI bus type pnp unregistered
Nov  1 07:45:01 aspire kernel: [    0.885716] PnPBIOS: Disabled by ACPI PNP
Nov  1 07:45:01 aspire kernel: [    0.885741] system 00:01: iomem range 0xe0000000-0xefffffff has been reserved
Nov  1 07:45:01 aspire kernel: [    0.885749] system 00:01: iomem range 0xfed14000-0xfed17fff has been reserved
Nov  1 07:45:01 aspire kernel: [    0.885758] system 00:01: iomem range 0xfed18000-0xfed18fff has been reserved
Nov  1 07:45:01 aspire kernel: [    0.885767] system 00:01: iomem range 0xfed19000-0xfed19fff has been reserved
Nov  1 07:45:01 aspire kernel: [    0.885775] system 00:01: iomem range 0xfed1c000-0xfed1ffff has been reserved
Nov  1 07:45:01 aspire kernel: [    0.885784] system 00:01: iomem range 0xfed20000-0xfed3ffff has been reserved
Nov  1 07:45:01 aspire kernel: [    0.885802] system 00:04: iomem range 0xfed00000-0xfed003ff has been reserved
Nov  1 07:45:01 aspire kernel: [    0.885819] system 00:06: ioport range 0x800-0x80f has been reserved
Nov  1 07:45:01 aspire kernel: [    0.885828] system 00:06: ioport range 0x1000-0x107f has been reserved
Nov  1 07:45:01 aspire kernel: [    0.885836] system 00:06: ioport range 0x1180-0x11bf has been reserved
Nov  1 07:45:01 aspire kernel: [    0.885844] system 00:06: ioport range 0x1640-0x164f has been reserved
Nov  1 07:45:01 aspire kernel: [    0.885853] system 00:06: ioport range 0xfe00-0xfefe has been reserved
Nov  1 07:45:01 aspire kernel: [    0.885861] system 00:06: ioport range 0xff2c-0xff2f has been reserved
Nov  1 07:45:01 aspire kernel: [    0.920757] AppArmor: AppArmor Filesystem Enabled
Nov  1 07:45:01 aspire kernel: [    0.920892] pci 0000:00:1c.0: PCI bridge, secondary bus 0000:02
Nov  1 07:45:01 aspire kernel: [    0.920898] pci 0000:00:1c.0:   IO window: disabled
Nov  1 07:45:01 aspire kernel: [    0.920910] pci 0000:00:1c.0:   MEM window: disabled
Nov  1 07:45:01 aspire kernel: [    0.920919] pci 0000:00:1c.0:   PREFETCH window: disabled
Nov  1 07:45:01 aspire kernel: [    0.920929] pci 0000:00:1c.1: PCI bridge, secondary bus 0000:03
Nov  1 07:45:01 aspire kernel: [    0.920935] pci 0000:00:1c.1:   IO window: disabled
Nov  1 07:45:01 aspire kernel: [    0.920946] pci 0000:00:1c.1:   MEM window: disabled
Nov  1 07:45:01 aspire kernel: [    0.920955] pci 0000:00:1c.1:   PREFETCH window: disabled
Nov  1 07:45:01 aspire kernel: [    0.920965] pci 0000:00:1c.2: PCI bridge, secondary bus 0000:04
Nov  1 07:45:01 aspire kernel: [    0.920971] pci 0000:00:1c.2:   IO window: disabled
Nov  1 07:45:01 aspire kernel: [    0.920981] pci 0000:00:1c.2:   MEM window: disabled
Nov  1 07:45:01 aspire kernel: [    0.920991] pci 0000:00:1c.2:   PREFETCH window: disabled
Nov  1 07:45:01 aspire kernel: [    0.921001] pci 0000:00:1c.3: PCI bridge, secondary bus 0000:05
Nov  1 07:45:01 aspire kernel: [    0.921007] pci 0000:00:1c.3:   IO window: disabled
Nov  1 07:45:01 aspire kernel: [    0.921019] pci 0000:00:1c.3:   MEM window: 0xd0100000-0xd01fffff
Nov  1 07:45:01 aspire kernel: [    0.921029] pci 0000:00:1c.3:   PREFETCH window: disabled
Nov  1 07:45:01 aspire kernel: [    0.921052] pci 0000:06:04.0: CardBus bridge, secondary bus 0000:07
Nov  1 07:45:01 aspire kernel: [    0.921059] pci 0000:06:04.0:   IO window: 0x002000-0x0020ff
Nov  1 07:45:01 aspire kernel: [    0.921071] pci 0000:06:04.0:   IO window: 0x002400-0x0024ff
Nov  1 07:45:01 aspire kernel: [    0.921082] pci 0000:06:04.0:   PREFETCH window: 0x80000000-0x83ffffff
Nov  1 07:45:01 aspire kernel: [    0.921094] pci 0000:06:04.0:   MEM window: 0x84000000-0x87ffffff
Nov  1 07:45:01 aspire kernel: [    0.921106] pci 0000:00:1e.0: PCI bridge, secondary bus 0000:06
Nov  1 07:45:01 aspire kernel: [    0.921114] pci 0000:00:1e.0:   IO window: 0x2000-0x2fff
Nov  1 07:45:01 aspire kernel: [    0.921127] pci 0000:00:1e.0:   MEM window: 0xd0000000-0xd00fffff
Nov  1 07:45:01 aspire kernel: [    0.921138] pci 0000:00:1e.0:   PREFETCH window: 0x80000000-0x83ffffff
Nov  1 07:45:01 aspire kernel: [    0.921163]   alloc irq_desc for 17 on node -1
Nov  1 07:45:01 aspire kernel: [    0.921168]   alloc kstat_irqs on node -1
Nov  1 07:45:01 aspire kernel: [    0.921181] pci 0000:00:1c.0: PCI INT A -> GSI 17 (level, low) -> IRQ 17
Nov  1 07:45:01 aspire kernel: [    0.921194] pci 0000:00:1c.0: setting latency timer to 64
Nov  1 07:45:01 aspire kernel: [    0.921210]   alloc irq_desc for 16 on node -1
Nov  1 07:45:01 aspire kernel: [    0.921215]   alloc kstat_irqs on node -1
Nov  1 07:45:01 aspire kernel: [    0.921224] pci 0000:00:1c.1: PCI INT B -> GSI 16 (level, low) -> IRQ 16
Nov  1 07:45:01 aspire kernel: [    0.921235] pci 0000:00:1c.1: setting latency timer to 64
Nov  1 07:45:01 aspire kernel: [    0.921250]   alloc irq_desc for 18 on node -1
Nov  1 07:45:01 aspire kernel: [    0.921255]   alloc kstat_irqs on node -1
Nov  1 07:45:01 aspire kernel: [    0.921265] pci 0000:00:1c.2: PCI INT C -> GSI 18 (level, low) -> IRQ 18
Nov  1 07:45:01 aspire kernel: [    0.921275] pci 0000:00:1c.2: setting latency timer to 64
Nov  1 07:45:01 aspire kernel: [    0.921290]   alloc irq_desc for 19 on node -1
Nov  1 07:45:01 aspire kernel: [    0.921295]   alloc kstat_irqs on node -1
Nov  1 07:45:01 aspire kernel: [    0.921304] pci 0000:00:1c.3: PCI INT D -> GSI 19 (level, low) -> IRQ 19
Nov  1 07:45:01 aspire kernel: [    0.921315] pci 0000:00:1c.3: setting latency timer to 64
Nov  1 07:45:01 aspire kernel: [    0.921327] pci 0000:00:1e.0: enabling device (0004 -> 0007)
Nov  1 07:45:01 aspire kernel: [    0.921339] pci 0000:00:1e.0: setting latency timer to 64
Nov  1 07:45:01 aspire kernel: [    0.921358] pci 0000:06:04.0: PCI INT A -> GSI 16 (level, low) -> IRQ 16
Nov  1 07:45:01 aspire kernel: [    0.921372] pci_bus 0000:00: resource 0 io:  [0x00-0xffff]
Nov  1 07:45:01 aspire kernel: [    0.921380] pci_bus 0000:00: resource 1 mem: [0x000000-0xffffffff]
Nov  1 07:45:01 aspire kernel: [    0.921387] pci_bus 0000:02: resource 0 mem: [0x0-0xfff]
Nov  1 07:45:01 aspire kernel: [    0.921394] pci_bus 0000:02: resource 1 mem: [0x0-0xfffff]
Nov  1 07:45:01 aspire kernel: [    0.921403] pci_bus 0000:05: resource 1 mem: [0xd0100000-0xd01fffff]
Nov  1 07:45:01 aspire kernel: [    0.921410] pci_bus 0000:06: resource 0 io:  [0x2000-0x2fff]
Nov  1 07:45:01 aspire kernel: [    0.921418] pci_bus 0000:06: resource 1 mem: [0xd0000000-0xd00fffff]
Nov  1 07:45:01 aspire kernel: [    0.921425] pci_bus 0000:06: resource 2 pref mem [0x80000000-0x83ffffff]
Nov  1 07:45:01 aspire kernel: [    0.921433] pci_bus 0000:06: resource 3 io:  [0x00-0xffff]
Nov  1 07:45:01 aspire kernel: [    0.921440] pci_bus 0000:06: resource 4 mem: [0x000000-0xffffffff]
Nov  1 07:45:01 aspire kernel: [    0.921448] pci_bus 0000:07: resource 0 io:  [0x2000-0x20ff]
Nov  1 07:45:01 aspire kernel: [    0.921455] pci_bus 0000:07: resource 1 io:  [0x2400-0x24ff]
Nov  1 07:45:01 aspire kernel: [    0.921462] pci_bus 0000:07: resource 2 pref mem [0x80000000-0x83ffffff]
Nov  1 07:45:01 aspire kernel: [    0.921470] pci_bus 0000:07: resource 3 mem: [0x84000000-0x87ffffff]
Nov  1 07:45:01 aspire kernel: [    0.921548] NET: Registered protocol family 2
Nov  1 07:45:01 aspire kernel: [    0.921776] IP route cache hash table entries: 32768 (order: 5, 131072 bytes)
Nov  1 07:45:01 aspire kernel: [    0.922488] TCP established hash table entries: 131072 (order: 8, 1048576 bytes)
Nov  1 07:45:01 aspire kernel: [    0.924088] TCP bind hash table entries: 65536 (order: 7, 524288 bytes)
Nov  1 07:45:01 aspire kernel: [    0.924865] TCP: Hash tables configured (established 131072 bind 65536)
Nov  1 07:45:01 aspire kernel: [    0.924872] TCP reno registered
Nov  1 07:45:01 aspire kernel: [    0.925055] NET: Registered protocol family 1
Nov  1 07:45:01 aspire kernel: [    0.925196] Trying to unpack rootfs image as initramfs...
Nov  1 07:45:01 aspire kernel: [    1.427720] Freeing initrd memory: 7466k freed
Nov  1 07:45:01 aspire kernel: [    1.434110] Simple Boot Flag at 0x36 set to 0x1
Nov  1 07:45:01 aspire kernel: [    1.434542] cpufreq-nforce2: No nForce2 chipset.
Nov  1 07:45:01 aspire kernel: [    1.434608] Scanning for low memory corruption every 60 seconds
Nov  1 07:45:01 aspire kernel: [    1.434842] audit: initializing netlink socket (disabled)
Nov  1 07:45:01 aspire kernel: [    1.434871] type=2000 audit(1257061490.432:1): initialized
Nov  1 07:45:01 aspire kernel: [    1.456770] highmem bounce pool size: 64 pages
Nov  1 07:45:01 aspire kernel: [    1.456783] HugeTLB registered 4 MB page size, pre-allocated 0 pages
Nov  1 07:45:01 aspire kernel: [    1.460829] VFS: Disk quotas dquot_6.5.2
Nov  1 07:45:01 aspire kernel: [    1.460984] Dquot-cache hash table entries: 1024 (order 0, 4096 bytes)
Nov  1 07:45:01 aspire kernel: [    1.462449] fuse init (API version 7.12)
Nov  1 07:45:01 aspire kernel: [    1.462665] msgmni has been set to 1706
Nov  1 07:45:01 aspire kernel: [    1.463186] alg: No test for stdrng (krng)
Nov  1 07:45:01 aspire kernel: [    1.463214] io scheduler noop registered
Nov  1 07:45:01 aspire kernel: [    1.463220] io scheduler anticipatory registered
Nov  1 07:45:01 aspire kernel: [    1.463226] io scheduler deadline registered
Nov  1 07:45:01 aspire kernel: [    1.463335] io scheduler cfq registered (default)
Nov  1 07:45:01 aspire kernel: [    1.463360] pci 0000:00:02.0: Boot video device
Nov  1 07:45:01 aspire kernel: [    1.463802]   alloc irq_desc for 24 on node -1
Nov  1 07:45:01 aspire kernel: [    1.463808]   alloc kstat_irqs on node -1
Nov  1 07:45:01 aspire kernel: [    1.463829] pcieport-driver 0000:00:1c.0: irq 24 for MSI/MSI-X
Nov  1 07:45:01 aspire kernel: [    1.463849] pcieport-driver 0000:00:1c.0: setting latency timer to 64
Nov  1 07:45:01 aspire kernel: [    1.464139]   alloc irq_desc for 25 on node -1
Nov  1 07:45:01 aspire kernel: [    1.464145]   alloc kstat_irqs on node -1
Nov  1 07:45:01 aspire kernel: [    1.464162] pcieport-driver 0000:00:1c.1: irq 25 for MSI/MSI-X
Nov  1 07:45:01 aspire kernel: [    1.464180] pcieport-driver 0000:00:1c.1: setting latency timer to 64
Nov  1 07:45:01 aspire kernel: [    1.464453]   alloc irq_desc for 26 on node -1
Nov  1 07:45:01 aspire kernel: [    1.464459]   alloc kstat_irqs on node -1
Nov  1 07:45:01 aspire kernel: [    1.464475] pcieport-driver 0000:00:1c.2: irq 26 for MSI/MSI-X
Nov  1 07:45:01 aspire kernel: [    1.464493] pcieport-driver 0000:00:1c.2: setting latency timer to 64
Nov  1 07:45:01 aspire kernel: [    1.464750]   alloc irq_desc for 27 on node -1
Nov  1 07:45:01 aspire kernel: [    1.464756]   alloc kstat_irqs on node -1
Nov  1 07:45:01 aspire kernel: [    1.464772] pcieport-driver 0000:00:1c.3: irq 27 for MSI/MSI-X
Nov  1 07:45:01 aspire kernel: [    1.464790] pcieport-driver 0000:00:1c.3: setting latency timer to 64
Nov  1 07:45:01 aspire kernel: [    1.465000] pci_hotplug: PCI Hot Plug PCI Core version: 0.5
Nov  1 07:45:01 aspire kernel: [    1.465302] pciehp: PCI Express Hot Plug Controller Driver version: 0.4
Nov  1 07:45:01 aspire kernel: [    1.520144] ACPI: AC Adapter [ACAD] (on-line)
Nov  1 07:45:01 aspire kernel: [    1.520297] input: Power Button as /devices/LNXSYSTM:00/LNXPWRBN:00/input/input0
Nov  1 07:45:01 aspire kernel: [    1.520306] ACPI: Power Button [PWRF]
Nov  1 07:45:01 aspire kernel: [    1.520433] input: Lid Switch as /devices/LNXSYSTM:00/device:00/PNP0C0D:00/input/input1
Nov  1 07:45:01 aspire kernel: [    1.520520] ACPI: Lid Switch [LID]
Nov  1 07:45:01 aspire kernel: [    1.520636] input: Sleep Button as /devices/LNXSYSTM:00/device:00/PNP0C0E:00/input/input2
Nov  1 07:45:01 aspire kernel: [    1.520644] ACPI: Sleep Button [SLPB]
Nov  1 07:45:01 aspire kernel: [    1.520755] input: Power Button as /devices/LNXSYSTM:00/device:00/PNP0C0C:00/input/input3
Nov  1 07:45:01 aspire kernel: [    1.520763] ACPI: Power Button [PWRB]
Nov  1 07:45:01 aspire kernel: [    1.522289] ACPI: SSDT 7f686d8a 00238 (v01  PmRef  Cpu0Ist 00003000 INTL 20050228)
Nov  1 07:45:01 aspire kernel: [    1.523458] ACPI: SSDT 7f686843 004C2 (v01  PmRef  Cpu0Cst 00003001 INTL 20050228)
Nov  1 07:45:01 aspire kernel: [    1.529015] Marking TSC unstable due to TSC halts in idle
Nov  1 07:45:01 aspire kernel: [    1.529056] ACPI: CPU0 (power states: C1[C1] C2[C2] C3[C3])
Nov  1 07:45:01 aspire kernel: [    1.529119] processor LNXCPU:00: registered as cooling_device0
Nov  1 07:45:01 aspire kernel: [    1.529130] ACPI: Processor [CPU0] (supports 8 throttling states)
Nov  1 07:45:01 aspire kernel: [    1.529964] ACPI: SSDT 7f686fc2 000C8 (v01  PmRef  Cpu1Ist 00003000 INTL 20050228)
Nov  1 07:45:01 aspire kernel: [    1.530833] ACPI: SSDT 7f686d05 00085 (v01  PmRef  Cpu1Cst 00003000 INTL 20050228)
Nov  1 07:45:01 aspire kernel: [    1.532552] ACPI: CPU1 (power states: C1[C1] C2[C2] C3[C3])
Nov  1 07:45:01 aspire kernel: [    1.532614] processor LNXCPU:01: registered as cooling_device1
Nov  1 07:45:01 aspire kernel: [    1.532625] ACPI: Processor [CPU1] (supports 8 throttling states)
Nov  1 07:45:01 aspire kernel: [    1.720132] thermal LNXTHERM:01: registered as thermal_zone0
Nov  1 07:45:01 aspire kernel: [    1.720154] ACPI: Thermal Zone [TZ00] (34 C)
Nov  1 07:45:01 aspire kernel: [    1.832134] thermal LNXTHERM:02: registered as thermal_zone1
Nov  1 07:45:01 aspire kernel: [    1.832155] ACPI: Thermal Zone [TZ01] (34 C)
Nov  1 07:45:01 aspire kernel: [    1.832297] isapnp: Scanning for PnP cards...
Nov  1 07:45:01 aspire kernel: [    2.186966] isapnp: No Plug & Play device found
Nov  1 07:45:01 aspire kernel: [    3.100212] ACPI: Battery Slot [BAT1] (battery present)
Nov  1 07:45:01 aspire kernel: [    3.100487] Serial: 8250/16550 driver, 4 ports, IRQ sharing enabled
Nov  1 07:45:01 aspire kernel: [    3.103801] brd: module loaded
Nov  1 07:45:01 aspire kernel: [    3.104983] loop: module loaded
Nov  1 07:45:01 aspire kernel: [    3.105190] input: Macintosh mouse button emulation as /devices/virtual/input/input4
Nov  1 07:45:01 aspire kernel: [    3.105467] ata_piix 0000:00:1f.1: version 2.13
Nov  1 07:45:01 aspire kernel: [    3.105492] ata_piix 0000:00:1f.1: PCI INT B -> GSI 19 (level, low) -> IRQ 19
Nov  1 07:45:01 aspire kernel: [    3.105572] ata_piix 0000:00:1f.1: setting latency timer to 64
Nov  1 07:45:01 aspire kernel: [    3.105726] scsi0 : ata_piix
Nov  1 07:45:01 aspire kernel: [    3.105924] scsi1 : ata_piix
Nov  1 07:45:01 aspire kernel: [    3.107317] ata1: PATA max UDMA/100 cmd 0x1f0 ctl 0x3f6 bmdma 0x1810 irq 14
Nov  1 07:45:01 aspire kernel: [    3.107325] ata2: PATA max UDMA/100 cmd 0x170 ctl 0x376 bmdma 0x1818 irq 15
Nov  1 07:45:01 aspire kernel: [    3.107601] ata2: port disabled. ignoring.
Nov  1 07:45:01 aspire kernel: [    3.109683] Fixed MDIO Bus: probed
Nov  1 07:45:01 aspire kernel: [    3.109773] PPP generic driver version 2.4.2
Nov  1 07:45:01 aspire kernel: [    3.109985] ehci_hcd: USB 2.0 'Enhanced' Host Controller (EHCI) Driver
Nov  1 07:45:01 aspire kernel: [    3.110026]   alloc irq_desc for 23 on node -1
Nov  1 07:45:01 aspire kernel: [    3.110032]   alloc kstat_irqs on node -1
Nov  1 07:45:01 aspire kernel: [    3.110045] ehci_hcd 0000:00:1d.7: PCI INT A -> GSI 23 (level, low) -> IRQ 23
Nov  1 07:45:01 aspire kernel: [    3.110066] ehci_hcd 0000:00:1d.7: setting latency timer to 64
Nov  1 07:45:01 aspire kernel: [    3.110075] ehci_hcd 0000:00:1d.7: EHCI Host Controller
Nov  1 07:45:01 aspire kernel: [    3.110182] ehci_hcd 0000:00:1d.7: new USB bus registered, assigned bus number 1
Nov  1 07:45:01 aspire kernel: [    3.114131] ehci_hcd 0000:00:1d.7: debug port 1
Nov  1 07:45:01 aspire kernel: [    3.114144] ehci_hcd 0000:00:1d.7: cache line size of 32 is not supported
Nov  1 07:45:01 aspire kernel: [    3.114173] ehci_hcd 0000:00:1d.7: irq 23, io mem 0xd0544000
Nov  1 07:45:01 aspire kernel: [    3.128040] ehci_hcd 0000:00:1d.7: USB 2.0 started, EHCI 1.00
Nov  1 07:45:01 aspire kernel: [    3.128217] usb usb1: configuration #1 chosen from 1 choice
Nov  1 07:45:01 aspire kernel: [    3.128292] hub 1-0:1.0: USB hub found
Nov  1 07:45:01 aspire kernel: [    3.128310] hub 1-0:1.0: 8 ports detected
Nov  1 07:45:01 aspire kernel: [    3.128460] ohci_hcd: USB 1.1 'Open' Host Controller (OHCI) Driver
Nov  1 07:45:01 aspire kernel: [    3.128506] uhci_hcd: USB Universal Host Controller Interface driver
Nov  1 07:45:01 aspire kernel: [    3.128557] uhci_hcd 0000:00:1d.0: PCI INT A -> GSI 23 (level, low) -> IRQ 23
Nov  1 07:45:01 aspire kernel: [    3.128570] uhci_hcd 0000:00:1d.0: setting latency timer to 64
Nov  1 07:45:01 aspire kernel: [    3.128578] uhci_hcd 0000:00:1d.0: UHCI Host Controller
Nov  1 07:45:01 aspire kernel: [    3.128653] uhci_hcd 0000:00:1d.0: new USB bus registered, assigned bus number 2
Nov  1 07:45:01 aspire kernel: [    3.128694] uhci_hcd 0000:00:1d.0: irq 23, io base 0x00001820
Nov  1 07:45:01 aspire kernel: [    3.128878] usb usb2: configuration #1 chosen from 1 choice
Nov  1 07:45:01 aspire kernel: [    3.128947] hub 2-0:1.0: USB hub found
Nov  1 07:45:01 aspire kernel: [    3.128963] hub 2-0:1.0: 2 ports detected
Nov  1 07:45:01 aspire kernel: [    3.129091] uhci_hcd 0000:00:1d.1: PCI INT B -> GSI 19 (level, low) -> IRQ 19
Nov  1 07:45:01 aspire kernel: [    3.129105] uhci_hcd 0000:00:1d.1: setting latency timer to 64
Nov  1 07:45:01 aspire kernel: [    3.129113] uhci_hcd 0000:00:1d.1: UHCI Host Controller
Nov  1 07:45:01 aspire kernel: [    3.129199] uhci_hcd 0000:00:1d.1: new USB bus registered, assigned bus number 3
Nov  1 07:45:01 aspire kernel: [    3.129258] uhci_hcd 0000:00:1d.1: irq 19, io base 0x00001840
Nov  1 07:45:01 aspire kernel: [    3.129442] usb usb3: configuration #1 chosen from 1 choice
Nov  1 07:45:01 aspire kernel: [    3.129511] hub 3-0:1.0: USB hub found
Nov  1 07:45:01 aspire kernel: [    3.129526] hub 3-0:1.0: 2 ports detected
Nov  1 07:45:01 aspire kernel: [    3.129640] uhci_hcd 0000:00:1d.2: PCI INT C -> GSI 18 (level, low) -> IRQ 18
Nov  1 07:45:01 aspire kernel: [    3.129654] uhci_hcd 0000:00:1d.2: setting latency timer to 64
Nov  1 07:45:01 aspire kernel: [    3.129662] uhci_hcd 0000:00:1d.2: UHCI Host Controller
Nov  1 07:45:01 aspire kernel: [    3.129738] uhci_hcd 0000:00:1d.2: new USB bus registered, assigned bus number 4
Nov  1 07:45:01 aspire kernel: [    3.129792] uhci_hcd 0000:00:1d.2: irq 18, io base 0x00001860
Nov  1 07:45:01 aspire kernel: [    3.129975] usb usb4: configuration #1 chosen from 1 choice
Nov  1 07:45:01 aspire kernel: [    3.130049] hub 4-0:1.0: USB hub found
Nov  1 07:45:01 aspire kernel: [    3.130064] hub 4-0:1.0: 2 ports detected
Nov  1 07:45:01 aspire kernel: [    3.130168] uhci_hcd 0000:00:1d.3: PCI INT D -> GSI 16 (level, low) -> IRQ 16
Nov  1 07:45:01 aspire kernel: [    3.130182] uhci_hcd 0000:00:1d.3: setting latency timer to 64
Nov  1 07:45:01 aspire kernel: [    3.130190] uhci_hcd 0000:00:1d.3: UHCI Host Controller
Nov  1 07:45:01 aspire kernel: [    3.130264] uhci_hcd 0000:00:1d.3: new USB bus registered, assigned bus number 5
Nov  1 07:45:01 aspire kernel: [    3.130317] uhci_hcd 0000:00:1d.3: irq 16, io base 0x00001880
Nov  1 07:45:01 aspire kernel: [    3.130501] usb usb5: configuration #1 chosen from 1 choice
Nov  1 07:45:01 aspire kernel: [    3.130575] hub 5-0:1.0: USB hub found
Nov  1 07:45:01 aspire kernel: [    3.130590] hub 5-0:1.0: 2 ports detected
Nov  1 07:45:01 aspire kernel: [    3.130819] PNP: PS/2 Controller [PNP0303:PS2K,PNP0f13:MSS0] at 0x60,0x64 irq 1,12
Nov  1 07:45:01 aspire kernel: [    3.131250] i8042.c: Detected active multiplexing controller, rev 1.1.
Nov  1 07:45:01 aspire kernel: [    3.131360] serio: i8042 KBD port at 0x60,0x64 irq 1
Nov  1 07:45:01 aspire kernel: [    3.131373] serio: i8042 AUX0 port at 0x60,0x64 irq 12
Nov  1 07:45:01 aspire kernel: [    3.131382] serio: i8042 AUX1 port at 0x60,0x64 irq 12
Nov  1 07:45:01 aspire kernel: [    3.131390] serio: i8042 AUX2 port at 0x60,0x64 irq 12
Nov  1 07:45:01 aspire kernel: [    3.131398] serio: i8042 AUX3 port at 0x60,0x64 irq 12
Nov  1 07:45:01 aspire kernel: [    3.131550] mice: PS/2 mouse device common for all mice
Nov  1 07:45:01 aspire kernel: [    3.131891] rtc_cmos 00:07: RTC can wake from S4
Nov  1 07:45:01 aspire kernel: [    3.131971] rtc_cmos 00:07: rtc core: registered rtc_cmos as rtc0
Nov  1 07:45:01 aspire kernel: [    3.132038] rtc0: alarms up to one month, y3k, 242 bytes nvram, hpet irqs
Nov  1 07:45:01 aspire kernel: [    3.132312] device-mapper: uevent: version 1.0.3
Nov  1 07:45:01 aspire kernel: [    3.132543] device-mapper: ioctl: 4.15.0-ioctl (2009-04-01) initialised: dm-devel@redhat.com
Nov  1 07:45:01 aspire kernel: [    3.132694] device-mapper: multipath: version 1.1.0 loaded
Nov  1 07:45:01 aspire kernel: [    3.132701] device-mapper: multipath round-robin: version 1.0.0 loaded
Nov  1 07:45:01 aspire kernel: [    3.132994] EISA: Probing bus 0 at eisa.0
Nov  1 07:45:01 aspire kernel: [    3.133007] Cannot allocate resource for EISA slot 1
Nov  1 07:45:01 aspire kernel: [    3.133014] Cannot allocate resource for EISA slot 2
Nov  1 07:45:01 aspire kernel: [    3.133056] EISA: Detected 0 cards.
Nov  1 07:45:01 aspire kernel: [    3.133475] cpuidle: using governor ladder
Nov  1 07:45:01 aspire kernel: [    3.133796] cpuidle: using governor menu
Nov  1 07:45:01 aspire kernel: [    3.134490] input: AT Translated Set 2 keyboard as /devices/platform/i8042/serio0/input/input5
Nov  1 07:45:01 aspire kernel: [    3.135124] TCP cubic registered
Nov  1 07:45:01 aspire kernel: [    3.135538] NET: Registered protocol family 10
Nov  1 07:45:01 aspire kernel: [    3.136679] lo: Disabled Privacy Extensions
Nov  1 07:45:01 aspire kernel: [    3.137541] NET: Registered protocol family 17
Nov  1 07:45:01 aspire kernel: [    3.137587] Bluetooth: L2CAP ver 2.13
Nov  1 07:45:01 aspire kernel: [    3.137592] Bluetooth: L2CAP socket layer initialized
Nov  1 07:45:01 aspire kernel: [    3.137599] Bluetooth: SCO (Voice Link) ver 0.6
Nov  1 07:45:01 aspire kernel: [    3.137604] Bluetooth: SCO socket layer initialized
Nov  1 07:45:01 aspire kernel: [    3.137689] Bluetooth: RFCOMM TTY layer initialized
Nov  1 07:45:01 aspire kernel: [    3.137697] Bluetooth: RFCOMM socket layer initialized
Nov  1 07:45:01 aspire kernel: [    3.137702] Bluetooth: RFCOMM ver 1.11
Nov  1 07:45:01 aspire kernel: [    3.138515] Using IPI No-Shortcut mode
Nov  1 07:45:01 aspire kernel: [    3.138647] PM: Resume from disk failed.
Nov  1 07:45:01 aspire kernel: [    3.138664] registered taskstats version 1
Nov  1 07:45:01 aspire kernel: [    3.138804]   Magic number: 1:529:722
Nov  1 07:45:01 aspire kernel: [    3.138814] block loop2: hash matches
Nov  1 07:45:01 aspire kernel: [    3.138914] rtc_cmos 00:07: setting system clock to 2009-11-01 07:44:52 UTC (1257061492)
Nov  1 07:45:01 aspire kernel: [    3.138919] BIOS EDD facility v0.16 2004-Jun-25, 0 devices found
Nov  1 07:45:01 aspire kernel: [    3.138921] EDD information not available.
Nov  1 07:45:01 aspire kernel: [    3.276743] ata1.00: ATA-6: ST9160821A, 3.ALD, max UDMA/100
Nov  1 07:45:01 aspire kernel: [    3.276748] ata1.00: 312581808 sectors, multi 16: LBA48 
Nov  1 07:45:01 aspire kernel: [    3.276794] ata1.01: ATAPI: HL-DT-ST DVDRAM GSA-T10N, PP02, max UDMA/33
Nov  1 07:45:01 aspire kernel: [    3.292669] ata1.00: configured for UDMA/100
Nov  1 07:45:01 aspire kernel: [    3.308452] ata1.01: configured for UDMA/33
Nov  1 07:45:01 aspire kernel: [    3.310982] scsi 0:0:0:0: Direct-Access     ATA      ST9160821A       3.AL PQ: 0 ANSI: 5
Nov  1 07:45:01 aspire kernel: [    3.311206] sd 0:0:0:0: Attached scsi generic sg0 type 0
Nov  1 07:45:01 aspire kernel: [    3.312894] sd 0:0:0:0: [sda] 312581808 512-byte logical blocks: (160 GB/149 GiB)
Nov  1 07:45:01 aspire kernel: [    3.314708] scsi 0:0:1:0: CD-ROM            HL-DT-ST DVDRAM GSA-T10N  PP02 PQ: 0 ANSI: 5
Nov  1 07:45:01 aspire kernel: [    3.314767] sd 0:0:0:0: [sda] Write Protect is off
Nov  1 07:45:01 aspire kernel: [    3.314775] sd 0:0:0:0: [sda] Mode Sense: 00 3a 00 00
Nov  1 07:45:01 aspire kernel: [    3.314840] sd 0:0:0:0: [sda] Write cache: enabled, read cache: enabled, doesn't support DPO or FUA
Nov  1 07:45:01 aspire kernel: [    3.326669] sr0: scsi3-mmc drive: 24x/24x writer dvd-ram cd/rw xa/form2 cdda tray
Nov  1 07:45:01 aspire kernel: [    3.326677] Uniform CD-ROM driver Revision: 3.20
Nov  1 07:45:01 aspire kernel: [    3.326796]  sda:
Nov  1 07:45:01 aspire kernel: [    3.326870] sr 0:0:1:0: Attached scsi CD-ROM sr0
Nov  1 07:45:01 aspire kernel: [    3.326971] sr 0:0:1:0: Attached scsi generic sg1 type 5
Nov  1 07:45:01 aspire kernel: [    3.341838]  sda1 sda2 < sda5 sda6 sda7 sda8 sda9 >
Nov  1 07:45:01 aspire kernel: [    3.401527] sd 0:0:0:0: [sda] Attached SCSI disk
Nov  1 07:45:01 aspire kernel: [    3.500093] Clocksource tsc unstable (delta = -186892146 ns)
Nov  1 07:45:01 aspire kernel: [    3.624173] usb 4-1: new low speed USB device using uhci_hcd and address 2
Nov  1 07:45:01 aspire kernel: [    3.668493] Freeing unused kernel memory: 540k freed
Nov  1 07:45:01 aspire kernel: [    3.668931] Write protecting the kernel text: 4568k
Nov  1 07:45:01 aspire kernel: [    3.669000] Write protecting the kernel read-only data: 1836k
Nov  1 07:45:01 aspire kernel: [    3.805429] input: Video Bus as /devices/LNXSYSTM:00/device:00/PNP0A08:00/device:06/input/input6
Nov  1 07:45:01 aspire kernel: [    3.805486] ACPI: Video Device [GFX0] (multi-head: yes  rom: no  post: no)
Nov  1 07:45:01 aspire kernel: [    3.812742] usb 4-1: configuration #1 chosen from 1 choice
Nov  1 07:45:01 aspire kernel: [    3.817694] Linux agpgart interface v0.103
Nov  1 07:45:01 aspire kernel: [    3.822035] agpgart-intel 0000:00:00.0: Intel 945GM Chipset
Nov  1 07:45:01 aspire kernel: [    3.822821] agpgart-intel 0000:00:00.0: detected 7932K stolen memory
Nov  1 07:45:01 aspire kernel: [    3.852559] agpgart-intel 0000:00:00.0: AGP aperture is 256M @ 0xc0000000
Nov  1 07:45:01 aspire kernel: [    3.938953] [drm] Initialized drm 1.1.0 20060810
Nov  1 07:45:01 aspire kernel: [    3.956593] i915 0000:00:02.0: PCI INT A -> GSI 16 (level, low) -> IRQ 16
Nov  1 07:45:01 aspire kernel: [    3.956603] i915 0000:00:02.0: setting latency timer to 64
Nov  1 07:45:01 aspire kernel: [    3.961876]   alloc irq_desc for 21 on node -1
Nov  1 07:45:01 aspire kernel: [    3.961881]   alloc kstat_irqs on node -1
Nov  1 07:45:01 aspire kernel: [    3.961890] b44 0000:06:01.0: PCI INT A -> GSI 21 (level, low) -> IRQ 21
Nov  1 07:45:01 aspire kernel: [    3.961901] b44 0000:06:01.0: setting latency timer to 64
Nov  1 07:45:01 aspire kernel: [    4.021076] ssb: Sonics Silicon Backplane found on PCI device 0000:06:01.0
Nov  1 07:45:01 aspire kernel: [    4.021103] b44.c:v2.0
Nov  1 07:45:01 aspire kernel: [    4.041922] eth0: Broadcom 44xx/47xx 10/100BaseT Ethernet 00:16:d4:4e:fe:31
Nov  1 07:45:01 aspire kernel: [    4.067130] usbcore: registered new interface driver hiddev
Nov  1 07:45:01 aspire kernel: [    4.081410] input: Logitech USB-PS/2 Optical Mouse as /devices/pci0000:00/0000:00:1d.2/usb4/4-1/4-1:1.0/input/input7
Nov  1 07:45:01 aspire kernel: [    4.081516] generic-usb 0003:046D:C045.0001: input,hidraw0: USB HID v1.10 Mouse [Logitech USB-PS/2 Optical Mouse] on usb-0000:00:1d.2-1/input0
Nov  1 07:45:01 aspire kernel: [    4.081536] usbcore: registered new interface driver usbhid
Nov  1 07:45:01 aspire kernel: [    4.081540] usbhid: v2.6:USB HID core driver
Nov  1 07:45:01 aspire kernel: [    4.477197] [drm] TV-14: set mode NTSC 480i 0
Nov  1 07:45:01 aspire kernel: [    4.603793] [drm] fb0: inteldrmfb frame buffer device
Nov  1 07:45:01 aspire kernel: [    4.603806] [drm] Initialized i915 1.6.0 20080730 for 0000:00:02.0 on minor 0
Nov  1 07:45:01 aspire kernel: [    4.672104] [drm] LVDS-8: set mode 1280x800 17
Nov  1 07:45:01 aspire kernel: [    4.939513] Console: switching to colour frame buffer device 160x50
Nov  1 07:45:01 aspire kernel: [    5.382339] PM: Starting manual resume from disk
Nov  1 07:45:01 aspire kernel: [    5.382345] PM: Resume from partition 8:8
Nov  1 07:45:01 aspire kernel: [    5.382348] PM: Checking hibernation image.
Nov  1 07:45:01 aspire kernel: [    5.382555] PM: Resume from disk failed.
Nov  1 07:45:01 aspire kernel: [    5.395844] EXT4-fs (sda5): INFO: recovery required on readonly filesystem
Nov  1 07:45:01 aspire kernel: [    5.395856] EXT4-fs (sda5): write access will be enabled during recovery
Nov  1 07:45:01 aspire kernel: [    5.400067] EXT4-fs (sda5): barriers enabled
Nov  1 07:45:01 aspire kernel: [    5.754739] kjournald2 starting: pid 394, dev sda5:8, commit interval 5 seconds
Nov  1 07:45:01 aspire kernel: [    5.754767] EXT4-fs (sda5): delayed allocation enabled
Nov  1 07:45:01 aspire kernel: [    5.754772] EXT4-fs: file extents enabled
Nov  1 07:45:01 aspire kernel: [    5.755885] EXT4-fs: mballoc enabled
Nov  1 07:45:01 aspire kernel: [    5.755903] EXT4-fs (sda5): recovery complete
Nov  1 07:45:01 aspire kernel: [    5.756362] EXT4-fs (sda5): mounted filesystem with ordered data mode
Nov  1 07:45:01 aspire kernel: [    6.376451] type=1505 audit(1257061495.737:2): operation="profile_load" pid=417 name=/usr/share/gdm/guest-session/Xsession
Nov  1 07:45:01 aspire kernel: [    6.379949] type=1505 audit(1257061495.737:3): operation="profile_load" pid=418 name=/sbin/dhclient3
Nov  1 07:45:01 aspire kernel: [    6.380767] type=1505 audit(1257061495.741:4): operation="profile_load" pid=418 name=/usr/lib/NetworkManager/nm-dhcp-client.action
Nov  1 07:45:01 aspire kernel: [    6.381227] type=1505 audit(1257061495.741:5): operation="profile_load" pid=418 name=/usr/lib/connman/scripts/dhclient-script
Nov  1 07:45:01 aspire kernel: [    6.408494] type=1505 audit(1257061495.769:6): operation="profile_load" pid=419 name=/usr/bin/evince
Nov  1 07:45:01 aspire kernel: [    6.421186] type=1505 audit(1257061495.781:7): operation="profile_load" pid=419 name=/usr/bin/evince-previewer
Nov  1 07:45:01 aspire kernel: [    6.428754] type=1505 audit(1257061495.789:8): operation="profile_load" pid=419 name=/usr/bin/evince-thumbnailer
Nov  1 07:45:01 aspire kernel: [    6.461254] type=1505 audit(1257061495.821:9): operation="profile_load" pid=421 name=/usr/lib/cups/backend/cups-pdf
Nov  1 07:45:01 aspire kernel: [    6.462258] type=1505 audit(1257061495.821:10): operation="profile_load" pid=421 name=/usr/sbin/cupsd
Nov  1 07:45:01 aspire kernel: [    6.465539] type=1505 audit(1257061495.825:11): operation="profile_load" pid=422 name=/usr/sbin/tcpdump
Nov  1 07:45:01 aspire kernel: [    7.436604] Adding 2096440k swap on /dev/sda8.  Priority:-1 extents:1 across:2096440k 
Nov  1 07:45:01 aspire kernel: [    7.648836] udev: starting version 147
Nov  1 07:45:01 aspire kernel: [    7.898646] EXT4-fs (sda5): internal journal on sda5:8
Nov  1 07:45:01 aspire kernel: [    9.026497] ip_tables: (C) 2000-2006 Netfilter Core Team
Nov  1 07:45:01 aspire kernel: [    9.055989] intel_rng: FWH not detected
Nov  1 07:45:01 aspire kernel: [    9.484147] cfg80211: Calling CRDA to update world regulatory domain
Nov  1 07:45:01 aspire kernel: [    9.826574] Synaptics Touchpad, model: 1, fw: 6.2, id: 0x1280b1, caps: 0xa04713/0x204000
Nov  1 07:45:01 aspire kernel: [    9.857857] input: SynPS/2 Synaptics TouchPad as /devices/platform/i8042/serio4/input/input8
Nov  1 07:45:01 aspire kernel: [   11.484639] kjournald starting.  Commit interval 5 seconds
Nov  1 07:45:01 aspire kernel: [   11.485023] EXT3 FS on sda9, internal journal
Nov  1 07:45:01 aspire kernel: [   11.485036] EXT3-fs: mounted filesystem with writeback data mode.
Nov  1 07:45:01 aspire kernel: [   11.530492] lp: driver loaded but no devices found
Nov  1 07:45:01 aspire kernel: [   11.891913] yenta_cardbus 0000:06:04.0: CardBus bridge found [1025:0090]
Nov  1 07:45:01 aspire kernel: [   11.891941] yenta_cardbus 0000:06:04.0: Using CSCINT to route CSC interrupts to PCI
Nov  1 07:45:01 aspire kernel: [   11.891944] yenta_cardbus 0000:06:04.0: Routing CardBus interrupts to PCI
Nov  1 07:45:01 aspire kernel: [   11.891952] yenta_cardbus 0000:06:04.0: TI: mfunc 0x90501212, devctl 0x44
Nov  1 07:45:01 aspire kernel: [   12.120831] yenta_cardbus 0000:06:04.0: ISA IRQ mask 0x0cf8, PCI irq 16
Nov  1 07:45:01 aspire kernel: [   12.120838] yenta_cardbus 0000:06:04.0: Socket status: 30000006
Nov  1 07:45:01 aspire kernel: [   12.120844] pci_bus 0000:06: Raising subordinate bus# of parent bus (#06) from #07 to #0a
Nov  1 07:45:01 aspire kernel: [   12.120855] yenta_cardbus 0000:06:04.0: pcmcia: parent PCI bridge I/O window: 0x2000 - 0x2fff
Nov  1 07:45:01 aspire kernel: [   12.120860] pcmcia_socket pcmcia_socket0: cs: IO port probe 0x2000-0x2fff: clean.
Nov  1 07:45:01 aspire kernel: [   12.121144] yenta_cardbus 0000:06:04.0: pcmcia: parent PCI bridge Memory window: 0xd0000000 - 0xd00fffff
Nov  1 07:45:01 aspire kernel: [   12.121148] yenta_cardbus 0000:06:04.0: pcmcia: parent PCI bridge Memory window: 0x80000000 - 0x83ffffff
Nov  1 07:45:02 aspire kernel: [   12.975742] type=1505 audit(1257057902.333:12): operation="profile_replace" pid=842 name=/usr/share/gdm/guest-session/Xsession
Nov  1 07:45:02 aspire kernel: [   12.977989] type=1505 audit(1257057902.337:13): operation="profile_replace" pid=843 name=/sbin/dhclient3
Nov  1 07:45:02 aspire kernel: [   12.978818] type=1505 audit(1257057902.337:14): operation="profile_replace" pid=843 name=/usr/lib/NetworkManager/nm-dhcp-client.action
Nov  1 07:45:02 aspire kernel: [   12.979272] type=1505 audit(1257057902.337:15): operation="profile_replace" pid=843 name=/usr/lib/connman/scripts/dhclient-script
Nov  1 07:45:02 aspire kernel: [   12.984465] type=1505 audit(1257057902.345:16): operation="profile_replace" pid=844 name=/usr/bin/evince
Nov  1 07:45:02 aspire kernel: [   12.997424] type=1505 audit(1257057902.357:17): operation="profile_replace" pid=844 name=/usr/bin/evince-previewer
Nov  1 07:45:02 aspire kernel: [   13.006448] type=1505 audit(1257057902.365:18): operation="profile_replace" pid=844 name=/usr/bin/evince-thumbnailer
Nov  1 07:45:02 aspire kernel: [   13.017254] type=1505 audit(1257057902.377:19): operation="profile_replace" pid=846 name=/usr/lib/cups/backend/cups-pdf
Nov  1 07:45:02 aspire kernel: [   13.018219] type=1505 audit(1257057902.377:20): operation="profile_replace" pid=846 name=/usr/sbin/cupsd
Nov  1 07:45:02 aspire kernel: [   13.021115] type=1505 audit(1257057902.381:21): operation="profile_replace" pid=847 name=/usr/sbin/tcpdump
Nov  1 07:45:02 aspire kernel: [   13.104223] cfg80211: World regulatory domain updated:
Nov  1 07:45:02 aspire kernel: [   13.104228] 	(start_freq - end_freq @ bandwidth), (max_antenna_gain, max_eirp)
Nov  1 07:45:02 aspire kernel: [   13.104233] 	(2402000 KHz - 2472000 KHz @ 40000 KHz), (300 mBi, 2000 mBm)
Nov  1 07:45:02 aspire kernel: [   13.104237] 	(2457000 KHz - 2482000 KHz @ 20000 KHz), (300 mBi, 2000 mBm)
Nov  1 07:45:02 aspire kernel: [   13.104240] 	(2474000 KHz - 2494000 KHz @ 20000 KHz), (300 mBi, 2000 mBm)
Nov  1 07:45:02 aspire kernel: [   13.104244] 	(5170000 KHz - 5250000 KHz @ 40000 KHz), (300 mBi, 2000 mBm)
Nov  1 07:45:02 aspire kernel: [   13.104248] 	(5735000 KHz - 5835000 KHz @ 40000 KHz), (300 mBi, 2000 mBm)
Nov  1 07:45:02 aspire kernel: [   13.305267] iwl3945: Intel(R) PRO/Wireless 3945ABG/BG Network Connection driver for Linux, 1.2.26ks
Nov  1 07:45:02 aspire kernel: [   13.305273] iwl3945: Copyright(c) 2003-2009 Intel Corporation
Nov  1 07:45:02 aspire kernel: [   13.305371] iwl3945 0000:05:00.0: PCI INT A -> GSI 19 (level, low) -> IRQ 19
Nov  1 07:45:02 aspire kernel: [   13.305387] iwl3945 0000:05:00.0: setting latency timer to 64
Nov  1 07:45:02 aspire kernel: [   13.325090] sdhci: Secure Digital Host Controller Interface driver
Nov  1 07:45:02 aspire kernel: [   13.325094] sdhci: Copyright(c) Pierre Ossman
Nov  1 07:45:02 aspire kernel: [   13.327027] sdhci-pci 0000:06:04.2: SDHCI controller found [1524:0550] (rev 1)
Nov  1 07:45:02 aspire kernel: [   13.327045] sdhci-pci 0000:06:04.2: enabling device (0000 -> 0002)
Nov  1 07:45:02 aspire kernel: [   13.327056] sdhci-pci 0000:06:04.2: PCI INT B -> GSI 17 (level, low) -> IRQ 17
Nov  1 07:45:02 aspire kernel: [   13.327145] Registered led device: mmc0::
Nov  1 07:45:02 aspire kernel: [   13.327189] mmc0: SDHCI controller on PCI [0000:06:04.2] using PIO
Nov  1 07:45:02 aspire kernel: [   13.327203] sdhci-pci 0000:06:04.4: SDHCI controller found [1524:0551] (rev 1)
Nov  1 07:45:02 aspire kernel: [   13.327217] sdhci-pci 0000:06:04.4: enabling device (0000 -> 0002)
Nov  1 07:45:02 aspire kernel: [   13.327224] sdhci-pci 0000:06:04.4: PCI INT B -> GSI 17 (level, low) -> IRQ 17
Nov  1 07:45:02 aspire kernel: [   13.327273] Registered led device: mmc1::
Nov  1 07:45:02 aspire kernel: [   13.327307] mmc1: SDHCI controller on PCI [0000:06:04.4] using PIO
Nov  1 07:45:02 aspire kernel: [   13.389570] acer-wmi: Acer Laptop ACPI-WMI Extras
Nov  1 07:45:02 aspire kernel: [   13.389711] iwl3945 0000:05:00.0: Tunable channels: 13 802.11bg, 23 802.11a channels
Nov  1 07:45:02 aspire kernel: [   13.389716] iwl3945 0000:05:00.0: Detected Intel Wireless WiFi Link 3945ABG
Nov  1 07:45:02 aspire kernel: [   13.389837]   alloc irq_desc for 28 on node -1
Nov  1 07:45:02 aspire kernel: [   13.389840]   alloc kstat_irqs on node -1
Nov  1 07:45:02 aspire kernel: [   13.389875] iwl3945 0000:05:00.0: irq 28 for MSI/MSI-X
Nov  1 07:45:02 aspire kernel: [   13.500453] Registered led device: acer-wmi::mail
Nov  1 07:45:02 aspire anacron[951]: Anacron 2.3 started on 2009-11-01
Nov  1 07:45:03 aspire kernel: [   13.670181] pcmcia_socket pcmcia_socket0: cs: IO port probe 0x100-0x3af: clean.
Nov  1 07:45:03 aspire kernel: [   13.672311] pcmcia_socket pcmcia_socket0: cs: IO port probe 0x3e0-0x4ff: excluding 0x4d0-0x4d7
Nov  1 07:45:03 aspire kernel: [   13.673205] pcmcia_socket pcmcia_socket0: cs: IO port probe 0x820-0x8ff: clean.
Nov  1 07:45:03 aspire kernel: [   13.673930] pcmcia_socket pcmcia_socket0: cs: IO port probe 0xc00-0xcf7: clean.
Nov  1 07:45:03 aspire kernel: [   13.674858] pcmcia_socket pcmcia_socket0: cs: IO port probe 0xa00-0xaff: clean.
Nov  1 07:45:03 aspire init: apport pre-start process (921) terminated with status 1
Nov  1 07:45:03 aspire init: apport post-stop process (955) terminated with status 1
Nov  1 07:45:03 aspire kernel: [   14.002097]   alloc irq_desc for 22 on node -1
Nov  1 07:45:03 aspire kernel: [   14.002102]   alloc kstat_irqs on node -1
Nov  1 07:45:03 aspire kernel: [   14.002112] HDA Intel 0000:00:1b.0: PCI INT A -> GSI 22 (level, low) -> IRQ 22
Nov  1 07:45:03 aspire kernel: [   14.002158] HDA Intel 0000:00:1b.0: setting latency timer to 64
Nov  1 07:45:03 aspire anacron[951]: Will run job `cron.daily' in 5 min.
Nov  1 07:45:03 aspire anacron[951]: Jobs will be executed sequentially
Nov  1 07:45:03 aspire cron[942]: (CRON) INFO (pidfile fd = 3)
Nov  1 07:45:03 aspire cron[1012]: (CRON) STARTUP (fork ok)
Nov  1 07:45:03 aspire cron[1012]: (CRON) INFO (Running @reboot jobs)
Nov  1 07:45:03 aspire kernel: [   14.320702] input: HDA Digital PCBeep as /devices/pci0000:00/0000:00:1b.0/input/input9
Nov  1 07:45:03 aspire kernel: [   14.517071] phy0: Selected rate control algorithm 'iwl-3945-rs'
Nov  1 07:45:04 aspire kernel: [   14.942673] ppdev: user-space parallel port driver
Nov  1 07:45:04 aspire udev-configure-printer: add /module/lp
Nov  1 07:45:04 aspire udev-configure-printer: Failed to get parent
Nov  1 07:45:05 aspire udev-configure-printer: add /devices/pci0000:00/0000:00:1d.0/usb2
Nov  1 07:45:05 aspire udev-configure-printer: Failed to get parent
Nov  1 07:45:05 aspire udev-configure-printer: add /devices/pci0000:00/0000:00:1d.0/usb2/2-0:1.0
Nov  1 07:45:05 aspire udev-configure-printer: add /devices/pci0000:00/0000:00:1d.1/usb3
Nov  1 07:45:05 aspire udev-configure-printer: parent devpath is /devices/pci0000:00/0000:00:1d.0/usb2
Nov  1 07:45:05 aspire udev-configure-printer: Device vendor/product is 1D6B:0001
Nov  1 07:45:05 aspire udev-configure-printer: add /devices/pci0000:00/0000:00:1d.1/usb3/3-0:1.0
Nov  1 07:45:05 aspire udev-configure-printer: add /devices/pci0000:00/0000:00:1d.2/usb4
Nov  1 07:45:05 aspire udev-configure-printer: add /devices/pci0000:00/0000:00:1d.2/usb4/4-0:1.0
Nov  1 07:45:05 aspire udev-configure-printer: add /devices/pci0000:00/0000:00:1d.2/usb4/4-1
Nov  1 07:45:05 aspire udev-configure-printer: add /devices/pci0000:00/0000:00:1d.2/usb4/4-1/4-1:1.0
Nov  1 07:45:05 aspire udev-configure-printer: add /devices/pci0000:00/0000:00:1d.3/usb5
Nov  1 07:45:05 aspire udev-configure-printer: add /devices/pci0000:00/0000:00:1d.3/usb5/5-0:1.0
Nov  1 07:45:05 aspire udev-configure-printer: add /devices/pci0000:00/0000:00:1d.7/usb1
Nov  1 07:45:05 aspire udev-configure-printer: add /devices/pci0000:00/0000:00:1d.7/usb1/1-0:1.0
Nov  1 07:45:05 aspire udev-configure-printer: invalid or missing IEEE 1284 Device ID
Nov  1 07:45:05 aspire udev-configure-printer: parent devpath is /devices/pci0000:00/0000:00:1d.1/usb3
Nov  1 07:45:05 aspire udev-configure-printer: Device vendor/product is 1D6B:0001
Nov  1 07:45:05 aspire udev-configure-printer: invalid or missing IEEE 1284 Device ID
Nov  1 07:45:05 aspire udev-configure-printer: Failed to get parent
Nov  1 07:45:05 aspire udev-configure-printer: Failed to get parent
Nov  1 07:45:05 aspire udev-configure-printer: parent devpath is /devices/pci0000:00/0000:00:1d.2/usb4
Nov  1 07:45:05 aspire udev-configure-printer: Device vendor/product is 1D6B:0001
Nov  1 07:45:05 aspire udev-configure-printer: invalid or missing IEEE 1284 Device ID
Nov  1 07:45:05 aspire udev-configure-printer: parent devpath is /devices/pci0000:00/0000:00:1d.2/usb4
Nov  1 07:45:05 aspire udev-configure-printer: Device vendor/product is 1D6B:0001
Nov  1 07:45:05 aspire udev-configure-printer: invalid or missing IEEE 1284 Device ID
Nov  1 07:45:05 aspire udev-configure-printer: parent devpath is /devices/pci0000:00/0000:00:1d.2/usb4/4-1
Nov  1 07:45:05 aspire udev-configure-printer: Device vendor/product is 046D:C045
Nov  1 07:45:05 aspire udev-configure-printer: invalid or missing IEEE 1284 Device ID
Nov  1 07:45:05 aspire udev-configure-printer: Failed to get parent
Nov  1 07:45:05 aspire udev-configure-printer: Failed to get parent
Nov  1 07:45:05 aspire udev-configure-printer: parent devpath is /devices/pci0000:00/0000:00:1d.3/usb5
Nov  1 07:45:05 aspire udev-configure-printer: Device vendor/product is 1D6B:0001
Nov  1 07:45:05 aspire udev-configure-printer: invalid or missing IEEE 1284 Device ID
Nov  1 07:45:05 aspire udev-configure-printer: parent devpath is /devices/pci0000:00/0000:00:1d.7/usb1
Nov  1 07:45:05 aspire udev-configure-printer: Device vendor/product is 1D6B:0002
Nov  1 07:45:05 aspire udev-configure-printer: invalid or missing IEEE 1284 Device ID
Nov  1 07:45:05 aspire NetworkManager: <info>  starting...
Nov  1 07:45:05 aspire NetworkManager: <info>  Trying to start the modem-manager...
Nov  1 07:45:05 aspire NetworkManager:    SCPlugin-Ifupdown: init!
Nov  1 07:45:05 aspire NetworkManager:    SCPlugin-Ifupdown: update_system_hostname
Nov  1 07:45:05 aspire NetworkManager:    SCPluginIfupdown: management mode: unmanaged
Nov  1 07:45:05 aspire NetworkManager:    SCPlugin-Ifupdown: devices added (path: /sys/devices/pci0000:00/0000:00:1c.3/0000:05:00.0/net/wlan0, iface: wlan0)
Nov  1 07:45:05 aspire NetworkManager:    SCPlugin-Ifupdown: device added (path: /sys/devices/pci0000:00/0000:00:1c.3/0000:05:00.0/net/wlan0, iface: wlan0): no ifupdown configuration found.
Nov  1 07:45:05 aspire NetworkManager:    SCPlugin-Ifupdown: devices added (path: /sys/devices/pci0000:00/0000:00:1c.3/0000:05:00.0/net/wmaster0, iface: wmaster0)
Nov  1 07:45:05 aspire NetworkManager:    SCPlugin-Ifupdown: device added (path: /sys/devices/pci0000:00/0000:00:1c.3/0000:05:00.0/net/wmaster0, iface: wmaster0): no ifupdown configuration found.
Nov  1 07:45:05 aspire NetworkManager:    SCPlugin-Ifupdown: devices added (path: /sys/devices/pci0000:00/0000:00:1e.0/0000:06:01.0/ssb0:0/net/eth0, iface: eth0)
Nov  1 07:45:05 aspire NetworkManager:    SCPlugin-Ifupdown: device added (path: /sys/devices/pci0000:00/0000:00:1e.0/0000:06:01.0/ssb0:0/net/eth0, iface: eth0): no ifupdown configuration found.
Nov  1 07:45:05 aspire NetworkManager:    SCPlugin-Ifupdown: devices added (path: /sys/devices/virtual/net/lo, iface: lo)
Nov  1 07:45:05 aspire NetworkManager:    SCPlugin-Ifupdown: device added (path: /sys/devices/virtual/net/lo, iface: lo): no ifupdown configuration found.
Nov  1 07:45:05 aspire NetworkManager:    SCPlugin-Ifupdown: end _init.
Nov  1 07:45:05 aspire NetworkManager: Loaded plugin ifupdown: (C) 2008 Canonical Ltd.  To report bugs please use the NetworkManager mailing list.
Nov  1 07:45:05 aspire NetworkManager: Loaded plugin keyfile: (c) 2007 - 2008 Red Hat, Inc.  To report bugs please use the NetworkManager mailing list.
Nov  1 07:45:05 aspire NetworkManager: <info>  Found radio killswitch rfkill0 (at /sys/devices/pci0000:00/0000:00:1c.3/0000:05:00.0/ieee80211/phy0/rfkill0) (driver <unknown>)
Nov  1 07:45:05 aspire NetworkManager: <info>  Found radio killswitch rfkill1 (at /sys/devices/platform/acer-wmi/rfkill/rfkill1) (driver acer-wmi)
Nov  1 07:45:05 aspire NetworkManager: <info>  Wireless now enabled by radio killswitch
Nov  1 07:45:05 aspire NetworkManager:    SCPlugin-Ifupdown: (152144624) ... get_connections.
Nov  1 07:45:05 aspire NetworkManager:    SCPlugin-Ifupdown: (152144624) ... get_connections (managed=false): return empty list.
Nov  1 07:45:06 aspire modem-manager: Loaded plugin Gobi
Nov  1 07:45:06 aspire modem-manager: Loaded plugin Generic
Nov  1 07:45:06 aspire modem-manager: Loaded plugin Nokia
Nov  1 07:45:06 aspire modem-manager: Loaded plugin Huawei
Nov  1 07:45:06 aspire modem-manager: Loaded plugin Novatel
Nov  1 07:45:06 aspire modem-manager: Loaded plugin Sierra
Nov  1 07:45:06 aspire modem-manager: Loaded plugin Option
Nov  1 07:45:06 aspire modem-manager: Loaded plugin Ericsson MBM
Nov  1 07:45:06 aspire modem-manager: Loaded plugin ZTE
Nov  1 07:45:06 aspire modem-manager: Loaded plugin MotoC
Nov  1 07:45:06 aspire modem-manager: Loaded plugin Option High-Speed
Nov  1 07:45:06 aspire NetworkManager:    Ifupdown: get unmanaged devices count: 0
Nov  1 07:45:06 aspire NetworkManager: <info>  (wlan0): driver supports SSID scans (scan_capa 0x01).
Nov  1 07:45:06 aspire NetworkManager: <info>  (wlan0): new 802.11 WiFi device (driver: 'iwl3945')
Nov  1 07:45:06 aspire NetworkManager: <info>  (wlan0): exported as /org/freedesktop/NetworkManager/Devices/0
Nov  1 07:45:06 aspire NetworkManager: <info>  (wlan0): now managed
Nov  1 07:45:06 aspire NetworkManager: <info>  (wlan0): device state change: 1 -> 2 (reason 2)
Nov  1 07:45:06 aspire NetworkManager: <info>  (wlan0): bringing up device.
Nov  1 07:45:06 aspire kernel: [   17.012622] iwl3945 0000:05:00.0: firmware: requesting iwlwifi-3945-2.ucode
Nov  1 07:45:06 aspire kernel: [   17.060198] iwl3945 0000:05:00.0: loaded firmware version 15.32.2.9
Nov  1 07:45:06 aspire kernel: [   17.130054] Registered led device: iwl-phy0::radio
Nov  1 07:45:06 aspire kernel: [   17.130146] Registered led device: iwl-phy0::assoc
Nov  1 07:45:06 aspire kernel: [   17.130189] Registered led device: iwl-phy0::RX
Nov  1 07:45:06 aspire kernel: [   17.130234] Registered led device: iwl-phy0::TX
Nov  1 07:45:06 aspire kernel: [   17.149253] ADDRCONF(NETDEV_UP): wlan0: link is not ready
Nov  1 07:45:06 aspire NetworkManager: <info>  (wlan0): preparing device.
Nov  1 07:45:06 aspire kernel: [   17.154569] ADDRCONF(NETDEV_UP): eth0: link is not ready
Nov  1 07:45:06 aspire NetworkManager: <info>  (wlan0): deactivating device (reason: 2).
Nov  1 07:45:06 aspire NetworkManager: supplicant_interface_acquire: assertion `mgr_state == NM_SUPPLICANT_MANAGER_STATE_IDLE' failed
Nov  1 07:45:06 aspire NetworkManager: <info>  (eth0): carrier is OFF
Nov  1 07:45:06 aspire NetworkManager: <info>  (eth0): new Ethernet device (driver: 'b44')
Nov  1 07:45:06 aspire NetworkManager: <info>  (eth0): exported as /org/freedesktop/NetworkManager/Devices/1
Nov  1 07:45:06 aspire NetworkManager: <info>  (eth0): now managed
Nov  1 07:45:06 aspire NetworkManager: <info>  (eth0): device state change: 1 -> 2 (reason 2)
Nov  1 07:45:06 aspire NetworkManager: <info>  (eth0): bringing up device.
Nov  1 07:45:06 aspire NetworkManager: <info>  (eth0): preparing device.
Nov  1 07:45:06 aspire NetworkManager: <info>  (eth0): deactivating device (reason: 2).
Nov  1 07:45:06 aspire NetworkManager: Added default wired connection 'Auto eth0' for /sys/devices/pci0000:00/0000:00:1e.0/0000:06:01.0/ssb0:0/net/eth0
Nov  1 07:45:06 aspire NetworkManager: <WARN>  default_adapter_cb(): bluez error getting default adapter: The name org.bluez was not provided by any .service files
Nov  1 07:45:06 aspire NetworkManager: <info>  modem-manager is now available
Nov  1 07:45:06 aspire NetworkManager: <info>  Trying to start the supplicant...
Nov  1 07:45:06 aspire NetworkManager: <info>  (wlan0): supplicant manager state:  down -> idle
Nov  1 07:45:06 aspire NetworkManager: <info>  (wlan0): device state change: 2 -> 3 (reason 0)
Nov  1 07:45:06 aspire NetworkManager: <info>  (wlan0): supplicant interface state:  starting -> ready
Nov  1 07:45:08 aspire gdm-binary[796]: WARNING: Unable to load file '/etc/gdm/custom.conf': No such file or directory
Nov  1 07:45:09 aspire gdm-binary[796]: WARNING: Unable to find users: no seat-id found
Nov  1 07:45:09 aspire gdm-simple-slave[1360]: WARNING: Unable to load file '/etc/gdm/custom.conf': No such file or directory
Nov  1 07:45:09 aspire wpa_supplicant[1246]: CTRL-EVENT-SCAN-RESULTS 
Nov  1 07:45:09 aspire wpa_supplicant[1246]: WPS-AP-AVAILABLE 
Nov  1 07:45:09 aspire acpid: client connected from 1381[107:114]
Nov  1 07:45:09 aspire acpid: client connected from 1364[0:0]
Nov  1 07:45:09 aspire kernel: [   20.459523] [drm] TV-14: set mode NTSC 480i 0
Nov  1 07:45:09 aspire kernel: [   20.600530] [drm] TV-14: set mode NTSC 480i 0
Nov  1 07:45:10 aspire kernel: [   20.816179] b44: eth0: Link is up at 100 Mbps, full duplex.
Nov  1 07:45:10 aspire kernel: [   20.816183] b44: eth0: Flow control is off for TX and off for RX.
Nov  1 07:45:10 aspire NetworkManager: <info>  (eth0): carrier now ON (device state 2)
Nov  1 07:45:10 aspire NetworkManager: <info>  (eth0): device state change: 2 -> 3 (reason 40)
Nov  1 07:45:10 aspire NetworkManager: <info>  Activation (eth0) starting connection 'Auto eth0'
Nov  1 07:45:10 aspire NetworkManager: <info>  (eth0): device state change: 3 -> 4 (reason 0)
Nov  1 07:45:10 aspire NetworkManager: <info>  Activation (eth0) Stage 1 of 5 (Device Prepare) scheduled...
Nov  1 07:45:10 aspire NetworkManager: <info>  Activation (eth0) Stage 1 of 5 (Device Prepare) started...
Nov  1 07:45:10 aspire NetworkManager: <info>  Activation (eth0) Stage 2 of 5 (Device Configure) scheduled...
Nov  1 07:45:10 aspire NetworkManager: <info>  Activation (eth0) Stage 1 of 5 (Device Prepare) complete.
Nov  1 07:45:10 aspire NetworkManager: <info>  Activation (eth0) Stage 2 of 5 (Device Configure) starting...
Nov  1 07:45:10 aspire NetworkManager: <info>  (eth0): device state change: 4 -> 5 (reason 0)
Nov  1 07:45:10 aspire kernel: [   20.849208] ADDRCONF(NETDEV_CHANGE): eth0: link becomes ready
Nov  1 07:45:10 aspire kernel: [   20.916718] [drm] TV-14: set mode NTSC 480i 0
Nov  1 07:45:10 aspire NetworkManager: <info>  Activation (eth0) Stage 2 of 5 (Device Configure) successful.
Nov  1 07:45:10 aspire NetworkManager: <info>  Activation (eth0) Stage 3 of 5 (IP Configure Start) scheduled.
Nov  1 07:45:10 aspire NetworkManager: <info>  Activation (eth0) Stage 2 of 5 (Device Configure) complete.
Nov  1 07:45:10 aspire NetworkManager: <info>  Activation (eth0) Stage 3 of 5 (IP Configure Start) started...
Nov  1 07:45:10 aspire NetworkManager: <info>  (eth0): device state change: 5 -> 7 (reason 0)
Nov  1 07:45:10 aspire NetworkManager: <info>  Activation (eth0) Beginning DHCP transaction (timeout in 45 seconds)
Nov  1 07:45:10 aspire kernel: [   21.059879] [drm] TV-14: set mode NTSC 480i 0
Nov  1 07:45:10 aspire NetworkManager: <info>  dhclient started with pid 1404
Nov  1 07:45:10 aspire NetworkManager: <info>  Activation (eth0) Stage 4 of 5 (IP6 Configure Get) scheduled...
Nov  1 07:45:10 aspire NetworkManager: <info>  Activation (eth0) Stage 3 of 5 (IP Configure Start) complete.
Nov  1 07:45:10 aspire NetworkManager: <info>  Activation (eth0) Stage 4 of 5 (IP6 Configure Get) started...
Nov  1 07:45:10 aspire NetworkManager: <info>  Activation (eth0) Stage 4 of 5 (IP6 Configure Get) complete.
Nov  1 07:45:10 aspire dhclient: Internet Systems Consortium DHCP Client V3.1.2
Nov  1 07:45:10 aspire dhclient: Copyright 2004-2008 Internet Systems Consortium.
Nov  1 07:45:10 aspire dhclient: All rights reserved.
Nov  1 07:45:10 aspire dhclient: For info, please visit http://www.isc.org/sw/dhcp/
Nov  1 07:45:10 aspire dhclient: 
Nov  1 07:45:10 aspire NetworkManager: <info>  DHCP: device eth0 state changed (null) -> preinit
Nov  1 07:45:10 aspire dhclient: Listening on LPF/eth0/00:16:d4:4e:fe:31
Nov  1 07:45:10 aspire dhclient: Sending on   LPF/eth0/00:16:d4:4e:fe:31
Nov  1 07:45:10 aspire dhclient: Sending on   Socket/fallback
Nov  1 07:45:10 aspire dhclient: DHCPDISCOVER on eth0 to 255.255.255.255 port 67 interval 3
Nov  1 07:45:10 aspire dhclient: DHCPOFFER of 192.168.0.119 from 192.168.0.1
Nov  1 07:45:10 aspire dhclient: DHCPREQUEST of 192.168.0.119 on eth0 to 255.255.255.255 port 67
Nov  1 07:45:10 aspire dhclient: DHCPACK of 192.168.0.119 from 192.168.0.1
Nov  1 07:45:10 aspire dhclient: bound to 192.168.0.119 -- renewal in 231788 seconds.
Nov  1 07:45:10 aspire NetworkManager: <info>  DHCP: device eth0 state changed preinit -> bound
Nov  1 07:45:10 aspire NetworkManager: <info>  Activation (eth0) Stage 4 of 5 (IP4 Configure Get) scheduled...
Nov  1 07:45:10 aspire NetworkManager: <info>  Activation (eth0) Stage 4 of 5 (IP4 Configure Get) started...
Nov  1 07:45:10 aspire NetworkManager: <info>    address 192.168.0.119
Nov  1 07:45:10 aspire NetworkManager: <info>    prefix 24 (255.255.255.0)
Nov  1 07:45:10 aspire NetworkManager: <info>    gateway 192.168.0.1
Nov  1 07:45:10 aspire NetworkManager: <info>    nameserver '10.10.0.1'
Nov  1 07:45:10 aspire NetworkManager: nm_ip4_config_add_nameserver: assertion `nameserver != s' failed
Nov  1 07:45:10 aspire NetworkManager: <info>    nameserver '10.10.0.1'
Nov  1 07:45:10 aspire NetworkManager: <info>    domain name 'studnet.europahaus.sth.ac.at'
Nov  1 07:45:10 aspire NetworkManager: <info>  Activation (eth0) Stage 5 of 5 (IP Configure Commit) scheduled...
Nov  1 07:45:10 aspire NetworkManager: <info>  Activation (eth0) Stage 4 of 5 (IP4 Configure Get) complete.
Nov  1 07:45:10 aspire NetworkManager: <info>  Activation (eth0) Stage 5 of 5 (IP Configure Commit) started...
Nov  1 07:45:11 aspire NetworkManager: <info>  (eth0): device state change: 7 -> 8 (reason 0)
Nov  1 07:45:11 aspire NetworkManager: <info>  Policy set 'Auto eth0' (eth0) as default for routing and DNS.
Nov  1 07:45:11 aspire NetworkManager: <info>  Activation (eth0) successful, device activated.
Nov  1 07:45:11 aspire NetworkManager: <info>  Activation (eth0) Stage 5 of 5 (IP Configure Commit) complete.
Nov  1 07:45:13 aspire ntpdate[1481]: step time server 91.189.94.4 offset 0.531818 sec
Nov  1 07:45:13 aspire console-kit-daemon[1149]: WARNING: Couldn't read /proc/800/environ: Failed to open file '/proc/800/environ': No such file or directory
Nov  1 07:45:15 aspire kernel: [   25.772763] [drm] TV-14: set mode NTSC 480i 0
Nov  1 07:45:15 aspire kernel: [   25.913102] [drm] TV-14: set mode NTSC 480i 0
Nov  1 07:45:16 aspire kernel: [   26.193031] [drm] TV-14: set mode NTSC 480i 0
Nov  1 07:45:16 aspire kernel: [   26.334020] [drm] TV-14: set mode NTSC 480i 0
Nov  1 07:45:16 aspire kernel: [   26.639840] [drm] TV-14: set mode NTSC 480i 0
Nov  1 07:45:16 aspire kernel: [   26.780651] [drm] TV-14: set mode NTSC 480i 0
Nov  1 07:45:20 aspire kernel: [   30.880039] eth0: no IPv6 routers present
Nov  1 07:45:25 aspire NetworkManager: <info>  Wireless now disabled by radio killswitch
Nov  1 07:45:25 aspire NetworkManager: <info>  (wlan0): device state change: 3 -> 2 (reason 0)
Nov  1 07:45:25 aspire NetworkManager: <info>  (wlan0): deactivating device (reason: 0).
Nov  1 07:45:25 aspire kernel: [   35.508081] iwl3945 0000:05:00.0: MAC is in deep sleep!.  CSR_GP_CNTRL = 0x040003DD
Nov  1 07:45:25 aspire NetworkManager: <info>  Policy set 'Auto eth0' (eth0) as default for routing and DNS.
Nov  1 07:45:31 aspire kernel: [   41.989256] [drm] TV-14: set mode NTSC 480i 0
Nov  1 07:45:32 aspire kernel: [   42.134071] [drm] TV-14: set mode NTSC 480i 0
Nov  1 07:45:32 aspire kernel: [   42.425613] [drm] TV-14: set mode NTSC 480i 0
Nov  1 07:45:32 aspire kernel: [   42.570058] [drm] TV-14: set mode NTSC 480i 0
Nov  1 07:45:32 aspire kernel: [   42.848742] [drm] TV-14: set mode NTSC 480i 0
Nov  1 07:45:32 aspire kernel: [   42.991721] [drm] TV-14: set mode NTSC 480i 0
Nov  1 07:45:33 aspire kernel: [   44.040866] [drm] TV-14: set mode NTSC 480i 0
Nov  1 07:45:34 aspire kernel: [   44.182220] [drm] TV-14: set mode NTSC 480i 0
Nov  1 07:50:02 aspire anacron[951]: Job `cron.daily' started
Nov  1 07:50:02 aspire anacron[1960]: Updated timestamp for job `cron.daily' to 2009-11-01
Nov  1 07:50:37 aspire kernel: [  347.122485] CE: hpet increasing min_delta_ns to 15000 nsec
```

---

### Post by Andreas1 on 2009-11-01
> **DeMus said:**
> Try running for a while without Compiz just as a test to see if that is causing the problems you have.
It wouldn't be the first time Compiz is causing this.

i think i will do that, also on that topic, i just found [this]("https://wiki.ubuntu.com/X/Troubleshooting/Freeze"), and from the look of it i would say these are X freezes.

one question though: does is fit in the profile of an X freeze, that one application becomes unresponsive and i am getting the "force quit now?" dialog window when i try to close it? because that sometimes happens.

---

### Post by philippe_carlo on 2009-11-01
I used to have a similar problem when the cron would run. Disabling cron did fix the issue. You may want to verify if that helps for you.

---

### Post by Andreas1 on 2009-11-01
> **philippe_carlo said:**
> I used to have a similar problem when the cron would run. Disabling cron did fix the issue. You may want to verify if that helps for you.

did you find indications towards that in the log?

---

### Post by Andreas1 on 2009-11-01
ok, news

fist, i found that if i suspend the computer while playing audio (rhythmbox) it is likely (but not certain) to freeze shortly after resume (in 2 cases i only got a black screen, in 1 case rhythmbox froze shortly after unlocking the screen, then everything else froze)

second, compiz was deactivated in those mentioned 2 cases


unless... the freezing related to playing audio is yet another bug, then things would get complicated...

EDIT: now i'm gonna check how many times i can provoke freezing with audio playback, also outside rhythmbox

EDIT: managed to provoke another freeze with totem, none with vlc and youtube in firefox so far, don't rhythmbox and totem have the gstreamer backend in common? unfortunately i cannot remember if i had rhythmbox playing in all of the cases but i guess it is possible

---

### Post by wayneox on 2009-11-01
i was talking on msn earlier n ended up having my whole system freeze [but not freeze] - messages were coming up on empathy, but nothing would respond... - i did "killall empathy"  on TTY1 [CTRL ALT F1] - logged in, sudo bash... killall .... - and there we go - only thing running was empathy n a terminal n a gedit... so i thought "dont see a txt file or non-running terminal doing it, so empathy it is... :P - were u running it... 

i never had this in 9.04, just a cpl times since im using empathy.. [never used pidgen messenger - didnt like it..., since empathy was bundled i decided to try this...

---

### Post by kvmapr on 2009-11-01
Lots of folks are reporting system crashes when running Firefox (myself included). Try working without starting Firefox, see if you system's stability improves.

---

### Post by Andreas1 on 2009-11-02
> **wayneox said:**
> i was talking on msn earlier n ended up having my whole system freeze [but not freeze] - messages were coming up on empathy, but nothing would respond... - i did "killall empathy"  on TTY1 [CTRL ALT F1] - logged in, sudo bash... killall .... - and there we go - only thing running was empathy n a terminal n a gedit... so i thought "dont see a txt file or non-running terminal doing it, so empathy it is... :P - were u running it... 

i never had this in 9.04, just a cpl times since im using empathy.. [never used pidgen messenger - didnt like it..., since empathy was bundled i decided to try this...

no, empathy was not running


> **kvmapr said:**
> Lots of folks are reporting system crashes when running Firefox (myself included). Try working without starting Firefox, see if you system's stability improves.

possible, because firefox is almost always running on my system, will try without


also, my audio playback suspicion has been refuted by another freeze without any audio playing. and i found this in my pm-suspend.log (i did not cut off the end, that's where it froze i guess):

```
Mon Nov  2 09:33:32 CET 2009: performing suspend
Mon Nov  2 09:59:46 CET 2009: Awake.
Mon Nov  2 09:59:46 CET 2009: Running hooks for resume
/etc/pm/sleep.d/action_wpa resume suspend: success.
/usr/lib/pm-utils/sleep.d/99video resume suspend: Returned exit code 1.
/usr/lib/pm-utils/sleep.d/98smart-kernel-video resume suspend: success.
/usr/lib/pm-utils/sleep.d/96laptop-mode resume suspend: success.
/usr/lib/pm-utils/sleep.d/95led resume suspend: not applicable.
/usr/lib/pm-utils/sleep.d/95anacron resume suspend: success.
/usr/lib/pm-utils/sleep.d/94cpufreq resume suspend: success.
/usr/lib/pm-utils/sleep.d/90clock resume suspend: not applicable.
/usr/lib/pm-utils/sleep.d/75modules resume suspend: success.
/usr/lib/pm-utils
```

does the exit code 1 from the video mean anything?

---

### Post by woohhaa on 2009-11-02
Mine is freezing as well. It seems to freeze after the the monitor power saver kicks in. I will close firefox to see if mine does it w/o the browser opened. Like Andreas1 said my fire fox is almost always opened.

---

### Post by Andreas1 on 2009-11-02
> **philippe_carlo said:**
> I used to have a similar problem when the cron would run. Disabling cron did fix the issue. You may want to verify if that helps for you.

was that in karmic? also, how do i disable cron and what is it running for anyway?

---

### Post by Andreas1 on 2009-11-02
