---
title: "problem with dual boot ubuntu 10.10/redhat"
date: 2010-10-26
forum: General Help
---

### Post by mbonavita on 2010-10-26
Hi, 
I have a pc where there was redhat installed, and I decided to put ubuntu in dual boot.
The installation went ok, but now I can't log in with redhat anymore... 
RH was installed on a RAID partition, and I installed ubuntu on an additional HD.

Now I have two problems:

a) I cannot boot red hat, since there is no such entry in the grub
b) this machine had several users, that now cannot access it remotely anymore.

Hope that somebody can help me. 
Below you can find the output of fdisk -l
and the grub.cfg files, the old red hat one, and the new one created by ubuntu.
Not that in any case I cannot reinstall redhat, since there are other people using the machine. 

Thank you very much in advance

P.S.
this is my first post on a forum, so let me know if I'm doing something wrong

#########
fdisk -l
########

Disk /dev/sda: 750.2 GB, 750156374016 bytes
255 heads, 63 sectors/track, 91201 cylinders
Units = cylinders of 16065 * 512 = 8225280 bytes
Sector size (logical/physical): 512 bytes / 512 bytes
I/O size (minimum/optimal): 512 bytes / 512 bytes
Disk identifier: 0x58000000

   Device Boot      Start         End      Blocks   Id  System
/dev/sda1               1           7       56196   de  Dell Utility
/dev/sda2               8        1052     8393962+   c  W95 FAT32 (LBA)
/dev/sda3   *        1053        1077      200812+  fd  Linux raid autodetect
/dev/sda4            1078       91201   723920999+   5  Extended
/dev/sda5            1078        1332     2048256   fd  Linux raid autodetect
/dev/sda6            1333       91201   721872711   fd  Linux raid autodetect

Disk /dev/sdb: 750.2 GB, 750156374016 bytes
255 heads, 63 sectors/track, 91201 cylinders
Units = cylinders of 16065 * 512 = 8225280 bytes
Sector size (logical/physical): 512 bytes / 512 bytes
I/O size (minimum/optimal): 512 bytes / 512 bytes
Disk identifier: 0x00000081

   Device Boot      Start         End      Blocks   Id  System
/dev/sdb1   *           1           7       56196   de  Dell Utility
/dev/sdb2               8        1052     8393962+   c  W95 FAT32 (LBA)
/dev/sdb3            1053        1077      200812+  fd  Linux raid autodetect
/dev/sdb4            1078       91201   723920999+   5  Extended
/dev/sdb5            1078        1332     2048256   fd  Linux raid autodetect
/dev/sdb6            1333       91201   721872711   fd  Linux raid autodetect

Disk /dev/sdc: 2000.4 GB, 2000398934016 bytes
255 heads, 63 sectors/track, 243201 cylinders
Units = cylinders of 16065 * 512 = 8225280 bytes
Sector size (logical/physical): 512 bytes / 512 bytes
I/O size (minimum/optimal): 512 bytes / 512 bytes
Disk identifier: 0x000ebd85

   Device Boot      Start         End      Blocks   Id  System
/dev/sdc1   *           1      235623  1892637689+  83  Linux
/dev/sdc2          235623      243202    60875777    5  Extended
/dev/sdc5          235623      242887    58344448   83  Linux
/dev/sdc6          242887      243202     2530304   82  Linux swap / Solaris

Disk /dev/md2: 2097 MB, 2097348608 bytes
2 heads, 4 sectors/track, 512048 cylinders
Units = cylinders of 8 * 512 = 4096 bytes
Sector size (logical/physical): 512 bytes / 512 bytes
I/O size (minimum/optimal): 512 bytes / 512 bytes
Disk identifier: 0x30307800

Disk /dev/md2 doesn't contain a valid partition table

Disk /dev/md1: 739.2 GB, 739197583360 bytes
2 heads, 4 sectors/track, 180468160 cylinders
Units = cylinders of 8 * 512 = 4096 bytes
Sector size (logical/physical): 512 bytes / 512 bytes
I/O size (minimum/optimal): 512 bytes / 512 bytes
Disk identifier: 0x00000000

Disk /dev/md1 doesn't contain a valid partition table

Disk /dev/md0: 205 MB, 205520896 bytes
2 heads, 4 sectors/track, 50176 cylinders
Units = cylinders of 8 * 512 = 4096 bytes
Sector size (logical/physical): 512 bytes / 512 bytes
I/O size (minimum/optimal): 512 bytes / 512 bytes
Disk identifier: 0x00000000

Disk /dev/md0 doesn't contain a valid partition table


###########
grub.conf (redhat)
###########
# grub.conf generated by anaconda
#
# Note that you do not have to rerun grub after making changes to this file
# NOTICE:  You have a /boot partition.  This means that
#          all kernel and initrd paths are relative to /boot/, eg.
#          root (hd0,2)
#          kernel /vmlinuz-version ro root=/dev/md1
#          initrd /initrd-version.img
#boot=/dev/md0
default=0
timeout=5
splashimage=(hd0,2)/grub/splash.xpm.gz
hiddenmenu
title Red Hat Enterprise Linux Client (2.6.18-194.17.1.el5xen)
    root (hd0,2)
    kernel /xen.gz-2.6.18-194.17.1.el5
    module /vmlinuz-2.6.18-194.17.1.el5xen ro root=/dev/md1 rhgb quiet
    module /initrd-2.6.18-194.17.1.el5xen.img
title Red Hat Enterprise Linux Client (2.6.18-194.3.1.el5xen)
    root (hd0,2)
    kernel /xen.gz-2.6.18-194.3.1.el5
    module /vmlinuz-2.6.18-194.3.1.el5xen ro root=/dev/md1 rhgb quiet
    module /initrd-2.6.18-194.3.1.el5xen.img
title Red Hat Enterprise Linux Client (2.6.18-194.el5xen)
    root (hd0,2)
    kernel /xen.gz-2.6.18-194.el5
    module /vmlinuz-2.6.18-194.el5xen ro root=/dev/md1 rhgb quiet
    module /initrd-2.6.18-194.el5xen.img
title Other
    rootnoverify (hd0,1)
    chainloader +1



###############
grub.cfg (ubuntu)
###############

#
# DO NOT EDIT THIS FILE
#
# It is automatically generated by grub-mkconfig using templates
# from /etc/grub.d and settings from /etc/default/grub
#

### BEGIN /etc/grub.d/00_header ###
if [ -s $prefix/grubenv ]; then
  set have_grubenv=true
  load_env
fi
set default="0"
if [ "${prev_saved_entry}" ]; then
  set saved_entry="${prev_saved_entry}"
  save_env saved_entry
  set prev_saved_entry=
  save_env prev_saved_entry
  set boot_once=true
fi

function savedefault {
  if [ -z "${boot_once}" ]; then
    saved_entry="${chosen}"
    save_env saved_entry
  fi
}

function recordfail {
  set recordfail=1
  if [ -n "${have_grubenv}" ]; then if [ -z "${boot_once}" ]; then save_env recordfail; fi; fi
}

function load_video {
  insmod vbe
  insmod vga
}

insmod part_msdos
insmod ext2
set root='(hd2,msdos5)'
search --no-floppy --fs-uuid --set ee83fb63-417f-42f6-83c4-4bbd314ad97a
if loadfont /usr/share/grub/unicode.pf2 ; then
  set gfxmode=640x480
  load_video
  insmod gfxterm
fi
terminal_output gfxterm
insmod part_msdos
insmod ext2
set root='(hd2,msdos5)'
search --no-floppy --fs-uuid --set ee83fb63-417f-42f6-83c4-4bbd314ad97a
set locale_dir=($root)/boot/grub/locale
set lang=en
insmod gettext
if [ "${recordfail}" = 1 ]; then
  set timeout=-1
else
  set timeout=10
fi
### END /etc/grub.d/00_header ###

### BEGIN /etc/grub.d/05_debian_theme ###
set menu_color_normal=white/black
set menu_color_highlight=black/light-gray
### END /etc/grub.d/05_debian_theme ###

### BEGIN /etc/grub.d/10_linux ###
menuentry 'Ubuntu, with Linux 2.6.35-22-generic-pae' --class ubuntu --class gnu-linux --class gnu --class os {
    recordfail
    insmod part_msdos
    insmod ext2
    set root='(hd2,msdos5)'
    search --no-floppy --fs-uuid --set ee83fb63-417f-42f6-83c4-4bbd314ad97a
    linux    /boot/vmlinuz-2.6.35-22-generic-pae root=UUID=ee83fb63-417f-42f6-83c4-4bbd314ad97a ro   quiet splash
    initrd    /boot/initrd.img-2.6.35-22-generic-pae
}
menuentry 'Ubuntu, with Linux 2.6.35-22-generic-pae (recovery mode)' --class ubuntu --class gnu-linux --class gnu --class os {
    recordfail
    insmod part_msdos
    insmod ext2
    set root='(hd2,msdos5)'
    search --no-floppy --fs-uuid --set ee83fb63-417f-42f6-83c4-4bbd314ad97a
    echo    'Loading Linux 2.6.35-22-generic-pae ...'
    linux    /boot/vmlinuz-2.6.35-22-generic-pae root=UUID=ee83fb63-417f-42f6-83c4-4bbd314ad97a ro single 
    echo    'Loading initial ramdisk ...'
    initrd    /boot/initrd.img-2.6.35-22-generic-pae
}
### END /etc/grub.d/10_linux ###

### BEGIN /etc/grub.d/20_linux_xen ###
### END /etc/grub.d/20_linux_xen ###

### BEGIN /etc/grub.d/20_memtest86+ ###
menuentry "Memory test (memtest86+)" {
    insmod part_msdos
    insmod ext2
    set root='(hd2,msdos5)'
    search --no-floppy --fs-uuid --set ee83fb63-417f-42f6-83c4-4bbd314ad97a
    linux16    /boot/memtest86+.bin
}
menuentry "Memory test (memtest86+, serial console 115200)" {
    insmod part_msdos
    insmod ext2
    set root='(hd2,msdos5)'
    search --no-floppy --fs-uuid --set ee83fb63-417f-42f6-83c4-4bbd314ad97a
    linux16    /boot/memtest86+.bin console=ttyS0,115200n8
}
### END /etc/grub.d/20_memtest86+ ###

### BEGIN /etc/grub.d/30_os-prober ###
menuentry "Dell Utility Partition (on /dev/sda1)" {
    insmod part_msdos
    insmod fat
    set root='(hd0,msdos1)'
    search --no-floppy --fs-uuid --set 07d7-0911
    drivemap -s (hd0) ${root}
    chainloader +1
}
### END /etc/grub.d/30_os-prober ###

### BEGIN /etc/grub.d/40_custom ###
# This file provides an easy way to add custom menu entries.  Simply type the
# menu entries you want to add after this comment.  Be careful not to change
# the 'exec tail' line above.
### END /etc/grub.d/40_custom ###

### BEGIN /etc/grub.d/41_custom ###
if [ -f  $prefix/custom.cfg ]; then
  source $prefix/custom.cfg;
fi
### END /etc/grub.d/41_custom ###

---

### Post by dcstar on 2010-10-27
> **mbonavita said:**
> Hi, 
I have a pc where there was redhat installed, and I decided to put ubuntu in dual boot.
The installation went ok, but now I can't log in with redhat anymore... 
**RH was installed on a RAID partition**, and I installed ubuntu on an additional HD.

Now I have two problems:

a) I cannot boot red hat, since there is no such entry in the grub
........

Unless you set up Ubuntu to recognise the RAID array, then it won't be able to detect the OS on it and boot it.

---

### Post by mbonavita on 2010-10-27
I already set ubuntu to recognize the  raid array, using mdadm. 
Right after the installation it wasn't seeing them at all, now I can mount them and browse them. 
Is there anything else I have to do to make them work?

Thanks!

Mary

NB
here is the content of the mdadm.conf file

# mdadm.conf
#
# Please refer to mdadm.conf(5) for information about this file.
#

# by default, scan all partitions (/proc/partitions) for MD superblocks.
# alternatively, specify devices to scan, using wildcards if desired.
DEVICE partitions

# auto-create devices with Debian standard permissions
CREATE owner=root group=disk mode=0660 auto=yes

# automatically tag new arrays as belonging to the local system
HOMEHOST <system>

# instruct the monitoring daemon where to send mail alerts
MAILADDR root

# definitions of existing MD arrays
ARRAY /dev/md0 level=raid1 num-devices=2 UUID=31a9f309:23d2d2fe:57ee6d45:5b02acee
ARRAY /dev/md2 level=raid1 num-devices=2 UUID=c5a86011:503e556b:a2763c2a:8eda1b72
ARRAY /dev/md1 level=raid1 num-devices=2 UUID=9b9b9bce:ec61b3c3:edf0dbbe:dee65d35

# This file was auto-generated on Tue, 26 Oct 2010 16:39:14 -0400
# by mkconf $Id$

---

