---
title: "How to make Ubuntu to use memory more effectively?"
date: 2007-06-18
forum: General Help
---

### Post by chunchengch on 2007-06-18
I wonder if it is possible to manage the use of memory in Ubuntu, although there is 1.5GB memory in my laptop, the computer sometimes slows down obviously, especially when Wine is running, any comment about this? thanks.

here is the information of usage of memory:

$ cat /proc/meminfo
MemTotal:      1555624 kB
MemFree:         36132 kB
Buffers:        283572 kB
Cached:         557728 kB
SwapCached:         32 kB
Active:         797368 kB
Inactive:       660656 kB
HighTotal:      655008 kB
HighFree:         1184 kB
LowTotal:       900616 kB
LowFree:         34948 kB
SwapTotal:      377488 kB
SwapFree:       343616 kB
Dirty:            1044 kB
Writeback:           0 kB
AnonPages:      616720 kB
Mapped:         157180 kB
Slab:            29888 kB
SReclaimable:    11856 kB
SUnreclaim:      18032 kB
PageTables:       3908 kB
NFS_Unstable:        0 kB
Bounce:              0 kB
CommitLimit:   1155300 kB
Committed_AS:  1732648 kB
VmallocTotal:   114680 kB
VmallocUsed:     51020 kB
VmallocChunk:    62964 kB

---

