---
title: "grub error with stick(no op system found)"
date: 2011-01-07
forum: General Help
---

### Post by Meantsaki on 2011-01-07
I have install ubuntu at a usb memory stick.I have windows7 at a hard driver.Now  when i startup the pc...cant find operating system when i have removed the stick.When i have the stick at the pc,a menu appeares with ubuntu and windows7 as 2 of 5 choices.I cant open ubuntu only windows...i have lost nothing at windows...but i cant open the pc without stick,with no ubuntu and -1 usb gate

---

### Post by Rubi1200 on 2011-01-08
Hi and welcome to the forums :)

What we need you to do is run Ubuntu normally.

Then, download and run the boot info script linked at the bottom of my post (instructions included).

Post the results back here.

Also, how is BIOS set to boot; with the hard-drive or USB drive as first device?

Thanks.

---

### Post by Meantsaki on 2011-01-08
boot from hard drive first.Ubuntu now works...it just wanted 3 min to load from the stick


                Boot Info Script 0.55    dated February 15th, 2010                    

============================= Boot Info Summary: ==============================

 => Grub 2 is installed in the MBR of /dev/sda and looks on the same drive in 
    partition #1 for (,msdos1)/boot/grub.
 => Grub 2 is installed in the MBR of /dev/sdb and looks on the same drive in 
    partition #1 for (,msdos1)/boot/grub.

sda1: _________________________________________________________________________

    File system:       ntfs
    Boot sector type:  Windows Vista/7
    Boot sector info:  No errors found in the Boot Parameter Block.
    Operating System:  
    Boot files/dirs:   /bootmgr /Boot/BCD

sda2: _________________________________________________________________________

    File system:       ntfs
    Boot sector type:  Windows Vista/7
    Boot sector info:  No errors found in the Boot Parameter Block.
    Operating System:  Windows 7
    Boot files/dirs:   /Windows/System32/winload.exe

sdb1: _________________________________________________________________________

    File system:       ext4
    Boot sector type:  -
    Boot sector info:  
    Operating System:  Ubuntu 10.10
    Boot files/dirs:   /boot/grub/grub.cfg /etc/fstab /boot/grub/core.img

sdb2: _________________________________________________________________________

    File system:       Extended Partition
    Boot sector type:  Unknown
    Boot sector info:  

sdb5: _________________________________________________________________________

    File system:       swap
    Boot sector type:  -
    Boot sector info:  

=========================== Drive/Partition Info: =============================

Drive: sda ___________________ _____________________________________________________

Disk /dev/sda: 1000.2 GB, 1000204886016 bytes
255 heads, 63 sectors/track, 121601 cylinders, total 1953525168 sectors
Units = sectors of 1 * 512 = 512 bytes
Sector size (logical/physical): 512 bytes / 512 bytes

Partition  Boot         Start           End          Size  Id System

/dev/sda1    *          2,048       206,847       204,800   7 HPFS/NTFS
/dev/sda2             206,848 1,953,521,663 1,953,314,816   7 HPFS/NTFS


Drive: sdb ___________________ _____________________________________________________

Disk /dev/sdb: 4026 MB, 4026531840 bytes
124 heads, 62 sectors/track, 1022 cylinders, total 7864320 sectors
Units = sectors of 1 * 512 = 512 bytes
Sector size (logical/physical): 512 bytes / 512 bytes

Partition  Boot         Start           End          Size  Id System

/dev/sdb1               2,048     7,403,519     7,401,472  83 Linux
/dev/sdb2           7,405,566     7,862,271       456,706   5 Extended
/dev/sdb5           7,405,568     7,862,271       456,704  82 Linux swap / Solaris


blkid -c /dev/null: ____________________________________________________________

Device           UUID                                   TYPE       LABEL                         

/dev/sda1        A6C6C425C6C3F419                       ntfs       System Reserved               
/dev/sda2        7AC4C671C4C62F67                       ntfs                                     
/dev/sda: PTTYPE="dos" 
/dev/sdb1        272307f7-383d-4069-bb47-8da67d8b51c0   ext4                                     
/dev/sdb2: PTTYPE="dos" 
/dev/sdb5        2a46ba1f-92ca-4fdf-b57b-b81d4a4277e7   swap                                     
/dev/sdb: PTTYPE="dos" 

============================ "mount | grep ^/dev  output: ===========================

Device           Mount_Point              Type       Options

/dev/sdb1        /                        ext4       (rw,errors=remount-ro,commit=0)


=========================== sdb1/boot/grub/grub.cfg: ===========================

#
# DO NOT EDIT THIS FILE
#
# It is automatically generated by grub-mkconfig using templates
# from /etc/grub.d and settings from /etc/default/grub
#

### BEGIN /etc/grub.d/00_header ###
if [ -s $prefix/grubenv ]; then
  set have_grubenv=true
  load_env
fi
set default="0"
if [ "${prev_saved_entry}" ]; then
  set saved_entry="${prev_saved_entry}"
  save_env saved_entry
  set prev_saved_entry=
  save_env prev_saved_entry
  set boot_once=true
fi

function savedefault {
  if [ -z "${boot_once}" ]; then
    saved_entry="${chosen}"
    save_env saved_entry
  fi
}

function recordfail {
  set recordfail=1
  if [ -n "${have_grubenv}" ]; then if [ -z "${boot_once}" ]; then save_env recordfail; fi; fi
}

function load_video {
  insmod vbe
  insmod vga
}

insmod part_msdos
insmod ext2
set root='(hd1,msdos1)'
search --no-floppy --fs-uuid --set 272307f7-383d-4069-bb47-8da67d8b51c0
if loadfont /usr/share/grub/unicode.pf2 ; then
  set gfxmode=640x480
  load_video
  insmod gfxterm
fi
terminal_output gfxterm
insmod part_msdos
insmod ext2
set root='(hd1,msdos1)'
search --no-floppy --fs-uuid --set 272307f7-383d-4069-bb47-8da67d8b51c0
set locale_dir=($root)/boot/grub/locale
set lang=en
insmod gettext
if [ "${recordfail}" = 1 ]; then
  set timeout=-1
else
  set timeout=10
fi
### END /etc/grub.d/00_header ###

### BEGIN /etc/grub.d/05_debian_theme ###
set menu_color_normal=white/black
set menu_color_highlight=black/light-gray
### END /etc/grub.d/05_debian_theme ###

### BEGIN /etc/grub.d/10_linux ###
menuentry 'Ubuntu, with Linux 2.6.35-22-generic-pae' --class ubuntu --class gnu-linux --class gnu --class os {
    recordfail
    insmod part_msdos
    insmod ext2
    set root='(hd1,msdos1)'
    search --no-floppy --fs-uuid --set 272307f7-383d-4069-bb47-8da67d8b51c0
    linux    /boot/vmlinuz-2.6.35-22-generic-pae root=UUID=272307f7-383d-4069-bb47-8da67d8b51c0 ro   quiet splash
    initrd    /boot/initrd.img-2.6.35-22-generic-pae
}
menuentry 'Ubuntu, with Linux 2.6.35-22-generic-pae (recovery mode)' --class ubuntu --class gnu-linux --class gnu --class os {
    recordfail
    insmod part_msdos
    insmod ext2
    set root='(hd1,msdos1)'
    search --no-floppy --fs-uuid --set 272307f7-383d-4069-bb47-8da67d8b51c0
    echo    'Loading Linux 2.6.35-22-generic-pae ...'
    linux    /boot/vmlinuz-2.6.35-22-generic-pae root=UUID=272307f7-383d-4069-bb47-8da67d8b51c0 ro single 
    echo    'Loading initial ramdisk ...'
    initrd    /boot/initrd.img-2.6.35-22-generic-pae
}
### END /etc/grub.d/10_linux ###

### BEGIN /etc/grub.d/20_linux_xen ###
### END /etc/grub.d/20_linux_xen ###

### BEGIN /etc/grub.d/20_memtest86+ ###
menuentry "Memory test (memtest86+)" {
    insmod part_msdos
    insmod ext2
    set root='(hd1,msdos1)'
    search --no-floppy --fs-uuid --set 272307f7-383d-4069-bb47-8da67d8b51c0
    linux16    /boot/memtest86+.bin
}
menuentry "Memory test (memtest86+, serial console 115200)" {
    insmod part_msdos
    insmod ext2
    set root='(hd1,msdos1)'
    search --no-floppy --fs-uuid --set 272307f7-383d-4069-bb47-8da67d8b51c0
    linux16    /boot/memtest86+.bin console=ttyS0,115200n8
}
### END /etc/grub.d/20_memtest86+ ###

### BEGIN /etc/grub.d/30_os-prober ###
menuentry "Windows 7 (loader) (on /dev/sda1)" {
    insmod part_msdos
    insmod ntfs
    set root='(hd0,msdos1)'
    search --no-floppy --fs-uuid --set a6c6c425c6c3f419
    chainloader +1
}
### END /etc/grub.d/30_os-prober ###

### BEGIN /etc/grub.d/40_custom ###
# This file provides an easy way to add custom menu entries.  Simply type the
# menu entries you want to add after this comment.  Be careful not to change
# the 'exec tail' line above.
### END /etc/grub.d/40_custom ###

### BEGIN /etc/grub.d/41_custom ###
if [ -f  $prefix/custom.cfg ]; then
  source $prefix/custom.cfg;
fi
### END /etc/grub.d/41_custom ###

=============================== sdb1/etc/fstab: ===============================

# /etc/fstab: static file system information.
#
# Use 'blkid -o value -s UUID' to print the universally unique identifier
# for a device; this may be used with UUID= as a more robust way to name
# devices that works even if disks are added and removed. See fstab(5).
#
# <file system> <mount point>   <type>  <options>       <dump>  <pass>
proc            /proc           proc    nodev,noexec,nosuid 0       0
/dev/sdb1       /               ext4    errors=remount-ro 0       1
# swap was on /dev/sdb5 during installation
UUID=2a46ba1f-92ca-4fdf-b57b-b81d4a4277e7 none            swap    sw              0       0
/dev/fd0        /media/floppy0  auto    rw,user,noauto,exec,utf8 0       0

=================== sdb1: Location of files loaded by Grub: ===================


    .2GB: boot/grub/core.img
   1.1GB: boot/grub/grub.cfg
   1.6GB: boot/initrd.img-2.6.35-22-generic-pae
   1.4GB: boot/vmlinuz-2.6.35-22-generic-pae
   1.6GB: initrd.img
   1.4GB: vmlinuz
=========================== Unknown MBRs/Boot Sectors/etc =======================

Unknown BootLoader  on sdb2

00000000  d6 f4 0f 72 aa 91 78 fd  cb c5 a5 56 8f d9 5d c5  |...r..x....V..].|
00000010  51 a9 8d 59 55 72 ea 57  7a cb 0b e2 73 04 40 53  |Q..YUr.Wz...s.@S|
00000020  cd 69 28 7b 37 7d 70 be  28 fb 1a 50 4f c9 2c d6  |.i({7}p.(..PO.,.|
00000030  65 3b 47 93 3d 39 92 e8  f3 f3 4b 77 5d 59 93 f3  |e;G.=9....Kw]Y..|
00000040  27 c4 50 3f be 95 32 a9  36 3a f8 df 9e 05 46 c1  |'.P?..2.6:....F.|
00000050  f0 55 ff c9 eb ef df 2b  1e c5 57 14 08 ca d0 5c  |.U.....+..W....\|
00000060  7a 8d ce fb 12 b7 d2 3f  fa d9 4d 71 c1 4d 2a bf  |z......?..Mq.M*.|
00000070  9b 0e 7f df 9f 54 0d 8a  ec b2 6a 8e 77 d5 79 4a  |.....T....j.w.yJ|
00000080  e1 9f bc 8e b3 af f9 f0  28 ce 10 08 e0 5c 4a 5e  |........(....\J^|
00000090  d6 33 d9 34 8c 49 f2 b8  ae 8f 2f e7 ad 66 c8 a3  |.3.4.I..../..f..|
000000a0  eb 4c 6b d4 94 7e ac ba  aa 80 77 fb 25 df 5c df  |.Lk..~....w.%.\.|
000000b0  7f 8d 45 71 ba 9d e9 cc  d3 80 69 7d 05 63 e1 d8  |..Eq......i}.c..|
000000c0  f0 a8 bc b9 96 29 2b 57  80 c3 53 2a 72 a1 5c d7  |.....)+W..S*r.\.|
000000d0  42 66 3e aa 05 42 69 f1  4c 96 49 db 58 87 4c 81  |Bf>..Bi.L.I.X.L.|
000000e0  4f 69 6b 25 e4 1d b1 ff  cd ed df 2f 7e dd 95 95  |Oik%......./~...|
000000f0  5e 6a d7 0f cb aa a6 94  29 57 e9 3f b6 6e fd 7d  |^j......)W.?.n.}|
00000100  62 02 a1 c3 af 8d 69 c0  36 13 12 24 12 01 87 58  |b.....i.6..$...X|
00000110  a8 76 10 e8 7e 10 53 d5  0d 35 17 89 32 ad 6e 43  |.v..~.S..5..2.nC|
00000120  70 18 39 e1 24 21 15 29  97 33 f0 ae 6c 9b 38 86  |p.9.$!.).3..l.8.|
00000130  58 7c 39 a7 fb 23 d6 75  92 f6 6b 2a f5 7e ef 6f  |X|9..#.u..k*.~.o|
00000140  0d 4c ea 2c 88 24 22 1c  83 0f 87 e0 ab 00 e5 59  |.L.,.$"........Y|
00000150  6f 5b 1f 68 29 be 6c df  a8 30 d0 44 7a 21 6b 03  |o[.h).l..0.Dz!k.|
00000160  a8 dd bd fa 11 51 7e fc  59 c0 7c 60 25 8f 07 77  |.....Q~.Y.|`%..w|
00000170  fd 98 9c 71 37 47 07 83  40 30 20 6a b0 83 20 f4  |...q7G..@0 j.. .|
00000180  19 86 f7 7b db f0 84 d5  ed 6f 3a 0a ce 94 87 97  |...{.....o:.....|
00000190  9c 15 99 1e 41 ff db 2b  82 18 fe 79 43 1e 9d 40  |....A..+...yC..@|
000001a0  40 3e 9f aa e4 4a d6 1a  93 55 e1 76 b2 d2 e4 aa  |@>...J...U.v....|
000001b0  3d 6c 3c 08 20 d8 3a 83  e4 f9 f6 af 81 19 00 f8  |=l<. .:.........|
000001c0  6d cc 82 66 7d e9 02 00  00 00 00 f8 06 00 00 00  |m..f}...........|
000001d0  00 00 00 00 00 00 00 00  00 00 00 00 00 00 00 00  |................|
*
000001f0  00 00 00 00 00 00 00 00  00 00 00 00 00 00 55 aa  |..............U.|
00000200
 
thank you very much,sorry for my english

---

### Post by Rubi1200 on 2011-01-08
Thanks for posting the results.

Take a look here:
[http://sourceforge.net/apps/mediawiki/bootinfoscript/index.php?title=Boot_Problems:Computer_does_not_boot_without_external_drive](http://sourceforge.net/apps/mediawiki/bootinfoscript/index.php?title=Boot_Problems:Computer_does_not_boot_without_external_drive)

This should work for you even though it says external disk rather than USB stick.

Let me know how it goes.

---

### Post by Meantsaki on 2011-01-10
It worked,thank you very much...all are working how they should!!!!!

---

### Post by Rubi1200 on 2011-01-10
Excellent! I am glad you got it sorted out. 

You are more than welcome too :)

Please mark this thread Solved using the Thread Tools near the top of the page.

---

### Post by Meantsaki on 2011-03-06
Thank you again,i used this thread for second time,i have only one request,i dont understand how to avoid this thing...thank you

---

