---
title: "U9.04 RAMDOM freezing too..."
date: 2009-07-29
forum: General Help
---

### Post by xienohp on 2009-07-29
> Jul 29 18:26:04 xienohp-desktop kernel: [   18.389060] ADDRCONF(NETDEV_CHANGE): eth0: link becomes ready
Jul 29 18:26:15 xienohp-desktop kernel: [   28.188431] Inbound IN=eth0 OUT= MAC=00:15:58:e4:54:49:00:15:2b:14:5d:41:08:00 SRC=4.53.94.72 DST=61.238.105.6 LEN=48 TOS=0x00 PREC=0x00 TTL=117 ID=10544 PROTO=TCP SPT=61597 DPT=22 WINDOW=65535 RES=0x00 SYN URGP=0 
Jul 29 18:29:05 xienohp-desktop kernel: [  198.527024] Inbound IN=eth0 OUT= MAC=00:15:58:e4:54:49:00:15:2b:14:5d:41:08:00 SRC=24.130.223.17 DST=61.238.105.6 LEN=129 TOS=0x00 PREC=0x00 TTL=115 ID=53507 PROTO=UDP SPT=20416 DPT=7163 LEN=109 
Jul 29 18:29:11 xienohp-desktop kernel: [  204.147977] Inbound IN=eth0 OUT= MAC=00:15:58:e4:54:49:00:15:2b:14:5d:41:08:00 SRC=24.130.223.17 DST=61.238.105.6 LEN=156 TOS=0x00 PREC=0x00 TTL=115 ID=55194 PROTO=UDP SPT=20416 DPT=7163 LEN=136 
Jul 29 18:34:34 xienohp-desktop kernel: [  527.125903] Inbound IN=eth0 OUT= MAC=00:15:58:e4:54:49:00:15:2b:14:5d:41:08:00 SRC=58.211.138.95 DST=61.238.105.6 LEN=40 TOS=0x00 PREC=0x00 TTL=106 ID=256 PROTO=TCP SPT=6000 DPT=1433 WINDOW=16384 RES=0x00 SYN URGP=0 
Jul 29 18:38:48 xienohp-desktop kernel: [  781.196950] Inbound IN=eth0 OUT= MAC=00:15:58:e4:54:49:00:15:2b:14:5d:41:08:00 SRC=119.246.100.248 DST=61.238.105.6 LEN=90 TOS=0x00 PREC=0x00 TTL=121 ID=8901 PROTO=UDP SPT=26259 DPT=7163 LEN=70 
Jul 29 18:39:42 xienohp-desktop kernel: [  835.606724] Inbound IN=eth0 OUT= MAC=00:15:58:e4:54:49:00:15:2b:14:5d:41:08:00 SRC=211.144.95.6 DST=61.238.105.6 LEN=40 TOS=0x00 PREC=0x00 TTL=103 ID=60216 PROTO=TCP SPT=6000 DPT=1433 WINDOW=16384 RES=0x00 SYN URGP=0 
Jul 29 18:39:47 xienohp-desktop kernel: [  840.513164] Inbound IN=eth0 OUT= MAC=00:15:58:e4:54:49:00:15:2b:14:5d:41:08:00 SRC=96.227.51.247 DST=61.238.105.6 LEN=64 TOS=0x00 PREC=0x00 TTL=50 ID=32708 DF PROTO=TCP SPT=58406 DPT=64198 WINDOW=65535 RES=0x00 SYN URGP=0 
Jul 29 18:39:49 xienohp-desktop kernel: [  843.047109] Inbound IN=eth0 OUT= MAC=00:15:58:e4:54:49:00:15:2b:14:5d:41:08:00 SRC=96.227.51.247 DST=61.238.105.6 LEN=64 TOS=0x00 PREC=0x00 TTL=50 ID=32963 DF PROTO=TCP SPT=58406 DPT=64198 WINDOW=65535 RES=0x00 SYN URGP=0 
Jul 29 18:39:52 xienohp-desktop kernel: [  846.073713] Inbound IN=eth0 OUT= MAC=00:15:58:e4:54:49:00:15:2b:14:5d:41:08:00 SRC=96.227.51.247 DST=61.238.105.6 LEN=64 TOS=0x00 PREC=0x00 TTL=50 ID=33268 DF PROTO=TCP SPT=58406 DPT=64198 WINDOW=65535 RES=0x00 SYN URGP=0 
Jul 29 18:39:55 xienohp-desktop kernel: [  849.054146] Inbound IN=eth0 OUT= MAC=00:15:58:e4:54:49:00:15:2b:14:5d:41:08:00 SRC=96.227.51.247 DST=61.238.105.6 LEN=48 TOS=0x00 PREC=0x00 TTL=50 ID=33583 DF PROTO=TCP SPT=58406 DPT=64198 WINDOW=65535 RES=0x00 SYN URGP=0 
Jul 29 18:39:58 xienohp-desktop kernel: [  852.070172] Inbound IN=eth0 OUT= MAC=00:15:58:e4:54:49:00:15:2b:14:5d:41:08:00 SRC=96.227.51.247 DST=61.238.105.6 LEN=48 TOS=0x00 PREC=0x00 TTL=50 ID=33894 DF PROTO=TCP SPT=58406 DPT=64198 WINDOW=65535 RES=0x00 SYN URGP=0 
Jul 29 18:40:01 xienohp-desktop kernel: [  855.057964] Inbound IN=eth0 OUT= MAC=00:15:58:e4:54:49:00:15:2b:14:5d:41:08:00 SRC=96.227.51.247 DST=61.238.105.6 LEN=48 TOS=0x00 PREC=0x00 TTL=50 ID=34210 DF PROTO=TCP SPT=58406 DPT=64198 WINDOW=65535 RES=0x00 SYN URGP=0 
Jul 29 18:40:08 xienohp-desktop kernel: [  861.102146] Inbound IN=eth0 OUT= MAC=00:15:58:e4:54:49:00:15:2b:14:5d:41:08:00 SRC=96.227.51.247 DST=61.238.105.6 LEN=48 TOS=0x00 PREC=0x00 TTL=50 ID=34859 DF PROTO=TCP SPT=58406 DPT=64198 WINDOW=65535 RES=0x00 SYN URGP=0 
Jul 29 18:40:19 xienohp-desktop kernel: [  873.088326] Inbound IN=eth0 OUT= MAC=00:15:58:e4:54:49:00:15:2b:14:5d:41:08:00 SRC=96.227.51.247 DST=61.238.105.6 LEN=48 TOS=0x00 PREC=0x00 TTL=50 ID=36116 DF PROTO=TCP SPT=58406 DPT=64198 WINDOW=65535 RES=0x00 SYN URGP=0 
Jul 29 18:40:43 xienohp-desktop kernel: [  897.085486] Inbound IN=eth0 OUT= MAC=00:15:58:e4:54:49:00:15:2b:14:5d:41:08:00 SRC=96.227.51.247 DST=61.238.105.6 LEN=48 TOS=0x00 PREC=0x00 TTL=50 ID=38699 DF PROTO=TCP SPT=58406 DPT=64198 WINDOW=65535 RES=0x00 SYN URGP=0 
Jul 29 18:41:18 xienohp-desktop kernel: [  932.087703] Inbound IN=eth0 OUT= MAC=00:15:58:e4:54:49:00:15:2b:14:5d:41:08:00 SRC=119.163.120.43 DST=61.238.105.6 LEN=40 TOS=0x00 PREC=0x00 TTL=103 ID=256 PROTO=TCP SPT=6000 DPT=1433 WINDOW=16384 RES=0x00 SYN URGP=0 
Jul 29 18:43:58 xienohp-desktop kernel: [ 1091.180224] Inbound IN=eth0 OUT= MAC=00:15:58:e4:54:49:00:15:2b:14:5d:41:08:00 SRC=205.209.161.99 DST=61.238.105.6 LEN=40 TOS=0x00 PREC=0x00 TTL=113 ID=256 DF PROTO=TCP SPT=12200 DPT=1080 WINDOW=8192 RES=0x00 SYN URGP=0 
Jul 29 18:43:58 xienohp-desktop kernel: [ 1091.222677] Inbound IN=eth0 OUT= MAC=00:15:58:e4:54:49:00:15:2b:14:5d:41:08:00 SRC=205.209.161.99 DST=61.238.105.6 LEN=40 TOS=0x00 PREC=0x00 TTL=113 ID=256 DF PROTO=TCP SPT=12200 DPT=8080 WINDOW=8192 RES=0x00 SYN URGP=0 
Jul 29 18:44:19 xienohp-desktop kernel: [ 1112.538715] Inbound IN=eth0 OUT= MAC=00:15:58:e4:54:49:00:15:2b:14:5d:41:08:00 SRC=213.67.206.187 DST=61.238.105.6 LEN=64 TOS=0x00 PREC=0x00 TTL=54 ID=51495 DF PROTO=TCP SPT=65370 DPT=64198 WINDOW=65535 RES=0x00 SYN URGP=0 
Jul 29 18:44:20 xienohp-desktop kernel: [ 1113.434319] Inbound IN=eth0 OUT= MAC=00:15:58:e4:54:49:00:15:2b:14:5d:41:08:00 SRC=213.67.206.187 DST=61.238.105.6 LEN=64 TOS=0x00 PREC=0x00 TTL=54 ID=3610 DF PROTO=TCP SPT=65370 DPT=64198 WINDOW=65535 RES=0x00 SYN URGP=0 
Jul 29 18:44:21 xienohp-desktop kernel: [ 1114.455400] Inbound IN=eth0 OUT= MAC=00:15:58:e4:54:49:00:15:2b:14:5d:41:08:00 SRC=213.67.206.187 DST=61.238.105.6 LEN=64 TOS=0x00 PREC=0x00 TTL=54 ID=16442 DF PROTO=TCP SPT=65370 DPT=64198 WINDOW=65535 RES=0x00 SYN URGP=0 
Jul 29 18:44:22 xienohp-desktop kernel: [ 1115.479932] Inbound IN=eth0 OUT= MAC=00:15:58:e4:54:49:00:15:2b:14:5d:41:08:00 SRC=213.67.206.187 DST=61.238.105.6 LEN=48 TOS=0x00 PREC=0x00 TTL=54 ID=50014 DF PROTO=TCP SPT=65370 DPT=64198 WINDOW=65535 RES=0x00 SYN URGP=0 
Jul 29 18:44:23 xienohp-desktop kernel: [ 1116.438405] Inbound IN=eth0 OUT= MAC=00:15:58:e4:54:49:00:15:2b:14:5d:41:08:00 SRC=213.67.206.187 DST=61.238.105.6 LEN=48 TOS=0x00 PREC=0x00 TTL=54 ID=48384 DF PROTO=TCP SPT=65370 DPT=64198 WINDOW=65535 RES=0x00 SYN URGP=0 
Jul 29 18:44:24 xienohp-desktop kernel: [ 1117.528551] Inbound IN=eth0 OUT= MAC=00:15:58:e4:54:49:00:15:2b:14:5d:41:08:00 SRC=213.67.206.187 DST=61.238.105.6 LEN=48 TOS=0x00 PREC=0x00 TTL=54 ID=8226 DF PROTO=TCP SPT=65370 DPT=64198 WINDOW=65535 RES=0x00 SYN URGP=0 
Jul 29 18:44:26 xienohp-desktop kernel: [ 1119.632284] Inbound IN=eth0 OUT= MAC=00:15:58:e4:54:49:00:15:2b:14:5d:41:08:00 SRC=213.67.206.187 DST=61.238.105.6 LEN=48 TOS=0x00 PREC=0x00 TTL=54 ID=24665 DF PROTO=TCP SPT=65370 DPT=64198 WINDOW=65535 RES=0x00 SYN URGP=0 
Jul 29 18:44:30 xienohp-desktop kernel: [ 1123.484499] Inbound IN=eth0 OUT= MAC=00:15:58:e4:54:49:00:15:2b:14:5d:41:08:00 SRC=213.67.206.187 DST=61.238.105.6 LEN=48 TOS=0x00 PREC=0x00 TTL=54 ID=44843 DF PROTO=TCP SPT=65370 DPT=64198 WINDOW=65535 RES=0x00 SYN URGP=0 
Jul 29 18:44:38 xienohp-desktop kernel: [ 1131.505906] Inbound IN=eth0 OUT= MAC=00:15:58:e4:54:49:00:15:2b:14:5d:41:08:00 SRC=213.67.206.187 DST=61.238.105.6 LEN=48 TOS=0x00 PREC=0x00 TTL=54 ID=21601 DF PROTO=TCP SPT=65370 DPT=64198 WINDOW=65535 RES=0x00 SYN URGP=0 
Jul 29 18:44:54 xienohp-desktop kernel: [ 1147.547945] Inbound IN=eth0 OUT= MAC=00:15:58:e4:54:49:00:15:2b:14:5d:41:08:00 SRC=213.67.206.187 DST=61.238.105.6 LEN=48 TOS=0x00 PREC=0x00 TTL=54 ID=26710 DF PROTO=TCP SPT=65370 DPT=64198 WINDOW=65535 RES=0x00 SYN URGP=0 
Jul 29 18:52:19 xienohp-desktop kernel: [ 1592.206617] Inbound IN=eth0 OUT= MAC=00:15:58:e4:54:49:00:15:2b:14:5d:41:08:00 SRC=125.192.40.137 DST=61.238.105.6 LEN=126 TOS=0x00 PREC=0x00 TTL=113 ID=61132 PROTO=UDP SPT=18875 DPT=7163 LEN=106 
Jul 29 18:54:13 xienohp-desktop kernel: [ 1706.162116] Inbound IN=eth0 OUT= MAC=00:15:58:e4:54:49:00:15:2b:14:5d:41:08:00 SRC=122.116.31.112 DST=61.238.105.6 LEN=126 TOS=0x00 PREC=0x00 TTL=118 ID=35762 PROTO=UDP SPT=17719 DPT=7163 LEN=106 
Jul 29 19:00:24 xienohp-desktop kernel: [ 2077.914179] Inbound IN=eth0 OUT= MAC=00:15:58:e4:54:49:00:15:2b:14:5d:41:08:00 SRC=222.186.13.75 DST=61.238.105.6 LEN=40 TOS=0x00 PREC=0x00 TTL=106 ID=256 PROTO=TCP SPT=6000 DPT=8080 WINDOW=16384 RES=0x00 SYN URGP=0 
Jul 29 19:01:05 xienohp-desktop kernel: [ 2119.041313] Inbound IN=eth0 OUT= MAC=00:15:58:e4:54:49:00:15:2b:14:5d:41:08:00 SRC=222.216.28.179 DST=61.238.105.6 LEN=40 TOS=0x00 PREC=0x00 TTL=111 ID=256 DF PROTO=TCP SPT=12200 DPT=8088 WINDOW=8192 RES=0x00 SYN URGP=0 
Jul 29 19:01:06 xienohp-desktop kernel: [ 2119.430375] Inbound IN=eth0 OUT= MAC=00:15:58:e4:54:49:00:15:2b:14:5d:41:08:00 SRC=222.216.28.179 DST=61.238.105.6 LEN=40 TOS=0x00 PREC=0x00 TTL=111 ID=256 DF PROTO=TCP SPT=12200 DPT=8090 WINDOW=8192 RES=0x00 SYN URGP=0 
Jul 29 19:01:13 xienohp-desktop kernel: [ 2126.367910] Inbound IN=eth0 OUT= MAC=00:15:58:e4:54:49:00:15:2b:14:5d:41:08:00 SRC=114.38.176.164 DST=61.238.105.6 LEN=126 TOS=0x00 PREC=0x00 TTL=116 ID=1079 PROTO=UDP SPT=27078 DPT=7163 LEN=106 
Jul 29 19:03:55 xienohp-desktop kernel: [ 2288.178261] Inbound IN=eth0 OUT= MAC=00:15:58:e4:54:49:00:15:2b:14:5d:41:08:00 SRC=115.124.98.62 DST=61.238.105.6 LEN=40 TOS=0x00 PREC=0x00 TTL=116 ID=256 DF PROTO=TCP SPT=12200 DPT=1080 WINDOW=8192 RES=0x00 SYN URGP=0 
Jul 29 19:06:50 xienohp-desktop kernel: [ 2464.005798] Inbound IN=eth0 OUT= MAC=00:15:58:e4:54:49:00:15:2b:14:5d:41:08:00 SRC=82.255.255.146 DST=61.238.105.6 LEN=126 TOS=0x00 PREC=0x00 TTL=114 ID=28708 PROTO=UDP SPT=16248 DPT=7163 LEN=106 
Lots of crazy text appear before crash

Again, crash just after login:
> Jul 30 07:40:57 xienohp-desktop syslogd 1.5.0#5ubuntu3: restart.
Jul 30 07:40:57 xienohp-desktop kernel: Inspecting /boot/System.map-2.6.30-02063003-generic
Jul 30 07:40:57 xienohp-desktop kernel: Cannot find map file.
Jul 30 07:40:57 xienohp-desktop kernel: Loaded 60760 symbols from 45 modules.
Jul 30 07:40:57 xienohp-desktop kernel: [    0.000000] Initializing cgroup subsys cpuset
Jul 30 07:40:57 xienohp-desktop kernel: [    0.000000] Initializing cgroup subsys cpu
Jul 30 07:40:57 xienohp-desktop kernel: [    0.000000] Linux version 2.6.30-02063003-generic (root@zinc) (gcc version 4.2.3 (Ubuntu 4.2.3-2ubuntu7)) #02063003 SMP Sat Jul 25 10:57:13 UTC 2009
Jul 30 07:40:57 xienohp-desktop kernel: [    0.000000] KERNEL supported cpus:
Jul 30 07:40:57 xienohp-desktop kernel: [    0.000000]   Intel GenuineIntel
Jul 30 07:40:57 xienohp-desktop kernel: [    0.000000]   AMD AuthenticAMD
Jul 30 07:40:57 xienohp-desktop kernel: [    0.000000]   NSC Geode by NSC
Jul 30 07:40:57 xienohp-desktop kernel: [    0.000000]   Cyrix CyrixInstead
Jul 30 07:40:57 xienohp-desktop kernel: [    0.000000]   Centaur CentaurHauls
Jul 30 07:40:57 xienohp-desktop kernel: [    0.000000]   Transmeta GenuineTMx86
Jul 30 07:40:57 xienohp-desktop kernel: [    0.000000]   Transmeta TransmetaCPU
Jul 30 07:40:57 xienohp-desktop kernel: [    0.000000]   UMC UMC UMC UMC
Jul 30 07:40:57 xienohp-desktop kernel: [    0.000000] BIOS-provided physical RAM map:
Jul 30 07:40:57 xienohp-desktop kernel: [    0.000000]  BIOS-e820: 0000000000000000 - 000000000009e000 (usable)
Jul 30 07:40:57 xienohp-desktop kernel: [    0.000000]  BIOS-e820: 000000000009e000 - 00000000000a0000 (reserved)
Jul 30 07:40:57 xienohp-desktop kernel: [    0.000000]  BIOS-e820: 00000000000dc000 - 00000000000e0000 (reserved)
Jul 30 07:40:57 xienohp-desktop kernel: [    0.000000]  BIOS-e820: 00000000000e4000 - 0000000000100000 (reserved)
Jul 30 07:40:57 xienohp-desktop kernel: [    0.000000]  BIOS-e820: 0000000000100000 - 000000009f680000 (usable)
Jul 30 07:40:57 xienohp-desktop kernel: [    0.000000]  BIOS-e820: 000000009f680000 - 000000009f690000 (ACPI data)
Jul 30 07:40:57 xienohp-desktop kernel: [    0.000000]  BIOS-e820: 000000009f690000 - 000000009f700000 (ACPI NVS)
Jul 30 07:40:57 xienohp-desktop kernel: [    0.000000]  BIOS-e820: 000000009f700000 - 00000000a0000000 (reserved)
Jul 30 07:40:57 xienohp-desktop kernel: [    0.000000]  BIOS-e820: 00000Jul 30 07:42:21 xienohp-desktop syslogd 1.5.0#5ubuntu3: restart.
Jul 30 07:42:21 xienohp-desktop kernel: Inspecting /boot/System.map-2.6.30-02063003-generic
Jul 30 07:42:21 xienohp-desktop kernel: Cannot find map file.
Jul 30 07:42:21 xienohp-desktop kernel: Loaded 60760 symbols from 45 modules.
Jul 30 07:42:21 xienohp-desktop kernel: [    0.000000] Initializing cgroup subsys cpuset
Jul 30 07:42:21 xienohp-desktop kernel: [    0.000000] Initializing cgroup subsys cpu
Jul 30 07:42:21 xienohp-desktop kernel: [    0.000000] Linux version 2.6.30-02063003-generic (root@zinc) (gcc version 4.2.3 (Ubuntu 4.2.3-2ubuntu7)) #02063003 SMP Sat Jul 25 10:57:13 UTC 2009
Jul 30 07:42:21 xienohp-desktop kernel: [    0.000000] KERNEL supported cpus:
Jul 30 07:42:21 xienohp-desktop kernel: [    0.000000]   Intel GenuineIntel
Jul 30 07:42:21 xienohp-desktop kernel: [    0.000000]   AMD AuthenticAMD
Jul 30 07:42:21 xienohp-desktop kernel: [    0.000000]   NSC Geode by NSC
Jul 30 07:42:21 xienohp-desktop kernel: [    0.000000]   Cyrix CyrixInstead
Jul 30 07:42:21 xienohp-desktop kernel: [    0.000000]   Centaur CentaurHauls
Jul 30 07:42:21 xienohp-desktop kernel: [    0.000000]   Transmeta GenuineTMx86
Jul 30 07:42:21 xienohp-desktop kernel: [    0.000000]   Transmeta TransmetaCPU
Jul 30 07:42:21 xienohp-desktop kernel: [    0.000000]   UMC UMC UMC UMC
Jul 30 07:42:21 xienohp-desktop kernel: [    0.000000] BIOS-provided physical RAM map:
Jul 30 07:42:21 xienohp-desktop kernel: [    0.000000]  BIOS-e820: 0000000000000000 - 000000000009e000 (usable)
Jul 30 07:42:21 xienohp-desktop kernel: [    0.000000]  BIOS-e820: 000000000009e000 - 00000000000a0000 (reserved)
Jul 30 07:42:21 xienohp-desktop kernel: [    0.000000]  BIOS-e820: 00000000000dc000 - 00000000000e0000 (reserved)
Jul 30 07:42:21 xienohp-desktop kernel: [    0.000000]  BIOS-e820: 00000000000e4000 - 0000000000100000 (reserved)
Jul 30 07:42:21 xienohp-desktop kernel: [    0.000000]  BIOS-e820: 0000000000100000 - 000000009f680000 (usable)
Jul 30 07:42:21 xienohp-desktop kernel: [    0.000000]  BIOS-e820: 000000009f680000 - 000000009f690000 (ACPI data)
Jul 30 07:42:21 xienohp-desktop kernel: [    0.000000]  BIOS-e820: 000000009f690000 - 000000009f700000 (ACPI NVS)
Jul 30 07:42:21 xienohp-desktop kernel: [    0.000000]  BIOS-e820: 000000009f700000 - 00000000a0000000 (reserved)
Jul 30 07:42:21 xienohp-desktop kernel: [    0.000000]  BIOS-e820: 00000000fec00000 - 00000000fec10000 (reserved)
Jul 30 07:42:21 xienohp-desktop kernel: [    0.000000]  BIOS-e820: 00000000fed1c000 - 00000000fed20000 (reserved)
Jul 30 07:42:21 xienohp-desktop kernel: [    0.000000]  BIOS-e820: 00000000fee00000 - 00000000fee01000 (reserved)
Jul 30 07:42:21 xienohp-desktop kernel: [    0.000000]  BIOS-e820: 00000000ff000000 - 0000000100000000 (reserved)
Jul 30 07:42:21 xienohp-desktop kernel: [    0.000000] DMI present.
Jul 30 07:42:21 xienohp-desktop kernel: [    0.000000] last_pfn = 0x9f680 max_arch_pfn = 0x100000
Jul 30 07:42:21 xienohp-desktop kernel: [    0.000000] Scanning 1 areas for low memory corruption
Jul 30 07:42:21 xienohp-desktop kernel: [    0.000000] modified physical RAM map:
Jul 30 07:42:21 xienohp-desktop kernel: [    0.000000]  modified: 0000000000000000 - 0000000000002000 (usable)
Jul 30 07:42:21 xienohp-desktop kernel: [    0.000000]  modified: 0000000000002000 - 0000000000006000 (reserved)
Jul 30 07:42:21 xienohp-desktop kernel: [    0.000000]  modified: 0000000000006000 - 000000000009e000 (usable)
Jul 30 07:42:21 xienohp-desktop kernel: [    0.000000]  modified: 000000000009e000 - 00000000000a0000 (reserved)
Jul 30 07:42:21 xienohp-desktop kernel: [    0.000000]  modified: 00000000000dc000 - 00000000000e0000 (reserved)
Jul 30 07:42:21 xienohp-desktop kernel: [    0.000000]  modified: 00000000000e4000 - 0000000000100000 (reserved)
Jul 30 07:42:21 xienohp-desktop kernel: [    0.000000]  modified: 0000000000100000 - 000000009f680000 (usable)
Jul 30 07:42:21 xienohp-desktop kernel: [    0.000000]  modified: 000000009f680000 - 000000009f690000 (ACPI data)
Jul 30 07:42:21 xienohp-desktop kernel: [    0.000000]  modified: 000000009f690000 - 000000009f700000 (ACPI NVS)
Jul 30 07:42:21 xienohp-desktop kernel: [    0.000000]  modified: 000000009f700000 - 00000000a0000000 (reserved)
Jul 30 07:42:21 xienohp-desktop kernel: [    0.000000]  modified: 00000000fec00000 - 00000000fec10000 (reserved)
Jul 30 07:42:21 xienohp-desktop kernel: [    0.000000]  modified: 00000000fed1c000 - 00000000fed20000 (reserved)
Jul 30 07:42:21 xienohp-desktop kernel: [    0.000000]  modified: 00000000fee00000 - 00000000fee01000 (reserved)
Jul 30 07:42:21 xienohp-desktop kernel: [    0.000000]  modified: 00000000ff000000 - 0000000100000000 (reserved)
Jul 30 07:42:21 xienohp-desktop kernel: [    0.000000] init_memory_mapping: 0000000000000000-00000000377fe000
Jul 30 07:42:21 xienohp-desktop kernel: [    0.000000] RAMDISK: 378aa000 - 37fef9d6
Jul 30 07:42:21 xienohp-desktop kernel: [    0.000000] Allocated new RAMDISK: 0083a000 - 00f7f9d6
Jul 30 07:42:21 xienohp-desktop kernel: [    0.000000] Move RAMDISK from 00000000378aa000 - 0000000037fef9d5 to 0083a000 - 00f7f9d5
Jul 30 07:42:21 xienohp-desktop kernel: [    0.000000] ACPI: RSDP 000f6ec0 00014 (v00 LENOVO)
Jul 30 07:42:21 xienohp-desktop kernel: [    0.000000] ACPI: RSDT 9f68863f 00040 (v01 LENOVO TC-2O    00000041  LTP 00000000)
Jul 30 07:42:21 xienohp-desktop kernel: [    0.000000] ACPI: FACP 9f68fd18 00074 (v01 LENOVO TC-2O    00000041 PTL  00000003)
Jul 30 07:42:21 xienohp-desktop kernel: [    0.000000] ACPI: DSDT 9f689eb1 05E67 (v01  INTEL BR_2OTER 00000041 MSFT 0100000E)
Jul 30 07:42:21 xienohp-desktop kernel: [    0.000000] ACPI: FACS 9f692fc0 00040
Jul 30 07:42:21 xienohp-desktop kernel: [    0.000000] ACPI: TCPA 9f68fd8c 00032 (v02 LENOVO THI2OCEN 00000041 PTL  00000001)
Jul 30 07:42:21 xienohp-desktop kernel: [    0.000000] ACPI: SLIC 9f68fdbe 00176 (v01 LENOVO TC-2O    00000041  LTP 00000000)
Jul 30 07:42:21 xienohp-desktop kernel: [    0.000000] ACPI: MCFG 9f68ff34 0003C (v01 PTLTD    M2OG   00000041  LTP 00000000)
Jul 30 07:42:21 xienohp-desktop kernel: [    0.000000] ACPI: APIC 9f68ff70 00068 (v01 PTLTD  ^I A2OC   00000041  LTP 00000000)
Jul 30 07:42:21 xienohp-desktop kernel: [    0.000000] ACPI: BOOT 9f68ffd8 00028 (v01 PTLTD  $SB2OBL$ 00000041  LTP 00000001)
Jul 30 07:42:21 xienohp-desktop kernel: [    0.000000] ACPI: SSDT 9f68867f 013EC (v01  PmRef    CpuPm 00003000 INTL 20050228)
Jul 30 07:42:21 xienohp-desktop kernel: [    0.000000] 1662MB HIGHMEM available.
Jul 30 07:42:21 xienohp-desktop kernel: [    0.000000] 887MB LOWMEM available.
Jul 30 07:42:21 xienohp-desktop kernel: [    0.000000]   mapped low ram: 0 - 377fe000
Jul 30 07:42:21 xienohp-desktop kernel: [    0.000000]   low ram: 0 - 377fe000
Jul 30 07:42:21 xienohp-desktop kernel: [    0.000000]   node 0 low ram: 00000000 - 377fe000
Jul 30 07:42:21 xienohp-desktop kernel: [    0.000000]   node 0 bootmap 00008000 - 0000ef00
Jul 30 07:42:21 xienohp-desktop kernel: [    0.000000] (9 early reservations) ==> bootmem [0000000000 - 00377fe000]
Jul 30 07:42:21 xienohp-desktop kernel: [    0.000000]   #0 [0000000000 - 0000001000]   BIOS data page ==> [0000000000 - 0000001000]
Jul 30 07:42:21 xienohp-desktop kernel: [    0.000000]   #1 [0000001000 - 0000002000]    EX TRAMPOLINE ==> [0000001000 - 0000002000]
Jul 30 07:42:21 xienohp-desktop kernel: [    0.000000]   #2 [0000006000 - 0000007000]       TRAMPOLINE ==> [0000006000 - 0000007000]
Jul 30 07:42:21 xienohp-desktop kernel: [    0.000000]   #3 [0000100000 - 0000835454]    TEXT DATA BSS ==> [0000100000 - 0000835454]
Jul 30 07:42:21 xienohp-desktop kernel: [    0.000000]   #4 [000009e000 - 0000100000]    BIOS reserved ==> [000009e000 - 0000100000]
Jul 30 07:42:21 xienohp-desktop kernel: [    0.000000]   #5 [0000836000 - 0000839120]              BRK ==> [0000836000 - 0000839120]
Jul 30 07:42:21 xienohp-desktop kernel: [    0.000000]   #6 [0000007000 - 0000008000]          PGTABLE ==> [0000007000 - 0000008000]
Jul 30 07:42:21 xienohp-desktop kernel: [    0.000000]   #7 [000083a000 - 0000f7f9d6]      NEW RAMDISK ==> [000083a000 - 0000f7f9d6]
Jul 30 07:42:21 xienohp-desktop kernel: [    0.000000]   #8 [0000008000 - 000000f000]          BOOTMAP ==> [0000008000 - 000000f000]
Jul 30 07:42:21 xienohp-desktop kernel: [    0.000000] found SMP MP-table at [c00f7070] f7070
Jul 30 07:42:21 xienohp-desktop kernel: [    0.000000] Zone PFN ranges:
Jul 30 07:42:21 xienohp-desktop kernel: [    0.000000]   DMA      0x00000000 -> 0x00001000
Jul 30 07:42:21 xienohp-desktop kernel: [    0.000000]   Normal   0x00001000 -> 0x000377fe
Jul 30 07:42:21 xienohp-desktop kernel: [    0.000000]   HighMem  0x000377fe -> 0x0009f680
Jul 30 07:42:21 xienohp-desktop kernel: [    0.000000] Movable zone start PFN for each node
Jul 30 07:42:21 xienohp-desktop kernel: [    0.000000] early_node_map[3] active PFN ranges
Jul 30 07:42:21 xienohp-desktop kernel: [    0.000000]     0: 0x00000000 -> 0x00000002
Jul 30 07:42:21 xienohp-desktop kernel: [    0.000000]     0: 0x00000006 -> 0x0000009e
Jul 30 07:42:21 xienohp-desktop kernel: [    0.000000]     0: 0x00000100 -> 0x0009f680
Jul 30 07:42:21 xienohp-desktop kernel: [    0.000000] Using APIC driver default
Jul 30 07:42:21 xienohp-desktop kernel: [    0.000000] ACPI: PM-Timer IO Port: 0x1008
Jul 30 07:42:21 xienohp-desktop kernel: [    0.000000] ACPI: LAPIC (acpi_id[0x00] lapic_id[0x00] enabled)
Jul 30 07:42:21 xienohp-desktop kernel: [    0.000000] ACPI: LAPIC (acpi_id[0x01] lapic_id[0x01] enabled)
Jul 30 07:42:21 xienohp-desktop kernel: [    0.000000] ACPI: LAPIC_NMI (acpi_id[0x00] high edge lint[0x1])
Jul 30 07:42:21 xienohp-desktop kernel: [    0.000000] ACPI: LAPIC_NMI (acpi_id[0x01] high edge lint[0x1])
Jul 30 07:42:21 xienohp-desktop kernel: [    0.000000] ACPI: IOAPIC (id[0x02] address[0xfec00000] gsi_base[0])
Jul 30 07:42:21 xienohp-desktop kernel: [    0.000000] IOAPIC[0]: apic_id 2, version 32, address 0xfec00000, GSI 0-23
Jul 30 07:42:21 xienohp-desktop kernel: [    0.000000] ACPI: INT_SRC_OVR (bus 0 bus_irq 0 global_irq 2 high edge)
Jul 30 07:42:21 xienohp-desktop kernel: [    0.000000] ACPI: INT_SRC_OVR (bus 0 bus_irq 9 global_irq 9 high level)
Jul 30 07:42:21 xienohp-desktop kernel: [    0.000000] Enabling APIC mode:  Flat.  Using 1 I/O APICs
Jul 30 07:42:21 xienohp-desktop kernel: [    0.000000] Using ACPI (MADT) for SMP configuration information
Jul 30 07:42:21 xienohp-desktop kernel: [    0.000000] SMP: Allowing 2 CPUs, 0 hotplug CPUs
Jul 30 07:42:21 xienohp-desktop kernel: [    0.000000] PM: Registered nosave memory: 0000000000002000 - 0000000000006000
Jul 30 07:42:21 xienohp-desktop kernel: [    0.000000] PM: Registered nosave memory: 000000000009e000 - 00000000000a0000
Jul 30 07:42:21 xienohp-desktop kernel: [    0.000000] PM: Registered nosave memory: 00000000000a0000 - 00000000000dc000
Jul 30 07:42:21 xienohp-desktop kernel: [    0.000000] PM: Registered nosave memory: 00000000000dc000 - 00000000000e0000
Jul 30 07:42:21 xienohp-desktop kernel: [    0.000000] PM: Registered nosave memory: 00000000000e0000 - 00000000000e4000
Jul 30 07:42:21 xienohp-desktop kernel: [    0.000000] PM: Registered nosave memory: 00000000000e4000 - 0000000000100000
Jul 30 07:42:21 xienohp-desktop kernel: [    0.000000] Allocating PCI resources starting at a8000000 (gap: a0000000:5ec00000)
Jul 30 07:42:21 xienohp-desktop kernel: [    0.000000] NR_CPUS:8 nr_cpumask_bits:8 nr_cpu_ids:2 nr_node_ids:1
Jul 30 07:42:21 xienohp-desktop kernel: [    0.000000] PERCPU: Embedded 12 pages at c23fa000, static data 25884 bytes
Jul 30 07:42:21 xienohp-desktop kernel: [    0.000000] Built 1 zonelists in Zone order, mobility grouping on.  Total pages: 647724
Jul 30 07:42:21 xienohp-desktop kernel: [    0.000000] Kernel command line: root=UUID=b67d08ed-07a1-4144-91b7-1f0c03fd7cd9 ro locale=zh_TW quiet splash 
Jul 30 07:42:21 xienohp-desktop kernel: [    0.000000] Enabling fast FPU save and restore... done.
Jul 30 07:42:21 xienohp-desktop kernel: [    0.000000] Enabling unmasked SIMD FPU exception support... done.
Jul 30 07:42:21 xienohp-desktop kernel: [    0.000000] Initializing CPU#0
Jul 30 07:42:21 xienohp-desktop kernel: [    0.000000] NR_IRQS:512
Jul 30 07:42:21 xienohp-desktop kernel: [    0.000000] PID hash table entries: 4096 (order: 12, 16384 bytes)
Jul 30 07:42:21 xienohp-desktop kernel: [    0.000000] Fast TSC calibration using PIT
Jul 30 07:42:21 xienohp-desktop kernel: [    0.000000] Detected 2992.443 MHz processor.
Jul 30 07:42:21 xienohp-desktop kernel: [    0.004000] Console: colour VGA+ 80x25
Jul 30 07:42:21 xienohp-desktop kernel: [    0.004000] console [tty0] enabled
Jul 30 07:42:21 xienohp-desktop kernel: [    0.004000] Dentry cache hash table entries: 131072 (order: 7, 524288 bytes)
Jul 30 07:42:21 xienohp-desktop kernel: [    0.004000] Inode-cache hash table entries: 65536 (order: 6, 262144 bytes)
Jul 30 07:42:21 xienohp-desktop kernel: [    0.004000] allocated 13058560 bytes of page_cgroup
Jul 30 07:42:21 xienohp-desktop kernel: [    0.004000] please try cgroup_disable=memory option if you don't want
Jul 30 07:42:21 xienohp-desktop kernel: [    0.004000] Initializing HighMem for node 0 (000377fe:0009f680)
Jul 30 07:42:21 xienohp-desktop kernel: [    0.004000] Memory: 2561492k/2611712k available (4181k kernel code, 48984k reserved, 2006k data, 528k init, 1702408k highmem)
Jul 30 07:42:21 xienohp-desktop kernel: [    0.004000] virtual kernel memory layout:
Jul 30 07:42:21 xienohp-desktop kernel: [    0.004000]     fixmap  : 0xfff4d000 - 0xfffff000   ( 712 kB)
Jul 30 07:42:21 xienohp-desktop kernel: [    0.004000]     pkmap   : 0xff800000 - 0xffc00000   (4096 kB)
Jul 30 07:42:21 xienohp-desktop kernel: [    0.004000]     vmalloc : 0xf7ffe000 - 0xff7fe000   ( 120 MB)
Jul 30 07:42:21 xienohp-desktop kernel: [    0.004000]     lowmem  : 0xc0000000 - 0xf77fe000   ( 887 MB)
Jul 30 07:42:21 xienohp-desktop kernel: [    0.004000]       .init : 0xc0716000 - 0xc079a000   ( 528 kB)
Jul 30 07:42:21 xienohp-desktop kernel: [    0.004000]       .data : 0xc0515400 - 0xc070aee8   (2006 kB)
Jul 30 07:42:21 xienohp-desktop kernel: [    0.004000]       .text : 0xc0100000 - 0xc0515400   (4181 kB)
Jul 30 07:42:21 xienohp-desktop kernel: [    0.004000] Checking if this processor honours the WP bit even in supervisor mode...Ok.
Jul 30 07:42:21 xienohp-desktop kernel: [    0.004000] SLUB: Genslabs=13, HWalign=128, Order=0-3, MinObjects=0, CPUs=2, Nodes=1
Jul 30 07:42:21 xienohp-desktop kernel: [    0.004010] Calibrating delay loop (skipped), value calculated using timer frequency.. 5984.88 BogoMIPS (lpj=11969772)
Jul 30 07:42:21 xienohp-desktop kernel: [    0.004039] Security Framework initialized
Jul 30 07:42:21 xienohp-desktop kernel: [    0.004046] SELinux:  Disabled at boot.
Jul 30 07:42:21 xienohp-desktop kernel: [    0.004055] Mount-cache hash table entries: 512
Jul 30 07:42:21 xienohp-desktop kernel: [    0.004223] Initializing cgroup subsys ns
Jul 30 07:42:21 xienohp-desktop kernel: [    0.004228] Initializing cgroup subsys cpuacct
Jul 30 07:42:21 xienohp-desktop kernel: [    0.004235] Initializing cgroup subsys memory
Jul 30 07:42:21 xienohp-desktop kernel: [    0.004243] Initializing cgroup subsys freezer
Jul 30 07:42:21 xienohp-desktop kernel: [    0.004266] CPU: Trace cache: 12K uops, L1 D cache: 16K
Jul 30 07:42:21 xienohp-desktop kernel: [    0.004270] CPU: L2 cache: 2048K
Jul 30 07:42:21 xienohp-desktop kernel: [    0.004275] CPU: Physical Processor ID: 0
Jul 30 07:42:21 xienohp-desktop kernel: [    0.004277] CPU: Processor Core ID: 0
Jul 30 07:42:21 xienohp-desktop kernel: [    0.004281] using mwait in idle threads.
Jul 30 07:42:21 xienohp-desktop kernel: [    0.004295] Checking 'hlt' instruction... OK.
Jul 30 07:42:21 xienohp-desktop kernel: [    0.022055] ACPI: Core revision 20090320
Jul 30 07:42:21 xienohp-desktop kernel: [    0.036414] ..TIMER: vector=0x30 apic1=0 pin1=2 apic2=-1 pin2=-1
Jul 30 07:42:21 xienohp-desktop kernel: [    0.077807] CPU0: Intel(R) Pentium(R) 4 CPU 3.00GHz stepping 05
Jul 30 07:42:21 xienohp-desktop kernel: [    0.080001] Booting processor 1 APIC 0x1 ip 0x6000
Jul 30 07:42:21 xienohp-desktop kernel: [    0.004000] Initializing CPU#1
Jul 30 07:42:21 xienohp-desktop kernel: [    0.004000] Calibrating delay using timer specific routine.. 5985.60 BogoMIPS (lpj=11971213)
Jul 30 07:42:21 xienohp-desktop kernel: [    0.004000] CPU: Trace cache: 12K uops, L1 D cache: 16K
Jul 30 07:42:21 xienohp-desktop kernel: [    0.004000] CPU: L2 cache: 2048K
Jul 30 07:42:21 xienohp-desktop kernel: [    0.004000] CPU: Physical Processor ID: 0
Jul 30 07:42:21 xienohp-desktop kernel: [    0.004000] CPU: Processor Core ID: 0
Jul 30 07:42:21 xienohp-desktop kernel: [    0.164578] CPU1: Intel(R) Pentium(R) 4 CPU 3.00GHz stepping 05
Jul 30 07:42:21 xienohp-desktop kernel: [    0.164602] checking TSC synchronization [CPU#0 -> CPU#1]: passed.
Jul 30 07:42:21 xienohp-desktop kernel: [    0.168054] Brought up 2 CPUs
Jul 30 07:42:21 xienohp-desktop kernel: [    0.168059] Total of 2 processors activated (11970.49 BogoMIPS).
Jul 30 07:42:21 xienohp-desktop kernel: [    0.168232] net_namespace: 1056 bytes
Jul 30 07:42:21 xienohp-desktop kernel: [    0.168232] Booting paravirtualized kernel on bare hardware
Jul 30 07:42:21 xienohp-desktop kernel: [    0.168401] regulator: core version 0.5
Jul 30 07:42:21 xienohp-desktop kernel: [    0.168401] Time: 23:42:10  Date: 07/29/09
Jul 30 07:42:21 xienohp-desktop kernel: [    0.168401] NET: Registered protocol family 16
Jul 30 07:42:21 xienohp-desktop kernel: [    0.168401] EISA bus registered
Jul 30 07:42:21 xienohp-desktop kernel: [    0.168401] ACPI: bus type pci registered
Jul 30 07:42:21 xienohp-desktop kernel: [    0.168401] PCI: MCFG configuration 0: base e0000000 segment 0 buses 0 - 9
Jul 30 07:42:21 xienohp-desktop kernel: [    0.168401] PCI: Not using MMCONFIG.
Jul 30 07:42:21 xienohp-desktop kernel: [    0.175786] PCI: Using configuration type 1 for base access
Jul 30 07:42:21 xienohp-desktop kernel: [    0.177002] bio: create slab <bio-0> at 0
Jul 30 07:42:21 xienohp-desktop kernel: [    0.183740] ACPI: Interpreter enabled
Jul 30 07:42:21 xienohp-desktop kernel: [    0.183748] ACPI: (supports S0 S1 S3 S4 S5)
Jul 30 07:42:21 xienohp-desktop kernel: [    0.183780] ACPI: Using IOAPIC for interrupt routing
Jul 30 07:42:21 xienohp-desktop kernel: [    0.183841] PCI: MCFG configuration 0: base e0000000 segment 0 buses 0 - 9
Jul 30 07:42:21 xienohp-desktop kernel: [    0.186207] PCI: MCFG area at e0000000 reserved in ACPI motherboard resources
Jul 30 07:42:21 xienohp-desktop kernel: [    0.186210] PCI: Using MMCONFIG for extended config space
Jul 30 07:42:21 xienohp-desktop kernel: [    0.193681] ACPI: No dock devices found.
Jul 30 07:42:21 xienohp-desktop kernel: [    0.193830] ACPI Warning (nspredef-0331): \_SB_.PCI0._OSC: Parameter count mismatch - ASL declared 5, ACPI requires 4 [20090320]
Jul 30 07:42:21 xienohp-desktop kernel: [    0.193847] ACPI: PCI Root Bridge [PCI0] (0000:00)
Jul 30 07:42:21 xienohp-desktop kernel: [    0.193985] pci 0000:00:01.0: PME# supported from D0 D3hot D3cold
Jul 30 07:42:21 xienohp-desktop kernel: [    0.193990] pci 0000:00:01.0: PME# disabled
Jul 30 07:42:21 xienohp-desktop kernel: [    0.194184] pci 0000:00:1b.0: PME# supported from D0 D3hot D3cold
Jul 30 07:42:21 xienohp-desktop kernel: [    0.194189] pci 0000:00:1b.0: PME# disabled
Jul 30 07:42:21 xienohp-desktop kernel: [    0.194256] pci 0000:00:1c.0: PME# supported from D0 D3hot D3cold
Jul 30 07:42:21 xienohp-desktop kernel: [    0.194262] pci 0000:00:1c.0: PME# disabled
Jul 30 07:42:21 xienohp-desktop kernel: [    0.194331] pci 0000:00:1c.1: PME# supported from D0 D3hot D3cold
Jul 30 07:42:21 xienohp-desktop kernel: [    0.194336] pci 0000:00:1c.1: PME# disabled
Jul 30 07:42:21 xienohp-desktop kernel: [    0.194677] pci 0000:00:1d.7: PME# supported from D0 D3hot D3cold
Jul 30 07:42:21 xienohp-desktop kernel: [    0.194682] pci 0000:00:1d.7: PME# disabled
Jul 30 07:42:21 xienohp-desktop kernel: [    0.194829] pci 0000:00:1f.0: quirk: region 1000-107f claimed by ICH6 ACPI/GPIO/TCO
Jul 30 07:42:21 xienohp-desktop kernel: [    0.194834] pci 0000:00:1f.0: quirk: region 1180-11bf claimed by ICH6 GPIO
Jul 30 07:42:21 xienohp-desktop kernel: [    0.194839] pci 0000:00:1f.0: ICH7 LPC Generic IO decode 1 PIO at 0290 (mask 003f)
Jul 30 07:42:21 xienohp-desktop kernel: [    0.194955] pci 0000:00:1f.2: PME# supported from D3hot
Jul 30 07:42:21 xienohp-desktop kernel: [    0.194960] pci 0000:00:1f.2: PME# disabled
Jul 30 07:42:21 xienohp-desktop kernel: [    0.195316] pci 0000:04:00.0: PME# supported from D3hot D3cold
Jul 30 07:42:21 xienohp-desktop kernel: [    0.195322] pci 0000:04:00.0: PME# disabled
Jul 30 07:42:21 xienohp-desktop kernel: [    0.195438] pci 0000:00:1e.0: transparent bridge
Jul 30 07:42:21 xienohp-desktop kernel: [    0.204666] ACPI: PCI Interrupt Link [LNKA] (IRQs 3 10 *11 14 15)
Jul 30 07:42:21 xienohp-desktop kernel: [    0.204810] ACPI: PCI Interrupt Link [LNKB] (IRQs 3 *10 11 14 15)
Jul 30 07:42:21 xienohp-desktop kernel: [    0.204952] ACPI: PCI Interrupt Link [LNKC] (IRQs 3 10 11 14 15) *5
Jul 30 07:42:21 xienohp-desktop kernel: [    0.205092] ACPI: PCI Interrupt Link [LNKD] (IRQs 3 *10 11 14 15)
Jul 30 07:42:21 xienohp-desktop kernel: [    0.205239] ACPI: PCI Interrupt Link [LNKE] (IRQs 3 10 11 14 15) *0, disabled.
Jul 30 07:42:21 xienohp-desktop kernel: [    0.205385] ACPI: PCI Interrupt Link [LNKF] (IRQs 3 10 11 14 15) *0, disabled.
Jul 30 07:42:21 xienohp-desktop kernel: [    0.205532] ACPI: PCI Interrupt Link [LNKG] (IRQs 3 10 *11 14 15)
Jul 30 07:42:21 xienohp-desktop kernel: [    0.205677] ACPI: PCI Interrupt Link [LNKH] (IRQs 3 *10 11 14 15)
Jul 30 07:42:21 xienohp-desktop kernel: [    0.205913] SCSI subsystem initialized
Jul 30 07:42:21 xienohp-desktop kernel: [    0.205965] usbcore: registered new interface driver usbfs
Jul 30 07:42:21 xienohp-desktop kernel: [    0.205965] usbcore: registered new interface driver hub
Jul 30 07:42:21 xienohp-desktop kernel: [    0.205965] usbcore: registered new device driver usb
Jul 30 07:42:21 xienohp-desktop kernel: [    0.205965] ACPI: WMI: Mapper loaded
Jul 30 07:42:21 xienohp-desktop kernel: [    0.205965] PCI: Using ACPI for IRQ routing
Jul 30 07:42:21 xienohp-desktop kernel: [    0.212395] pci 0000:00:01.0: BAR 7: can't allocate resource
Jul 30 07:42:21 xienohp-desktop kernel: [    0.212398] pci 0000:00:01.0: BAR 8: can't allocate resource
Jul 30 07:42:21 xienohp-desktop kernel: [    0.212401] pci 0000:00:01.0: BAR 9: can't allocate resource
Jul 30 07:42:21 xienohp-desktop kernel: [    0.212405] pci 0000:00:1c.0: BAR 7: can't allocate resource
Jul 30 07:42:21 xienohp-desktop kernel: [    0.212408] pci 0000:00:1c.0: BAR 8: can't allocate resource
Jul 30 07:42:21 xienohp-desktop kernel: [    0.212411] pci 0000:00:1c.0: BAR 9: can't allocate resource
Jul 30 07:42:21 xienohp-desktop kernel: [    0.224015] Bluetooth: Core ver 2.15
Jul 30 07:42:21 xienohp-desktop kernel: [    0.224042] NET: Registered protocol family 31
Jul 30 07:42:21 xienohp-desktop kernel: [    0.224042] Bluetooth: HCI device and connection manager initialized
Jul 30 07:42:21 xienohp-desktop kernel: [    0.224042] Bluetooth: HCI socket layer initialized
Jul 30 07:42:21 xienohp-desktop kernel: [    0.224044] NET: Registered protocol family 8
Jul 30 07:42:21 xienohp-desktop kernel: [    0.224047] NET: Registered protocol family 20
Jul 30 07:42:21 xienohp-desktop kernel: [    0.224070] NetLabel: Initializing
Jul 30 07:42:21 xienohp-desktop kernel: [    0.224073] NetLabel:  domain hash size = 128
Jul 30 07:42:21 xienohp-desktop kernel: [    0.224076] NetLabel:  protocols = UNLABELED CIPSOv4
Jul 30 07:42:21 xienohp-desktop kernel: [    0.224092] NetLabel:  unlabeled traffic allowed by default
Jul 30 07:42:21 xienohp-desktop kernel: [    0.224202] HPET: 3 timers in total, 0 timers will be used for per-cpu timer
Jul 30 07:42:21 xienohp-desktop kernel: [    0.224208] hpet0: at MMIO 0xfed00000, IRQs 2, 8, 0
Jul 30 07:42:21 xienohp-desktop kernel: [    0.224215] hpet0: 3 comparators, 64-bit 14.318180 MHz counter
Jul 30 07:42:21 xienohp-desktop kernel: [    0.240018] pnp: PnP ACPI init
Jul 30 07:42:21 xienohp-desktop kernel: [    0.240033] ACPI: bus type pnp registered
Jul 30 07:42:21 xienohp-desktop kernel: [    0.246513] pnp: PnP ACPI: found 10 devices
Jul 30 07:42:21 xienohp-desktop kernel: [    0.246517] ACPI: ACPI bus type pnp unregistered
Jul 30 07:42:21 xienohp-desktop kernel: [    0.246521] PnPBIOS: Disabled by ACPI PNP
Jul 30 07:42:21 xienohp-desktop kernel: [    0.246535] system 00:01: ioport range 0x4d0-0x4d1 has been reserved
Jul 30 07:42:21 xienohp-desktop kernel: [    0.246539] system 00:01: ioport range 0x290-0x29f has been reserved
Jul 30 07:42:21 xienohp-desktop kernel: [    0.246543] system 00:01: ioport range 0x800-0x87f has been reserved
Jul 30 07:42:21 xienohp-desktop kernel: [    0.246547] system 00:01: ioport range 0x880-0x88f has been reserved
Jul 30 07:42:21 xienohp-desktop kernel: [    0.246552] system 00:01: ioport range 0x400-0x4bf has been reserved
Jul 30 07:42:21 xienohp-desktop kernel: [    0.246555] system 00:01: ioport range 0x600-0x63f has been reserved
Jul 30 07:42:21 xienohp-desktop kernel: [    0.246559] system 00:01: ioport range 0x900-0x90f has been reserved
Jul 30 07:42:21 xienohp-desktop kernel: [    0.246563] system 00:01: ioport range 0x1000-0x107f has been reserved
Jul 30 07:42:21 xienohp-desktop kernel: [    0.246567] system 00:01: ioport range 0x1180-0x11bf has been reserved
Jul 30 07:42:21 xienohp-desktop kernel: [    0.246571] system 00:01: ioport range 0x4d0-0x4d1 has been reserved
Jul 30 07:42:21 xienohp-desktop kernel: [    0.246575] system 00:01: ioport range 0xfe00-0xfe00 has been reserved
Jul 30 07:42:21 xienohp-desktop kernel: [    0.246579] system 00:01: iomem range 0xfed14000-0xfed17fff has been reserved
Jul 30 07:42:21 xienohp-desktop kernel: [    0.246583] system 00:01: iomem range 0xfed13000-0xfed13fff has been reserved
Jul 30 07:42:21 xienohp-desktop kernel: [    0.246587] system 00:01: iomem range 0xe0000000-0xefffffff has been reserved
Jul 30 07:42:21 xienohp-desktop kernel: [    0.246591] system 00:01: iomem range 0xfed20000-0xfed8ffff has been reserved
Jul 30 07:42:21 xienohp-desktop kernel: [    0.246595] system 00:01: iomem range 0xfef00000-0xfeffffff has been reserved
Jul 30 07:42:21 xienohp-desktop kernel: [    0.281304] pci 0000:00:01.0: PCI bridge, secondary bus 0000:01
Jul 30 07:42:21 xienohp-desktop kernel: [    0.281308] pci 0000:00:01.0:   IO window: disabled
Jul 30 07:42:21 xienohp-desktop kernel: [    0.281313] pci 0000:00:01.0:   MEM window: disabled
Jul 30 07:42:21 xienohp-desktop kernel: [    0.281317] pci 0000:00:01.0:   PREFETCH window: disabled
Jul 30 07:42:21 xienohp-desktop kernel: [    0.281323] pci 0000:00:1c.0: PCI bridge, secondary bus 0000:02
Jul 30 07:42:21 xienohp-desktop kernel: [    0.281325] pci 0000:00:1c.0:   IO window: disabled
Jul 30 07:42:21 xienohp-desktop kernel: [    0.281331] pci 0000:00:1c.0:   MEM window: disabled
Jul 30 07:42:21 xienohp-desktop kernel: [    0.281335] pci 0000:00:1c.0:   PREFETCH window: disabled
Jul 30 07:42:21 xienohp-desktop kernel: [    0.281342] pci 0000:00:1c.1: PCI bridge, secondary bus 0000:04
Jul 30 07:42:21 xienohp-desktop kernel: [    0.281345] pci 0000:00:1c.1:   IO window: disabled
Jul 30 07:42:21 xienohp-desktop kernel: [    0.281351] pci 0000:00:1c.1:   MEM window: 0xd0100000-0xd01fffff
Jul 30 07:42:21 xienohp-desktop kernel: [    0.281356] pci 0000:00:1c.1:   PREFETCH window: disabled
Jul 30 07:42:21 xienohp-desktop kernel: [    0.281363] pci 0000:00:1e.0: PCI bridge, secondary bus 0000:0a
Jul 30 07:42:21 xienohp-desktop kernel: [    0.281366] pci 0000:00:1e.0:   IO window: disabled
Jul 30 07:42:21 xienohp-desktop kernel: [    0.281371] pci 0000:00:1e.0:   MEM window: disabled
Jul 30 07:42:21 xienohp-desktop kernel: [    0.281376] pci 0000:00:1e.0:   PREFETCH window: disabled
Jul 30 07:42:21 xienohp-desktop kernel: [    0.281393] pci 0000:00:01.0: PCI INT A -> GSI 16 (level, low) -> IRQ 16
Jul 30 07:42:21 xienohp-desktop kernel: [    0.281409] pci 0000:00:1c.0: PCI INT A -> GSI 17 (level, low) -> IRQ 17
Jul 30 07:42:21 xienohp-desktop kernel: [    0.281424] pci 0000:00:1c.1: PCI INT B -> GSI 16 (level, low) -> IRQ 16
Jul 30 07:42:21 xienohp-desktop kernel: [    0.281518] NET: Registered protocol family 2
Jul 30 07:42:21 xienohp-desktop kernel: [    0.456866] IP route cache hash table entries: 32768 (order: 5, 131072 bytes)
Jul 30 07:42:21 xienohp-desktop kernel: [    0.457303] TCP established hash table entries: 131072 (order: 8, 1048576 bytes)
Jul 30 07:42:21 xienohp-desktop kernel: [    0.457988] TCP bind hash table entries: 65536 (order: 7, 524288 bytes)
Jul 30 07:42:21 xienohp-desktop kernel: [    0.458331] TCP: Hash tables configured (established 131072 bind 65536)
Jul 30 07:42:21 xienohp-desktop kernel: [    0.458334] TCP reno registered
Jul 30 07:42:21 xienohp-desktop kernel: [    0.468157] NET: Registered protocol family 1
Jul 30 07:42:21 xienohp-desktop kernel: [    0.468240] Trying to unpack rootfs image as initramfs...
Jul 30 07:42:21 xienohp-desktop kernel: [    0.728802] Freeing initrd memory: 7446k freed
Jul 30 07:42:21 xienohp-desktop kernel: [    0.733358] Simple Boot Flag at 0x35 set to 0x1
Jul 30 07:42:21 xienohp-desktop kernel: [    0.733474] cpufreq-nforce2: No nForce2 chipset.
Jul 30 07:42:21 xienohp-desktop kernel: [    0.733515] Scanning for low memory corruption every 60 seconds
Jul 30 07:42:21 xienohp-desktop kernel: [    0.733650] audit: initializing netlink socket (disabled)
Jul 30 07:42:21 xienohp-desktop kernel: [    0.733667] type=2000 audit(1248910930.732:1): initialized
Jul 30 07:42:21 xienohp-desktop kernel: [    0.744712] highmem bounce pool size: 64 pages
Jul 30 07:42:21 xienohp-desktop kernel: [    0.744724] HugeTLB registered 4 MB page size, pre-allocated 0 pages
Jul 30 07:42:21 xienohp-desktop kernel: [    0.746424] VFS: Disk quotas dquot_6.5.2
Jul 30 07:42:21 xienohp-desktop kernel: [    0.746512] Dquot-cache hash table entries: 1024 (order 0, 4096 bytes)
Jul 30 07:42:21 xienohp-desktop kernel: [    0.747286] fuse init (API version 7.11)
Jul 30 07:42:21 xienohp-desktop kernel: [    0.747398] msgmni has been set to 1694
Jul 30 07:42:21 xienohp-desktop kernel: [    0.747722] alg: No test for stdrng (krng)
Jul 30 07:42:21 xienohp-desktop kernel: [    0.747744] io scheduler noop registered
Jul 30 07:42:21 xienohp-desktop kernel: [    0.747749] io scheduler anticipatory registered
Jul 30 07:42:21 xienohp-desktop kernel: [    0.747752] io scheduler deadline registered
Jul 30 07:42:21 xienohp-desktop kernel: [    0.747813] io scheduler cfq registered (default)
Jul 30 07:42:21 xienohp-desktop kernel: [    0.748531] pci_hotplug: PCI Hot Plug PCI Core version: 0.5
Jul 30 07:42:21 xienohp-desktop kernel: [    0.748989] pciehp: PCI Express Hot Plug Controller Driver version: 0.4
Jul 30 07:42:21 xienohp-desktop kernel: [    0.749158] input: Power Button as /devices/LNXSYSTM:00/LNXPWRBN:00/input/input0
Jul 30 07:42:21 xienohp-desktop kernel: [    0.749163] ACPI: Power Button [PWRF]
Jul 30 07:42:21 xienohp-desktop kernel: [    0.749244] input: Power Button as /devices/LNXSYSTM:00/device:00/PNP0A03:00/PNP0C0C:00/input/input1
Jul 30 07:42:21 xienohp-desktop kernel: [    0.749251] ACPI: Power Button [PWRB]
Jul 30 07:42:21 xienohp-desktop kernel: [    0.750118] ACPI: SSDT 9f689a6b 0017C (v01  PmRef  Cpu0Ist 00003000 INTL 20050228)
Jul 30 07:42:21 xienohp-desktop kernel: [    0.750465] processor ACPI_CPU:00: registered as cooling_device0
Jul 30 07:42:21 xienohp-desktop kernel: [    0.751067] ACPI: SSDT 9f689be7 00066 (v01  PmRef  Cpu1Ist 00003000 INTL 20050228)
Jul 30 07:42:21 xienohp-desktop kernel: [    0.751394] processor ACPI_CPU:01: registered as cooling_device1
Jul 30 07:42:21 xienohp-desktop kernel: [    0.754767] isapnp: Scanning for PnP cards...
Jul 30 07:42:21 xienohp-desktop kernel: [    1.106447] isapnp: No Plug & Play device found
Jul 30 07:42:21 xienohp-desktop kernel: [    1.107901] Serial: 8250/16550 driver, 4 ports, IRQ sharing enabled
Jul 30 07:42:21 xienohp-desktop kernel: [    1.108017] serial8250: ttyS0 at I/O 0x3f8 (irq = 4) is a 16550A
Jul 30 07:42:21 xienohp-desktop kernel: [    1.108439] 00:07: ttyS0 at I/O 0x3f8 (irq = 4) is a 16550A
Jul 30 07:42:21 xienohp-desktop kernel: [    1.109493] brd: module loaded
Jul 30 07:42:21 xienohp-desktop kernel: [    1.109947] loop: module loaded
Jul 30 07:42:21 xienohp-desktop kernel: [    1.110057] input: Macintosh mouse button emulation as /devices/virtual/input/input2
Jul 30 07:42:21 xienohp-desktop kernel: [    1.110100] Driver 'sd' needs updating - please use bus_type methods
Jul 30 07:42:21 xienohp-desktop kernel: [    1.110114] Driver 'sr' needs updating - please use bus_type methods
Jul 30 07:42:21 xienohp-desktop kernel: [    1.110234] ata_piix 0000:00:1f.2: PCI INT B -> GSI 19 (level, low) -> IRQ 19
Jul 30 07:42:21 xienohp-desktop kernel: [    1.110240] ata_piix 0000:00:1f.2: MAP [ P0 P2 IDE IDE ]
Jul 30 07:42:21 xienohp-desktop kernel: [    1.268140] scsi0 : ata_piix
Jul 30 07:42:21 xienohp-desktop kernel: [    1.268263] scsi1 : ata_piix
Jul 30 07:42:21 xienohp-desktop kernel: [    1.269544] ata1: SATA max UDMA/133 cmd 0x1f0 ctl 0x3f6 bmdma 0x18b0 irq 14
Jul 30 07:42:21 xienohp-desktop kernel: [    1.269550] ata2: PATA max UDMA/100 cmd 0x170 ctl 0x376 bmdma 0x18b8 irq 15
Jul 30 07:42:21 xienohp-desktop kernel: [    1.270455] Fixed MDIO Bus: probed
Jul 30 07:42:21 xienohp-desktop kernel: [    1.270464] PPP generic driver version 2.4.2
Jul 30 07:42:21 xienohp-desktop kernel: [    1.270583] ehci_hcd: USB 2.0 'Enhanced' Host Controller (EHCI) Driver
Jul 30 07:42:21 xienohp-desktop kernel: [    1.270611] ehci_hcd 0000:00:1d.7: PCI INT A -> GSI 23 (level, low) -> IRQ 23
Jul 30 07:42:21 xienohp-desktop kernel: [    1.270632] ehci_hcd 0000:00:1d.7: EHCI Host Controller
Jul 30 07:42:21 xienohp-desktop kernel: [    1.270704] ehci_hcd 0000:00:1d.7: new USB bus registered, assigned bus number 1
Jul 30 07:42:21 xienohp-desktop kernel: [    1.274613] ehci_hcd 0000:00:1d.7: debug port 1
Jul 30 07:42:21 xienohp-desktop kernel: [    1.274638] ehci_hcd 0000:00:1d.7: irq 23, io mem 0xd0404000
Jul 30 07:42:21 xienohp-desktop kernel: [    1.288022] ehci_hcd 0000:00:1d.7: USB 2.0 started, EHCI 1.00
Jul 30 07:42:21 xienohp-desktop kernel: [    1.288142] usb usb1: configuration #1 chosen from 1 choice
Jul 30 07:42:21 xienohp-desktop kernel: [    1.288183] hub 1-0:1.0: USB hub found
Jul 30 07:42:21 xienohp-desktop kernel: [    1.288194] hub 1-0:1.0: 8 ports detected
Jul 30 07:42:21 xienohp-desktop kernel: [    1.288337] ohci_hcd: USB 1.1 'Open' Host Controller (OHCI) Driver
Jul 30 07:42:21 xienohp-desktop kernel: [    1.288359] uhci_hcd: USB Universal Host Controller Interface driver
Jul 30 07:42:21 xienohp-desktop kernel: [    1.288388] uhci_hcd 0000:00:1d.0: PCI INT A -> GSI 23 (level, low) -> IRQ 23
Jul 30 07:42:21 xienohp-desktop kernel: [    1.288399] uhci_hcd 0000:00:1d.0: UHCI Host Controller
Jul 30 07:42:21 xienohp-desktop kernel: [    1.288463] uhci_hcd 0000:00:1d.0: new USB bus registered, assigned bus number 2
Jul 30 07:42:21 xienohp-desktop kernel: [    1.288488] uhci_hcd 0000:00:1d.0: irq 23, io base 0x00001800
Jul 30 07:42:21 xienohp-desktop kernel: [    1.288589] usb usb2: configuration #1 chosen from 1 choice
Jul 30 07:42:21 xienohp-desktop kernel: [    1.288629] hub 2-0:1.0: USB hub found
Jul 30 07:42:21 xienohp-desktop kernel: [    1.288638] hub 2-0:1.0: 2 ports detected
Jul 30 07:42:21 xienohp-desktop kernel: [    1.288741] uhci_hcd 0000:00:1d.1: PCI INT B -> GSI 19 (level, low) -> IRQ 19
Jul 30 07:42:21 xienohp-desktop kernel: [    1.288752] uhci_hcd 0000:00:1d.1: UHCI Host Controller
Jul 30 07:42:21 xienohp-desktop kernel: [    1.288816] uhci_hcd 0000:00:1d.1: new USB bus registered, assigned bus number 3
Jul 30 07:42:21 xienohp-desktop kernel: [    1.288848] uhci_hcd 0000:00:1d.1: irq 19, io base 0x00001820
Jul 30 07:42:21 xienohp-desktop kernel: [    1.288946] usb usb3: configuration #1 chosen from 1 choice
Jul 30 07:42:21 xienohp-desktop kernel: [    1.288982] hub 3-0:1.0: USB hub found
Jul 30 07:42:21 xienohp-desktop kernel: [    1.288993] hub 3-0:1.0: 2 ports detected
Jul 30 07:42:21 xienohp-desktop kernel: [    1.289095] uhci_hcd 0000:00:1d.2: PCI INT C -> GSI 18 (level, low) -> IRQ 18
Jul 30 07:42:21 xienohp-desktop kernel: [    1.289106] uhci_hcd 0000:00:1d.2: UHCI Host Controller
Jul 30 07:42:21 xienohp-desktop kernel: [    1.289174] uhci_hcd 0000:00:1d.2: new USB bus registered, assigned bus number 4
Jul 30 07:42:21 xienohp-desktop kernel: [    1.289207] uhci_hcd 0000:00:1d.2: irq 18, io base 0x00001840
Jul 30 07:42:21 xienohp-desktop kernel: [    1.289301] usb usb4: configuration #1 chosen from 1 choice
Jul 30 07:42:21 xienohp-desktop kernel: [    1.289336] hub 4-0:1.0: USB hub found
Jul 30 07:42:21 xienohp-desktop kernel: [    1.289345] hub 4-0:1.0: 2 ports detected
Jul 30 07:42:21 xienohp-desktop kernel: [    1.289450] uhci_hcd 0000:00:1d.3: PCI INT D -> GSI 16 (level, low) -> IRQ 16
Jul 30 07:42:21 xienohp-desktop kernel: [    1.289462] uhci_hcd 0000:00:1d.3: UHCI Host Controller
Jul 30 07:42:21 xienohp-desktop kernel: [    1.289516] uhci_hcd 0000:00:1d.3: new USB bus registered, assigned bus number 5
Jul 30 07:42:21 xienohp-desktop kernel: [    1.289550] uhci_hcd 0000:00:1d.3: irq 16, io base 0x00001860
Jul 30 07:42:21 xienohp-desktop kernel: [    1.289651] usb usb5: configuration #1 chosen from 1 choice
Jul 30 07:42:21 xienohp-desktop kernel: [    1.289690] hub 5-0:1.0: USB hub found
Jul 30 07:42:21 xienohp-desktop kernel: [    1.289700] hub 5-0:1.0: 2 ports detected
Jul 30 07:42:21 xienohp-desktop kernel: [    1.289879] PNP: No PS/2 controller found. Probing ports directly.
Jul 30 07:42:21 xienohp-desktop kernel: [    1.290188] serio: i8042 KBD port at 0x60,0x64 irq 1
Jul 30 07:42:21 xienohp-desktop kernel: [    1.290199] serio: i8042 AUX port at 0x60,0x64 irq 12
Jul 30 07:42:21 xienohp-desktop kernel: [    1.290306] mice: PS/2 mouse device common for all mice
Jul 30 07:42:21 xienohp-desktop kernel: [    1.290440] rtc_cmos 00:04: RTC can wake from S4
Jul 30 07:42:21 xienohp-desktop kernel: [    1.290484] rtc_cmos 00:04: rtc core: registered rtc_cmos as rtc0
Jul 30 07:42:21 xienohp-desktop kernel: [    1.290511] rtc0: alarms up to one month, y3k, 114 bytes nvram, hpet irqs
Jul 30 07:42:21 xienohp-desktop kernel: [    1.290646] device-mapper: uevent: version 1.0.3
Jul 30 07:42:21 xienohp-desktop kernel: [    1.290772] device-mapper: ioctl: 4.14.0-ioctl (2008-04-23) initialised: [email]dm-devel@redhat.com[/email]
Jul 30 07:42:21 xienohp-desktop kernel: [    1.290945] device-mapper: multipath: version 1.0.5 loaded
Jul 30 07:42:21 xienohp-desktop kernel: [    1.290950] device-mapper: multipath round-robin: version 1.0.0 loaded
Jul 30 07:42:21 xienohp-desktop kernel: [    1.291080] EISA: Probing bus 0 at eisa.0
Jul 30 07:42:21 xienohp-desktop kernel: [    1.291088] Cannot allocate resource for EISA slot 1
Jul 30 07:42:21 xienohp-desktop kernel: [    1.291113] EISA: Detected 0 cards.
Jul 30 07:42:21 xienohp-desktop kernel: [    1.291281] cpuidle: using governor ladder
Jul 30 07:42:21 xienohp-desktop kernel: [    1.291286] cpuidle: using governor menu
Jul 30 07:42:21 xienohp-desktop kernel: [    1.291958] TCP cubic registered
Jul 30 07:42:21 xienohp-desktop kernel: [    1.292145] NET: Registered protocol family 10
Jul 30 07:42:21 xienohp-desktop kernel: [    1.292767] lo: Disabled Privacy Extensions
Jul 30 07:42:21 xienohp-desktop kernel: [    1.293272] NET: Registered protocol family 17
Jul 30 07:42:21 xienohp-desktop kernel: [    1.293296] Bluetooth: L2CAP ver 2.13
Jul 30 07:42:21 xienohp-desktop kernel: [    1.293299] Bluetooth: L2CAP socket layer initialized
Jul 30 07:42:21 xienohp-desktop kernel: [    1.293302] Bluetooth: SCO (Voice Link) ver 0.6
Jul 30 07:42:21 xienohp-desktop kernel: [    1.293304] Bluetooth: SCO socket layer initialized
Jul 30 07:42:21 xienohp-desktop kernel: [    1.293347] Bluetooth: RFCOMM socket layer initialized
Jul 30 07:42:21 xienohp-desktop kernel: [    1.293353] Bluetooth: RFCOMM TTY layer initialized
Jul 30 07:42:21 xienohp-desktop kernel: [    1.293356] Bluetooth: RFCOMM ver 1.11
Jul 30 07:42:21 xienohp-desktop kernel: [    1.295000] Using IPI No-Shortcut mode
Jul 30 07:42:21 xienohp-desktop kernel: [    1.295136] registered taskstats version 1
Jul 30 07:42:21 xienohp-desktop kernel: [    1.295250]   Magic number: 1:312:758
Jul 30 07:42:21 xienohp-desktop kernel: [    1.295336] rtc_cmos 00:04: setting system clock to 2009-07-29 23:42:12 UTC (1248910932)
Jul 30 07:42:21 xienohp-desktop kernel: [    1.295340] BIOS EDD facility v0.16 2004-Jun-25, 0 devices found
Jul 30 07:42:21 xienohp-desktop kernel: [    1.295342] EDD information not available.
Jul 30 07:42:21 xienohp-desktop kernel: [    1.458274] ata1.00: ATA-8: ST3250318AS, CC44, max UDMA/133
Jul 30 07:42:21 xienohp-desktop kernel: [    1.458282] ata1.00: 488397168 sectors, multi 16: LBA48 NCQ (depth 0/32)
Jul 30 07:42:21 xienohp-desktop kernel: [    1.514308] ata1.00: configured for UDMA/133
Jul 30 07:42:21 xienohp-desktop kernel: [    1.514472] scsi 0:0:0:0: Direct-Access     ATA      ST3250318AS      CC44 PQ: 0 ANSI: 5
Jul 30 07:42:21 xienohp-desktop kernel: [    1.514608] sd 0:0:0:0: Attached scsi generic sg0 type 0
Jul 30 07:42:21 xienohp-desktop kernel: [    1.514693] sd 0:0:0:0: [sda] 488397168 512-byte hardware sectors: (250 GB/232 GiB)
Jul 30 07:42:21 xienohp-desktop kernel: [    1.514717] sd 0:0:0:0: [sda] Write Protect is off
Jul 30 07:42:21 xienohp-desktop kernel: [    1.514760] sd 0:0:0:0: [sda] Write cache: enabled, read cache: enabled, doesn't support DPO or FUA
Jul 30 07:42:21 xienohp-desktop kernel: [    1.514912]  sda: sda1 sda2 < sda5 > sda3
Jul 30 07:42:21 xienohp-desktop kernel: [    1.561831] sd 0:0:0:0: [sda] Attached SCSI disk
Jul 30 07:42:21 xienohp-desktop kernel: [    1.676324] ata2.00: ATAPI: HL-DT-STDVD-RAM GSA-H40N, RX04, max UDMA/33
Jul 30 07:42:21 xienohp-desktop kernel: [    1.692232] ata2.00: configured for UDMA/33
Jul 30 07:42:21 xienohp-desktop kernel: [    1.697468] scsi 1:0:0:0: CD-ROM            HL-DT-ST DVD-RAM GSA-H40N RX04 PQ: 0 ANSI: 5
Jul 30 07:42:21 xienohp-desktop kernel: [    1.709159] sr0: scsi3-mmc drive: 40x/40x writer dvd-ram cd/rw xa/form2 cdda tray
Jul 30 07:42:21 xienohp-desktop kernel: [    1.709164] Uniform CD-ROM driver Revision: 3.20
Jul 30 07:42:21 xienohp-desktop kernel: [    1.709326] sr 1:0:0:0: Attached scsi generic sg1 type 5
Jul 30 07:42:21 xienohp-desktop kernel: [    1.709364] Freeing unused kernel memory: 528k freed
Jul 30 07:42:21 xienohp-desktop kernel: [    1.709733] Write protecting the kernel text: 4184k
Jul 30 07:42:21 xienohp-desktop kernel: [    1.709781] Write protecting the kernel read-only data: 1664k
Jul 30 07:42:21 xienohp-desktop kernel: [    1.713036] usb 1-7: new high speed USB device using ehci_hcd and address 3
Jul 30 07:42:21 xienohp-desktop kernel: [    1.920850] usb 1-7: configuration #1 chosen from 1 choice
Jul 30 07:42:21 xienohp-desktop kernel: [    1.985583] Initializing USB Mass Storage driver...
Jul 30 07:42:21 xienohp-desktop kernel: [    2.023049] tg3.c:v3.98 (February 25, 2009)
Jul 30 07:42:21 xienohp-desktop kernel: [    2.023083] tg3 0000:04:00.0: PCI INT A -> GSI 17 (level, low) -> IRQ 17
Jul 30 07:42:21 xienohp-desktop kernel: [    2.025345] scsi2 : SCSI emulation for USB Mass Storage devices
Jul 30 07:42:21 xienohp-desktop kernel: [    2.025781] usbcore: registered new interface driver usb-storage
Jul 30 07:42:21 xienohp-desktop kernel: [    2.025790] USB Mass Storage support registered.
Jul 30 07:42:21 xienohp-desktop kernel: [    2.067283] tg3 0000:04:00.0: PME# disabled
Jul 30 07:42:21 xienohp-desktop kernel: [    2.078537] eth0: Tigon3 [partno(BCM95786) rev b002] (PCI Express) MAC address 00:15:58:e4:54:49
Jul 30 07:42:21 xienohp-desktop kernel: [    2.078546] eth0: attached PHY is 5787 (10/100/1000Base-T Ethernet) (WireSpeed[1])
Jul 30 07:42:21 xienohp-desktop kernel: [    2.078552] eth0: RXcsums[1] LinkChgREG[0] MIirq[0] ASF[0] TSOcap[1]
Jul 30 07:42:21 xienohp-desktop kernel: [    2.078559] eth0: dma_rwctrl[76180000] dma_mask[64-bit]
Jul 30 07:42:21 xienohp-desktop kernel: [    2.087572] FDC 0 is a post-1991 82077
Jul 30 07:42:21 xienohp-desktop kernel: [    2.160057] usb 2-1: new full speed USB device using uhci_hcd and address 2
Jul 30 07:42:21 xienohp-desktop kernel: [    2.337681] usb 2-1: configuration #1 chosen from 1 choice
Jul 30 07:42:21 xienohp-desktop kernel: [    2.345610] hub 2-1:1.0: USB hub found
Jul 30 07:42:21 xienohp-desktop kernel: [    2.346567] hub 2-1:1.0: 3 ports detected
Jul 30 07:42:21 xienohp-desktop kernel: [    2.641696] usb 2-1.1: new full speed USB device using uhci_hcd and address 3
Jul 30 07:42:21 xienohp-desktop kernel: [    2.784618] PM: Starting manual resume from disk
Jul 30 07:42:21 xienohp-desktop kernel: [    2.789057] EXT4-fs: INFO: recovery required on readonly filesystem.
Jul 30 07:42:21 xienohp-desktop kernel: [    2.789062] EXT4-fs: write access will be enabled during recovery.
Jul 30 07:42:21 xienohp-desktop kernel: [    2.792167] EXT4-fs: barriers enabled
Jul 30 07:42:21 xienohp-desktop kernel: [    2.801684] usb 2-1.1: configuration #1 chosen from 1 choice
Jul 30 07:42:21 xienohp-desktop kernel: [    2.826371] usbcore: registered new interface driver hiddev
Jul 30 07:42:21 xienohp-desktop kernel: [    2.829068] input: Lite-On Technology USB Productivity Option Keyboard( has the hub in # 1 ) as /devices/pci0000:00/0000:00:1d.0/usb2/2-1/2-1.1/2-1.1:1.0/input/input3
Jul 30 07:42:21 xienohp-desktop kernel: [    2.829216] generic-usb 0003:04B3:301B.0001: input,hidraw0: USB HID v1.10 Keyboard [Lite-On Technology USB Productivity Option Keyboard( has the hub in # 1 )] on usb-0000:00:1d.0-1.1/input0
Jul 30 07:42:21 xienohp-desktop kernel: [    2.831716] input: Lite-On Technology USB Productivity Option Keyboard( has the hub in # 1 ) as /devices/pci0000:00/0000:00:1d.0/usb2/2-1/2-1.1/2-1.1:1.1/input/input4
Jul 30 07:42:21 xienohp-desktop kernel: [    2.831840] generic-usb 0003:04B3:301B.0002: input,hidraw1: USB HID v1.10 Device [Lite-On Technology USB Productivity Option Keyboard( has the hub in # 1 )] on usb-0000:00:1d.0-1.1/input1
Jul 30 07:42:21 xienohp-desktop kernel: [    2.831875] usbcore: registered new interface driver usbhid
Jul 30 07:42:21 xienohp-desktop kernel: [    2.831882] usbhid: v2.6:USB HID core driver
Jul 30 07:42:21 xienohp-desktop kernel: [    2.889594] usb 2-1.2: new low speed USB device using uhci_hcd and address 4
Jul 30 07:42:21 xienohp-desktop kernel: [    3.032703] usb 2-1.2: configuration #1 chosen from 1 choice
Jul 30 07:42:21 xienohp-desktop kernel: [    3.048873] input: USB Optical Mouse as /devices/pci0000:00/0000:00:1d.0/usb2/2-1/2-1.2/2-1.2:1.0/input/input5
Jul 30 07:42:21 xienohp-desktop kernel: [    3.048986] generic-usb 0003:04B3:310C.0003: input,hidraw2: USB HID v1.11 Mouse [USB Optical Mouse] on usb-0000:00:1d.0-1.2/input0
Jul 30 07:42:21 xienohp-desktop kernel: [    3.550402] kjournald2 starting: pid 737, dev sda1:8, commit interval 5 seconds
Jul 30 07:42:21 xienohp-desktop kernel: [    3.550421] EXT4-fs: delayed allocation enabled
Jul 30 07:42:21 xienohp-desktop kernel: [    3.550426] EXT4-fs: file extents enabled
Jul 30 07:42:21 xienohp-desktop kernel: [    3.555806] EXT4-fs: mballoc enabled
Jul 30 07:42:21 xienohp-desktop kernel: [    3.555824] EXT4-fs: recovery complete.
Jul 30 07:42:21 xienohp-desktop kernel: [    3.556678] EXT4-fs: mounted filesystem sda1 with ordered data mode
Jul 30 07:42:21 xienohp-desktop kernel: [    6.409295] udev: starting version 141
Jul 30 07:42:21 xienohp-desktop kernel: [    6.567394] Linux agpgart interface v0.103
Jul 30 07:42:21 xienohp-desktop kernel: [    6.713646] agpgart-intel 0000:00:00.0: Intel 946GZ Chipset
Jul 30 07:42:21 xienohp-desktop kernel: [    6.714647] agpgart-intel 0000:00:00.0: detected 7676K stolen memory
Jul 30 07:42:21 xienohp-desktop kernel: [    6.718146] agpgart-intel 0000:00:00.0: AGP aperture is 256M @ 0xc0000000
Jul 30 07:42:21 xienohp-desktop kernel: [    6.792261] intel_rng: FWH not detected
Jul 30 07:42:21 xienohp-desktop kernel: [    6.800472] parport_pc 00:08: disabled
Jul 30 07:42:21 xienohp-desktop kernel: [    6.800489] parport_pc: probe of 00:08 failed with error -22
Jul 30 07:42:21 xienohp-desktop kernel: [    6.809705] input: PC Speaker as /devices/platform/pcspkr/input/input6
Jul 30 07:42:21 xienohp-desktop kernel: [    7.001433] iTCO_vendor_support: vendor-support=0
Jul 30 07:42:21 xienohp-desktop kernel: [    7.073955] scsi 2:0:0:0: Direct-Access     Sony     USB   HS-CF Card 3.95 PQ: 0 ANSI: 0
Jul 30 07:42:21 xienohp-desktop kernel: [    7.077954] scsi 2:0:0:1: Direct-Access     Sony     USB   HS-xD/SM   3.95 PQ: 0 ANSI: 0
Jul 30 07:42:21 xienohp-desktop kernel: [    7.081713] scsi 2:0:0:2: Direct-Access     Sony     USB   HS-MS Card 3.95 PQ: 0 ANSI: 0
Jul 30 07:42:21 xienohp-desktop kernel: [    7.084965] scsi 2:0:0:3: Direct-Access     Sony     USB   HS-SD Card 3.95 PQ: 0 ANSI: 0
Jul 30 07:42:21 xienohp-desktop kernel: [    7.086882] sd 2:0:0:0: Attached scsi generic sg2 type 0
Jul 30 07:42:21 xienohp-desktop kernel: [    7.087241] sd 2:0:0:1: Attached scsi generic sg3 type 0
Jul 30 07:42:21 xienohp-desktop kernel: [    7.087571] sd 2:0:0:2: Attached scsi generic sg4 type 0
Jul 30 07:42:21 xienohp-desktop kernel: [    7.087902] sd 2:0:0:3: Attached scsi generic sg5 type 0
Jul 30 07:42:21 xienohp-desktop kernel: [    7.092552] sd 2:0:0:0: [sdb] Attached SCSI removable disk
Jul 30 07:42:21 xienohp-desktop kernel: [    7.097287] sd 2:0:0:1: [sdc] Attached SCSI removable disk
Jul 30 07:42:21 xienohp-desktop kernel: [    7.102622] iTCO_wdt: Intel TCO WatchDog Timer Driver v1.05
Jul 30 07:42:21 xienohp-desktop kernel: [    7.102777] iTCO_wdt: Found a ICH7 or ICH7R TCO device (Version=2, TCOBASE=0x1060)
Jul 30 07:42:21 xienohp-desktop kernel: [    7.102872] iTCO_wdt: initialized. heartbeat=30 sec (nowayout=0)
Jul 30 07:42:21 xienohp-desktop kernel: [    7.123872] ppdev: user-space parallel port driver
Jul 30 07:42:21 xienohp-desktop kernel: [    7.147003] sd 2:0:0:3: [sde] Attached SCSI removable disk
Jul 30 07:42:21 xienohp-desktop kernel: [    7.151914] sd 2:0:0:2: [sdd] Attached SCSI removable disk
Jul 30 07:42:21 xienohp-desktop kernel: [    7.353189] ip_tables: (C) 2000-2006 Netfilter Core Team
Jul 30 07:42:21 xienohp-desktop kernel: [    7.663458] nf_conntrack version 0.5.0 (16384 buckets, 65536 max)
Jul 30 07:42:21 xienohp-desktop kernel: [    7.663764] CONFIG_NF_CT_ACCT is deprecated and will be removed soon. Please use
Jul 30 07:42:21 xienohp-desktop kernel: [    7.663768] nf_conntrack.acct=1 kernel paramater, acct=1 nf_conntrack module option or
Jul 30 07:42:21 xienohp-desktop kernel: [    7.663772] sysctl net.netfilter.nf_conntrack_acct=1 to enable it.
Jul 30 07:42:21 xienohp-desktop kernel: [    7.886576] HDA Intel 0000:00:1b.0: PCI INT A -> GSI 22 (level, low) -> IRQ 22
Jul 30 07:42:21 xienohp-desktop kernel: [    8.407718] lp: driver loaded but no devices found
Jul 30 07:42:21 xienohp-desktop kernel: [    8.543426] Adding 1951856k swap on /dev/sda5.  Priority:-1 extents:1 across:1951856k 
Jul 30 07:42:21 xienohp-desktop kernel: [    8.676848] EXT4 FS on sda1, internal journal on sda1:8
Jul 30 07:42:23 xienohp-desktop kernel: [   12.026418] Bluetooth: BNEP (Ethernet Emulation) ver 1.3
Jul 30 07:42:23 xienohp-desktop kernel: [   12.026426] Bluetooth: BNEP filters: protocol multicast
Jul 30 07:42:23 xienohp-desktop kernel: [   12.087394] Bridge firewalling registered
Jul 30 07:42:24 xienohp-desktop kernel: [   13.462225] [drm] Initialized drm 1.1.0 20060810
Jul 30 07:42:24 xienohp-desktop kernel: [   13.485832] pci 0000:00:02.0: PCI INT A -> GSI 16 (level, low) -> IRQ 16
Jul 30 07:42:24 xienohp-desktop kernel: [   13.490130] [drm] Initialized i915 1.6.0 20080730 for 0000:00:02.0 on minor 0
Jul 30 07:42:28 xienohp-desktop kernel: [   16.798558] tg3 0000:04:00.0: PME# disabled
Jul 30 07:42:28 xienohp-desktop kernel: [   16.853648] ADDRCONF(NETDEV_UP): eth0: link is not ready
Jul 30 07:42:29 xienohp-desktop kernel: [   18.395052] tg3: eth0: Link is up at 100 Mbps, full duplex.
Jul 30 07:42:29 xienohp-desktop kernel: [   18.395058] tg3: eth0: Flow control is off for TX and off for RX.
Jul 30 07:42:29 xienohp-desktop kernel: [   18.395204] ADDRCONF(NETDEV_CHANGE): eth0: link becomes ready
Jul 30 07:42:56 xienohp-desktop kernel: [   45.012263] ata1: soft resetting link
Jul 30 07:42:56 xienohp-desktop kernel: [   45.258283] ata1.00: configured for UDMA/133
Jul 30 07:42:56 xienohp-desktop kernel: [   45.258303] ata1: EH complete
Jul 30 07:43:10 xienohp-desktop kernel: [   59.132121] ata1: soft resetting link
Jul 30 07:43:10 xienohp-desktop kernel: [   59.378314] ata1.00: configured for UDMA/133
Jul 30 07:43:10 xienohp-desktop kernel: [   59.378336] ata1: EH complete
Jul 30 07:44:28 xienohp-desktop kernel: [  137.735987] Inbound IN=eth0 OUT= MAC=00:15:58:e4:54:49:00:15:2b:14:5d:41:08:00 SRC=61.160.213.136 DST=61.238.105.6 LEN=40 TOS=0x00 PREC=0x00 TTL=104 ID=256 PROTO=TCP SPT=6000 DPT=2967 WINDOW=16384 RES=0x00 SYN URGP=0 
Jul 30 07:49:16 xienohp-desktop kernel: [  425.066286] ata1: soft resetting link
Jul 30 07:49:16 xienohp-desktop kernel: [  425.310326] ata1.00: configured for UDMA/133
Jul 30 07:49:16 xienohp-desktop kernel: [  425.310352] ata1: EH complete
Jul 30 07:51:35 xienohp-desktop kernel: [  564.043566] Inbound IN=eth0 OUT= MAC=00:15:58:e4:54:49:00:15:2b:14:5d:41:08:00 SRC=190.196.23.170 DST=61.238.105.6 LEN=48 TOS=0x00 PREC=0x00 TTL=116 ID=23716 PROTO=TCP SPT=55592 DPT=80 WINDOW=65535 RES=0x00 SYN URGP=0 
Jul 30 07:52:46 xienohp-desktop kernel: [  635.497479] Inbound IN=eth0 OUT= MAC=00:15:58:e4:54:49:00:15:2b:14:5d:41:08:00 SRC=205.209.161.99 DST=61.238.105.6 LEN=40 TOS=0x00 PREC=0x00 TTL=113 ID=256 DF PROTO=TCP SPT=12200 DPT=1080 WINDOW=8192 RES=0x00 SYN URGP=0 
Jul 30 07:57:56 xienohp-desktop kernel: [  944.975018] Inbound IN=eth0 OUT= MAC=00:15:58:e4:54:49:00:15:2b:14:5d:41:08:00 SRC=222.186.12.40 DST=61.238.105.6 LEN=40 TOS=0x00 PREC=0x00 TTL=106 ID=256 PROTO=TCP SPT=6000 DPT=8080 WINDOW=16384 RES=0x00 SYN URGP=0 
Jul 30 08:00:06 xienohp-desktop kernel: [ 1075.262207] Inbound IN=eth0 OUT= MAC=00:15:58:e4:54:49:00:15:2b:14:5d:41:08:00 SRC=125.195.77.108 DST=61.238.105.6 LEN=90 TOS=0x00 PREC=0x00 TTL=112 ID=40363 PROTO=UDP SPT=10596 DPT=7163 LEN=70 
Jul 30 08:00:10 xienohp-desktop kernel: [ 1079.343895] Inbound IN=eth0 OUT= MAC=00:15:58:e4:54:49:00:15:2b:14:5d:41:08:00 SRC=74.97.50.225 DST=61.238.105.6 LEN=90 TOS=0x00 PREC=0x00 TTL=113 ID=18946 PROTO=UDP SPT=15828 DPT=16881 LEN=70 
Jul 30 08:01:06 xienohp-desktop kernel: [ 1135.011176] Inbound IN=eth0 OUT= MAC=00:15:58:e4:54:49:00:15:2b:14:5d:41:08:00 SRC=58.211.138.95 DST=61.238.105.6 LEN=40 TOS=0x00 PREC=0x00 TTL=106 ID=256 PROTO=TCP SPT=6000 DPT=2967 WINDOW=16384 RES=0x00 SYN URGP=0 
Jul 30 08:02:21 xienohp-desktop kernel: [ 1210.619030] Inbound IN=eth0 OUT= MAC=00:15:58:e4:54:49:00:15:2b:14:5d:41:08:00 SRC=58.211.138.95 DST=61.238.105.6 LEN=40 TOS=0x00 PREC=0x00 TTL=106 ID=256 PROTO=TCP SPT=6000 DPT=2967 WINDOW=16384 RES=0x00 SYN URGP=0 

I've found lots of informations but no threads can surely solve this......

---

### Post by dlmarti on 2009-07-29
What is this a wall of text attack?

Why don't you tell us what the problem is, before providing what you think is the correct diagnostic information.

---

