---
title: "Inconsequenet X behaviour / performance"
date: 2015-10-15
forum: General Help
---

### Post by Joost_Plas on 2015-10-15
I&#7743; having some weird inconsequent behaviour on my setup.

The setup is a minimum kiosk setup, mostly based on [http://thepcspy.com/read/building-a-kiosk-computer-ubuntu-1404-chrome/](http://thepcspy.com/read/building-a-kiosk-computer-ubuntu-1404-chrome/)

For some reason every reboot can mean different performance. Or everything is working or my video playback in Chrome (only function of the setup) is extremely laggy and choppy. I also see a huge difference in CPU usage then (average of 75 % vs. 25 % for a good boot). I&#7743; trying to look at all the relevant logs but I cannot find the problem. So the situation changes with reboots, while all the other factors are constant.

First I thought it was a compton issue (which I use for compositioning), but the bad boots are way worse then a succesfull boot without compton.
It might be due to the kernel. I am using this setup awhile and never had these issues. I might try to downgrade but I would really like to dive into the problem.
Another change lately is that I installed lighttpd on this machine.

I tried comparing all the logs, but nothing is really standing out for me (with my limited knowledge). 1 thing I noticed is the ´fatal error: no screens found´ message, but I think I always had this and this message is during a succesfull boot!

Really hope someone can shed some light on this

Some more info:

Ubuntu 14.04.3

uname -r: 4.1.6-040106-generic

These are the logs of a succesfull boot (so with good performance and low cpu usage):

Xorg.0.log

```
[    18.957] X.Org X Server 1.15.1
Release Date: 2014-04-13
[    18.957] X Protocol Version 11, Revision 0
[    18.958] Build Operating System: Linux 3.2.0-76-generic x86_64 Ubuntu
[    18.958] Current Operating System: Linux hoogstraat-client-1 4.1.6-040106-generic #201508170230 SMP Mon Aug 17 06:32:14 UTC 2015 x86_64
[    18.958] Kernel command line: BOOT_IMAGE=/boot/vmlinuz-4.1.6-040106-generic root=UUID=c456624b-f6c2-4dc7-bf92-640922e83f77 ro quiet splash vt.handoff=7
[    18.958] Build Date: 12 February 2015  02:49:29PM
[    18.958] xorg-server 2:1.15.1-0ubuntu2.7 (For technical support please see http://www.ubuntu.com/support) 
[    18.958] Current version of pixman: 0.30.2
[    18.958]     Before reporting problems, check http://wiki.x.org
    to make sure that you have the latest version.
[    18.958] Markers: (--) probed, (**) from config file, (==) default setting,
    (++) from command line, (!!) notice, (II) informational,
    (WW) warning, (EE) error, (NI) not implemented, (??) unknown.
[    18.958] (==) Log file: "/var/log/Xorg.0.log", Time: Thu Oct 15 16:09:17 2015
[    18.958] (==) Using system config directory "/usr/share/X11/xorg.conf.d"
[    18.959] (==) No Layout section.  Using the first Screen section.
[    18.959] (==) No screen section available. Using defaults.
[    18.959] (**) |-->Screen "Default Screen Section" (0)
[    18.959] (**) |   |-->Monitor "<default monitor>"
[    18.959] (==) No monitor specified for screen "Default Screen Section".
    Using a default monitor configuration.
[    18.959] (==) Automatically adding devices
[    18.959] (==) Automatically enabling devices
[    18.959] (==) Automatically adding GPU devices
[    18.959] (WW) The directory "/usr/share/fonts/X11/cyrillic" does not exist.
[    18.959]     Entry deleted from font path.
[    18.959] (WW) The directory "/usr/share/fonts/X11/100dpi/" does not exist.
[    18.959]     Entry deleted from font path.
[    18.959] (WW) The directory "/usr/share/fonts/X11/75dpi/" does not exist.
[    18.959]     Entry deleted from font path.
[    18.959] (WW) The directory "/usr/share/fonts/X11/Type1" does not exist.
[    18.959]     Entry deleted from font path.
[    18.959] (WW) The directory "/usr/share/fonts/X11/100dpi" does not exist.
[    18.959]     Entry deleted from font path.
[    18.959] (WW) The directory "/usr/share/fonts/X11/75dpi" does not exist.
[    18.959]     Entry deleted from font path.
[    18.959] (==) FontPath set to:
    /usr/share/fonts/X11/misc,
    built-ins
[    18.959] (==) ModulePath set to "/usr/lib/x86_64-linux-gnu/xorg/extra-modules,/usr/lib/xorg/extra-modules,/usr/lib/xorg/modules"
[    18.959] (II) The server relies on udev to provide the list of input devices.
    If no devices become available, reconfigure udev or disable AutoAddDevices.
[    18.959] (II) Loader magic: 0x55a27a554d40
[    18.959] (II) Module ABI versions:
[    18.959]     X.Org ANSI C Emulation: 0.4
[    18.959]     X.Org Video Driver: 15.0
[    18.959]     X.Org XInput driver : 20.0
[    18.959]     X.Org Server Extension : 8.0
[    18.959] (II) xfree86: Adding drm device (/dev/dri/card0)
[    18.960] (--) PCI:*(0:0:2:0) 8086:1606:1458:1000 rev 8, Mem @ 0xf6000000/16777216, 0xe0000000/268435456, I/O @ 0x0000f000/64
[    18.960] Initializing built-in extension Generic Event Extension
[    18.960] Initializing built-in extension SHAPE
[    18.960] Initializing built-in extension MIT-SHM
[    18.960] Initializing built-in extension XInputExtension
[    18.960] Initializing built-in extension XTEST
[    18.961] Initializing built-in extension BIG-REQUESTS
[    18.961] Initializing built-in extension SYNC
[    18.961] Initializing built-in extension XKEYBOARD
[    18.961] Initializing built-in extension XC-MISC
[    18.961] Initializing built-in extension SECURITY
[    18.961] Initializing built-in extension XINERAMA
[    18.961] Initializing built-in extension XFIXES
[    18.961] Initializing built-in extension RENDER
[    18.961] Initializing built-in extension RANDR
[    18.961] Initializing built-in extension COMPOSITE
[    18.961] Initializing built-in extension DAMAGE
[    18.961] Initializing built-in extension MIT-SCREEN-SAVER
[    18.961] Initializing built-in extension DOUBLE-BUFFER
[    18.961] Initializing built-in extension RECORD
[    18.961] Initializing built-in extension DPMS
[    18.961] Initializing built-in extension Present
[    18.961] Initializing built-in extension DRI3
[    18.961] Initializing built-in extension X-Resource
[    18.961] Initializing built-in extension XVideo
[    18.961] Initializing built-in extension XVideo-MotionCompensation
[    18.961] Initializing built-in extension SELinux
[    18.961] Initializing built-in extension XFree86-VidModeExtension
[    18.961] Initializing built-in extension XFree86-DGA
[    18.961] Initializing built-in extension XFree86-DRI
[    18.961] Initializing built-in extension DRI2
[    18.961] (II) LoadModule: "glx"
[    18.962] (II) Loading /usr/lib/xorg/modules/extensions/libglx.so
[    18.962] (II) Module glx: vendor="X.Org Foundation"
[    18.962]     compiled for 1.15.1, module version = 1.0.0
[    18.962]     ABI class: X.Org Server Extension, version 8.0
[    18.962] (==) AIGLX enabled
[    18.962] Loading extension GLX
[    18.963] (==) Matched intel as autoconfigured driver 0
[    18.963] (==) Matched intel as autoconfigured driver 1
[    18.963] (==) Matched modesetting as autoconfigured driver 2
[    18.963] (==) Matched fbdev as autoconfigured driver 3
[    18.963] (==) Matched vesa as autoconfigured driver 4
[    18.963] (==) Assigned the driver to the xf86ConfigLayout
[    18.963] (II) LoadModule: "intel"
[    18.963] (II) Loading /usr/lib/xorg/modules/drivers/intel_drv.so
[    18.963] (II) Module intel: vendor="X.Org Foundation"
[    18.963]     compiled for 1.15.1, module version = 2.99.910
[    18.963]     Module class: X.Org Video Driver
[    18.963]     ABI class: X.Org Video Driver, version 15.0
[    18.963] (II) LoadModule: "modesetting"
[    18.963] (II) Loading /usr/lib/xorg/modules/drivers/modesetting_drv.so
[    18.963] (II) Module modesetting: vendor="X.Org Foundation"
[    18.963]     compiled for 1.15.0, module version = 0.8.1
[    18.963]     Module class: X.Org Video Driver
[    18.963]     ABI class: X.Org Video Driver, version 15.0
[    18.963] (II) LoadModule: "fbdev"
[    18.963] (II) Loading /usr/lib/xorg/modules/drivers/fbdev_drv.so
[    18.963] (II) Module fbdev: vendor="X.Org Foundation"
[    18.963]     compiled for 1.15.0, module version = 0.4.4
[    18.963]     Module class: X.Org Video Driver
[    18.963]     ABI class: X.Org Video Driver, version 15.0
[    18.963] (II) LoadModule: "vesa"
[    18.964] (II) Loading /usr/lib/xorg/modules/drivers/vesa_drv.so
[    18.964] (II) Module vesa: vendor="X.Org Foundation"
[    18.964]     compiled for 1.15.0, module version = 2.3.3
[    18.964]     Module class: X.Org Video Driver
[    18.964]     ABI class: X.Org Video Driver, version 15.0
[    18.964] (II) intel: Driver for Intel(R) Integrated Graphics Chipsets:
    i810, i810-dc100, i810e, i815, i830M, 845G, 854, 852GM/855GM, 865G,
    915G, E7221 (i915), 915GM, 945G, 945GM, 945GME, Pineview GM,
    Pineview G, 965G, G35, 965Q, 946GZ, 965GM, 965GME/GLE, G33, Q35, Q33,
    GM45, 4 Series, G45/G43, Q45/Q43, G41, B43
[    18.964] (II) intel: Driver for Intel(R) HD Graphics: 2000-6000
[    18.964] (II) intel: Driver for Intel(R) Iris(TM) Graphics: 5100, 6100
[    18.964] (II) intel: Driver for Intel(R) Iris(TM) Pro Graphics: 5200, 6200, P6300
[    18.964] (II) modesetting: Driver for Modesetting Kernel Drivers: kms
[    18.964] (II) FBDEV: driver for framebuffer: fbdev
[    18.964] (II) VESA: driver for VESA chipsets: vesa
[    18.964] (--) using VT number 7


[    18.972] (II) intel(0): SNA compiled: xserver-xorg-video-intel 2:2.99.910-0ubuntu1.6 (Timo Aaltonen <tjaalton@debian.org>)
[    18.973] (WW) Falling back to old probe method for modesetting
[    18.974] (WW) Falling back to old probe method for fbdev
[    18.974] (II) Loading sub module "fbdevhw"
[    18.974] (II) LoadModule: "fbdevhw"
[    18.974] (II) Loading /usr/lib/xorg/modules/libfbdevhw.so
[    18.974] (II) Module fbdevhw: vendor="X.Org Foundation"
[    18.974]     compiled for 1.15.1, module version = 0.0.2
[    18.974]     ABI class: X.Org Video Driver, version 15.0
[    18.974] (WW) Falling back to old probe method for vesa
[    18.975] (--) intel(0): Integrated Graphics Chipset: Intel(R) HD graphics
[    18.975] (--) intel(0): CPU: x86-64, sse2, sse3, ssse3, sse4.1, sse4.2
[    18.975] (II) intel(0): Creating default Display subsection in Screen section
    "Default Screen Section" for depth/fbbpp 24/32
[    18.975] (==) intel(0): Depth 24, (--) framebuffer bpp 32
[    18.975] (==) intel(0): RGB weight 888
[    18.975] (==) intel(0): Default visual is TrueColor
[    18.975] (**) intel(0): Framebuffer tiled
[    18.975] (**) intel(0): Pixmaps tiled
[    18.975] (**) intel(0): "Tear free" disabled
[    18.975] (**) intel(0): Forcing per-crtc-pixmaps? no
[    18.975] (II) intel(0): Output HDMI1 has no monitor section
[    18.975] (II) intel(0): Output DP1 has no monitor section
[    18.975] (II) intel(0): Output HDMI2 has no monitor section
[    18.975] (II) intel(0): Output VIRTUAL1 has no monitor section
[    18.975] (--) intel(0): Output HDMI1 using initial mode 1920x1080 on pipe 0
[    18.975] (==) intel(0): DPI set to (96, 96)
[    18.976] (II) Loading sub module "dri2"
[    18.976] (II) LoadModule: "dri2"
[    18.976] (II) Module "dri2" already built-in
[    18.976] (II) UnloadModule: "modesetting"
[    18.976] (II) Unloading modesetting
[    18.976] (II) UnloadModule: "fbdev"
[    18.976] (II) Unloading fbdev
[    18.976] (II) UnloadSubModule: "fbdevhw"
[    18.976] (II) Unloading fbdevhw
[    18.976] (II) UnloadModule: "vesa"
[    18.976] (II) Unloading vesa
[    18.976] (==) Depth 24 pixmap format is 32 bpp
[    18.978] (II) intel(0): SNA initialized with Broadwell backend
[    18.978] (==) intel(0): Backing store enabled
[    18.978] (==) intel(0): Silken mouse enabled
[    18.978] (II) intel(0): HW Cursor enabled
[    18.978] (II) intel(0): RandR 1.2 enabled, ignore the following RandR disabled message.
[    18.979] (==) intel(0): DPMS enabled
[    18.979] (II) intel(0): [DRI2] Setup complete
[    18.979] (II) intel(0): [DRI2]   DRI driver: i965
[    18.979] (II) intel(0): [DRI2]   VDPAU driver: i965
[    18.979] (II) intel(0): direct rendering: DRI2 Enabled
[    18.979] (==) intel(0): hotplug detection: "enabled"
[    18.979] (--) RandR disabled
[    18.986] (II) SELinux: Disabled on system
[    19.000] (II) AIGLX: enabled GLX_MESA_copy_sub_buffer
[    19.000] (II) AIGLX: enabled GLX_ARB_create_context
[    19.000] (II) AIGLX: enabled GLX_ARB_create_context_profile
[    19.000] (II) AIGLX: enabled GLX_EXT_create_context_es2_profile
[    19.000] (II) AIGLX: enabled GLX_INTEL_swap_event
[    19.000] (II) AIGLX: enabled GLX_SGI_swap_control and GLX_MESA_swap_control
[    19.000] (II) AIGLX: enabled GLX_EXT_framebuffer_sRGB
[    19.000] (II) AIGLX: enabled GLX_ARB_fbconfig_float
[    19.000] (II) AIGLX: GLX_EXT_texture_from_pixmap backed by buffer objects
[    19.000] (II) AIGLX: enabled GLX_ARB_create_context_robustness
[    19.000] (II) AIGLX: Loaded and initialized i965
[    19.000] (II) GLX: Initialized DRI2 GL provider for screen 0
[    19.004] (II) intel(0): switch to mode 1920x1080@60.0 on HDMI1 using pipe 0, position (0, 0), rotation normal, reflection none
[    19.024] (II) intel(0): Setting screen physical size to 508 x 285
[    19.036] (II) XKB: generating xkmfile /tmp/server-B20D7FC79C7F597315E3E501AEF10E0D866E8E92.xkm
[    19.066] (II) config/udev: Adding input device Power Button (/dev/input/event2)
[    19.066] (**) Power Button: Applying InputClass "evdev keyboard catchall"
[    19.066] (II) LoadModule: "evdev"
[    19.066] (II) Loading /usr/lib/xorg/modules/input/evdev_drv.so
[    19.067] (II) Module evdev: vendor="X.Org Foundation"
[    19.067]     compiled for 1.15.0, module version = 2.8.2
[    19.067]     Module class: X.Org XInput Driver
[    19.067]     ABI class: X.Org XInput driver, version 20.0
[    19.067] (II) Using input driver 'evdev' for 'Power Button'
[    19.067] (**) Power Button: always reports core events
[    19.067] (**) evdev: Power Button: Device: "/dev/input/event2"
[    19.067] (--) evdev: Power Button: Vendor 0 Product 0x1
[    19.067] (--) evdev: Power Button: Found keys
[    19.067] (II) evdev: Power Button: Configuring as keyboard
[    19.067] (**) Option "config_info" "udev:/sys/devices/LNXSYSTM:00/LNXPWRBN:00/input/input2/event2"
[    19.067] (II) XINPUT: Adding extended input device "Power Button" (type: KEYBOARD, id 6)
[    19.067] (**) Option "xkb_rules" "evdev"
[    19.067] (**) Option "xkb_model" "pc105"
[    19.068] (**) Option "xkb_layout" "us"
[    19.068] (**) Option "xkb_variant" "intl"
[    19.071] (II) XKB: generating xkmfile /tmp/server-A5431D4A34463C892C9E905E2E421B30A3CC30DD.xkm
[    19.092] (II) config/udev: Adding input device Video Bus (/dev/input/event5)
[    19.092] (**) Video Bus: Applying InputClass "evdev keyboard catchall"
[    19.092] (II) Using input driver 'evdev' for 'Video Bus'
[    19.092] (**) Video Bus: always reports core events
[    19.092] (**) evdev: Video Bus: Device: "/dev/input/event5"
[    19.092] (--) evdev: Video Bus: Vendor 0 Product 0x6
[    19.092] (--) evdev: Video Bus: Found keys
[    19.092] (II) evdev: Video Bus: Configuring as keyboard
[    19.092] (**) Option "config_info" "udev:/sys/devices/LNXSYSTM:00/LNXSYBUS:00/PNP0A08:00/LNXVIDEO:00/input/input5/event5"
[    19.092] (II) XINPUT: Adding extended input device "Video Bus" (type: KEYBOARD, id 7)
[    19.092] (**) Option "xkb_rules" "evdev"
[    19.092] (**) Option "xkb_model" "pc105"
[    19.092] (**) Option "xkb_layout" "us"
[    19.092] (**) Option "xkb_variant" "intl"
[    19.092] (II) config/udev: Adding input device Power Button (/dev/input/event1)
[    19.092] (**) Power Button: Applying InputClass "evdev keyboard catchall"
[    19.092] (II) Using input driver 'evdev' for 'Power Button'
[    19.092] (**) Power Button: always reports core events
[    19.092] (**) evdev: Power Button: Device: "/dev/input/event1"
[    19.092] (--) evdev: Power Button: Vendor 0 Product 0x1
[    19.093] (--) evdev: Power Button: Found keys
[    19.093] (II) evdev: Power Button: Configuring as keyboard
[    19.093] (**) Option "config_info" "udev:/sys/devices/LNXSYSTM:00/LNXSYBUS:00/PNP0C0C:00/input/input1/event1"
[    19.093] (II) XINPUT: Adding extended input device "Power Button" (type: KEYBOARD, id 8)
[    19.093] (**) Option "xkb_rules" "evdev"
[    19.093] (**) Option "xkb_model" "pc105"
[    19.093] (**) Option "xkb_layout" "us"
[    19.093] (**) Option "xkb_variant" "intl"
[    19.093] (II) config/udev: Adding input device Sleep Button (/dev/input/event0)
[    19.093] (**) Sleep Button: Applying InputClass "evdev keyboard catchall"
[    19.093] (II) Using input driver 'evdev' for 'Sleep Button'
[    19.093] (**) Sleep Button: always reports core events
[    19.093] (**) evdev: Sleep Button: Device: "/dev/input/event0"
[    19.093] (--) evdev: Sleep Button: Vendor 0 Product 0x3
[    19.093] (--) evdev: Sleep Button: Found keys
[    19.093] (II) evdev: Sleep Button: Configuring as keyboard
[    19.093] (**) Option "config_info" "udev:/sys/devices/LNXSYSTM:00/LNXSYBUS:00/PNP0C0E:00/input/input0/event0"
[    19.093] (II) XINPUT: Adding extended input device "Sleep Button" (type: KEYBOARD, id 9)
[    19.093] (**) Option "xkb_rules" "evdev"
[    19.093] (**) Option "xkb_model" "pc105"
[    19.093] (**) Option "xkb_layout" "us"
[    19.093] (**) Option "xkb_variant" "intl"
[    19.093] (II) config/udev: Adding drm device (/dev/dri/card0) card0 /sys/devices/pci0000:00/0000:00:02.0/drm/card0
[    19.093] (II) config/udev: Ignoring already known drm device (/dev/dri/card0)
[    19.094] (II) config/udev: Adding input device HDA Intel HDMI HDMI/DP,pcm=3 (/dev/input/event6)
[    19.094] (II) No input driver specified, ignoring this device.
[    19.094] (II) This device may have been added with another device file.
[    19.094] (II) config/udev: Adding input device HDA Intel HDMI HDMI/DP,pcm=7 (/dev/input/event7)
[    19.094] (II) No input driver specified, ignoring this device.
[    19.094] (II) This device may have been added with another device file.
[    19.094] (II) config/udev: Adding input device HDA Intel HDMI HDMI/DP,pcm=8 (/dev/input/event8)
[    19.094] (II) No input driver specified, ignoring this device.
[    19.094] (II) This device may have been added with another device file.
[    19.094] (II) config/udev: Adding input device HDA Intel PCH Mic (/dev/input/event3)
[    19.094] (II) No input driver specified, ignoring this device.
[    19.094] (II) This device may have been added with another device file.
[    19.095] (II) config/udev: Adding input device HDA Intel PCH Headphone (/dev/input/event4)
[    19.095] (II) No input driver specified, ignoring this device.
[    19.095] (II) This device may have been added with another device file.
[    19.320] (II) intel(0): EDID vendor "DEL", prod id 16498
[    19.320] (II) intel(0): Using EDID range info for horizontal sync
[    19.320] (II) intel(0): Using EDID range info for vertical refresh
[    19.320] (II) intel(0): Printing DDC gathered Modelines:
[    19.320] (II) intel(0): Modeline "1920x1080"x0.0  148.50  1920 2008 2052 2200  1080 1084 1089 1125 +hsync +vsync (67.5 kHz eP)
[    19.320] (II) intel(0): Modeline "800x600"x0.0   40.00  800 840 968 1056  600 601 605 628 +hsync +vsync (37.9 kHz e)
[    19.320] (II) intel(0): Modeline "640x480"x0.0   31.50  640 656 720 840  480 481 484 500 -hsync -vsync (37.5 kHz e)
[    19.320] (II) intel(0): Modeline "640x480"x0.0   25.18  640 656 752 800  480 490 492 525 -hsync -vsync (31.5 kHz e)
[    19.320] (II) intel(0): Modeline "720x400"x0.0   28.32  720 738 846 900  400 412 414 449 -hsync +vsync (31.5 kHz e)
[    19.320] (II) intel(0): Modeline "1280x1024"x0.0  135.00  1280 1296 1440 1688  1024 1025 1028 1066 +hsync +vsync (80.0 kHz e)
[    19.320] (II) intel(0): Modeline "1024x768"x0.0   78.75  1024 1040 1136 1312  768 769 772 800 +hsync +vsync (60.0 kHz e)
[    19.320] (II) intel(0): Modeline "1024x768"x0.0   65.00  1024 1048 1184 1344  768 771 777 806 -hsync -vsync (48.4 kHz e)
[    19.320] (II) intel(0): Modeline "800x600"x0.0   49.50  800 816 896 1056  600 601 604 625 +hsync +vsync (46.9 kHz e)
[    19.320] (II) intel(0): Modeline "1152x864"x0.0  108.00  1152 1216 1344 1600  864 865 868 900 +hsync +vsync (67.5 kHz e)
[    19.320] (II) intel(0): Modeline "1280x1024"x0.0  108.00  1280 1328 1440 1688  1024 1025 1028 1066 +hsync +vsync (64.0 kHz e)
[    19.320] (II) intel(0): Modeline "1920x1080"x60.0  172.80  1920 2040 2248 2576  1080 1081 1084 1118 -hsync +vsync (67.1 kHz e)



```

kern.log

```
Oct 15 16:45:20 hoogstraat-client-1 kernel: [    0.000000] Initializing cgroup subsys cpusetOct 15 16:45:20 hoogstraat-client-1 kernel: [    0.000000] Initializing cgroup subsys cpu
Oct 15 16:45:20 hoogstraat-client-1 kernel: [    0.000000] Initializing cgroup subsys cpuacct
Oct 15 16:45:20 hoogstraat-client-1 kernel: [    0.000000] Linux version 4.1.6-040106-generic (kernel@gomeisa) (gcc version 4.8.4 (Ubuntu 4.8.4-2ubuntu1~14.04) ) #201508170230 SMP Mon Aug 17 06:32:14 UTC 2015
Oct 15 16:45:20 hoogstraat-client-1 kernel: [    0.000000] Command line: BOOT_IMAGE=/boot/vmlinuz-4.1.6-040106-generic root=UUID=c456624b-f6c2-4dc7-bf92-640922e83f77 ro quiet splash vt.handoff=7
Oct 15 16:45:20 hoogstraat-client-1 kernel: [    0.000000] KERNEL supported cpus:
Oct 15 16:45:20 hoogstraat-client-1 kernel: [    0.000000]   Intel GenuineIntel
Oct 15 16:45:20 hoogstraat-client-1 kernel: [    0.000000]   AMD AuthenticAMD
Oct 15 16:45:20 hoogstraat-client-1 kernel: [    0.000000]   Centaur CentaurHauls
Oct 15 16:45:20 hoogstraat-client-1 kernel: [    0.000000] e820: BIOS-provided physical RAM map:
Oct 15 16:45:20 hoogstraat-client-1 kernel: [    0.000000] BIOS-e820: [mem 0x0000000000000000-0x0000000000057fff] usable
Oct 15 16:45:20 hoogstraat-client-1 kernel: [    0.000000] BIOS-e820: [mem 0x0000000000058000-0x0000000000058fff] reserved
Oct 15 16:45:20 hoogstraat-client-1 kernel: [    0.000000] BIOS-e820: [mem 0x0000000000059000-0x000000000009efff] usable
Oct 15 16:45:20 hoogstraat-client-1 kernel: [    0.000000] BIOS-e820: [mem 0x000000000009f000-0x000000000009ffff] reserved
Oct 15 16:45:20 hoogstraat-client-1 kernel: [    0.000000] BIOS-e820: [mem 0x0000000000100000-0x00000000d1f50fff] usable
Oct 15 16:45:20 hoogstraat-client-1 kernel: [    0.000000] BIOS-e820: [mem 0x00000000d1f51000-0x00000000d2230fff] reserved
Oct 15 16:45:20 hoogstraat-client-1 kernel: [    0.000000] BIOS-e820: [mem 0x00000000d2231000-0x00000000d62ecfff] usable
Oct 15 16:45:20 hoogstraat-client-1 kernel: [    0.000000] BIOS-e820: [mem 0x00000000d62ed000-0x00000000d6332fff] reserved
Oct 15 16:45:20 hoogstraat-client-1 kernel: [    0.000000] BIOS-e820: [mem 0x00000000d6333000-0x00000000d6521fff] usable
Oct 15 16:45:20 hoogstraat-client-1 kernel: [    0.000000] BIOS-e820: [mem 0x00000000d6522000-0x00000000d6ca0fff] ACPI NVS
Oct 15 16:45:20 hoogstraat-client-1 kernel: [    0.000000] BIOS-e820: [mem 0x00000000d6ca1000-0x00000000d6f8afff] reserved
Oct 15 16:45:20 hoogstraat-client-1 kernel: [    0.000000] BIOS-e820: [mem 0x00000000d6f8b000-0x00000000d6ffdfff] type 20
Oct 15 16:45:20 hoogstraat-client-1 kernel: [    0.000000] BIOS-e820: [mem 0x00000000d6ffe000-0x00000000d6ffefff] usable
Oct 15 16:45:20 hoogstraat-client-1 kernel: [    0.000000] BIOS-e820: [mem 0x00000000d7800000-0x00000000dfffffff] reserved
Oct 15 16:45:20 hoogstraat-client-1 kernel: [    0.000000] BIOS-e820: [mem 0x00000000f8000000-0x00000000fbffffff] reserved
Oct 15 16:45:20 hoogstraat-client-1 kernel: [    0.000000] BIOS-e820: [mem 0x00000000fec00000-0x00000000fec00fff] reserved
Oct 15 16:45:20 hoogstraat-client-1 kernel: [    0.000000] BIOS-e820: [mem 0x00000000fed00000-0x00000000fed03fff] reserved
Oct 15 16:45:20 hoogstraat-client-1 kernel: [    0.000000] BIOS-e820: [mem 0x00000000fed1c000-0x00000000fed1ffff] reserved
Oct 15 16:45:20 hoogstraat-client-1 kernel: [    0.000000] BIOS-e820: [mem 0x00000000fee00000-0x00000000fee00fff] reserved
Oct 15 16:45:20 hoogstraat-client-1 kernel: [    0.000000] BIOS-e820: [mem 0x00000000ff000000-0x00000000ffffffff] reserved
Oct 15 16:45:20 hoogstraat-client-1 kernel: [    0.000000] BIOS-e820: [mem 0x0000000100000000-0x000000011effffff] usable
Oct 15 16:45:20 hoogstraat-client-1 kernel: [    0.000000] NX (Execute Disable) protection: active
Oct 15 16:45:20 hoogstraat-client-1 kernel: [    0.000000] efi: EFI v2.40 by American Megatrends
Oct 15 16:45:20 hoogstraat-client-1 kernel: [    0.000000] efi:  ACPI=0xd6c66000  ACPI 2.0=0xd6c66000  SMBIOS=0xf05b0  MPS=0xfd640 
Oct 15 16:45:20 hoogstraat-client-1 kernel: [    0.000000] SMBIOS 2.8 present.
Oct 15 16:45:20 hoogstraat-client-1 kernel: [    0.000000] DMI: GIGABYTE GB-BXCE-3205/MQLPCAP-00, BIOS F3 02/25/2015
Oct 15 16:45:20 hoogstraat-client-1 kernel: [    0.000000] e820: update [mem 0x00000000-0x00000fff] usable ==> reserved
Oct 15 16:45:20 hoogstraat-client-1 kernel: [    0.000000] e820: remove [mem 0x000a0000-0x000fffff] usable
Oct 15 16:45:20 hoogstraat-client-1 kernel: [    0.000000] AGP: No AGP bridge found
Oct 15 16:45:20 hoogstraat-client-1 kernel: [    0.000000] e820: last_pfn = 0x11f000 max_arch_pfn = 0x400000000
Oct 15 16:45:20 hoogstraat-client-1 kernel: [    0.000000] MTRR default type: uncachable
Oct 15 16:45:20 hoogstraat-client-1 kernel: [    0.000000] MTRR fixed ranges enabled:
Oct 15 16:45:20 hoogstraat-client-1 kernel: [    0.000000]   00000-9FFFF write-back
Oct 15 16:45:20 hoogstraat-client-1 kernel: [    0.000000]   A0000-BFFFF uncachable
Oct 15 16:45:20 hoogstraat-client-1 kernel: [    0.000000]   C0000-FFFFF write-protect
Oct 15 16:45:20 hoogstraat-client-1 kernel: [    0.000000] MTRR variable ranges enabled:
Oct 15 16:45:20 hoogstraat-client-1 kernel: [    0.000000]   0 base 0000000000 mask 7F80000000 write-back
Oct 15 16:45:20 hoogstraat-client-1 kernel: [    0.000000]   1 base 0080000000 mask 7FC0000000 write-back
Oct 15 16:45:20 hoogstraat-client-1 kernel: [    0.000000]   2 base 00C0000000 mask 7FF0000000 write-back
Oct 15 16:45:20 hoogstraat-client-1 kernel: [    0.000000]   3 base 00D0000000 mask 7FFC000000 write-back
Oct 15 16:45:20 hoogstraat-client-1 kernel: [    0.000000]   4 base 00D4000000 mask 7FFE000000 write-back
Oct 15 16:45:20 hoogstraat-client-1 kernel: [    0.000000]   5 base 00D6000000 mask 7FFF000000 write-back
Oct 15 16:45:20 hoogstraat-client-1 kernel: [    0.000000]   6 base 0100000000 mask 7FE0000000 write-back
Oct 15 16:45:20 hoogstraat-client-1 kernel: [    0.000000]   7 base 011F000000 mask 7FFF000000 uncachable
Oct 15 16:45:20 hoogstraat-client-1 kernel: [    0.000000]   8 disabled
Oct 15 16:45:20 hoogstraat-client-1 kernel: [    0.000000]   9 disabled
Oct 15 16:45:20 hoogstraat-client-1 kernel: [    0.000000] PAT configuration [0-7]: WB  WC  UC- UC  WB  WC  UC- UC  
Oct 15 16:45:20 hoogstraat-client-1 kernel: [    0.000000] original variable MTRRs
Oct 15 16:45:20 hoogstraat-client-1 kernel: [    0.000000] reg 0, base: 0GB, range: 2GB, type WB
Oct 15 16:45:20 hoogstraat-client-1 kernel: [    0.000000] reg 1, base: 2GB, range: 1GB, type WB
Oct 15 16:45:20 hoogstraat-client-1 kernel: [    0.000000] reg 2, base: 3GB, range: 256MB, type WB
Oct 15 16:45:20 hoogstraat-client-1 kernel: [    0.000000] reg 3, base: 3328MB, range: 64MB, type WB
Oct 15 16:45:20 hoogstraat-client-1 kernel: [    0.000000] reg 4, base: 3392MB, range: 32MB, type WB
Oct 15 16:45:20 hoogstraat-client-1 kernel: [    0.000000] reg 5, base: 3424MB, range: 16MB, type WB
Oct 15 16:45:20 hoogstraat-client-1 kernel: [    0.000000] reg 6, base: 4GB, range: 512MB, type WB
Oct 15 16:45:20 hoogstraat-client-1 kernel: [    0.000000] reg 7, base: 4592MB, range: 16MB, type UC
Oct 15 16:45:20 hoogstraat-client-1 kernel: [    0.000000] total RAM covered: 3936M
Oct 15 16:45:20 hoogstraat-client-1 kernel: [    0.000000] Found optimal setting for mtrr clean up
Oct 15 16:45:20 hoogstraat-client-1 kernel: [    0.000000]  gran_size: 64K     chunk_size: 32M     num_reg: 7      lose cover RAM: 0G
Oct 15 16:45:20 hoogstraat-client-1 kernel: [    0.000000] New variable MTRRs
Oct 15 16:45:20 hoogstraat-client-1 kernel: [    0.000000] reg 0, base: 0GB, range: 2GB, type WB
Oct 15 16:45:20 hoogstraat-client-1 kernel: [    0.000000] reg 1, base: 2GB, range: 1GB, type WB
Oct 15 16:45:20 hoogstraat-client-1 kernel: [    0.000000] reg 2, base: 3GB, range: 256MB, type WB
Oct 15 16:45:20 hoogstraat-client-1 kernel: [    0.000000] reg 3, base: 3328MB, range: 128MB, type WB
Oct 15 16:45:20 hoogstraat-client-1 kernel: [    0.000000] reg 4, base: 3440MB, range: 16MB, type UC
Oct 15 16:45:20 hoogstraat-client-1 kernel: [    0.000000] reg 5, base: 4GB, range: 512MB, type WB
Oct 15 16:45:20 hoogstraat-client-1 kernel: [    0.000000] reg 6, base: 4592MB, range: 16MB, type UC
Oct 15 16:45:20 hoogstraat-client-1 kernel: [    0.000000] e820: update [mem 0xd7000000-0xffffffff] usable ==> reserved
Oct 15 16:45:20 hoogstraat-client-1 kernel: [    0.000000] e820: last_pfn = 0xd6fff max_arch_pfn = 0x400000000
Oct 15 16:45:20 hoogstraat-client-1 kernel: [    0.000000] found SMP MP-table at [mem 0x000fd840-0x000fd84f] mapped at [ffff8800000fd840]
Oct 15 16:45:20 hoogstraat-client-1 kernel: [    0.000000] Scanning 1 areas for low memory corruption
Oct 15 16:45:20 hoogstraat-client-1 kernel: [    0.000000] Base memory trampoline at [ffff880000097000] 97000 size 24576
Oct 15 16:45:20 hoogstraat-client-1 kernel: [    0.000000] Using GB pages for direct mapping
Oct 15 16:45:20 hoogstraat-client-1 kernel: [    0.000000] init_memory_mapping: [mem 0x00000000-0x000fffff]
Oct 15 16:45:20 hoogstraat-client-1 kernel: [    0.000000]  [mem 0x00000000-0x000fffff] page 4k
Oct 15 16:45:20 hoogstraat-client-1 kernel: [    0.000000] BRK [0x02fe9000, 0x02fe9fff] PGTABLE
Oct 15 16:45:20 hoogstraat-client-1 kernel: [    0.000000] BRK [0x02fea000, 0x02feafff] PGTABLE
Oct 15 16:45:20 hoogstraat-client-1 kernel: [    0.000000] BRK [0x02feb000, 0x02febfff] PGTABLE
Oct 15 16:45:20 hoogstraat-client-1 kernel: [    0.000000] init_memory_mapping: [mem 0x11ee00000-0x11effffff]
Oct 15 16:45:20 hoogstraat-client-1 kernel: [    0.000000]  [mem 0x11ee00000-0x11effffff] page 2M
Oct 15 16:45:20 hoogstraat-client-1 kernel: [    0.000000] BRK [0x02fec000, 0x02fecfff] PGTABLE
Oct 15 16:45:20 hoogstraat-client-1 kernel: [    0.000000] init_memory_mapping: [mem 0x100000000-0x11edfffff]
Oct 15 16:45:20 hoogstraat-client-1 kernel: [    0.000000]  [mem 0x100000000-0x11edfffff] page 2M
Oct 15 16:45:20 hoogstraat-client-1 kernel: [    0.000000] init_memory_mapping: [mem 0xc0000000-0xd1f50fff]
Oct 15 16:45:20 hoogstraat-client-1 kernel: [    0.000000]  [mem 0xc0000000-0xd1dfffff] page 2M
Oct 15 16:45:20 hoogstraat-client-1 kernel: [    0.000000]  [mem 0xd1e00000-0xd1f50fff] page 4k
Oct 15 16:45:20 hoogstraat-client-1 kernel: [    0.000000] BRK [0x02fed000, 0x02fedfff] PGTABLE
Oct 15 16:45:20 hoogstraat-client-1 kernel: [    0.000000] BRK [0x02fee000, 0x02feefff] PGTABLE
Oct 15 16:45:20 hoogstraat-client-1 kernel: [    0.000000] init_memory_mapping: [mem 0xd2231000-0xd62ecfff]
Oct 15 16:45:20 hoogstraat-client-1 kernel: [    0.000000]  [mem 0xd2231000-0xd23fffff] page 4k
Oct 15 16:45:20 hoogstraat-client-1 kernel: [    0.000000]  [mem 0xd2400000-0xd61fffff] page 2M
Oct 15 16:45:20 hoogstraat-client-1 kernel: [    0.000000]  [mem 0xd6200000-0xd62ecfff] page 4k
Oct 15 16:45:20 hoogstraat-client-1 kernel: [    0.000000] init_memory_mapping: [mem 0xd6333000-0xd6521fff]
Oct 15 16:45:20 hoogstraat-client-1 kernel: [    0.000000]  [mem 0xd6333000-0xd6521fff] page 4k
Oct 15 16:45:20 hoogstraat-client-1 kernel: [    0.000000] init_memory_mapping: [mem 0xd6ffe000-0xd6ffefff]
Oct 15 16:45:20 hoogstraat-client-1 kernel: [    0.000000]  [mem 0xd6ffe000-0xd6ffefff] page 4k
Oct 15 16:45:20 hoogstraat-client-1 kernel: [    0.000000] init_memory_mapping: [mem 0x00100000-0xbfffffff]
Oct 15 16:45:20 hoogstraat-client-1 kernel: [    0.000000]  [mem 0x00100000-0x001fffff] page 4k
Oct 15 16:45:20 hoogstraat-client-1 kernel: [    0.000000]  [mem 0x00200000-0x3fffffff] page 2M
Oct 15 16:45:20 hoogstraat-client-1 kernel: [    0.000000]  [mem 0x40000000-0xbfffffff] page 1G
Oct 15 16:45:20 hoogstraat-client-1 kernel: [    0.000000] RAMDISK: [mem 0x35b68000-0x36dabfff]
Oct 15 16:45:20 hoogstraat-client-1 kernel: [    0.000000] ACPI: Early table checksum verification disabled
Oct 15 16:45:20 hoogstraat-client-1 kernel: [    0.000000] ACPI: RSDP 0x00000000D6C66000 000024 (v02 ALASKA)
Oct 15 16:45:20 hoogstraat-client-1 kernel: [    0.000000] ACPI: XSDT 0x00000000D6C66098 0000AC (v01 ALASKA A M I    01072009 AMI  00010013)
Oct 15 16:45:20 hoogstraat-client-1 kernel: [    0.000000] ACPI: FACP 0x00000000D6C7A748 00010C (v05 ALASKA A M I    01072009 AMI  00010013)
Oct 15 16:45:20 hoogstraat-client-1 kernel: [    0.000000] ACPI: DSDT 0x00000000D6C661D8 014569 (v02 ALASKA A M I    01072009 INTL 20120913)
Oct 15 16:45:20 hoogstraat-client-1 kernel: [    0.000000] ACPI: FACS 0x00000000D6C9FF80 000040
Oct 15 16:45:20 hoogstraat-client-1 kernel: [    0.000000] ACPI: APIC 0x00000000D6C7A858 000068 (v03 ALASKA A M I    01072009 AMI  00010013)
Oct 15 16:45:20 hoogstraat-client-1 kernel: [    0.000000] ACPI: FPDT 0x00000000D6C7A8C0 000044 (v01 ALASKA A M I    01072009 AMI  00010013)
Oct 15 16:45:20 hoogstraat-client-1 kernel: [    0.000000] ACPI: FIDT 0x00000000D6C7A908 00009C (v01 ALASKA A M I    01072009 AMI  00010013)
Oct 15 16:45:20 hoogstraat-client-1 kernel: [    0.000000] ACPI: MCFG 0x00000000D6C7A9A8 00003C (v01 ALASKA A M I    01072009 MSFT 00000097)
Oct 15 16:45:20 hoogstraat-client-1 kernel: [    0.000000] ACPI: HPET 0x00000000D6C7A9E8 000038 (v01 ALASKA A M I    01072009 AMI. 00000005)
Oct 15 16:45:20 hoogstraat-client-1 kernel: [    0.000000] ACPI: SSDT 0x00000000D6C7AA20 000315 (v01 SataRe SataTabl 00001000 INTL 20120913)
Oct 15 16:45:20 hoogstraat-client-1 kernel: [    0.000000] ACPI: UEFI 0x00000000D6C7AD38 000042 (v01                 00000000      00000000)
Oct 15 16:45:20 hoogstraat-client-1 kernel: [    0.000000] ACPI: SSDT 0x00000000D6C7AD80 000C7D (v02 Ther_R Ther_Rvp 00001000 INTL 20120913)
Oct 15 16:45:20 hoogstraat-client-1 kernel: [    0.000000] ACPI: ASF! 0x00000000D6C7BA00 0000A0 (v32 INTEL   HCG     00000001 TFSM 000F4240)
Oct 15 16:45:20 hoogstraat-client-1 kernel: [    0.000000] ACPI: SSDT 0x00000000D6C7BAA0 0004B5 (v02 PmRef  Cpu0Ist  00003000 INTL 20120913)
Oct 15 16:45:20 hoogstraat-client-1 kernel: [    0.000000] ACPI: SSDT 0x00000000D6C7BF58 000B74 (v02 CpuRef CpuSsdt  00003000 INTL 20120913)
Oct 15 16:45:20 hoogstraat-client-1 kernel: [    0.000000] ACPI: TPM2 0x00000000D6C7CAD0 000034 (v03        Tpm2Tabl 00000001 AMI  00000000)
Oct 15 16:45:20 hoogstraat-client-1 kernel: [    0.000000] ACPI: SSDT 0x00000000D6C7CB08 000041 (v01 Ssdt   PttSsdt  00001000 INTL 20120913)
Oct 15 16:45:20 hoogstraat-client-1 kernel: [    0.000000] ACPI: SSDT 0x00000000D6C7CB50 005CF6 (v02 SaSsdt SaSsdt   00003000 INTL 20120913)
Oct 15 16:45:20 hoogstraat-client-1 kernel: [    0.000000] ACPI: DMAR 0x00000000D6C82848 0000B0 (v01 INTEL  BDW      00000001 INTL 00000001)
Oct 15 16:45:20 hoogstraat-client-1 kernel: [    0.000000] ACPI: BGRT 0x00000000D6C828F8 000038 (v01 ALASKA A M I    01072009 AMI  00010013)
Oct 15 16:45:20 hoogstraat-client-1 kernel: [    0.000000] ACPI: Local APIC address 0xfee00000
Oct 15 16:45:20 hoogstraat-client-1 kernel: [    0.000000] No NUMA configuration found
Oct 15 16:45:20 hoogstraat-client-1 kernel: [    0.000000] Faking a node at [mem 0x0000000000000000-0x000000011effffff]
Oct 15 16:45:20 hoogstraat-client-1 kernel: [    0.000000] NODE_DATA(0) allocated [mem 0x11eff7000-0x11effbfff]
Oct 15 16:45:20 hoogstraat-client-1 kernel: [    0.000000]  [ffffea0000000000-ffffea00047fffff] PMD -> [ffff88011a800000-ffff88011e5fffff] on node 0
Oct 15 16:45:20 hoogstraat-client-1 kernel: [    0.000000] Zone ranges:
Oct 15 16:45:20 hoogstraat-client-1 kernel: [    0.000000]   DMA      [mem 0x0000000000001000-0x0000000000ffffff]
Oct 15 16:45:20 hoogstraat-client-1 kernel: [    0.000000]   DMA32    [mem 0x0000000001000000-0x00000000ffffffff]
Oct 15 16:45:20 hoogstraat-client-1 kernel: [    0.000000]   Normal   [mem 0x0000000100000000-0x000000011effffff]
Oct 15 16:45:20 hoogstraat-client-1 kernel: [    0.000000] Movable zone start for each node
Oct 15 16:45:20 hoogstraat-client-1 kernel: [    0.000000] Early memory node ranges
Oct 15 16:45:20 hoogstraat-client-1 kernel: [    0.000000]   node   0: [mem 0x0000000000001000-0x0000000000057fff]
Oct 15 16:45:20 hoogstraat-client-1 kernel: [    0.000000]   node   0: [mem 0x0000000000059000-0x000000000009efff]
Oct 15 16:45:20 hoogstraat-client-1 kernel: [    0.000000]   node   0: [mem 0x0000000000100000-0x00000000d1f50fff]
Oct 15 16:45:20 hoogstraat-client-1 kernel: [    0.000000]   node   0: [mem 0x00000000d2231000-0x00000000d62ecfff]
Oct 15 16:45:20 hoogstraat-client-1 kernel: [    0.000000]   node   0: [mem 0x00000000d6333000-0x00000000d6521fff]
Oct 15 16:45:20 hoogstraat-client-1 kernel: [    0.000000]   node   0: [mem 0x00000000d6ffe000-0x00000000d6ffefff]
Oct 15 16:45:20 hoogstraat-client-1 kernel: [    0.000000]   node   0: [mem 0x0000000100000000-0x000000011effffff]
Oct 15 16:45:20 hoogstraat-client-1 kernel: [    0.000000] Initmem setup node 0 [mem 0x0000000000001000-0x000000011effffff]
Oct 15 16:45:20 hoogstraat-client-1 kernel: [    0.000000] On node 0 totalpages: 1003930
Oct 15 16:45:20 hoogstraat-client-1 kernel: [    0.000000]   DMA zone: 64 pages used for memmap
Oct 15 16:45:20 hoogstraat-client-1 kernel: [    0.000000]   DMA zone: 25 pages reserved
Oct 15 16:45:20 hoogstraat-client-1 kernel: [    0.000000]   DMA zone: 3997 pages, LIFO batch:0
Oct 15 16:45:20 hoogstraat-client-1 kernel: [    0.000000]   DMA32 zone: 13640 pages used for memmap
Oct 15 16:45:20 hoogstraat-client-1 kernel: [    0.000000]   DMA32 zone: 872957 pages, LIFO batch:31
Oct 15 16:45:20 hoogstraat-client-1 kernel: [    0.000000]   Normal zone: 1984 pages used for memmap
Oct 15 16:45:20 hoogstraat-client-1 kernel: [    0.000000]   Normal zone: 126976 pages, LIFO batch:31
Oct 15 16:45:20 hoogstraat-client-1 kernel: [    0.000000] Reserving Intel graphics stolen memory at 0xd8000000-0xdfffffff
Oct 15 16:45:20 hoogstraat-client-1 kernel: [    0.000000] ACPI: PM-Timer IO Port: 0x1808
Oct 15 16:45:20 hoogstraat-client-1 kernel: [    0.000000] ACPI: Local APIC address 0xfee00000
Oct 15 16:45:20 hoogstraat-client-1 kernel: [    0.000000] ACPI: LAPIC_NMI (acpi_id[0x01] dfl dfl lint[0xa4])
Oct 15 16:45:20 hoogstraat-client-1 kernel: [    0.000000] ACPI: NMI not connected to LINT 1!
Oct 15 16:45:20 hoogstraat-client-1 kernel: [    0.000000] ACPI: LAPIC_NMI (acpi_id[0x02] dfl edge lint[0x0])
Oct 15 16:45:20 hoogstraat-client-1 kernel: [    0.000000] ACPI: NMI not connected to LINT 1!
Oct 15 16:45:20 hoogstraat-client-1 kernel: [    0.000000] IOAPIC[0]: apic_id 2, version 32, address 0xfec00000, GSI 0-39
Oct 15 16:45:20 hoogstraat-client-1 kernel: [    0.000000] ACPI: INT_SRC_OVR (bus 0 bus_irq 0 global_irq 2 dfl dfl)
Oct 15 16:45:20 hoogstraat-client-1 kernel: [    0.000000] ACPI: INT_SRC_OVR (bus 0 bus_irq 9 global_irq 9 high level)
Oct 15 16:45:20 hoogstraat-client-1 kernel: [    0.000000] ACPI: IRQ0 used by override.
Oct 15 16:45:20 hoogstraat-client-1 kernel: [    0.000000] ACPI: IRQ9 used by override.
Oct 15 16:45:20 hoogstraat-client-1 kernel: [    0.000000] Using ACPI (MADT) for SMP configuration information
Oct 15 16:45:20 hoogstraat-client-1 kernel: [    0.000000] ACPI: HPET id: 0x8086a701 base: 0xfed00000
Oct 15 16:45:20 hoogstraat-client-1 kernel: [    0.000000] smpboot: Allowing 2 CPUs, 0 hotplug CPUs
Oct 15 16:45:20 hoogstraat-client-1 kernel: [    0.000000] PM: Registered nosave memory: [mem 0x00000000-0x00000fff]
Oct 15 16:45:20 hoogstraat-client-1 kernel: [    0.000000] PM: Registered nosave memory: [mem 0x00058000-0x00058fff]
Oct 15 16:45:20 hoogstraat-client-1 kernel: [    0.000000] PM: Registered nosave memory: [mem 0x0009f000-0x0009ffff]
Oct 15 16:45:20 hoogstraat-client-1 kernel: [    0.000000] PM: Registered nosave memory: [mem 0x000a0000-0x000fffff]
Oct 15 16:45:20 hoogstraat-client-1 kernel: [    0.000000] PM: Registered nosave memory: [mem 0xd1f51000-0xd2230fff]
Oct 15 16:45:20 hoogstraat-client-1 kernel: [    0.000000] PM: Registered nosave memory: [mem 0xd62ed000-0xd6332fff]
Oct 15 16:45:20 hoogstraat-client-1 kernel: [    0.000000] PM: Registered nosave memory: [mem 0xd6522000-0xd6ca0fff]
Oct 15 16:45:20 hoogstraat-client-1 kernel: [    0.000000] PM: Registered nosave memory: [mem 0xd6ca1000-0xd6f8afff]
Oct 15 16:45:20 hoogstraat-client-1 kernel: [    0.000000] PM: Registered nosave memory: [mem 0xd6f8b000-0xd6ffdfff]
Oct 15 16:45:20 hoogstraat-client-1 kernel: [    0.000000] PM: Registered nosave memory: [mem 0xd6fff000-0xd77fffff]
Oct 15 16:45:20 hoogstraat-client-1 kernel: [    0.000000] PM: Registered nosave memory: [mem 0xd7800000-0xdfffffff]
Oct 15 16:45:20 hoogstraat-client-1 kernel: [    0.000000] PM: Registered nosave memory: [mem 0xe0000000-0xf7ffffff]
Oct 15 16:45:20 hoogstraat-client-1 kernel: [    0.000000] PM: Registered nosave memory: [mem 0xf8000000-0xfbffffff]
Oct 15 16:45:20 hoogstraat-client-1 kernel: [    0.000000] PM: Registered nosave memory: [mem 0xfc000000-0xfebfffff]
Oct 15 16:45:20 hoogstraat-client-1 kernel: [    0.000000] PM: Registered nosave memory: [mem 0xfec00000-0xfec00fff]
Oct 15 16:45:20 hoogstraat-client-1 kernel: [    0.000000] PM: Registered nosave memory: [mem 0xfec01000-0xfecfffff]
Oct 15 16:45:20 hoogstraat-client-1 kernel: [    0.000000] PM: Registered nosave memory: [mem 0xfed00000-0xfed03fff]
Oct 15 16:45:20 hoogstraat-client-1 kernel: [    0.000000] PM: Registered nosave memory: [mem 0xfed04000-0xfed1bfff]
Oct 15 16:45:20 hoogstraat-client-1 kernel: [    0.000000] PM: Registered nosave memory: [mem 0xfed1c000-0xfed1ffff]
Oct 15 16:45:20 hoogstraat-client-1 kernel: [    0.000000] PM: Registered nosave memory: [mem 0xfed20000-0xfedfffff]
Oct 15 16:45:20 hoogstraat-client-1 kernel: [    0.000000] PM: Registered nosave memory: [mem 0xfee00000-0xfee00fff]
Oct 15 16:45:20 hoogstraat-client-1 kernel: [    0.000000] PM: Registered nosave memory: [mem 0xfee01000-0xfeffffff]
Oct 15 16:45:20 hoogstraat-client-1 kernel: [    0.000000] PM: Registered nosave memory: [mem 0xff000000-0xffffffff]
Oct 15 16:45:20 hoogstraat-client-1 kernel: [    0.000000] e820: [mem 0xe0000000-0xf7ffffff] available for PCI devices
Oct 15 16:45:20 hoogstraat-client-1 kernel: [    0.000000] Booting paravirtualized kernel on bare hardware
Oct 15 16:45:20 hoogstraat-client-1 kernel: [    0.000000] clocksource refined-jiffies: mask: 0xffffffff max_cycles: 0xffffffff, max_idle_ns: 7645519600211568 ns
Oct 15 16:45:20 hoogstraat-client-1 kernel: [    0.000000] setup_percpu: NR_CPUS:256 nr_cpumask_bits:256 nr_cpu_ids:2 nr_node_ids:1
Oct 15 16:45:20 hoogstraat-client-1 kernel: [    0.000000] PERCPU: Embedded 34 pages/cpu @ffff88011ec00000 s100376 r8192 d30696 u1048576
Oct 15 16:45:20 hoogstraat-client-1 kernel: [    0.000000] pcpu-alloc: s100376 r8192 d30696 u1048576 alloc=1*2097152
Oct 15 16:45:20 hoogstraat-client-1 kernel: [    0.000000] pcpu-alloc: [0] 0 1 
Oct 15 16:45:20 hoogstraat-client-1 kernel: [    0.000000] Built 1 zonelists in Node order, mobility grouping on.  Total pages: 988217
Oct 15 16:45:20 hoogstraat-client-1 kernel: [    0.000000] Policy zone: Normal
Oct 15 16:45:20 hoogstraat-client-1 kernel: [    0.000000] Kernel command line: BOOT_IMAGE=/boot/vmlinuz-4.1.6-040106-generic root=UUID=c456624b-f6c2-4dc7-bf92-640922e83f77 ro quiet splash vt.handoff=7
Oct 15 16:45:20 hoogstraat-client-1 kernel: [    0.000000] PID hash table entries: 4096 (order: 3, 32768 bytes)
Oct 15 16:45:20 hoogstraat-client-1 kernel: [    0.000000] xsave: enabled xstate_bv 0x3, cntxt size 0x240 using standard form
Oct 15 16:45:20 hoogstraat-client-1 kernel: [    0.000000] AGP: Checking aperture...
Oct 15 16:45:20 hoogstraat-client-1 kernel: [    0.000000] AGP: No AGP bridge found
Oct 15 16:45:20 hoogstraat-client-1 kernel: [    0.000000] Calgary: detecting Calgary via BIOS EBDA area
Oct 15 16:45:20 hoogstraat-client-1 kernel: [    0.000000] Calgary: Unable to locate Rio Grande table in EBDA - bailing!
Oct 15 16:45:20 hoogstraat-client-1 kernel: [    0.000000] Memory: 3793632K/4015720K available (8056K kernel code, 1243K rwdata, 3780K rodata, 1424K init, 1292K bss, 222088K reserved, 0K cma-reserved)
Oct 15 16:45:20 hoogstraat-client-1 kernel: [    0.000000] SLUB: HWalign=64, Order=0-3, MinObjects=0, CPUs=2, Nodes=1
Oct 15 16:45:20 hoogstraat-client-1 kernel: [    0.000000] Hierarchical RCU implementation.
Oct 15 16:45:20 hoogstraat-client-1 kernel: [    0.000000]     RCU dyntick-idle grace-period acceleration is enabled.
Oct 15 16:45:20 hoogstraat-client-1 kernel: [    0.000000]     RCU restricting CPUs from NR_CPUS=256 to nr_cpu_ids=2.
Oct 15 16:45:20 hoogstraat-client-1 kernel: [    0.000000] RCU: Adjusting geometry for rcu_fanout_leaf=16, nr_cpu_ids=2
Oct 15 16:45:20 hoogstraat-client-1 kernel: [    0.000000] NR_IRQS:16640 nr_irqs:512 16
Oct 15 16:45:20 hoogstraat-client-1 kernel: [    0.000000]     Offload RCU callbacks from all CPUs
Oct 15 16:45:20 hoogstraat-client-1 kernel: [    0.000000]     Offload RCU callbacks from CPUs: 0-1.
Oct 15 16:45:20 hoogstraat-client-1 kernel: [    0.000000] Console: colour dummy device 80x25
Oct 15 16:45:20 hoogstraat-client-1 kernel: [    0.000000] console [tty0] enabled
Oct 15 16:45:20 hoogstraat-client-1 kernel: [    0.000000] clocksource hpet: mask: 0xffffffff max_cycles: 0xffffffff, max_idle_ns: 133484882848 ns
Oct 15 16:45:20 hoogstraat-client-1 kernel: [    0.000000] hpet clockevent registered
Oct 15 16:45:20 hoogstraat-client-1 kernel: [    0.000000] tsc: Fast TSC calibration using PIT
Oct 15 16:45:20 hoogstraat-client-1 kernel: [    0.000000] spurious 8259A interrupt: IRQ7.
Oct 15 16:45:20 hoogstraat-client-1 kernel: [    0.000000] tsc: Detected 1496.622 MHz processor
Oct 15 16:45:20 hoogstraat-client-1 kernel: [    0.000043] Calibrating delay loop (skipped), value calculated using timer frequency.. 2993.24 BogoMIPS (lpj=5986488)
Oct 15 16:45:20 hoogstraat-client-1 kernel: [    0.000046] pid_max: default: 32768 minimum: 301
Oct 15 16:45:20 hoogstraat-client-1 kernel: [    0.000053] ACPI: Core revision 20150410
Oct 15 16:45:20 hoogstraat-client-1 kernel: [    0.026485] ACPI: All ACPI Tables successfully acquired
Oct 15 16:45:20 hoogstraat-client-1 kernel: [    0.027393] Security Framework initialized
Oct 15 16:45:20 hoogstraat-client-1 kernel: [    0.027407] AppArmor: AppArmor initialized
Oct 15 16:45:20 hoogstraat-client-1 kernel: [    0.027408] Yama: becoming mindful.
Oct 15 16:45:20 hoogstraat-client-1 kernel: [    0.027831] Dentry cache hash table entries: 524288 (order: 10, 4194304 bytes)
Oct 15 16:45:20 hoogstraat-client-1 kernel: [    0.029049] Inode-cache hash table entries: 262144 (order: 9, 2097152 bytes)
Oct 15 16:45:20 hoogstraat-client-1 kernel: [    0.029592] Mount-cache hash table entries: 8192 (order: 4, 65536 bytes)
Oct 15 16:45:20 hoogstraat-client-1 kernel: [    0.029602] Mountpoint-cache hash table entries: 8192 (order: 4, 65536 bytes)
Oct 15 16:45:20 hoogstraat-client-1 kernel: [    0.029863] Initializing cgroup subsys blkio
Oct 15 16:45:20 hoogstraat-client-1 kernel: [    0.029867] Initializing cgroup subsys memory
Oct 15 16:45:20 hoogstraat-client-1 kernel: [    0.029878] Initializing cgroup subsys devices
Oct 15 16:45:20 hoogstraat-client-1 kernel: [    0.029881] Initializing cgroup subsys freezer
Oct 15 16:45:20 hoogstraat-client-1 kernel: [    0.029884] Initializing cgroup subsys net_cls
Oct 15 16:45:20 hoogstraat-client-1 kernel: [    0.029886] Initializing cgroup subsys perf_event
Oct 15 16:45:20 hoogstraat-client-1 kernel: [    0.029889] Initializing cgroup subsys net_prio
Oct 15 16:45:20 hoogstraat-client-1 kernel: [    0.029891] Initializing cgroup subsys hugetlb
Oct 15 16:45:20 hoogstraat-client-1 kernel: [    0.029926] CPU: Physical Processor ID: 0
Oct 15 16:45:20 hoogstraat-client-1 kernel: [    0.029927] CPU: Processor Core ID: 0
Oct 15 16:45:20 hoogstraat-client-1 kernel: [    0.029933] ENERGY_PERF_BIAS: Set to 'normal', was 'performance'
Oct 15 16:45:20 hoogstraat-client-1 kernel: [    0.029934] ENERGY_PERF_BIAS: View and update with x86_energy_perf_policy(8)
Oct 15 16:45:20 hoogstraat-client-1 kernel: [    0.031251] mce: CPU supports 7 MCE banks
Oct 15 16:45:20 hoogstraat-client-1 kernel: [    0.031268] CPU0: Thermal monitoring enabled (TM1)
Oct 15 16:45:20 hoogstraat-client-1 kernel: [    0.031281] process: using mwait in idle threads
Oct 15 16:45:20 hoogstraat-client-1 kernel: [    0.031285] Last level iTLB entries: 4KB 128, 2MB 8, 4MB 8
Oct 15 16:45:20 hoogstraat-client-1 kernel: [    0.031287] Last level dTLB entries: 4KB 64, 2MB 0, 4MB 0, 1GB 4
Oct 15 16:45:20 hoogstraat-client-1 kernel: [    0.031490] Freeing SMP alternatives memory: 32K (ffffffff81e9c000 - ffffffff81ea4000)
Oct 15 16:45:20 hoogstraat-client-1 kernel: [    0.035839] ftrace: allocating 30366 entries in 119 pages
Oct 15 16:45:20 hoogstraat-client-1 kernel: [    0.054436] dmar: Host address width 39
Oct 15 16:45:20 hoogstraat-client-1 kernel: [    0.054440] dmar: DRHD base: 0x000000fed90000 flags: 0x0
Oct 15 16:45:20 hoogstraat-client-1 kernel: [    0.054453] dmar: IOMMU 0: reg_base_addr fed90000 ver 1:0 cap 1c0000c40660462 ecap 7e1ff0505e
Oct 15 16:45:20 hoogstraat-client-1 kernel: [    0.054455] dmar: DRHD base: 0x000000fed91000 flags: 0x1
Oct 15 16:45:20 hoogstraat-client-1 kernel: [    0.054462] dmar: IOMMU 1: reg_base_addr fed91000 ver 1:0 cap d2008c20660462 ecap f010da
Oct 15 16:45:20 hoogstraat-client-1 kernel: [    0.054464] dmar: RMRR base: 0x000000d6ee3000 end: 0x000000d6ef1fff
Oct 15 16:45:20 hoogstraat-client-1 kernel: [    0.054466] dmar: RMRR base: 0x000000d7800000 end: 0x000000dfffffff
Oct 15 16:45:20 hoogstraat-client-1 kernel: [    0.054469] IOAPIC id 2 under DRHD base  0xfed91000 IOMMU 1
Oct 15 16:45:20 hoogstraat-client-1 kernel: [    0.054471] HPET id 0 under DRHD base 0xfed91000
Oct 15 16:45:20 hoogstraat-client-1 kernel: [    0.054909] x2apic is disabled because BIOS sets x2apic opt out bit. You can use 'intremap=no_x2apic_optout' to override the BIOS setting.
Oct 15 16:45:20 hoogstraat-client-1 kernel: [    0.054924] Enabled IRQ remapping in xapic mode
Oct 15 16:45:20 hoogstraat-client-1 kernel: [    0.054926] x2apic: IRQ remapping doesn't support X2APIC mode
Oct 15 16:45:20 hoogstraat-client-1 kernel: [    0.055593] ..TIMER: vector=0x30 apic1=0 pin1=2 apic2=-1 pin2=-1
Oct 15 16:45:20 hoogstraat-client-1 kernel: [    0.095270] TSC deadline timer enabled
Oct 15 16:45:20 hoogstraat-client-1 kernel: [    0.095275] smpboot: CPU0: Intel(R) Celeron(R) 3205U @ 1.50GHz (fam: 06, model: 3d, stepping: 04)
Oct 15 16:45:20 hoogstraat-client-1 kernel: [    0.095312] Performance Events: PEBS fmt2+, 16-deep LBR, Broadwell events, full-width counters, Intel PMU driver.
Oct 15 16:45:20 hoogstraat-client-1 kernel: [    0.095341] ... version:                3
Oct 15 16:45:20 hoogstraat-client-1 kernel: [    0.095342] ... bit width:              48
Oct 15 16:45:20 hoogstraat-client-1 kernel: [    0.095343] ... generic registers:      8
Oct 15 16:45:20 hoogstraat-client-1 kernel: [    0.095344] ... value mask:             0000ffffffffffff
Oct 15 16:45:20 hoogstraat-client-1 kernel: [    0.095346] ... max period:             0000ffffffffffff
Oct 15 16:45:20 hoogstraat-client-1 kernel: [    0.095347] ... fixed-purpose events:   3
Oct 15 16:45:20 hoogstraat-client-1 kernel: [    0.095348] ... event mask:             00000007000000ff
Oct 15 16:45:20 hoogstraat-client-1 kernel: [    0.096518] x86: Booting SMP configuration:
Oct 15 16:45:20 hoogstraat-client-1 kernel: [    0.096521] .... node  #0, CPUs:      #1
Oct 15 16:45:20 hoogstraat-client-1 kernel: [    0.111068] x86: Booted up 1 node, 2 CPUs
Oct 15 16:45:20 hoogstraat-client-1 kernel: [    0.111071] smpboot: Total of 2 processors activated (5986.48 BogoMIPS)
Oct 15 16:45:20 hoogstraat-client-1 kernel: [    0.111111] NMI watchdog: enabled on all CPUs, permanently consumes one hw-PMU counter.
Oct 15 16:45:20 hoogstraat-client-1 kernel: [    0.113140] devtmpfs: initialized
Oct 15 16:45:20 hoogstraat-client-1 kernel: [    0.116295] evm: security.selinux
Oct 15 16:45:20 hoogstraat-client-1 kernel: [    0.116297] evm: security.SMACK64
Oct 15 16:45:20 hoogstraat-client-1 kernel: [    0.116299] evm: security.SMACK64EXEC
Oct 15 16:45:20 hoogstraat-client-1 kernel: [    0.116300] evm: security.SMACK64TRANSMUTE
Oct 15 16:45:20 hoogstraat-client-1 kernel: [    0.116301] evm: security.SMACK64MMAP
Oct 15 16:45:20 hoogstraat-client-1 kernel: [    0.116302] evm: security.ima
Oct 15 16:45:20 hoogstraat-client-1 kernel: [    0.116303] evm: security.capability
Oct 15 16:45:20 hoogstraat-client-1 kernel: [    0.116382] PM: Registering ACPI NVS region [mem 0xd6522000-0xd6ca0fff] (7860224 bytes)
Oct 15 16:45:20 hoogstraat-client-1 kernel: [    0.116602] clocksource jiffies: mask: 0xffffffff max_cycles: 0xffffffff, max_idle_ns: 7645041785100000 ns
Oct 15 16:45:20 hoogstraat-client-1 kernel: [    0.116692] pinctrl core: initialized pinctrl subsystem
Oct 15 16:45:20 hoogstraat-client-1 kernel: [    0.116825] RTC time: 14:45:17, date: 10/15/15
Oct 15 16:45:20 hoogstraat-client-1 kernel: [    0.116980] NET: Registered protocol family 16
Oct 15 16:45:20 hoogstraat-client-1 kernel: [    0.123103] cpuidle: using governor ladder
Oct 15 16:45:20 hoogstraat-client-1 kernel: [    0.127105] cpuidle: using governor menu
Oct 15 16:45:20 hoogstraat-client-1 kernel: [    0.127181] ACPI FADT declares the system doesn't support PCIe ASPM, so disable it
Oct 15 16:45:20 hoogstraat-client-1 kernel: [    0.127185] ACPI: bus type PCI registered
Oct 15 16:45:20 hoogstraat-client-1 kernel: [    0.127187] acpiphp: ACPI Hot Plug PCI Controller Driver version: 0.5
Oct 15 16:45:20 hoogstraat-client-1 kernel: [    0.127276] PCI: MMCONFIG for domain 0000 [bus 00-3f] at [mem 0xf8000000-0xfbffffff] (base 0xf8000000)
Oct 15 16:45:20 hoogstraat-client-1 kernel: [    0.127279] PCI: MMCONFIG at [mem 0xf8000000-0xfbffffff] reserved in E820
Oct 15 16:45:20 hoogstraat-client-1 kernel: [    0.127399] PCI: Using configuration type 1 for base access
Oct 15 16:45:20 hoogstraat-client-1 kernel: [    0.131578] ACPI: Added _OSI(Module Device)
Oct 15 16:45:20 hoogstraat-client-1 kernel: [    0.131581] ACPI: Added _OSI(Processor Device)
Oct 15 16:45:20 hoogstraat-client-1 kernel: [    0.131583] ACPI: Added _OSI(3.0 _SCP Extensions)
Oct 15 16:45:20 hoogstraat-client-1 kernel: [    0.131585] ACPI: Added _OSI(Processor Aggregator Device)
Oct 15 16:45:20 hoogstraat-client-1 kernel: [    0.139768] ACPI: Executed 18 blocks of module-level executable AML code
Oct 15 16:45:20 hoogstraat-client-1 kernel: [    0.146357] ACPI: Dynamic OEM Table Load:
Oct 15 16:45:20 hoogstraat-client-1 kernel: [    0.146367] ACPI: SSDT 0xFFFF880119490C00 0003D3 (v02 PmRef  Cpu0Cst  00003001 INTL 20120913)
Oct 15 16:45:20 hoogstraat-client-1 kernel: [    0.147655] ACPI: Dynamic OEM Table Load:
Oct 15 16:45:20 hoogstraat-client-1 kernel: [    0.147662] ACPI: SSDT 0xFFFF88011A417800 0005AA (v02 PmRef  ApIst    00003000 INTL 20120913)
Oct 15 16:45:20 hoogstraat-client-1 kernel: [    0.149018] ACPI: Dynamic OEM Table Load:
Oct 15 16:45:20 hoogstraat-client-1 kernel: [    0.149023] ACPI: SSDT 0xFFFF88011943F600 000119 (v02 PmRef  ApCst    00003000 INTL 20120913)
Oct 15 16:45:20 hoogstraat-client-1 kernel: [    0.150764] ACPI: Interpreter enabled
Oct 15 16:45:20 hoogstraat-client-1 kernel: [    0.150775] ACPI Exception: AE_NOT_FOUND, While evaluating Sleep State [\_S1_] (20150410/hwxface-580)
Oct 15 16:45:20 hoogstraat-client-1 kernel: [    0.150784] ACPI Exception: AE_NOT_FOUND, While evaluating Sleep State [\_S2_] (20150410/hwxface-580)
Oct 15 16:45:20 hoogstraat-client-1 kernel: [    0.150804] ACPI: (supports S0 S3 S4 S5)
Oct 15 16:45:20 hoogstraat-client-1 kernel: [    0.150806] ACPI: Using IOAPIC for interrupt routing
Oct 15 16:45:20 hoogstraat-client-1 kernel: [    0.150849] PCI: Using host bridge windows from ACPI; if necessary, use "pci=nocrs" and report a bug
Oct 15 16:45:20 hoogstraat-client-1 kernel: [    0.153606] ACPI: Power Resource [PG00] (on)
Oct 15 16:45:20 hoogstraat-client-1 kernel: [    0.154116] ACPI: Power Resource [PG01] (on)
Oct 15 16:45:20 hoogstraat-client-1 kernel: [    0.154606] ACPI: Power Resource [PG02] (on)
Oct 15 16:45:20 hoogstraat-client-1 kernel: [    0.167472] ACPI: Power Resource [FN00] (off)
Oct 15 16:45:20 hoogstraat-client-1 kernel: [    0.167576] ACPI: Power Resource [FN01] (off)
Oct 15 16:45:20 hoogstraat-client-1 kernel: [    0.167675] ACPI: Power Resource [FN02] (off)
Oct 15 16:45:20 hoogstraat-client-1 kernel: [    0.167772] ACPI: Power Resource [FN03] (off)
Oct 15 16:45:20 hoogstraat-client-1 kernel: [    0.167870] ACPI: Power Resource [FN04] (off)
Oct 15 16:45:20 hoogstraat-client-1 kernel: [    0.169307] ACPI: PCI Root Bridge [PCI0] (domain 0000 [bus 00-3e])
Oct 15 16:45:20 hoogstraat-client-1 kernel: [    0.169315] acpi PNP0A08:00: _OSC: OS supports [ExtendedConfig ASPM ClockPM Segments MSI]
Oct 15 16:45:20 hoogstraat-client-1 kernel: [    0.170050] acpi PNP0A08:00: _OSC: OS now controls [PCIeHotplug PME AER PCIeCapability]
Oct 15 16:45:20 hoogstraat-client-1 kernel: [    0.170052] acpi PNP0A08:00: FADT indicates ASPM is unsupported, using BIOS configuration
Oct 15 16:45:20 hoogstraat-client-1 kernel: [    0.170671] PCI host bridge to bus 0000:00
Oct 15 16:45:20 hoogstraat-client-1 kernel: [    0.170675] pci_bus 0000:00: root bus resource [bus 00-3e]
Oct 15 16:45:20 hoogstraat-client-1 kernel: [    0.170678] pci_bus 0000:00: root bus resource [io  0x0000-0x0cf7 window]
Oct 15 16:45:20 hoogstraat-client-1 kernel: [    0.170680] pci_bus 0000:00: root bus resource [io  0x0d00-0xffff window]
Oct 15 16:45:20 hoogstraat-client-1 kernel: [    0.170683] pci_bus 0000:00: root bus resource [mem 0x000a0000-0x000bffff window]
Oct 15 16:45:20 hoogstraat-client-1 kernel: [    0.170685] pci_bus 0000:00: root bus resource [mem 0xe0000000-0xfeafffff window]
Oct 15 16:45:20 hoogstraat-client-1 kernel: [    0.170695] pci 0000:00:00.0: [8086:1604] type 00 class 0x060000
Oct 15 16:45:20 hoogstraat-client-1 kernel: [    0.170820] pci 0000:00:02.0: [8086:1606] type 00 class 0x030000
Oct 15 16:45:20 hoogstraat-client-1 kernel: [    0.170834] pci 0000:00:02.0: reg 0x10: [mem 0xf6000000-0xf6ffffff 64bit]
Oct 15 16:45:20 hoogstraat-client-1 kernel: [    0.170843] pci 0000:00:02.0: reg 0x18: [mem 0xe0000000-0xefffffff 64bit pref]
Oct 15 16:45:20 hoogstraat-client-1 kernel: [    0.170850] pci 0000:00:02.0: reg 0x20: [io  0xf000-0xf03f]
Oct 15 16:45:20 hoogstraat-client-1 kernel: [    0.170968] pci 0000:00:03.0: [8086:160c] type 00 class 0x040300
Oct 15 16:45:20 hoogstraat-client-1 kernel: [    0.170978] pci 0000:00:03.0: reg 0x10: [mem 0xf7214000-0xf7217fff 64bit]
Oct 15 16:45:20 hoogstraat-client-1 kernel: [    0.171116] pci 0000:00:14.0: [8086:9cb1] type 00 class 0x0c0330
Oct 15 16:45:20 hoogstraat-client-1 kernel: [    0.171135] pci 0000:00:14.0: reg 0x10: [mem 0xf7200000-0xf720ffff 64bit]
Oct 15 16:45:20 hoogstraat-client-1 kernel: [    0.171199] pci 0000:00:14.0: PME# supported from D3hot D3cold
Oct 15 16:45:20 hoogstraat-client-1 kernel: [    0.171266] pci 0000:00:14.0: System wakeup disabled by ACPI
Oct 15 16:45:20 hoogstraat-client-1 kernel: [    0.171316] pci 0000:00:16.0: [8086:9cba] type 00 class 0x078000
Oct 15 16:45:20 hoogstraat-client-1 kernel: [    0.171335] pci 0000:00:16.0: reg 0x10: [mem 0xf721c000-0xf721c01f 64bit]
Oct 15 16:45:20 hoogstraat-client-1 kernel: [    0.171401] pci 0000:00:16.0: PME# supported from D0 D3hot D3cold
Oct 15 16:45:20 hoogstraat-client-1 kernel: [    0.171530] pci 0000:00:1b.0: [8086:9ca0] type 00 class 0x040300
Oct 15 16:45:20 hoogstraat-client-1 kernel: [    0.171547] pci 0000:00:1b.0: reg 0x10: [mem 0xf7210000-0xf7213fff 64bit]
Oct 15 16:45:20 hoogstraat-client-1 kernel: [    0.171600] pci 0000:00:1b.0: PME# supported from D0 D3hot D3cold
Oct 15 16:45:20 hoogstraat-client-1 kernel: [    0.171679] pci 0000:00:1b.0: System wakeup disabled by ACPI
Oct 15 16:45:20 hoogstraat-client-1 kernel: [    0.171726] pci 0000:00:1c.0: [8086:9c90] type 01 class 0x060400
Oct 15 16:45:20 hoogstraat-client-1 kernel: [    0.171792] pci 0000:00:1c.0: PME# supported from D0 D3hot D3cold
Oct 15 16:45:20 hoogstraat-client-1 kernel: [    0.171891] pci 0000:00:1c.0: System wakeup disabled by ACPI
Oct 15 16:45:20 hoogstraat-client-1 kernel: [    0.171940] pci 0000:00:1c.2: [8086:9c94] type 01 class 0x060400
Oct 15 16:45:20 hoogstraat-client-1 kernel: [    0.172007] pci 0000:00:1c.2: PME# supported from D0 D3hot D3cold
Oct 15 16:45:20 hoogstraat-client-1 kernel: [    0.172101] pci 0000:00:1c.2: System wakeup disabled by ACPI
Oct 15 16:45:20 hoogstraat-client-1 kernel: [    0.172148] pci 0000:00:1c.3: [8086:9c96] type 01 class 0x060400
Oct 15 16:45:20 hoogstraat-client-1 kernel: [    0.172216] pci 0000:00:1c.3: PME# supported from D0 D3hot D3cold
Oct 15 16:45:20 hoogstraat-client-1 kernel: [    0.172309] pci 0000:00:1c.3: System wakeup disabled by ACPI
Oct 15 16:45:20 hoogstraat-client-1 kernel: [    0.172362] pci 0000:00:1d.0: [8086:9ca6] type 00 class 0x0c0320
Oct 15 16:45:20 hoogstraat-client-1 kernel: [    0.172382] pci 0000:00:1d.0: reg 0x10: [mem 0xf721a000-0xf721a3ff]
Oct 15 16:45:20 hoogstraat-client-1 kernel: [    0.172471] pci 0000:00:1d.0: PME# supported from D0 D3hot D3cold
Oct 15 16:45:20 hoogstraat-client-1 kernel: [    0.172537] pci 0000:00:1d.0: System wakeup disabled by ACPI
Oct 15 16:45:20 hoogstraat-client-1 kernel: [    0.172588] pci 0000:00:1f.0: [8086:9cc5] type 00 class 0x060100
Oct 15 16:45:20 hoogstraat-client-1 kernel: [    0.172793] pci 0000:00:1f.2: [8086:9c83] type 00 class 0x010601
Oct 15 16:45:20 hoogstraat-client-1 kernel: [    0.172808] pci 0000:00:1f.2: reg 0x10: [io  0xf0b0-0xf0b7]
Oct 15 16:45:20 hoogstraat-client-1 kernel: [    0.172816] pci 0000:00:1f.2: reg 0x14: [io  0xf0a0-0xf0a3]
Oct 15 16:45:20 hoogstraat-client-1 kernel: [    0.172825] pci 0000:00:1f.2: reg 0x18: [io  0xf090-0xf097]
Oct 15 16:45:20 hoogstraat-client-1 kernel: [    0.172833] pci 0000:00:1f.2: reg 0x1c: [io  0xf080-0xf083]
Oct 15 16:45:20 hoogstraat-client-1 kernel: [    0.172841] pci 0000:00:1f.2: reg 0x20: [io  0xf060-0xf07f]
Oct 15 16:45:20 hoogstraat-client-1 kernel: [    0.172849] pci 0000:00:1f.2: reg 0x24: [mem 0xf7219000-0xf72197ff]
Oct 15 16:45:20 hoogstraat-client-1 kernel: [    0.172886] pci 0000:00:1f.2: PME# supported from D3hot
Oct 15 16:45:20 hoogstraat-client-1 kernel: [    0.172977] pci 0000:00:1f.3: [8086:9ca2] type 00 class 0x0c0500
Oct 15 16:45:20 hoogstraat-client-1 kernel: [    0.172998] pci 0000:00:1f.3: reg 0x10: [mem 0xf7218000-0xf72180ff 64bit]
Oct 15 16:45:20 hoogstraat-client-1 kernel: [    0.173020] pci 0000:00:1f.3: reg 0x20: [io  0xf040-0xf05f]
Oct 15 16:45:20 hoogstraat-client-1 kernel: [    0.173205] acpiphp: Slot [1] registered
Oct 15 16:45:20 hoogstraat-client-1 kernel: [    0.173212] pci 0000:00:1c.0: PCI bridge to [bus 01]
Oct 15 16:45:20 hoogstraat-client-1 kernel: [    0.173306] pci 0000:02:00.0: [8086:08b3] type 00 class 0x028000
Oct 15 16:45:20 hoogstraat-client-1 kernel: [    0.173343] pci 0000:02:00.0: reg 0x10: [mem 0xf7100000-0xf7101fff 64bit]
Oct 15 16:45:20 hoogstraat-client-1 kernel: [    0.173500] pci 0000:02:00.0: PME# supported from D0 D3hot D3cold
Oct 15 16:45:20 hoogstraat-client-1 kernel: [    0.173560] pci 0000:02:00.0: System wakeup disabled by ACPI
Oct 15 16:45:20 hoogstraat-client-1 kernel: [    0.181049] pci 0000:00:1c.2: PCI bridge to [bus 02]
Oct 15 16:45:20 hoogstraat-client-1 kernel: [    0.181055] pci 0000:00:1c.2:   bridge window [mem 0xf7100000-0xf71fffff]
Oct 15 16:45:20 hoogstraat-client-1 kernel: [    0.181145] pci 0000:03:00.0: [10ec:8168] type 00 class 0x020000
Oct 15 16:45:20 hoogstraat-client-1 kernel: [    0.181167] pci 0000:03:00.0: reg 0x10: [io  0xe000-0xe0ff]
Oct 15 16:45:20 hoogstraat-client-1 kernel: [    0.181198] pci 0000:03:00.0: reg 0x18: [mem 0xf7000000-0xf7000fff 64bit]
Oct 15 16:45:20 hoogstraat-client-1 kernel: [    0.181218] pci 0000:03:00.0: reg 0x20: [mem 0xf0000000-0xf0003fff 64bit pref]
Oct 15 16:45:20 hoogstraat-client-1 kernel: [    0.181306] pci 0000:03:00.0: supports D1 D2
Oct 15 16:45:20 hoogstraat-client-1 kernel: [    0.181308] pci 0000:03:00.0: PME# supported from D0 D1 D2 D3hot D3cold
Oct 15 16:45:20 hoogstraat-client-1 kernel: [    0.181362] pci 0000:03:00.0: System wakeup disabled by ACPI
Oct 15 16:45:20 hoogstraat-client-1 kernel: [    0.189060] pci 0000:00:1c.3: PCI bridge to [bus 03]
Oct 15 16:45:20 hoogstraat-client-1 kernel: [    0.189064] pci 0000:00:1c.3:   bridge window [io  0xe000-0xefff]
Oct 15 16:45:20 hoogstraat-client-1 kernel: [    0.189068] pci 0000:00:1c.3:   bridge window [mem 0xf7000000-0xf70fffff]
Oct 15 16:45:20 hoogstraat-client-1 kernel: [    0.189074] pci 0000:00:1c.3:   bridge window [mem 0xf0000000-0xf00fffff 64bit pref]
Oct 15 16:45:20 hoogstraat-client-1 kernel: [    0.190093] ACPI: PCI Interrupt Link [LNKA] (IRQs 3 4 5 6 10 *11 12 14 15)
Oct 15 16:45:20 hoogstraat-client-1 kernel: [    0.190158] ACPI: PCI Interrupt Link [LNKB] (IRQs 3 4 5 6 10 11 12 14 15) *0, disabled.
Oct 15 16:45:20 hoogstraat-client-1 kernel: [    0.190219] ACPI: PCI Interrupt Link [LNKC] (IRQs *3 4 5 6 10 11 12 14 15)
Oct 15 16:45:20 hoogstraat-client-1 kernel: [    0.190277] ACPI: PCI Interrupt Link [LNKD] (IRQs 3 4 5 6 *10 11 12 14 15)
Oct 15 16:45:20 hoogstraat-client-1 kernel: [    0.190334] ACPI: PCI Interrupt Link [LNKE] (IRQs 3 4 5 6 10 11 12 14 15) *0, disabled.
Oct 15 16:45:20 hoogstraat-client-1 kernel: [    0.190393] ACPI: PCI Interrupt Link [LNKF] (IRQs 3 4 5 6 10 11 12 14 15) *0, disabled.
Oct 15 16:45:20 hoogstraat-client-1 kernel: [    0.190453] ACPI: PCI Interrupt Link [LNKG] (IRQs 3 4 *5 6 10 11 12 14 15)
Oct 15 16:45:20 hoogstraat-client-1 kernel: [    0.190515] ACPI: PCI Interrupt Link [LNKH] (IRQs 3 *4 5 6 10 11 12 14 15)
Oct 15 16:45:20 hoogstraat-client-1 kernel: [    0.191048] ACPI: Enabled 4 GPEs in block 00 to 7F
Oct 15 16:45:20 hoogstraat-client-1 kernel: [    0.191206] vgaarb: setting as boot device: PCI:0000:00:02.0
Oct 15 16:45:20 hoogstraat-client-1 kernel: [    0.191209] vgaarb: device added: PCI:0000:00:02.0,decodes=io+mem,owns=io+mem,locks=none
Oct 15 16:45:20 hoogstraat-client-1 kernel: [    0.191213] vgaarb: loaded
Oct 15 16:45:20 hoogstraat-client-1 kernel: [    0.191215] vgaarb: bridge control possible 0000:00:02.0
Oct 15 16:45:20 hoogstraat-client-1 kernel: [    0.191495] SCSI subsystem initialized
Oct 15 16:45:20 hoogstraat-client-1 kernel: [    0.191567] libata version 3.00 loaded.
Oct 15 16:45:20 hoogstraat-client-1 kernel: [    0.191599] ACPI: bus type USB registered
Oct 15 16:45:20 hoogstraat-client-1 kernel: [    0.191622] usbcore: registered new interface driver usbfs
Oct 15 16:45:20 hoogstraat-client-1 kernel: [    0.191633] usbcore: registered new interface driver hub
Oct 15 16:45:20 hoogstraat-client-1 kernel: [    0.191646] usbcore: registered new device driver usb
Oct 15 16:45:20 hoogstraat-client-1 kernel: [    0.191876] PCI: Using ACPI for IRQ routing
Oct 15 16:45:20 hoogstraat-client-1 kernel: [    0.193407] PCI: pci_cache_line_size set to 64 bytes
Oct 15 16:45:20 hoogstraat-client-1 kernel: [    0.193455] e820: reserve RAM buffer [mem 0x00058000-0x0005ffff]
Oct 15 16:45:20 hoogstraat-client-1 kernel: [    0.193457] e820: reserve RAM buffer [mem 0x0009f000-0x0009ffff]
Oct 15 16:45:20 hoogstraat-client-1 kernel: [    0.193459] e820: reserve RAM buffer [mem 0xd1f51000-0xd3ffffff]
Oct 15 16:45:20 hoogstraat-client-1 kernel: [    0.193460] e820: reserve RAM buffer [mem 0xd62ed000-0xd7ffffff]
Oct 15 16:45:20 hoogstraat-client-1 kernel: [    0.193463] e820: reserve RAM buffer [mem 0xd6522000-0xd7ffffff]
Oct 15 16:45:20 hoogstraat-client-1 kernel: [    0.193465] e820: reserve RAM buffer [mem 0xd6fff000-0xd7ffffff]
Oct 15 16:45:20 hoogstraat-client-1 kernel: [    0.193467] e820: reserve RAM buffer [mem 0x11f000000-0x11fffffff]
Oct 15 16:45:20 hoogstraat-client-1 kernel: [    0.193627] NetLabel: Initializing
Oct 15 16:45:20 hoogstraat-client-1 kernel: [    0.193629] NetLabel:  domain hash size = 128
Oct 15 16:45:20 hoogstraat-client-1 kernel: [    0.193630] NetLabel:  protocols = UNLABELED CIPSOv4
Oct 15 16:45:20 hoogstraat-client-1 kernel: [    0.193645] NetLabel:  unlabeled traffic allowed by default
Oct 15 16:45:20 hoogstraat-client-1 kernel: [    0.193728] hpet0: at MMIO 0xfed00000, IRQs 2, 8, 0, 0, 0, 0, 0, 0
Oct 15 16:45:20 hoogstraat-client-1 kernel: [    0.193735] hpet0: 8 comparators, 64-bit 14.318180 MHz counter
Oct 15 16:45:20 hoogstraat-client-1 kernel: [    0.195777] Switched to clocksource hpet
Oct 15 16:45:20 hoogstraat-client-1 kernel: [    0.203683] AppArmor: AppArmor Filesystem Enabled
Oct 15 16:45:20 hoogstraat-client-1 kernel: [    0.203787] pnp: PnP ACPI init
Oct 15 16:45:20 hoogstraat-client-1 kernel: [    0.204090] system 00:00: [io  0x0a00-0x0a2f] has been reserved
Oct 15 16:45:20 hoogstraat-client-1 kernel: [    0.204093] system 00:00: [io  0x0a30-0x0a3f] has been reserved
Oct 15 16:45:20 hoogstraat-client-1 kernel: [    0.204095] system 00:00: [io  0x0a40-0x0a4f] has been reserved
Oct 15 16:45:20 hoogstraat-client-1 kernel: [    0.204100] system 00:00: Plug and Play ACPI device, IDs PNP0c02 (active)
Oct 15 16:45:20 hoogstraat-client-1 kernel: [    0.204212] system 00:01: [io  0x0680-0x069f] has been reserved
Oct 15 16:45:20 hoogstraat-client-1 kernel: [    0.204215] system 00:01: [io  0xffff] has been reserved
Oct 15 16:45:20 hoogstraat-client-1 kernel: [    0.204217] system 00:01: [io  0xffff] has been reserved
Oct 15 16:45:20 hoogstraat-client-1 kernel: [    0.204219] system 00:01: [io  0xffff] has been reserved
Oct 15 16:45:20 hoogstraat-client-1 kernel: [    0.204222] system 00:01: [io  0x1800-0x18fe] could not be reserved
Oct 15 16:45:20 hoogstraat-client-1 kernel: [    0.204224] system 00:01: [io  0x164e-0x164f] has been reserved
Oct 15 16:45:20 hoogstraat-client-1 kernel: [    0.204227] system 00:01: Plug and Play ACPI device, IDs PNP0c02 (active)
Oct 15 16:45:20 hoogstraat-client-1 kernel: [    0.204294] pnp 00:02: Plug and Play ACPI device, IDs PNP0b00 (active)
Oct 15 16:45:20 hoogstraat-client-1 kernel: [    0.204346] system 00:03: [io  0x1854-0x1857] has been reserved
Oct 15 16:45:20 hoogstraat-client-1 kernel: [    0.204349] system 00:03: Plug and Play ACPI device, IDs INT3f0d PNP0c02 (active)
Oct 15 16:45:20 hoogstraat-client-1 kernel: [    0.204572] system 00:04: [mem 0xfed1c000-0xfed1ffff] has been reserved
Oct 15 16:45:20 hoogstraat-client-1 kernel: [    0.204574] system 00:04: [mem 0xfed10000-0xfed17fff] has been reserved
Oct 15 16:45:20 hoogstraat-client-1 kernel: [    0.204576] system 00:04: [mem 0xfed18000-0xfed18fff] has been reserved
Oct 15 16:45:20 hoogstraat-client-1 kernel: [    0.204579] system 00:04: [mem 0xfed19000-0xfed19fff] has been reserved
Oct 15 16:45:20 hoogstraat-client-1 kernel: [    0.204581] system 00:04: [mem 0xf8000000-0xfbffffff] has been reserved
Oct 15 16:45:20 hoogstraat-client-1 kernel: [    0.204584] system 00:04: [mem 0xfed20000-0xfed3ffff] has been reserved
Oct 15 16:45:20 hoogstraat-client-1 kernel: [    0.204586] system 00:04: [mem 0xfed90000-0xfed93fff] could not be reserved
Oct 15 16:45:20 hoogstraat-client-1 kernel: [    0.204589] system 00:04: [mem 0xfed45000-0xfed8ffff] could not be reserved
Oct 15 16:45:20 hoogstraat-client-1 kernel: [    0.204591] system 00:04: [mem 0xff000000-0xffffffff] has been reserved
Oct 15 16:45:20 hoogstraat-client-1 kernel: [    0.204594] system 00:04: [mem 0xfee00000-0xfeefffff] could not be reserved
Oct 15 16:45:20 hoogstraat-client-1 kernel: [    0.204596] system 00:04: [mem 0xf7fe0000-0xf7feffff] has been reserved
Oct 15 16:45:20 hoogstraat-client-1 kernel: [    0.204598] system 00:04: [mem 0xf7ff0000-0xf7ffffff] has been reserved
Oct 15 16:45:20 hoogstraat-client-1 kernel: [    0.204601] system 00:04: Plug and Play ACPI device, IDs PNP0c02 (active)
Oct 15 16:45:20 hoogstraat-client-1 kernel: [    0.205175] system 00:05: Plug and Play ACPI device, IDs PNP0c02 (active)
Oct 15 16:45:20 hoogstraat-client-1 kernel: [    0.205710] pnp: PnP ACPI: found 6 devices
Oct 15 16:45:20 hoogstraat-client-1 kernel: [    0.212373] clocksource acpi_pm: mask: 0xffffff max_cycles: 0xffffff, max_idle_ns: 2085701024 ns
Oct 15 16:45:20 hoogstraat-client-1 kernel: [    0.212404] pci 0000:00:1c.0: PCI bridge to [bus 01]
Oct 15 16:45:20 hoogstraat-client-1 kernel: [    0.212417] pci 0000:00:1c.2: PCI bridge to [bus 02]
Oct 15 16:45:20 hoogstraat-client-1 kernel: [    0.212422] pci 0000:00:1c.2:   bridge window [mem 0xf7100000-0xf71fffff]
Oct 15 16:45:20 hoogstraat-client-1 kernel: [    0.212430] pci 0000:00:1c.3: PCI bridge to [bus 03]
Oct 15 16:45:20 hoogstraat-client-1 kernel: [    0.212433] pci 0000:00:1c.3:   bridge window [io  0xe000-0xefff]
Oct 15 16:45:20 hoogstraat-client-1 kernel: [    0.212438] pci 0000:00:1c.3:   bridge window [mem 0xf7000000-0xf70fffff]
Oct 15 16:45:20 hoogstraat-client-1 kernel: [    0.212443] pci 0000:00:1c.3:   bridge window [mem 0xf0000000-0xf00fffff 64bit pref]
Oct 15 16:45:20 hoogstraat-client-1 kernel: [    0.212450] pci_bus 0000:00: resource 4 [io  0x0000-0x0cf7 window]
Oct 15 16:45:20 hoogstraat-client-1 kernel: [    0.212452] pci_bus 0000:00: resource 5 [io  0x0d00-0xffff window]
Oct 15 16:45:20 hoogstraat-client-1 kernel: [    0.212455] pci_bus 0000:00: resource 6 [mem 0x000a0000-0x000bffff window]
Oct 15 16:45:20 hoogstraat-client-1 kernel: [    0.212457] pci_bus 0000:00: resource 7 [mem 0xe0000000-0xfeafffff window]
Oct 15 16:45:20 hoogstraat-client-1 kernel: [    0.212460] pci_bus 0000:02: resource 1 [mem 0xf7100000-0xf71fffff]
Oct 15 16:45:20 hoogstraat-client-1 kernel: [    0.212462] pci_bus 0000:03: resource 0 [io  0xe000-0xefff]
Oct 15 16:45:20 hoogstraat-client-1 kernel: [    0.212464] pci_bus 0000:03: resource 1 [mem 0xf7000000-0xf70fffff]
Oct 15 16:45:20 hoogstraat-client-1 kernel: [    0.212466] pci_bus 0000:03: resource 2 [mem 0xf0000000-0xf00fffff 64bit pref]
Oct 15 16:45:20 hoogstraat-client-1 kernel: [    0.212506] NET: Registered protocol family 2
Oct 15 16:45:20 hoogstraat-client-1 kernel: [    0.212709] TCP established hash table entries: 32768 (order: 6, 262144 bytes)
Oct 15 16:45:20 hoogstraat-client-1 kernel: [    0.212806] TCP bind hash table entries: 32768 (order: 7, 524288 bytes)
Oct 15 16:45:20 hoogstraat-client-1 kernel: [    0.212889] TCP: Hash tables configured (established 32768 bind 32768)
Oct 15 16:45:20 hoogstraat-client-1 kernel: [    0.212924] UDP hash table entries: 2048 (order: 4, 65536 bytes)
Oct 15 16:45:20 hoogstraat-client-1 kernel: [    0.212945] UDP-Lite hash table entries: 2048 (order: 4, 65536 bytes)
Oct 15 16:45:20 hoogstraat-client-1 kernel: [    0.213001] NET: Registered protocol family 1
Oct 15 16:45:20 hoogstraat-client-1 kernel: [    0.213022] pci 0000:00:02.0: Video device with shadowed ROM
Oct 15 16:45:20 hoogstraat-client-1 kernel: [    0.231906] PCI: CLS 64 bytes, default 64
Oct 15 16:45:20 hoogstraat-client-1 kernel: [    0.231974] Trying to unpack rootfs image as initramfs...
Oct 15 16:45:20 hoogstraat-client-1 kernel: [    0.682141] Freeing initrd memory: 18704K (ffff880035b68000 - ffff880036dac000)
Oct 15 16:45:20 hoogstraat-client-1 kernel: [    0.682187] PCI-DMA: Using software bounce buffering for IO (SWIOTLB)
Oct 15 16:45:20 hoogstraat-client-1 kernel: [    0.682191] software IO TLB [mem 0xca247000-0xce247000] (64MB) mapped at [ffff8800ca247000-ffff8800ce246fff]
Oct 15 16:45:20 hoogstraat-client-1 kernel: [    0.682279] RAPL PMU detected, API unit is 2^-32 Joules, 4 fixed counters 655360 ms ovfl timer
Oct 15 16:45:20 hoogstraat-client-1 kernel: [    0.682281] hw unit of domain pp0-core 2^-14 Joules
Oct 15 16:45:20 hoogstraat-client-1 kernel: [    0.682282] hw unit of domain package 2^-14 Joules
Oct 15 16:45:20 hoogstraat-client-1 kernel: [    0.682283] hw unit of domain dram 2^-14 Joules
Oct 15 16:45:20 hoogstraat-client-1 kernel: [    0.682284] hw unit of domain pp1-gpu 2^-14 Joules
Oct 15 16:45:20 hoogstraat-client-1 kernel: [    0.682376] microcode: CPU0 sig=0x306d4, pf=0x40, revision=0x11
Oct 15 16:45:20 hoogstraat-client-1 kernel: [    0.682384] microcode: CPU1 sig=0x306d4, pf=0x40, revision=0x11
Oct 15 16:45:20 hoogstraat-client-1 kernel: [    0.682449] microcode: Microcode Update Driver: v2.00 <tigran@aivazian.fsnet.co.uk>, Peter Oruba
Oct 15 16:45:20 hoogstraat-client-1 kernel: [    0.682489] Scanning for low memory corruption every 60 seconds
Oct 15 16:45:20 hoogstraat-client-1 kernel: [    0.682886] futex hash table entries: 512 (order: 3, 32768 bytes)
Oct 15 16:45:20 hoogstraat-client-1 kernel: [    0.682903] Initialise system trusted keyring
Oct 15 16:45:20 hoogstraat-client-1 kernel: [    0.682926] audit: initializing netlink subsys (disabled)
Oct 15 16:45:20 hoogstraat-client-1 kernel: [    0.682944] audit: type=2000 audit(1444920317.672:1): initialized
Oct 15 16:45:20 hoogstraat-client-1 kernel: [    0.683433] HugeTLB registered 1 GB page size, pre-allocated 0 pages
Oct 15 16:45:20 hoogstraat-client-1 kernel: [    0.683435] HugeTLB registered 2 MB page size, pre-allocated 0 pages
Oct 15 16:45:20 hoogstraat-client-1 kernel: [    0.685547] zpool: loaded
Oct 15 16:45:20 hoogstraat-client-1 kernel: [    0.685550] zbud: loaded
Oct 15 16:45:20 hoogstraat-client-1 kernel: [    0.685760] VFS: Disk quotas dquot_6.6.0
Oct 15 16:45:20 hoogstraat-client-1 kernel: [    0.685807] VFS: Dquot-cache hash table entries: 512 (order 0, 4096 bytes)
Oct 15 16:45:20 hoogstraat-client-1 kernel: [    0.686413] fuse init (API version 7.23)
Oct 15 16:45:20 hoogstraat-client-1 kernel: [    0.686591] Key type big_key registered
Oct 15 16:45:20 hoogstraat-client-1 kernel: [    0.686953] Key type asymmetric registered
Oct 15 16:45:20 hoogstraat-client-1 kernel: [    0.686957] Asymmetric key parser 'x509' registered
Oct 15 16:45:20 hoogstraat-client-1 kernel: [    0.687006] Block layer SCSI generic (bsg) driver version 0.4 loaded (major 251)
Oct 15 16:45:20 hoogstraat-client-1 kernel: [    0.687042] io scheduler noop registered
Oct 15 16:45:20 hoogstraat-client-1 kernel: [    0.687047] io scheduler deadline registered (default)
Oct 15 16:45:20 hoogstraat-client-1 kernel: [    0.687089] io scheduler cfq registered
Oct 15 16:45:20 hoogstraat-client-1 kernel: [    0.687819] pcieport 0000:00:1c.0: Signaling PME through PCIe PME interrupt
Oct 15 16:45:20 hoogstraat-client-1 kernel: [    0.687824] pcie_pme 0000:00:1c.0:pcie01: service driver pcie_pme loaded
Oct 15 16:45:20 hoogstraat-client-1 kernel: [    0.687840] pcieport 0000:00:1c.2: Signaling PME through PCIe PME interrupt
Oct 15 16:45:20 hoogstraat-client-1 kernel: [    0.687842] pci 0000:02:00.0: Signaling PME through PCIe PME interrupt
Oct 15 16:45:20 hoogstraat-client-1 kernel: [    0.687846] pcie_pme 0000:00:1c.2:pcie01: service driver pcie_pme loaded
Oct 15 16:45:20 hoogstraat-client-1 kernel: [    0.687863] pcieport 0000:00:1c.3: Signaling PME through PCIe PME interrupt
Oct 15 16:45:20 hoogstraat-client-1 kernel: [    0.687864] pci 0000:03:00.0: Signaling PME through PCIe PME interrupt
Oct 15 16:45:20 hoogstraat-client-1 kernel: [    0.687868] pcie_pme 0000:00:1c.3:pcie01: service driver pcie_pme loaded
Oct 15 16:45:20 hoogstraat-client-1 kernel: [    0.687878] pci_hotplug: PCI Hot Plug PCI Core version: 0.5
Oct 15 16:45:20 hoogstraat-client-1 kernel: [    0.687899] pciehp: PCI Express Hot Plug Controller Driver version: 0.4
Oct 15 16:45:20 hoogstraat-client-1 kernel: [    0.687952] efifb: probing for efifb
Oct 15 16:45:20 hoogstraat-client-1 kernel: [    0.687984] efifb: framebuffer at 0xe0000000, mapped to 0xffffc90000800000, using 8128k, total 8128k
Oct 15 16:45:20 hoogstraat-client-1 kernel: [    0.687986] efifb: mode is 1920x1080x32, linelength=7680, pages=1
Oct 15 16:45:20 hoogstraat-client-1 kernel: [    0.687987] efifb: scrolling: redraw
Oct 15 16:45:20 hoogstraat-client-1 kernel: [    0.687989] efifb: Truecolor: size=8:8:8:8, shift=24:16:8:0
Oct 15 16:45:20 hoogstraat-client-1 kernel: [    0.695250] Console: switching to colour frame buffer device 240x67
Oct 15 16:45:20 hoogstraat-client-1 kernel: [    0.702428] fb0: EFI VGA frame buffer device
Oct 15 16:45:20 hoogstraat-client-1 kernel: [    0.702444] intel_idle: MWAIT substates: 0x11142120
Oct 15 16:45:20 hoogstraat-client-1 kernel: [    0.702446] intel_idle: v0.4 model 0x3D
Oct 15 16:45:20 hoogstraat-client-1 kernel: [    0.702447] intel_idle: lapic_timer_reliable_states 0xffffffff
Oct 15 16:45:20 hoogstraat-client-1 kernel: [    0.702704] input: Sleep Button as /devices/LNXSYSTM:00/LNXSYBUS:00/PNP0C0E:00/input/input0
Oct 15 16:45:20 hoogstraat-client-1 kernel: [    0.702709] ACPI: Sleep Button [SLPB]
Oct 15 16:45:20 hoogstraat-client-1 kernel: [    0.702755] input: Power Button as /devices/LNXSYSTM:00/LNXSYBUS:00/PNP0C0C:00/input/input1
Oct 15 16:45:20 hoogstraat-client-1 kernel: [    0.702758] ACPI: Power Button [PWRB]
Oct 15 16:45:20 hoogstraat-client-1 kernel: [    0.702805] input: Power Button as /devices/LNXSYSTM:00/LNXPWRBN:00/input/input2
Oct 15 16:45:20 hoogstraat-client-1 kernel: [    0.702807] ACPI: Power Button [PWRF]
Oct 15 16:45:20 hoogstraat-client-1 kernel: [    0.703722] thermal LNXTHERM:00: registered as thermal_zone0
Oct 15 16:45:20 hoogstraat-client-1 kernel: [    0.703724] ACPI: Thermal Zone [TZ00] (28 C)
Oct 15 16:45:20 hoogstraat-client-1 kernel: [    0.703970] thermal LNXTHERM:01: registered as thermal_zone1
Oct 15 16:45:20 hoogstraat-client-1 kernel: [    0.703972] ACPI: Thermal Zone [TZ01] (30 C)
Oct 15 16:45:20 hoogstraat-client-1 kernel: [    0.704078] GHES: HEST is not enabled!
Oct 15 16:45:20 hoogstraat-client-1 kernel: [    0.704227] Serial: 8250/16550 driver, 32 ports, IRQ sharing enabled
Oct 15 16:45:20 hoogstraat-client-1 kernel: [    0.706233] Linux agpgart interface v0.103
Oct 15 16:45:20 hoogstraat-client-1 kernel: [    0.708822] brd: module loaded
Oct 15 16:45:20 hoogstraat-client-1 kernel: [    0.709828] loop: module loaded
Oct 15 16:45:20 hoogstraat-client-1 kernel: [    0.710087] libphy: Fixed MDIO Bus: probed
Oct 15 16:45:20 hoogstraat-client-1 kernel: [    0.710092] tun: Universal TUN/TAP device driver, 1.6
Oct 15 16:45:20 hoogstraat-client-1 kernel: [    0.710093] tun: (C) 1999-2004 Max Krasnyansky <maxk@qualcomm.com>
Oct 15 16:45:20 hoogstraat-client-1 kernel: [    0.710149] PPP generic driver version 2.4.2
Oct 15 16:45:20 hoogstraat-client-1 kernel: [    0.710399] xhci_hcd 0000:00:14.0: xHCI Host Controller
Oct 15 16:45:20 hoogstraat-client-1 kernel: [    0.710406] xhci_hcd 0000:00:14.0: new USB bus registered, assigned bus number 1
Oct 15 16:45:20 hoogstraat-client-1 kernel: [    0.710491] xhci_hcd 0000:00:14.0: hcc params 0x200077c1 hci version 0x100 quirks 0x00009810
Oct 15 16:45:20 hoogstraat-client-1 kernel: [    0.710497] xhci_hcd 0000:00:14.0: cache line size of 64 is not supported
Oct 15 16:45:20 hoogstraat-client-1 kernel: [    0.710582] usb usb1: New USB device found, idVendor=1d6b, idProduct=0002
Oct 15 16:45:20 hoogstraat-client-1 kernel: [    0.710584] usb usb1: New USB device strings: Mfr=3, Product=2, SerialNumber=1
Oct 15 16:45:20 hoogstraat-client-1 kernel: [    0.710586] usb usb1: Product: xHCI Host Controller
Oct 15 16:45:20 hoogstraat-client-1 kernel: [    0.710588] usb usb1: Manufacturer: Linux 4.1.6-040106-generic xhci-hcd
Oct 15 16:45:20 hoogstraat-client-1 kernel: [    0.710590] usb usb1: SerialNumber: 0000:00:14.0
Oct 15 16:45:20 hoogstraat-client-1 kernel: [    0.710720] hub 1-0:1.0: USB hub found
Oct 15 16:45:20 hoogstraat-client-1 kernel: [    0.710733] hub 1-0:1.0: 11 ports detected
Oct 15 16:45:20 hoogstraat-client-1 kernel: [    0.712538] xhci_hcd 0000:00:14.0: xHCI Host Controller
Oct 15 16:45:20 hoogstraat-client-1 kernel: [    0.712543] xhci_hcd 0000:00:14.0: new USB bus registered, assigned bus number 2
Oct 15 16:45:20 hoogstraat-client-1 kernel: [    0.712579] usb usb2: New USB device found, idVendor=1d6b, idProduct=0003
Oct 15 16:45:20 hoogstraat-client-1 kernel: [    0.712581] usb usb2: New USB device strings: Mfr=3, Product=2, SerialNumber=1
Oct 15 16:45:20 hoogstraat-client-1 kernel: [    0.712583] usb usb2: Product: xHCI Host Controller
Oct 15 16:45:20 hoogstraat-client-1 kernel: [    0.712585] usb usb2: Manufacturer: Linux 4.1.6-040106-generic xhci-hcd
Oct 15 16:45:20 hoogstraat-client-1 kernel: [    0.712587] usb usb2: SerialNumber: 0000:00:14.0
Oct 15 16:45:20 hoogstraat-client-1 kernel: [    0.712731] hub 2-0:1.0: USB hub found
Oct 15 16:45:20 hoogstraat-client-1 kernel: [    0.712740] hub 2-0:1.0: 4 ports detected
Oct 15 16:45:20 hoogstraat-client-1 kernel: [    0.713348] ehci_hcd: USB 2.0 'Enhanced' Host Controller (EHCI) Driver
Oct 15 16:45:20 hoogstraat-client-1 kernel: [    0.713356] ehci-pci: EHCI PCI platform driver
Oct 15 16:45:20 hoogstraat-client-1 kernel: [    0.713496] ehci-pci 0000:00:1d.0: EHCI Host Controller
Oct 15 16:45:20 hoogstraat-client-1 kernel: [    0.713502] ehci-pci 0000:00:1d.0: new USB bus registered, assigned bus number 3
Oct 15 16:45:20 hoogstraat-client-1 kernel: [    0.713514] ehci-pci 0000:00:1d.0: debug port 2
Oct 15 16:45:20 hoogstraat-client-1 kernel: [    0.717430] ehci-pci 0000:00:1d.0: cache line size of 64 is not supported
Oct 15 16:45:20 hoogstraat-client-1 kernel: [    0.717445] ehci-pci 0000:00:1d.0: irq 23, io mem 0xf721a000
Oct 15 16:45:20 hoogstraat-client-1 kernel: [    0.731611] ehci-pci 0000:00:1d.0: USB 2.0 started, EHCI 1.00
Oct 15 16:45:20 hoogstraat-client-1 kernel: [    0.731685] usb usb3: New USB device found, idVendor=1d6b, idProduct=0002
Oct 15 16:45:20 hoogstraat-client-1 kernel: [    0.731687] usb usb3: New USB device strings: Mfr=3, Product=2, SerialNumber=1
Oct 15 16:45:20 hoogstraat-client-1 kernel: [    0.731690] usb usb3: Product: EHCI Host Controller
Oct 15 16:45:20 hoogstraat-client-1 kernel: [    0.731692] usb usb3: Manufacturer: Linux 4.1.6-040106-generic ehci_hcd
Oct 15 16:45:20 hoogstraat-client-1 kernel: [    0.731694] usb usb3: SerialNumber: 0000:00:1d.0
Oct 15 16:45:20 hoogstraat-client-1 kernel: [    0.731959] hub 3-0:1.0: USB hub found
Oct 15 16:45:20 hoogstraat-client-1 kernel: [    0.731967] hub 3-0:1.0: 2 ports detected
Oct 15 16:45:20 hoogstraat-client-1 kernel: [    0.732136] ehci-platform: EHCI generic platform driver
Oct 15 16:45:20 hoogstraat-client-1 kernel: [    0.732154] ohci_hcd: USB 1.1 'Open' Host Controller (OHCI) Driver
Oct 15 16:45:20 hoogstraat-client-1 kernel: [    0.732162] ohci-pci: OHCI PCI platform driver
Oct 15 16:45:20 hoogstraat-client-1 kernel: [    0.732178] ohci-platform: OHCI generic platform driver
Oct 15 16:45:20 hoogstraat-client-1 kernel: [    0.732189] uhci_hcd: USB Universal Host Controller Interface driver
Oct 15 16:45:20 hoogstraat-client-1 kernel: [    0.732258] i8042: PNP: No PS/2 controller found. Probing ports directly.
Oct 15 16:45:20 hoogstraat-client-1 kernel: [    1.459360] usb 3-1: new high-speed USB device number 2 using ehci-pci
Oct 15 16:45:20 hoogstraat-client-1 kernel: [    1.679282] tsc: Refined TSC clocksource calibration: 1496.535 MHz
Oct 15 16:45:20 hoogstraat-client-1 kernel: [    1.679286] clocksource tsc: mask: 0xffffffffffffffff max_cycles: 0x159259799ff, max_idle_ns: 440795263419 ns
Oct 15 16:45:20 hoogstraat-client-1 kernel: [    1.765856] i8042: No controller found
Oct 15 16:45:20 hoogstraat-client-1 kernel: [    1.766090] mousedev: PS/2 mouse device common for all mice
Oct 15 16:45:20 hoogstraat-client-1 kernel: [    1.766607] rtc_cmos 00:02: RTC can wake from S4
Oct 15 16:45:20 hoogstraat-client-1 kernel: [    1.766769] rtc_cmos 00:02: rtc core: registered rtc_cmos as rtc0
Oct 15 16:45:20 hoogstraat-client-1 kernel: [    1.766801] rtc_cmos 00:02: alarms up to one month, y3k, 242 bytes nvram, hpet irqs
Oct 15 16:45:20 hoogstraat-client-1 kernel: [    1.766832] i2c /dev entries driver
Oct 15 16:45:20 hoogstraat-client-1 kernel: [    1.766904] device-mapper: uevent: version 1.0.3
Oct 15 16:45:20 hoogstraat-client-1 kernel: [    1.767042] device-mapper: ioctl: 4.31.0-ioctl (2015-3-12) initialised: dm-devel@redhat.com
Oct 15 16:45:20 hoogstraat-client-1 kernel: [    1.767074] Intel P-state driver initializing.
Oct 15 16:45:20 hoogstraat-client-1 kernel: [    1.767157] ledtrig-cpu: registered to indicate activity on CPUs
Oct 15 16:45:20 hoogstraat-client-1 kernel: [    1.767164] EFI Variables Facility v0.08 2004-May-17
Oct 15 16:45:20 hoogstraat-client-1 kernel: [    1.769401] PCCT header not found.
Oct 15 16:45:20 hoogstraat-client-1 kernel: [    1.769662] NET: Registered protocol family 10
Oct 15 16:45:20 hoogstraat-client-1 kernel: [    1.769904] NET: Registered protocol family 17
Oct 15 16:45:20 hoogstraat-client-1 kernel: [    1.769923] Key type dns_resolver registered
Oct 15 16:45:20 hoogstraat-client-1 kernel: [    1.770299] Loading compiled-in X.509 certificates
Oct 15 16:45:20 hoogstraat-client-1 kernel: [    1.771465] Loaded X.509 cert 'Build time autogenerated kernel key: 355479ea572ba7361fe0c75a06c61f90ae79791e'
Oct 15 16:45:20 hoogstraat-client-1 kernel: [    1.771485] registered taskstats version 1
Oct 15 16:45:20 hoogstraat-client-1 kernel: [    1.773703] Key type trusted registered
Oct 15 16:45:20 hoogstraat-client-1 kernel: [    1.777546] Key type encrypted registered
Oct 15 16:45:20 hoogstraat-client-1 kernel: [    1.777556] AppArmor: AppArmor sha1 policy hashing enabled
Oct 15 16:45:20 hoogstraat-client-1 kernel: [    1.777561] ima: No TPM chip found, activating TPM-bypass!
Oct 15 16:45:20 hoogstraat-client-1 kernel: [    1.777589] evm: HMAC attrs: 0x1
Oct 15 16:45:20 hoogstraat-client-1 kernel: [    1.778079]   Magic number: 3:871:788
Oct 15 16:45:20 hoogstraat-client-1 kernel: [    1.778200] rtc_cmos 00:02: setting system clock to 2015-10-15 14:45:19 UTC (1444920319)
Oct 15 16:45:20 hoogstraat-client-1 kernel: [    1.778275] BIOS EDD facility v0.16 2004-Jun-25, 0 devices found
Oct 15 16:45:20 hoogstraat-client-1 kernel: [    1.778276] EDD information not available.
Oct 15 16:45:20 hoogstraat-client-1 kernel: [    1.778395] PM: Hibernation image not present or could not be loaded.
Oct 15 16:45:20 hoogstraat-client-1 kernel: [    1.778835] Freeing unused kernel memory: 1424K (ffffffff81d38000 - ffffffff81e9c000)
Oct 15 16:45:20 hoogstraat-client-1 kernel: [    1.778838] Write protecting the kernel read-only data: 12288k
Oct 15 16:45:20 hoogstraat-client-1 kernel: [    1.779074] Freeing unused kernel memory: 124K (ffff8800027e1000 - ffff880002800000)
Oct 15 16:45:20 hoogstraat-client-1 kernel: [    1.779190] Freeing unused kernel memory: 316K (ffff880002bb1000 - ffff880002c00000)
Oct 15 16:45:20 hoogstraat-client-1 kernel: [    1.824582] ahci 0000:00:1f.2: version 3.0
Oct 15 16:45:20 hoogstraat-client-1 kernel: [    1.824792] ahci 0000:00:1f.2: AHCI 0001.0300 32 slots 2 ports 6 Gbps 0x1 impl SATA mode
Oct 15 16:45:20 hoogstraat-client-1 kernel: [    1.824797] ahci 0000:00:1f.2: flags: 64bit ncq pm led clo only pio slum part deso sadm apst 
Oct 15 16:45:20 hoogstraat-client-1 kernel: [    1.825332] scsi host0: ahci
Oct 15 16:45:20 hoogstraat-client-1 kernel: [    1.825486] scsi host1: ahci
Oct 15 16:45:20 hoogstraat-client-1 kernel: [    1.825548] ata1: SATA max UDMA/133 abar m2048@0xf7219000 port 0xf7219100 irq 46
Oct 15 16:45:20 hoogstraat-client-1 kernel: [    1.825550] ata2: DUMMY
Oct 15 16:45:20 hoogstraat-client-1 kernel: [    1.830445] sdhci: Secure Digital Host Controller Interface driver
Oct 15 16:45:20 hoogstraat-client-1 kernel: [    1.830448] sdhci: Copyright(c) Pierre Ossman
Oct 15 16:45:20 hoogstraat-client-1 kernel: [    1.847905] r8169 Gigabit Ethernet driver 2.3LK-NAPI loaded
Oct 15 16:45:20 hoogstraat-client-1 kernel: [    1.847916] r8169 0000:03:00.0: can't disable ASPM; OS doesn't have ASPM control
Oct 15 16:45:20 hoogstraat-client-1 kernel: [    1.856149] r8169 0000:03:00.0 eth0: RTL8168g/8111g at 0xffffc90000782000, fc:aa:14:f1:f4:7b, XID 0c000800 IRQ 47
Oct 15 16:45:20 hoogstraat-client-1 kernel: [    1.856156] r8169 0000:03:00.0 eth0: jumbo features [frames: 9200 bytes, tx checksumming: ko]
Oct 15 16:45:20 hoogstraat-client-1 kernel: [    1.884286] r8169 0000:03:00.0 p3p1: renamed from eth0
Oct 15 16:45:20 hoogstraat-client-1 kernel: [    1.895602] usb 3-1: New USB device found, idVendor=8087, idProduct=8001
Oct 15 16:45:20 hoogstraat-client-1 kernel: [    1.895606] usb 3-1: New USB device strings: Mfr=0, Product=0, SerialNumber=0
Oct 15 16:45:20 hoogstraat-client-1 kernel: [    1.896012] hub 3-1:1.0: USB hub found
Oct 15 16:45:20 hoogstraat-client-1 kernel: [    1.896081] hub 3-1:1.0: 8 ports detected
Oct 15 16:45:20 hoogstraat-client-1 kernel: [    1.931225] usb 1-7: new full-speed USB device number 2 using xhci_hcd
Oct 15 16:45:20 hoogstraat-client-1 kernel: [    2.060562] usb 1-7: New USB device found, idVendor=8087, idProduct=07dc
Oct 15 16:45:20 hoogstraat-client-1 kernel: [    2.060567] usb 1-7: New USB device strings: Mfr=0, Product=0, SerialNumber=0
Oct 15 16:45:20 hoogstraat-client-1 kernel: [    2.143156] ata1: SATA link up 6.0 Gbps (SStatus 133 SControl 300)
Oct 15 16:45:20 hoogstraat-client-1 kernel: [    2.159320] ata1.00: ATA-8: KINGSTON SMS200S330G, 603ABBF0, max UDMA/133
Oct 15 16:45:20 hoogstraat-client-1 kernel: [    2.159324] ata1.00: 58626288 sectors, multi 1: LBA48 NCQ (depth 31/32), AA
Oct 15 16:45:20 hoogstraat-client-1 kernel: [    2.164451] ata1.00: configured for UDMA/133
Oct 15 16:45:20 hoogstraat-client-1 kernel: [    2.164703] scsi 0:0:0:0: Direct-Access     ATA      KINGSTON SMS200S BBF0 PQ: 0 ANSI: 5
Oct 15 16:45:20 hoogstraat-client-1 kernel: [    2.165145] sd 0:0:0:0: Attached scsi generic sg0 type 0
Oct 15 16:45:20 hoogstraat-client-1 kernel: [    2.165150] sd 0:0:0:0: [sda] 58626288 512-byte logical blocks: (30.0 GB/27.9 GiB)
Oct 15 16:45:20 hoogstraat-client-1 kernel: [    2.165210] sd 0:0:0:0: [sda] Write Protect is off
Oct 15 16:45:20 hoogstraat-client-1 kernel: [    2.165213] sd 0:0:0:0: [sda] Mode Sense: 00 3a 00 00
Oct 15 16:45:20 hoogstraat-client-1 kernel: [    2.165237] sd 0:0:0:0: [sda] Write cache: enabled, read cache: enabled, doesn't support DPO or FUA
Oct 15 16:45:20 hoogstraat-client-1 kernel: [    2.166272]  sda: sda1 sda2 sda3
Oct 15 16:45:20 hoogstraat-client-1 kernel: [    2.166681] sd 0:0:0:0: [sda] Attached SCSI disk
Oct 15 16:45:20 hoogstraat-client-1 kernel: [    2.199246] EXT4-fs (sda2): mounted filesystem with ordered data mode. Opts: (null)
Oct 15 16:45:20 hoogstraat-client-1 kernel: [    2.268623] random: init urandom read with 19 bits of entropy available
Oct 15 16:45:20 hoogstraat-client-1 kernel: [    2.441763] Adding 4016124k swap on /dev/sda3.  Priority:-1 extents:1 across:4016124k SSFS
Oct 15 16:45:20 hoogstraat-client-1 kernel: [    2.446749] EXT4-fs (sda2): re-mounted. Opts: errors=remount-ro
Oct 15 16:45:20 hoogstraat-client-1 kernel: [    2.671200] lp: driver loaded but no devices found
Oct 15 16:45:20 hoogstraat-client-1 kernel: [    2.689559] Switched to clocksource tsc
Oct 15 16:45:20 hoogstraat-client-1 kernel: [    2.789285] shpchp: Standard Hot Plug PCI Controller Driver version: 0.4
Oct 15 16:45:20 hoogstraat-client-1 kernel: [    2.919116] [drm] Initialized drm 1.1.0 20060810
Oct 15 16:45:20 hoogstraat-client-1 kernel: [    2.919837] hidraw: raw HID events driver (C) Jiri Kosina
Oct 15 16:45:20 hoogstraat-client-1 kernel: [    3.027678] snd_hda_intel 0000:00:03.0: enabling device (0000 -> 0002)
Oct 15 16:45:20 hoogstraat-client-1 kernel: [    3.027845] snd_hda_intel 0000:00:1b.0: enabling device (0000 -> 0002)
Oct 15 16:45:20 hoogstraat-client-1 kernel: [    3.080026] [drm] Memory usable by graphics device = 4096M
Oct 15 16:45:20 hoogstraat-client-1 kernel: [    3.080032] checking generic (e0000000 7f0000) vs hw (e0000000 10000000)
Oct 15 16:45:20 hoogstraat-client-1 kernel: [    3.080034] fb: switching to inteldrmfb from EFI VGA
Oct 15 16:45:20 hoogstraat-client-1 kernel: [    3.080084] Console: switching to colour dummy device 80x25
Oct 15 16:45:20 hoogstraat-client-1 kernel: [    3.083045] [drm] Replacing VGA console driver
Oct 15 16:45:20 hoogstraat-client-1 kernel: [    3.084761] snd_hda_codec_realtek hdaudioC1D0: autoconfig for ALC283: line_outs=1 (0x21/0x0/0x0/0x0/0x0) type:hp
Oct 15 16:45:20 hoogstraat-client-1 kernel: [    3.084766] snd_hda_codec_realtek hdaudioC1D0:    speaker_outs=0 (0x0/0x0/0x0/0x0/0x0)
Oct 15 16:45:20 hoogstraat-client-1 kernel: [    3.084768] snd_hda_codec_realtek hdaudioC1D0:    hp_outs=0 (0x0/0x0/0x0/0x0/0x0)
Oct 15 16:45:20 hoogstraat-client-1 kernel: [    3.084770] snd_hda_codec_realtek hdaudioC1D0:    mono: mono_out=0x0
Oct 15 16:45:20 hoogstraat-client-1 kernel: [    3.084772] snd_hda_codec_realtek hdaudioC1D0:    inputs:
Oct 15 16:45:20 hoogstraat-client-1 kernel: [    3.084774] snd_hda_codec_realtek hdaudioC1D0:      Mic=0x19
Oct 15 16:45:20 hoogstraat-client-1 kernel: [    3.090851] [drm] Supports vblank timestamp caching Rev 2 (21.10.2013).
Oct 15 16:45:20 hoogstraat-client-1 kernel: [    3.090855] [drm] Driver supports precise vblank timestamp query.
Oct 15 16:45:20 hoogstraat-client-1 kernel: [    3.090984] vgaarb: device changed decodes: PCI:0000:00:02.0,olddecodes=io+mem,decodes=io+mem:owns=io+mem
Oct 15 16:45:20 hoogstraat-client-1 kernel: [    3.110124] ACPI: Video Device [GFX0] (multi-head: yes  rom: no  post: no)
Oct 15 16:45:20 hoogstraat-client-1 kernel: [    3.113405] acpi device:10: registered as cooling_device7
Oct 15 16:45:20 hoogstraat-client-1 kernel: [    3.113539] input: Video Bus as /devices/LNXSYSTM:00/LNXSYBUS:00/PNP0A08:00/LNXVIDEO:00/input/input3
Oct 15 16:45:20 hoogstraat-client-1 kernel: [    3.114187] snd_hda_intel 0000:00:03.0: bound 0000:00:02.0 (ops i915_audio_component_bind_ops [i915])
Oct 15 16:45:20 hoogstraat-client-1 kernel: [    3.114195] [drm] Initialized i915 1.6.0 20150327 for 0000:00:02.0 on minor 0
Oct 15 16:45:20 hoogstraat-client-1 kernel: [    3.117061] fbcon: inteldrmfb (fb0) is primary device
Oct 15 16:45:20 hoogstraat-client-1 kernel: [    3.128795] input: HDA Intel PCH Mic as /devices/pci0000:00/0000:00:1b.0/sound/card1/input4
Oct 15 16:45:20 hoogstraat-client-1 kernel: [    3.128944] input: HDA Intel PCH Headphone as /devices/pci0000:00/0000:00:1b.0/sound/card1/input5
Oct 15 16:45:20 hoogstraat-client-1 kernel: [    3.187759] Console: switching to colour frame buffer device 240x67
Oct 15 16:45:20 hoogstraat-client-1 kernel: [    3.195337] i915 0000:00:02.0: fb0: inteldrmfb frame buffer device
Oct 15 16:45:20 hoogstraat-client-1 kernel: [    3.195338] i915 0000:00:02.0: registered panic notifier
Oct 15 16:45:20 hoogstraat-client-1 kernel: [    3.212840] audit: type=1400 audit(1444920320.931:2): apparmor="STATUS" operation="profile_load" name="/sbin/dhclient" pid=452 comm="apparmor_parser"
Oct 15 16:45:20 hoogstraat-client-1 kernel: [    3.212848] audit: type=1400 audit(1444920320.931:3): apparmor="STATUS" operation="profile_load" name="/usr/lib/NetworkManager/nm-dhcp-client.action" pid=452 comm="apparmor_parser"
Oct 15 16:45:20 hoogstraat-client-1 kernel: [    3.212852] audit: type=1400 audit(1444920320.931:4): apparmor="STATUS" operation="profile_load" name="/usr/lib/connman/scripts/dhclient-script" pid=452 comm="apparmor_parser"
Oct 15 16:45:20 hoogstraat-client-1 kernel: [    3.213311] audit: type=1400 audit(1444920320.931:5): apparmor="STATUS" operation="profile_replace" name="/usr/lib/NetworkManager/nm-dhcp-client.action" pid=452 comm="apparmor_parser"
