---
title: "14.04 fails to boot from LUKS lvm -&gt; initramfs shell"
date: 2016-01-28
forum: General Help
---

### Post by orgilicious on 2016-01-28
Hello,

my Ubuntu 14.04 installation no longer automatically boots from a luks lvm ("Alert! /dev/mapper/vgubuntu-root does not exist") after a kernel update. I've read many forums and couldn't figure out what went wrong. When I manually open the encrypted partition from initramfs with ```
cryptsetup luksOpen /dev/sda2 lukslvm
``` and then exit the shell, the system boots fine. How do I get the automatic luks passphrase prompt back?

Here is some info about my system:

fdisk -l
```
Disk /dev/sda: 500.1 GB, 500107862016 bytes
255 Köpfe, 63 Sektoren/Spur, 60801 Zylinder, zusammen 976773168 Sektoren
Einheiten = Sektoren von 1 × 512 = 512 Bytes
Sector size (logical/physical): 512 bytes / 4096 bytes
I/O size (minimum/optimal): 4096 bytes / 4096 bytes
Festplattenidentifikation: 0x00062b66

   Gerät  boot.     Anfang        Ende     Blöcke   Id  System
/dev/sda1   *        2048      514047      256000   83  Linux
/dev/sda2          514048   976773119   488129536   83  Linux

Disk /dev/mapper/lukslvm: 499.8 GB, 499842547712 bytes
255 Köpfe, 63 Sektoren/Spur, 60769 Zylinder, zusammen 976254976 Sektoren
Einheiten = Sektoren von 1 × 512 = 512 Bytes
Sector size (logical/physical): 512 bytes / 4096 bytes
I/O size (minimum/optimal): 4096 bytes / 4096 bytes
Festplattenidentifikation: 0x00000000

Festplatte /dev/mapper/lukslvm enthält keine gültige Partitionstabelle

Platte /dev/mapper/vgubuntu-swap: 5767 MByte, 5767168000 Byte
255 Köpfe, 63 Sektoren/Spur, 701 Zylinder, zusammen 11264000 Sektoren
Einheiten = Sektoren von 1 × 512 = 512 Bytes
Sector size (logical/physical): 512 bytes / 4096 bytes
I/O size (minimum/optimal): 4096 bytes / 4096 bytes
Festplattenidentifikation: 0x00000000

Festplatte /dev/mapper/vgubuntu-swap enthält keine gültige Partitionstabelle

Disk /dev/mapper/vgubuntu-root: 31.5 GB, 31457280000 bytes
255 Köpfe, 63 Sektoren/Spur, 3824 Zylinder, zusammen 61440000 Sektoren
Einheiten = Sektoren von 1 × 512 = 512 Bytes
Sector size (logical/physical): 512 bytes / 4096 bytes
I/O size (minimum/optimal): 4096 bytes / 4096 bytes
Festplattenidentifikation: 0x00000000

Festplatte /dev/mapper/vgubuntu-root enthält keine gültige Partitionstabelle

Disk /dev/mapper/vgubuntu-home: 462.6 GB, 462614953984 bytes
255 Köpfe, 63 Sektoren/Spur, 56243 Zylinder, zusammen 903544832 Sektoren
Einheiten = Sektoren von 1 × 512 = 512 Bytes
Sector size (logical/physical): 512 bytes / 4096 bytes
I/O size (minimum/optimal): 4096 bytes / 4096 bytes
Festplattenidentifikation: 0x00000000

Festplatte /dev/mapper/vgubuntu-home enthält keine gültige Partitionstabelle
```


blkid
```
/dev/sda1: UUID="098bf92f-02e8-4db0-b34e-43b07c3e1b94" TYPE="ext4" 
/dev/sda2: UUID="9dd63566-1e5a-4b58-9b0e-5abdb94d2d5b" TYPE="crypto_LUKS" 
/dev/mapper/lukslvm: UUID="GdAkgC-naz0-iBr4-HJ0r-Pwo3-VnM5-Uempfh" TYPE="LVM2_member" 
/dev/mapper/vgubuntu-swap: UUID="2b8d589b-ae81-4566-94d1-851f7c85b2a9" TYPE="swap" 
/dev/mapper/vgubuntu-root: UUID="7d140bac-906b-4a94-a2e6-83e3dfbd48a8" TYPE="ext4" 
/dev/mapper/vgubuntu-home: UUID="3e420cad-7b75-4693-abd6-511cf52b05a7" TYPE="ext4" 
```

/etc/fstab
```
# /etc/fstab: static file system information.
#
# Use 'blkid' to print the universally unique identifier for a
# device; this may be used with UUID= as a more robust way to name devices
# that works even if disks are added and removed. See fstab(5).
#
# <file system> <mount point>   <type>  <options>       <dump>  <pass>
UUID=7d140bac-906b-4a94-a2e6-83e3dfbd48a8 /               ext4    errors=remount-ro 0       1
# /boot was on /dev/sda1 during installation
UUID=098bf92f-02e8-4db0-b34e-43b07c3e1b94 /boot           ext4    defaults        0       2
/dev/mapper/vgubuntu-home /home           ext4    defaults        0       2
/dev/mapper/vgubuntu-swap none            swap    sw              0       0
```

/etc/initramfs-tools/conf.d/cryptroot:
```
CRYPTROOT=target=lukslvm,source=/dev/sda2
```

Thank you!

---

