---
title: "and the BlackOut came by..."
date: 2011-08-18
forum: General Help
---

### Post by gargolas on 2011-08-18
hello every1. am one of the misfortune that just experience a blackOut in NyC. aanyways i waited several mins b4 stared up my pc and got the checking for errors window. ok fine .. then i got "Kubuntu 11.04 this disk drive for UUID= ef5d63c9-9b6c-461a-8706-66b3b7c6bd24 is not ready yet or n" (it ends there) but then, the Skip and/or Manual recovery doesnt work. keep on clicking them and it takes me nowhere.. but the dots under the kubuntu logo still move.

right now am on a xternal driver running puppy linux n i was able to get the kernel log but i cant find anything that will lead me to the problem.. or i keep on missing it.

 Could some one please check my log and point me out if i have missed something?? thanks much
```

Aug 15 18:01:59 shorty kernel: [76756.737657] Inbound IN=eth0 OUT= MAC= SRC=192.168.0.2 DST=239.255.255.250 LEN=172 TOS=0x00 PREC=0x00 TTL=1 ID=0 DF PROTO=UDP SPT=48540 DPT=1900 LEN=152 
Aug 15 18:01:59 shorty kernel: [76756.737743] Inbound IN=eth0 OUT= MAC= SRC=192.168.0.2 DST=239.255.255.250 LEN=172 TOS=0x00 PREC=0x00 TTL=1 ID=0 DF PROTO=UDP SPT=48540 DPT=1900 LEN=152 
Aug 15 18:01:59 shorty kernel: [76756.737790] Inbound IN=eth0 OUT= MAC= SRC=192.168.0.2 DST=239.255.255.250 LEN=172 TOS=0x00 PREC=0x00 TTL=1 ID=0 DF PROTO=UDP SPT=48540 DPT=1900 LEN=152 
Aug 15 18:02:10 shorty kernel: [76767.861069] Inbound IN=eth0 OUT= MAC= SRC=192.168.0.2 DST=239.255.255.250 LEN=172 TOS=0x00 PREC=0x00 TTL=1 ID=0 DF PROTO=UDP SPT=48540 DPT=1900 LEN=152 
Aug 15 18:02:10 shorty kernel: [76767.861118] Inbound IN=eth0 OUT= MAC= SRC=192.168.0.2 DST=239.255.255.250 LEN=190 TOS=0x00 PREC=0x00 TTL=1 ID=0 DF PROTO=UDP SPT=48540 DPT=1900 LEN=170 
Aug 15 18:02:10 shorty kernel: [76767.861147] Inbound IN=eth0 OUT= MAC= SRC=192.168.0.2 DST=239.255.255.250 LEN=172 TOS=0x00 PREC=0x00 TTL=1 ID=0 DF PROTO=UDP SPT=48540 DPT=1900 LEN=152 
Aug 15 18:02:10 shorty kernel: [76767.861174] Inbound IN=eth0 OUT= MAC= SRC=192.168.0.2 DST=239.255.255.250 LEN=190 TOS=0x00 PREC=0x00 TTL=1 ID=0 DF PROTO=UDP SPT=48540 DPT=1900 LEN=170 
Aug 15 18:02:10 shorty kernel: [76767.861200] Inbound IN=eth0 OUT= MAC= SRC=192.168.0.2 DST=239.255.255.250 LEN=172 TOS=0x00 PREC=0x00 TTL=1 ID=0 DF PROTO=UDP SPT=48540 DPT=1900 LEN=152 
Aug 15 18:02:13 shorty kernel: [76770.912441] Inbound IN=eth0 OUT= MAC= SRC=192.168.0.2 DST=239.255.255.250 LEN=357 TOS=0x00 PREC=0x00 TTL=1 ID=0 DF PROTO=UDP SPT=48540 DPT=1900 LEN=337 
Aug 15 18:02:13 shorty kernel: [76770.912491] Inbound IN=eth0 OUT= MAC= SRC=192.168.0.2 DST=239.255.255.250 LEN=357 TOS=0x00 PREC=0x00 TTL=1 ID=0 DF PROTO=UDP SPT=48540 DPT=1900 LEN=337 
Aug 15 18:02:13 shorty kernel: [76770.912534] Inbound IN=eth0 OUT= MAC= SRC=192.168.0.2 DST=239.255.255.250 LEN=357 TOS=0x00 PREC=0x00 TTL=1 ID=0 DF PROTO=UDP SPT=48540 DPT=1900 LEN=337 
Aug 15 18:02:13 shorty kernel: [76770.912586] Inbound IN=eth0 OUT= MAC= SRC=192.168.0.2 DST=239.255.255.250 LEN=357 TOS=0x00 PREC=0x00 TTL=1 ID=0 DF PROTO=UDP SPT=48540 DPT=1900 LEN=337 
Aug 15 18:02:13 shorty kernel: [76770.912623] Inbound IN=eth0 OUT= MAC= SRC=192.168.0.2 DST=239.255.255.250 LEN=357 TOS=0x00 PREC=0x00 TTL=1 ID=0 DF PROTO=UDP SPT=48540 DPT=1900 LEN=337 
Aug 15 18:02:13 shorty kernel: [76770.914258] Inbound IN=eth0 OUT= MAC=00:1a:92:51:b7:bc:00:13:72:29:5e:08:08:00 SRC=192.168.0.3 DST=192.168.0.2 LEN=48 TOS=0x00 PREC=0x00 TTL=128 ID=40797 DF PROTO=TCP SPT=2642 DPT=8840 WINDOW=65535 RES=0x00 SYN URGP=0 
Aug 15 18:02:16 shorty kernel: [76773.848763] Inbound IN=eth0 OUT= MAC=00:1a:92:51:b7:bc:00:13:72:29:5e:08:08:00 SRC=192.168.0.3 DST=192.168.0.2 LEN=48 TOS=0x00 PREC=0x00 TTL=128 ID=40815 DF PROTO=TCP SPT=2642 DPT=8840 WINDOW=65535 RES=0x00 SYN URGP=0 
Aug 15 18:02:42 shorty kernel: [76799.671390] Inbound IN=eth0 OUT= MAC= SRC=192.168.0.2 DST=239.255.255.250 LEN=199 TOS=0x00 PREC=0x00 TTL=1 ID=0 DF PROTO=UDP SPT=48540 DPT=1900 LEN=179 
Aug 15 18:02:42 shorty kernel: [76799.671477] Inbound IN=eth0 OUT= MAC= SRC=192.168.0.2 DST=239.255.255.250 LEN=199 TOS=0x00 PREC=0x00 TTL=1 ID=0 DF PROTO=UDP SPT=48540 DPT=1900 LEN=179 
Aug 15 18:02:42 shorty kernel: [76799.671532] Inbound IN=eth0 OUT= MAC= SRC=192.168.0.2 DST=239.255.255.250 LEN=199 TOS=0x00 PREC=0x00 TTL=1 ID=0 DF PROTO=UDP SPT=48540 DPT=1900 LEN=179 
Aug 15 18:03:12 shorty kernel: [76829.621663] Inbound IN=eth0 OUT= MAC= SRC=192.168.0.2 DST=239.255.255.250 LEN=172 TOS=0x00 PREC=0x00 TTL=1 ID=0 DF PROTO=UDP SPT=54416 DPT=1900 LEN=152 
Aug 15 18:03:12 shorty kernel: [76829.621712] Inbound IN=eth0 OUT= MAC= SRC=192.168.0.2 DST=239.255.255.250 LEN=172 TOS=0x00 PREC=0x00 TTL=1 ID=0 DF PROTO=UDP SPT=54416 DPT=1900 LEN=152 
Aug 15 18:03:12 shorty kernel: [76829.621740] Inbound IN=eth0 OUT= MAC= SRC=192.168.0.2 DST=239.255.255.250 LEN=172 TOS=0x00 PREC=0x00 TTL=1 ID=0 DF PROTO=UDP SPT=54416 DPT=1900 LEN=152 
Aug 15 18:03:15 shorty kernel: [76832.950746] Inbound IN=eth0 OUT= MAC= SRC=192.168.0.2 DST=239.255.255.250 LEN=172 TOS=0x00 PREC=0x00 TTL=1 ID=0 DF PROTO=UDP SPT=54416 DPT=1900 LEN=152 
Aug 15 18:03:15 shorty kernel: [76832.951649] Inbound IN=eth0 OUT= MAC= SRC=192.168.0.2 DST=239.255.255.250 LEN=190 TOS=0x00 PREC=0x00 TTL=1 ID=0 DF PROTO=UDP SPT=54416 DPT=1900 LEN=170 
Aug 15 18:03:15 shorty kernel: [76832.951688] Inbound IN=eth0 OUT= MAC= SRC=192.168.0.2 DST=239.255.255.250 LEN=172 TOS=0x00 PREC=0x00 TTL=1 ID=0 DF PROTO=UDP SPT=54416 DPT=1900 LEN=152 
Aug 15 18:03:15 shorty kernel: [76832.951723] Inbound IN=eth0 OUT= MAC= SRC=192.168.0.2 DST=239.255.255.250 LEN=190 TOS=0x00 PREC=0x00 TTL=1 ID=0 DF PROTO=UDP SPT=54416 DPT=1900 LEN=170 
Aug 15 18:03:15 shorty kernel: [76832.951749] Inbound IN=eth0 OUT= MAC= SRC=192.168.0.2 DST=239.255.255.250 LEN=172 TOS=0x00 PREC=0x00 TTL=1 ID=0 DF PROTO=UDP SPT=54416 DPT=1900 LEN=152 
Aug 15 19:50:10 shorty kernel: [83247.295789] totem-plugin-vi[6870]: segfault at 8 ip 00b732c4 sp bf90a7f0 error 4 in totem-plugin-viewer[b61000+37000]
Aug 15 20:15:18 shorty kernel: [84755.720200] usb 1-4.3: new full speed USB device using ehci_hcd and address 9
Aug 15 20:15:19 shorty kernel: [84756.099632] cdc_acm 1-4.3:1.0: ttyACM0: USB ACM device
Aug 15 20:15:19 shorty kernel: [84756.101558] usbcore: registered new interface driver cdc_acm
Aug 15 20:15:19 shorty kernel: [84756.101566] cdc_acm: v0.26:USB Abstract Control Model driver for USB modems and ISDN adapters
Aug 15 22:29:16 shorty kernel: [92793.127168] sr0: CDROM not ready.  Make sure there is a disc in the drive.
Aug 15 22:29:18 shorty kernel: [92795.039095] sr0: CDROM not ready.  Make sure there is a disc in the drive.
Aug 15 23:18:53 shorty kernel: [95770.294264] sr0: CDROM not ready.  Make sure there is a disc in the drive.
Aug 15 23:18:54 shorty kernel: [95771.296163] sr0: CDROM not ready.  Make sure there is a disc in the drive.
Aug 15 23:35:24 shorty kernel: [96761.923695] usb 1-4.3: USB disconnect, address 9
Aug 15 23:35:45 shorty kernel: [96782.088472] usb 1-4.3: new high speed USB device using ehci_hcd and address 10
Aug 15 23:35:45 shorty kernel: [96782.216736] scsi7 : usb-storage 1-4.3:1.0
Aug 15 23:35:46 shorty kernel: [96783.219116] scsi 7:0:0:0: Direct-Access     HTC      Android Phone    0100 PQ: 0 ANSI: 2
Aug 15 23:35:46 shorty kernel: [96783.221141] scsi 7:0:0:1: Direct-Access     HTC      Android Phone    0100 PQ: 0 ANSI: 2
Aug 15 23:35:46 shorty kernel: [96783.223095] scsi 7:0:0:2: CD-ROM            HTC      Android Phone    0100 PQ: 0 ANSI: 2
Aug 15 23:35:46 shorty kernel: [96783.231275] sd 7:0:0:0: Attached scsi generic sg8 type 0
Aug 15 23:35:46 shorty kernel: [96783.231770] sd 7:0:0:1: Attached scsi generic sg9 type 0
Aug 15 23:35:46 shorty kernel: [96783.246507] sr1: scsi3-mmc drive: 0x/0x caddy
Aug 15 23:35:46 shorty kernel: [96783.246820] sr 7:0:0:2: Attached scsi CD-ROM sr1
Aug 15 23:35:46 shorty kernel: [96783.247018] sr 7:0:0:2: Attached scsi generic sg10 type 5
Aug 15 23:35:46 shorty kernel: [96783.249603] sd 7:0:0:0: [sdh] Attached SCSI removable disk
Aug 15 23:35:46 shorty kernel: [96783.252515] sd 7:0:0:1: [sdi] Attached SCSI removable disk
Aug 16 06:24:11 shorty kernel: [121288.003695] usb 1-4.3: USB disconnect, address 10
Aug 16 06:25:17 shorty kernel: [121354.248464] usb 1-4.3: new high speed USB device using ehci_hcd and address 11
Aug 16 06:25:17 shorty kernel: [121354.376836] scsi8 : usb-storage 1-4.3:1.0
Aug 16 06:25:18 shorty kernel: [121355.380244] scsi 8:0:0:0: Direct-Access     HTC      Android Phone    0100 PQ: 0 ANSI: 2
Aug 16 06:25:18 shorty kernel: [121355.382218] scsi 8:0:0:1: Direct-Access     HTC      Android Phone    0100 PQ: 0 ANSI: 2
Aug 16 06:25:18 shorty kernel: [121355.384368] scsi 8:0:0:2: CD-ROM            HTC      Android Phone    0100 PQ: 0 ANSI: 2
Aug 16 06:25:18 shorty kernel: [121355.392525] sd 8:0:0:0: Attached scsi generic sg8 type 0
Aug 16 06:25:18 shorty kernel: [121355.393034] sd 8:0:0:1: Attached scsi generic sg9 type 0
Aug 16 06:25:18 shorty kernel: [121355.405522] sr1: scsi3-mmc drive: 0x/0x caddy
Aug 16 06:25:18 shorty kernel: [121355.405833] sr 8:0:0:2: Attached scsi CD-ROM sr1
Aug 16 06:25:18 shorty kernel: [121355.406025] sr 8:0:0:2: Attached scsi generic sg10 type 5
Aug 16 06:25:18 shorty kernel: [121355.408506] sd 8:0:0:0: [sdh] Attached SCSI removable disk
Aug 16 06:25:18 shorty kernel: [121355.418517] sd 8:0:0:1: [sdi] Attached SCSI removable disk
Aug 16 07:49:04 shorty kernel: Kernel logging (proc) stopped.
Aug 16 19:57:11 shorty kernel: imklog 4.6.4, log source = /proc/kmsg started.
Aug 16 19:57:11 shorty kernel: [    0.000000] Initializing cgroup subsys cpuset
Aug 16 19:57:11 shorty kernel: [    0.000000] Initializing cgroup subsys cpu
Aug 16 19:57:11 shorty kernel: [    0.000000] Linux version 2.6.38-10-generic (buildd@vernadsky) (gcc version 4.5.2 (Ubuntu/Linaro 4.5.2-8ubuntu4) ) #46-Ubuntu SMP Tue Jun 28 15:05:41 UTC 2011 (Ubuntu 2.6.38-10.46-generic 2.6.38.7)
Aug 16 19:57:11 shorty kernel: [    0.000000] BIOS-provided physical RAM map:
Aug 16 19:57:11 shorty kernel: [    0.000000]  BIOS-e820: 0000000000000000 - 000000000009f800 (usable)
Aug 16 19:57:11 shorty kernel: [    0.000000]  BIOS-e820: 000000000009f800 - 00000000000a0000 (reserved)
Aug 16 19:57:11 shorty kernel: [    0.000000]  BIOS-e820: 00000000000f0000 - 0000000000100000 (reserved)
Aug 16 19:57:11 shorty kernel: [    0.000000]  BIOS-e820: 0000000000100000 - 0000000087ef0000 (usable)
Aug 16 19:57:11 shorty kernel: [    0.000000]  BIOS-e820: 0000000087ef0000 - 0000000087ef3000 (ACPI NVS)
Aug 16 19:57:11 shorty kernel: [    0.000000]  BIOS-e820: 0000000087ef3000 - 0000000087f00000 (ACPI data)
Aug 16 19:57:11 shorty kernel: [    0.000000]  BIOS-e820: 0000000088000000 - 0000000090000000 (reserved)
Aug 16 19:57:11 shorty kernel: [    0.000000]  BIOS-e820: 00000000f0000000 - 00000000f4000000 (reserved)
Aug 16 19:57:11 shorty kernel: [    0.000000]  BIOS-e820: 00000000fec00000 - 0000000100000000 (reserved)
Aug 16 19:57:11 shorty kernel: [    0.000000] Notice: NX (Execute Disable) protection cannot be enabled in hardware: non-PAE kernel!
Aug 16 19:57:11 shorty kernel: [    0.000000] NX (Execute Disable) protection: approximated by x86 segment limits
Aug 16 19:57:11 shorty kernel: [    0.000000] DMI present.
Aug 16 19:57:11 shorty kernel: [    0.000000] DMI: HP-Pavilion RP832AV-ABA s7700e/Pyrite, BIOS  5.04 12/27/2006
Aug 16 19:57:11 shorty kernel: [    0.000000] e820 update range: 0000000000000000 - 0000000000010000 (usable) ==> (reserved)
Aug 16 19:57:11 shorty kernel: [    0.000000] e820 remove range: 00000000000a0000 - 0000000000100000 (usable)
Aug 16 19:57:11 shorty kernel: [    0.000000] last_pfn = 0x87ef0 max_arch_pfn = 0x100000
Aug 16 19:57:11 shorty kernel: [    0.000000] MTRR default type: uncachable
Aug 16 19:57:11 shorty kernel: [    0.000000] MTRR fixed ranges enabled:
Aug 16 19:57:11 shorty kernel: [    0.000000]   00000-9FFFF write-back
Aug 16 19:57:11 shorty kernel: [    0.000000]   A0000-BFFFF uncachable
Aug 16 19:57:11 shorty kernel: [    0.000000]   C0000-C7FFF write-protect
Aug 16 19:57:11 shorty kernel: [    0.000000]   C8000-FFFFF uncachable
Aug 16 19:57:11 shorty kernel: [    0.000000] MTRR variable ranges enabled:
Aug 16 19:57:11 shorty kernel: [    0.000000]   0 base 0000000000 mask FF80000000 write-back
Aug 16 19:57:11 shorty kernel: [    0.000000]   1 base 0080000000 mask FFF0000000 write-back
Aug 16 19:57:11 shorty kernel: [    0.000000]   2 base 0087F00000 mask FFFFF00000 uncachable
Aug 16 19:57:11 shorty kernel: [    0.000000]   3 disabled
Aug 16 19:57:11 shorty kernel: [    0.000000]   4 disabled
Aug 16 19:57:11 shorty kernel: [    0.000000]   5 disabled
Aug 16 19:57:11 shorty kernel: [    0.000000]   6 disabled
Aug 16 19:57:11 shorty kernel: [    0.000000]   7 disabled
Aug 16 19:57:11 shorty kernel: [    0.000000] x86 PAT enabled: cpu 0, old 0x7040600070406, new 0x7010600070106
Aug 16 19:57:11 shorty kernel: [    0.000000] e820 update range: 0000000087f00000 - 0000000088000000 (usable) ==> (reserved)
Aug 16 19:57:11 shorty kernel: [    0.000000] found SMP MP-table at [c00f58e0] f58e0
Aug 16 19:57:11 shorty kernel: [    0.000000] initial memory mapped : 0 - 01c00000
Aug 16 19:57:11 shorty kernel: [    0.000000] init_memory_mapping: 0000000000000000-00000000377fe000
Aug 16 19:57:11 shorty kernel: [    0.000000]  0000000000 - 0000400000 page 4k
Aug 16 19:57:11 shorty kernel: [    0.000000]  0000400000 - 0037400000 page 2M
Aug 16 19:57:11 shorty kernel: [    0.000000]  0037400000 - 00377fe000 page 4k
Aug 16 19:57:11 shorty kernel: [    0.000000] kernel direct mapping tables up to 377fe000 @ 1bfb000-1c00000
Aug 16 19:57:11 shorty kernel: [    0.000000] RAMDISK: 35458000 - 36a24000
Aug 16 19:57:11 shorty kernel: [    0.000000] ACPI: RSDP 000f74c0 00024 (v02 HPQOEM)
Aug 16 19:57:11 shorty kernel: [    0.000000] ACPI: XSDT 87ef30c0 00054 (v01 HPQOEM SLIC-CPC 42302E31 AWRD 00000000)
Aug 16 19:57:11 shorty kernel: [    0.000000] ACPI: FACP 87ef9140 000F4 (v03 HPQOEM SLIC-CPC 42302E31 AWRD 00000000)
Aug 16 19:57:11 shorty kernel: [    0.000000] ACPI: DSDT 87ef3280 05E48 (v01 HPQOEM SLIC-CPC 00001000 MSFT 03000000)
Aug 16 19:57:11 shorty kernel: [    0.000000] ACPI: FACS 87ef0000 00040
Aug 16 19:57:11 shorty kernel: [    0.000000] ACPI: SLIC 87ef9340 00176 (v01 HPQOEM SLIC-CPC 42302E31 AWRD 00000000)
Aug 16 19:57:11 shorty kernel: [    0.000000] ACPI: SSDT 87ef9500 000D3 (v01 HPQOEM SLIC-CPC 00000001  LTP 00000001)
Aug 16 19:57:11 shorty kernel: [    0.000000] ACPI: HPET 87ef9640 00038 (v01 HPQOEM SLIC-CPC 42302E31 AWRD 00000098)
Aug 16 19:57:11 shorty kernel: [    0.000000] ACPI: MCFG 87ef96c0 0003C (v01 HPQOEM SLIC-CPC 42302E31 AWRD 00000000)
Aug 16 19:57:11 shorty kernel: [    0.000000] ACPI: APIC 87ef9280 0007C (v01 HPQOEM SLIC-CPC 42302E31 AWRD 00000000)
Aug 16 19:57:11 shorty kernel: [    0.000000] ACPI: Local APIC address 0xfee00000
Aug 16 19:57:11 shorty kernel: [    0.000000] 1286MB HIGHMEM available.
Aug 16 19:57:11 shorty kernel: [    0.000000] 887MB LOWMEM available.
Aug 16 19:57:11 shorty kernel: [    0.000000]   mapped low ram: 0 - 377fe000
Aug 16 19:57:11 shorty kernel: [    0.000000]   low ram: 0 - 377fe000
Aug 16 19:57:11 shorty kernel: [    0.000000] Zone PFN ranges:
Aug 16 19:57:11 shorty kernel: [    0.000000]   DMA      0x00000010 -> 0x00001000
Aug 16 19:57:11 shorty kernel: [    0.000000]   Normal   0x00001000 -> 0x000377fe
Aug 16 19:57:11 shorty kernel: [    0.000000]   HighMem  0x000377fe -> 0x00087ef0
Aug 16 19:57:11 shorty kernel: [    0.000000] Movable zone start PFN for each node
Aug 16 19:57:11 shorty kernel: [    0.000000] early_node_map[2] active PFN ranges
Aug 16 19:57:11 shorty kernel: [    0.000000]     0: 0x00000010 -> 0x0000009f
Aug 16 19:57:11 shorty kernel: [    0.000000]     0: 0x00000100 -> 0x00087ef0
Aug 16 19:57:11 shorty kernel: [    0.000000] On node 0 totalpages: 556671
Aug 16 19:57:11 shorty kernel: [    0.000000] free_area_init_node: node 0, pgdat c1784140, node_mem_map f4358200
Aug 16 19:57:11 shorty kernel: [    0.000000]   DMA zone: 32 pages used for memmap
Aug 16 19:57:11 shorty kernel: [    0.000000]   DMA zone: 0 pages reserved
Aug 16 19:57:11 shorty kernel: [    0.000000]   DMA zone: 3951 pages, LIFO batch:0
Aug 16 19:57:11 shorty kernel: [    0.000000]   Normal zone: 1744 pages used for memmap
Aug 16 19:57:11 shorty kernel: [    0.000000]   Normal zone: 221486 pages, LIFO batch:31
Aug 16 19:57:11 shorty kernel: [    0.000000]   HighMem zone: 2574 pages used for memmap
Aug 16 19:57:11 shorty kernel: [    0.000000]   HighMem zone: 326884 pages, LIFO batch:31
Aug 16 19:57:11 shorty kernel: [    0.000000] Using APIC driver default
Aug 16 19:57:11 shorty kernel: [    0.000000] ACPI: PM-Timer IO Port: 0x4008
Aug 16 19:57:11 shorty kernel: [    0.000000] ACPI: Local APIC address 0xfee00000
Aug 16 19:57:11 shorty kernel: [    0.000000] ACPI: LAPIC (acpi_id[0x00] lapic_id[0x00] enabled)
Aug 16 19:57:11 shorty kernel: [    0.000000] ACPI: LAPIC (acpi_id[0x01] lapic_id[0x01] disabled)
Aug 16 19:57:11 shorty kernel: [    0.000000] ACPI: LAPIC_NMI (acpi_id[0x00] high edge lint[0x1])
Aug 16 19:57:11 shorty kernel: [    0.000000] ACPI: LAPIC_NMI (acpi_id[0x01] high edge lint[0x1])
Aug 16 19:57:11 shorty kernel: [    0.000000] ACPI: IOAPIC (id[0x02] address[0xfec00000] gsi_base[0])
Aug 16 19:57:11 shorty kernel: [    0.000000] IOAPIC[0]: apic_id 2, version 17, address 0xfec00000, GSI 0-23
Aug 16 19:57:11 shorty kernel: [    0.000000] ACPI: INT_SRC_OVR (bus 0 bus_irq 0 global_irq 2 dfl dfl)
Aug 16 19:57:11 shorty kernel: [    0.000000] ACPI: INT_SRC_OVR (bus 0 bus_irq 9 global_irq 9 high level)
Aug 16 19:57:11 shorty kernel: [    0.000000] ACPI: INT_SRC_OVR (bus 0 bus_irq 14 global_irq 14 high edge)
Aug 16 19:57:11 shorty kernel: [    0.000000] ACPI: INT_SRC_OVR (bus 0 bus_irq 15 global_irq 15 high edge)
Aug 16 19:57:11 shorty kernel: [    0.000000] ACPI: IRQ0 used by override.
Aug 16 19:57:11 shorty kernel: [    0.000000] ACPI: IRQ2 used by override.
Aug 16 19:57:11 shorty kernel: [    0.000000] ACPI: IRQ9 used by override.
Aug 16 19:57:11 shorty kernel: [    0.000000] ACPI: IRQ14 used by override.
Aug 16 19:57:11 shorty kernel: [    0.000000] ACPI: IRQ15 used by override.
Aug 16 19:57:11 shorty kernel: [    0.000000] Using ACPI (MADT) for SMP configuration information
Aug 16 19:57:11 shorty kernel: [    0.000000] ACPI: HPET id: 0x10de8201 base: 0xfefff000
Aug 16 19:57:11 shorty kernel: [    0.000000] SMP: Allowing 2 CPUs, 1 hotplug CPUs
Aug 16 19:57:11 shorty kernel: [    0.000000] nr_irqs_gsi: 40
Aug 16 19:57:11 shorty kernel: [    0.000000] PM: Registered nosave memory: 000000000009f000 - 00000000000a0000
Aug 16 19:57:11 shorty kernel: [    0.000000] PM: Registered nosave memory: 00000000000a0000 - 00000000000f0000
Aug 16 19:57:11 shorty kernel: [    0.000000] PM: Registered nosave memory: 00000000000f0000 - 0000000000100000
Aug 16 19:57:11 shorty kernel: [    0.000000] Allocating PCI resources starting at 90000000 (gap: 90000000:60000000)
Aug 16 19:57:11 shorty kernel: [    0.000000] Booting paravirtualized kernel on bare hardware
Aug 16 19:57:11 shorty kernel: [    0.000000] setup_percpu: NR_CPUS:8 nr_cpumask_bits:8 nr_cpu_ids:2 nr_node_ids:1
Aug 16 19:57:11 shorty kernel: [    0.000000] PERCPU: Embedded 13 pages/cpu @f7000000 s28800 r0 d24448 u2097152
Aug 16 19:57:11 shorty kernel: [    0.000000] pcpu-alloc: s28800 r0 d24448 u2097152 alloc=1*4194304
Aug 16 19:57:11 shorty kernel: [    0.000000] pcpu-alloc: [0] 0 1 
Aug 16 19:57:11 shorty kernel: [    0.000000] Built 1 zonelists in Zone order, mobility grouping on.  Total pages: 552321
Aug 16 19:57:11 shorty kernel: [    0.000000] Kernel command line: BOOT_IMAGE=/boot/vmlinuz-2.6.38-10-generic root=UUID=cce42c56-e194-4cd2-a0ec-6c319a642ea9 ro quiet splash vt.handoff=7
Aug 16 19:57:11 shorty kernel: [    0.000000] PID hash table entries: 4096 (order: 2, 16384 bytes)
Aug 16 19:57:11 shorty kernel: [    0.000000] Dentry cache hash table entries: 131072 (order: 7, 524288 bytes)
Aug 16 19:57:11 shorty kernel: [    0.000000] Inode-cache hash table entries: 65536 (order: 6, 262144 bytes)
Aug 16 19:57:11 shorty kernel: [    0.000000] Initializing CPU#0
Aug 16 19:57:11 shorty kernel: [    0.000000] allocated 11135360 bytes of page_cgroup
Aug 16 19:57:11 shorty kernel: [    0.000000] please try 'cgroup_disable=memory' option if you don't want memory cgroups
Aug 16 19:57:11 shorty kernel: [    0.000000] Initializing HighMem for node 0 (000377fe:00087ef0)
Aug 16 19:57:11 shorty kernel: [    0.000000] Memory: 2165764k/2227136k available (5190k kernel code, 60920k reserved, 2539k data, 700k init, 1317832k highmem)
Aug 16 19:57:11 shorty kernel: [    0.000000] virtual kernel memory layout:
Aug 16 19:57:11 shorty kernel: [    0.000000]     fixmap  : 0xfff16000 - 0xfffff000   ( 932 kB)
Aug 16 19:57:11 shorty kernel: [    0.000000]     pkmap   : 0xff800000 - 0xffc00000   (4096 kB)
Aug 16 19:57:11 shorty kernel: [    0.000000]     vmalloc : 0xf7ffe000 - 0xff7fe000   ( 120 MB)
Aug 16 19:57:11 shorty kernel: [    0.000000]     lowmem  : 0xc0000000 - 0xf77fe000   ( 887 MB)
Aug 16 19:57:11 shorty kernel: [    0.000000]       .init : 0xc178d000 - 0xc183c000   ( 700 kB)
Aug 16 19:57:11 shorty kernel: [    0.000000]       .data : 0xc1511841 - 0xc178c4c0   (2539 kB)
Aug 16 19:57:11 shorty kernel: [    0.000000]       .text : 0xc1000000 - 0xc1511841   (5190 kB)
Aug 16 19:57:11 shorty kernel: [    0.000000] Checking if this processor honours the WP bit even in supervisor mode...Ok.
Aug 16 19:57:11 shorty kernel: [    0.000000] SLUB: Genslabs=15, HWalign=64, Order=0-3, MinObjects=0, CPUs=2, Nodes=1
Aug 16 19:57:11 shorty kernel: [    0.000000] Hierarchical RCU implementation.
Aug 16 19:57:11 shorty kernel: [    0.000000] 	RCU dyntick-idle grace-period acceleration is enabled.
Aug 16 19:57:11 shorty kernel: [    0.000000] 	RCU-based detection of stalled CPUs is disabled.
Aug 16 19:57:11 shorty kernel: [    0.000000] NR_IRQS:2304 nr_irqs:512 16
Aug 16 19:57:11 shorty kernel: [    0.000000] CPU 0 irqstacks, hard=f6c08000 soft=f6c0a000
Aug 16 19:57:11 shorty kernel: [    0.000000] Extended CMOS year: 2000
Aug 16 19:57:11 shorty kernel: [    0.000000] spurious 8259A interrupt: IRQ7.
Aug 16 19:57:11 shorty kernel: [    0.000000] vt handoff: transparent VT on vt#7
Aug 16 19:57:11 shorty kernel: [    0.000000] Console: colour dummy device 80x25
Aug 16 19:57:11 shorty kernel: [    0.000000] console [tty0] enabled
Aug 16 19:57:11 shorty kernel: [    0.000000] hpet clockevent registered
Aug 16 19:57:11 shorty kernel: [    0.000000] Fast TSC calibration using PIT
Aug 16 19:57:11 shorty kernel: [    0.000000] Detected 1804.037 MHz processor.
Aug 16 19:57:11 shorty kernel: [    0.000000] Marking TSC unstable due to TSCs unsynchronized
Aug 16 19:57:11 shorty kernel: [    0.004008] Calibrating delay loop (skipped), value calculated using timer frequency.. 3608.07 BogoMIPS (lpj=7216148)
Aug 16 19:57:11 shorty kernel: [    0.004016] pid_max: default: 32768 minimum: 301
Aug 16 19:57:11 shorty kernel: [    0.004055] Security Framework initialized
Aug 16 19:57:11 shorty kernel: [    0.004082] AppArmor: AppArmor initialized
Aug 16 19:57:11 shorty kernel: [    0.004085] Yama: becoming mindful.
Aug 16 19:57:11 shorty kernel: [    0.004172] Mount-cache hash table entries: 512
Aug 16 19:57:11 shorty kernel: [    0.004362] Initializing cgroup subsys ns
Aug 16 19:57:11 shorty kernel: [    0.004368] ns_cgroup deprecated: consider using the 'clone_children' flag without the ns_cgroup.
Aug 16 19:57:11 shorty kernel: [    0.004374] Initializing cgroup subsys cpuacct
Aug 16 19:57:11 shorty kernel: [    0.004381] Initializing cgroup subsys memory
Aug 16 19:57:11 shorty kernel: [    0.004394] Initializing cgroup subsys devices
Aug 16 19:57:11 shorty kernel: [    0.004398] Initializing cgroup subsys freezer
Aug 16 19:57:11 shorty kernel: [    0.004402] Initializing cgroup subsys net_cls
Aug 16 19:57:11 shorty kernel: [    0.004406] Initializing cgroup subsys blkio
Aug 16 19:57:11 shorty kernel: [    0.004454] mce: CPU supports 5 MCE banks
Aug 16 19:57:11 shorty kernel: [    0.004471] using C1E aware idle routine
Aug 16 19:57:11 shorty kernel: [    0.008459] SMP alternatives: switching to UP code
Aug 16 19:57:11 shorty kernel: [    0.017770] ACPI: Core revision 20110112
Aug 16 19:57:11 shorty kernel: [    0.026060] ftrace: allocating 23648 entries in 47 pages
Aug 16 19:57:11 shorty kernel: [    0.028092] Enabling APIC mode:  Flat.  Using 1 I/O APICs
Aug 16 19:57:11 shorty kernel: [    0.028611] ..TIMER: vector=0x30 apic1=0 pin1=2 apic2=-1 pin2=-1
Aug 16 19:57:11 shorty kernel: [    0.071206] CPU0: AMD Sempron(tm) Processor 3200+ stepping 02
Aug 16 19:57:11 shorty kernel: [    0.072003] Performance Events: AMD PMU driver.
Aug 16 19:57:11 shorty kernel: [    0.072003] ... version:                0
Aug 16 19:57:11 shorty kernel: [    0.072003] ... bit width:              48
Aug 16 19:57:11 shorty kernel: [    0.072003] ... generic registers:      4
Aug 16 19:57:11 shorty kernel: [    0.072003] ... value mask:             0000ffffffffffff
Aug 16 19:57:11 shorty kernel: [    0.072003] ... max period:             00007fffffffffff
Aug 16 19:57:11 shorty kernel: [    0.072003] ... fixed-purpose events:   0
Aug 16 19:57:11 shorty kernel: [    0.072003] ... event mask:             000000000000000f
Aug 16 19:57:11 shorty kernel: [    0.072003] Brought up 1 CPUs
Aug 16 19:57:11 shorty kernel: [    0.072003] Total of 1 processors activated (3608.07 BogoMIPS).
Aug 16 19:57:11 shorty kernel: [    0.072003] devtmpfs: initialized
Aug 16 19:57:11 shorty kernel: [    0.072003] print_constraints: dummy: 
Aug 16 19:57:11 shorty kernel: [    0.072003] Time: 23:56:48  Date: 08/16/11
Aug 16 19:57:11 shorty kernel: [    0.072003] NET: Registered protocol family 16
Aug 16 19:57:11 shorty kernel: [    0.072003] EISA bus registered
Aug 16 19:57:11 shorty kernel: [    0.072003] node 0 link 0: io port [1000, ffff]
Aug 16 19:57:11 shorty kernel: [    0.072003] TOM: 0000000090000000 aka 2304M
Aug 16 19:57:11 shorty kernel: [    0.072003] node 0 link 0: mmio [a0000, bffff]
Aug 16 19:57:11 shorty kernel: [    0.072003] node 0 link 0: mmio [90000000, efffffff]
Aug 16 19:57:11 shorty kernel: [    0.072003] node 0 link 0: mmio [f4000000, fe02ffff]
Aug 16 19:57:11 shorty kernel: [    0.072003] node 0 link 0: mmio [f0000000, f02fffff]
Aug 16 19:57:11 shorty kernel: [    0.072003] bus: [00, 02] on node 0 link 0
Aug 16 19:57:11 shorty kernel: [    0.072003] bus: 00 index 0 [io  0x0000-0xffff]
Aug 16 19:57:11 shorty kernel: [    0.072003] bus: 00 index 1 [mem 0x000a0000-0x000bffff]
Aug 16 19:57:11 shorty kernel: [    0.072003] bus: 00 index 2 [mem 0x90000000-0xf3ffffff]
Aug 16 19:57:11 shorty kernel: [    0.072003] bus: 00 index 3 [mem 0xf4000000-0xffffffff]
Aug 16 19:57:11 shorty kernel: [    0.072003] ACPI: bus type pci registered
Aug 16 19:57:11 shorty kernel: [    0.072003] PCI: MMCONFIG for domain 0000 [bus 00-3f] at [mem 0xf0000000-0xf3ffffff] (base 0xf0000000)
Aug 16 19:57:11 shorty kernel: [    0.072003] PCI: MMCONFIG at [mem 0xf0000000-0xf3ffffff] reserved in E820
Aug 16 19:57:11 shorty kernel: [    0.072003] PCI: Using MMCONFIG for extended config space
Aug 16 19:57:11 shorty kernel: [    0.072003] PCI: Using configuration type 1 for base access
Aug 16 19:57:11 shorty kernel: [    0.072407] bio: create slab <bio-0> at 0
Aug 16 19:57:11 shorty kernel: [    0.074058] ACPI: EC: Look up EC in DSDT
Aug 16 19:57:11 shorty kernel: [    0.078846] ACPI: Interpreter enabled
Aug 16 19:57:11 shorty kernel: [    0.078854] ACPI: (supports S0 S1 S3 S4 S5)
Aug 16 19:57:11 shorty kernel: [    0.078881] ACPI: Using IOAPIC for interrupt routing
Aug 16 19:57:11 shorty kernel: [    0.086117] ACPI: No dock devices found.
Aug 16 19:57:11 shorty kernel: [    0.086122] HEST: Table not found.
Aug 16 19:57:11 shorty kernel: [    0.086128] PCI: Ignoring host bridge windows from ACPI; if necessary, use "pci=use_crs" and report a bug
Aug 16 19:57:11 shorty kernel: [    0.086799] ACPI: PCI Root Bridge [PCI0] (domain 0000 [bus 00-02])
Aug 16 19:57:11 shorty kernel: [    0.088137] pci_root PNP0A08:00: host bridge window [io  0x0000-0x03af] (ignored)
Aug 16 19:57:11 shorty kernel: [    0.088141] pci_root PNP0A08:00: host bridge window [io  0x03e0-0x0cf7] (ignored)
Aug 16 19:57:11 shorty kernel: [    0.088144] pci_root PNP0A08:00: host bridge window [io  0x4c00-0x4c7f] (ignored)
Aug 16 19:57:11 shorty kernel: [    0.088147] pci_root PNP0A08:00: host bridge window [io  0x1000-0xffff] (ignored)
Aug 16 19:57:11 shorty kernel: [    0.088151] pci_root PNP0A08:00: host bridge window [io  0x03b0-0x03df] (ignored)
Aug 16 19:57:11 shorty kernel: [    0.088154] pci_root PNP0A08:00: host bridge window [mem 0x000a0000-0x000bffff] (ignored)
Aug 16 19:57:11 shorty kernel: [    0.088158] pci_root PNP0A08:00: host bridge window [mem 0x90000000-0xefffffff] (ignored)
Aug 16 19:57:11 shorty kernel: [    0.088161] pci_root PNP0A08:00: host bridge window [mem 0xf4000000-0xfe02ffff] (ignored)
Aug 16 19:57:11 shorty kernel: [    0.088176] pci 0000:00:00.0: [10de:02f0] type 0 class 0x000500
Aug 16 19:57:11 shorty kernel: [    0.088223] pci 0000:00:00.1: [10de:02fa] type 0 class 0x000500
Aug 16 19:57:11 shorty kernel: [    0.088253] pci 0000:00:00.2: [10de:02fe] type 0 class 0x000500
Aug 16 19:57:11 shorty kernel: [    0.088292] pci 0000:00:00.3: [10de:02f8] type 0 class 0x000500
Aug 16 19:57:11 shorty kernel: [    0.088331] pci 0000:00:00.4: [10de:02f9] type 0 class 0x000500
Aug 16 19:57:11 shorty kernel: [    0.088372] pci 0000:00:00.5: [10de:02ff] type 0 class 0x000500
Aug 16 19:57:11 shorty kernel: [    0.088412] pci 0000:00:00.6: [10de:027f] type 0 class 0x000500
Aug 16 19:57:11 shorty kernel: [    0.088441] pci 0000:00:00.7: [10de:027e] type 0 class 0x000500
Aug 16 19:57:11 shorty kernel: [    0.088486] pci 0000:00:04.0: [10de:02fb] type 1 class 0x000604
Aug 16 19:57:11 shorty kernel: [    0.088512] pci 0000:00:04.0: PME# supported from D0 D1 D2 D3hot D3cold
Aug 16 19:57:11 shorty kernel: [    0.088516] pci 0000:00:04.0: PME# disabled
Aug 16 19:57:11 shorty kernel: [    0.088530] pci 0000:00:05.0: [10de:0241] type 0 class 0x000300
Aug 16 19:57:11 shorty kernel: [    0.088539] pci 0000:00:05.0: reg 10: [mem 0xfb000000-0xfbffffff]
Aug 16 19:57:11 shorty kernel: [    0.088547] pci 0000:00:05.0: reg 14: [mem 0xe0000000-0xefffffff 64bit pref]
Aug 16 19:57:11 shorty kernel: [    0.088554] pci 0000:00:05.0: reg 1c: [mem 0xfc000000-0xfcffffff 64bit]
Aug 16 19:57:11 shorty kernel: [    0.088562] pci 0000:00:05.0: reg 30: [mem 0x00000000-0x0001ffff pref]
Aug 16 19:57:11 shorty kernel: [    0.088600] pci 0000:00:09.0: [10de:0270] type 0 class 0x000500
Aug 16 19:57:11 shorty kernel: [    0.088770] pci 0000:00:0a.0: [10de:0260] type 0 class 0x000601
Aug 16 19:57:11 shorty kernel: [    0.088825] pci 0000:00:0a.1: [10de:0264] type 0 class 0x000c05
Aug 16 19:57:11 shorty kernel: [    0.088861] pci 0000:00:0a.1: reg 20: [io  0x4c00-0x4c3f]
Aug 16 19:57:11 shorty kernel: [    0.088869] pci 0000:00:0a.1: reg 24: [io  0x4c40-0x4c7f]
Aug 16 19:57:11 shorty kernel: [    0.088896] pci 0000:00:0a.1: PME# supported from D3hot D3cold
Aug 16 19:57:11 shorty kernel: [    0.088902] pci 0000:00:0a.1: PME# disabled
Aug 16 19:57:11 shorty kernel: [    0.088916] pci 0000:00:0a.2: [10de:0272] type 0 class 0x000500
Aug 16 19:57:11 shorty kernel: [    0.088976] pci 0000:00:0b.0: [10de:026d] type 0 class 0x000c03
Aug 16 19:57:11 shorty kernel: [    0.088988] pci 0000:00:0b.0: reg 10: [mem 0xfe02f000-0xfe02ffff]
Aug 16 19:57:11 shorty kernel: [    0.089026] pci 0000:00:0b.0: supports D1 D2
Aug 16 19:57:11 shorty kernel: [    0.089029] pci 0000:00:0b.0: PME# supported from D0 D1 D2 D3hot D3cold
Aug 16 19:57:11 shorty kernel: [    0.089033] pci 0000:00:0b.0: PME# disabled
Aug 16 19:57:11 shorty kernel: [    0.089048] pci 0000:00:0b.1: [10de:026e] type 0 class 0x000c03
Aug 16 19:57:11 shorty kernel: [    0.089061] pci 0000:00:0b.1: reg 10: [mem 0xfe02e000-0xfe02e0ff]
Aug 16 19:57:11 shorty kernel: [    0.089099] pci 0000:00:0b.1: supports D1 D2
Aug 16 19:57:11 shorty kernel: [    0.089102] pci 0000:00:0b.1: PME# supported from D0 D1 D2 D3hot D3cold
Aug 16 19:57:11 shorty kernel: [    0.089106] pci 0000:00:0b.1: PME# disabled
Aug 16 19:57:11 shorty kernel: [    0.089127] pci 0000:00:0d.0: [10de:0265] type 0 class 0x000101
Aug 16 19:57:11 shorty kernel: [    0.089152] pci 0000:00:0d.0: reg 20: [io  0xf400-0xf40f]
Aug 16 19:57:11 shorty kernel: [    0.089184] pci 0000:00:0e.0: [10de:0266] type 0 class 0x000101
Aug 16 19:57:11 shorty kernel: [    0.089197] pci 0000:00:0e.0: reg 10: [io  0x09f0-0x09f7]
Aug 16 19:57:11 shorty kernel: [    0.089203] pci 0000:00:0e.0: reg 14: [io  0x0bf0-0x0bf3]
Aug 16 19:57:11 shorty kernel: [    0.089210] pci 0000:00:0e.0: reg 18: [io  0x0970-0x0977]
Aug 16 19:57:11 shorty kernel: [    0.089217] pci 0000:00:0e.0: reg 1c: [io  0x0b70-0x0b73]
Aug 16 19:57:11 shorty kernel: [    0.089224] pci 0000:00:0e.0: reg 20: [io  0xe000-0xe00f]
Aug 16 19:57:11 shorty kernel: [    0.089230] pci 0000:00:0e.0: reg 24: [mem 0xfe02d000-0xfe02dfff]
Aug 16 19:57:11 shorty kernel: [    0.089265] pci 0000:00:10.0: [10de:026f] type 1 class 0x000604
Aug 16 19:57:11 shorty kernel: [    0.089308] pci 0000:00:10.1: [10de:026c] type 0 class 0x000403
Aug 16 19:57:11 shorty kernel: [    0.089322] pci 0000:00:10.1: reg 10: [mem 0xfe028000-0xfe02bfff]
Aug 16 19:57:11 shorty kernel: [    0.089365] pci 0000:00:10.1: PME# supported from D3hot D3cold
Aug 16 19:57:11 shorty kernel: [    0.089369] pci 0000:00:10.1: PME# disabled
Aug 16 19:57:11 shorty kernel: [    0.089393] pci 0000:00:14.0: [10de:0269] type 0 class 0x000680
Aug 16 19:57:11 shorty kernel: [    0.089404] pci 0000:00:14.0: reg 10: [mem 0xfe02c000-0xfe02cfff]
Aug 16 19:57:11 shorty kernel: [    0.089411] pci 0000:00:14.0: reg 14: [io  0xdc00-0xdc07]
Aug 16 19:57:11 shorty kernel: [    0.089442] pci 0000:00:14.0: supports D1 D2
Aug 16 19:57:11 shorty kernel: [    0.089445] pci 0000:00:14.0: PME# supported from D0 D1 D2 D3hot D3cold
Aug 16 19:57:11 shorty kernel: [    0.089449] pci 0000:00:14.0: PME# disabled
Aug 16 19:57:11 shorty kernel: [    0.089462] pci 0000:00:18.0: [1022:1100] type 0 class 0x000600
Aug 16 19:57:11 shorty kernel: [    0.089483] pci 0000:00:18.1: [1022:1101] type 0 class 0x000600
Aug 16 19:57:11 shorty kernel: [    0.089501] pci 0000:00:18.2: [1022:1102] type 0 class 0x000600
Aug 16 19:57:11 shorty kernel: [    0.089519] pci 0000:00:18.3: [1022:1103] type 0 class 0x000600
Aug 16 19:57:11 shorty kernel: [    0.089543] PCI: peer root bus 00 res updated from pci conf
Aug 16 19:57:11 shorty kernel: [    0.089571] pci 0000:00:04.0: PCI bridge to [bus 01-01]
Aug 16 19:57:11 shorty kernel: [    0.089575] pci 0000:00:04.0:   bridge window [io  0xb000-0xbfff]
Aug 16 19:57:11 shorty kernel: [    0.089579] pci 0000:00:04.0:   bridge window [mem 0xfdd00000-0xfddfffff]
Aug 16 19:57:11 shorty kernel: [    0.089584] pci 0000:00:04.0:   bridge window [mem 0xfdc00000-0xfdcfffff 64bit pref]
Aug 16 19:57:11 shorty kernel: [    0.089618] pci 0000:02:05.0: [11c1:5811] type 0 class 0x000c00
Aug 16 19:57:11 shorty kernel: [    0.089633] pci 0000:02:05.0: reg 10: [mem 0xfdbff000-0xfdbfffff]
Aug 16 19:57:11 shorty kernel: [    0.089683] pci 0000:02:05.0: supports D1 D2
Aug 16 19:57:11 shorty kernel: [    0.089686] pci 0000:02:05.0: PME# supported from D0 D1 D2 D3hot
Aug 16 19:57:11 shorty kernel: [    0.089691] pci 0000:02:05.0: PME# disabled
Aug 16 19:57:11 shorty kernel: [    0.089722] pci 0000:00:10.0: PCI bridge to [bus 02-02] (subtractive decode)
Aug 16 19:57:11 shorty kernel: [    0.089727] pci 0000:00:10.0:   bridge window [io  0xc000-0xcfff]
Aug 16 19:57:11 shorty kernel: [    0.089731] pci 0000:00:10.0:   bridge window [mem 0xfdb00000-0xfdbfffff]
Aug 16 19:57:11 shorty kernel: [    0.089735] pci 0000:00:10.0:   bridge window [mem 0xfde00000-0xfdefffff pref]
Aug 16 19:57:11 shorty kernel: [    0.089738] pci 0000:00:10.0:   bridge window [io  0x0000-0xffff] (subtractive decode)
Aug 16 19:57:11 shorty kernel: [    0.089742] pci 0000:00:10.0:   bridge window [mem 0x000a0000-0x000bffff] (subtractive decode)
Aug 16 19:57:11 shorty kernel: [    0.089746] pci 0000:00:10.0:   bridge window [mem 0x90000000-0xf3ffffff] (subtractive decode)
Aug 16 19:57:11 shorty kernel: [    0.089749] pci 0000:00:10.0:   bridge window [mem 0xf4000000-0xffffffff] (subtractive decode)
Aug 16 19:57:11 shorty kernel: [    0.089757] pci_bus 0000:00: on NUMA node 0
Aug 16 19:57:11 shorty kernel: [    0.089762] ACPI: PCI Interrupt Routing Table [\_SB_.PCI0._PRT]
Aug 16 19:57:11 shorty kernel: [    0.089956] ACPI: PCI Interrupt Routing Table [\_SB_.PCI0.HUB0._PRT]
Aug 16 19:57:11 shorty kernel: [    0.090111]  pci0000:00: Requesting ACPI _OSC control (0x1d)
Aug 16 19:57:11 shorty kernel: [    0.121705] ACPI: PCI Interrupt Link [LNK1] (IRQs 5 7 9 10 *11 14 15)
Aug 16 19:57:11 shorty kernel: [    0.121762] ACPI: PCI Interrupt Link [LNK2] (IRQs 5 7 9 10 11 14 15) *0, disabled.
Aug 16 19:57:11 shorty kernel: [    0.121815] ACPI: PCI Interrupt Link [LNK3] (IRQs 5 7 9 10 11 14 15) *0, disabled.
Aug 16 19:57:11 shorty kernel: [    0.121867] ACPI: PCI Interrupt Link [LNK4] (IRQs 5 7 9 10 11 14 15) *0, disabled.
Aug 16 19:57:11 shorty kernel: [    0.121920] ACPI: PCI Interrupt Link [LNK5] (IRQs 5 7 9 10 11 14 15) *0, disabled.
Aug 16 19:57:11 shorty kernel: [    0.121972] ACPI: PCI Interrupt Link [LNK6] (IRQs 5 7 9 10 11 14 15) *0, disabled.
Aug 16 19:57:11 shorty kernel: [    0.122026] ACPI: PCI Interrupt Link [LNK7] (IRQs 5 7 9 *10 11 14 15)
Aug 16 19:57:11 shorty kernel: [    0.122077] ACPI: PCI Interrupt Link [LNK8] (IRQs 5 7 9 10 11 14 15) *0, disabled.
Aug 16 19:57:11 shorty kernel: [    0.122132] ACPI: PCI Interrupt Link [LUBA] (IRQs *5 7 9 10 11 14 15)
Aug 16 19:57:11 shorty kernel: [    0.122183] ACPI: PCI Interrupt Link [LUBB] (IRQs 5 7 9 10 11 14 15) *0, disabled.
Aug 16 19:57:11 shorty kernel: [    0.122237] ACPI: PCI Interrupt Link [LMAC] (IRQs 5 *7 9 10 11 14 15)
Aug 16 19:57:11 shorty kernel: [    0.122289] ACPI: PCI Interrupt Link [LACI] (IRQs 5 7 9 10 11 14 15) *0, disabled.
Aug 16 19:57:11 shorty kernel: [    0.122343] ACPI: PCI Interrupt Link [LAZA] (IRQs *5 7 9 10 11 14 15)
Aug 16 19:57:11 shorty kernel: [    0.122405] ACPI: PCI Interrupt Link [LPMU] (IRQs 5 7 9 10 11 14 15) *0, disabled.
Aug 16 19:57:11 shorty kernel: [    0.122459] ACPI: PCI Interrupt Link [LMCI] (IRQs 5 7 9 10 11 14 15) *0, disabled.
Aug 16 19:57:11 shorty kernel: [    0.122514] ACPI: PCI Interrupt Link [LSMB] (IRQs 5 *7 9 10 11 14 15)
Aug 16 19:57:11 shorty kernel: [    0.122567] ACPI: PCI Interrupt Link [LUB2] (IRQs 5 7 9 *10 11 14 15)
Aug 16 19:57:11 shorty kernel: [    0.122626] ACPI: PCI Interrupt Link [LIDE] (IRQs 5 7 9 10 11 14 15) *0, disabled.
Aug 16 19:57:11 shorty kernel: [    0.122681] ACPI: PCI Interrupt Link [LSID] (IRQs 5 7 9 10 *11 14 15)
Aug 16 19:57:11 shorty kernel: [    0.122785] ACPI: PCI Interrupt Link [APC1] (IRQs 16) *0
Aug 16 19:57:11 shorty kernel: [    0.122873] ACPI: PCI Interrupt Link [APC2] (IRQs 17) *0, disabled.
Aug 16 19:57:11 shorty kernel: [    0.122960] ACPI: PCI Interrupt Link [APC3] (IRQs 18) *0, disabled.
Aug 16 19:57:11 shorty kernel: [    0.123048] ACPI: PCI Interrupt Link [APC4] (IRQs 19) *0, disabled.
Aug 16 19:57:11 shorty kernel: [    0.123136] ACPI: PCI Interrupt Link [APC5] (IRQs 16) *0, disabled.
Aug 16 19:57:11 shorty kernel: [    0.123223] ACPI: PCI Interrupt Link [APC6] (IRQs 16) *0, disabled.
Aug 16 19:57:11 shorty kernel: [    0.123311] ACPI: PCI Interrupt Link [APC7] (IRQs 16) *0
Aug 16 19:57:11 shorty kernel: [    0.123399] ACPI: PCI Interrupt Link [APC8] (IRQs 16) *0, disabled.
Aug 16 19:57:11 shorty kernel: [    0.123487] ACPI: PCI Interrupt Link [APCF] (IRQs 20 21 22 23) *0
Aug 16 19:57:11 shorty kernel: [    0.123576] ACPI: PCI Interrupt Link [APCG] (IRQs 20 21 22 23) *0, disabled.
Aug 16 19:57:11 shorty kernel: [    0.123671] ACPI: PCI Interrupt Link [APCH] (IRQs 20 21 22 23) *0
Aug 16 19:57:11 shorty kernel: [    0.123762] ACPI: PCI Interrupt Link [APCJ] (IRQs 20 21 22 23) *0, disabled.
Aug 16 19:57:11 shorty kernel: [    0.123852] ACPI: PCI Interrupt Link [APMU] (IRQs 20 21 22 23) *0, disabled.
Aug 16 19:57:11 shorty kernel: [    0.123942] ACPI: PCI Interrupt Link [AAZA] (IRQs 20 21 22 23) *0
Aug 16 19:57:11 shorty kernel: [    0.124047] ACPI: PCI Interrupt Link [APCK] (IRQs 20 21 22 23) *0, disabled.
Aug 16 19:57:11 shorty kernel: [    0.124138] ACPI: PCI Interrupt Link [APCS] (IRQs 20 21 22 23) *0
Aug 16 19:57:11 shorty kernel: [    0.124228] ACPI: PCI Interrupt Link [APCL] (IRQs 20 21 22 23) *0
Aug 16 19:57:11 shorty kernel: [    0.124317] ACPI: PCI Interrupt Link [APCM] (IRQs 20 21 22 23) *0, disabled.
Aug 16 19:57:11 shorty kernel: [    0.124407] ACPI: PCI Interrupt Link [APCZ] (IRQs 20 21 22 23) *0, disabled.
Aug 16 19:57:11 shorty kernel: [    0.124498] ACPI: PCI Interrupt Link [APSI] (IRQs 20 21 22 23) *0
Aug 16 19:57:11 shorty kernel: [    0.124655] vgaarb: device added: PCI:0000:00:05.0,decodes=io+mem,owns=io+mem,locks=none
Aug 16 19:57:11 shorty kernel: [    0.124667] vgaarb: loaded
Aug 16 19:57:11 shorty kernel: [    0.124943] SCSI subsystem initialized
Aug 16 19:57:11 shorty kernel: [    0.125028] libata version 3.00 loaded.
Aug 16 19:57:11 shorty kernel: [    0.125102] usbcore: registered new interface driver usbfs
Aug 16 19:57:11 shorty kernel: [    0.125117] usbcore: registered new interface driver hub
Aug 16 19:57:11 shorty kernel: [    0.125149] usbcore: registered new device driver usb
Aug 16 19:57:11 shorty kernel: [    0.125316] wmi: Mapper loaded
Aug 16 19:57:11 shorty kernel: [    0.125319] PCI: Using ACPI for IRQ routing
Aug 16 19:57:11 shorty kernel: [    0.125327] PCI: pci_cache_line_size set to 64 bytes
Aug 16 19:57:11 shorty kernel: [    0.125410] reserve RAM buffer: 000000000009f800 - 000000000009ffff 
Aug 16 19:57:11 shorty kernel: [    0.125414] reserve RAM buffer: 0000000087ef0000 - 0000000087ffffff 
Aug 16 19:57:11 shorty kernel: [    0.125563] NetLabel: Initializing
Aug 16 19:57:11 shorty kernel: [    0.125565] NetLabel:  domain hash size = 128
Aug 16 19:57:11 shorty kernel: [    0.125567] NetLabel:  protocols = UNLABELED CIPSOv4
Aug 16 19:57:11 shorty kernel: [    0.125581] NetLabel:  unlabeled traffic allowed by default
Aug 16 19:57:11 shorty kernel: [    0.125643] HPET: 3 timers in total, 0 timers will be used for per-cpu timer
Aug 16 19:57:11 shorty kernel: [    0.125651] hpet0: at MMIO 0xfefff000, IRQs 2, 8, 31
Aug 16 19:57:11 shorty kernel: [    0.125657] hpet0: 3 comparators, 32-bit 25.000000 MHz counter
Aug 16 19:57:11 shorty kernel: [    0.128058] Switching to clocksource hpet
Aug 16 19:57:11 shorty kernel: [    0.131968] Switched to NOHz mode on CPU #0
Aug 16 19:57:11 shorty kernel: [    0.137402] AppArmor: AppArmor Filesystem Enabled
Aug 16 19:57:11 shorty kernel: [    0.137449] pnp: PnP ACPI init
Aug 16 19:57:11 shorty kernel: [    0.137471] ACPI: bus type pnp registered
Aug 16 19:57:11 shorty kernel: [    0.138199] pnp 00:00: [bus 00-02]
Aug 16 19:57:11 shorty kernel: [    0.138204] pnp 00:00: [io  0x0cf8-0x0cff]
Aug 16 19:57:11 shorty kernel: [    0.138207] pnp 00:00: [io  0x0000-0x03af window]
Aug 16 19:57:11 shorty kernel: [    0.138210] pnp 00:00: [io  0x03e0-0x0cf7 window]
Aug 16 19:57:11 shorty kernel: [    0.138213] pnp 00:00: [io  0x4c00-0x4c7f window]
Aug 16 19:57:11 shorty kernel: [    0.138216] pnp 00:00: [io  0x1000-0xffff window]
Aug 16 19:57:11 shorty kernel: [    0.138219] pnp 00:00: [io  0x03b0-0x03df window]
Aug 16 19:57:11 shorty kernel: [    0.138222] pnp 00:00: [mem 0x000a0000-0x000bffff window]
Aug 16 19:57:11 shorty kernel: [    0.138226] pnp 00:00: [mem 0x90000000-0xefffffff window]
Aug 16 19:57:11 shorty kernel: [    0.138229] pnp 00:00: [mem 0xf4000000-0xfe02ffff window]
Aug 16 19:57:11 shorty kernel: [    0.138315] pnp 00:00: Plug and Play ACPI device, IDs PNP0a08 PNP0a03 (active)
Aug 16 19:57:11 shorty kernel: [    0.138401] pnp 00:01: [io  0x4000-0x407f]
Aug 16 19:57:11 shorty kernel: [    0.138404] pnp 00:01: [io  0x4080-0x40ff]
Aug 16 19:57:11 shorty kernel: [    0.138407] pnp 00:01: [io  0x4400-0x447f]
Aug 16 19:57:11 shorty kernel: [    0.138410] pnp 00:01: [io  0x4480-0x44ff]
Aug 16 19:57:11 shorty kernel: [    0.138413] pnp 00:01: [io  0x4800-0x487f]
Aug 16 19:57:11 shorty kernel: [    0.138415] pnp 00:01: [io  0x4880-0x48ff]
Aug 16 19:57:11 shorty kernel: [    0.138419] pnp 00:01: [mem 0x88000000-0x8fffffff]
Aug 16 19:57:11 shorty kernel: [    0.138421] pnp 00:01: [io  0x2000-0x207f]
Aug 16 19:57:11 shorty kernel: [    0.138424] pnp 00:01: [io  0x2080-0x20ff]
Aug 16 19:57:11 shorty kernel: [    0.138497] system 00:01: [io  0x4000-0x407f] has been reserved
Aug 16 19:57:11 shorty kernel: [    0.138501] system 00:01: [io  0x4080-0x40ff] has been reserved
Aug 16 19:57:11 shorty kernel: [    0.138504] system 00:01: [io  0x4400-0x447f] has been reserved
Aug 16 19:57:11 shorty kernel: [    0.138508] system 00:01: [io  0x4480-0x44ff] has been reserved
Aug 16 19:57:11 shorty kernel: [    0.138512] system 00:01: [io  0x4800-0x487f] has been reserved
Aug 16 19:57:11 shorty kernel: [    0.138515] system 00:01: [io  0x4880-0x48ff] has been reserved
Aug 16 19:57:11 shorty kernel: [    0.138519] system 00:01: [io  0x2000-0x207f] has been reserved
Aug 16 19:57:11 shorty kernel: [    0.138522] system 00:01: [io  0x2080-0x20ff] has been reserved
Aug 16 19:57:11 shorty kernel: [    0.138527] system 00:01: [mem 0x88000000-0x8fffffff] has been reserved
Aug 16 19:57:11 shorty kernel: [    0.138531] system 00:01: Plug and Play ACPI device, IDs PNP0c02 (active)
Aug 16 19:57:11 shorty kernel: [    0.138610] pnp 00:02: [io  0x0010-0x001f]
Aug 16 19:57:11 shorty kernel: [    0.138613] pnp 00:02: [io  0x0022-0x003f]
Aug 16 19:57:11 shorty kernel: [    0.138616] pnp 00:02: [io  0x0044-0x005f]
Aug 16 19:57:11 shorty kernel: [    0.138619] pnp 00:02: [io  0x0062-0x0063]
Aug 16 19:57:11 shorty kernel: [    0.138621] pnp 00:02: [io  0x0065-0x006f]
Aug 16 19:57:11 shorty kernel: [    0.138624] pnp 00:02: [io  0x0074-0x007f]
Aug 16 19:57:11 shorty kernel: [    0.138627] pnp 00:02: [io  0x0091-0x0093]
Aug 16 19:57:11 shorty kernel: [    0.138629] pnp 00:02: [io  0x00a2-0x00bf]
Aug 16 19:57:11 shorty kernel: [    0.138632] pnp 00:02: [io  0x00e0-0x00ef]
Aug 16 19:57:11 shorty kernel: [    0.138635] pnp 00:02: [io  0x04d0-0x04d1]
Aug 16 19:57:11 shorty kernel: [    0.138637] pnp 00:02: [io  0x0290-0x029f]
Aug 16 19:57:11 shorty kernel: [    0.138701] system 00:02: [io  0x04d0-0x04d1] has been reserved
Aug 16 19:57:11 shorty kernel: [    0.138704] system 00:02: [io  0x0290-0x029f] has been reserved
Aug 16 19:57:11 shorty kernel: [    0.138708] system 00:02: Plug and Play ACPI device, IDs PNP0c02 (active)
Aug 16 19:57:11 shorty kernel: [    0.138723] pnp 00:03: [dma 4]
Aug 16 19:57:11 shorty kernel: [    0.138725] pnp 00:03: [io  0x0000-0x000f]
Aug 16 19:57:11 shorty kernel: [    0.138728] pnp 00:03: [io  0x0080-0x0090]
Aug 16 19:57:11 shorty kernel: [    0.138731] pnp 00:03: [io  0x0094-0x009f]
Aug 16 19:57:11 shorty kernel: [    0.138734] pnp 00:03: [io  0x00c0-0x00df]
Aug 16 19:57:11 shorty kernel: [    0.138770] pnp 00:03: Plug and Play ACPI device, IDs PNP0200 (active)
Aug 16 19:57:11 shorty kernel: [    0.138826] pnp 00:04: [irq 0 disabled]
Aug 16 19:57:11 shorty kernel: [    0.138844] pnp 00:04: [irq 8]
Aug 16 19:57:11 shorty kernel: [    0.138847] pnp 00:04: [mem 0xfefff000-0xfefff3ff]
Aug 16 19:57:11 shorty kernel: [    0.138889] pnp 00:04: Plug and Play ACPI device, IDs PNP0103 (active)
Aug 16 19:57:11 shorty kernel: [    0.138919] pnp 00:05: [io  0x0070-0x0073]
Aug 16 19:57:11 shorty kernel: [    0.138956] pnp 00:05: Plug and Play ACPI device, IDs PNP0b00 (active)
Aug 16 19:57:11 shorty kernel: [    0.138969] pnp 00:06: [io  0x0061]
Aug 16 19:57:11 shorty kernel: [    0.139005] pnp 00:06: Plug and Play ACPI device, IDs PNP0800 (active)
Aug 16 19:57:11 shorty kernel: [    0.139015] pnp 00:07: [io  0x00f0-0x00ff]
Aug 16 19:57:11 shorty kernel: [    0.139025] pnp 00:07: [irq 13]
Aug 16 19:57:11 shorty kernel: [    0.139061] pnp 00:07: Plug and Play ACPI device, IDs PNP0c04 (active)
Aug 16 19:57:11 shorty kernel: [    0.139101] pnp 00:08: [io  0x0060]
Aug 16 19:57:11 shorty kernel: [    0.139104] pnp 00:08: [io  0x0064]
Aug 16 19:57:11 shorty kernel: [    0.139113] pnp 00:08: [irq 1]
Aug 16 19:57:11 shorty kernel: [    0.139154] pnp 00:08: Plug and Play ACPI device, IDs PNP0303 PNP030b (active)
Aug 16 19:57:11 shorty kernel: [    0.139801] pnp 00:09: [mem 0xf0000000-0xf3ffffff]
Aug 16 19:57:11 shorty kernel: [    0.139896] system 00:09: [mem 0xf0000000-0xf3ffffff] has been reserved
Aug 16 19:57:11 shorty kernel: [    0.139900] system 00:09: Plug and Play ACPI device, IDs PNP0c02 (active)
Aug 16 19:57:11 shorty kernel: [    0.140073] pnp 00:0a: [mem 0x000f0000-0x000f3fff]
Aug 16 19:57:11 shorty kernel: [    0.140076] pnp 00:0a: [mem 0x000f4000-0x000f7fff]
Aug 16 19:57:11 shorty kernel: [    0.140079] pnp 00:0a: [mem 0x000f8000-0x000fbfff]
Aug 16 19:57:11 shorty kernel: [    0.140082] pnp 00:0a: [mem 0x000fc000-0x000fffff]
Aug 16 19:57:11 shorty kernel: [    0.140085] pnp 00:0a: [mem 0xfefff000-0xfefff0ff]
Aug 16 19:57:11 shorty kernel: [    0.140088] pnp 00:0a: [mem 0x87ef0000-0x87efffff]
Aug 16 19:57:11 shorty kernel: [    0.140091] pnp 00:0a: [mem 0xffff0000-0xffffffff]
Aug 16 19:57:11 shorty kernel: [    0.140094] pnp 00:0a: [mem 0x00000000-0x0009ffff]
Aug 16 19:57:11 shorty kernel: [    0.140097] pnp 00:0a: [mem 0x00100000-0x87eeffff]
Aug 16 19:57:11 shorty kernel: [    0.140100] pnp 00:0a: [mem 0x87f00000-0x8fefffff]
Aug 16 19:57:11 shorty kernel: [    0.140103] pnp 00:0a: [mem 0xfec00000-0xfec00fff]
Aug 16 19:57:11 shorty kernel: [    0.140106] pnp 00:0a: [mem 0xfee00000-0xfeefffff]
Aug 16 19:57:11 shorty kernel: [    0.140109] pnp 00:0a: [mem 0xfefff000-0xfeffffff]
Aug 16 19:57:11 shorty kernel: [    0.140112] pnp 00:0a: [mem 0xfff80000-0xfff80fff]
Aug 16 19:57:11 shorty kernel: [    0.140115] pnp 00:0a: [mem 0xfff90000-0xfffbffff]
Aug 16 19:57:11 shorty kernel: [    0.140117] pnp 00:0a: [mem 0xfffed000-0xfffeffff]
Aug 16 19:57:11 shorty kernel: [    0.140228] system 00:0a: [mem 0x000f0000-0x000f3fff] could not be reserved
Aug 16 19:57:11 shorty kernel: [    0.140232] system 00:0a: [mem 0x000f4000-0x000f7fff] could not be reserved
Aug 16 19:57:11 shorty kernel: [    0.140236] system 00:0a: [mem 0x000f8000-0x000fbfff] could not be reserved
Aug 16 19:57:11 shorty kernel: [    0.140239] system 00:0a: [mem 0x000fc000-0x000fffff] could not be reserved
Aug 16 19:57:11 shorty kernel: [    0.140244] system 00:0a: [mem 0xfefff000-0xfefff0ff] has been reserved
Aug 16 19:57:11 shorty kernel: [    0.140247] system 00:0a: [mem 0x87ef0000-0x87efffff] could not be reserved
Aug 16 19:57:11 shorty kernel: [    0.140251] system 00:0a: [mem 0xffff0000-0xffffffff] has been reserved
Aug 16 19:57:11 shorty kernel: [    0.140255] system 00:0a: [mem 0x00000000-0x0009ffff] could not be reserved
Aug 16 19:57:11 shorty kernel: [    0.140259] system 00:0a: [mem 0x00100000-0x87eeffff] could not be reserved
Aug 16 19:57:11 shorty kernel: [    0.140263] system 00:0a: [mem 0x87f00000-0x8fefffff] could not be reserved
Aug 16 19:57:11 shorty kernel: [    0.140267] system 00:0a: [mem 0xfec00000-0xfec00fff] could not be reserved
Aug 16 19:57:11 shorty kernel: [    0.140271] system 00:0a: [mem 0xfee00000-0xfeefffff] has been reserved
Aug 16 19:57:11 shorty kernel: [    0.140275] system 00:0a: [mem 0xfefff000-0xfeffffff] could not be reserved
Aug 16 19:57:11 shorty kernel: [    0.140279] system 00:0a: [mem 0xfff80000-0xfff80fff] has been reserved
Aug 16 19:57:11 shorty kernel: [    0.140283] system 00:0a: [mem 0xfff90000-0xfffbffff] has been reserved
Aug 16 19:57:11 shorty kernel: [    0.140287] system 00:0a: [mem 0xfffed000-0xfffeffff] has been reserved
Aug 16 19:57:11 shorty kernel: [    0.140292] system 00:0a: Plug and Play ACPI device, IDs PNP0c01 (active)
Aug 16 19:57:11 shorty kernel: [    0.140305] pnp: PnP ACPI: found 11 devices
Aug 16 19:57:11 shorty kernel: [    0.140308] ACPI: ACPI bus type pnp unregistered
Aug 16 19:57:11 shorty kernel: [    0.140312] PnPBIOS: Disabled by ACPI PNP
Aug 16 19:57:11 shorty kernel: [    0.177109] pci 0000:00:05.0: BAR 6: assigned [mem 0x90000000-0x9001ffff pref]
Aug 16 19:57:11 shorty kernel: [    0.177116] pci 0000:00:04.0: PCI bridge to [bus 01-01]
Aug 16 19:57:11 shorty kernel: [    0.177120] pci 0000:00:04.0:   bridge window [io  0xb000-0xbfff]
Aug 16 19:57:11 shorty kernel: [    0.177124] pci 0000:00:04.0:   bridge window [mem 0xfdd00000-0xfddfffff]
Aug 16 19:57:11 shorty kernel: [    0.177128] pci 0000:00:04.0:   bridge window [mem 0xfdc00000-0xfdcfffff 64bit pref]
Aug 16 19:57:11 shorty kernel: [    0.177134] pci 0000:00:10.0: PCI bridge to [bus 02-02]
Aug 16 19:57:11 shorty kernel: [    0.177137] pci 0000:00:10.0:   bridge window [io  0xc000-0xcfff]
Aug 16 19:57:11 shorty kernel: [    0.177142] pci 0000:00:10.0:   bridge window [mem 0xfdb00000-0xfdbfffff]
Aug 16 19:57:11 shorty kernel: [    0.177147] pci 0000:00:10.0:   bridge window [mem 0xfde00000-0xfdefffff pref]
Aug 16 19:57:11 shorty kernel: [    0.177158] pci 0000:00:04.0: setting latency timer to 64
Aug 16 19:57:11 shorty kernel: [    0.177165] pci 0000:00:10.0: setting latency timer to 64
Aug 16 19:57:11 shorty kernel: [    0.177169] pci_bus 0000:00: resource 4 [io  0x0000-0xffff]
Aug 16 19:57:11 shorty kernel: [    0.177173] pci_bus 0000:00: resource 5 [mem 0x000a0000-0x000bffff]
Aug 16 19:57:11 shorty kernel: [    0.177176] pci_bus 0000:00: resource 6 [mem 0x90000000-0xf3ffffff]
Aug 16 19:57:11 shorty kernel: [    0.177179] pci_bus 0000:00: resource 7 [mem 0xf4000000-0xffffffff]
Aug 16 19:57:11 shorty kernel: [    0.177183] pci_bus 0000:01: resource 0 [io  0xb000-0xbfff]
Aug 16 19:57:11 shorty kernel: [    0.177186] pci_bus 0000:01: resource 1 [mem 0xfdd00000-0xfddfffff]
Aug 16 19:57:11 shorty kernel: [    0.177190] pci_bus 0000:01: resource 2 [mem 0xfdc00000-0xfdcfffff 64bit pref]
Aug 16 19:57:11 shorty kernel: [    0.177194] pci_bus 0000:02: resource 0 [io  0xc000-0xcfff]
Aug 16 19:57:11 shorty kernel: [    0.177197] pci_bus 0000:02: resource 1 [mem 0xfdb00000-0xfdbfffff]
Aug 16 19:57:11 shorty kernel: [    0.177201] pci_bus 0000:02: resource 2 [mem 0xfde00000-0xfdefffff pref]
Aug 16 19:57:11 shorty kernel: [    0.177204] pci_bus 0000:02: resource 4 [io  0x0000-0xffff]
Aug 16 19:57:11 shorty kernel: [    0.177207] pci_bus 0000:02: resource 5 [mem 0x000a0000-0x000bffff]
Aug 16 19:57:11 shorty kernel: [    0.177211] pci_bus 0000:02: resource 6 [mem 0x90000000-0xf3ffffff]
Aug 16 19:57:11 shorty kernel: [    0.177214] pci_bus 0000:02: resource 7 [mem 0xf4000000-0xffffffff]
Aug 16 19:57:11 shorty kernel: [    0.177265] NET: Registered protocol family 2
Aug 16 19:57:11 shorty kernel: [    0.177341] IP route cache hash table entries: 32768 (order: 5, 131072 bytes)
Aug 16 19:57:11 shorty kernel: [    0.177691] TCP established hash table entries: 131072 (order: 8, 1048576 bytes)
Aug 16 19:57:11 shorty kernel: [    0.178762] TCP bind hash table entries: 65536 (order: 7, 524288 bytes)
Aug 16 19:57:11 shorty kernel: [    0.179300] TCP: Hash tables configured (established 131072 bind 65536)
Aug 16 19:57:11 shorty kernel: [    0.179304] TCP reno registered
Aug 16 19:57:11 shorty kernel: [    0.179310] UDP hash table entries: 512 (order: 2, 16384 bytes)
Aug 16 19:57:11 shorty kernel: [    0.179327] UDP-Lite hash table entries: 512 (order: 2, 16384 bytes)
Aug 16 19:57:11 shorty kernel: [    0.179446] NET: Registered protocol family 1
Aug 16 19:57:11 shorty kernel: [    0.179476] pci 0000:00:00.0: Found disabled HT MSI Mapping
Aug 16 19:57:11 shorty kernel: [    0.179482] pci 0000:00:00.0: Enabling HT MSI Mapping
Aug 16 19:57:11 shorty kernel: [    0.179526] pci 0000:00:00.0: Found enabled HT MSI Mapping
Aug 16 19:57:11 shorty kernel: [    0.179533] pci 0000:00:05.0: Boot video device
Aug 16 19:57:11 shorty kernel: [    0.208075] pci 0000:00:09.0: Found disabled HT MSI Mapping
Aug 16 19:57:11 shorty kernel: [    0.208084] pci 0000:00:0e.0: Enabling HT MSI Mapping
Aug 16 19:57:11 shorty kernel: [    0.208139] pci 0000:00:09.0: Found disabled HT MSI Mapping
Aug 16 19:57:11 shorty kernel: [    0.208146] pci 0000:00:10.0: Enabling HT MSI Mapping
Aug 16 19:57:11 shorty kernel: [    0.208203] pci 0000:00:09.0: Found disabled HT MSI Mapping
Aug 16 19:57:11 shorty kernel: [    0.208212] pci 0000:00:10.1: Enabling HT MSI Mapping
Aug 16 19:57:11 shorty kernel: [    0.208231] PCI: CLS 32 bytes, default 64
Aug 16 19:57:11 shorty kernel: [    0.208493] cpufreq-nforce2: No nForce2 chipset.
Aug 16 19:57:11 shorty kernel: [    0.208670] audit: initializing netlink socket (disabled)
Aug 16 19:57:11 shorty kernel: [    0.208683] type=2000 audit(1313539008.204:1): initialized
Aug 16 19:57:11 shorty kernel: [    0.221199] Trying to unpack rootfs image as initramfs...
Aug 16 19:57:11 shorty kernel: [    0.240735] highmem bounce pool size: 64 pages
Aug 16 19:57:11 shorty kernel: [    0.240744] HugeTLB registered 4 MB page size, pre-allocated 0 pages
Aug 16 19:57:11 shorty kernel: [    0.248312] VFS: Disk quotas dquot_6.5.2
Aug 16 19:57:11 shorty kernel: [    0.248404] Dquot-cache hash table entries: 1024 (order 0, 4096 bytes)
Aug 16 19:57:11 shorty kernel: [    0.249270] fuse init (API version 7.16)
Aug 16 19:57:11 shorty kernel: [    0.249401] msgmni has been set to 1656
Aug 16 19:57:11 shorty kernel: [    0.256318] Block layer SCSI generic (bsg) driver version 0.4 loaded (major 253)
Aug 16 19:57:11 shorty kernel: [    0.256363] io scheduler noop registered
Aug 16 19:57:11 shorty kernel: [    0.256366] io scheduler deadline registered
Aug 16 19:57:11 shorty kernel: [    0.256387] io scheduler cfq registered (default)
Aug 16 19:57:11 shorty kernel: [    0.256541] pcieport 0000:00:04.0: setting latency timer to 64
Aug 16 19:57:11 shorty kernel: [    0.256578] pcieport 0000:00:04.0: irq 40 for MSI/MSI-X
Aug 16 19:57:11 shorty kernel: [    0.256673] pci_hotplug: PCI Hot Plug PCI Core version: 0.5
Aug 16 19:57:11 shorty kernel: [    0.256708] pciehp: PCI Express Hot Plug Controller Driver version: 0.4
Aug 16 19:57:11 shorty kernel: [    0.256906] input: Power Button as /devices/LNXSYSTM:00/device:00/PNP0C0C:00/input/input0
Aug 16 19:57:11 shorty kernel: [    0.256913] ACPI: Power Button [PWRB]
Aug 16 19:57:11 shorty kernel: [    0.256987] input: Power Button as /devices/LNXSYSTM:00/LNXPWRBN:00/input/input1
Aug 16 19:57:11 shorty kernel: [    0.256991] ACPI: Power Button [PWRF]
Aug 16 19:57:11 shorty kernel: [    0.257059] ACPI: Fan [FAN] (on)
Aug 16 19:57:11 shorty kernel: [    0.257312] ACPI: acpi_idle registered with cpuidle
Aug 16 19:57:11 shorty kernel: [    0.259637] thermal LNXTHERM:00: registered as thermal_zone0
Aug 16 19:57:11 shorty kernel: [    0.259642] ACPI: Thermal Zone [THRM] (40 C)
Aug 16 19:57:11 shorty kernel: [    0.259779] ERST: Table is not found!
Aug 16 19:57:11 shorty kernel: [    0.259897] Serial: 8250/16550 driver, 32 ports, IRQ sharing enabled
Aug 16 19:57:11 shorty kernel: [    0.261544] Linux agpgart interface v0.103
Aug 16 19:57:11 shorty kernel: [    0.263338] brd: module loaded
Aug 16 19:57:11 shorty kernel: [    0.264133] isapnp: Scanning for PnP cards...
Aug 16 19:57:11 shorty kernel: [    0.320291] loop: module loaded
Aug 16 19:57:11 shorty kernel: [    0.320455] i2c-core: driver [adp5520] using legacy suspend method
Aug 16 19:57:11 shorty kernel: [    0.320457] i2c-core: driver [adp5520] using legacy resume method
Aug 16 19:57:11 shorty kernel: [    0.320677] pata_acpi 0000:00:0d.0: setting latency timer to 64
Aug 16 19:57:11 shorty kernel: [    0.320964] ACPI: PCI Interrupt Link [APSI] enabled at IRQ 23
Aug 16 19:57:11 shorty kernel: [    0.320990] pata_acpi 0000:00:0e.0: PCI INT A -> Link[APSI] -> GSI 23 (level, low) -> IRQ 23
Aug 16 19:57:11 shorty kernel: [    0.321013] pata_acpi 0000:00:0e.0: setting latency timer to 64
Aug 16 19:57:11 shorty kernel: [    0.321023] pata_acpi 0000:00:0e.0: PCI INT A disabled
Aug 16 19:57:11 shorty kernel: [    0.321515] Fixed MDIO Bus: probed
Aug 16 19:57:11 shorty kernel: [    0.321571] PPP generic driver version 2.4.2
Aug 16 19:57:11 shorty kernel: [    0.321664] tun: Universal TUN/TAP device driver, 1.6
Aug 16 19:57:11 shorty kernel: [    0.321666] tun: (C) 1999-2004 Max Krasnyansky <maxk@qualcomm.com>
Aug 16 19:57:11 shorty kernel: [    0.321785] ehci_hcd: USB 2.0 'Enhanced' Host Controller (EHCI) Driver
Aug 16 19:57:11 shorty kernel: [    0.322064] ACPI: PCI Interrupt Link [APCL] enabled at IRQ 22
Aug 16 19:57:11 shorty kernel: [    0.322087] ehci_hcd 0000:00:0b.1: PCI INT B -> Link[APCL] -> GSI 22 (level, low) -> IRQ 22
Aug 16 19:57:11 shorty kernel: [    0.322108] ehci_hcd 0000:00:0b.1: setting latency timer to 64
Aug 16 19:57:11 shorty kernel: [    0.322112] ehci_hcd 0000:00:0b.1: EHCI Host Controller
Aug 16 19:57:11 shorty kernel: [    0.322193] ehci_hcd 0000:00:0b.1: new USB bus registered, assigned bus number 1
Aug 16 19:57:11 shorty kernel: [    0.322234] ehci_hcd 0000:00:0b.1: debug port 1
Aug 16 19:57:11 shorty kernel: [    0.322243] ehci_hcd 0000:00:0b.1: cache line size of 32 is not supported
Aug 16 19:57:11 shorty kernel: [    0.322271] ehci_hcd 0000:00:0b.1: irq 22, io mem 0xfe02e000
Aug 16 19:57:11 shorty kernel: [    0.332119] ehci_hcd 0000:00:0b.1: USB 2.0 started, EHCI 1.00
Aug 16 19:57:11 shorty kernel: [    0.332355] hub 1-0:1.0: USB hub found
Aug 16 19:57:11 shorty kernel: [    0.332362] hub 1-0:1.0: 8 ports detected
Aug 16 19:57:11 shorty kernel: [    0.332472] ohci_hcd: USB 1.1 'Open' Host Controller (OHCI) Driver
Aug 16 19:57:11 shorty kernel: [    0.332752] ACPI: PCI Interrupt Link [APCF] enabled at IRQ 21
Aug 16 19:57:11 shorty kernel: [    0.332776] ohci_hcd 0000:00:0b.0: PCI INT A -> Link[APCF] -> GSI 21 (level, low) -> IRQ 21
Aug 16 19:57:11 shorty kernel: [    0.332799] ohci_hcd 0000:00:0b.0: setting latency timer to 64
Aug 16 19:57:11 shorty kernel: [    0.332803] ohci_hcd 0000:00:0b.0: OHCI Host Controller
Aug 16 19:57:11 shorty kernel: [    0.332890] ohci_hcd 0000:00:0b.0: new USB bus registered, assigned bus number 2
Aug 16 19:57:11 shorty kernel: [    0.332933] ohci_hcd 0000:00:0b.0: irq 21, io mem 0xfe02f000
Aug 16 19:57:11 shorty kernel: [    0.428676] hub 2-0:1.0: USB hub found
Aug 16 19:57:11 shorty kernel: [    0.428686] hub 2-0:1.0: 8 ports detected
Aug 16 19:57:11 shorty kernel: [    0.428799] uhci_hcd: USB Universal Host Controller Interface driver
Aug 16 19:57:11 shorty kernel: [    0.428909] i8042: PNP: PS/2 Controller [PNP0303:PS2K] at 0x60,0x64 irq 1
Aug 16 19:57:11 shorty kernel: [    0.428912] i8042: PNP: PS/2 appears to have AUX port disabled, if this is incorrect please boot with i8042.nopnp
Aug 16 19:57:11 shorty kernel: [    0.429093] serio: i8042 KBD port at 0x60,0x64 irq 1
Aug 16 19:57:11 shorty kernel: [    0.432246] mousedev: PS/2 mouse device common for all mice
Aug 16 19:57:11 shorty kernel: [    0.432441] rtc_cmos 00:05: RTC can wake from S4
Aug 16 19:57:11 shorty kernel: [    0.432503] rtc_cmos 00:05: rtc core: registered rtc_cmos as rtc0
Aug 16 19:57:11 shorty kernel: [    0.432546] rtc0: alarms up to one year, y3k, 242 bytes nvram, hpet irqs
Aug 16 19:57:11 shorty kernel: [    0.432676] device-mapper: uevent: version 1.0.3
Aug 16 19:57:11 shorty kernel: [    0.432787] device-mapper: ioctl: 4.19.1-ioctl (2011-01-07) initialised: [email]dm-devel@redhat.com[/email]
Aug 16 19:57:11 shorty kernel: [    0.480421] device-mapper: multipath: version 1.2.0 loaded
Aug 16 19:57:11 shorty kernel: [    0.480427] device-mapper: multipath round-robin: version 1.0.0 loaded
Aug 16 19:57:11 shorty kernel: [    0.480585] EISA: Probing bus 0 at eisa.0
Aug 16 19:57:11 shorty kernel: [    0.480588] EISA: Cannot allocate resource for mainboard
Aug 16 19:57:11 shorty kernel: [    0.480592] Cannot allocate resource for EISA slot 1
Aug 16 19:57:11 shorty kernel: [    0.480594] Cannot allocate resource for EISA slot 2
Aug 16 19:57:11 shorty kernel: [    0.480597] Cannot allocate resource for EISA slot 3
Aug 16 19:57:11 shorty kernel: [    0.480600] Cannot allocate resource for EISA slot 4
Aug 16 19:57:11 shorty kernel: [    0.480603] Cannot allocate resource for EISA slot 5
Aug 16 19:57:11 shorty kernel: [    0.480605] Cannot allocate resource for EISA slot 6
Aug 16 19:57:11 shorty kernel: [    0.480608] Cannot allocate resource for EISA slot 7
Aug 16 19:57:11 shorty kernel: [    0.480611] Cannot allocate resource for EISA slot 8
Aug 16 19:57:11 shorty kernel: [    0.480614] EISA: Detected 0 cards.
Aug 16 19:57:11 shorty kernel: [    0.480708] cpuidle: using governor ladder
Aug 16 19:57:11 shorty kernel: [    0.480710] cpuidle: using governor menu
Aug 16 19:57:11 shorty kernel: [    0.481035] TCP cubic registered
Aug 16 19:57:11 shorty kernel: [    0.481197] NET: Registered protocol family 10
Aug 16 19:57:11 shorty kernel: [    0.481839] NET: Registered protocol family 17
Aug 16 19:57:11 shorty kernel: [    0.481873] Registering the dns_resolver key type
Aug 16 19:57:11 shorty kernel: [    0.481905] powernow-k8: Found 1 AMD Sempron(tm) Processor 3200+ (1 cpu cores) (version 2.20.00)
Aug 16 19:57:11 shorty kernel: [    0.481955] powernow-k8:    0 : fid 0xa (1800 MHz), vid 0xe
Aug 16 19:57:11 shorty kernel: [    0.481958] powernow-k8:    1 : fid 0x2 (1000 MHz), vid 0x16
Aug 16 19:57:11 shorty kernel: [    0.482009] Using IPI No-Shortcut mode
Aug 16 19:57:11 shorty kernel: [    0.482161] PM: Hibernation image not present or could not be loaded.
Aug 16 19:57:11 shorty kernel: [    0.482185] registered taskstats version 1
Aug 16 19:57:11 shorty kernel: [    0.482429]   Magic number: 7:546:959
Aug 16 19:57:11 shorty kernel: [    0.482550] rtc_cmos 00:05: setting system clock to 2011-08-16 23:56:48 UTC (1313539008)
Aug 16 19:57:11 shorty kernel: [    0.482554] BIOS EDD facility v0.16 2004-Jun-25, 0 devices found
Aug 16 19:57:11 shorty kernel: [    0.482556] EDD information not available.
Aug 16 19:57:11 shorty kernel: [    0.613182] input: AT Translated Set 2 keyboard as /devices/platform/i8042/serio0/input/input2
Aug 16 19:57:11 shorty kernel: [    0.672296] usb 1-1: new high speed USB device using ehci_hcd and address 2
Aug 16 19:57:11 shorty kernel: [    0.795610] isapnp: No Plug & Play device found
Aug 16 19:57:11 shorty kernel: [    0.936303] usb 1-4: new high speed USB device using ehci_hcd and address 3
Aug 16 19:57:11 shorty kernel: [    1.070220] hub 1-4:1.0: USB hub found
Aug 16 19:57:11 shorty kernel: [    1.070725] hub 1-4:1.0: 4 ports detected
Aug 16 19:57:11 shorty kernel: [    1.168939] Freeing initrd memory: 22320k freed
Aug 16 19:57:11 shorty kernel: [    1.189740] usb 1-7: new high speed USB device using ehci_hcd and address 4
Aug 16 19:57:11 shorty kernel: [    1.189814] Freeing unused kernel memory: 700k freed
Aug 16 19:57:11 shorty kernel: [    1.190475] Write protecting the kernel text: 5192k
Aug 16 19:57:11 shorty kernel: [    1.190518] Write protecting the kernel read-only data: 2148k
Aug 16 19:57:11 shorty kernel: [    1.229088] <30>udev[63]: starting version 167
Aug 16 19:57:11 shorty kernel: [    1.432071] usb 1-8: new high speed USB device using ehci_hcd and address 5
Aug 16 19:57:11 shorty kernel: [    1.519108] pata_amd 0000:00:0d.0: version 0.4.1
Aug 16 19:57:11 shorty kernel: [    1.519163] pata_amd 0000:00:0d.0: setting latency timer to 64
Aug 16 19:57:11 shorty kernel: [    1.562600] scsi0 : pata_amd
Aug 16 19:57:11 shorty kernel: [    1.564944] scsi1 : pata_amd
Aug 16 19:57:11 shorty kernel: [    1.567014] ata1: PATA max UDMA/133 cmd 0x1f0 ctl 0x3f6 bmdma 0xf400 irq 14
Aug 16 19:57:11 shorty kernel: [    1.567020] ata2: PATA max UDMA/133 cmd 0x170 ctl 0x376 bmdma 0xf408 irq 15
Aug 16 19:57:11 shorty kernel: [    1.569337] forcedeth: Reverse Engineered nForce ethernet driver. Version 0.64.
Aug 16 19:57:11 shorty kernel: [    1.569592] ACPI: PCI Interrupt Link [APCH] enabled at IRQ 20
Aug 16 19:57:11 shorty kernel: [    1.569616] forcedeth 0000:00:14.0: PCI INT A -> Link[APCH] -> GSI 20 (level, low) -> IRQ 20
Aug 16 19:57:11 shorty kernel: [    1.569623] forcedeth 0000:00:14.0: setting latency timer to 64
Aug 16 19:57:11 shorty kernel: [    1.579473] usbcore: registered new interface driver uas
Aug 16 19:57:11 shorty kernel: [    1.654049] usb 1-4.1: new full speed USB device using ehci_hcd and address 6
Aug 16 19:57:11 shorty kernel: [    1.656934] Initializing USB Mass Storage driver...
Aug 16 19:57:11 shorty kernel: [    1.657075] scsi2 : usb-storage 1-1:1.0
Aug 16 19:57:11 shorty kernel: [    1.657399] scsi3 : usb-storage 1-7:1.0
Aug 16 19:57:11 shorty kernel: [    1.657687] scsi4 : usb-storage 1-8:1.0
Aug 16 19:57:11 shorty kernel: [    1.659396] usbcore: registered new interface driver usb-storage
Aug 16 19:57:11 shorty kernel: [    1.659402] USB Mass Storage support registered.
Aug 16 19:57:11 shorty kernel: [    1.744304] ata1.00: ATAPI: TSSTcorp CDW/DVD TS-H492C, HP06, max UDMA/33
Aug 16 19:57:11 shorty kernel: [    1.744315] ata1: nv_mode_filter: 0x739f&0x739f->0x739f, BIOS=0x7000 (0xc0000000) ACPI=0x701f (60:600:0x13)
Aug 16 19:57:11 shorty kernel: [    1.776399] ata1.00: configured for UDMA/33
Aug 16 19:57:11 shorty kernel: [    1.777307] scsi 0:0:0:0: CD-ROM            TSSTcorp CDW/DVD TS-H492C HP06 PQ: 0 ANSI: 5
Aug 16 19:57:11 shorty kernel: [    1.779361] sr0: scsi3-mmc drive: 8x/48x writer cd/rw xa/form2 cdda tray
Aug 16 19:57:11 shorty kernel: [    1.779368] cdrom: Uniform CD-ROM driver Revision: 3.20
Aug 16 19:57:11 shorty kernel: [    1.779553] sr 0:0:0:0: Attached scsi CD-ROM sr0
Aug 16 19:57:11 shorty kernel: [    1.779654] sr 0:0:0:0: Attached scsi generic sg0 type 5
Aug 16 19:57:11 shorty kernel: [    1.779879] ata2: port disabled. ignoring.
Aug 16 19:57:11 shorty kernel: [    1.783189] ACPI: PCI Interrupt Link [APC1] enabled at IRQ 16
Aug 16 19:57:11 shorty kernel: [    1.783216] firewire_ohci 0000:02:05.0: PCI INT A -> Link[APC1] -> GSI 16 (level, low) -> IRQ 16
Aug 16 19:57:11 shorty kernel: [    1.817400] input: Logitech Logitech USB Headset as /devices/pci0000:00/0000:00:0b.1/usb1/1-4/1-4.1/1-4.1:1.3/input/input3
Aug 16 19:57:11 shorty kernel: [    1.817693] generic-usb 0003:046D:0A0C.0001: input,hidraw0: USB HID v1.00 Device [Logitech Logitech USB Headset] on usb-0000:00:0b.1-4.1/input3
Aug 16 19:57:11 shorty kernel: [    1.818003] usbcore: registered new interface driver usbhid
Aug 16 19:57:11 shorty kernel: [    1.818009] usbhid: USB HID core driver
Aug 16 19:57:11 shorty kernel: [    1.836112] firewire_ohci: Added fw-ohci device 0000:02:05.0, OHCI v1.0, 8 IR + 8 IT contexts, quirks 0x0
Aug 16 19:57:11 shorty kernel: [    1.856449] usb 1-4.2: new high speed USB device using ehci_hcd and address 7
Aug 16 19:57:11 shorty kernel: [    2.040442] usb 1-4.4: new low speed USB device using ehci_hcd and address 8
Aug 16 19:57:11 shorty kernel: [    2.089179] forcedeth 0000:00:14.0: ifname eth0, PHY OUI 0x732 @ 13, addr 00:1a:92:51:b7:bc
Aug 16 19:57:11 shorty kernel: [    2.089185] forcedeth 0000:00:14.0: highdma pwrctl lnktim desc-v3
Aug 16 19:57:11 shorty kernel: [    2.089219] sata_nv 0000:00:0e.0: version 3.5
Aug 16 19:57:11 shorty kernel: [    2.089235] sata_nv 0000:00:0e.0: PCI INT A -> Link[APSI] -> GSI 23 (level, low) -> IRQ 23
Aug 16 19:57:11 shorty kernel: [    2.089239] sata_nv 0000:00:0e.0: Using SWNCQ mode
Aug 16 19:57:11 shorty kernel: [    2.089302] sata_nv 0000:00:0e.0: setting latency timer to 64
Aug 16 19:57:11 shorty kernel: [    2.091578] scsi5 : sata_nv
Aug 16 19:57:11 shorty kernel: [    2.091815] scsi6 : sata_nv
Aug 16 19:57:11 shorty kernel: [    2.092062] ata3: SATA max UDMA/133 cmd 0x9f0 ctl 0xbf0 bmdma 0xe000 irq 23
Aug 16 19:57:11 shorty kernel: [    2.092066] ata4: SATA max UDMA/133 cmd 0x970 ctl 0xb70 bmdma 0xe008 irq 23
Aug 16 19:57:11 shorty kernel: [    2.158012] input: Logitech Trackball as /devices/pci0000:00/0000:00:0b.1/usb1/1-4/1-4.4/1-4.4:1.0/input/input4
Aug 16 19:57:11 shorty kernel: [    2.158185] generic-usb 0003:046D:C404.0002: input,hidraw1: USB HID v1.10 Mouse [Logitech Trackball] on usb-0000:00:0b.1-4.4/input0
Aug 16 19:57:11 shorty kernel: [    2.336150] firewire_core: created device fw0: GUID 0011d8000121edec, S400
Aug 16 19:57:11 shorty kernel: [    2.560035] ata3: SATA link up 1.5 Gbps (SStatus 113 SControl 310)
Aug 16 19:57:11 shorty kernel: [    2.568178] ata3.00: ATA-7: ST3160812AS, 3.AHL, max UDMA/100
Aug 16 19:57:11 shorty kernel: [    2.568183] ata3.00: 312581808 sectors, multi 1: LBA48 NCQ (depth 31/32)
Aug 16 19:57:11 shorty kernel: [    2.584164] ata3.00: configured for UDMA/100
Aug 16 19:57:11 shorty kernel: [    2.584310] scsi 5:0:0:0: Direct-Access     ATA      ST3160812AS      3.AH PQ: 0 ANSI: 5
Aug 16 19:57:11 shorty kernel: [    2.584550] sd 5:0:0:0: Attached scsi generic sg1 type 0
Aug 16 19:57:11 shorty kernel: [    2.584700] sd 5:0:0:0: [sda] 312581808 512-byte logical blocks: (160 GB/149 GiB)
Aug 16 19:57:11 shorty kernel: [    2.584763] sd 5:0:0:0: [sda] Write Protect is off
Aug 16 19:57:11 shorty kernel: [    2.584768] sd 5:0:0:0: [sda] Mode Sense: 00 3a 00 00
Aug 16 19:57:11 shorty kernel: [    2.584795] sd 5:0:0:0: [sda] Write cache: enabled, read cache: enabled, doesn't support DPO or FUA
Aug 16 19:57:11 shorty kernel: [    2.623737]  sda: sda1 sda2 < sda5 >
Aug 16 19:57:11 shorty kernel: [    2.624170] sd 5:0:0:0: [sda] Attached SCSI disk
Aug 16 19:57:11 shorty kernel: [    2.658592] scsi 3:0:0:0: Direct-Access     Generic  USB SD Reader    1.00 PQ: 0 ANSI: 0
Aug 16 19:57:11 shorty kernel: [    2.658652] scsi 4:0:0:0: Direct-Access     TOSHIBA  MK2555GSX        1.04 PQ: 0 ANSI: 4
Aug 16 19:57:11 shorty kernel: [    2.659194] scsi 3:0:0:1: Direct-Access     Generic  USB CF Reader    1.01 PQ: 0 ANSI: 0
Aug 16 19:57:11 shorty kernel: [    2.659815] scsi 3:0:0:2: Direct-Access     Generic  USB SM Reader    1.02 PQ: 0 ANSI: 0
Aug 16 19:57:11 shorty kernel: [    2.660449] scsi 3:0:0:3: Direct-Access     Generic  USB MS Reader    1.03 PQ: 0 ANSI: 0
Aug 16 19:57:11 shorty kernel: [    2.691594] scsi 2:0:0:0: Direct-Access     WD       1600JB External  0108 PQ: 0 ANSI: 0
Aug 16 19:57:11 shorty kernel: [    2.692251] sd 2:0:0:0: Attached scsi generic sg2 type 0
Aug 16 19:57:11 shorty kernel: [    2.693961] sd 2:0:0:0: [sdb] 312581808 512-byte logical blocks: (160 GB/149 GiB)
Aug 16 19:57:11 shorty kernel: [    2.696292] sd 4:0:0:0: Attached scsi generic sg3 type 0
Aug 16 19:57:11 shorty kernel: [    2.696584] sd 3:0:0:0: Attached scsi generic sg4 type 0
Aug 16 19:57:11 shorty kernel: [    2.696763] sd 3:0:0:1: Attached scsi generic sg5 type 0
Aug 16 19:57:11 shorty kernel: [    2.696930] sd 3:0:0:2: Attached scsi generic sg6 type 0
Aug 16 19:57:11 shorty kernel: [    2.697102] sd 3:0:0:3: Attached scsi generic sg7 type 0
Aug 16 19:57:11 shorty kernel: [    2.697470] sd 2:0:0:0: [sdb] Write Protect is off
Aug 16 19:57:11 shorty kernel: [    2.697477] sd 2:0:0:0: [sdb] Mode Sense: 03 00 00 00
Aug 16 19:57:11 shorty kernel: [    2.697481] sd 2:0:0:0: [sdb] Assuming drive cache: write through
Aug 16 19:57:11 shorty kernel: [    2.700498] sd 2:0:0:0: [sdb] Assuming drive cache: write through
Aug 16 19:57:11 shorty kernel: [    2.700966] sd 4:0:0:0: [sdc] 488397168 512-byte logical blocks: (250 GB/232 GiB)
Aug 16 19:57:11 shorty kernel: [    2.701301]  sdb: sdb1
Aug 16 19:57:11 shorty kernel: [    2.702458] sd 4:0:0:0: [sdc] Write Protect is off
Aug 16 19:57:11 shorty kernel: [    2.702465] sd 4:0:0:0: [sdc] Mode Sense: 23 00 00 00
Aug 16 19:57:11 shorty kernel: [    2.702469] sd 4:0:0:0: [sdc] Assuming drive cache: write through
Aug 16 19:57:11 shorty kernel: [    2.703844] sd 3:0:0:0: [sdd] Attached SCSI removable disk
Aug 16 19:57:11 shorty kernel: [    2.704489] sd 4:0:0:0: [sdc] Assuming drive cache: write through
Aug 16 19:57:11 shorty kernel: [    2.704590] sd 2:0:0:0: [sdb] Assuming drive cache: write through
Aug 16 19:57:11 shorty kernel: [    2.704594] sd 2:0:0:0: [sdb] Attached SCSI disk
Aug 16 19:57:11 shorty kernel: [    2.707837] sd 3:0:0:1: [sde] Attached SCSI removable disk
Aug 16 19:57:11 shorty kernel: [    2.709343] sd 3:0:0:3: [sdg] Attached SCSI removable disk
Aug 16 19:57:11 shorty kernel: [    2.709964] sd 3:0:0:2: [sdf] Attached SCSI removable disk
Aug 16 19:57:11 shorty kernel: [    2.896034] ata4: SATA link down (SStatus 0 SControl 310)
Aug 16 19:57:11 shorty kernel: [    3.077906]  sdc: sdc1
Aug 16 19:57:11 shorty kernel: [    3.080488] sd 4:0:0:0: [sdc] Assuming drive cache: write through
Aug 16 19:57:11 shorty kernel: [    3.080496] sd 4:0:0:0: [sdc] Attached SCSI disk
Aug 16 19:57:11 shorty kernel: [   21.437688] Adding 1533948k swap on /dev/sda5.  Priority:-1 extents:1 across:1533948k 
Aug 16 19:57:11 shorty kernel: [   21.465839] <30>udev[409]: starting version 167
Aug 16 19:57:11 shorty kernel: [   21.512920] lp: driver loaded but no devices found
Aug 16 19:57:11 shorty kernel: [   22.106747] i2c i2c-0: nForce2 SMBus adapter at 0x4c00
Aug 16 19:57:11 shorty kernel: [   22.108100] i2c i2c-1: nForce2 SMBus adapter at 0x4c40
Aug 16 19:57:11 shorty kernel: [   22.148205] NV_TCO: NV TCO WatchDog Timer Driver v0.01
Aug 16 19:57:11 shorty kernel: [   22.156347] NV_TCO: Watchdog reboot not detected.
Aug 16 19:57:11 shorty kernel: [   22.162750] NV_TCO: initialized (0x4440). heartbeat=30 sec (nowayout=0)
Aug 16 19:57:11 shorty kernel: [   22.291164] k8temp 0000:00:18.3: Temperature readouts might be wrong - check erratum #141
Aug 16 19:57:11 shorty kernel: [   22.406536] type=1400 audit(1313539030.418:2): apparmor="STATUS" operation="profile_load" name="/sbin/dhclient" pid=626 comm="apparmor_parser"
Aug 16 19:57:11 shorty kernel: [   22.407054] type=1400 audit(1313539030.418:3): apparmor="STATUS" operation="profile_load" name="/usr/lib/NetworkManager/nm-dhcp-client.action" pid=626 comm="apparmor_parser"
Aug 16 19:57:11 shorty kernel: [   22.407358] type=1400 audit(1313539030.418:4): apparmor="STATUS" operation="profile_load" name="/usr/lib/connman/scripts/dhclient-script" pid=626 comm="apparmor_parser"
Aug 16 19:57:11 shorty kernel: [   22.901443] nvidia: module license 'NVIDIA' taints kernel.
Aug 16 19:57:11 shorty kernel: [   22.901450] Disabling lock debugging due to kernel taint
Aug 16 19:57:11 shorty kernel: [   23.444954] ip_tables: (C) 2000-2006 Netfilter Core Team
Aug 16 19:57:11 shorty kernel: [   23.586318] type=1400 audit(1313539031.598:5): apparmor="STATUS" operation="profile_load" name="/usr/share/gdm/guest-session/Xsession" pid=935 comm="apparmor_parser"
Aug 16 19:57:11 shorty kernel: [   23.615060] type=1400 audit(1313539031.626:6): apparmor="STATUS" operation="profile_replace" name="/sbin/dhclient" pid=936 comm="apparmor_parser"
Aug 16 19:57:11 shorty kernel: [   23.617870] type=1400 audit(1313539031.630:7): apparmor="STATUS" operation="profile_replace" name="/usr/lib/NetworkManager/nm-dhcp-client.action" pid=936 comm="apparmor_parser"
Aug 16 19:57:11 shorty kernel: [   23.620937] type=1400 audit(1313539031.634:8): apparmor="STATUS" operation="profile_replace" name="/usr/lib/connman/scripts/dhclient-script" pid=936 comm="apparmor_parser"
Aug 16 19:57:11 shorty kernel: [   23.701291] type=1400 audit(1313539031.714:9): apparmor="STATUS" operation="profile_load" name="/usr/bin/evince" pid=938 comm="apparmor_parser"
Aug 16 19:57:11 shorty kernel: [   23.730148] type=1400 audit(1313539031.742:10): apparmor="STATUS" operation="profile_load" name="/usr/bin/evince-previewer" pid=938 comm="apparmor_parser"
Aug 16 19:57:11 shorty kernel: [   23.749880] type=1400 audit(1313539031.762:11): apparmor="STATUS" operation="profile_load" name="/usr/bin/evince-thumbnailer" pid=938 comm="apparmor_parser"
Aug 16 19:57:12 shorty kernel: [   24.043421] nf_conntrack version 0.5.0 (16384 buckets, 65536 max)
Aug 16 19:57:12 shorty kernel: [   24.192509] Linux video capture interface: v2.00
Aug 16 19:57:12 shorty kernel: [   24.513463] gspca: v2.12.0 registered
Aug 16 19:57:14 shorty kernel: [   26.200705] gspca: probing 0c45:628f
Aug 16 19:57:14 shorty kernel: [   26.872426] sn9c20x: OV9650 sensor detected
Aug 16 19:57:14 shorty kernel: [   26.873320] input: sn9c20x as /devices/pci0000:00/0000:00:0b.1/usb1/1-4/1-4.2/input/input5
Aug 16 19:57:14 shorty kernel: [   26.878553] gspca: video0 created
Aug 16 19:57:14 shorty kernel: [   26.879570] usbcore: registered new interface driver sn9c20x
Aug 16 19:57:14 shorty kernel: [   26.924339] ACPI: PCI Interrupt Link [APC7] enabled at IRQ 16
Aug 16 19:57:14 shorty kernel: [   26.924350] nvidia 0000:00:05.0: PCI INT A -> Link[APC7] -> GSI 16 (level, low) -> IRQ 16
Aug 16 19:57:14 shorty kernel: [   26.924359] nvidia 0000:00:05.0: setting latency timer to 64
Aug 16 19:57:14 shorty kernel: [   26.924365] vgaarb: device changed decodes: PCI:0000:00:05.0,olddecodes=io+mem,decodes=none:owns=io+mem
Aug 16 19:57:14 shorty kernel: [   26.974580] NVRM: loading NVIDIA UNIX x86 Kernel Module  270.41.06  Mon Apr 18 14:54:25 PDT 2011
Aug 16 19:57:15 shorty kernel: [   27.425337] ACPI: PCI Interrupt Link [AAZA] enabled at IRQ 23
Aug 16 19:57:15 shorty kernel: [   27.425347] HDA Intel 0000:00:10.1: PCI INT B -> Link[AAZA] -> GSI 23 (level, low) -> IRQ 23
Aug 16 19:57:15 shorty kernel: [   27.425352] hda_intel: Disable MSI for Nvidia chipset
Aug 16 19:57:15 shorty kernel: [   27.425383] HDA Intel 0000:00:10.1: setting latency timer to 64
Aug 16 19:57:15 shorty kernel: [   27.450174] 7:2:1: cannot get freq at ep 0x84
Aug 16 19:57:15 shorty kernel: [   27.458020] vboxdrv: Found 1 processor cores.
Aug 16 19:57:15 shorty kernel: [   27.465032] vboxdrv: TSC mode is 'synchronous', kernel timer mode is 'normal'.
Aug 16 19:57:15 shorty kernel: [   27.465037] vboxdrv: Successfully loaded version 4.0.4_OSE (interface 0x00160000).
Aug 16 19:57:15 shorty kernel: [   27.477037] usbcore: registered new interface driver snd-usb-audio
Aug 16 19:57:16 shorty kernel: [   28.172060] hda_codec: ALC888: BIOS auto-probing.
Aug 16 19:57:16 shorty kernel: [   28.172068] hda_codec: ALC888: SKU not ready 0x411111f0
Aug 16 19:57:16 shorty kernel: [   28.669416] input: HDA NVidia Headphone as /devices/pci0000:00/0000:00:10.1/sound/card0/input6
Aug 16 19:57:17 shorty kernel: [   29.788468] vesafb: framebuffer at 0xe0000000, mapped to 0xfa280000, using 3072k, total 3072k
Aug 16 19:57:18 shorty kernel: [   29.788474] vesafb: mode is 1024x768x32, linelength=4096, pages=0
Aug 16 19:57:18 shorty kernel: [   29.788477] vesafb: scrolling: redraw
Aug 16 19:57:18 shorty kernel: [   29.788481] vesafb: Truecolor: size=8:8:8:8, shift=24:16:8:0
Aug 16 19:57:18 shorty kernel: [   29.788751] Console: switching to colour frame buffer device 128x48
Aug 16 19:57:18 shorty kernel: [   29.834733] fb0: VESA VGA frame buffer device
Aug 16 19:57:18 shorty kernel: [   29.921130] ppdev: user-space parallel port driver
Aug 16 19:57:18 shorty kernel: [   29.994349] audit_printk_skb: 15 callbacks suppressed
Aug 16 19:57:18 shorty kernel: [   29.994354] type=1400 audit(1313539038.006:17): apparmor="STATUS" operation="profile_replace" name="/usr/lib/cups/backend/cups-pdf" pid=1749 comm="apparmor_parser"
Aug 16 19:57:18 shorty kernel: [   30.009732] type=1400 audit(1313539038.022:18): apparmor="STATUS" operation="profile_replace" name="/usr/sbin/cupsd" pid=1749 comm="apparmor_parser"
Aug 16 19:57:25 shorty kernel: [   37.080016] eth0: no IPv6 routers present
Aug 16 20:27:27 shorty kernel: [ 1843.817178] 7:2:1: cannot get freq at ep 0x84
Aug 16 20:27:27 shorty kernel: [ 1843.835802] 7:2:1: cannot get freq at ep 0x84
Aug 16 20:40:31 shorty kernel: [ 2627.668423] type=1400 audit(1313541631.660:19): apparmor="STATUS" operation="profile_replace" name="/sbin/dhclient" pid=5504 comm="apparmor_parser"
Aug 16 20:40:31 shorty kernel: [ 2627.668652] type=1400 audit(1313541631.660:20): apparmor="STATUS" operation="profile_replace" name="/usr/lib/NetworkManager/nm-dhcp-client.action" pid=5504 comm="apparmor_parser"
Aug 16 20:40:31 shorty kernel: [ 2627.668808] type=1400 audit(1313541631.660:21): apparmor="STATUS" operation="profile_replace" name="/usr/lib/connman/scripts/dhclient-script" pid=5504 comm="apparmor_parser"
Aug 16 21:52:28 shorty kernel: [ 6944.376857] sr0: CDROM not ready.  Make sure there is a disc in the drive.
Aug 16 21:52:30 shorty kernel: [ 6946.101703] sr0: CDROM not ready.  Make sure there is a disc in the drive.
Aug 17 03:27:22 shorty kernel: [27038.920246] Inbound IN=eth0 OUT= MAC= SRC=192.168.0.2 DST=239.255.255.250 LEN=172 TOS=0x00 PREC=0x00 TTL=1 ID=0 DF PROTO=UDP SPT=52804 DPT=1900 LEN=152 
Aug 17 03:27:22 shorty kernel: [27038.920344] Inbound IN=eth0 OUT= MAC= SRC=192.168.0.2 DST=239.255.255.250 LEN=172 TOS=0x00 PREC=0x00 TTL=1 ID=0 DF PROTO=UDP SPT=52804 DPT=1900 LEN=152 
Aug 17 03:27:22 shorty kernel: [27038.920391] Inbound IN=eth0 OUT= MAC= SRC=192.168.0.2 DST=239.255.255.250 LEN=172 TOS=0x00 PREC=0x00 TTL=1 ID=0 DF PROTO=UDP SPT=52804 DPT=1900 LEN=152 
Aug 17 03:27:32 shorty kernel: [27048.631965] Inbound IN=eth0 OUT= MAC= SRC=192.168.0.2 DST=239.255.255.250 LEN=172 TOS=0x00 PREC=0x00 TTL=1 ID=0 DF PROTO=UDP SPT=52804 DPT=1900 LEN=152 
Aug 17 03:27:32 shorty kernel: [27048.632359] Inbound IN=eth0 OUT= MAC= SRC=192.168.0.2 DST=239.255.255.250 LEN=190 TOS=0x00 PREC=0x00 TTL=1 ID=0 DF PROTO=UDP SPT=52804 DPT=1900 LEN=170 
Aug 17 03:27:32 shorty kernel: [27048.632430] Inbound IN=eth0 OUT= MAC= SRC=192.168.0.2 DST=239.255.255.250 LEN=172 TOS=0x00 PREC=0x00 TTL=1 ID=0 DF PROTO=UDP SPT=52804 DPT=1900 LEN=152 
Aug 17 03:27:32 shorty kernel: [27048.632477] Inbound IN=eth0 OUT= MAC= SRC=192.168.0.2 DST=239.255.255.250 LEN=190 TOS=0x00 PREC=0x00 TTL=1 ID=0 DF PROTO=UDP SPT=52804 DPT=1900 LEN=170 
Aug 17 03:27:32 shorty kernel: [27048.632523] Inbound IN=eth0 OUT= MAC= SRC=192.168.0.2 DST=239.255.255.250 LEN=172 TOS=0x00 PREC=0x00 TTL=1 ID=0 DF PROTO=UDP SPT=52804 DPT=1900 LEN=152 
Aug 17 03:27:35 shorty kernel: [27051.733440] Inbound IN=eth0 OUT= MAC= SRC=192.168.0.2 DST=239.255.255.250 LEN=357 TOS=0x00 PREC=0x00 TTL=1 ID=0 DF PROTO=UDP SPT=52804 DPT=1900 LEN=337 
Aug 17 03:27:35 shorty kernel: [27051.733475] Inbound IN=eth0 OUT= MAC= SRC=192.168.0.2 DST=239.255.255.250 LEN=357 TOS=0x00 PREC=0x00 TTL=1 ID=0 DF PROTO=UDP SPT=52804 DPT=1900 LEN=337 
Aug 17 03:27:35 shorty kernel: [27051.733495] Inbound IN=eth0 OUT= MAC= SRC=192.168.0.2 DST=239.255.255.250 LEN=357 TOS=0x00 PREC=0x00 TTL=1 ID=0 DF PROTO=UDP SPT=52804 DPT=1900 LEN=337 
Aug 17 03:27:35 shorty kernel: [27051.733532] Inbound IN=eth0 OUT= MAC= SRC=192.168.0.2 DST=239.255.255.250 LEN=357 TOS=0x00 PREC=0x00 TTL=1 ID=0 DF PROTO=UDP SPT=52804 DPT=1900 LEN=337 
Aug 17 03:27:35 shorty kernel: [27051.733551] Inbound IN=eth0 OUT= MAC= SRC=192.168.0.2 DST=239.255.255.250 LEN=357 TOS=0x00 PREC=0x00 TTL=1 ID=0 DF PROTO=UDP SPT=52804 DPT=1900 LEN=337 
Aug 17 03:27:35 shorty kernel: [27051.734953] Inbound IN=eth0 OUT= MAC=00:1a:92:51:b7:bc:00:13:72:29:5e:08:08:00 SRC=192.168.0.3 DST=192.168.0.2 LEN=48 TOS=0x00 PREC=0x00 TTL=128 ID=15851 DF PROTO=TCP SPT=2415 DPT=8840 WINDOW=65535 RES=0x00 SYN URGP=0 
Aug 17 03:27:38 shorty kernel: [27054.701331] Inbound IN=eth0 OUT= MAC=00:1a:92:51:b7:bc:00:13:72:29:5e:08:08:00 SRC=192.168.0.3 DST=192.168.0.2 LEN=48 TOS=0x00 PREC=0x00 TTL=128 ID=15852 DF PROTO=TCP SPT=2415 DPT=8840 WINDOW=65535 RES=0x00 SYN URGP=0 
Aug 17 03:39:22 shorty kernel: [27758.100939] Inbound IN=eth0 OUT= MAC= SRC=192.168.0.2 DST=239.255.255.250 LEN=338 TOS=0x00 PREC=0x00 TTL=1 ID=0 DF PROTO=UDP SPT=52804 DPT=1900 LEN=318 
Aug 17 03:39:22 shorty kernel: [27758.101541] Inbound IN=eth0 OUT= MAC= SRC=192.168.0.2 DST=239.255.255.250 LEN=338 TOS=0x00 PREC=0x00 TTL=1 ID=0 DF PROTO=UDP SPT=52804 DPT=1900 LEN=318 
Aug 17 03:39:22 shorty kernel: [27758.101626] Inbound IN=eth0 OUT= MAC= SRC=192.168.0.2 DST=239.255.255.250 LEN=338 TOS=0x00 PREC=0x00 TTL=1 ID=0 DF PROTO=UDP SPT=52804 DPT=1900 LEN=318 
Aug 17 03:39:22 shorty kernel: [27758.102233] Inbound IN=eth0 OUT= MAC=00:1a:92:51:b7:bc:00:13:72:29:5e:08:08:00 SRC=192.168.0.3 DST=192.168.0.2 LEN=48 TOS=0x00 PREC=0x00 TTL=128 ID=15868 DF PROTO=TCP SPT=2418 DPT=8840 WINDOW=65535 RES=0x00 SYN URGP=0 
Aug 17 03:39:25 shorty kernel: [27761.053486] Inbound IN=eth0 OUT= MAC=00:1a:92:51:b7:bc:00:13:72:29:5e:08:08:00 SRC=192.168.0.3 DST=192.168.0.2 LEN=48 TOS=0x00 PREC=0x00 TTL=128 ID=15869 DF PROTO=TCP SPT=2418 DPT=8840 WINDOW=65535 RES=0x00 SYN URGP=0 
Aug 17 03:47:19 shorty kernel: [28235.146971] Inbound IN=eth0 OUT= MAC=01:00:5e:7f:ff:fa:00:0f:b5:0c:07:d4:08:00 SRC=192.168.0.1 DST=239.255.255.250 LEN=323 TOS=0x00 PREC=0x00 TTL=4 ID=54171 PROTO=UDP SPT=15915 DPT=1900 LEN=303 
Aug 17 03:47:19 shorty kernel: [28235.196539] Inbound IN=eth0 OUT= MAC=01:00:5e:7f:ff:fa:00:0f:b5:0c:07:d4:08:00 SRC=192.168.0.1 DST=239.255.255.250 LEN=323 TOS=0x00 PREC=0x00 TTL=4 ID=54172 PROTO=UDP SPT=15915 DPT=1900 LEN=303 
Aug 17 03:47:19 shorty kernel: [28235.246414] Inbound IN=eth0 OUT= MAC=01:00:5e:7f:ff:fa:00:0f:b5:0c:07:d4:08:00 SRC=192.168.0.1 DST=239.255.255.250 LEN=386 TOS=0x00 PREC=0x00 TTL=4 ID=54173 PROTO=UDP SPT=15915 DPT=1900 LEN=366 
Aug 17 03:47:19 shorty kernel: [28235.306558] Inbound IN=eth0 OUT= MAC=01:00:5e:7f:ff:fa:00:0f:b5:0c:07:d4:08:00 SRC=192.168.0.1 DST=239.255.255.250 LEN=386 TOS=0x00 PREC=0x00 TTL=4 ID=54174 PROTO=UDP SPT=15915 DPT=1900 LEN=366 
Aug 17 03:47:19 shorty kernel: [28235.356380] Inbound IN=eth0 OUT= MAC=01:00:5e:7f:ff:fa:00:0f:b5:0c:07:d4:08:00 SRC=192.168.0.1 DST=239.255.255.250 LEN=314 TOS=0x00 PREC=0x00 TTL=4 ID=54175 PROTO=UDP SPT=15915 DPT=1900 LEN=294 
Aug 17 03:47:19 shorty kernel: [28235.406557] Inbound IN=eth0 OUT= MAC=01:00:5e:7f:ff:fa:00:0f:b5:0c:07:d4:08:00 SRC=192.168.0.1 DST=239.255.255.250 LEN=314 TOS=0x00 PREC=0x00 TTL=4 ID=54184 PROTO=UDP SPT=15915 DPT=1900 LEN=294 
Aug 17 03:47:19 shorty kernel: [28235.556435] Inbound IN=eth0 OUT= MAC=01:00:5e:7f:ff:fa:00:0f:b5:0c:07:d4:08:00 SRC=192.168.0.1 DST=239.255.255.250 LEN=362 TOS=0x00 PREC=0x00 TTL=4 ID=54193 PROTO=UDP SPT=15916 DPT=1900 LEN=342 
Aug 17 03:47:19 shorty kernel: [28235.756410] Inbound IN=eth0 OUT= MAC=01:00:5e:7f:ff:fa:00:0f:b5:0c:07:d4:08:00 SRC=192.168.0.1 DST=239.255.255.250 LEN=382 TOS=0x00 PREC=0x00 TTL=4 ID=54197 PROTO=UDP SPT=15917 DPT=1900 LEN=362 
Aug 17 03:47:19 shorty kernel: [28235.956753] Inbound IN=eth0 OUT= MAC=01:00:5e:7f:ff:fa:00:0f:b5:0c:07:d4:08:00 SRC=192.168.0.1 DST=239.255.255.250 LEN=394 TOS=0x00 PREC=0x00 TTL=4 ID=54201 PROTO=UDP SPT=15919 DPT=1900 LEN=374 
Aug 17 03:47:20 shorty kernel: [28236.156756] Inbound IN=eth0 OUT= MAC=01:00:5e:7f:ff:fa:00:0f:b5:0c:07:d4:08:00 SRC=192.168.0.1 DST=239.255.255.250 LEN=376 TOS=0x00 PREC=0x00 TTL=4 ID=54205 PROTO=UDP SPT=15921 DPT=1900 LEN=356 
Aug 17 03:51:22 shorty kernel: [28478.168544] Inbound IN=eth0 OUT= MAC= SRC=192.168.0.2 DST=239.255.255.250 LEN=338 TOS=0x00 PREC=0x00 TTL=1 ID=0 DF PROTO=UDP SPT=52804 DPT=1900 LEN=318 
Aug 17 03:51:22 shorty kernel: [28478.168871] Inbound IN=eth0 OUT= MAC= SRC=192.168.0.2 DST=239.255.255.250 LEN=338 TOS=0x00 PREC=0x00 TTL=1 ID=0 DF PROTO=UDP SPT=52804 DPT=1900 LEN=318 
Aug 17 03:51:22 shorty kernel: [28478.168917] Inbound IN=eth0 OUT= MAC= SRC=192.168.0.2 DST=239.255.255.250 LEN=338 TOS=0x00 PREC=0x00 TTL=1 ID=0 DF PROTO=UDP SPT=52804 DPT=1900 LEN=318 
Aug 17 03:51:22 shorty kernel: [28478.169956] Inbound IN=eth0 OUT= MAC=00:1a:92:51:b7:bc:00:13:72:29:5e:08:08:00 SRC=192.168.0.3 DST=192.168.0.2 LEN=48 TOS=0x00 PREC=0x00 TTL=128 ID=15928 DF PROTO=TCP SPT=2425 DPT=8840 WINDOW=65535 RES=0x00 SYN URGP=0 
Aug 17 03:51:25 shorty kernel: [28481.188532] Inbound IN=eth0 OUT= MAC=00:1a:92:51:b7:bc:00:13:72:29:5e:08:08:00 SRC=192.168.0.3 DST=192.168.0.2 LEN=48 TOS=0x00 PREC=0x00 TTL=128 ID=15929 DF PROTO=TCP SPT=2425 DPT=8840 WINDOW=65535 RES=0x00 SYN URGP=0 
Aug 17 04:00:31 shorty kernel: [29027.389189] Inbound IN=eth0 OUT= MAC= SRC=192.168.0.2 DST=239.255.255.250 LEN=199 TOS=0x00 PREC=0x00 TTL=1 ID=0 DF PROTO=UDP SPT=52804 DPT=1900 LEN=179 
Aug 17 04:00:31 shorty kernel: [29027.389281] Inbound IN=eth0 OUT= MAC= SRC=192.168.0.2 DST=239.255.255.250 LEN=199 TOS=0x00 PREC=0x00 TTL=1 ID=0 DF PROTO=UDP SPT=52804 DPT=1900 LEN=179 
Aug 17 04:00:31 shorty kernel: [29027.389336] Inbound IN=eth0 OUT= MAC= SRC=192.168.0.2 DST=239.255.255.250 LEN=199 TOS=0x00 PREC=0x00 TTL=1 ID=0 DF PROTO=UDP SPT=52804 DPT=1900 LEN=179 
Aug 17 04:02:25 shorty kernel: [29141.512451] usb 1-4.3: new high speed USB device using ehci_hcd and address 9
Aug 17 04:02:25 shorty kernel: [29141.635702] scsi7 : usb-storage 1-4.3:1.0
Aug 17 04:02:26 shorty kernel: [29142.640365] scsi 7:0:0:0: Direct-Access     HTC      Android Phone    0100 PQ: 0 ANSI: 2
Aug 17 04:02:26 shorty kernel: [29142.642211] scsi 7:0:0:1: Direct-Access     HTC      Android Phone    0100 PQ: 0 ANSI: 2
Aug 17 04:02:26 shorty kernel: [29142.644372] scsi 7:0:0:2: CD-ROM            HTC      Android Phone    0100 PQ: 0 ANSI: 2
Aug 17 04:02:26 shorty kernel: [29142.652623] sd 7:0:0:0: Attached scsi generic sg8 type 0
Aug 17 04:02:26 shorty kernel: [29142.653484] sd 7:0:0:1: Attached scsi generic sg9 type 0
Aug 17 04:02:26 shorty kernel: [29142.665060] sr1: scsi3-mmc drive: 0x/0x caddy
Aug 17 04:02:26 shorty kernel: [29142.665390] sr 7:0:0:2: Attached scsi CD-ROM sr1
Aug 17 04:02:26 shorty kernel: [29142.665580] sr 7:0:0:2: Attached scsi generic sg10 type 5
Aug 17 04:02:26 shorty kernel: [29142.673715] sd 7:0:0:0: [sdh] Attached SCSI removable disk
Aug 17 04:02:26 shorty kernel: [29142.680503] sd 7:0:0:1: [sdi] Attached SCSI removable disk
Aug 17 11:53:04 shorty kernel: [57380.931698] usb 1-4.3: USB disconnect, address 9
Aug 18 00:16:27 shorty kernel: [101983.541111] sr0: CDROM not ready.  Make sure there is a disc in the drive.
Aug 18 00:16:28 shorty kernel: [101984.471898] sr0: CDROM not ready.  Make sure there is a disc in the drive.
Aug 18 02:23:40 shorty kernel: [109616.040516] vlc[20117]: segfault at 4 ip 00cac476 sp bf9cefa0 error 4 in libQtDBus.so.4.7.2[c6f000+75000]
Aug 18 02:26:06 shorty kernel: [109762.941424] 7:2:1: cannot get freq at ep 0x84
Aug 18 02:26:06 shorty kernel: [109762.982803] 7:2:1: cannot get freq at ep 0x84
Aug 18 03:02:45 shorty kernel: [111961.621770] Inbound IN=eth0 OUT= MAC= SRC=192.168.0.2 DST=239.255.255.250 LEN=172 TOS=0x00 PREC=0x00 TTL=1 ID=0 DF PROTO=UDP SPT=48621 DPT=1900 LEN=152 
Aug 18 03:02:45 shorty kernel: [111961.621860] Inbound IN=eth0 OUT= MAC= SRC=192.168.0.2 DST=239.255.255.250 LEN=172 TOS=0x00 PREC=0x00 TTL=1 ID=0 DF PROTO=UDP SPT=48621 DPT=1900 LEN=152 
Aug 18 03:02:45 shorty kernel: [111961.621908] Inbound IN=eth0 OUT= MAC= SRC=192.168.0.2 DST=239.255.255.250 LEN=172 TOS=0x00 PREC=0x00 TTL=1 ID=0 DF PROTO=UDP SPT=48621 DPT=1900 LEN=152 
Aug 18 03:02:59 shorty kernel: [111975.703442] Inbound IN=eth0 OUT= MAC= SRC=192.168.0.2 DST=239.255.255.250 LEN=172 TOS=0x00 PREC=0x00 TTL=1 ID=0 DF PROTO=UDP SPT=42049 DPT=1900 LEN=152 
Aug 18 03:02:59 shorty kernel: [111975.703492] Inbound IN=eth0 OUT= MAC= SRC=192.168.0.2 DST=239.255.255.250 LEN=172 TOS=0x00 PREC=0x00 TTL=1 ID=0 DF PROTO=UDP SPT=42049 DPT=1900 LEN=152 
Aug 18 03:02:59 shorty kernel: [111975.703520] Inbound IN=eth0 OUT= MAC= SRC=192.168.0.2 DST=239.255.255.250 LEN=172 TOS=0x00 PREC=0x00 TTL=1 ID=0 DF PROTO=UDP SPT=42049 DPT=1900 LEN=152 
Aug 18 03:03:03 shorty kernel: [111979.134124] Inbound IN=eth0 OUT= MAC= SRC=192.168.0.2 DST=239.255.255.250 LEN=172 TOS=0x00 PREC=0x00 TTL=1 ID=0 DF PROTO=UDP SPT=42049 DPT=1900 LEN=152 
Aug 18 03:03:03 shorty kernel: [111979.134455] Inbound IN=eth0 OUT= MAC= SRC=192.168.0.2 DST=239.255.255.250 LEN=190 TOS=0x00 PREC=0x00 TTL=1 ID=0 DF PROTO=UDP SPT=42049 DPT=1900 LEN=170 
Aug 18 03:03:03 shorty kernel: [111979.134501] Inbound IN=eth0 OUT= MAC= SRC=192.168.0.2 DST=239.255.255.250 LEN=172 TOS=0x00 PREC=0x00 TTL=1 ID=0 DF PROTO=UDP SPT=42049 DPT=1900 LEN=152 
Aug 18 03:03:03 shorty kernel: [111979.134545] Inbound IN=eth0 OUT= MAC= SRC=192.168.0.2 DST=239.255.255.250 LEN=190 TOS=0x00 PREC=0x00 TTL=1 ID=0 DF PROTO=UDP SPT=42049 DPT=1900 LEN=170 
Aug 18 03:03:03 shorty kernel: [111979.134589] Inbound IN=eth0 OUT= MAC= SRC=192.168.0.2 DST=239.255.255.250 LEN=172 TOS=0x00 PREC=0x00 TTL=1 ID=0 DF PROTO=UDP SPT=42049 DPT=1900 LEN=152 
Aug 18 03:03:06 shorty kernel: [111982.134918] Inbound IN=eth0 OUT= MAC= SRC=192.168.0.2 DST=239.255.255.250 LEN=357 TOS=0x00 PREC=0x00 TTL=1 ID=0 DF PROTO=UDP SPT=42049 DPT=1900 LEN=337 
Aug 18 03:03:06 shorty kernel: [111982.134977] Inbound IN=eth0 OUT= MAC= SRC=192.168.0.2 DST=239.255.255.250 LEN=357 TOS=0x00 PREC=0x00 TTL=1 ID=0 DF PROTO=UDP SPT=42049 DPT=1900 LEN=337 
Aug 18 03:03:06 shorty kernel: [111982.135024] Inbound IN=eth0 OUT= MAC= SRC=192.168.0.2 DST=239.255.255.250 LEN=357 TOS=0x00 PREC=0x00 TTL=1 ID=0 DF PROTO=UDP SPT=42049 DPT=1900 LEN=337 
Aug 18 03:03:06 shorty kernel: [111982.135092] Inbound IN=eth0 OUT= MAC= SRC=192.168.0.2 DST=239.255.255.250 LEN=357 TOS=0x00 PREC=0x00 TTL=1 ID=0 DF PROTO=UDP SPT=42049 DPT=1900 LEN=337 
Aug 18 03:03:06 shorty kernel: [111982.135127] Inbound IN=eth0 OUT= MAC= SRC=192.168.0.2 DST=239.255.255.250 LEN=357 TOS=0x00 PREC=0x00 TTL=1 ID=0 DF PROTO=UDP SPT=42049 DPT=1900 LEN=337 
Aug 18 03:03:06 shorty kernel: [111982.136505] Inbound IN=eth0 OUT= MAC=00:1a:92:51:b7:bc:00:13:72:29:5e:08:08:00 SRC=192.168.0.3 DST=192.168.0.2 LEN=48 TOS=0x00 PREC=0x00 TTL=128 ID=23284 DF PROTO=TCP SPT=3949 DPT=8840 WINDOW=65535 RES=0x00 SYN URGP=0 
Aug 18 03:03:08 shorty kernel: [111985.003859] Inbound IN=eth0 OUT= MAC=00:1a:92:51:b7:bc:00:13:72:29:5e:08:08:00 SRC=192.168.0.3 DST=192.168.0.2 LEN=48 TOS=0x00 PREC=0x00 TTL=128 ID=23285 DF PROTO=TCP SPT=3949 DPT=8840 WINDOW=65535 RES=0x00 SYN URGP=0 
Aug 18 03:14:59 shorty kernel: [112695.650724] Inbound IN=eth0 OUT= MAC= SRC=192.168.0.2 DST=239.255.255.250 LEN=338 TOS=0x00 PREC=0x00 TTL=1 ID=0 DF PROTO=UDP SPT=42049 DPT=1900 LEN=318 
Aug 18 03:14:59 shorty kernel: [112695.650791] Inbound IN=eth0 OUT= MAC= SRC=192.168.0.2 DST=239.255.255.250 LEN=338 TOS=0x00 PREC=0x00 TTL=1 ID=0 DF PROTO=UDP SPT=42049 DPT=1900 LEN=318 
Aug 18 03:14:59 shorty kernel: [112695.651052] Inbound IN=eth0 OUT= MAC= SRC=192.168.0.2 DST=239.255.255.250 LEN=338 TOS=0x00 PREC=0x00 TTL=1 ID=0 DF PROTO=UDP SPT=42049 DPT=1900 LEN=318 
Aug 18 03:14:59 shorty kernel: [112695.652202] Inbound IN=eth0 OUT= MAC=00:1a:92:51:b7:bc:00:13:72:29:5e:08:08:00 SRC=192.168.0.3 DST=192.168.0.2 LEN=48 TOS=0x00 PREC=0x00 TTL=128 ID=23288 DF PROTO=TCP SPT=3950 DPT=8840 WINDOW=65535 RES=0x00 SYN URGP=0 
Aug 18 03:15:02 shorty kernel: [112698.598210] Inbound IN=eth0 OUT= MAC=00:1a:92:51:b7:bc:00:13:72:29:5e:08:08:00 SRC=192.168.0.3 DST=192.168.0.2 LEN=48 TOS=0x00 PREC=0x00 TTL=128 ID=23289 DF PROTO=TCP SPT=3950 DPT=8840 WINDOW=65535 RES=0x00 SYN URGP=0 
