---
title: "Dual boot - 10.10 on IDE and XP on SATA - XP wont boot."
date: 2011-01-24
forum: General Help
---

### Post by Lacitsym on 2011-01-24
Hi.

 I had Xp installed and then installed Ubuntu on a second hard drive. Only Ubuntu will boot now.

Here are the results from Boot info Script 5.5

```
                Boot Info Script 0.55    dated February 15th, 2010                    

============================= Boot Info Summary: ==============================

 => Grub 2 is installed in the MBR of /dev/sda and looks on the same drive in 
    partition #1 for (,msdos1)/boot/grub.
 => Windows is installed in the MBR of /dev/sdb

sda1: _________________________________________________________________________

    File system:       ext4
    Boot sector type:  -
    Boot sector info:  
    Operating System:  Ubuntu 10.10
    Boot files/dirs:   /boot/grub/grub.cfg /etc/fstab /boot/grub/core.img

sda2: _________________________________________________________________________

    File system:       Extended Partition
    Boot sector type:  Unknown
    Boot sector info:  

sda5: _________________________________________________________________________

    File system:       swap
    Boot sector type:  -
    Boot sector info:  

sdb1: _________________________________________________________________________

    File system:       ntfs
    Boot sector type:  Windows XP
    Boot sector info:  No errors found in the Boot Parameter Block.
    Operating System:  Windows XP
    Boot files/dirs:   /boot.ini /ntldr /NTDETECT.COM

sdb2: _________________________________________________________________________

    File system:       ntfs
    Boot sector type:  Windows XP
    Boot sector info:  No errors found in the Boot Parameter Block.
    Operating System:  
    Boot files/dirs:   

=========================== Drive/Partition Info: =============================

Drive: sda ___________________ _____________________________________________________

Disk /dev/sda: 320.1 GB, 320072933376 bytes
255 heads, 63 sectors/track, 38913 cylinders, total 625142448 sectors
Units = sectors of 1 * 512 = 512 bytes
Sector size (logical/physical): 512 bytes / 512 bytes

Partition  Boot         Start           End          Size  Id System

/dev/sda1    *          2,048    11,851,775    11,849,728  83 Linux
/dev/sda2         599,742,462   625,141,759    25,399,298   5 Extended
/dev/sda5         599,742,464   625,141,759    25,399,296  82 Linux swap / Solaris


Drive: sdb ___________________ _____________________________________________________

Disk /dev/sdb: 640.1 GB, 640135028736 bytes
240 heads, 63 sectors/track, 82689 cylinders, total 1250263728 sectors
Units = sectors of 1 * 512 = 512 bytes
Sector size (logical/physical): 512 bytes / 512 bytes

Partition  Boot         Start           End          Size  Id System

/dev/sdb1    *             63   431,040,959   431,040,897   7 HPFS/NTFS
/dev/sdb2         431,040,960 1,250,257,679   819,216,720   7 HPFS/NTFS


blkid -c /dev/null: ____________________________________________________________

Device           UUID                                   TYPE       LABEL                         

/dev/sda1        f0d5db8a-6731-4517-bc6f-8176093a2be2   ext4                                     
/dev/sda2: PTTYPE="dos" 
/dev/sda5        374556b1-e39d-4213-88e5-d1b0db35a12f   swap                                     
/dev/sda: PTTYPE="dos" 
/dev/sdb1        8CFC649BFC648176                       ntfs                                     
/dev/sdb2        18745B70745B4F9C                       ntfs       Shared                        
/dev/sdb: PTTYPE="dos" 

============================ "mount | grep ^/dev  output: ===========================

Device           Mount_Point              Type       Options

/dev/sda1        /                        ext4       (rw,errors=remount-ro,commit=0)
/dev/sdb2        /media/Shared            fuseblk    (rw,nosuid,nodev,allow_other,blksize=4096,default_permissions)


=========================== sda1/boot/grub/grub.cfg: ===========================

#
# DO NOT EDIT THIS FILE
#
# It is automatically generated by grub-mkconfig using templates
# from /etc/grub.d and settings from /etc/default/grub
#

### BEGIN /etc/grub.d/00_header ###
if [ -s $prefix/grubenv ]; then
  set have_grubenv=true
  load_env
fi
set default="0"
if [ "${prev_saved_entry}" ]; then
  set saved_entry="${prev_saved_entry}"
  save_env saved_entry
  set prev_saved_entry=
  save_env prev_saved_entry
  set boot_once=true
fi

function savedefault {
  if [ -z "${boot_once}" ]; then
    saved_entry="${chosen}"
    save_env saved_entry
  fi
}

function recordfail {
  set recordfail=1
  if [ -n "${have_grubenv}" ]; then if [ -z "${boot_once}" ]; then save_env recordfail; fi; fi
}

function load_video {
  insmod vbe
  insmod vga
}

insmod part_msdos
insmod ext2
set root='(hd0,msdos1)'
search --no-floppy --fs-uuid --set f0d5db8a-6731-4517-bc6f-8176093a2be2
if loadfont /usr/share/grub/unicode.pf2 ; then
  set gfxmode=640x480
  load_video
  insmod gfxterm
fi
terminal_output gfxterm
insmod part_msdos
insmod ext2
set root='(hd0,msdos1)'
search --no-floppy --fs-uuid --set f0d5db8a-6731-4517-bc6f-8176093a2be2
set locale_dir=($root)/boot/grub/locale
set lang=en
insmod gettext
if [ "${recordfail}" = 1 ]; then
  set timeout=-1
else
  set timeout=10
fi
### END /etc/grub.d/00_header ###

### BEGIN /etc/grub.d/05_debian_theme ###
set menu_color_normal=white/black
set menu_color_highlight=black/light-gray
### END /etc/grub.d/05_debian_theme ###

### BEGIN /etc/grub.d/10_linux ###
menuentry 'Ubuntu, with Linux 2.6.35-24-generic' --class ubuntu --class gnu-linux --class gnu --class os {
	recordfail
	insmod part_msdos
	insmod ext2
	set root='(hd0,msdos1)'
	search --no-floppy --fs-uuid --set f0d5db8a-6731-4517-bc6f-8176093a2be2
	linux	/boot/vmlinuz-2.6.35-24-generic root=UUID=f0d5db8a-6731-4517-bc6f-8176093a2be2 ro   quiet splash
	initrd	/boot/initrd.img-2.6.35-24-generic
}
menuentry 'Ubuntu, with Linux 2.6.35-24-generic (recovery mode)' --class ubuntu --class gnu-linux --class gnu --class os {
	recordfail
	insmod part_msdos
	insmod ext2
	set root='(hd0,msdos1)'
	search --no-floppy --fs-uuid --set f0d5db8a-6731-4517-bc6f-8176093a2be2
	echo	'Loading Linux 2.6.35-24-generic ...'
	linux	/boot/vmlinuz-2.6.35-24-generic root=UUID=f0d5db8a-6731-4517-bc6f-8176093a2be2 ro single 
	echo	'Loading initial ramdisk ...'
	initrd	/boot/initrd.img-2.6.35-24-generic
}
menuentry 'Ubuntu, with Linux 2.6.35-22-generic' --class ubuntu --class gnu-linux --class gnu --class os {
	recordfail
	insmod part_msdos
	insmod ext2
	set root='(hd0,msdos1)'
	search --no-floppy --fs-uuid --set f0d5db8a-6731-4517-bc6f-8176093a2be2
	linux	/boot/vmlinuz-2.6.35-22-generic root=UUID=f0d5db8a-6731-4517-bc6f-8176093a2be2 ro   quiet splash
	initrd	/boot/initrd.img-2.6.35-22-generic
}
menuentry 'Ubuntu, with Linux 2.6.35-22-generic (recovery mode)' --class ubuntu --class gnu-linux --class gnu --class os {
	recordfail
	insmod part_msdos
	insmod ext2
	set root='(hd0,msdos1)'
	search --no-floppy --fs-uuid --set f0d5db8a-6731-4517-bc6f-8176093a2be2
	echo	'Loading Linux 2.6.35-22-generic ...'
	linux	/boot/vmlinuz-2.6.35-22-generic root=UUID=f0d5db8a-6731-4517-bc6f-8176093a2be2 ro single 
	echo	'Loading initial ramdisk ...'
	initrd	/boot/initrd.img-2.6.35-22-generic
}
### END /etc/grub.d/10_linux ###

### BEGIN /etc/grub.d/20_linux_xen ###
### END /etc/grub.d/20_linux_xen ###

### BEGIN /etc/grub.d/20_memtest86+ ###
menuentry "Memory test (memtest86+)" {
	insmod part_msdos
	insmod ext2
	set root='(hd0,msdos1)'
	search --no-floppy --fs-uuid --set f0d5db8a-6731-4517-bc6f-8176093a2be2
	linux16	/boot/memtest86+.bin
}
menuentry "Memory test (memtest86+, serial console 115200)" {
	insmod part_msdos
	insmod ext2
	set root='(hd0,msdos1)'
	search --no-floppy --fs-uuid --set f0d5db8a-6731-4517-bc6f-8176093a2be2
	linux16	/boot/memtest86+.bin console=ttyS0,115200n8
}
### END /etc/grub.d/20_memtest86+ ###

### BEGIN /etc/grub.d/30_os-prober ###
menuentry "Microsoft Windows XP Professional (on /dev/sdb1)" {
	insmod part_msdos
	insmod ntfs
	set root='(hd1,msdos1)'
	search --no-floppy --fs-uuid --set 8cfc649bfc648176
	drivemap -s (hd0) ${root}
	chainloader +1
}
### END /etc/grub.d/30_os-prober ###

### BEGIN /etc/grub.d/40_custom ###
# This file provides an easy way to add custom menu entries.  Simply type the
# menu entries you want to add after this comment.  Be careful not to change
# the 'exec tail' line above.
### END /etc/grub.d/40_custom ###

### BEGIN /etc/grub.d/41_custom ###
if [ -f  $prefix/custom.cfg ]; then
  source $prefix/custom.cfg;
fi
### END /etc/grub.d/41_custom ###

=============================== sda1/etc/fstab: ===============================

# /etc/fstab: static file system information.
#
# Use 'blkid -o value -s UUID' to print the universally unique identifier
# for a device; this may be used with UUID= as a more robust way to name
# devices that works even if disks are added and removed. See fstab(5).
#
# <file system> <mount point>   <type>  <options>       <dump>  <pass>
proc            /proc           proc    nodev,noexec,nosuid 0       0
# / was on /dev/sda1 during installation
UUID=f0d5db8a-6731-4517-bc6f-8176093a2be2 /               ext4    errors=remount-ro 0       1
# swap was on /dev/sda5 during installation
UUID=374556b1-e39d-4213-88e5-d1b0db35a12f none            swap    sw              0       0
/dev/fd0        /media/floppy0  auto    rw,user,noauto,exec,utf8 0       0

=================== sda1: Location of files loaded by Grub: ===================


    .7GB: boot/grub/core.img
   2.5GB: boot/grub/grub.cfg
   1.3GB: boot/initrd.img-2.6.35-22-generic
   3.4GB: boot/initrd.img-2.6.35-24-generic
   1.2GB: boot/vmlinuz-2.6.35-22-generic
    .2GB: boot/vmlinuz-2.6.35-24-generic
   3.4GB: initrd.img
   1.3GB: initrd.img.old
    .2GB: vmlinuz
   1.2GB: vmlinuz.old

================================ sdb1/boot.ini: ================================

[boot loader]

timeout=30

default=multi(0)disk(0)rdisk(0)partition(1)\WINDOWS

[operating systems]

multi(0)disk(0)rdisk(0)partition(1)\WINDOWS="Microsoft Windows XP Professional" /noexecute=optin /fastdetect

=========================== Unknown MBRs/Boot Sectors/etc =======================

Unknown BootLoader  on sda2

00000000  63 53 cb 00 64 53 cb 00  65 53 cb 00 66 53 cb 00  |cS..dS..eS..fS..|
00000010  67 53 cb 00 68 53 cb 00  69 53 cb 00 6a 53 cb 00  |gS..hS..iS..jS..|
00000020  6b 53 cb 00 6c 53 cb 00  6d 53 cb 00 6e 53 cb 00  |kS..lS..mS..nS..|
00000030  6f 53 cb 00 70 53 cb 00  71 53 cb 00 72 53 cb 00  |oS..pS..qS..rS..|
00000040  73 53 cb 00 74 53 cb 00  75 53 cb 00 76 53 cb 00  |sS..tS..uS..vS..|
00000050  77 53 cb 00 78 53 cb 00  79 53 cb 00 7a 53 cb 00  |wS..xS..yS..zS..|
00000060  7b 53 cb 00 7c 53 cb 00  7d 53 cb 00 7e 53 cb 00  |{S..|S..}S..~S..|
00000070  7f 53 cb 00 80 53 cb 00  81 53 cb 00 82 53 cb 00  |.S...S...S...S..|
00000080  83 53 cb 00 84 53 cb 00  85 53 cb 00 86 53 cb 00  |.S...S...S...S..|
00000090  87 53 cb 00 88 53 cb 00  89 53 cb 00 8a 53 cb 00  |.S...S...S...S..|
000000a0  8b 53 cb 00 8c 53 cb 00  8d 53 cb 00 8e 53 cb 00  |.S...S...S...S..|
000000b0  8f 53 cb 00 90 53 cb 00  91 53 cb 00 92 53 cb 00  |.S...S...S...S..|
000000c0  93 53 cb 00 94 53 cb 00  95 53 cb 00 96 53 cb 00  |.S...S...S...S..|
000000d0  97 53 cb 00 98 53 cb 00  99 53 cb 00 9a 53 cb 00  |.S...S...S...S..|
000000e0  9b 53 cb 00 9c 53 cb 00  9d 53 cb 00 9e 53 cb 00  |.S...S...S...S..|
000000f0  9f 53 cb 00 a0 53 cb 00  a1 53 cb 00 a2 53 cb 00  |.S...S...S...S..|
00000100  a3 53 cb 00 a4 53 cb 00  a5 53 cb 00 a6 53 cb 00  |.S...S...S...S..|
00000110  a7 53 cb 00 a8 53 cb 00  a9 53 cb 00 aa 53 cb 00  |.S...S...S...S..|
00000120  ab 53 cb 00 ac 53 cb 00  ad 53 cb 00 ae 53 cb 00  |.S...S...S...S..|
00000130  af 53 cb 00 b0 53 cb 00  b1 53 cb 00 b2 53 cb 00  |.S...S...S...S..|
00000140  b3 53 cb 00 b4 53 cb 00  b5 53 cb 00 b6 53 cb 00  |.S...S...S...S..|
00000150  b7 53 cb 00 b8 53 cb 00  b9 53 cb 00 ba 53 cb 00  |.S...S...S...S..|
00000160  bb 53 cb 00 bc 53 cb 00  bd 53 cb 00 be 53 cb 00  |.S...S...S...S..|
00000170  bf 53 cb 00 c0 53 cb 00  c1 53 cb 00 c2 53 cb 00  |.S...S...S...S..|
00000180  c3 53 cb 00 c4 53 cb 00  c5 53 cb 00 c6 53 cb 00  |.S...S...S...S..|
00000190  c7 53 cb 00 c8 53 cb 00  c9 53 cb 00 ca 53 cb 00  |.S...S...S...S..|
000001a0  cb 53 cb 00 cc 53 cb 00  cd 53 cb 00 ce 53 cb 00  |.S...S...S...S..|
000001b0  cf 53 cb 00 d0 53 cb 00  d1 53 cb 00 d2 53 00 fe  |.S...S...S...S..|
000001c0  ff ff 82 fe ff ff 02 00  00 00 00 90 83 01 00 00  |................|
000001d0  00 00 00 00 00 00 00 00  00 00 00 00 00 00 00 00  |................|
*
000001f0  00 00 00 00 00 00 00 00  00 00 00 00 00 00 55 aa  |..............U.|
00000200


```

Please help me get this working.  Or tell me if its not worth it.  I guess i can access the windows drive to backup needed files and just reinstall windows if necessary; but id rather not have to.

Thanks :)

---

### Post by wilee-nilee on 2011-01-24
So XP shows in the menu and should be in the grub menu, are you not seeing the menu? have you run in the ubuntu terminal.
sudo update-grub

Have you tried booting the sdb drive the ms bootloader is still in its mbr, so should boot XP on its own.

---

### Post by Lacitsym on 2011-01-24
Hi and thanks.

Yes, it does show up in the ubuntu boot loader options, but when chosen the screen flashes to a black with a flashing cursor in the upper left corner.

I just tried sudo update-grub, but when I restarted the same thing happened.

Then I restarted again and tried to boot directly to the sata drive with XP on it from the BIOS but the same black screen/ flashing cursor thing happened.

Honestly, this drive has been been like this for a while and I just figured I'd eventually get around to trying to fix it.  I can't remember the exact sequence of events that led up to this condition though. :oops:

---

### Post by wilee-nilee on 2011-01-24
> **Lacitsym said:**
> Hi and thanks.

Yes, it does show up in the ubuntu boot loader options, but when I chosen it flashes to a black screen with a flashing cursor in the upper left corner.

I just tried sudo update-grub, but when I restarted the same thing happened.

Then I restarted again and tried to boot directly to the sata drive with XP on it from the BIOS but the same black screen/ flashing cursor thing happened.

Honestly, this drive has been been like this for a while and I just figured I'd eventually get around to trying to fix it.  I can't remember the exact sequence of events that led up to this condition though. :oops:

If you have a XP disc you can boot it to the repair command line and run a chkdsk /f/r that is where I would start, the boot looks correct in the script. The problem seems to be with XP itself. If you can get to the safemode with pecking at the f8 key on choosing XP to boot you can run a ckdsk from its command terminal, as well.

---

