---
title: "GPT messed up, cant boot or access harddrive"
date: 2014-01-03
forum: General Help
---

### Post by gerwalt on 2014-01-03
Hi everyone,

I need a little help with a GPT Problem. First of all some information to my system:

I have a dual boot with Ubuntu 13.04 and Windows 7. I use Grub2 and GPT. I have currently 3 disks attached. The first is a SSD with BOOT, /, home for Ubuntu and a ntfs Partition for Windows.

And now the story:
Two or three days I had my iPod Nano attached to my PC while I was in Ubuntu. It was attached until yesterday, during that time I was as well in Windows as in Ubuntu. I think I detached it while I was on Ubuntu, but I'm not sure. I wanted to boot to Windows again, but it didnt boot anymore. Showed "Loading Files" bar and then got back to grub. But I could still boot Ubuntu.
I remembered that I had a similar problem, when I had an external drive attached to my PC and detached, and that I could repair it with "testdisk". So I started testdisk, used the analyze function and wrote the results without really reading them (stupid me). Now I have the problem, that when I boot the computer it wont even load Grub, just tries to start Windows where an error occurs (I can look up that one when I have finished this post). Currently I'm on a Live OS (Ubuntu 12.04.3) and I used gdisk and bootinfoscript to analyse the problem. It seems that my main disk is pretty messed up.

Output of fdisk seems pretty normal. sda is my SSD, sdb is another hdd with a ext4 and a ntfs partition, sdc is an external drive (that should only have 1tb space). sdd is the usb stick I'm using for the Live OS.

```
ubuntu@ubuntu:~$ sudo fdisk -l

Warnung: GPT (GUID-Partitionstabelle) auf '/dev/sda' erkannt! Das Hilfsprogramm Fdisk unterstützt GPT nicht. Verwenden Sie GNU Parted.


Disk /dev/sda: 128.0 GB, 128035676160 bytes
255 Köpfe, 63 Sektoren/Spur, 15566 Zylinder, zusammen 250069680 Sektoren
Einheiten = Sektoren von 1 × 512 = 512 Bytes
Sector size (logical/physical): 512 bytes / 512 bytes
I/O size (minimum/optimal): 512 bytes / 512 bytes
Festplattenidentifikation: 0x00000000

   Gerät  boot.     Anfang        Ende     Blöcke   Id  System
/dev/sda1               1      280581      140290+  ee  GPT
/dev/sda2        35215801    68770494    16777347   af  HFS / HFS+
/dev/sda3          280582     1304581      512000   83  Linux
/dev/sda4        16107048    16113221        3087    7  HPFS/NTFS/exFAT

Partitionstabelleneinträge sind nicht in Platten-Reihenfolge

Disk /dev/sdb: 500.1 GB, 500107862016 bytes
255 Köpfe, 63 Sektoren/Spur, 60801 Zylinder, zusammen 976773168 Sektoren
Einheiten = Sektoren von 1 × 512 = 512 Bytes
Sector size (logical/physical): 512 bytes / 4096 bytes
I/O size (minimum/optimal): 4096 bytes / 4096 bytes
Festplattenidentifikation: 0x0009cbcd

   Gerät  boot.     Anfang        Ende     Blöcke   Id  System
/dev/sdb1   *        2048   689602552   344800252+   7  HPFS/NTFS/exFAT
/dev/sdb2       689604608   976773119   143584256   83  Linux

Disk /dev/sdc: 2199.0 GB, 2199023132672 bytes
255 Köpfe, 63 Sektoren/Spur, 267349 Zylinder, zusammen 4294967056 Sektoren
Einheiten = Sektoren von 1 × 512 = 512 Bytes
Sector size (logical/physical): 512 bytes / 512 bytes
I/O size (minimum/optimal): 512 bytes / 512 bytes
Festplattenidentifikation: 0x44fdfe06

   Gerät  boot.     Anfang        Ende     Blöcke   Id  System
/dev/sdc1              63  1953520064   976760001    7  HPFS/NTFS/exFAT

Platte /dev/sdd: 4127 MByte, 4127195136 Byte
255 Köpfe, 63 Sektoren/Spur, 501 Zylinder, zusammen 8060928 Sektoren
Einheiten = Sektoren von 1 × 512 = 512 Bytes
Sector size (logical/physical): 512 bytes / 512 bytes
I/O size (minimum/optimal): 512 bytes / 512 bytes
Festplattenidentifikation: 0x0217934c

   Gerät  boot.     Anfang        Ende     Blöcke   Id  System
/dev/sdd1   *          63     8060927     4030432+   c  W95 FAT32 (LBA)
```

gdisk tells me that my GPT is corrupt and that I also have a MBR, which confuses me a little, dont know if that is caused by testdisk.

```
ubuntu@ubuntu:~$ sudo gdisk -l /dev/sda
GPT fdisk (gdisk) version 0.8.1

Caution: invalid backup GPT header, but valid main header; regenerating
backup header from main header.

Partition table scan:
  MBR: hybrid
  BSD: not present
  APM: not present
  GPT: damaged

Found valid MBR and corrupt GPT. Which do you want to use? (Using the
GPT MAY permit recovery of GPT data.)
 1 - MBR
 2 - GPT
 3 - Create blank GPT

Your answer: 1
Disk /dev/sda: 250069680 sectors, 119.2 GiB
Logical sector size: 512 bytes
Disk identifier (GUID): 0AA2A1A4-7563-41FF-B850-B70F78838215
Partition table holds up to 128 entries
First usable sector is 34, last usable sector is 250069646
Partitions will be aligned on 1-sector boundaries
Total free space is 215484745 sectors (102.8 GiB)

Number  Start (sector)    End (sector)  Size       Code  Name
   2        35215801        68770494   16.0 GiB    AF00  Apple HFS/HFS+
   3          280582         1304581   500.0 MiB   8300  Linux filesystem
   4        16107048        16113221   3.0 MiB     0700  Microsoft basic data
ubuntu@ubuntu:~$ sudo gdisk -l /dev/sda
GPT fdisk (gdisk) version 0.8.1

Caution: invalid backup GPT header, but valid main header; regenerating
backup header from main header.

Partition table scan:
  MBR: hybrid
  BSD: not present
  APM: not present
  GPT: damaged

Found valid MBR and corrupt GPT. Which do you want to use? (Using the
GPT MAY permit recovery of GPT data.)
 1 - MBR
 2 - GPT
 3 - Create blank GPT

Your answer: 2
Disk /dev/sda: 250069680 sectors, 119.2 GiB
Logical sector size: 512 bytes
Disk identifier (GUID): 4D0A8EB8-E281-6843-A722-79AFAD3C81E7
Partition table holds up to 128 entries
First usable sector is 34, last usable sector is 250069646
Partitions will be aligned on 1-sector boundaries
Total free space is 96813545 sectors (46.2 GiB)

Number  Start (sector)    End (sector)  Size       Code  Name
   1            2048          206847   100.0 MiB   0700  
   2          280582         1304581   500.0 MiB   0700  
   3        13697667        13718405   10.1 MiB    0700  
   4        16107048        16113221   3.0 MiB     0700  
   5        35215801        68770494   16.0 GiB    AF00  
   6        76255608        76261781   3.0 MiB     0700  
   7        76261800        76267973   3.0 MiB     0700  
   8        76267992        76274165   3.0 MiB     0700  
   9        76277048        76279927   1.4 MiB     0700  
  10        97055432        97058311   1.4 MiB     0700  
  11        98621616        98624495   1.4 MiB     0700  
  12       117148623       117250065   49.5 MiB    AF00  
  13       118786047       237103102   56.4 GiB    0700
```

parted shows similar results

```
ubuntu@ubuntu:~$ sudo parted /dev/sda unit mb print
Error: The backup GPT table is corrupt, but the primary appears OK, so that will be used.
OK/Cancel? OK                                                             
Model: ATA SAMSUNG SSD 830 (scsi)
Disk /dev/sda: 128036MB
Sector size (logical/physical): 512B/512B
Partition Table: gpt

Number  Start    End       Size     File system  Name  Flags
 1      1.05MB   106MB     105MB    fat32
 2      144MB    668MB     524MB    ext4
 3      7013MB   7024MB    10.6MB
 4      8247MB   8250MB    3.16MB   ntfs
 5      18030MB  35210MB   17180MB
 6      39043MB  39046MB   3.16MB   ntfs
 7      39046MB  39049MB   3.16MB   ntfs
 8      39049MB  39052MB   3.16MB   ntfs
 9      39054MB  39055MB   1.47MB
10      49692MB  49694MB   1.47MB
11      50494MB  50496MB   1.47MB
12      59980MB  60032MB   51.9MB
13      60818MB  121397MB  60578MB  ntfs
```

bootinfoscript shows a lot of errors for sda

```
                  Boot Info Script 0.61      [1 April 2012]


============================= Boot Info Summary: ===============================

 => Grub2 (v1.99) is installed in the MBR of /dev/sda and looks at sector 1 of 
    the same hard drive for core.img, but core.img can not be found at this 
    location.
 => No boot loader is installed in the MBR of /dev/sdb.
 => Windows is installed in the MBR of /dev/sdc.
 => Syslinux MBR (4.04 and higher) is installed in the MBR of /dev/sdd.

sda1: __________________________________________________________________________

    File system:       vfat
    Boot sector type:  Windows 7: FAT32
    Boot sector info:  No errors found in the Boot Parameter Block.
    Operating System:  
    Boot files:        /efi/Boot/bootx64.efi /efi/ubuntu/grubx64.efi

sda2: __________________________________________________________________________

    File system:       ext4
    Boot sector type:  Unknown
    Boot sector info: 
    Mounting failed:   mount: wrong fs type, bad option, bad superblock on /dev/sda2,
       missing codepage or helper program, or other error
       In some cases useful info is found in syslog - try
       dmesg | tail  or so


sda3: __________________________________________________________________________

    File system:       vfat
    Boot sector type:  FAT16
    Boot sector info:  According to the info in the boot sector, sda3 starts 
                       at sector 1. But according to the info from fdisk, 
                       sda3 starts at sector 13697667. According to the info 
                       in the boot sector, sda3 has 0 sectors.
    Operating System:  
    Boot files:        

sda4: __________________________________________________________________________

    File system:       ntfs
    Boot sector type:  Windows XP: NTFS
    Boot sector info:  According to the info in the boot sector, sda4 starts 
                       at sector 2. But according to the info from fdisk, 
                       sda4 starts at sector 16107048.
    Operating System:  
    Boot files:        

sda5: __________________________________________________________________________

    File system:       hfs
    Boot sector type:  -
    Boot sector info: 
    Mounting failed:   mount: wrong fs type, bad option, bad superblock on /dev/sda2,
       missing codepage or helper program, or other error
       In some cases useful info is found in syslog - try
       dmesg | tail  or so

mount: wrong fs type, bad option, bad superblock on /dev/sda5,
       missing codepage or helper program, or other error
       In some cases useful info is found in syslog - try
       dmesg | tail  or so


sda6: __________________________________________________________________________

    File system:       ntfs
    Boot sector type:  Windows XP: NTFS
    Boot sector info:  According to the info in the boot sector, sda6 starts 
                       at sector 2. But according to the info from fdisk, 
                       sda6 starts at sector 76255608.
    Operating System:  
    Boot files:        

sda7: __________________________________________________________________________

    File system:       ntfs
    Boot sector type:  Windows XP: NTFS
    Boot sector info:  According to the info in the boot sector, sda7 starts 
                       at sector 2. But according to the info from fdisk, 
                       sda7 starts at sector 76261800.
    Operating System:  
    Boot files:        

sda8: __________________________________________________________________________

    File system:       ntfs
    Boot sector type:  Windows XP: NTFS
    Boot sector info:  According to the info in the boot sector, sda8 starts 
                       at sector 2. But according to the info from fdisk, 
                       sda8 starts at sector 76267992.
    Operating System:  
    Boot files:        

sda9: __________________________________________________________________________

    File system:       vfat
    Boot sector type:  Unknown
    Boot sector info:  According to the info in the boot sector, sda9 starts 
                       at sector 0. But according to the info from fdisk, 
                       sda9 starts at sector 76277048. According to the info 
                       in the boot sector, sda9 has 0 sectors.
    Operating System:  
    Boot files:        

sda10: _________________________________________________________________________

    File system:       vfat
    Boot sector type:  Unknown
    Boot sector info:  According to the info in the boot sector, sda10 
                       starts at sector 0. But according to the info from 
                       fdisk, sda10 starts at sector 97055432. According to 
                       the info in the boot sector, sda10 has 0 sectors.
    Operating System:  
    Boot files:        

sda11: _________________________________________________________________________

    File system:       vfat
    Boot sector type:  Unknown
    Boot sector info:  According to the info in the boot sector, sda11 
                       starts at sector 0. But according to the info from 
                       fdisk, sda11 starts at sector 98621616. According to 
                       the info in the boot sector, sda11 has 0 sectors.
    Operating System:  
    Boot files:        

sda12: _________________________________________________________________________

    File system:       hfs
    Boot sector type:  Unknown
    Boot sector info: 
    Mounting failed:   mount: wrong fs type, bad option, bad superblock on /dev/sda2,
       missing codepage or helper program, or other error
       In some cases useful info is found in syslog - try
       dmesg | tail  or so

mount: wrong fs type, bad option, bad superblock on /dev/sda5,
       missing codepage or helper program, or other error
       In some cases useful info is found in syslog - try
       dmesg | tail  or so

mount: wrong fs type, bad option, bad superblock on /dev/sda12,
       missing codepage or helper program, or other error
       In some cases useful info is found in syslog - try
       dmesg | tail  or so


sda13: _________________________________________________________________________

    File system:       
    Boot sector type:  Windows Vista/7: NTFS
    Boot sector info: 
    Mounting failed:   mount: wrong fs type, bad option, bad superblock on /dev/sda2,
       missing codepage or helper program, or other error
       In some cases useful info is found in syslog - try
       dmesg | tail  or so

mount: wrong fs type, bad option, bad superblock on /dev/sda5,
       missing codepage or helper program, or other error
       In some cases useful info is found in syslog - try
       dmesg | tail  or so

mount: wrong fs type, bad option, bad superblock on /dev/sda12,
       missing codepage or helper program, or other error
       In some cases useful info is found in syslog - try
       dmesg | tail  or so

mount: unknown filesystem type ''

sdb1: __________________________________________________________________________

    File system:       ntfs
    Boot sector type:  Windows Vista/7: NTFS
    Boot sector info:  No errors found in the Boot Parameter Block.
    Operating System:  
    Boot files:        

sdb2: __________________________________________________________________________

    File system:       ext4
    Boot sector type:  -
    Boot sector info: 
    Operating System:  
    Boot files:        

sdc1: __________________________________________________________________________

    File system:       ntfs
    Boot sector type:  Windows XP: NTFS
    Boot sector info:  No errors found in the Boot Parameter Block.
    Operating System:  
    Boot files:        

sdd1: __________________________________________________________________________

    File system:       vfat
    Boot sector type:  SYSLINUX 4.07 2013-07-25
    Boot sector info:  Syslinux looks at sector 15784 of /dev/sdd1 for its 
                       second stage. SYSLINUX is installed in the /uui 
                       directory. The integrity check of the ADV area failed. 
                       According to the info in the boot sector, sdd1 starts 
                       at sector 0. But according to the info from fdisk, 
                       sdd1 starts at sector 63.
    Operating System:  
    Boot files:        

============================ Drive/Partition Info: =============================

Drive: sda _____________________________________________________________________

Disk /dev/sda: 128.0 GB, 128035676160 bytes
255 heads, 63 sectors/track, 15566 cylinders, total 250069680 sectors
Units = sectors of 1 * 512 = 512 bytes
Sector size (logical/physical): 512 bytes / 512 bytes

Partition  Boot  Start Sector    End Sector  # of Sectors  Id System

/dev/sda1                   1       280,581       280,581  ee GPT
/dev/sda2          35,215,801    68,770,494    33,554,694  af HFS / HFS+
/dev/sda3             280,582     1,304,581     1,024,000  83 Linux
/dev/sda4          16,107,048    16,113,221         6,174   7 NTFS / exFAT / HPFS


GUID Partition Table detected.

Partition    Start Sector    End Sector  # of Sectors System
/dev/sda1           2,048       206,847       204,800 Data partition (Windows/Linux)
/dev/sda2         280,582     1,304,581     1,024,000 Data partition (Windows/Linux)
/dev/sda3      13,697,667    13,718,405        20,739 Data partition (Windows/Linux)
/dev/sda4      16,107,048    16,113,221         6,174 Data partition (Windows/Linux)
/dev/sda5      35,215,801    68,770,494    33,554,694 Hierarchical File System Plus (HFS+) partition (Mac OS X)
/dev/sda6      76,255,608    76,261,781         6,174 Data partition (Windows/Linux)
/dev/sda7      76,261,800    76,267,973         6,174 Data partition (Windows/Linux)
/dev/sda8      76,267,992    76,274,165         6,174 Data partition (Windows/Linux)
/dev/sda9      76,277,048    76,279,927         2,880 Data partition (Windows/Linux)
/dev/sda10     97,055,432    97,058,311         2,880 Data partition (Windows/Linux)
/dev/sda11     98,621,616    98,624,495         2,880 Data partition (Windows/Linux)
/dev/sda12    117,148,623   117,250,065       101,443 Hierarchical File System Plus (HFS+) partition (Mac OS X)
/dev/sda13    118,786,047   237,103,102   118,317,056 Data partition (Windows/Linux)

Drive: sdb _____________________________________________________________________

Disk /dev/sdb: 500.1 GB, 500107862016 bytes
255 heads, 63 sectors/track, 60801 cylinders, total 976773168 sectors
Units = sectors of 1 * 512 = 512 bytes
Sector size (logical/physical): 512 bytes / 4096 bytes

Partition  Boot  Start Sector    End Sector  # of Sectors  Id System

/dev/sdb1    *          2,048   689,602,552   689,600,505   7 NTFS / exFAT / HPFS
/dev/sdb2         689,604,608   976,773,119   287,168,512  83 Linux


Drive: sdc _____________________________________________________________________

Disk /dev/sdc: 2199.0 GB, 2199023132672 bytes
255 heads, 63 sectors/track, 267349 cylinders, total 4294967056 sectors
Units = sectors of 1 * 512 = 512 bytes
Sector size (logical/physical): 512 bytes / 512 bytes

Partition  Boot  Start Sector    End Sector  # of Sectors  Id System

/dev/sdc1                  63 1,953,520,064 1,953,520,002   7 NTFS / exFAT / HPFS


Drive: sdd _____________________________________________________________________

Disk /dev/sdd: 4127 MB, 4127195136 bytes
255 heads, 63 sectors/track, 501 cylinders, total 8060928 sectors
Units = sectors of 1 * 512 = 512 bytes
Sector size (logical/physical): 512 bytes / 512 bytes

Partition  Boot  Start Sector    End Sector  # of Sectors  Id System

/dev/sdd1    *             63     8,060,927     8,060,865   c W95 FAT32 (LBA)


"blkid" output: ________________________________________________________________

Device           UUID                                   TYPE       LABEL

/dev/loop0                                              squashfs   
/dev/sda1        887D-F3E4                              vfat       
/dev/sda10       1564-FBAC                              vfat       EFISECTOR
/dev/sda11       1564-FBAC                              vfat       EFISECTOR
/dev/sda12       c6d92ccf-b77f-3189-8fa4-bacceec65e31   hfs        O”
/dev/sda2        d7af4422-186a-4008-9bce-ceeb61c8c0cc   ext4       
/dev/sda3                                               vfat       
/dev/sda4        50D60A27D60A0DC2                       ntfs       Boot
/dev/sda5        acd7c1e0-4df7-36d7-8288-7c3bb2a9def0   hfs        
/dev/sda6        50D60A27D60A0DC2                       ntfs       Boot
/dev/sda7        50D60A27D60A0DC2                       ntfs       Boot
/dev/sda8        50D60A27D60A0DC2                       ntfs       Boot
/dev/sda9        7B46-E576                              vfat       EFISECTOR
/dev/sdb1        282CF48E2CF457F0                       ntfs       Games, Music and Data
/dev/sdb2        42b98e3c-9dfc-4439-b2be-943c7409ae00   ext4       data
/dev/sdc1        2A60950D6094E13D                       ntfs       My Book
/dev/sdd1        E1F5-5586                              vfat       UUI
/dev/sr0                                                iso9660    Fedora-17-i686-Live-Desktop.iso

================================ Mount points: =================================

Device           Mount_Point              Type       Options

/dev/loop0       /rofs                    squashfs   (ro,noatime)
/dev/sdd1        /cdrom                   vfat       (ro,noatime,fmask=0022,dmask=0022,codepage=437,iocharset=iso8859-1,shortname=mixed,errors=remount-ro)


======================== Unknown MBRs/Boot Sectors/etc: ========================

Unknown BootLoader on sda2

00000000  a4 81 00 00 50 10 27 00  ae d3 8b 50 ae d3 8b 50  |....P.'....P...P|
00000010  ae d3 8b 50 00 00 00 00  00 00 01 00 8a 13 00 00  |...P............|
00000020  00 00 08 00 01 00 00 00  0a f3 01 00 04 00 00 00  |................|
00000030  00 00 00 00 00 00 00 00  c5 09 00 00 01 40 04 00  |.............@..|
00000040  00 00 00 00 00 00 00 00  00 00 00 00 00 00 00 00  |................|
*
00000060  00 00 00 00 ab 05 4e 9d  00 00 00 00 00 00 00 00  |......N.........|
00000070  00 00 00 00 00 00 00 00  00 00 00 00 00 00 00 00  |................|
00000080  a4 81 00 00 00 04 00 00  3e dd 8e 50 3e dd 8e 50  |........>..P>..P|
00000090  3e dd 8e 50 00 00 00 00  00 00 01 00 02 00 00 00  |>..P............|
000000a0  00 00 08 00 01 00 00 00  0a f3 01 00 04 00 00 00  |................|
000000b0  00 00 00 00 00 00 00 00  01 00 00 00 01 2c 04 00  |.............,..|
000000c0  00 00 00 00 00 00 00 00  00 00 00 00 00 00 00 00  |................|
*
000000e0  00 00 00 00 ac 05 4e 9d  00 00 00 00 00 00 00 00  |......N.........|
000000f0  00 00 00 00 00 00 00 00  00 00 00 00 00 00 00 00  |................|
00000100  a4 81 00 00 39 67 00 00  ae d3 8b 50 ae d3 8b 50  |....9g.....P...P|
00000110  ae d3 8b 50 00 00 00 00  00 00 01 00 34 00 00 00  |...P........4...|
00000120  00 00 08 00 01 00 00 00  0a f3 01 00 04 00 00 00  |................|
00000130  00 00 00 00 00 00 00 00  1a 00 00 00 01 c8 00 00  |................|
00000140  00 00 00 00 00 00 00 00  00 00 00 00 00 00 00 00  |................|
*
00000160  00 00 00 00 ad 05 4e 9d  00 00 00 00 00 00 00 00  |......N.........|
00000170  00 00 00 00 00 00 00 00  00 00 00 00 00 00 00 00  |................|
00000180  a4 81 00 00 88 03 00 00  94 e5 8b 50 94 e5 8b 50  |...........P...P|
00000190  94 e5 8b 50 00 00 00 00  00 00 01 00 02 00 00 00  |...P............|
000001a0  00 00 08 00 01 00 00 00  0a f3 01 00 04 00 00 00  |................|
000001b0  00 00 00 00 00 00 00 00  01 00 00 00 01 22 04 00  |............."..|
000001c0  00 00 00 00 00 00 00 00  00 00 00 00 00 00 00 00  |................|
*
000001e0  00 00 00 00 ce 5c 59 e4  00 00 00 00 00 00 00 00  |.....\Y.........|
000001f0  00 00 00 00 00 00 00 00  00 00 00 00 00 00 00 00  |................|
00000200

Unknown BootLoader on sda9

00000000  eb 3c 90 4d 53 44 4f 53  35 2e 30 00 02 01 01 00  |.<.MSDOS5.0.....|
00000010  02 e0 00 40 0b f0 09 00  12 00 02 00 00 00 00 00  |...@............|
00000020  00 00 00 00 00 00 29 76  e5 46 7b 45 46 49 53 45  |......)v.F{EFISE|
00000030  43 54 4f 52 20 20 46 41  54 31 32 20 20 20 fa 33  |CTOR  FAT12   .3|
00000040  c0 8e d0 bc 00 7c 16 07  bb 78 00 36 c5 37 1e 56  |.....|...x.6.7.V|
00000050  16 53 bf 3e 7c b9 0b 00  fc f3 a4 06 1f c6 45 fe  |.S.>|.........E.|
00000060  0f 8b 0e 18 7c 88 4d f9  89 47 02 c7 07 3e 7c fb  |....|.M..G...>|.|
00000070  cd 13 72 79 33 c0 39 06  13 7c 74 08 8b 0e 13 7c  |..ry3.9..|t....||
00000080  89 0e 20 7c a0 10 7c f7  26 16 7c 03 06 1c 7c 13  |.. |..|.&.|...|.|
00000090  16 1e 7c 03 06 0e 7c 83  d2 00 a3 50 7c 89 16 52  |..|...|....P|..R|
000000a0  7c a3 49 7c 89 16 4b 7c  b8 20 00 f7 26 11 7c 8b  ||.I|..K|. ..&.|.|
000000b0  1e 0b 7c 03 c3 48 f7 f3  01 06 49 7c 83 16 4b 7c  |..|..H....I|..K||
000000c0  00 bb 00 05 8b 16 52 7c  a1 50 7c e8 92 00 72 1d  |......R|.P|...r.|
000000d0  b0 01 e8 ac 00 72 16 8b  fb b9 0b 00 be e6 7d f3  |.....r........}.|
000000e0  a6 75 0a 8d 7f 20 b9 0b  00 f3 a6 74 18 be 9e 7d  |.u... .....t...}|
000000f0  e8 5f 00 33 c0 cd 16 5e  1f 8f 04 8f 44 02 cd 19  |._.3...^....D...|
00000100  58 58 58 eb e8 8b 47 1a  48 48 8a 1e 0d 7c 32 ff  |XXX...G.HH...|2.|
00000110  f7 e3 03 06 49 7c 13 16  4b 7c bb 00 07 b9 03 00  |....I|..K|......|
00000120  50 52 51 e8 3a 00 72 d8  b0 01 e8 54 00 59 5a 58  |PRQ.:.r....T.YZX|
00000130  72 bb 05 01 00 83 d2 00  03 1e 0b 7c e2 e2 8a 2e  |r..........|....|
00000140  15 7c 8a 16 24 7c 8b 1e  49 7c a1 4b 7c ea 00 00  |.|..$|..I|.K|...|
00000150  70 00 ac 0a c0 74 29 b4  0e bb 07 00 cd 10 eb f2  |p....t).........|
00000160  3b 16 18 7c 73 19 f7 36  18 7c fe c2 88 16 4f 7c  |;..|s..6.|....O||
00000170  33 d2 f7 36 1a 7c 88 16  25 7c a3 4d 7c f8 c3 f9  |3..6.|..%|.M|...|
00000180  c3 b4 02 8b 16 4d 7c b1  06 d2 e6 0a 36 4f 7c 8b  |.....M|.....6O|.|
00000190  ca 86 e9 8a 16 24 7c 8a  36 25 7c cd 13 c3 0d 0a  |.....$|.6%|.....|
000001a0  4e 6f 6e 2d 53 79 73 74  65 6d 20 64 69 73 6b 20  |Non-System disk |
000001b0  6f 72 20 64 69 73 6b 20  65 72 72 6f 72 0d 0a 52  |or disk error..R|
000001c0  65 70 6c 61 63 65 20 61  6e 64 20 70 72 65 73 73  |eplace and press|
000001d0  20 61 6e 79 20 6b 65 79  20 77 68 65 6e 20 72 65  | any key when re|
000001e0  61 64 79 0d 0a 00 49 4f  20 20 20 20 20 20 53 59  |ady...IO      SY|
000001f0  53 4d 53 44 4f 53 20 20  20 53 59 53 00 00 55 aa  |SMSDOS   SYS..U.|
00000200

Unknown BootLoader on sda10

00000000  eb 3c 90 4d 53 44 4f 53  35 2e 30 00 02 01 01 00  |.<.MSDOS5.0.....|
00000010  02 e0 00 40 0b f0 09 00  12 00 02 00 00 00 00 00  |...@............|
00000020  00 00 00 00 00 00 29 ac  fb 64 15 45 46 49 53 45  |......)..d.EFISE|
00000030  43 54 4f 52 20 20 46 41  54 31 32 20 20 20 fa 33  |CTOR  FAT12   .3|
00000040  c0 8e d0 bc 00 7c 16 07  bb 78 00 36 c5 37 1e 56  |.....|...x.6.7.V|
00000050  16 53 bf 3e 7c b9 0b 00  fc f3 a4 06 1f c6 45 fe  |.S.>|.........E.|
00000060  0f 8b 0e 18 7c 88 4d f9  89 47 02 c7 07 3e 7c fb  |....|.M..G...>|.|
00000070  cd 13 72 79 33 c0 39 06  13 7c 74 08 8b 0e 13 7c  |..ry3.9..|t....||
00000080  89 0e 20 7c a0 10 7c f7  26 16 7c 03 06 1c 7c 13  |.. |..|.&.|...|.|
00000090  16 1e 7c 03 06 0e 7c 83  d2 00 a3 50 7c 89 16 52  |..|...|....P|..R|
000000a0  7c a3 49 7c 89 16 4b 7c  b8 20 00 f7 26 11 7c 8b  ||.I|..K|. ..&.|.|
000000b0  1e 0b 7c 03 c3 48 f7 f3  01 06 49 7c 83 16 4b 7c  |..|..H....I|..K||
000000c0  00 bb 00 05 8b 16 52 7c  a1 50 7c e8 92 00 72 1d  |......R|.P|...r.|
000000d0  b0 01 e8 ac 00 72 16 8b  fb b9 0b 00 be e6 7d f3  |.....r........}.|
000000e0  a6 75 0a 8d 7f 20 b9 0b  00 f3 a6 74 18 be 9e 7d  |.u... .....t...}|
000000f0  e8 5f 00 33 c0 cd 16 5e  1f 8f 04 8f 44 02 cd 19  |._.3...^....D...|
00000100  58 58 58 eb e8 8b 47 1a  48 48 8a 1e 0d 7c 32 ff  |XXX...G.HH...|2.|
00000110  f7 e3 03 06 49 7c 13 16  4b 7c bb 00 07 b9 03 00  |....I|..K|......|
00000120  50 52 51 e8 3a 00 72 d8  b0 01 e8 54 00 59 5a 58  |PRQ.:.r....T.YZX|
00000130  72 bb 05 01 00 83 d2 00  03 1e 0b 7c e2 e2 8a 2e  |r..........|....|
00000140  15 7c 8a 16 24 7c 8b 1e  49 7c a1 4b 7c ea 00 00  |.|..$|..I|.K|...|
00000150  70 00 ac 0a c0 74 29 b4  0e bb 07 00 cd 10 eb f2  |p....t).........|
00000160  3b 16 18 7c 73 19 f7 36  18 7c fe c2 88 16 4f 7c  |;..|s..6.|....O||
00000170  33 d2 f7 36 1a 7c 88 16  25 7c a3 4d 7c f8 c3 f9  |3..6.|..%|.M|...|
00000180  c3 b4 02 8b 16 4d 7c b1  06 d2 e6 0a 36 4f 7c 8b  |.....M|.....6O|.|
00000190  ca 86 e9 8a 16 24 7c 8a  36 25 7c cd 13 c3 0d 0a  |.....$|.6%|.....|
000001a0  4e 6f 6e 2d 53 79 73 74  65 6d 20 64 69 73 6b 20  |Non-System disk |
000001b0  6f 72 20 64 69 73 6b 20  65 72 72 6f 72 0d 0a 52  |or disk error..R|
000001c0  65 70 6c 61 63 65 20 61  6e 64 20 70 72 65 73 73  |eplace and press|
000001d0  20 61 6e 79 20 6b 65 79  20 77 68 65 6e 20 72 65  | any key when re|
000001e0  61 64 79 0d 0a 00 49 4f  20 20 20 20 20 20 53 59  |ady...IO      SY|
000001f0  53 4d 53 44 4f 53 20 20  20 53 59 53 00 00 55 aa  |SMSDOS   SYS..U.|
00000200

Unknown BootLoader on sda11

00000000  eb 3c 90 4d 53 44 4f 53  35 2e 30 00 02 01 01 00  |.<.MSDOS5.0.....|
00000010  02 e0 00 40 0b f0 09 00  12 00 02 00 00 00 00 00  |...@............|
00000020  00 00 00 00 00 00 29 ac  fb 64 15 45 46 49 53 45  |......)..d.EFISE|
00000030  43 54 4f 52 20 20 46 41  54 31 32 20 20 20 fa 33  |CTOR  FAT12   .3|
00000040  c0 8e d0 bc 00 7c 16 07  bb 78 00 36 c5 37 1e 56  |.....|...x.6.7.V|
00000050  16 53 bf 3e 7c b9 0b 00  fc f3 a4 06 1f c6 45 fe  |.S.>|.........E.|
00000060  0f 8b 0e 18 7c 88 4d f9  89 47 02 c7 07 3e 7c fb  |....|.M..G...>|.|
00000070  cd 13 72 79 33 c0 39 06  13 7c 74 08 8b 0e 13 7c  |..ry3.9..|t....||
00000080  89 0e 20 7c a0 10 7c f7  26 16 7c 03 06 1c 7c 13  |.. |..|.&.|...|.|
00000090  16 1e 7c 03 06 0e 7c 83  d2 00 a3 50 7c 89 16 52  |..|...|....P|..R|
000000a0  7c a3 49 7c 89 16 4b 7c  b8 20 00 f7 26 11 7c 8b  ||.I|..K|. ..&.|.|
000000b0  1e 0b 7c 03 c3 48 f7 f3  01 06 49 7c 83 16 4b 7c  |..|..H....I|..K||
000000c0  00 bb 00 05 8b 16 52 7c  a1 50 7c e8 92 00 72 1d  |......R|.P|...r.|
000000d0  b0 01 e8 ac 00 72 16 8b  fb b9 0b 00 be e6 7d f3  |.....r........}.|
000000e0  a6 75 0a 8d 7f 20 b9 0b  00 f3 a6 74 18 be 9e 7d  |.u... .....t...}|
000000f0  e8 5f 00 33 c0 cd 16 5e  1f 8f 04 8f 44 02 cd 19  |._.3...^....D...|
00000100  58 58 58 eb e8 8b 47 1a  48 48 8a 1e 0d 7c 32 ff  |XXX...G.HH...|2.|
00000110  f7 e3 03 06 49 7c 13 16  4b 7c bb 00 07 b9 03 00  |....I|..K|......|
00000120  50 52 51 e8 3a 00 72 d8  b0 01 e8 54 00 59 5a 58  |PRQ.:.r....T.YZX|
00000130  72 bb 05 01 00 83 d2 00  03 1e 0b 7c e2 e2 8a 2e  |r..........|....|
00000140  15 7c 8a 16 24 7c 8b 1e  49 7c a1 4b 7c ea 00 00  |.|..$|..I|.K|...|
00000150  70 00 ac 0a c0 74 29 b4  0e bb 07 00 cd 10 eb f2  |p....t).........|
00000160  3b 16 18 7c 73 19 f7 36  18 7c fe c2 88 16 4f 7c  |;..|s..6.|....O||
00000170  33 d2 f7 36 1a 7c 88 16  25 7c a3 4d 7c f8 c3 f9  |3..6.|..%|.M|...|
00000180  c3 b4 02 8b 16 4d 7c b1  06 d2 e6 0a 36 4f 7c 8b  |.....M|.....6O|.|
00000190  ca 86 e9 8a 16 24 7c 8a  36 25 7c cd 13 c3 0d 0a  |.....$|.6%|.....|
000001a0  4e 6f 6e 2d 53 79 73 74  65 6d 20 64 69 73 6b 20  |Non-System disk |
000001b0  6f 72 20 64 69 73 6b 20  65 72 72 6f 72 0d 0a 52  |or disk error..R|
000001c0  65 70 6c 61 63 65 20 61  6e 64 20 70 72 65 73 73  |eplace and press|
000001d0  20 61 6e 79 20 6b 65 79  20 77 68 65 6e 20 72 65  | any key when re|
000001e0  61 64 79 0d 0a 00 49 4f  20 20 20 20 20 20 53 59  |ady...IO      SY|
000001f0  53 4d 53 44 4f 53 20 20  20 53 59 53 00 00 55 aa  |SMSDOS   SYS..U.|
00000200

Unknown BootLoader on sda12

00000000  54 41 49 4c 00 00 4d 4d  85 00 00 00 41 41 88 00  |TAIL..MM....AA..|
00000010  00 00 54 54 8b 00 00 00  45 45 8e 00 00 00 44 44  |..TT....EE....DD|
00000020  91 00 00 00 42 49 9b 00  00 00 00 00 00 00 00 00  |....BI..........|
00000030  00 00 00 00 a1 00 00 00  05 00 06 00 55 54 54 4f  |............UTTO|
00000040  4e 00 00 00 04 00 07 00  4d 41 47 45 00 00 0c 00  |N.......MAGE....|
00000050  08 00 50 46 52 41 4d 45  48 45 4c 50 45 52 00 00  |..PFRAMEHELPER..|
00000060  4f 55 b8 00 00 00 00 00  c1 00 00 00 00 00 fc 00  |OU..............|
00000070  00 00 0b 00 8c 00 4f 4c  45 41 4e 43 48 4f 49 43  |......OLEANCHOIC|
00000080  45 00 00 00 45 45 c4 00  00 00 41 41 c7 00 00 00  |E...EE....AA....|
00000090  44 44 ca 00 00 00 43 43  cd 00 00 00 52 52 d0 00  |DD....CC....RR..|
000000a0  00 00 55 55 d3 00 00 00  4d 4d d6 00 00 00 42 42  |..UU....MM....BB|
000000b0  d9 00 00 00 42 42 dc 00  00 00 41 55 f3 00 00 00  |....BB....AU....|
000000c0  00 00 00 00 00 00 00 00  00 00 00 00 00 00 00 00  |................|
*
000000e0  00 00 00 00 f7 00 00 00  01 00 09 00 52 00 00 00  |............R...|
000000f0  04 00 0a 00 54 54 4f 4e  00 00 04 00 0b 00 54 54  |....TTON......TT|
00000100  4f 4e 00 00 41 55 18 01  00 00 00 00 00 00 00 00  |ON..AU..........|
00000110  00 00 00 00 1e 01 00 00  00 00 00 00 00 00 00 00  |................|
00000120  00 00 3b 01 00 00 00 00  00 00 00 00 00 00 a3 01  |..;.............|
00000130  00 00 06 00 8d 00 54 45  47 4f 52 59 00 00 45 55  |......TEGORY..EU|
00000140  31 01 00 00 00 00 00 00  00 00 00 00 00 00 00 00  |1...............|
00000150  00 00 00 00 00 00 00 00  00 00 00 00 00 00 00 00  |................|
00000160  37 01 00 00 05 00 0c 00  43 4b 42 4f 58 00 00 00  |7.......CKBOX...|
00000170  02 00 0d 00 4e 4b 00 00  4c 4e 40 01 89 01 9e 01  |....NK..LN@.....|
00000180  00 00 4f 4f 43 01 00 00  52 52 46 01 00 00 41 53  |..OOC...RRF...AS|
00000190  5b 01 00 00 00 00 79 01  00 00 00 00 00 00 00 00  |[.....y.........|
000001a0  00 00 00 00 00 00 00 00  00 00 00 00 00 00 00 00  |................|
000001b0  00 00 00 00 80 01 00 00  52 52 5e 01 00 00 45 45  |........RR^...EE|
000001c0  61 01 00 00 41 41 64 01  00 00 42 49 6e 01 00 00  |a...AAd...BIn...|
000001d0  00 00 00 00 00 00 00 00  00 00 74 01 00 00 05 00  |..........t.....|
000001e0  0e 00 55 54 54 4f 4e 00  00 00 04 00 0f 00 4d 41  |..UTTON.......MA|
000001f0  47 45 00 00 07 00 10 00  52 4f 50 44 4f 57 4e 00  |GE......ROPDOWN.|
00000200


=============================== StdErr Messages: ===============================

ERROR: asr: reading /dev/sdc[Input/output error]
ERROR: ddf1: reading /dev/sdc[Input/output error]
ERROR: ddf1: reading /dev/sdc[Input/output error]
ERROR: hpt45x: reading /dev/sdc[Input/output error]
ERROR: isw: reading /dev/sdc[Input/output error]
ERROR: isw: reading /dev/sdc[Input/output error]
ERROR: isw: reading /dev/sdc[Input/output error]
ERROR: jmicron: reading /dev/sdc[Input/output error]
ERROR: lsi: reading /dev/sdc[Input/output error]
ERROR: nvidia: reading /dev/sdc[Input/output error]
ERROR: pdc: reading /dev/sdc[Input/output error]
ERROR: pdc: reading /dev/sdc[Input/output error]
ERROR: pdc: reading /dev/sdc[Input/output error]
ERROR: pdc: reading /dev/sdc[Input/output error]
ERROR: pdc: reading /dev/sdc[Input/output error]
ERROR: pdc: reading /dev/sdc[Input/output error]
ERROR: pdc: reading /dev/sdc[Input/output error]
ERROR: pdc: reading /dev/sdc[Input/output error]
ERROR: pdc: reading /dev/sdc[Input/output error]
ERROR: pdc: reading /dev/sdc[Input/output error]
ERROR: pdc: reading /dev/sdc[Input/output error]
ERROR: pdc: reading /dev/sdc[Input/output error]
ERROR: pdc: reading /dev/sdc[Input/output error]
ERROR: pdc: reading /dev/sdc[Input/output error]
ERROR: pdc: reading /dev/sdc[Input/output error]
ERROR: pdc: reading /dev/sdc[Input/output error]
ERROR: pdc: reading /dev/sdc[Input/output error]
ERROR: pdc: reading /dev/sdc[Input/output error]
ERROR: pdc: reading /dev/sdc[Input/output error]
ERROR: pdc: reading /dev/sdc[Input/output error]
ERROR: pdc: reading /dev/sdc[Input/output error]
ERROR: pdc: reading /dev/sdc[Input/output error]
ERROR: pdc: reading /dev/sdc[Input/output error]
ERROR: pdc: reading /dev/sdc[Input/output error]
ERROR: pdc: reading /dev/sdc[Input/output error]
ERROR: pdc: reading /dev/sdc[Input/output error]
ERROR: pdc: reading /dev/sdc[Input/output error]
ERROR: pdc: reading /dev/sdc[Input/output error]
ERROR: pdc: reading /dev/sdc[Input/output error]
ERROR: pdc: reading /dev/sdc[Input/output error]
ERROR: pdc: reading /dev/sdc[Input/output error]
ERROR: pdc: reading /dev/sdc[Input/output error]
ERROR: pdc: reading /dev/sdc[Input/output error]
ERROR: pdc: reading /dev/sdc[Input/output error]
ERROR: pdc: reading /dev/sdc[Input/output error]
ERROR: pdc: reading /dev/sdc[Input/output error]
ERROR: pdc: reading /dev/sdc[Input/output error]
ERROR: pdc: reading /dev/sdc[Input/output error]
ERROR: pdc: reading /dev/sdc[Input/output error]
ERROR: pdc: reading /dev/sdc[Input/output error]
ERROR: pdc: reading /dev/sdc[Input/output error]
ERROR: pdc: reading /dev/sdc[Input/output error]
ERROR: pdc: reading /dev/sdc[Input/output error]
ERROR: pdc: reading /dev/sdc[Input/output error]
ERROR: pdc: reading /dev/sdc[Input/output error]
ERROR: pdc: reading /dev/sdc[Input/output error]
ERROR: sil: reading /dev/sdc[Input/output error]
ERROR: via: reading /dev/sdc[Input/output error]
ERROR: asr: reading /dev/sdc[Input/output error]
ERROR: ddf1: reading /dev/sdc[Input/output error]
ERROR: ddf1: reading /dev/sdc[Input/output error]
ERROR: hpt45x: reading /dev/sdc[Input/output error]
ERROR: isw: reading /dev/sdc[Input/output error]
ERROR: isw: reading /dev/sdc[Input/output error]
ERROR: isw: reading /dev/sdc[Input/output error]
ERROR: jmicron: reading /dev/sdc[Input/output error]
ERROR: lsi: reading /dev/sdc[Input/output error]
ERROR: nvidia: reading /dev/sdc[Input/output error]
ERROR: pdc: reading /dev/sdc[Input/output error]
ERROR: pdc: reading /dev/sdc[Input/output error]
ERROR: pdc: reading /dev/sdc[Input/output error]
ERROR: pdc: reading /dev/sdc[Input/output error]
ERROR: pdc: reading /dev/sdc[Input/output error]
ERROR: pdc: reading /dev/sdc[Input/output error]
ERROR: pdc: reading /dev/sdc[Input/output error]
ERROR: pdc: reading /dev/sdc[Input/output error]
ERROR: pdc: reading /dev/sdc[Input/output error]
ERROR: pdc: reading /dev/sdc[Input/output error]
ERROR: pdc: reading /dev/sdc[Input/output error]
ERROR: pdc: reading /dev/sdc[Input/output error]
ERROR: pdc: reading /dev/sdc[Input/output error]
ERROR: pdc: reading /dev/sdc[Input/output error]
ERROR: pdc: reading /dev/sdc[Input/output error]
ERROR: pdc: reading /dev/sdc[Input/output error]
ERROR: pdc: reading /dev/sdc[Input/output error]
ERROR: pdc: reading /dev/sdc[Input/output error]
ERROR: pdc: reading /dev/sdc[Input/output error]
ERROR: pdc: reading /dev/sdc[Input/output error]
ERROR: pdc: reading /dev/sdc[Input/output error]
ERROR: pdc: reading /dev/sdc[Input/output error]
ERROR: pdc: reading /dev/sdc[Input/output error]
ERROR: pdc: reading /dev/sdc[Input/output error]
ERROR: pdc: reading /dev/sdc[Input/output error]
ERROR: pdc: reading /dev/sdc[Input/output error]
ERROR: pdc: reading /dev/sdc[Input/output error]
ERROR: pdc: reading /dev/sdc[Input/output error]
ERROR: pdc: reading /dev/sdc[Input/output error]
ERROR: pdc: reading /dev/sdc[Input/output error]
ERROR: pdc: reading /dev/sdc[Input/output error]
ERROR: pdc: reading /dev/sdc[Input/output error]
ERROR: pdc: reading /dev/sdc[Input/output error]
ERROR: pdc: reading /dev/sdc[Input/output error]
ERROR: pdc: reading /dev/sdc[Input/output error]
ERROR: pdc: reading /dev/sdc[Input/output error]
ERROR: pdc: reading /dev/sdc[Input/output error]
ERROR: pdc: reading /dev/sdc[Input/output error]
ERROR: pdc: reading /dev/sdc[Input/output error]
ERROR: pdc: reading /dev/sdc[Input/output error]
ERROR: pdc: reading /dev/sdc[Input/output error]
ERROR: pdc: reading /dev/sdc[Input/output error]
ERROR: pdc: reading /dev/sdc[Input/output error]
ERROR: pdc: reading /dev/sdc[Input/output error]
ERROR: pdc: reading /dev/sdc[Input/output error]
ERROR: pdc: reading /dev/sdc[Input/output error]
ERROR: sil: reading /dev/sdc[Input/output error]
ERROR: via: reading /dev/sdc[Input/output error]
hexdump: sda3/_[^??ÉÉÉ: Input/output error
hexdump: sda3/_[^??ÉÉÉ: Input/output error
hexdump: sda3/_[^??ÉÉÉ: Input/output error
hexdump: sda3/???  ä?.äù: Input/output error
hexdump: sda3/???  ä?.äù: Input/output error
hexdump: sda3/???  ä?.äù: Input/output error
hexdump: sda3/?.  : Input/output error
hexdump: sda3/?.  : Input/output error
hexdump: sda3/?.  : Input/output error
hexdump: sda3/?".: Input/output error
hexdump: sda3/?".: Input/output error
hexdump: sda3/?".: Input/output error
hexdump: sda3/?@?ÉÉÉÉÉ: Input/output error
hexdump: sda3/?@?ÉÉÉÉÉ: Input/output error
hexdump: sda3/?@?ÉÉÉÉÉ: Input/output error
hexdump: sda3/?Å?  ï??.: Input/output error
hexdump: sda3/?Å?  ï??.: Input/output error
hexdump: sda3/?Å?  ï??.: Input/output error
hexdump: sda3/?ìäá.: Input/output error
hexdump: sda3/?ìäá.: Input/output error
hexdump: sda3/?ìäá.: Input/output error
hexdump: sda3/: Input/output error
hexdump: sda3/: Input/output error
hexdump: sda3/: Input/output error
hexdump: sda3/à?.à÷: Input/output error
hexdump: sda3/à?.à÷: Input/output error
hexdump: sda3/à?.à÷: Input/output error
hexdump: sda3/â}: Input/output error
hexdump: sda3/â}: Input/output error
hexdump: sda3/â}: Input/output error
hexdump: sda3/  ä?ä?: Input/output error
hexdump: sda3/  ä?ä?: Input/output error
hexdump: sda3/  ä?ä?: Input/output error
hexdump: sda3/? .^?: Input/output error
hexdump: sda3/? .^?: Input/output error
hexdump: sda3/? .^?: Input/output error
hexdump: sda3/ï??ê?  .ä?: Input/output error
hexdump: sda3/ï??ê?  .ä?: Input/output error
hexdump: sda3/ï??ê?  .ä?: Input/output error
hexdump: sda3/ï±â~4.ïF0: Input/output error
hexdump: sda3/ï±â~4.ïF0: Input/output error
hexdump: sda3/ï±â~4.ïF0: Input/output error
hexdump: sda3/9]|cï?é: Input/output error
hexdump: sda3/9]|cï?é: Input/output error
hexdump: sda3/9]|cï?é: Input/output error
hexdump: sda3/ÉÉÉèA]¿.à?: Input/output error
hexdump: sda3/ÉÉÉèA]¿.à?: Input/output error
hexdump: sda3/ÉÉÉèA]¿.à?: Input/output error
hexdump: sda3/ïA?ÉÉÉÉ: Input/output error
hexdump: sda3/ïA?ÉÉÉÉ: Input/output error
hexdump: sda3/ïA?ÉÉÉÉ: Input/output error
hexdump: sda3/ÉÉ?A?à.e: Input/output error
hexdump: sda3/ÉÉ?A?à.e: Input/output error
hexdump: sda3/ÉÉ?A?à.e: Input/output error
hexdump: sda3/+ºîAÄ±^.#by: Input/output error
hexdump: sda3/+ºîAÄ±^.#by: Input/output error
hexdump: sda3/+ºîAÄ±^.#by: Input/output error
hexdump: sda3/#?  ä?à.&b: Input/output error
hexdump: sda3/#?  ä?à.&b: Input/output error
hexdump: sda3/#?  ä?à.&b: Input/output error
hexdump: sda3/ï??e??.?÷?: Input/output error
hexdump: sda3/ï??e??.?÷?: Input/output error
hexdump: sda3/ï??e??.?÷?: Input/output error
hexdump: sda3/ï?à?î.?e: Input/output error
hexdump: sda3/ï?à?î.?e: Input/output error
hexdump: sda3/ï?à?î.?e: Input/output error
hexdump: sda3/ïï?ëe??.:: Input/output error
hexdump: sda3/ïï?ëe??.:: Input/output error
hexdump: sda3/ïï?ëe??.:: Input/output error
hexdump: sda3/?e°3??_.^[?: Input/output error
hexdump: sda3/?e°3??_.^[?: Input/output error
hexdump: sda3/?e°3??_.^[?: Input/output error
hexdump: sda3/ï?ïE?E. u: Input/output error
hexdump: sda3/ï?ïE?E. u: Input/output error
hexdump: sda3/ï?ïE?E. u: Input/output error
hexdump: sda3/ïe.?I: Input/output error
hexdump: sda3/ïe.?I: Input/output error
hexdump: sda3/ïe.?I: Input/output error
hexdump: sda3/ï?ïEVï±.ëà: Input/output error
hexdump: sda3/ï?ïEVï±.ëà: Input/output error
hexdump: sda3/ï?ïEVï±.ëà: Input/output error
hexdump: sda3/ï??E?Y.]?: Input/output error
hexdump: sda3/ï??E?Y.]?: Input/output error
hexdump: sda3/ï??E?Y.]?: Input/output error
hexdump: sda3/????èF0.?^P: Input/output error
hexdump: sda3/????èF0.?^P: Input/output error
hexdump: sda3/????èF0.?^P: Input/output error
hexdump: sda3/äFW.]?: Input/output error
hexdump: sda3/äFW.]?: Input/output error
hexdump: sda3/äFW.]?: Input/output error
hexdump: sda3/à,g.]?: Input/output error
hexdump: sda3/à,g.]?: Input/output error
hexdump: sda3/à,g.]?: Input/output error
hexdump: sda3/. h|: Input/output error
hexdump: sda3/. h|: Input/output error
hexdump: sda3/. h|: Input/output error
hexdump: sda3/ïh?. ]: Input/output error
hexdump: sda3/ïh?. ]: Input/output error
hexdump: sda3/ïh?. ]: Input/output error
hexdump: sda3/i.àj: Input/output error
hexdump: sda3/i.àj: Input/output error
hexdump: sda3/i.àj: Input/output error
hexdump: sda3/ion.dll.Dll: Input/output error
hexdump: sda3/ion.dll.Dll: Input/output error
hexdump: sda3/ion.dll.Dll: Input/output error
hexdump: sda3/ÉÉÉïIà?.t ?: Input/output error
hexdump: sda3/ÉÉÉïIà?.t ?: Input/output error
hexdump: sda3/ÉÉÉïIà?.t ?: Input/output error
hexdump: sda3/ivïqä.ä: Input/output error
hexdump: sda3/ivïqä.ä: Input/output error
hexdump: sda3/ivïqä.ä: Input/output error
hexdump: sda3/???  ä?.à]j: Input/output error
hexdump: sda3/???  ä?.à]j: Input/output error
hexdump: sda3/???  ä?.à]j: Input/output error
hexdump: sda3/?k?  ä?.àG[: Input/output error
hexdump: sda3/?k?  ä?.àG[: Input/output error
hexdump: sda3/?k?  ä?.àG[: Input/output error
hexdump: sda3/ïkpwâ??.: Input/output error
hexdump: sda3/ïkpwâ??.: Input/output error
hexdump: sda3/ïkpwâ??.: Input/output error
hexdump: sda3/??.Éâl: Input/output error
hexdump: sda3/??.Éâl: Input/output error
hexdump: sda3/??.Éâl: Input/output error
hexdump: sda3/??  ä?.àm\: Input/output error
hexdump: sda3/??  ä?.àm\: Input/output error
hexdump: sda3/??  ä?.àm\: Input/output error
hexdump: sda3/ìM? 7?.?  : Input/output error
hexdump: sda3/ìM? 7?.?  : Input/output error
hexdump: sda3/ìM? 7?.?  : Input/output error
hexdump: sda3/(ïïmï@.ëA: Input/output error
hexdump: sda3/(ïïmï@.ëA: Input/output error
hexdump: sda3/(ïïmï@.ëA: Input/output error
hexdump: sda3/ìM u???.?  : Input/output error
hexdump: sda3/ìM u???.?  : Input/output error
hexdump: sda3/ìM u???.?  : Input/output error
hexdump: sda3/m? u?d: Input/output error
hexdump: sda3/m? u?d: Input/output error
hexdump: sda3/m? u?d: Input/output error
hexdump: sda3/±ïn0v?!: Input/output error
hexdump: sda3/±ïn0v?!: Input/output error
hexdump: sda3/±ïn0v?!: Input/output error
hexdump: sda3/?âß?ïN.X??: Input/output error
hexdump: sda3/?âß?ïN.X??: Input/output error
hexdump: sda3/?âß?ïN.X??: Input/output error
hexdump: sda3/à?P.â=,: Input/output error
hexdump: sda3/à?P.â=,: Input/output error
hexdump: sda3/à?P.â=,: Input/output error
hexdump: sda3/P???  ë~._^: Input/output error
hexdump: sda3/P???  ë~._^: Input/output error
hexdump: sda3/P???  ë~._^: Input/output error
hexdump: sda3/ë~P?3?  .wìf: Input/output error
hexdump: sda3/ë~P?3?  .wìf: Input/output error
hexdump: sda3/ë~P?3?  .wìf: Input/output error
hexdump: sda3/ìà??  Pj: Input/output error
hexdump: sda3/ìà??  Pj: Input/output error
hexdump: sda3/ìà??  Pj: Input/output error
hexdump: sda3/^pï?á.à t: Input/output error
hexdump: sda3/^pï?á.à t: Input/output error
hexdump: sda3/^pï?á.à t: Input/output error
hexdump: sda3/ ?]°q?e.Q?: Input/output error
hexdump: sda3/ ?]°q?e.Q?: Input/output error
hexdump: sda3/ ?]°q?e.Q?: Input/output error
hexdump: sda3/ëïqëp.ëa: Input/output error
hexdump: sda3/ëïqëp.ëa: Input/output error
hexdump: sda3/ëïqëp.ëa: Input/output error
hexdump: sda3/R.ä? : Input/output error
hexdump: sda3/R.ä? : Input/output error
hexdump: sda3/R.ä? : Input/output error
hexdump: sda3/sï??(?  .ä?: Input/output error
hexdump: sda3/sï??(?  .ä?: Input/output error
hexdump: sda3/sï??(?  .ä?: Input/output error
hexdump: sda3/SVWì??: Input/output error
hexdump: sda3/SVWì??: Input/output error
hexdump: sda3/SVWì??: Input/output error
hexdump: sda3/±?.t: Input/output error
hexdump: sda3/±?.t: Input/output error
hexdump: sda3/±?.t: Input/output error
hexdump: sda3/ï?á.t3ì: Input/output error
hexdump: sda3/ï?á.t3ì: Input/output error
hexdump: sda3/ï?á.t3ì: Input/output error
hexdump: sda3/?t%ìHï.;?: Input/output error
hexdump: sda3/?t%ìHï.;?: Input/output error
hexdump: sda3/?t%ìHï.;?: Input/output error
hexdump: sda3/à?tïq .p3: Input/output error
hexdump: sda3/à?tïq .p3: Input/output error
hexdump: sda3/à?tïq .p3: Input/output error
hexdump: sda3/àæt?u '.?u : Input/output error
hexdump: sda3/àæt?u '.?u : Input/output error
hexdump: sda3/àæt?u '.?u : Input/output error
hexdump: sda3/???  ä?.à?u: Input/output error
hexdump: sda3/???  ä?.à?u: Input/output error
hexdump: sda3/???  ä?.à?u: Input/output error
hexdump: sda3/?.?u: Input/output error
hexdump: sda3/?.?u: Input/output error
hexdump: sda3/?.?u: Input/output error
hexdump: sda3/à#.à?u: Input/output error
hexdump: sda3/à#.à?u: Input/output error
hexdump: sda3/à#.à?u: Input/output error
hexdump: sda3/ à?u1ï~.à : Input/output error
hexdump: sda3/ à?u1ï~.à : Input/output error
hexdump: sda3/ à?u1ï~.à : Input/output error
hexdump: sda3/;uë1^;.A: Input/output error
hexdump: sda3/;uë1^;.A: Input/output error
hexdump: sda3/;uë1^;.A: Input/output error
hexdump: sda3/ï Uï?â?.âe°: Input/output error
hexdump: sda3/ï Uï?â?.âe°: Input/output error
hexdump: sda3/ï Uï?â?.âe°: Input/output error
hexdump: sda3/ï uï?ïe.âx: Input/output error
hexdump: sda3/ï uï?ïe.âx: Input/output error
hexdump: sda3/ï uï?ïe.âx: Input/output error
hexdump: sda3/ uï?â?h.: Input/output error
hexdump: sda3/ uï?â?h.: Input/output error
hexdump: sda3/ uï?â?h.: Input/output error
hexdump: sda3/ïuìN???.?  : Input/output error
hexdump: sda3/ïuìN???.?  : Input/output error
hexdump: sda3/ïuìN???.?  : Input/output error
hexdump: sda3/ïuìN??b.?  : Input/output error
hexdump: sda3/ïuìN??b.?  : Input/output error
hexdump: sda3/ïuìN??b.?  : Input/output error
hexdump: sda3/ééï uï?ï.Q`ï: Input/output error
hexdump: sda3/ééï uï?ï.Q`ï: Input/output error
hexdump: sda3/ééï uï?ï.Q`ï: Input/output error
hexdump: sda3/ééï uï?ï.Qï: Input/output error
hexdump: sda3/ééï uï?ï.Qï: Input/output error
hexdump: sda3/ééï uï?ï.Qï: Input/output error
hexdump: sda3/ï Uï?QQV.ï±÷: Input/output error
hexdump: sda3/ï Uï?QQV.ï±÷: Input/output error
hexdump: sda3/ï Uï?QQV.ï±÷: Input/output error
hexdump: sda3/ï Uï?Sï].s?: Input/output error
hexdump: sda3/ï Uï?Sï].s?: Input/output error
hexdump: sda3/ï Uï?Sï].s?: Input/output error
hexdump: sda3/]? u? u?.?: Input/output error
hexdump: sda3/]? u? u?.?: Input/output error
hexdump: sda3/]? u? u?.?: Input/output error
hexdump: sda3/ééï uï? .uï: Input/output error
hexdump: sda3/ééï uï? .uï: Input/output error
hexdump: sda3/ééï uï? .uï: Input/output error
hexdump: sda3/?u?'ëu '.? l: Input/output error
hexdump: sda3/?u?'ëu '.? l: Input/output error
hexdump: sda3/?u?'ëu '.? l: Input/output error
hexdump: sda3/uw?ï??: Input/output error
hexdump: sda3/uw?ï??: Input/output error
hexdump: sda3/uw?ï??: Input/output error
hexdump: sda3/²  à?|# .v?: Input/output error
hexdump: sda3/²  à?|# .v?: Input/output error
hexdump: sda3/²  à?|# .v?: Input/output error
hexdump: sda3/?v8?v@?e.?^: Input/output error
hexdump: sda3/?v8?v@?e.?^: Input/output error
hexdump: sda3/?v8?v@?e.?^: Input/output error
hexdump: sda3/ï?â?vï±.÷F\: Input/output error
hexdump: sda3/ï?â?vï±.÷F\: Input/output error
hexdump: sda3/ï?â?vï±.÷F\: Input/output error
hexdump: sda3/ïv??^?ì.M??: Input/output error
hexdump: sda3/ïv??^?ì.M??: Input/output error
hexdump: sda3/ïv??^?ì.M??: Input/output error
hexdump: sda3/w._ä: Input/output error
hexdump: sda3/w._ä: Input/output error
hexdump: sda3/w._ä: Input/output error
hexdump: sda3/W Pïà?.àD: Input/output error
hexdump: sda3/W Pïà?.àD: Input/output error
hexdump: sda3/W Pïà?.àD: Input/output error
hexdump: sda3/;?wï?;?.wï: Input/output error
hexdump: sda3/;?wï?;?.wï: Input/output error
hexdump: sda3/;?wï?;?.wï: Input/output error
hexdump: sda3/??ª.xï: Input/output error
hexdump: sda3/??ª.xï: Input/output error
hexdump: sda3/??ª.xï: Input/output error
hexdump: sda3/?²?  Yï?.^]?: Input/output error
hexdump: sda3/?²?  Yï?.^]?: Input/output error
hexdump: sda3/?²?  Yï?.^]?: Input/output error
hexdump: sda3/z?  ëb?.6!: Input/output error
hexdump: sda3/z?  ëb?.6!: Input/output error
hexdump: sda3/z?  ëb?.6!: Input/output error
./bootinfoscript: line 1646: [: 2.73495e+09: integer expression expected
```

Is there any way I can undo my mistake and repair the GPT or do I have to reinstall my system?

If you need further information, just tell me.

---

### Post by gerwalt on 2014-01-03
To secure my data I tried to mount the partitions containing the OS, but got an error that looks the same for each partition:

```
Error mounting: mount: wrong fs type, bad option, bad superblock on /dev/sda12,
       missing codepage or helper program, or other error
       In some cases useful info is found in syslog - try
       dmesg | tail  or so
```

E.g. the sda12 output of dmesg:

```
[20905.004937] hfs: unable to locate alternate MDB
[20905.004941] hfs: continuing without an alternate MDB
[20905.005483] attempt to access beyond end of device
[20905.005487] sda12: rw=0, want=108914, limit=101443
[20905.005490] quiet_error: 3 callbacks suppressed
[20905.005492] Buffer I/O error on device sda12, logical block 108913
[20905.005496] attempt to access beyond end of device
[20905.005498] sda12: rw=0, want=108915, limit=101443
[20905.005500] Buffer I/O error on device sda12, logical block 108914
[20905.005502] attempt to access beyond end of device
[20905.005504] sda12: rw=0, want=108916, limit=101443
[20905.005506] Buffer I/O error on device sda12, logical block 108915
[20905.005508] attempt to access beyond end of device
[20905.005510] sda12: rw=0, want=108917, limit=101443
[20905.005512] Buffer I/O error on device sda12, logical block 108916
[20905.005514] attempt to access beyond end of device
[20905.005516] sda12: rw=0, want=108918, limit=101443
[20905.005518] Buffer I/O error on device sda12, logical block 108917
[20905.005520] attempt to access beyond end of device
[20905.005522] sda12: rw=0, want=108919, limit=101443
[20905.005524] Buffer I/O error on device sda12, logical block 108918
[20905.005525] attempt to access beyond end of device
[20905.005527] sda12: rw=0, want=108920, limit=101443
[20905.005529] Buffer I/O error on device sda12, logical block 108919
[20905.005531] attempt to access beyond end of device
[20905.005533] sda12: rw=0, want=108921, limit=101443
[20905.005535] Buffer I/O error on device sda12, logical block 108920
[20905.005538] attempt to access beyond end of device
[20905.005540] sda12: rw=0, want=108914, limit=101443
[20905.005542] Buffer I/O error on device sda12, logical block 108913
[20905.005544] attempt to access beyond end of device
[20905.005546] sda12: rw=0, want=108915, limit=101443
[20905.005547] Buffer I/O error on device sda12, logical block 108914
[20905.005549] attempt to access beyond end of device
[20905.005551] sda12: rw=0, want=108916, limit=101443
[20905.005553] attempt to access beyond end of device
[20905.005555] sda12: rw=0, want=108917, limit=101443
[20905.005557] attempt to access beyond end of device
[20905.005559] sda12: rw=0, want=108918, limit=101443
[20905.005561] attempt to access beyond end of device
[20905.005563] sda12: rw=0, want=108919, limit=101443
[20905.005565] attempt to access beyond end of device
[20905.005567] sda12: rw=0, want=108920, limit=101443
[20905.005569] attempt to access beyond end of device
[20905.005571] sda12: rw=0, want=108921, limit=101443
[20905.005582] hfs: unable to open extent tree
[20905.005585] hfs: can't find a HFS filesystem on dev sda12.
```

I can only access the 3 EFISECTORs which are sda9 to sda11 and 4 Boot Partitions which are sda4 to sda8, as well as the original Boot Partition sda1. Except the original boot partition all of these are really small (less than 1MB).

If I cant repair the mess with GPT, is there at least any way to access my data and secure what I havent backed up?

---

### Post by gerwalt on 2014-01-03
Is here anyone who can help me restore the gpt like "YesWeCan" told "Quaxo76" in this post: [http://ubuntuforums.org/showthread.php?t=1849060](http://ubuntuforums.org/showthread.php?t=1849060)

It seemed to be about MBR and ext3 mostly (I use GPT and ext4 and ntfs mostly), so I probably cant use the same commands.

---

### Post by gerwalt on 2014-01-03
Results of testdisk after analysing:

```
Disk /dev/sda - 128 GB / 119 GiB - CHS 15566 255 63

The harddisk (128 GB / 119 GiB) seems too small! (< 1331 GB / 1240 GiB)
Check the harddisk size: HD jumpers settings, BIOS detection...

The following partitions can't be recovered:
     Partition               Start        End    Size in sectors
>  Mac HFS                  1965219 2600910116 2598944898
   Mac HFS                  3066614  765480213  762413600
   Mac HFS                239453227 1353303851 1113850625 [D^B]
```

Structure found by testdisk:

```
Disk /dev/sda - 128 GB / 119 GiB - CHS 15566 255 63
     Partition               Start        End    Size in sectors
>P MS Data                     2048     206847     204800 [NO NAME]
 P MS Data                   280582    1304581    1024000
 P MS Data                 13697667   13718405      20739 [NO NAME]
 P MS Data                 16107048   16113221       6174 [Boot]
 P Mac HFS                 35215801   68770494   33554694
 P MS Data                 76255608   76261781       6174 [Boot]
 P MS Data                 76261800   76267973       6174 [Boot]
 P MS Data                 76267992   76274165       6174 [Boot]
 P MS Data                 76277048   76279927       2880 [EFISECTOR]
 P MS Data                 97055432   97058311       2880 [EFISECTOR]
 P MS Data                 98621616   98624495       2880 [EFISECTOR]
 P Mac HFS                117148623  117250065     101443 [O~T^B]
 P MS Data                118786047  237103102  118317056
```

---

### Post by YesWeCan on 2014-01-03
Hi. Well it seems to me that you have inadvertently mangled the partition table of your disk. It doesn't look
good but it may be possible to do a manual reconstruction of the partition table.

First, I would like to know what partitions you think you had on the SSD before the incident and roughly how
big they were?
[FONT=courier new][FONT=arial]
[/FONT]
[/FONT]

---

### Post by gerwalt on 2014-01-04
I had a / with 500MB, /boot for EFI with 100MB. Those seem to be still there at the beginning of the drive. Both ext4. For Windows I had a NTFS Partition with around 60GB and /home with I think 30gb, also ext4. I'm not sure, but I also had some unallocated space, around 10-20GB.

---

### Post by YesWeCan on 2014-01-04
The challenge is to try to find where the original partitions started and ended. The only one that seems known is the 500MB linux.
Can you run testdisk on sda again and do a "deep search"?
See: [http://www.cgsecurity.org/wiki/TestDisk_Step_By_Step#A_partition_is_still_missing:_Deeper_Search](http://www.cgsecurity.org/wiki/TestDisk_Step_By_Step#A_partition_is_still_missing:_Deeper_Search)

---

### Post by gerwalt on 2014-01-04
Yes, already did that, but currently dont have the results. There were like 500 Partitions. Let me do the deep search again and then I'll try to post the result here.

And I think I have to correct my numbers to the partitions. I still think that there were a 500mb and a 100mb partition, but I forgot swap and I'm sure / was bigger than just 500mb. swap must have been about 16gb (same as my ram size) and / probably 10gb. the 100mb was for EFI and 500 maybe for /boot. /home was maybe like 20gb.

So many maybes I hope that at least something is correct. :(

---

### Post by gerwalt on 2014-01-04
Partitions that testdisk cant recover after quick search:

```
Disk /dev/sda - 128 GB / 119 GiB - CHS 15566 255 63

The harddisk (128 GB / 119 GiB) seems too small! (< 1331 GB / 1240 GiB)
Check the harddisk size: HD jumpers settings, BIOS detection...

The following partitions can't be recovered:
     Partition               Start        End    Size in sectors
>  Mac HFS                  1965219 2600910116 2598944898
   Mac HFS                  3066614  765480213  762413600
   Mac HFS                239453227 1353303851 1113850625 [D^B]
```

Structure after Quick Search:

```
Disk /dev/sda - 128 GB / 119 GiB - CHS 15566 255 63
     Partition               Start        End    Size in sectors
>P MS Data                     2048     206847     204800 [NO NAME]
 P MS Data                   280582    1304581    1024000
 P MS Data                 13697667   13718405      20739 [NO NAME]
 P MS Data                 16107048   16113221       6174 [Boot]
 P Mac HFS                 35215801   68770494   33554694
 P MS Data                 76255608   76261781       6174 [Boot]
 P MS Data                 76261800   76267973       6174 [Boot]
 P MS Data                 76267992   76274165       6174 [Boot]
 P MS Data                 76277048   76279927       2880 [EFISECTOR]
 P MS Data                 97055432   97058311       2880 [EFISECTOR]
 P MS Data                 98621616   98624495       2880 [EFISECTOR]
 P Mac HFS                117148623  117250065     101443 [O~T^B]
 P MS Data                118786047  237103102  118317056
```

Partitions where testdisk says they cant be restored after deep search:

```
Disk /dev/sda - 128 GB / 119 GiB - CHS 15566 255 63
Check the harddisk size: HD jumpers settings, BIOS detection...
The harddisk (128 GB / 119 GiB) seems too small! (< 1331 GB / 1240 GiB)
The following partitions can't be recovered:
     Mac HFS                  1965219 2600910116 2598944898
     HFS, 1330 GB / 1239 GiB
     Mac HFS                  3066614  765480213  762413600
     HFS, 390 GB / 363 GiB
     Mac HFS                 58002510 1344827318 1286824809 [g]
     HFS, 658 GB / 613 GiB
     Mac HFS                 58002518 1403628735 1345626218 [h]
     HFS, 688 GB / 641 GiB
     Mac HFS                128918299 1242768923 1113850625 [D]
     HFS, 570 GB / 531 GiB
     Mac HFS                129855931 1243706555 1113850625 [D]
     HFS, 570 GB / 531 GiB
     Mac HFS                141829163 1255679787 1113850625 [D]
     HFS, 570 GB / 531 GiB
     Mac HFS                141927467 1255778091 1113850625 [D]
     HFS, 570 GB / 531 GiB
     MS Data                186845208  313245719  126400512
     EXT4 Large file Sparse superblock Recover, 64 GB / 60 GiB
     MS Data                186845896  313246407  126400512
     EXT4 Large file Sparse superblock Recover, 64 GB / 60 GiB
     MS Data                186846096  313246607  126400512
     EXT4 Large file Sparse superblock Recover, 64 GB / 60 GiB
     MS Data                186846208  313246719  126400512
     EXT4 Large file Sparse superblock Recover, 64 GB / 60 GiB
     MS Data                186846328  313246839  126400512
     EXT4 Large file Sparse superblock Recover, 64 GB / 60 GiB
     MS Data                186846552  313247063  126400512
     EXT4 Large file Sparse superblock Recover, 64 GB / 60 GiB
     MS Data                186846936  313247447  126400512
     EXT4 Large file Sparse superblock Recover, 64 GB / 60 GiB
     MS Data                186847048  313247559  126400512
     EXT4 Large file Sparse superblock Recover, 64 GB / 60 GiB
     MS Data                186847152  313247663  126400512
     EXT4 Large file Sparse superblock Recover, 64 GB / 60 GiB
     MS Data                186847240  313247751  126400512
     EXT4 Large file Sparse superblock Recover, 64 GB / 60 GiB
     MS Data                186847392  313247903  126400512
     EXT4 Large file Sparse superblock Recover, 64 GB / 60 GiB
     MS Data                186847456  313247967  126400512
     EXT4 Large file Sparse superblock Recover, 64 GB / 60 GiB
     MS Data                186847592  313248103  126400512
     EXT4 Large file Sparse superblock Recover, 64 GB / 60 GiB
     MS Data                186847712  313248223  126400512
     EXT4 Large file Sparse superblock Recover, 64 GB / 60 GiB
     MS Data                186847832  313248343  126400512
     EXT4 Large file Sparse superblock Recover, 64 GB / 60 GiB
     MS Data                186847888  313248399  126400512
     EXT4 Large file Sparse superblock Recover, 64 GB / 60 GiB
     MS Data                186848032  313248543  126400512
     EXT4 Large file Sparse superblock Recover, 64 GB / 60 GiB
     MS Data                186848120  313248631  126400512
     EXT4 Large file Sparse superblock Recover, 64 GB / 60 GiB
     MS Data                186848224  313248735  126400512
     EXT4 Large file Sparse superblock Recover, 64 GB / 60 GiB
     MS Data                186848320  313248831  126400512
     EXT4 Large file Sparse superblock Recover, 64 GB / 60 GiB
     MS Data                186848424  313248935  126400512
     EXT4 Large file Sparse superblock Recover, 64 GB / 60 GiB
     MS Data                186848552  313249063  126400512
     EXT4 Large file Sparse superblock Recover, 64 GB / 60 GiB
     MS Data                186848656  313249167  126400512
     EXT4 Large file Sparse superblock Recover, 64 GB / 60 GiB
     MS Data                186848760  313249271  126400512
     EXT4 Large file Sparse superblock Recover, 64 GB / 60 GiB
     MS Data                186848984  313249495  126400512
     EXT4 Large file Sparse superblock Recover, 64 GB / 60 GiB
     MS Data                186849120  313249631  126400512
     EXT4 Large file Sparse superblock Recover, 64 GB / 60 GiB
     MS Data                186849544  313250055  126400512
     EXT4 Large file Sparse superblock Recover, 64 GB / 60 GiB
     MS Data                186849760  313250271  126400512
     EXT4 Large file Sparse superblock Recover, 64 GB / 60 GiB
     MS Data                186849968  313250479  126400512
     EXT4 Large file Sparse superblock Recover, 64 GB / 60 GiB
     MS Data                186850232  313250743  126400512
     EXT4 Large file Sparse superblock Recover, 64 GB / 60 GiB
     MS Data                186850416  313250927  126400512
     EXT4 Large file Sparse superblock Recover, 64 GB / 60 GiB
     MS Data                186850888  313251399  126400512
     EXT4 Large file Sparse superblock Recover, 64 GB / 60 GiB
     MS Data                186851064  313251575  126400512
     EXT4 Large file Sparse superblock Recover, 64 GB / 60 GiB
     MS Data                186851160  313251671  126400512
     EXT4 Large file Sparse superblock Recover, 64 GB / 60 GiB
     MS Data                186851280  313251791  126400512
     EXT4 Large file Sparse superblock Recover, 64 GB / 60 GiB
     MS Data                186851472  313251983  126400512
     EXT4 Large file Sparse superblock Recover, 64 GB / 60 GiB
     MS Data                186851664  313252175  126400512
     EXT4 Large file Sparse superblock Recover, 64 GB / 60 GiB
     MS Data                186851968  313252479  126400512
     EXT4 Large file Sparse superblock Recover, 64 GB / 60 GiB
     MS Data                186852392  313252903  126400512
     EXT4 Large file Sparse superblock Recover, 64 GB / 60 GiB
     MS Data                186852568  313253079  126400512
     EXT4 Large file Sparse superblock Recover, 64 GB / 60 GiB
     MS Data                186852880  313253391  126400512
     EXT4 Large file Sparse superblock Recover, 64 GB / 60 GiB
     MS Data                186853288  313253799  126400512
     EXT4 Large file Sparse superblock Recover, 64 GB / 60 GiB
     MS Data                186853680  313254191  126400512
     EXT4 Large file Sparse superblock Recover, 64 GB / 60 GiB
     MS Data                186853872  313254383  126400512
     EXT4 Large file Sparse superblock Recover, 64 GB / 60 GiB
     MS Data                186853984  313254495  126400512
     EXT4 Large file Sparse superblock Recover, 64 GB / 60 GiB
     MS Data                186854040  313254551  126400512
     EXT4 Large file Sparse superblock Recover, 64 GB / 60 GiB
     MS Data                186854344  313254855  126400512
     EXT4 Large file Sparse superblock Recover, 64 GB / 60 GiB
     MS Data                186854632  313255143  126400512
     EXT4 Large file Sparse superblock Recover, 64 GB / 60 GiB
     MS Data                186854800  313255311  126400512
     EXT4 Large file Sparse superblock Recover, 64 GB / 60 GiB
     MS Data                186854960  313255471  126400512
     EXT4 Large file Sparse superblock Recover, 64 GB / 60 GiB
     MS Data                186855136  313255647  126400512
     EXT4 Large file Sparse superblock Recover, 64 GB / 60 GiB
     MS Data                186855248  313255759  126400512
     EXT4 Large file Sparse superblock Recover, 64 GB / 60 GiB
     MS Data                186855488  313255999  126400512
     EXT4 Large file Sparse superblock Recover, 64 GB / 60 GiB
     MS Data                186855824  313256335  126400512
     EXT4 Large file Sparse superblock Recover, 64 GB / 60 GiB
     MS Data                186856080  313256591  126400512
     EXT4 Large file Sparse superblock Recover, 64 GB / 60 GiB
     MS Data                186856240  313256751  126400512
     EXT4 Large file Sparse superblock Recover, 64 GB / 60 GiB
     MS Data                186856528  313257039  126400512
     EXT4 Large file Sparse superblock Recover, 64 GB / 60 GiB
     MS Data                186856712  313257223  126400512
     EXT4 Large file Sparse superblock Recover, 64 GB / 60 GiB
     MS Data                186857040  313257551  126400512
     EXT4 Large file Sparse superblock Recover, 64 GB / 60 GiB
     MS Data                186857304  313257815  126400512
     EXT4 Large file Sparse superblock Recover, 64 GB / 60 GiB
     MS Data                186857504  313258015  126400512
     EXT4 Large file Sparse superblock Recover, 64 GB / 60 GiB
     MS Data                186857672  313258183  126400512
     EXT4 Large file Sparse superblock Recover, 64 GB / 60 GiB
     MS Data                186857856  313258367  126400512
     EXT4 Large file Sparse superblock Recover, 64 GB / 60 GiB
     MS Data                186858056  313258567  126400512
     EXT4 Large file Sparse superblock Recover, 64 GB / 60 GiB
     MS Data                186858312  313258823  126400512
     EXT4 Large file Sparse superblock Recover, 64 GB / 60 GiB
     MS Data                186858504  313259015  126400512
     EXT4 Large file Sparse superblock Recover, 64 GB / 60 GiB
     MS Data                186858752  313259263  126400512
     EXT4 Large file Sparse superblock Recover, 64 GB / 60 GiB
     MS Data                186859000  313259511  126400512
     EXT4 Large file Sparse superblock Recover, 64 GB / 60 GiB
     MS Data                186859312  313259823  126400512
     EXT4 Large file Sparse superblock Recover, 64 GB / 60 GiB
     MS Data                186859400  313259911  126400512
     EXT4 Large file Sparse superblock Recover, 64 GB / 60 GiB
     MS Data                186859576  313260087  126400512
     EXT4 Large file Sparse superblock Recover, 64 GB / 60 GiB
     MS Data                186859832  313260343  126400512
     EXT4 Large file Sparse superblock Recover, 64 GB / 60 GiB
     MS Data                186860008  313260519  126400512
     EXT4 Large file Sparse superblock Recover, 64 GB / 60 GiB
     MS Data                186860416  313260927  126400512
     EXT4 Large file Sparse superblock Recover, 64 GB / 60 GiB
     MS Data                186860656  313261167  126400512
     EXT4 Large file Sparse superblock Recover, 64 GB / 60 GiB
     MS Data                186860912  313261423  126400512
     EXT4 Large file Sparse superblock Recover, 64 GB / 60 GiB
     MS Data                186861232  313261743  126400512
     EXT4 Large file Sparse superblock Recover, 64 GB / 60 GiB
     MS Data                186861888  313262399  126400512
     EXT4 Large file Sparse superblock Recover, 64 GB / 60 GiB
     MS Data                186862072  313262583  126400512
     EXT4 Large file Sparse superblock Recover, 64 GB / 60 GiB
     MS Data                186862168  313262679  126400512
     EXT4 Large file Sparse superblock Recover, 64 GB / 60 GiB
     MS Data                186862296  313262807  126400512
     EXT4 Large file Sparse superblock Recover, 64 GB / 60 GiB
     MS Data                186862576  313263087  126400512
     EXT4 Large file Sparse superblock Recover, 64 GB / 60 GiB
     MS Data                186862664  313263175  126400512
     EXT4 Large file Sparse superblock Recover, 64 GB / 60 GiB
     MS Data                186862792  313263303  126400512
     EXT4 Large file Sparse superblock Recover, 64 GB / 60 GiB
     MS Data                186863016  313263527  126400512
     EXT4 Large file Sparse superblock Recover, 64 GB / 60 GiB
     MS Data                186863224  313263735  126400512
     EXT4 Large file Sparse superblock Recover, 64 GB / 60 GiB
     MS Data                186863320  313263831  126400512
     EXT4 Large file Sparse superblock Recover, 64 GB / 60 GiB
     MS Data                186864056  313264567  126400512
     EXT4 Large file Sparse superblock Recover, 64 GB / 60 GiB
     MS Data                186864272  313264783  126400512
     EXT4 Large file Sparse superblock Recover, 64 GB / 60 GiB
     MS Data                186864472  313264983  126400512
     EXT4 Large file Sparse superblock Recover, 64 GB / 60 GiB
     MS Data                186864864  313265375  126400512
     EXT4 Large file Sparse superblock Recover, 64 GB / 60 GiB
     MS Data                186864944  313265455  126400512
     EXT4 Large file Sparse superblock Recover, 64 GB / 60 GiB
     MS Data                186865048  313265559  126400512
     EXT4 Large file Sparse superblock Recover, 64 GB / 60 GiB
     MS Data                186865296  313265807  126400512
     EXT4 Large file Sparse superblock Recover, 64 GB / 60 GiB
     MS Data                186865512  313266023  126400512
     EXT4 Large file Sparse superblock Recover, 64 GB / 60 GiB
     MS Data                186865664  313266175  126400512
     EXT4 Large file Sparse superblock Recover, 64 GB / 60 GiB
     MS Data                186866072  313266583  126400512
     EXT4 Large file Sparse superblock Recover, 64 GB / 60 GiB
     MS Data                186866296  313266807  126400512
     EXT4 Large file Sparse superblock Recover, 64 GB / 60 GiB
     MS Data                186866608  313267119  126400512
     EXT4 Large file Sparse superblock Recover, 64 GB / 60 GiB
     MS Data                186866728  313267239  126400512
     EXT4 Large file Sparse superblock Recover, 64 GB / 60 GiB
     MS Data                186866968  313267479  126400512
     EXT4 Large file Sparse superblock Recover, 64 GB / 60 GiB
     MS Data                186867392  313267903  126400512
     EXT4 Large file Sparse superblock Recover, 64 GB / 60 GiB
     MS Data                186867648  313268159  126400512
     EXT4 Large file Sparse superblock Recover, 64 GB / 60 GiB
     MS Data                186867832  313268343  126400512
     EXT4 Large file Sparse superblock Recover, 64 GB / 60 GiB
     MS Data                186868000  313268511  126400512
     EXT4 Large file Sparse superblock Recover, 64 GB / 60 GiB
     MS Data                186868160  313268671  126400512
     EXT4 Large file Sparse superblock Recover, 64 GB / 60 GiB
     MS Data                186868264  313268775  126400512
     EXT4 Large file Sparse superblock Recover, 64 GB / 60 GiB
     MS Data                186868408  313268919  126400512
     EXT4 Large file Sparse superblock Recover, 64 GB / 60 GiB
     MS Data                186868520  313269031  126400512
     EXT4 Large file Sparse superblock Recover, 64 GB / 60 GiB
     MS Data                186868744  313269255  126400512
     EXT4 Large file Sparse superblock Recover, 64 GB / 60 GiB
     MS Data                186868944  313269455  126400512
     EXT4 Large file Sparse superblock Recover, 64 GB / 60 GiB
     MS Data                186869056  313269567  126400512
     EXT4 Large file Sparse superblock Recover, 64 GB / 60 GiB
     MS Data                186869272  313269783  126400512
     EXT4 Large file Sparse superblock Recover, 64 GB / 60 GiB
     MS Data                186869312  313269823  126400512
     EXT4 Large file Sparse superblock Recover, 64 GB / 60 GiB
     MS Data                186869424  313269935  126400512
     EXT4 Large file Sparse superblock Recover, 64 GB / 60 GiB
     MS Data                186869632  313270143  126400512
     EXT4 Large file Sparse superblock Recover, 64 GB / 60 GiB
     MS Data                186869960  313270471  126400512
     EXT4 Large file Sparse superblock Recover, 64 GB / 60 GiB
     MS Data                186870360  313270871  126400512
     EXT4 Large file Sparse superblock Recover, 64 GB / 60 GiB
     MS Data                186870432  313270943  126400512
     EXT4 Large file Sparse superblock Recover, 64 GB / 60 GiB
     MS Data                186870680  313271191  126400512
     EXT4 Large file Sparse superblock Recover, 64 GB / 60 GiB
     MS Data                186870896  313271407  126400512
     EXT4 Large file Sparse superblock Recover, 64 GB / 60 GiB
     MS Data                186871016  313271527  126400512
     EXT4 Large file Sparse superblock Recover, 64 GB / 60 GiB
     MS Data                186871352  313271863  126400512
     EXT4 Large file Sparse superblock Recover, 64 GB / 60 GiB
     MS Data                186871520  313272031  126400512
     EXT4 Large file Sparse superblock Recover, 64 GB / 60 GiB
     MS Data                186871592  313272103  126400512
     EXT4 Large file Sparse superblock Recover, 64 GB / 60 GiB
     MS Data                186871872  313272383  126400512
     EXT4 Large file Sparse superblock Recover, 64 GB / 60 GiB
     MS Data                186872016  313272527  126400512
     EXT4 Large file Sparse superblock Recover, 64 GB / 60 GiB
     MS Data                186872280  313272791  126400512
     EXT4 Large file Sparse superblock Recover, 64 GB / 60 GiB
     MS Data                186872456  313272967  126400512
     EXT4 Large file Sparse superblock Recover, 64 GB / 60 GiB
     MS Data                186872560  313273071  126400512
     EXT4 Large file Sparse superblock Recover, 64 GB / 60 GiB
     MS Data                186872760  313273271  126400512
     EXT4 Large file Sparse superblock Recover, 64 GB / 60 GiB
     MS Data                186872888  313273399  126400512
     EXT4 Large file Sparse superblock Recover, 64 GB / 60 GiB
     MS Data                186872984  313273495  126400512
     EXT4 Large file Sparse superblock Recover, 64 GB / 60 GiB
     MS Data                186873272  313273783  126400512
     EXT4 Large file Sparse superblock Recover, 64 GB / 60 GiB
     MS Data                186873440  313273951  126400512
     EXT4 Large file Sparse superblock Recover, 64 GB / 60 GiB
     MS Data                186873680  313274191  126400512
     EXT4 Large file Sparse superblock Recover, 64 GB / 60 GiB
     MS Data                186873944  313274455  126400512
     EXT4 Large file Sparse superblock Recover, 64 GB / 60 GiB
     MS Data                186873992  313274503  126400512
     EXT4 Large file Sparse superblock Recover, 64 GB / 60 GiB
     MS Data                186874136  313274647  126400512
     EXT4 Large file Sparse superblock Recover, 64 GB / 60 GiB
     MS Data                186874400  313274911  126400512
     EXT4 Large file Sparse superblock Recover, 64 GB / 60 GiB
     MS Data                186874472  313274983  126400512
     EXT4 Large file Sparse superblock Recover, 64 GB / 60 GiB
     MS Data                186874672  313275183  126400512
     EXT4 Large file Sparse superblock Recover, 64 GB / 60 GiB
     MS Data                186874936  313275447  126400512
     EXT4 Large file Sparse superblock Recover, 64 GB / 60 GiB
     MS Data                186875088  313275599  126400512
     EXT4 Large file Sparse superblock Recover, 64 GB / 60 GiB
     MS Data                186875160  313275671  126400512
     EXT4 Large file Sparse superblock Recover, 64 GB / 60 GiB
     MS Data                186875392  313275903  126400512
     EXT4 Large file Sparse superblock Recover, 64 GB / 60 GiB
     MS Data                186875552  313276063  126400512
     EXT4 Large file Sparse superblock Recover, 64 GB / 60 GiB
     MS Data                186875600  313276111  126400512
     EXT4 Large file Sparse superblock Recover, 64 GB / 60 GiB
     MS Data                186875792  313276303  126400512
     EXT4 Large file Sparse superblock Recover, 64 GB / 60 GiB
     MS Data                186875944  313276455  126400512
     EXT4 Large file Sparse superblock Recover, 64 GB / 60 GiB
     MS Data                186876320  313276831  126400512
     EXT4 Large file Sparse superblock Recover, 64 GB / 60 GiB
     MS Data                186876376  313276887  126400512
     EXT4 Large file Sparse superblock Recover, 64 GB / 60 GiB
     MS Data                186876576  313277087  126400512
     EXT4 Large file Sparse superblock Recover, 64 GB / 60 GiB
     MS Data                186876816  313277327  126400512
     EXT4 Large file Sparse superblock Recover, 64 GB / 60 GiB
     MS Data                186876888  313277399  126400512
     EXT4 Large file Sparse superblock Recover, 64 GB / 60 GiB
     MS Data                186877088  313277599  126400512
     EXT4 Large file Sparse superblock Recover, 64 GB / 60 GiB
     MS Data                186877480  313277991  126400512
     EXT4 Large file Sparse superblock Recover, 64 GB / 60 GiB
     MS Data                186877568  313278079  126400512
     EXT4 Large file Sparse superblock Recover, 64 GB / 60 GiB
     MS Data                186877728  313278239  126400512
     EXT4 Large file Sparse superblock Recover, 64 GB / 60 GiB
     MS Data                186877792  313278303  126400512
     EXT4 Large file Sparse superblock Recover, 64 GB / 60 GiB
     MS Data                186878056  313278567  126400512
     EXT4 Large file Sparse superblock Recover, 64 GB / 60 GiB
     MS Data                186878200  313278711  126400512
     EXT4 Large file Sparse superblock Recover, 64 GB / 60 GiB
     MS Data                186878456  313278967  126400512
     EXT4 Large file Sparse superblock Recover, 64 GB / 60 GiB
     MS Data                186878504  313279015  126400512
     EXT4 Large file Sparse superblock Recover, 64 GB / 60 GiB
     MS Data                186878616  313279127  126400512
     EXT4 Large file Sparse superblock Recover, 64 GB / 60 GiB
     MS Data                186878680  313279191  126400512
     EXT4 Large file Sparse superblock Recover, 64 GB / 60 GiB
     MS Data                186878944  313279455  126400512
     EXT4 Large file Sparse superblock Recover, 64 GB / 60 GiB
     MS Data                186879144  313279655  126400512
     EXT4 Large file Sparse superblock Recover, 64 GB / 60 GiB
     MS Data                186879256  313279767  126400512
     EXT4 Large file Sparse superblock Recover, 64 GB / 60 GiB
     MS Data                186879392  313279903  126400512
     EXT4 Large file Sparse superblock Recover, 64 GB / 60 GiB
     MS Data                186879528  313280039  126400512
     EXT4 Large file Sparse superblock Recover, 64 GB / 60 GiB
     MS Data                186879720  313280231  126400512
     EXT4 Large file Sparse superblock Recover, 64 GB / 60 GiB
     MS Data                186879976  313280487  126400512
     EXT4 Large file Sparse superblock Recover, 64 GB / 60 GiB
     MS Data                186880064  313280575  126400512
     EXT4 Large file Sparse superblock Recover, 64 GB / 60 GiB
     MS Data                186880184  313280695  126400512
     EXT4 Large file Sparse superblock Recover, 64 GB / 60 GiB
     MS Data                186880416  313280927  126400512
     EXT4 Large file Sparse superblock Recover, 64 GB / 60 GiB
     MS Data                186880552  313281063  126400512
     EXT4 Large file Sparse superblock Recover, 64 GB / 60 GiB
     MS Data                186880704  313281215  126400512
     EXT4 Large file Sparse superblock Recover, 64 GB / 60 GiB
     MS Data                186880776  313281287  126400512
     EXT4 Large file Sparse superblock Recover, 64 GB / 60 GiB
     MS Data                186880920  313281431  126400512
     EXT4 Large file Sparse superblock Recover, 64 GB / 60 GiB
     MS Data                186881112  313281623  126400512
     EXT4 Large file Sparse superblock Recover, 64 GB / 60 GiB
     MS Data                186881200  313281711  126400512
     EXT4 Large file Sparse superblock Recover, 64 GB / 60 GiB
     MS Data                186881432  313281943  126400512
     EXT4 Large file Sparse superblock Recover, 64 GB / 60 GiB
     MS Data                186881632  313282143  126400512
     EXT4 Large file Sparse superblock Recover, 64 GB / 60 GiB
     MS Data                186881824  313282335  126400512
     EXT4 Large file Sparse superblock Recover, 64 GB / 60 GiB
     MS Data                186881888  313282399  126400512
     EXT4 Large file Sparse superblock Recover, 64 GB / 60 GiB
     MS Data                186882120  313282631  126400512
     EXT4 Large file Sparse superblock Recover, 64 GB / 60 GiB
     MS Data                186882384  313282895  126400512
     EXT4 Large file Sparse superblock Recover, 64 GB / 60 GiB
     MS Data                186882432  313282943  126400512
     EXT4 Large file Sparse superblock Recover, 64 GB / 60 GiB
     MS Data                186882632  313283143  126400512
     EXT4 Large file Sparse superblock Recover, 64 GB / 60 GiB
     MS Data                186882808  313283319  126400512
     EXT4 Large file Sparse superblock Recover, 64 GB / 60 GiB
     MS Data                186883008  313283519  126400512
     EXT4 Large file Sparse superblock Recover, 64 GB / 60 GiB
     MS Data                186883544  313284055  126400512
     EXT4 Large file Sparse superblock Recover, 64 GB / 60 GiB
     MS Data                186883680  313284191  126400512
     EXT4 Large file Sparse superblock Recover, 64 GB / 60 GiB
     MS Data                186883880  313284391  126400512
     EXT4 Large file Sparse superblock Recover, 64 GB / 60 GiB
     MS Data                186884056  313284567  126400512
     EXT4 Large file Sparse superblock Recover, 64 GB / 60 GiB
     MS Data                186884136  313284647  126400512
     EXT4 Large file Sparse superblock Recover, 64 GB / 60 GiB
     MS Data                186884432  313284943  126400512
     EXT4 Large file Sparse superblock Recover, 64 GB / 60 GiB
     MS Data                186884512  313285023  126400512
     EXT4 Large file Sparse superblock Recover, 64 GB / 60 GiB
     MS Data                186885040  313285551  126400512
     EXT4 Large file Sparse superblock Recover, 64 GB / 60 GiB
     MS Data                186885344  313285855  126400512
     EXT4 Large file Sparse superblock Recover, 64 GB / 60 GiB
     MS Data                186885536  313286047  126400512
     EXT4 Large file Sparse superblock Recover, 64 GB / 60 GiB
     MS Data                186885632  313286143  126400512
     EXT4 Large file Sparse superblock Recover, 64 GB / 60 GiB
     MS Data                186885752  313286263  126400512
     EXT4 Large file Sparse superblock Recover, 64 GB / 60 GiB
     MS Data                186885904  313286415  126400512
     EXT4 Large file Sparse superblock Recover, 64 GB / 60 GiB
     MS Data                186886152  313286663  126400512
     EXT4 Large file Sparse superblock Recover, 64 GB / 60 GiB
     MS Data                186886488  313286999  126400512
     EXT4 Large file Sparse superblock Recover, 64 GB / 60 GiB
     MS Data                186886840  313287351  126400512
     EXT4 Large file Sparse superblock Recover, 64 GB / 60 GiB
     MS Data                186887064  313287575  126400512
     EXT4 Large file Sparse superblock Recover, 64 GB / 60 GiB
     MS Data                186887360  313287871  126400512
     EXT4 Large file Sparse superblock Recover, 64 GB / 60 GiB
     MS Data                186887504  313288015  126400512
     EXT4 Large file Sparse superblock Recover, 64 GB / 60 GiB
     MS Data                186887592  313288103  126400512
     EXT4 Large file Sparse superblock Recover, 64 GB / 60 GiB
     MS Data                186887760  313288271  126400512
     EXT4 Large file Sparse superblock Recover, 64 GB / 60 GiB
     MS Data                186887992  313288503  126400512
     EXT4 Large file Sparse superblock Recover, 64 GB / 60 GiB
     MS Data                186888200  313288711  126400512
     EXT4 Large file Sparse superblock Recover, 64 GB / 60 GiB
     MS Data                186888336  313288847  126400512
     EXT4 Large file Sparse superblock Recover, 64 GB / 60 GiB
     MS Data                186888384  313288895  126400512
     EXT4 Large file Sparse superblock Recover, 64 GB / 60 GiB
     MS Data                186888640  313289151  126400512
     EXT4 Large file Sparse superblock Recover, 64 GB / 60 GiB
     MS Data                186888736  313289247  126400512
     EXT4 Large file Sparse superblock Recover, 64 GB / 60 GiB
     MS Data                186888864  313289375  126400512
     EXT4 Large file Sparse superblock Recover, 64 GB / 60 GiB
     MS Data                186889096  313289607  126400512
     EXT4 Large file Sparse superblock Recover, 64 GB / 60 GiB
     MS Data                186889328  313289839  126400512
     EXT4 Large file Sparse superblock Recover, 64 GB / 60 GiB
     MS Data                186889408  313289919  126400512
     EXT4 Large file Sparse superblock Recover, 64 GB / 60 GiB
     MS Data                186889592  313290103  126400512
     EXT4 Large file Sparse superblock Recover, 64 GB / 60 GiB
     MS Data                186889768  313290279  126400512
     EXT4 Large file Sparse superblock Recover, 64 GB / 60 GiB
     MS Data                186889872  313290383  126400512
     EXT4 Large file Sparse superblock Recover, 64 GB / 60 GiB
     MS Data                186889936  313290447  126400512
     EXT4 Large file Sparse superblock Recover, 64 GB / 60 GiB
     MS Data                186890088  313290599  126400512
     EXT4 Large file Sparse superblock Recover, 64 GB / 60 GiB
     MS Data                186891640  313292151  126400512
     EXT4 Large file Sparse superblock Recover, 64 GB / 60 GiB
     MS Data                186891776  313292287  126400512
     EXT4 Large file Sparse superblock Recover, 64 GB / 60 GiB
     MS Data                186891920  313292431  126400512
     EXT4 Large file Sparse superblock Recover, 64 GB / 60 GiB
     MS Data                186892000  313292511  126400512
     EXT4 Large file Sparse superblock Recover, 64 GB / 60 GiB
     MS Data                186892112  313292623  126400512
     EXT4 Large file Sparse superblock Recover, 64 GB / 60 GiB
     MS Data                186892280  313292791  126400512
     EXT4 Large file Sparse superblock Recover, 64 GB / 60 GiB
     MS Data                186892392  313292903  126400512
     EXT4 Large file Sparse superblock Recover, 64 GB / 60 GiB
     MS Data                186892440  313292951  126400512
     EXT4 Large file Sparse superblock Recover, 64 GB / 60 GiB
     MS Data                186892696  313293207  126400512
     EXT4 Large file Sparse superblock Recover, 64 GB / 60 GiB
     MS Data                186892880  313293391  126400512
     EXT4 Large file Sparse superblock Recover, 64 GB / 60 GiB
     MS Data                186893000  313293511  126400512
     EXT4 Large file Sparse superblock Recover, 64 GB / 60 GiB
     MS Data                186893168  313293679  126400512
     EXT4 Large file Sparse superblock Recover, 64 GB / 60 GiB
     MS Data                186893264  313293775  126400512
     EXT4 Large file Sparse superblock Recover, 64 GB / 60 GiB
     MS Data                186893480  313293991  126400512
     EXT4 Large file Sparse superblock Recover, 64 GB / 60 GiB
     MS Data                186893680  313294191  126400512
     EXT4 Large file Sparse superblock Recover, 64 GB / 60 GiB
     MS Data                186893832  313294343  126400512
     EXT4 Large file Sparse superblock Recover, 64 GB / 60 GiB
     MS Data                186894048  313294559  126400512
     EXT4 Large file Sparse superblock Recover, 64 GB / 60 GiB
     MS Data                186894096  313294607  126400512
     EXT4 Large file Sparse superblock Recover, 64 GB / 60 GiB
     MS Data                186894216  313294727  126400512
     EXT4 Large file Sparse superblock Recover, 64 GB / 60 GiB
     MS Data                186894400  313294911  126400512
     EXT4 Large file Sparse superblock Recover, 64 GB / 60 GiB
     MS Data                186894480  313294991  126400512
     EXT4 Large file Sparse superblock Recover, 64 GB / 60 GiB
     MS Data                186894664  313295175  126400512
     EXT4 Large file Sparse superblock Recover, 64 GB / 60 GiB
     MS Data                186895312  313295823  126400512
     EXT4 Large file Sparse superblock Recover, 64 GB / 60 GiB
     MS Data                186895536  313296047  126400512
     EXT4 Large file Sparse superblock Recover, 64 GB / 60 GiB
     MS Data                186895840  313296351  126400512
     EXT4 Large file Sparse superblock Recover, 64 GB / 60 GiB
     MS Data                186895904  313296415  126400512
     EXT4 Large file Sparse superblock Recover, 64 GB / 60 GiB
     MS Data                186896064  313296575  126400512
     EXT4 Large file Sparse superblock Recover, 64 GB / 60 GiB
     MS Data                186896568  313297079  126400512
     EXT4 Large file Sparse superblock Recover, 64 GB / 60 GiB
     MS Data                186896720  313297231  126400512
     EXT4 Large file Sparse superblock Recover, 64 GB / 60 GiB
     MS Data                186896888  313297399  126400512
     EXT4 Large file Sparse superblock Recover, 64 GB / 60 GiB
     MS Data                186897072  313297583  126400512
     EXT4 Large file Sparse superblock Recover, 64 GB / 60 GiB
     MS Data                186897424  313297935  126400512
     EXT4 Large file Sparse superblock Recover, 64 GB / 60 GiB
     MS Data                186897568  313298079  126400512
     EXT4 Large file Sparse superblock Recover, 64 GB / 60 GiB
     MS Data                186897648  313298159  126400512
     EXT4 Large file Sparse superblock Recover, 64 GB / 60 GiB
     MS Data                186897744  313298255  126400512
     EXT4 Large file Sparse superblock Recover, 64 GB / 60 GiB
     MS Data                186897816  313298327  126400512
     EXT4 Large file Sparse superblock Recover, 64 GB / 60 GiB
     MS Data                186898064  313298575  126400512
     EXT4 Large file Sparse superblock Recover, 64 GB / 60 GiB
     MS Data                186898192  313298703  126400512
     EXT4 Large file Sparse superblock Recover, 64 GB / 60 GiB
     MS Data                186898264  313298775  126400512
     EXT4 Large file Sparse superblock Recover, 64 GB / 60 GiB
     MS Data                186898480  313298991  126400512
     EXT4 Large file Sparse superblock Recover, 64 GB / 60 GiB
     MS Data                186898816  313299327  126400512
     EXT4 Large file Sparse superblock Recover, 64 GB / 60 GiB
     MS Data                186898888  313299399  126400512
     EXT4 Large file Sparse superblock Recover, 64 GB / 60 GiB
     MS Data                186898968  313299479  126400512
     EXT4 Large file Sparse superblock Recover, 64 GB / 60 GiB
     MS Data                186899216  313299727  126400512
     EXT4 Large file Sparse superblock Recover, 64 GB / 60 GiB
     MS Data                186899400  313299911  126400512
     EXT4 Large file Sparse superblock Recover, 64 GB / 60 GiB
     MS Data                186899616  313300127  126400512
     EXT4 Large file Sparse superblock Recover, 64 GB / 60 GiB
     MS Data                186899816  313300327  126400512
     EXT4 Large file Sparse superblock Recover, 64 GB / 60 GiB
     MS Data                186900008  313300519  126400512
     EXT4 Large file Sparse superblock Recover, 64 GB / 60 GiB
     MS Data                186900240  313300751  126400512
     EXT4 Large file Sparse superblock Recover, 64 GB / 60 GiB
     MS Data                186900464  313300975  126400512
     EXT4 Large file Sparse superblock Recover, 64 GB / 60 GiB
     MS Data                186900624  313301135  126400512
     EXT4 Large file Sparse superblock Recover, 64 GB / 60 GiB
     MS Data                186900872  313301383  126400512
     EXT4 Large file Sparse superblock Recover, 64 GB / 60 GiB
     MS Data                186900920  313301431  126400512
     EXT4 Large file Sparse superblock Recover, 64 GB / 60 GiB
     MS Data                186901048  313301559  126400512
     EXT4 Large file Sparse superblock Recover, 64 GB / 60 GiB
     MS Data                186901328  313301839  126400512
     EXT4 Large file Sparse superblock Recover, 64 GB / 60 GiB
     MS Data                186901464  313301975  126400512
     EXT4 Large file Sparse superblock Recover, 64 GB / 60 GiB
     MS Data                186901592  313302103  126400512
     EXT4 Large file Sparse superblock Recover, 64 GB / 60 GiB
     MS Data                186901768  313302279  126400512
     EXT4 Large file Sparse superblock Recover, 64 GB / 60 GiB
     MS Data                186901960  313302471  126400512
     EXT4 Large file Sparse superblock Recover, 64 GB / 60 GiB
     MS Data                186902064  313302575  126400512
     EXT4 Large file Sparse superblock Recover, 64 GB / 60 GiB
     MS Data                186902288  313302799  126400512
     EXT4 Large file Sparse superblock Recover, 64 GB / 60 GiB
     MS Data                186902360  313302871  126400512
     EXT4 Large file Sparse superblock Recover, 64 GB / 60 GiB
     MS Data                186902552  313303063  126400512
     EXT4 Large file Sparse superblock Recover, 64 GB / 60 GiB
     MS Data                186902696  313303207  126400512
     EXT4 Large file Sparse superblock Recover, 64 GB / 60 GiB
     MS Data                186902816  313303327  126400512
     EXT4 Large file Sparse superblock Recover, 64 GB / 60 GiB
     MS Data                186902968  313303479  126400512
     EXT4 Large file Sparse superblock Recover, 64 GB / 60 GiB
     MS Data                186903120  313303631  126400512
     EXT4 Large file Sparse superblock Recover, 64 GB / 60 GiB
     MS Data                186903328  313303839  126400512
     EXT4 Large file Sparse superblock Recover, 64 GB / 60 GiB
     MS Data                186903560  313304071  126400512
     EXT4 Large file Sparse superblock Recover, 64 GB / 60 GiB
     MS Data                186903712  313304223  126400512
     EXT4 Large file Sparse superblock Recover, 64 GB / 60 GiB
     MS Data                186903760  313304271  126400512
     EXT4 Large file Sparse superblock Recover, 64 GB / 60 GiB
     MS Data                186903952  313304463  126400512
     EXT4 Large file Sparse superblock Recover, 64 GB / 60 GiB
     MS Data                186904024  313304535  126400512
     EXT4 Large file Sparse superblock Recover, 64 GB / 60 GiB
     MS Data                186904160  313304671  126400512
     EXT4 Large file Sparse superblock Recover, 64 GB / 60 GiB
     MS Data                186904464  313304975  126400512
     EXT4 Large file Sparse superblock Recover, 64 GB / 60 GiB
     MS Data                186904592  313305103  126400512
     EXT4 Large file Sparse superblock Recover, 64 GB / 60 GiB
     MS Data                186904768  313305279  126400512
     EXT4 Large file Sparse superblock Recover, 64 GB / 60 GiB
     MS Data                186904952  313305463  126400512
     EXT4 Large file Sparse superblock Recover, 64 GB / 60 GiB
     MS Data                186905016  313305527  126400512
     EXT4 Large file Sparse superblock Recover, 64 GB / 60 GiB
     MS Data                186905432  313305943  126400512
     EXT4 Large file Sparse superblock Recover, 64 GB / 60 GiB
     MS Data                186905600  313306111  126400512
     EXT4 Large file Sparse superblock Recover, 64 GB / 60 GiB
     MS Data                186905768  313306279  126400512
     EXT4 Large file Sparse superblock Recover, 64 GB / 60 GiB
     MS Data                186905968  313306479  126400512
     EXT4 Large file Sparse superblock Recover, 64 GB / 60 GiB
     MS Data                186906256  313306767  126400512
     EXT4 Large file Sparse superblock Recover, 64 GB / 60 GiB
     MS Data                186906384  313306895  126400512
