---
title: "ubuntu server disappears from network, hard reboot required"
date: 2010-11-15
forum: General Help
---

### Post by talz13 on 2010-11-15
I've been having issues with my ubuntu server (10.04 LTS) lately.  Every once in a while, anywhere from 3 days to a month or more, the server will just disappear from the network.  All manner of trying to reach it from the outside fails, even from the LAN.  Since it's headless, this is kind of problematic.  After a hard power down or reboot, the server will always come back online, but this is very annoying for a remotely administered server.

What should I look for when trying to determine why the server keeps going offline?  I can't tell if there are any other issues like a hard lockup or anything, just that it is not on the network anymore when this happens.

---

### Post by TSJason on 2010-11-15
Have you checked the logs to see if there are any error messages? The /var/log/messages or /var/log/syslog would be a good place to start.

---

### Post by sikander3786 on 2010-11-15
What type of servers is it running on it?

I wonder if it has got more than 1 HDDs and the non-Ubuntu HDD goes to sleep when un-used for a longer period of time. And thus, the shares don't show up on the network.

---

### Post by talz13 on 2010-11-15
Well this looks great:```
Nov 14 06:55:41 server rsyslogd: [origin software="rsyslogd" swVersion="4.2.0" x-pid="1056" x-info="http://www.rsyslog.com"] rsyslogd was HUPed, type 'lightweight'.
Nov 14 20:52:44 server kernel: [196697.916273] swapper: page allocation failure. order:0, mode:0x4020
Nov 14 20:52:44 server kernel: [196697.916279] Pid: 0, comm: swapper Not tainted 2.6.32-25-server #45-Ubuntu
Nov 14 20:52:44 server kernel: [196697.916282] Call Trace:
Nov 14 20:52:44 server kernel: [196697.916285]  <IRQ>  [<ffffffff810f9a2e>] __alloc_pages_slowpath+0x56e/0x580
Nov 14 20:52:44 server kernel: [196697.916298]  [<ffffffff810f9bb1>] __alloc_pages_nodemask+0x171/0x180
Nov 14 20:52:44 server kernel: [196697.916304]  [<ffffffff8112cae7>] alloc_pages_current+0x87/0xd0
Nov 14 20:52:44 server kernel: [196697.916309]  [<ffffffff81132b27>] new_slab+0x2f7/0x310
Nov 14 20:52:44 server kernel: [196697.916313]  [<ffffffff811353d1>] __slab_alloc+0x201/0x2d0
Nov 14 20:52:44 server kernel: [196697.916318]  [<ffffffff81468de6>] ? __netdev_alloc_skb+0x36/0x60
Nov 14 20:52:44 server kernel: [196697.916323]  [<ffffffff811363af>] __kmalloc_node_track_caller+0xaf/0x160
Nov 14 20:52:44 server kernel: [196697.916327]  [<ffffffff81468de6>] ? __netdev_alloc_skb+0x36/0x60
Nov 14 20:52:44 server kernel: [196697.916330]  [<ffffffff81468aa0>] __alloc_skb+0x80/0x190
Nov 14 20:52:44 server kernel: [196697.916334]  [<ffffffff81468de6>] __netdev_alloc_skb+0x36/0x60
Nov 14 20:52:44 server kernel: [196697.916351]  [<ffffffffa000b5c7>] rtl8169_rx_interrupt+0x247/0x5b0 [r8169]
Nov 14 20:52:44 server kernel: [196697.916357]  [<ffffffffa000baad>] rtl8169_poll+0x3d/0x270 [r8169]
Nov 14 20:52:44 server kernel: [196697.916363]  [<ffffffff810387b9>] ? default_spin_lock_flags+0x9/0x10
Nov 14 20:52:44 server kernel: [196697.916368]  [<ffffffff8147300f>] net_rx_action+0x10f/0x250
Nov 14 20:52:44 server kernel: [196697.916375]  [<ffffffffa000954e>] ? rtl8169_interrupt+0xde/0x1e0 [r8169]
Nov 14 20:52:44 server kernel: [196697.916379]  [<ffffffff8106d477>] __do_softirq+0xb7/0x1e0
Nov 14 20:52:44 server kernel: [196697.916384]  [<ffffffff810c4030>] ? handle_IRQ_event+0x60/0x170
Nov 14 20:52:44 server kernel: [196697.916388]  [<ffffffff810132ec>] call_softirq+0x1c/0x30
Nov 14 20:52:44 server kernel: [196697.916392]  [<ffffffff81014cb5>] do_softirq+0x65/0xa0
Nov 14 20:52:44 server kernel: [196697.916396]  [<ffffffff8106d315>] irq_exit+0x85/0x90
Nov 14 20:52:44 server kernel: [196697.916401]  [<ffffffff8155f2a5>] do_IRQ+0x75/0xf0
Nov 14 20:52:44 server kernel: [196697.916404]  [<ffffffff81012b13>] ret_from_intr+0x0/0x11
Nov 14 20:52:44 server kernel: [196697.916407]  <EOI>  [<ffffffff81037adb>] ? native_safe_halt+0xb/0x10
Nov 14 20:52:44 server kernel: [196697.916415]  [<ffffffff8108e6c6>] ? ktime_get_real+0x16/0x50
Nov 14 20:52:44 server kernel: [196697.916421]  [<ffffffff8130e24f>] ? acpi_idle_do_entry+0x3e/0x67
Nov 14 20:52:44 server kernel: [196697.916425]  [<ffffffff8130e2ea>] ? acpi_idle_enter_c1+0x72/0xc1
Nov 14 20:52:44 server kernel: [196697.916429]  [<ffffffff8155ce86>] ? notifier_call_chain+0x16/0x80
Nov 14 20:52:44 server kernel: [196697.916435]  [<ffffffff8144e42d>] ? menu_select+0x10d/0x2a0
Nov 14 20:52:44 server kernel: [196697.916439]  [<ffffffff8144d367>] ? cpuidle_idle_call+0xa7/0x140
Nov 14 20:52:44 server kernel: [196697.916444]  [<ffffffff81010e63>] ? cpu_idle+0xb3/0x110
Nov 14 20:52:44 server kernel: [196697.916448]  [<ffffffff81551fab>] ? start_secondary+0xa8/0xaa
Nov 14 20:52:44 server kernel: [196697.916451] Mem-Info:
Nov 14 20:52:44 server kernel: [196697.916453] Node 0 DMA per-cpu:
Nov 14 20:52:44 server kernel: [196697.916457] CPU    0: hi:    0, btch:   1 usd:   0
Nov 14 20:52:44 server kernel: [196697.916459] CPU    1: hi:    0, btch:   1 usd:   0
Nov 14 20:52:44 server kernel: [196697.916462] Node 0 DMA32 per-cpu:
Nov 14 20:52:44 server kernel: [196697.916465] CPU    0: hi:  186, btch:  31 usd: 171
Nov 14 20:52:44 server kernel: [196697.916468] CPU    1: hi:  186, btch:  31 usd:  60
Nov 14 20:52:44 server kernel: [196697.916470] Node 0 Normal per-cpu:
Nov 14 20:52:44 server kernel: [196697.916473] CPU    0: hi:  186, btch:  31 usd: 146
Nov 14 20:52:44 server kernel: [196697.916476] CPU    1: hi:  186, btch:  31 usd: 117
Nov 14 20:52:44 server kernel: [196697.916481] active_anon:98612 inactive_anon:67367 isolated_anon:0
Nov 14 20:52:44 server kernel: [196697.916483]  active_file:61118 inactive_file:693132 isolated_file:0
Nov 14 20:52:44 server kernel: [196697.916484]  unevictable:0 dirty:35512 writeback:0 unstable:0
Nov 14 20:52:44 server kernel: [196697.916485]  free:5706 slab_reclaimable:37466 slab_unreclaimable:7139
Nov 14 20:52:44 server kernel: [196697.916487]  mapped:11697 shmem:2001 pagetables:2401 bounce:0
Nov 14 20:52:44 server kernel: [196697.916490] Node 0 DMA free:15908kB min:28kB low:32kB high:40kB active_anon:0kB inactive_anon:0kB active_file:0kB inactive_file:0kB unevictable:0kB isolated(anon):0kB isolated(file):0kB present:15340kB mlocked:0kB dirty:0kB writeback:0kB mapped:0kB shmem:0kB slab_reclaimable:0kB slab_unreclaimable:0kB kernel_stack:0kB pagetables:0kB unstable:0kB bounce:0kB writeback_tmp:0kB pages_scanned:0 all_unreclaimable? yes
Nov 14 20:52:44 server kernel: [196697.916501] lowmem_reserve[]: 0 2965 3975 3975
Nov 14 20:52:44 server kernel: [196697.916507] Node 0 DMA32 free:6256kB min:6004kB low:7504kB high:9004kB active_anon:192324kB inactive_anon:62168kB active_file:59336kB inactive_file:2486792kB unevictable:0kB isolated(anon):0kB isolated(file):0kB present:3036256kB mlocked:0kB dirty:141196kB writeback:0kB mapped:668kB shmem:380kB slab_reclaimable:134556kB slab_unreclaimable:15460kB kernel_stack:72kB pagetables:1080kB unstable:0kB bounce:0kB writeback_tmp:0kB pages_scanned:0 all_unreclaimable? no
Nov 14 20:52:44 server kernel: [196697.916520] lowmem_reserve[]: 0 0 1010 1010
Nov 14 20:52:44 server kernel: [196697.916524] Node 0 Normal free:660kB min:2044kB low:2552kB high:3064kB active_anon:202124kB inactive_anon:207300kB active_file:185136kB inactive_file:285736kB unevictable:0kB isolated(anon):0kB isolated(file):0kB present:1034240kB mlocked:0kB dirty:852kB writeback:0kB mapped:46120kB shmem:7624kB slab_reclaimable:15308kB slab_unreclaimable:13096kB kernel_stack:2704kB pagetables:8524kB unstable:0kB bounce:0kB writeback_tmp:0kB pages_scanned:32 all_unreclaimable? no
Nov 14 20:52:44 server kernel: [196697.916537] lowmem_reserve[]: 0 0 0 0
Nov 14 20:52:44 server kernel: [196697.916542] Node 0 DMA: 3*4kB 3*8kB 2*16kB 3*32kB 2*64kB 0*128kB 1*256kB 0*512kB 1*1024kB 1*2048kB 3*4096kB = 15908kB
Nov 14 20:52:44 server kernel: [196697.916555] Node 0 DMA32: 1286*4kB 1*8kB 3*16kB 0*32kB 0*64kB 1*128kB 0*256kB 0*512kB 1*1024kB 0*2048kB 0*4096kB = 6352kB
Nov 14 20:52:44 server kernel: [196697.916567] Node 0 Normal: 165*4kB 0*8kB 0*16kB 0*32kB 0*64kB 0*128kB 0*256kB 0*512kB 0*1024kB 0*2048kB 0*4096kB = 660kB
Nov 14 20:52:44 server kernel: [196697.916579] 756371 total pagecache pages
Nov 14 20:52:44 server kernel: [196697.916581] 116 pages in swap cache
Nov 14 20:52:44 server kernel: [196697.916583] Swap cache stats: add 1220, delete 1104, find 1308/1322
Nov 14 20:52:44 server kernel: [196697.916586] Free swap  = 15618740kB
Nov 14 20:52:44 server kernel: [196697.916588] Total swap = 15623172kB
Nov 14 20:52:44 server kernel: [196697.926264] 1048576 pages RAM
Nov 14 20:52:44 server kernel: [196697.926264] 42584 pages reserved
Nov 14 20:52:44 server kernel: [196697.926264] 751338 pages shared
Nov 14 20:52:44 server kernel: [196697.926264] 271093 pages non-shared
Nov 14 20:52:44 server kernel: [196697.926264] SLUB: Unable to allocate memory on node -1 (gfp=0x20)
Nov 14 20:52:44 server kernel: [196697.926264]   cache: kmalloc-4096, object size: 4096, buffer size: 4096, default order: 3, min order: 0
Nov 14 20:52:44 server kernel: [196697.926264]   node 0: slabs: 680, objs: 1471, free: 0
Nov 14 20:52:44 server kernel: [196697.934142] swapper: page allocation failure. order:0, mode:0x4020
Nov 14 20:52:44 server kernel: [196697.934147] Pid: 0, comm: swapper Not tainted 2.6.32-25-server #45-Ubuntu
Nov 14 20:52:44 server kernel: [196697.934149] Call Trace:
Nov 14 20:52:44 server kernel: [196697.934151]  <IRQ>  [<ffffffff810f9a2e>] __alloc_pages_slowpath+0x56e/0x580
Nov 14 20:52:44 server kernel: [196697.934164]  [<ffffffff810f9bb1>] __alloc_pages_nodemask+0x171/0x180
Nov 14 20:52:44 server kernel: [196697.934170]  [<ffffffff8112cae7>] alloc_pages_current+0x87/0xd0
Nov 14 20:52:44 server kernel: [196697.934174]  [<ffffffff81132b27>] new_slab+0x2f7/0x310
Nov 14 20:52:44 server kernel: [196697.934178]  [<ffffffff811353d1>] __slab_alloc+0x201/0x2d0
Nov 14 20:52:44 server kernel: [196697.934184]  [<ffffffff81468de6>] ? __netdev_alloc_skb+0x36/0x60
Nov 14 20:52:44 server kernel: [196697.934188]  [<ffffffff811363af>] __kmalloc_node_track_caller+0xaf/0x160
Nov 14 20:52:44 server kernel: [196697.934192]  [<ffffffff81468de6>] ? __netdev_alloc_skb+0x36/0x60
Nov 14 20:52:44 server kernel: [196697.934196]  [<ffffffff81468aa0>] __alloc_skb+0x80/0x190
Nov 14 20:52:44 server kernel: [196697.934199]  [<ffffffff81468de6>] __netdev_alloc_skb+0x36/0x60
Nov 14 20:52:44 server kernel: [196697.934213]  [<ffffffffa000b5c7>] rtl8169_rx_interrupt+0x247/0x5b0 [r8169]
Nov 14 20:52:44 server kernel: [196697.934219]  [<ffffffffa000baad>] rtl8169_poll+0x3d/0x270 [r8169]
Nov 14 20:52:44 server kernel: [196697.934225]  [<ffffffff810387b9>] ? default_spin_lock_flags+0x9/0x10
Nov 14 20:52:44 server kernel: [196697.934230]  [<ffffffff8147300f>] net_rx_action+0x10f/0x250
Nov 14 20:52:44 server kernel: [196697.934236]  [<ffffffffa000954e>] ? rtl8169_interrupt+0xde/0x1e0 [r8169]
Nov 14 20:52:44 server kernel: [196697.934241]  [<ffffffff8106d477>] __do_softirq+0xb7/0x1e0
Nov 14 20:52:44 server kernel: [196697.934246]  [<ffffffff810c4030>] ? handle_IRQ_event+0x60/0x170
Nov 14 20:52:44 server kernel: [196697.934250]  [<ffffffff810132ec>] call_softirq+0x1c/0x30
Nov 14 20:52:44 server kernel: [196697.934254]  [<ffffffff81014cb5>] do_softirq+0x65/0xa0
Nov 14 20:52:44 server kernel: [196697.934257]  [<ffffffff8106d315>] irq_exit+0x85/0x90
Nov 14 20:52:44 server kernel: [196697.934262]  [<ffffffff8155f2a5>] do_IRQ+0x75/0xf0
Nov 14 20:52:44 server kernel: [196697.934266]  [<ffffffff81012b13>] ret_from_intr+0x0/0x11
Nov 14 20:52:44 server kernel: [196697.934268]  <EOI>  [<ffffffff81037adb>] ? native_safe_halt+0xb/0x10
Nov 14 20:52:44 server kernel: [196697.934277]  [<ffffffff8108e6c6>] ? ktime_get_real+0x16/0x50
Nov 14 20:52:44 server kernel: [196697.934283]  [<ffffffff8130e24f>] ? acpi_idle_do_entry+0x3e/0x67
Nov 14 20:52:44 server kernel: [196697.934287]  [<ffffffff8130e2ea>] ? acpi_idle_enter_c1+0x72/0xc1
Nov 14 20:52:44 server kernel: [196697.934291]  [<ffffffff8155ce86>] ? notifier_call_chain+0x16/0x80
Nov 14 20:52:44 server kernel: [196697.934296]  [<ffffffff8144e42d>] ? menu_select+0x10d/0x2a0
Nov 14 20:52:44 server kernel: [196697.934300]  [<ffffffff8144d367>] ? cpuidle_idle_call+0xa7/0x140
Nov 14 20:52:44 server kernel: [196697.934305]  [<ffffffff81010e63>] ? cpu_idle+0xb3/0x110
Nov 14 20:52:44 server kernel: [196697.934310]  [<ffffffff81551fab>] ? start_secondary+0xa8/0xaa
Nov 14 20:52:44 server kernel: [196697.934312] Mem-Info:
Nov 14 20:52:44 server kernel: [196697.934314] Node 0 DMA per-cpu:
Nov 14 20:52:44 server kernel: [196697.934318] CPU    0: hi:    0, btch:   1 usd:   0
Nov 14 20:52:44 server kernel: [196697.934320] CPU    1: hi:    0, btch:   1 usd:   0
Nov 14 20:52:44 server kernel: [196697.934322] Node 0 DMA32 per-cpu:
Nov 14 20:52:44 server kernel: [196697.934326] CPU    0: hi:  186, btch:  31 usd: 158
Nov 14 20:52:44 server kernel: [196697.934328] CPU    1: hi:  186, btch:  31 usd:  60
Nov 14 20:52:44 server kernel: [196697.934330] Node 0 Normal per-cpu:
Nov 14 20:52:44 server kernel: [196697.934334] CPU    0: hi:  186, btch:  31 usd: 146
Nov 14 20:52:44 server kernel: [196697.934336] CPU    1: hi:  186, btch:  31 usd: 117
Nov 14 20:52:44 server kernel: [196697.934342] active_anon:98612 inactive_anon:67367 isolated_anon:0
Nov 14 20:52:44 server kernel: [196697.934344]  active_file:61118 inactive_file:692972 isolated_file:0
Nov 14 20:52:44 server kernel: [196697.934345]  unevictable:0 dirty:35512 writeback:0 unstable:0
Nov 14 20:52:44 server kernel: [196697.934346]  free:5885 slab_reclaimable:37466 slab_unreclaimable:7139
Nov 14 20:52:44 server kernel: [196697.934347]  mapped:11697 shmem:2001 pagetables:2401 bounce:0
Nov 14 20:52:44 server kernel: [196697.934350] Node 0 DMA free:15908kB min:28kB low:32kB high:40kB active_anon:0kB inactive_anon:0kB active_file:0kB inactive_file:0kB unevictable:0kB isolated(anon):0kB isolated(file):0kB present:15340kB mlocked:0kB dirty:0kB writeback:0kB mapped:0kB shmem:0kB slab_reclaimable:0kB slab_unreclaimable:0kB kernel_stack:0kB pagetables:0kB unstable:0kB bounce:0kB writeback_tmp:0kB pages_scanned:0 all_unreclaimable? yes
Nov 14 20:52:44 server kernel: [196697.934362] lowmem_reserve[]: 0 2965 3975 3975
Nov 14 20:52:44 server kernel: [196697.934367] Node 0 DMA32 free:6972kB min:6004kB low:7504kB high:9004kB active_anon:192324kB inactive_anon:62168kB active_file:59336kB inactive_file:2486152kB unevictable:0kB isolated(anon):0kB isolated(file):0kB present:3036256kB mlocked:0kB dirty:141196kB writeback:0kB mapped:668kB shmem:380kB slab_reclaimable:134556kB slab_unreclaimable:15460kB kernel_stack:72kB pagetables:1080kB unstable:0kB bounce:0kB writeback_tmp:0kB pages_scanned:0 all_unreclaimable? no
Nov 14 20:52:44 server kernel: [196697.934380] lowmem_reserve[]: 0 0 1010 1010
Nov 14 20:52:44 server kernel: [196697.934385] Node 0 Normal free:660kB min:2044kB low:2552kB high:3064kB active_anon:202124kB inactive_anon:207300kB active_file:185136kB inactive_file:285736kB unevictable:0kB isolated(anon):0kB isolated(file):0kB present:1034240kB mlocked:0kB dirty:852kB writeback:0kB mapped:46120kB shmem:7624kB slab_reclaimable:15308kB slab_unreclaimable:13096kB kernel_stack:2704kB pagetables:8524kB unstable:0kB bounce:0kB writeback_tmp:0kB pages_scanned:32 all_unreclaimable? no
Nov 14 20:52:44 server kernel: [196697.934397] lowmem_reserve[]: 0 0 0 0
Nov 14 20:52:44 server kernel: [196697.934402] Node 0 DMA: 3*4kB 3*8kB 2*16kB 3*32kB 2*64kB 0*128kB 1*256kB 0*512kB 1*1024kB 1*2048kB 3*4096kB = 15908kB
Nov 14 20:52:44 server kernel: [196697.934415] Node 0 DMA32: 1429*4kB 5*8kB 4*16kB 0*32kB 0*64kB 1*128kB 0*256kB 0*512kB 1*1024kB 0*2048kB 0*4096kB = 6972kB
Nov 14 20:52:44 server kernel: [196697.934427] Node 0 Normal: 165*4kB 0*8kB 0*16kB 0*32kB 0*64kB 0*128kB 0*256kB 0*512kB 0*1024kB 0*2048kB 0*4096kB = 660kB
Nov 14 20:52:44 server kernel: [196697.934439] 756223 total pagecache pages
Nov 14 20:52:44 server kernel: [196697.934441] 116 pages in swap cache
Nov 14 20:52:44 server kernel: [196697.934443] Swap cache stats: add 1220, delete 1104, find 1308/1323
Nov 14 20:52:44 server kernel: [196697.934446] Free swap  = 15618740kB
Nov 14 20:52:44 server kernel: [196697.934448] Total swap = 15623172kB
Nov 14 20:52:44 server kernel: [196697.944098] 1048576 pages RAM
Nov 14 20:52:44 server kernel: [196697.944098] 42584 pages reserved
Nov 14 20:52:44 server kernel: [196697.944098] 751180 pages shared
Nov 14 20:52:44 server kernel: [196697.944098] 271091 pages non-shared
Nov 14 20:52:44 server kernel: [196697.944098] SLUB: Unable to allocate memory on node -1 (gfp=0x20)
Nov 14 20:52:44 server kernel: [196697.944098]   cache: kmalloc-4096, object size: 4096, buffer size: 4096, default order: 3, min order: 0
Nov 14 20:52:44 server kernel: [196697.944098]   node 0: slabs: 680, objs: 1471, free: 0
Nov 14 20:52:44 server kernel: [196697.952414] swapper: page allocation failure. order:3, mode:0x4020
Nov 14 20:52:44 server kernel: [196697.952419] Pid: 0, comm: swapper Not tainted 2.6.32-25-server #45-Ubuntu
Nov 14 20:52:44 server kernel: [196697.952422] Call Trace:
Nov 14 20:52:44 server kernel: [196697.952424]  <IRQ>  [<ffffffff810f9a2e>] __alloc_pages_slowpath+0x56e/0x580
Nov 14 20:52:44 server kernel: [196697.952437]  [<ffffffff810f9bb1>] __alloc_pages_nodemask+0x171/0x180
Nov 14 20:52:44 server kernel: [196697.952442]  [<ffffffff81131df2>] kmalloc_large_node+0x62/0xb0
Nov 14 20:52:44 server kernel: [196697.952446]  [<ffffffff81136409>] __kmalloc_node_track_caller+0x109/0x160
Nov 14 20:52:44 server kernel: [196697.952451]  [<ffffffff81468de6>] ? __netdev_alloc_skb+0x36/0x60
Nov 14 20:52:44 server kernel: [196697.952455]  [<ffffffff81468aa0>] __alloc_skb+0x80/0x190
Nov 14 20:52:44 server kernel: [196697.952459]  [<ffffffff81468de6>] __netdev_alloc_skb+0x36/0x60
Nov 14 20:52:44 server kernel: [196697.952472]  [<ffffffffa000b1ea>] rtl8169_rx_fill+0xba/0x250 [r8169]
Nov 14 20:52:44 server kernel: [196697.952477]  [<ffffffff8147250a>] ? netif_receive_skb+0x38a/0x5d0
Nov 14 20:52:44 server kernel: [196697.952483]  [<ffffffffa000b78b>] rtl8169_rx_interrupt+0x40b/0x5b0 [r8169]
Nov 14 20:52:44 server kernel: [196697.952490]  [<ffffffffa000baad>] rtl8169_poll+0x3d/0x270 [r8169]
Nov 14 20:52:44 server kernel: [196697.952496]  [<ffffffff810387b9>] ? default_spin_lock_flags+0x9/0x10
Nov 14 20:52:44 server kernel: [196697.952500]  [<ffffffff8147300f>] net_rx_action+0x10f/0x250
Nov 14 20:52:44 server kernel: [196697.952506]  [<ffffffffa000954e>] ? rtl8169_interrupt+0xde/0x1e0 [r8169]
Nov 14 20:52:44 server kernel: [196697.952511]  [<ffffffff8106d477>] __do_softirq+0xb7/0x1e0
Nov 14 20:52:44 server kernel: [196697.952516]  [<ffffffff810c4030>] ? handle_IRQ_event+0x60/0x170
Nov 14 20:52:44 server kernel: [196697.952520]  [<ffffffff810132ec>] call_softirq+0x1c/0x30
Nov 14 20:52:44 server kernel: [196697.952524]  [<ffffffff81014cb5>] do_softirq+0x65/0xa0
Nov 14 20:52:44 server kernel: [196697.952528]  [<ffffffff8106d315>] irq_exit+0x85/0x90
Nov 14 20:52:44 server kernel: [196697.952532]  [<ffffffff8155f2a5>] do_IRQ+0x75/0xf0
Nov 14 20:52:44 server kernel: [196697.952536]  [<ffffffff81012b13>] ret_from_intr+0x0/0x11
Nov 14 20:52:44 server kernel: [196697.952538]  <EOI>  [<ffffffff81037adb>] ? native_safe_halt+0xb/0x10
Nov 14 20:52:44 server kernel: [196697.952547]  [<ffffffff8108e6c6>] ? ktime_get_real+0x16/0x50
Nov 14 20:52:44 server kernel: [196697.952552]  [<ffffffff8130e24f>] ? acpi_idle_do_entry+0x3e/0x67
Nov 14 20:52:44 server kernel: [196697.952556]  [<ffffffff8130e2ea>] ? acpi_idle_enter_c1+0x72/0xc1
Nov 14 20:52:44 server kernel: [196697.952560]  [<ffffffff8155ce86>] ? notifier_call_chain+0x16/0x80
Nov 14 20:52:44 server kernel: [196697.952566]  [<ffffffff8144e42d>] ? menu_select+0x10d/0x2a0
Nov 14 20:52:44 server kernel: [196697.952570]  [<ffffffff8144d367>] ? cpuidle_idle_call+0xa7/0x140
Nov 14 20:52:44 server kernel: [196697.952575]  [<ffffffff81010e63>] ? cpu_idle+0xb3/0x110
Nov 14 20:52:44 server kernel: [196697.952579]  [<ffffffff81551fab>] ? start_secondary+0xa8/0xaa
Nov 14 20:52:44 server kernel: [196697.952582] Mem-Info:
Nov 14 20:52:44 server kernel: [196697.952584] Node 0 DMA per-cpu:
Nov 14 20:52:44 server kernel: [196697.952587] CPU    0: hi:    0, btch:   1 usd:   0
Nov 14 20:52:44 server kernel: [196697.952590] CPU    1: hi:    0, btch:   1 usd:   0
Nov 14 20:52:44 server kernel: [196697.952592] Node 0 DMA32 per-cpu:
Nov 14 20:52:44 server kernel: [196697.952595] CPU    0: hi:  186, btch:  31 usd: 176
Nov 14 20:52:44 server kernel: [196697.952598] CPU    1: hi:  186, btch:  31 usd:  59
Nov 14 20:52:44 server kernel: [196697.952600] Node 0 Normal per-cpu:
Nov 14 20:52:44 server kernel: [196697.952603] CPU    0: hi:  186, btch:  31 usd: 146
Nov 14 20:52:44 server kernel: [196697.952606] CPU    1: hi:  186, btch:  31 usd: 117
Nov 14 20:52:44 server kernel: [196697.952612] active_anon:98612 inactive_anon:67367 isolated_anon:0
Nov 14 20:52:44 server kernel: [196697.952613]  active_file:61118 inactive_file:692972 isolated_file:0
Nov 14 20:52:44 server kernel: [196697.952614]  unevictable:0 dirty:35512 writeback:0 unstable:0
Nov 14 20:52:44 server kernel: [196697.952615]  free:5822 slab_reclaimable:37466 slab_unreclaimable:7196
Nov 14 20:52:44 server kernel: [196697.952617]  mapped:11697 shmem:2001 pagetables:2401 bounce:0
Nov 14 20:52:44 server kernel: [196697.952620] Node 0 DMA free:15908kB min:28kB low:32kB high:40kB active_anon:0kB inactive_anon:0kB active_file:0kB inactive_file:0kB unevictable:0kB isolated(anon):0kB isolated(file):0kB present:15340kB mlocked:0kB dirty:0kB writeback:0kB mapped:0kB shmem:0kB slab_reclaimable:0kB slab_unreclaimable:0kB kernel_stack:0kB pagetables:0kB unstable:0kB bounce:0kB writeback_tmp:0kB pages_scanned:0 all_unreclaimable? yes
Nov 14 20:52:44 server kernel: [196697.952631] lowmem_reserve[]: 0 2965 3975 3975
Nov 14 20:52:44 server kernel: [196697.952636] Node 0 DMA32 free:6720kB min:6004kB low:7504kB high:9004kB active_anon:192324kB inactive_anon:62168kB active_file:59336kB inactive_file:2486152kB unevictable:0kB isolated(anon):0kB isolated(file):0kB present:3036256kB mlocked:0kB dirty:141196kB writeback:0kB mapped:668kB shmem:380kB slab_reclaimable:134556kB slab_unreclaimable:15688kB kernel_stack:72kB pagetables:1080kB unstable:0kB bounce:0kB writeback_tmp:0kB pages_scanned:0 all_unreclaimable? no
Nov 14 20:52:44 server kernel: [196697.952649] lowmem_reserve[]: 0 0 1010 1010
Nov 14 20:52:44 server kernel: [196697.952654] Node 0 Normal free:660kB min:2044kB low:2552kB high:3064kB active_anon:202124kB inactive_anon:207300kB active_file:185136kB inactive_file:285736kB unevictable:0kB isolated(anon):0kB isolated(file):0kB present:1034240kB mlocked:0kB dirty:852kB writeback:0kB mapped:46120kB shmem:7624kB slab_reclaimable:15308kB slab_unreclaimable:13096kB kernel_stack:2704kB pagetables:8524kB unstable:0kB bounce:0kB writeback_tmp:0kB pages_scanned:32 all_unreclaimable? no
Nov 14 20:52:44 server kernel: [196697.952667] lowmem_reserve[]: 0 0 0 0
Nov 14 20:52:44 server kernel: [196697.952671] Node 0 DMA: 3*4kB 3*8kB 2*16kB 3*32kB 2*64kB 0*128kB 1*256kB 0*512kB 1*1024kB 1*2048kB 3*4096kB = 15908kB
Nov 14 20:52:44 server kernel: [196697.952684] Node 0 DMA32: 1398*4kB 5*8kB 4*16kB 0*32kB 0*64kB 0*128kB 0*256kB 0*512kB 1*1024kB 0*2048kB 0*4096kB = 6720kB
Nov 14 20:52:44 server kernel: [196697.952696] Node 0 Normal: 165*4kB 0*8kB 0*16kB 0*32kB 0*64kB 0*128kB 0*256kB 0*512kB 0*1024kB 0*2048kB 0*4096kB = 660kB
Nov 14 20:52:44 server kernel: [196697.952707] 756223 total pagecache pages
Nov 14 20:52:44 server kernel: [196697.952710] 116 pages in swap cache
Nov 14 20:52:44 server kernel: [196697.952712] Swap cache stats: add 1220, delete 1104, find 1308/1323
Nov 14 20:52:44 server kernel: [196697.952714] Free swap  = 15618740kB
Nov 14 20:52:44 server kernel: [196697.952716] Total swap = 15623172kB
Nov 14 20:52:44 server kernel: [196697.970201] 1048576 pages RAM
Nov 14 20:52:44 server kernel: [196697.970203] 42584 pages reserved
Nov 14 20:52:44 server kernel: [196697.970205] 751180 pages shared
Nov 14 20:52:44 server kernel: [196697.970207] 271155 pages non-shared
Nov 14 20:52:44 server kernel: [196697.970506] swapper: page allocation failure. order:3, mode:0x4020
Nov 14 20:52:44 server kernel: [196697.970511] Pid: 0, comm: swapper Not tainted 2.6.32-25-server #45-Ubuntu
Nov 14 20:52:44 server kernel: [196697.970514] Call Trace:
Nov 14 20:52:44 server kernel: [196697.970517]  <IRQ>  [<ffffffff810f9a2e>] __alloc_pages_slowpath+0x56e/0x580
Nov 14 20:52:44 server kernel: [196697.970529]  [<ffffffff810f9bb1>] __alloc_pages_nodemask+0x171/0x180
Nov 14 20:52:44 server kernel: [196697.970534]  [<ffffffff81131df2>] kmalloc_large_node+0x62/0xb0
Nov 14 20:52:44 server kernel: [196697.970538]  [<ffffffff81136409>] __kmalloc_node_track_caller+0x109/0x160
Nov 14 20:52:44 server kernel: [196697.970543]  [<ffffffff81468de6>] ? __netdev_alloc_skb+0x36/0x60
Nov 14 20:52:44 server kernel: [196697.970547]  [<ffffffff81468aa0>] __alloc_skb+0x80/0x190
Nov 14 20:52:44 server kernel: [196697.970551]  [<ffffffff81468de6>] __netdev_alloc_skb+0x36/0x60
Nov 14 20:52:44 server kernel: [196697.970564]  [<ffffffffa000b1ea>] rtl8169_rx_fill+0xba/0x250 [r8169]
Nov 14 20:52:44 server kernel: [196697.970569]  [<ffffffff8147250a>] ? netif_receive_skb+0x38a/0x5d0
Nov 14 20:52:44 server kernel: [196697.970576]  [<ffffffffa000b78b>] rtl8169_rx_interrupt+0x40b/0x5b0 [r8169]
Nov 14 20:52:44 server kernel: [196697.970582]  [<ffffffffa000baad>] rtl8169_poll+0x3d/0x270 [r8169]
Nov 14 20:52:44 server kernel: [196697.970586]  [<ffffffff8147300f>] net_rx_action+0x10f/0x250
Nov 14 20:52:44 server kernel: [196697.970591]  [<ffffffff8106d477>] __do_softirq+0xb7/0x1e0
Nov 14 20:52:44 server kernel: [196697.970596]  [<ffffffff810c4030>] ? handle_IRQ_event+0x60/0x170
Nov 14 20:52:44 server kernel: [196697.970600]  [<ffffffff810132ec>] call_softirq+0x1c/0x30
Nov 14 20:52:44 server kernel: [196697.970604]  [<ffffffff81014cb5>] do_softirq+0x65/0xa0
Nov 14 20:52:44 server kernel: [196697.970608]  [<ffffffff8106d315>] irq_exit+0x85/0x90
Nov 14 20:52:44 server kernel: [196697.970612]  [<ffffffff8155f2a5>] do_IRQ+0x75/0xf0
Nov 14 20:52:44 server kernel: [196697.970616]  [<ffffffff81012b13>] ret_from_intr+0x0/0x11
Nov 14 20:52:44 server kernel: [196697.970618]  <EOI>  [<ffffffff81037adb>] ? native_safe_halt+0xb/0x10
Nov 14 20:52:44 server kernel: [196697.970627]  [<ffffffff8108e6c6>] ? ktime_get_real+0x16/0x50
Nov 14 20:52:44 server kernel: [196697.970632]  [<ffffffff8130e24f>] ? acpi_idle_do_entry+0x3e/0x67
Nov 14 20:52:44 server kernel: [196697.970636]  [<ffffffff8130e2ea>] ? acpi_idle_enter_c1+0x72/0xc1
Nov 14 20:52:44 server kernel: [196697.970641]  [<ffffffff8155ce86>] ? notifier_call_chain+0x16/0x80
Nov 14 20:52:44 server kernel: [196697.970646]  [<ffffffff8144e42d>] ? menu_select+0x10d/0x2a0
Nov 14 20:52:44 server kernel: [196697.970650]  [<ffffffff8144d367>] ? cpuidle_idle_call+0xa7/0x140
Nov 14 20:52:44 server kernel: [196697.970655]  [<ffffffff81010e63>] ? cpu_idle+0xb3/0x110
Nov 14 20:52:44 server kernel: [196697.970659]  [<ffffffff81551fab>] ? start_secondary+0xa8/0xaa
Nov 14 20:52:44 server kernel: [196697.970662] Mem-Info:
Nov 14 20:52:44 server kernel: [196697.970664] Node 0 DMA per-cpu:
Nov 14 20:52:44 server kernel: [196697.970667] CPU    0: hi:    0, btch:   1 usd:   0
Nov 14 20:52:44 server kernel: [196697.970670] CPU    1: hi:    0, btch:   1 usd:   0
Nov 14 20:52:44 server kernel: [196697.970673] Node 0 DMA32 per-cpu:
Nov 14 20:52:44 server kernel: [196697.970676] CPU    0: hi:  186, btch:  31 usd: 176
Nov 14 20:52:44 server kernel: [196697.970678] CPU    1: hi:  186, btch:  31 usd:  57
Nov 14 20:52:44 server kernel: [196697.970680] Node 0 Normal per-cpu:
Nov 14 20:52:44 server kernel: [196697.970684] CPU    0: hi:  186, btch:  31 usd: 146
Nov 14 20:52:44 server kernel: [196697.970686] CPU    1: hi:  186, btch:  31 usd: 117
Nov 14 20:52:44 server kernel: [196697.970692] active_anon:98612 inactive_anon:67367 isolated_anon:0
Nov 14 20:52:44 server kernel: [196697.970693]  active_file:61118 inactive_file:692972 isolated_file:0
Nov 14 20:52:44 server kernel: [196697.970695]  unevictable:0 dirty:35512 writeback:0 unstable:0
Nov 14 20:52:44 server kernel: [196697.970696]  free:5791 slab_reclaimable:37466 slab_unreclaimable:7221
Nov 14 20:52:44 server kernel: [196697.970697]  mapped:11697 shmem:2001 pagetables:2401 bounce:0
Nov 14 20:52:44 server kernel: [196697.970700] Node 0 DMA free:15908kB min:28kB low:32kB high:40kB active_anon:0kB inactive_anon:0kB active_file:0kB inactive_file:0kB unevictable:0kB isolated(anon):0kB isolated(file):0kB present:15340kB mlocked:0kB dirty:0kB writeback:0kB mapped:0kB shmem:0kB slab_reclaimable:0kB slab_unreclaimable:0kB kernel_stack:0kB pagetables:0kB unstable:0kB bounce:0kB writeback_tmp:0kB pages_scanned:0 all_unreclaimable? yes
Nov 14 20:52:44 server kernel: [196697.970712] lowmem_reserve[]: 0 2965 3975 3975
Nov 14 20:52:44 server kernel: [196697.970717] Node 0 DMA32 free:6596kB min:6004kB low:7504kB high:9004kB active_anon:192324kB inactive_anon:62168kB active_file:59336kB inactive_file:2486152kB unevictable:0kB isolated(anon):0kB isolated(file):0kB present:3036256kB mlocked:0kB dirty:141196kB writeback:0kB mapped:668kB shmem:380kB slab_reclaimable:134556kB slab_unreclaimable:15788kB kernel_stack:72kB pagetables:1080kB unstable:0kB bounce:0kB writeback_tmp:0kB pages_scanned:0 all_unreclaimable? no
Nov 14 20:52:44 server kernel: [196697.970729] lowmem_reserve[]: 0 0 1010 1010
Nov 14 20:52:44 server kernel: [196697.970734] Node 0 Normal free:660kB min:2044kB low:2552kB high:3064kB active_anon:202124kB inactive_anon:207300kB active_file:185136kB inactive_file:285736kB unevictable:0kB isolated(anon):0kB isolated(file):0kB present:1034240kB mlocked:0kB dirty:852kB writeback:0kB mapped:46120kB shmem:7624kB slab_reclaimable:15308kB slab_unreclaimable:13096kB kernel_stack:2704kB pagetables:8524kB unstable:0kB bounce:0kB writeback_tmp:0kB pages_scanned:32 all_unreclaimable? no
Nov 14 20:52:44 server kernel: [196697.970747] lowmem_reserve[]: 0 0 0 0
Nov 14 20:52:44 server kernel: [196697.970752] Node 0 DMA: 3*4kB 3*8kB 2*16kB 3*32kB 2*64kB 0*128kB 1*256kB 0*512kB 1*1024kB 1*2048kB 3*4096kB = 15908kB
Nov 14 20:52:44 server kernel: [196697.970764] Node 0 DMA32: 1367*4kB 5*8kB 4*16kB 0*32kB 0*64kB 0*128kB 0*256kB 0*512kB 1*1024kB 0*2048kB 0*4096kB = 6596kB
Nov 14 20:52:44 server kernel: [196697.970776] Node 0 Normal: 165*4kB 0*8kB 0*16kB 0*32kB 0*64kB 0*128kB 0*256kB 0*512kB 0*1024kB 0*2048kB 0*4096kB = 660kB
Nov 14 20:52:44 server kernel: [196697.970788] 756223 total pagecache pages
Nov 14 20:52:44 server kernel: [196697.970790] 116 pages in swap cache
Nov 14 20:52:44 server kernel: [196697.970792] Swap cache stats: add 1220, delete 1104, find 1308/1323
Nov 14 20:52:44 server kernel: [196697.970795] Free swap  = 15618740kB
Nov 14 20:52:44 server kernel: [196697.970797] Total swap = 15623172kB
Nov 14 20:52:44 server kernel: [196697.988309] 1048576 pages RAM
Nov 14 20:52:44 server kernel: [196697.988311] 42584 pages reserved
Nov 14 20:52:44 server kernel: [196697.988313] 751180 pages shared
Nov 14 20:52:44 server kernel: [196697.988314] 271188 pages non-shared
Nov 14 20:52:44 server kernel: [196697.988613] swapper: page allocation failure. order:3, mode:0x4020
Nov 14 20:52:44 server kernel: [196697.988618] Pid: 0, comm: swapper Not tainted 2.6.32-25-server #45-Ubuntu
Nov 14 20:52:44 server kernel: [196697.988621] Call Trace:
Nov 14 20:52:44 server kernel: [196697.988623]  <IRQ>  [<ffffffff810f9a2e>] __alloc_pages_slowpath+0x56e/0x580
Nov 14 20:52:44 server kernel: [196697.988635]  [<ffffffff810f9bb1>] __alloc_pages_nodemask+0x171/0x180
Nov 14 20:52:44 server kernel: [196697.988640]  [<ffffffff81131df2>] kmalloc_large_node+0x62/0xb0
Nov 14 20:52:44 server kernel: [196697.988645]  [<ffffffff81136409>] __kmalloc_node_track_caller+0x109/0x160
Nov 14 20:52:44 server kernel: [196697.988650]  [<ffffffff81468de6>] ? __netdev_alloc_skb+0x36/0x60
Nov 14 20:52:44 server kernel: [196697.988654]  [<ffffffff81468aa0>] __alloc_skb+0x80/0x190
Nov 14 20:52:44 server kernel: [196697.988658]  [<ffffffff81468de6>] __netdev_alloc_skb+0x36/0x60
Nov 14 20:52:44 server kernel: [196697.988671]  [<ffffffffa000b1ea>] rtl8169_rx_fill+0xba/0x250 [r8169]
Nov 14 20:52:44 server kernel: [196697.988677]  [<ffffffff8147250a>] ? netif_receive_skb+0x38a/0x5d0
Nov 14 20:52:44 server kernel: [196697.988683]  [<ffffffffa000b78b>] rtl8169_rx_interrupt+0x40b/0x5b0 [r8169]
Nov 14 20:52:44 server kernel: [196697.988689]  [<ffffffffa000baad>] rtl8169_poll+0x3d/0x270 [r8169]
Nov 14 20:52:44 server kernel: [196697.988694]  [<ffffffff8147300f>] net_rx_action+0x10f/0x250
Nov 14 20:52:44 server kernel: [196697.988699]  [<ffffffff8106d477>] __do_softirq+0xb7/0x1e0
Nov 14 20:52:44 server kernel: [196697.988703]  [<ffffffff810c4030>] ? handle_IRQ_event+0x60/0x170
Nov 14 20:52:44 server kernel: [196697.988708]  [<ffffffff810132ec>] call_softirq+0x1c/0x30
Nov 14 20:52:44 server kernel: [196697.988712]  [<ffffffff81014cb5>] do_softirq+0x65/0xa0
Nov 14 20:52:44 server kernel: [196697.988715]  [<ffffffff8106d315>] irq_exit+0x85/0x90
Nov 14 20:52:44 server kernel: [196697.988720]  [<ffffffff8155f2a5>] do_IRQ+0x75/0xf0
Nov 14 20:52:44 server kernel: [196697.988724]  [<ffffffff81012b13>] ret_from_intr+0x0/0x11
Nov 14 20:52:44 server kernel: [196697.988726]  <EOI>  [<ffffffff81037adb>] ? native_safe_halt+0xb/0x10
Nov 14 20:52:44 server kernel: [196697.988735]  [<ffffffff8108e6c6>] ? ktime_get_real+0x16/0x50
Nov 14 20:52:44 server kernel: [196697.988740]  [<ffffffff8130e24f>] ? acpi_idle_do_entry+0x3e/0x67
Nov 14 20:52:44 server kernel: [196697.988744]  [<ffffffff8130e2ea>] ? acpi_idle_enter_c1+0x72/0xc1
Nov 14 20:52:44 server kernel: [196697.988749]  [<ffffffff8155ce86>] ? notifier_call_chain+0x16/0x80
Nov 14 20:52:44 server kernel: [196697.988754]  [<ffffffff8144e42d>] ? menu_select+0x10d/0x2a0
Nov 14 20:52:44 server kernel: [196697.988758]  [<ffffffff8144d367>] ? cpuidle_idle_call+0xa7/0x140
Nov 14 20:52:44 server kernel: [196697.988763]  [<ffffffff81010e63>] ? cpu_idle+0xb3/0x110
Nov 14 20:52:44 server kernel: [196697.988767]  [<ffffffff81551fab>] ? start_secondary+0xa8/0xaa
Nov 14 20:52:44 server kernel: [196697.988770] Mem-Info:
Nov 14 20:52:44 server kernel: [196697.988772] Node 0 DMA per-cpu:
Nov 14 20:52:44 server kernel: [196697.988775] CPU    0: hi:    0, btch:   1 usd:   0
Nov 14 20:52:44 server kernel: [196697.988778] CPU    1: hi:    0, btch:   1 usd:   0
Nov 14 20:52:44 server kernel: [196697.988780] Node 0 DMA32 per-cpu:
Nov 14 20:52:44 server kernel: [196697.988783] CPU    0: hi:  186, btch:  31 usd: 176
Nov 14 20:52:44 server kernel: [196697.988786] CPU    1: hi:  186, btch:  31 usd:  54
Nov 14 20:52:44 server kernel: [196697.988788] Node 0 Normal per-cpu:
Nov 14 20:52:44 server kernel: [196697.988791] CPU    0: hi:  186, btch:  31 usd: 146
Nov 14 20:52:44 server kernel: [196697.988794] CPU    1: hi:  186, btch:  31 usd: 117
Nov 14 20:52:44 server kernel: [196697.988800] active_anon:98612 inactive_anon:67367 isolated_anon:0
Nov 14 20:52:44 server kernel: [196697.988801]  active_file:61118 inactive_file:692972 isolated_file:0
Nov 14 20:52:44 server kernel: [196697.988802]  unevictable:0 dirty:35512 writeback:0 unstable:0
Nov 14 20:52:44 server kernel: [196697.988804]  free:5760 slab_reclaimable:37466 slab_unreclaimable:7271
Nov 14 20:52:44 server kernel: [196697.988805]  mapped:11697 shmem:2001 pagetables:2401 bounce:0
Nov 14 20:52:44 server kernel: [196697.988808] Node 0 DMA free:15908kB min:28kB low:32kB high:40kB active_anon:0kB inactive_anon:0kB active_file:0kB inactive_file:0kB unevictable:0kB isolated(anon):0kB isolated(file):0kB present:15340kB mlocked:0kB dirty:0kB writeback:0kB mapped:0kB shmem:0kB slab_reclaimable:0kB slab_unreclaimable:0kB kernel_stack:0kB pagetables:0kB unstable:0kB bounce:0kB writeback_tmp:0kB pages_scanned:0 all_unreclaimable? yes
Nov 14 20:52:44 server kernel: [196697.988819] lowmem_reserve[]: 0 2965 3975 3975
Nov 14 20:52:44 server kernel: [196697.988825] Node 0 DMA32 free:6472kB min:6004kB low:7504kB high:9004kB active_anon:192324kB inactive_anon:62168kB active_file:59336kB inactive_file:2486152kB unevictable:0kB isolated(anon):0kB isolated(file):0kB present:3036256kB mlocked:0kB dirty:141196kB writeback:0kB mapped:668kB shmem:380kB slab_reclaimable:134556kB slab_unreclaimable:15988kB kernel_stack:72kB pagetables:1080kB unstable:0kB bounce:0kB writeback_tmp:0kB pages_scanned:0 all_unreclaimable? no
Nov 14 20:52:44 server kernel: [196697.988837] lowmem_reserve[]: 0 0 1010 1010
Nov 14 20:52:44 server kernel: [196697.988842] Node 0 Normal free:660kB min:2044kB low:2552kB high:3064kB active_anon:202124kB inactive_anon:207300kB active_file:185136kB inactive_file:285736kB unevictable:0kB isolated(anon):0kB isolated(file):0kB present:1034240kB mlocked:0kB dirty:852kB writeback:0kB mapped:46120kB shmem:7624kB slab_reclaimable:15308kB slab_unreclaimable:13096kB kernel_stack:2704kB pagetables:8524kB unstable:0kB bounce:0kB writeback_tmp:0kB pages_scanned:32 all_unreclaimable? no
Nov 14 20:52:44 server kernel: [196697.988855] lowmem_reserve[]: 0 0 0 0
Nov 14 20:52:44 server kernel: [196697.988859] Node 0 DMA: 3*4kB 3*8kB 2*16kB 3*32kB 2*64kB 0*128kB 1*256kB 0*512kB 1*1024kB 1*2048kB 3*4096kB = 15908kB
Nov 14 20:52:44 server kernel: [196697.988872] Node 0 DMA32: 1336*4kB 5*8kB 4*16kB 0*32kB 0*64kB 0*128kB 0*256kB 0*512kB 1*1024kB 0*2048kB 0*4096kB = 6472kB
Nov 14 20:52:44 server kernel: [196697.988884] Node 0 Normal: 165*4kB 0*8kB 0*16kB 0*32kB 0*64kB 0*128kB 0*256kB 0*512kB 0*1024kB 0*2048kB 0*4096kB = 660kB
Nov 14 20:52:44 server kernel: [196697.988896] 756223 total pagecache pages
Nov 14 20:52:44 server kernel: [196697.988898] 116 pages in swap cache
Nov 14 20:52:44 server kernel: [196697.988900] Swap cache stats: add 1220, delete 1104, find 1308/1323
Nov 14 20:52:44 server kernel: [196697.988903] Free swap  = 15618740kB
Nov 14 20:52:44 server kernel: [196697.988905] Total swap = 15623172kB
Nov 14 20:52:44 server kernel: [196698.006410] 1048576 pages RAM
Nov 14 20:52:44 server kernel: [196698.006412] 42584 pages reserved
Nov 14 20:52:44 server kernel: [196698.006414] 751180 pages shared
Nov 14 20:52:44 server kernel: [196698.006416] 271222 pages non-shared
Nov 14 20:52:44 server kernel: [196698.006762] swapper: page allocation failure. order:3, mode:0x4020
Nov 14 20:52:44 server kernel: [196698.006766] Pid: 0, comm: swapper Not tainted 2.6.32-25-server #45-Ubuntu
Nov 14 20:52:44 server kernel: [196698.006769] Call Trace:
Nov 14 20:52:44 server kernel: [196698.006771]  <IRQ>  [<ffffffff810f9a2e>] __alloc_pages_slowpath+0x56e/0x580
Nov 14 20:52:44 server kernel: [196698.006784]  [<ffffffff810f9bb1>] __alloc_pages_nodemask+0x171/0x180
Nov 14 20:52:44 server kernel: [196698.006789]  [<ffffffff81131df2>] kmalloc_large_node+0x62/0xb0
Nov 14 20:52:44 server kernel: [196698.006793]  [<ffffffff81136409>] __kmalloc_node_track_caller+0x109/0x160
Nov 14 20:52:44 server kernel: [196698.006798]  [<ffffffff81468de6>] ? __netdev_alloc_skb+0x36/0x60
Nov 14 20:52:44 server kernel: [196698.006802]  [<ffffffff81468aa0>] __alloc_skb+0x80/0x190
Nov 14 20:52:44 server kernel: [196698.006806]  [<ffffffff81468de6>] __netdev_alloc_skb+0x36/0x60
Nov 14 20:52:44 server kernel: [196698.006819]  [<ffffffffa000b1ea>] rtl8169_rx_fill+0xba/0x250 [r8169]
Nov 14 20:52:44 server kernel: [196698.006824]  [<ffffffff8147250a>] ? netif_receive_skb+0x38a/0x5d0
Nov 14 20:52:44 server kernel: [196698.006831]  [<ffffffffa000b78b>] rtl8169_rx_interrupt+0x40b/0x5b0 [r8169]
Nov 14 20:52:44 server kernel: [196698.006837]  [<ffffffffa000baad>] rtl8169_poll+0x3d/0x270 [r8169]
Nov 14 20:52:44 server kernel: [196698.006842]  [<ffffffff8147300f>] net_rx_action+0x10f/0x250
Nov 14 20:52:44 server kernel: [196698.006846]  [<ffffffff8106d477>] __do_softirq+0xb7/0x1e0
Nov 14 20:52:44 server kernel: [196698.006851]  [<ffffffff810c4030>] ? handle_IRQ_event+0x60/0x170
Nov 14 20:52:44 server kernel: [196698.006855]  [<ffffffff810132ec>] call_softirq+0x1c/0x30
Nov 14 20:52:44 server kernel: [196698.006859]  [<ffffffff81014cb5>] do_softirq+0x65/0xa0
Nov 14 20:52:44 server kernel: [196698.006863]  [<ffffffff8106d315>] irq_exit+0x85/0x90
Nov 14 20:52:44 server kernel: [196698.006867]  [<ffffffff8155f2a5>] do_IRQ+0x75/0xf0
Nov 14 20:52:44 server kernel: [196698.006871]  [<ffffffff81012b13>] ret_from_intr+0x0/0x11
Nov 14 20:52:44 server kernel: [196698.006873]  <EOI>  [<ffffffff81037adb>] ? native_safe_halt+0xb/0x10
Nov 14 20:52:44 server kernel: [196698.006882]  [<ffffffff8108e6c6>] ? ktime_get_real+0x16/0x50
Nov 14 20:52:44 server kernel: [196698.006887]  [<ffffffff8130e24f>] ? acpi_idle_do_entry+0x3e/0x67
Nov 14 20:52:44 server kernel: [196698.006891]  [<ffffffff8130e2ea>] ? acpi_idle_enter_c1+0x72/0xc1
Nov 14 20:52:44 server kernel: [196698.006896]  [<ffffffff8155ce86>] ? notifier_call_chain+0x16/0x80
Nov 14 20:52:44 server kernel: [196698.006901]  [<ffffffff8144e42d>] ? menu_select+0x10d/0x2a0
Nov 14 20:52:44 server kernel: [196698.006905]  [<ffffffff8144d367>] ? cpuidle_idle_call+0xa7/0x140
Nov 14 20:52:44 server kernel: [196698.006910]  [<ffffffff81010e63>] ? cpu_idle+0xb3/0x110
Nov 14 20:52:44 server kernel: [196698.006914]  [<ffffffff81551fab>] ? start_secondary+0xa8/0xaa
Nov 14 20:52:44 server kernel: [196698.006917] Mem-Info:
Nov 14 20:52:44 server kernel: [196698.006919] Node 0 DMA per-cpu:
Nov 14 20:52:44 server kernel: [196698.006922] CPU    0: hi:    0, btch:   1 usd:   0
Nov 14 20:52:44 server kernel: [196698.006925] CPU    1: hi:    0, btch:   1 usd:   0
Nov 14 20:52:44 server kernel: [196698.006927] Node 0 DMA32 per-cpu:
Nov 14 20:52:44 server kernel: [196698.006930] CPU    0: hi:  186, btch:  31 usd: 176
Nov 14 20:52:44 server kernel: [196698.006933] CPU    1: hi:  186, btch:  31 usd:  44
Nov 14 20:52:44 server kernel: [196698.006934] Node 0 Normal per-cpu:
Nov 14 20:52:44 server kernel: [196698.006938] CPU    0: hi:  186, btch:  31 usd: 146
Nov 14 20:52:44 server kernel: [196698.006940] CPU    1: hi:  186, btch:  31 usd: 117
Nov 14 20:52:44 server kernel: [196698.006946] active_anon:98612 inactive_anon:67367 isolated_anon:0
Nov 14 20:52:44 server kernel: [196698.006947]  active_file:61118 inactive_file:692972 isolated_file:0
Nov 14 20:52:44 server kernel: [196698.006948]  unevictable:0 dirty:35512 writeback:0 unstable:0
Nov 14 20:52:44 server kernel: [196698.006950]  free:5729 slab_reclaimable:37466 slab_unreclaimable:7296
Nov 14 20:52:44 server kernel: [196698.006951]  mapped:11697 shmem:2001 pagetables:2401 bounce:0
Nov 14 20:52:44 server kernel: [196698.006954] Node 0 DMA free:15908kB min:28kB low:32kB high:40kB active_anon:0kB inactive_anon:0kB active_file:0kB inactive_file:0kB unevictable:0kB isolated(anon):0kB isolated(file):0kB present:15340kB mlocked:0kB dirty:0kB writeback:0kB mapped:0kB shmem:0kB slab_reclaimable:0kB slab_unreclaimable:0kB kernel_stack:0kB pagetables:0kB unstable:0kB bounce:0kB writeback_tmp:0kB pages_scanned:0 all_unreclaimable? yes
Nov 14 20:52:44 server kernel: [196698.006966] lowmem_reserve[]: 0 2965 3975 3975
Nov 14 20:52:44 server kernel: [196698.006971] Node 0 DMA32 free:6348kB min:6004kB low:7504kB high:9004kB active_anon:192324kB inactive_anon:62168kB active_file:59336kB inactive_file:2486152kB unevictable:0kB isolated(anon):0kB isolated(file):0kB present:3036256kB mlocked:0kB dirty:141196kB writeback:0kB mapped:668kB shmem:380kB slab_reclaimable:134556kB slab_unreclaimable:16088kB kernel_stack:72kB pagetables:1080kB unstable:0kB bounce:0kB writeback_tmp:0kB pages_scanned:0 all_unreclaimable? no
Nov 14 20:52:44 server kernel: [196698.006984] lowmem_reserve[]: 0 0 1010 1010
Nov 14 20:52:44 server kernel: [196698.006989] Node 0 Normal free:660kB min:2044kB low:2552kB high:3064kB active_anon:202124kB inactive_anon:207300kB active_file:185136kB inactive_file:285736kB unevictable:0kB isolated(anon):0kB isolated(file):0kB present:1034240kB mlocked:0kB dirty:852kB writeback:0kB mapped:46120kB shmem:7624kB slab_reclaimable:15308kB slab_unreclaimable:13096kB kernel_stack:2704kB pagetables:8524kB unstable:0kB bounce:0kB writeback_tmp:0kB pages_scanned:32 all_unreclaimable? no
Nov 14 20:52:44 server kernel: [196698.007001] lowmem_reserve[]: 0 0 0 0
Nov 14 20:52:44 server kernel: [196698.007006] Node 0 DMA: 3*4kB 3*8kB 2*16kB 3*32kB 2*64kB 0*128kB 1*256kB 0*512kB 1*1024kB 1*2048kB 3*4096kB = 15908kB
Nov 14 20:52:44 server kernel: [196698.007019] Node 0 DMA32: 1305*4kB 5*8kB 4*16kB 0*32kB 0*64kB 0*128kB 0*256kB 0*512kB 1*1024kB 0*2048kB 0*4096kB = 6348kB
Nov 14 20:52:44 server kernel: [196698.007031] Node 0 Normal: 165*4kB 0*8kB 0*16kB 0*32kB 0*64kB 0*128kB 0*256kB 0*512kB 0*1024kB 0*2048kB 0*4096kB = 660kB
Nov 14 20:52:44 server kernel: [196698.007043] 756223 total pagecache pages
Nov 14 20:52:44 server kernel: [196698.007045] 116 pages in swap cache
Nov 14 20:52:44 server kernel: [196698.007047] Swap cache stats: add 1220, delete 1104, find 1308/1323
Nov 14 20:52:44 server kernel: [196698.007049] Free swap  = 15618740kB
Nov 14 20:52:44 server kernel: [196698.007051] Total swap = 15623172kB
Nov 14 20:52:44 server kernel: [196698.024562] 1048576 pages RAM
Nov 14 20:52:44 server kernel: [196698.024565] 42584 pages reserved
Nov 14 20:52:44 server kernel: [196698.024567] 751177 pages shared
Nov 14 20:52:44 server kernel: [196698.024568] 271266 pages non-shared
Nov 14 20:52:44 server kernel: [196698.024746] swapper: page allocation failure. order:0, mode:0x4020
Nov 14 20:52:44 server kernel: [196698.024751] Pid: 0, comm: swapper Not tainted 2.6.32-25-server #45-Ubuntu
Nov 14 20:52:44 server kernel: [196698.024753] Call Trace:
Nov 14 20:52:44 server kernel: [196698.024756]  <IRQ>  [<ffffffff810f9a2e>] __alloc_pages_slowpath+0x56e/0x580
Nov 14 20:52:44 server kernel: [196698.024768]  [<ffffffff810f9bb1>] __alloc_pages_nodemask+0x171/0x180
Nov 14 20:52:44 server kernel: [196698.024773]  [<ffffffff8112cae7>] alloc_pages_current+0x87/0xd0
Nov 14 20:52:44 server kernel: [196698.024778]  [<ffffffff81132b27>] new_slab+0x2f7/0x310
Nov 14 20:52:44 server kernel: [196698.024782]  [<ffffffff811353d1>] __slab_alloc+0x201/0x2d0
Nov 14 20:52:44 server kernel: [196698.024787]  [<ffffffff81468de6>] ? __netdev_alloc_skb+0x36/0x60
Nov 14 20:52:44 server kernel: [196698.024791]  [<ffffffff811363af>] __kmalloc_node_track_caller+0xaf/0x160
Nov 14 20:52:44 server kernel: [196698.024795]  [<ffffffff81468de6>] ? __netdev_alloc_skb+0x36/0x60
Nov 14 20:52:44 server kernel: [196698.024799]  [<ffffffff81468aa0>] __alloc_skb+0x80/0x190
Nov 14 20:52:44 server kernel: [196698.024803]  [<ffffffff81468de6>] __netdev_alloc_skb+0x36/0x60
Nov 14 20:52:44 server kernel: [196698.024816]  [<ffffffffa000b5c7>] rtl8169_rx_interrupt+0x247/0x5b0 [r8169]
Nov 14 20:52:44 server kernel: [196698.024822]  [<ffffffffa000baad>] rtl8169_poll+0x3d/0x270 [r8169]
Nov 14 20:52:44 server kernel: [196698.024827]  [<ffffffff8147300f>] net_rx_action+0x10f/0x250
Nov 14 20:52:44 server kernel: [196698.024832]  [<ffffffff8106d477>] __do_softirq+0xb7/0x1e0
Nov 14 20:52:44 server kernel: [196698.024837]  [<ffffffff810c4030>] ? handle_IRQ_event+0x60/0x170
Nov 14 20:52:44 server kernel: [196698.024841]  [<ffffffff810132ec>] call_softirq+0x1c/0x30
Nov 14 20:52:44 server kernel: [196698.024845]  [<ffffffff81014cb5>] do_softirq+0x65/0xa0
Nov 14 20:52:44 server kernel: [196698.024848]  [<ffffffff8106d315>] irq_exit+0x85/0x90
Nov 14 20:52:44 server kernel: [196698.024853]  [<ffffffff8155f2a5>] do_IRQ+0x75/0xf0
Nov 14 20:52:44 server kernel: [196698.024857]  [<ffffffff81012b13>] ret_from_intr+0x0/0x11
Nov 14 20:52:44 server kernel: [196698.024859]  <EOI>  [<ffffffff81037adb>] ? native_safe_halt+0xb/0x10
Nov 14 20:52:44 server kernel: [196698.024868]  [<ffffffff8108e6c6>] ? ktime_get_real+0x16/0x50
Nov 14 20:52:44 server kernel: [196698.024873]  [<ffffffff8130e24f>] ? acpi_idle_do_entry+0x3e/0x67
Nov 14 20:52:44 server kernel: [196698.024877]  [<ffffffff8130e2ea>] ? acpi_idle_enter_c1+0x72/0xc1
Nov 14 20:52:44 server kernel: [196698.024881]  [<ffffffff8155ce86>] ? notifier_call_chain+0x16/0x80
Nov 14 20:52:44 server kernel: [196698.024887]  [<ffffffff8144e42d>] ? menu_select+0x10d/0x2a0
Nov 14 20:52:44 server kernel: [196698.024891]  [<ffffffff8144d367>] ? cpuidle_idle_call+0xa7/0x140
Nov 14 20:52:44 server kernel: [196698.024896]  [<ffffffff81010e63>] ? cpu_idle+0xb3/0x110
Nov 14 20:52:44 server kernel: [196698.024900]  [<ffffffff81551fab>] ? start_secondary+0xa8/0xaa
Nov 14 20:52:44 server kernel: [196698.024903] Mem-Info:
Nov 14 20:52:44 server kernel: [196698.024905] Node 0 DMA per-cpu:
Nov 14 20:52:44 server kernel: [196698.024908] CPU    0: hi:    0, btch:   1 usd:   0
Nov 14 20:52:44 server kernel: [196698.024911] CPU    1: hi:    0, btch:   1 usd:   0
Nov 14 20:52:44 server kernel: [196698.024913] Node 0 DMA32 per-cpu:
Nov 14 20:52:44 server kernel: [196698.024916] CPU    0: hi:  186, btch:  31 usd: 176
Nov 14 20:52:44 server kernel: [196698.024919] CPU    1: hi:  186, btch:  31 usd:  60
Nov 14 20:52:44 server kernel: [196698.024921] Node 0 Normal per-cpu:
Nov 14 20:52:44 server kernel: [196698.024924] CPU    0: hi:  186, btch:  31 usd: 146
Nov 14 20:52:44 server kernel: [196698.024927] CPU    1: hi:  186, btch:  31 usd: 117
Nov 14 20:52:44 server kernel: [196698.024933] active_anon:98612 inactive_anon:67367 isolated_anon:0
Nov 14 20:52:44 server kernel: [196698.024934]  active_file:61118 inactive_file:692972 isolated_file:0
Nov 14 20:52:44 server kernel: [196698.024936]  unevictable:0 dirty:35512 writeback:0 unstable:0
Nov 14 20:52:44 server kernel: [196698.024937]  free:5698 slab_reclaimable:37466 slab_unreclaimable:7321
Nov 14 20:52:44 server kernel: [196698.024938]  mapped:11697 shmem:2001 pagetables:2401 bounce:0
Nov 14 20:52:44 server kernel: [196698.024941] Node 0 DMA free:15908kB min:28kB low:32kB high:40kB active_anon:0kB inactive_anon:0kB active_file:0kB inactive_file:0kB unevictable:0kB isolated(anon):0kB isolated(file):0kB present:15340kB mlocked:0kB dirty:0kB writeback:0kB mapped:0kB shmem:0kB slab_reclaimable:0kB slab_unreclaimable:0kB kernel_stack:0kB pagetables:0kB unstable:0kB bounce:0kB writeback_tmp:0kB pages_scanned:0 all_unreclaimable? yes
Nov 14 20:52:44 server kernel: [196698.024953] lowmem_reserve[]: 0 2965 3975 3975
Nov 14 20:52:44 server kernel: [196698.024958] Node 0 DMA32 free:6224kB min:6004kB low:7504kB high:9004kB active_anon:192324kB inactive_anon:62168kB active_file:59336kB inactive_file:2486152kB unevictable:0kB isolated(anon):0kB isolated(file):0kB present:3036256kB mlocked:0kB dirty:141196kB writeback:0kB mapped:668kB shmem:380kB slab_reclaimable:134556kB slab_unreclaimable:16188kB kernel_stack:72kB pagetables:1080kB unstable:0kB bounce:0kB writeback_tmp:0kB pages_scanned:0 all_unreclaimable? no
Nov 14 20:52:44 server kernel: [196698.024971] lowmem_reserve[]: 0 0 1010 1010
Nov 14 20:52:44 server kernel: [196698.024975] Node 0 Normal free:660kB min:2044kB low:2552kB high:3064kB active_anon:202124kB inactive_anon:207300kB active_file:185136kB inactive_file:285736kB unevictable:0kB isolated(anon):0kB isolated(file):0kB present:1034240kB mlocked:0kB dirty:852kB writeback:0kB mapped:46120kB shmem:7624kB slab_reclaimable:15308kB slab_unreclaimable:13096kB kernel_stack:2704kB pagetables:8524kB unstable:0kB bounce:0kB writeback_tmp:0kB pages_scanned:32 all_unreclaimable? no
Nov 14 20:52:44 server kernel: [196698.024988] lowmem_reserve[]: 0 0 0 0
Nov 14 20:52:44 server kernel: [196698.024993] Node 0 DMA: 3*4kB 3*8kB 2*16kB 3*32kB 2*64kB 0*128kB 1*256kB 0*512kB 1*1024kB 1*2048kB 3*4096kB = 15908kB
Nov 14 20:52:44 server kernel: [196698.025005] Node 0 DMA32: 1274*4kB 5*8kB 4*16kB 0*32kB 0*64kB 0*128kB 0*256kB 0*512kB 1*1024kB 0*2048kB 0*4096kB = 6224kB
Nov 14 20:52:44 server kernel: [196698.025017] Node 0 Normal: 165*4kB 0*8kB 0*16kB 0*32kB 0*64kB 0*128kB 0*256kB 0*512kB 0*1024kB 0*2048kB 0*4096kB = 660kB
Nov 14 20:52:44 server kernel: [196698.025030] 756223 total pagecache pages
Nov 14 20:52:44 server kernel: [196698.025032] 116 pages in swap cache
Nov 14 20:52:44 server kernel: [196698.025034] Swap cache stats: add 1220, delete 1104, find 1308/1323
Nov 14 20:52:44 server kernel: [196698.025037] Free swap  = 15618740kB
Nov 14 20:52:44 server kernel: [196698.025039] Total swap = 15623172kB
Nov 14 20:52:44 server kernel: [196698.040074] 1048576 pages RAM
Nov 14 20:52:44 server kernel: [196698.040074] 42584 pages reserved
Nov 14 20:52:44 server kernel: [196698.040074] 751176 pages shared
Nov 14 20:52:44 server kernel: [196698.040074] 271282 pages non-shared
Nov 14 20:52:44 server kernel: [196698.040074] SLUB: Unable to allocate memory on node -1 (gfp=0x20)
Nov 14 20:52:44 server kernel: [196698.040074]   cache: kmalloc-4096, object size: 4096, buffer size: 4096, default order: 3, min order: 0
Nov 14 20:52:44 server kernel: [196698.040074]   node 0: slabs: 827, objs: 1646, free: 0
Nov 15 15:28:23 server kernel: imklog 4.2.0, log source = /proc/kmsg started.
Nov 15 15:28:23 server rsyslogd: [origin software="rsyslogd" swVersion="4.2.0" x-pid="1076" x-info="http://www.rsyslog.com"] (re)start
Nov 15 15:28:23 server rsyslogd: rsyslogd's groupid changed to 102
Nov 15 15:28:23 server rsyslogd: rsyslogd's userid changed to 101
Nov 15 15:28:23 server kernel: [    0.000000] Initializing cgroup subsys cpuset
Nov 15 15:28:23 server kernel: [    0.000000] Initializing cgroup subsys cpu
Nov 15 15:28:23 server kernel: [    0.000000] Linux version 2.6.32-25-server (buildd@allspice) (gcc version 4.4.3 (Ubuntu 4.4.3-4ubuntu5) ) #45-Ubuntu SMP Sat Oct 16 20:06:58 UTC 2010 (Ubuntu 2.6.32-25.45-server 2.6.32.21+drm33.7)
Nov 15 15:28:23 server kernel: [    0.000000] Command line: root=UUID=44862d65-d880-4f88-9d4c-8e5e08a7242a ro quiet splash 
Nov 15 15:28:23 server kernel: [    0.000000] KERNEL supported cpus:
Nov 15 15:28:23 server kernel: [    0.000000]   Intel GenuineIntel
Nov 15 15:28:23 server kernel: [    0.000000]   AMD AuthenticAMD
Nov 15 15:28:23 server kernel: [    0.000000]   Centaur CentaurHauls
Nov 15 15:28:23 server kernel: [    0.000000] BIOS-provided physical RAM map:
Nov 15 15:28:23 server kernel: [    0.000000]  BIOS-e820: 0000000000000000 - 000000000009f800 (usable)
Nov 15 15:28:23 server kernel: [    0.000000]  BIOS-e820: 000000000009f800 - 00000000000a0000 (reserved)
Nov 15 15:28:23 server kernel: [    0.000000]  BIOS-e820: 00000000000f0000 - 0000000000100000 (reserved)
Nov 15 15:28:23 server kernel: [    0.000000]  BIOS-e820: 0000000000100000 - 00000000bdce0000 (usable)
Nov 15 15:28:23 server kernel: [    0.000000]  BIOS-e820: 00000000bdce0000 - 00000000bdce3000 (ACPI NVS)
Nov 15 15:28:23 server kernel: [    0.000000]  BIOS-e820: 00000000bdce3000 - 00000000bdcf0000 (ACPI data)
Nov 15 15:28:23 server kernel: [    0.000000]  BIOS-e820: 00000000bdcf0000 - 00000000bdd00000 (reserved)
Nov 15 15:28:23 server kernel: [    0.000000]  BIOS-e820: 00000000c0000000 - 00000000d0000000 (reserved)
Nov 15 15:28:23 server kernel: [    0.000000]  BIOS-e820: 00000000fec00000 - 0000000100000000 (reserved)
Nov 15 15:28:23 server kernel: [    0.000000]  BIOS-e820: 0000000100000000 - 0000000140000000 (usable)
Nov 15 15:28:23 server kernel: [    0.000000] DMI 2.4 present.
Nov 15 15:28:23 server kernel: [    0.000000] last_pfn = 0x140000 max_arch_pfn = 0x400000000
Nov 15 15:28:23 server kernel: [    0.000000] x86 PAT enabled: cpu 0, old 0x7040600070406, new 0x7010600070106
Nov 15 15:28:23 server kernel: [    0.000000] last_pfn = 0xbdce0 max_arch_pfn = 0x400000000
Nov 15 15:28:23 server kernel: [    0.000000] Scanning 1 areas for low memory corruption
Nov 15 15:28:23 server kernel: [    0.000000] modified physical RAM map:
Nov 15 15:28:23 server kernel: [    0.000000]  modified: 0000000000000000 - 0000000000001000 (usable)
Nov 15 15:28:23 server kernel: [    0.000000]  modified: 0000000000001000 - 0000000000006000 (reserved)
Nov 15 15:28:23 server kernel: [    0.000000]  modified: 0000000000006000 - 000000000009f800 (usable)
Nov 15 15:28:23 server kernel: [    0.000000]  modified: 000000000009f800 - 00000000000a0000 (reserved)
Nov 15 15:28:23 server kernel: [    0.000000]  modified: 00000000000f0000 - 0000000000100000 (reserved)
Nov 15 15:28:23 server kernel: [    0.000000]  modified: 0000000000100000 - 00000000bdce0000 (usable)
Nov 15 15:28:23 server kernel: [    0.000000]  modified: 00000000bdce0000 - 00000000bdce3000 (ACPI NVS)
Nov 15 15:28:23 server kernel: [    0.000000]  modified: 00000000bdce3000 - 00000000bdcf0000 (ACPI data)
Nov 15 15:28:23 server kernel: [    0.000000]  modified: 00000000bdcf0000 - 00000000bdd00000 (reserved)
Nov 15 15:28:23 server kernel: [    0.000000]  modified: 00000000c0000000 - 00000000d0000000 (reserved)
Nov 15 15:28:23 server kernel: [    0.000000]  modified: 00000000fec00000 - 0000000100000000 (reserved)
Nov 15 15:28:23 server kernel: [    0.000000]  modified: 0000000100000000 - 0000000140000000 (usable)
Nov 15 15:28:23 server kernel: [    0.000000] init_memory_mapping: 0000000000000000-00000000bdce0000
Nov 15 15:28:23 server kernel: [    0.000000] NX (Execute Disable) protection: active
Nov 15 15:28:23 server kernel: [    0.000000] init_memory_mapping: 0000000100000000-0000000140000000
Nov 15 15:28:23 server kernel: [    0.000000] NX (Execute Disable) protection: active
Nov 15 15:28:23 server kernel: [    0.000000] RAMDISK: 377d3000 - 37fefd59
Nov 15 15:28:23 server kernel: [    0.000000] ACPI: RSDP 00000000000f70d0 00014 (v00 GBT   )
Nov 15 15:28:23 server kernel: [    0.000000] ACPI: RSDT 00000000bdce3040 00038 (v01 GBT    GBTUACPI 42302E31 GBTU 01010101)
Nov 15 15:28:23 server kernel: [    0.000000] ACPI: FACP 00000000bdce30c0 00074 (v01 GBT    GBTUACPI 42302E31 GBTU 01010101)
Nov 15 15:28:23 server kernel: [    0.000000] ACPI: DSDT 00000000bdce3180 04526 (v01 GBT    GBTUACPI 00001000 MSFT 0100000C)
Nov 15 15:28:23 server kernel: [    0.000000] ACPI: FACS 00000000bdce0000 00040
Nov 15 15:28:23 server kernel: [    0.000000] ACPI: HPET 00000000bdce7800 00038 (v01 GBT    GBTUACPI 42302E31 GBTU 00000098)
Nov 15 15:28:23 server kernel: [    0.000000] ACPI: MCFG 00000000bdce7880 0003C (v01 GBT    GBTUACPI 42302E31 GBTU 01010101)
Nov 15 15:28:23 server kernel: [    0.000000] ACPI: APIC 00000000bdce7700 00084 (v01 GBT    GBTUACPI 42302E31 GBTU 01010101)
Nov 15 15:28:23 server kernel: [    0.000000] ACPI: SSDT 00000000bdce7f20 003AB (v01  PmRef    CpuPm 00003000 INTL 20040311)
Nov 15 15:28:23 server kernel: [    0.000000] No NUMA configuration found
Nov 15 15:28:23 server kernel: [    0.000000] Faking a node at 0000000000000000-0000000140000000
Nov 15 15:28:23 server kernel: [    0.000000] Bootmem setup node 0 0000000000000000-0000000140000000
Nov 15 15:28:23 server kernel: [    0.000000]   NODE_DATA [000000000000c000 - 0000000000010fff]
Nov 15 15:28:23 server kernel: [    0.000000]   bootmap [0000000000011000 -  0000000000038fff] pages 28
Nov 15 15:28:23 server kernel: [    0.000000] (8 early reservations) ==> bootmem [0000000000 - 0140000000]
Nov 15 15:28:23 server kernel: [    0.000000]   #0 [0000000000 - 0000001000]   BIOS data page ==> [0000000000 - 0000001000]
Nov 15 15:28:23 server kernel: [    0.000000]   #1 [0000006000 - 0000008000]       TRAMPOLINE ==> [0000006000 - 0000008000]
Nov 15 15:28:23 server kernel: [    0.000000]   #2 [0001000000 - 0001a4caa4]    TEXT DATA BSS ==> [0001000000 - 0001a4caa4]
Nov 15 15:28:23 server kernel: [    0.000000]   #3 [00377d3000 - 0037fefd59]          RAMDISK ==> [00377d3000 - 0037fefd59]
Nov 15 15:28:23 server kernel: [    0.000000]   #4 [000009f800 - 0000100000]    BIOS reserved ==> [000009f800 - 0000100000]
Nov 15 15:28:23 server kernel: [    0.000000]   #5 [0001a4d000 - 0001a4d0f6]              BRK ==> [0001a4d000 - 0001a4d0f6]
Nov 15 15:28:23 server kernel: [    0.000000]   #6 [0000008000 - 000000b000]          PGTABLE ==> [0000008000 - 000000b000]
Nov 15 15:28:23 server kernel: [    0.000000]   #7 [000000b000 - 000000c000]          PGTABLE ==> [000000b000 - 000000c000]
Nov 15 15:28:23 server kernel: [    0.000000] found SMP MP-table at [ffff8800000f56e0] f56e0
Nov 15 15:28:23 server kernel: [    0.000000] Zone PFN ranges:
Nov 15 15:28:23 server kernel: [    0.000000]   DMA      0x00000000 -> 0x00001000
Nov 15 15:28:23 server kernel: [    0.000000]   DMA32    0x00001000 -> 0x00100000
Nov 15 15:28:23 server kernel: [    0.000000]   Normal   0x00100000 -> 0x00140000
Nov 15 15:28:23 server kernel: [    0.000000] Movable zone start PFN for each node
Nov 15 15:28:23 server kernel: [    0.000000] early_node_map[4] active PFN ranges
Nov 15 15:28:23 server kernel: [    0.000000]     0: 0x00000000 -> 0x00000001
Nov 15 15:28:23 server kernel: [    0.000000]     0: 0x00000006 -> 0x0000009f
Nov 15 15:28:23 server kernel: [    0.000000]     0: 0x00000100 -> 0x000bdce0
Nov 15 15:28:23 server kernel: [    0.000000]     0: 0x00100000 -> 0x00140000
Nov 15 15:28:23 server kernel: [    0.000000] ACPI: PM-Timer IO Port: 0x408
Nov 15 15:28:23 server kernel: [    0.000000] ACPI: LAPIC (acpi_id[0x00] lapic_id[0x00] enabled)
Nov 15 15:28:23 server kernel: [    0.000000] ACPI: LAPIC (acpi_id[0x01] lapic_id[0x01] enabled)
Nov 15 15:28:23 server kernel: [    0.000000] ACPI: LAPIC (acpi_id[0x02] lapic_id[0x02] disabled)
Nov 15 15:28:23 server kernel: [    0.000000] ACPI: LAPIC (acpi_id[0x03] lapic_id[0x03] disabled)
Nov 15 15:28:23 server kernel: [    0.000000] ACPI: LAPIC_NMI (acpi_id[0x00] dfl dfl lint[0x1])
Nov 15 15:28:23 server kernel: [    0.000000] ACPI: LAPIC_NMI (acpi_id[0x01] dfl dfl lint[0x1])
Nov 15 15:28:23 server kernel: [    0.000000] ACPI: LAPIC_NMI (acpi_id[0x02] dfl dfl lint[0x1])
Nov 15 15:28:23 server kernel: [    0.000000] ACPI: LAPIC_NMI (acpi_id[0x03] dfl dfl lint[0x1])
Nov 15 15:28:23 server kernel: [    0.000000] ACPI: IOAPIC (id[0x02] address[0xfec00000] gsi_base[0])
Nov 15 15:28:23 server kernel: [    0.000000] IOAPIC[0]: apic_id 2, version 32, address 0xfec00000, GSI 0-23
Nov 15 15:28:23 server kernel: [    0.000000] ACPI: INT_SRC_OVR (bus 0 bus_irq 0 global_irq 2 dfl dfl)
Nov 15 15:28:23 server kernel: [    0.000000] ACPI: INT_SRC_OVR (bus 0 bus_irq 9 global_irq 9 high level)
Nov 15 15:28:23 server kernel: [    0.000000] Using ACPI (MADT) for SMP configuration information
Nov 15 15:28:23 server kernel: [    0.000000] ACPI: HPET id: 0x8086a201 base: 0xfed00000
Nov 15 15:28:23 server kernel: [    0.000000] SMP: Allowing 4 CPUs, 2 hotplug CPUs
Nov 15 15:28:23 server kernel: [    0.000000] PM: Registered nosave memory: 0000000000001000 - 0000000000006000
Nov 15 15:28:23 server kernel: [    0.000000] PM: Registered nosave memory: 000000000009f000 - 00000000000a0000
Nov 15 15:28:23 server kernel: [    0.000000] PM: Registered nosave memory: 00000000000a0000 - 00000000000f0000
Nov 15 15:28:23 server kernel: [    0.000000] PM: Registered nosave memory: 00000000000f0000 - 0000000000100000
Nov 15 15:28:23 server kernel: [    0.000000] PM: Registered nosave memory: 00000000bdce0000 - 00000000bdce3000
Nov 15 15:28:23 server kernel: [    0.000000] PM: Registered nosave memory: 00000000bdce3000 - 00000000bdcf0000
Nov 15 15:28:23 server kernel: [    0.000000] PM: Registered nosave memory: 00000000bdcf0000 - 00000000bdd00000
Nov 15 15:28:23 server kernel: [    0.000000] PM: Registered nosave memory: 00000000bdd00000 - 00000000c0000000
Nov 15 15:28:23 server kernel: [    0.000000] PM: Registered nosave memory: 00000000c0000000 - 00000000d0000000
Nov 15 15:28:23 server kernel: [    0.000000] PM: Registered nosave memory: 00000000d0000000 - 00000000fec00000
Nov 15 15:28:23 server kernel: [    0.000000] PM: Registered nosave memory: 00000000fec00000 - 0000000100000000
Nov 15 15:28:23 server kernel: [    0.000000] Allocating PCI resources starting at d0000000 (gap: d0000000:2ec00000)
Nov 15 15:28:23 server kernel: [    0.000000] Booting paravirtualized kernel on bare hardware
Nov 15 15:28:23 server kernel: [    0.000000] NR_CPUS:64 nr_cpumask_bits:64 nr_cpu_ids:4 nr_node_ids:1
Nov 15 15:28:23 server kernel: [    0.000000] PERCPU: Embedded 30 pages/cpu @ffff880005600000 s91544 r8192 d23144 u524288
Nov 15 15:28:23 server kernel: [    0.000000] pcpu-alloc: s91544 r8192 d23144 u524288 alloc=1*2097152
Nov 15 15:28:23 server kernel: [    0.000000] pcpu-alloc: [0] 0 1 2 3 
Nov 15 15:28:23 server kernel: [    0.000000] Built 1 zonelists in Node order, mobility grouping on.  Total pages: 1021459
Nov 15 15:28:23 server kernel: [    0.000000] Policy zone: Normal
Nov 15 15:28:23 server kernel: [    0.000000] Kernel command line: root=UUID=44862d65-d880-4f88-9d4c-8e5e08a7242a ro quiet splash 
Nov 15 15:28:23 server kernel: [    0.000000] PID hash table entries: 4096 (order: 3, 32768 bytes)
Nov 15 15:28:23 server kernel: [    0.000000] Initializing CPU#0
Nov 15 15:28:23 server kernel: [    0.000000] xsave/xrstor: enabled xstate_bv 0x3, cntxt size 0x240
Nov 15 15:28:23 server kernel: [    0.000000] Checking aperture...
Nov 15 15:28:23 server kernel: [    0.000000] No AGP bridge found
Nov 15 15:28:23 server kernel: [    0.000000] PCI-DMA: Using software bounce buffering for IO (SWIOTLB)
Nov 15 15:28:23 server kernel: [    0.000000] Placing 64MB software IO TLB between ffff88000579e000 - ffff88000979e000
Nov 15 15:28:23 server kernel: [    0.000000] software IO TLB at phys 0x579e000 - 0x979e000
Nov 15 15:28:23 server kernel: [    0.000000] Memory: 4014868k/5242880k available (5510k kernel code, 1084952k absent, 143060k reserved, 3087k data, 796k init)
Nov 15 15:28:23 server kernel: [    0.000000] SLUB: Genslabs=14, HWalign=64, Order=0-3, MinObjects=0, CPUs=4, Nodes=1
Nov 15 15:28:23 server kernel: [    0.000000] Hierarchical RCU implementation.
Nov 15 15:28:23 server kernel: [    0.000000] NR_IRQS:4352 nr_irqs:440
Nov 15 15:28:23 server kernel: [    0.000000] Console: colour VGA+ 80x25
Nov 15 15:28:23 server kernel: [    0.000000] console [tty0] enabled
Nov 15 15:28:23 server kernel: [    0.000000] allocated 41943040 bytes of page_cgroup
Nov 15 15:28:23 server kernel: [    0.000000] please try 'cgroup_disable=memory' option if you don't want memory cgroups
Nov 15 15:28:23 server kernel: [    0.000000] HPET: 4 timers in total, 0 timers will be used for per-cpu timer
Nov 15 15:28:23 server kernel: [    0.000000] Fast TSC calibration using PIT
Nov 15 15:28:23 server kernel: [    0.000000] Detected 2800.172 MHz processor.
Nov 15 15:28:23 server kernel: [    0.000005] Calibrating delay loop (skipped), value calculated using timer frequency.. 5600.34 BogoMIPS (lpj=28001720)
Nov 15 15:28:23 server kernel: [    0.000026] Security Framework initialized
Nov 15 15:28:23 server kernel: [    0.000042] AppArmor: AppArmor initialized
Nov 15 15:28:23 server kernel: [    0.010229] Dentry cache hash table entries: 524288 (order: 10, 4194304 bytes)
Nov 15 15:28:23 server kernel: [    0.011892] Inode-cache hash table entries: 262144 (order: 9, 2097152 bytes)
Nov 15 15:28:23 server kernel: [    0.012658] Mount-cache hash table entries: 256
Nov 15 15:28:23 server kernel: [    0.012786] Initializing cgroup subsys ns
Nov 15 15:28:23 server kernel: [    0.012792] Initializing cgroup subsys cpuacct
Nov 15 15:28:23 server kernel: [    0.012794] Initializing cgroup subsys memory
Nov 15 15:28:23 server kernel: [    0.012800] Initializing cgroup subsys devices
Nov 15 15:28:23 server kernel: [    0.012802] Initializing cgroup subsys freezer
Nov 15 15:28:23 server kernel: [    0.012804] Initializing cgroup subsys net_cls
Nov 15 15:28:23 server kernel: [    0.012821] CPU: L1 I cache: 32K, L1 D cache: 32K
Nov 15 15:28:23 server kernel: [    0.012823] CPU: L2 cache: 2048K
Nov 15 15:28:23 server kernel: [    0.012826] CPU 0/0x0 -> Node 0
Nov 15 15:28:23 server kernel: [    0.012828] CPU: Physical Processor ID: 0
Nov 15 15:28:23 server kernel: [    0.012829] CPU: Processor Core ID: 0
Nov 15 15:28:23 server kernel: [    0.012832] mce: CPU supports 6 MCE banks
Nov 15 15:28:23 server kernel: [    0.012838] CPU0: Thermal monitoring enabled (TM2)
Nov 15 15:28:23 server kernel: [    0.012842] using mwait in idle threads.
Nov 15 15:28:23 server kernel: [    0.012843] Performance Events: Core2 events, Intel PMU driver.
Nov 15 15:28:23 server kernel: [    0.012848] ... version:                2
Nov 15 15:28:23 server kernel: [    0.012849] ... bit width:              40
Nov 15 15:28:23 server kernel: [    0.012850] ... generic registers:      2
Nov 15 15:28:23 server kernel: [    0.012851] ... value mask:             000000ffffffffff
Nov 15 15:28:23 server kernel: [    0.012853] ... max period:             000000007fffffff
Nov 15 15:28:23 server kernel: [    0.012854] ... fixed-purpose events:   3
Nov 15 15:28:23 server kernel: [    0.012855] ... event mask:             0000000700000003
Nov 15 15:28:23 server kernel: [    0.014949] ACPI: Core revision 20090903
Nov 15 15:28:23 server kernel: [    0.020965] ftrace: converting mcount calls to 0f 1f 44 00 00
Nov 15 15:28:23 server kernel: [    0.020973] ftrace: allocating 22828 entries in 90 pages
Nov 15 15:28:23 server kernel: [    0.028690] Setting APIC routing to flat
Nov 15 15:28:23 server kernel: [    0.028993] ..TIMER: vector=0x30 apic1=0 pin1=2 apic2=-1 pin2=-1
Nov 15 15:28:23 server kernel: [    0.129013] CPU0: Intel Pentium(R) Dual-Core  CPU      E6300  @ 2.80GHz stepping 0a
Nov 15 15:28:23 server kernel: [    0.130000] Booting processor 1 APIC 0x1 ip 0x6000
Nov 15 15:28:23 server kernel: [    0.010000] Initializing CPU#1
Nov 15 15:28:23 server kernel: [    0.010000] CPU: L1 I cache: 32K, L1 D cache: 32K
Nov 15 15:28:23 server kernel: [    0.010000] CPU: L2 cache: 2048K
Nov 15 15:28:23 server kernel: [    0.010000] CPU 1/0x1 -> Node 0
Nov 15 15:28:23 server kernel: [    0.010000] CPU: Physical Processor ID: 0
Nov 15 15:28:23 server kernel: [    0.010000] CPU: Processor Core ID: 1
Nov 15 15:28:23 server kernel: [    0.010000] CPU1: Thermal monitoring enabled (TM2)
Nov 15 15:28:23 server kernel: [    0.280106] CPU1: Intel Pentium(R) Dual-Core  CPU      E6300  @ 2.80GHz stepping 0a
Nov 15 15:28:23 server kernel: [    0.280112] checking TSC synchronization [CPU#0 -> CPU#1]: passed.
Nov 15 15:28:23 server kernel: [    0.290014] Brought up 2 CPUs
Nov 15 15:28:23 server kernel: [    0.290016] Total of 2 processors activated (11200.52 BogoMIPS).
Nov 15 15:28:23 server kernel: [    0.290512] devtmpfs: initialized
Nov 15 15:28:23 server kernel: [    0.292095] regulator: core version 0.5
Nov 15 15:28:23 server kernel: [    0.292095] Time: 20:28:01  Date: 11/15/10
Nov 15 15:28:23 server kernel: [    0.292095] NET: Registered protocol family 16
Nov 15 15:28:23 server kernel: [    0.292095] ACPI: bus type pci registered
Nov 15 15:28:23 server kernel: [    0.292095] PCI: MCFG configuration 0: base c0000000 segment 0 buses 0 - 255
Nov 15 15:28:23 server kernel: [    0.292095] PCI: MCFG area at c0000000 reserved in E820
Nov 15 15:28:23 server kernel: [    0.295823] PCI: Using MMCONFIG at c0000000 - cfffffff
Nov 15 15:28:23 server kernel: [    0.295825] PCI: Using configuration type 1 for base access
Nov 15 15:28:23 server kernel: [    0.296430] Trying to unpack rootfs image as initramfs...
Nov 15 15:28:23 server kernel: [    0.300053] bio: create slab <bio-0> at 0
Nov 15 15:28:23 server kernel: [    0.304811] ACPI: Interpreter enabled
Nov 15 15:28:23 server kernel: [    0.304816] ACPI: (supports S0 S3 S4 S5)
Nov 15 15:28:23 server kernel: [    0.304833] ACPI: Using IOAPIC for interrupt routing
Nov 15 15:28:23 server kernel: [    0.308057] ACPI: No dock devices found.
Nov 15 15:28:23 server kernel: [    0.308138] ACPI: PCI Root Bridge [PCI0] (0000:00)
Nov 15 15:28:23 server kernel: [    0.308576] pci 0000:00:1c.0: PME# supported from D0 D3hot D3cold
Nov 15 15:28:23 server kernel: [    0.308579] pci 0000:00:1c.0: PME# disabled
Nov 15 15:28:23 server kernel: [    0.308637] pci 0000:00:1c.5: PME# supported from D0 D3hot D3cold
Nov 15 15:28:23 server kernel: [    0.308640] pci 0000:00:1c.5: PME# disabled
Nov 15 15:28:23 server kernel: [    0.309338] pci 0000:02:00.0: PME# supported from D0 D1 D2 D3hot D3cold
Nov 15 15:28:23 server kernel: [    0.309342] pci 0000:02:00.0: PME# disabled
Nov 15 15:28:23 server kernel: [    0.309481] pci 0000:03:07.0: PME# supported from D0 D1 D2 D3hot
Nov 15 15:28:23 server kernel: [    0.309484] pci 0000:03:07.0: PME# disabled
Nov 15 15:28:23 server kernel: [    0.309517] pci 0000:00:1e.0: transparent bridge
Nov 15 15:28:23 server kernel: [    0.321671] ACPI: PCI Interrupt Link [LNKA] (IRQs 3 4 5 6 7 9 *10 11 12 14 15)
Nov 15 15:28:23 server kernel: [    0.321744] ACPI: PCI Interrupt Link [LNKB] (IRQs 3 4 5 6 7 9 10 *11 12 14 15)
Nov 15 15:28:23 server kernel: [    0.321815] ACPI: PCI Interrupt Link [LNKC] (IRQs 3 4 *5 6 7 9 10 11 12 14 15)
Nov 15 15:28:23 server kernel: [    0.321890] ACPI: PCI Interrupt Link [LNKD] (IRQs 3 4 5 6 7 9 10 11 12 14 *15)
Nov 15 15:28:23 server kernel: [    0.321960] ACPI: PCI Interrupt Link [LNKE] (IRQs 3 4 5 6 7 9 10 11 12 14 15) *0, disabled.
Nov 15 15:28:23 server kernel: [    0.322033] ACPI: PCI Interrupt Link [LNKF] (IRQs 3 4 5 6 *7 9 10 11 12 14 15)
Nov 15 15:28:23 server kernel: [    0.322103] ACPI: PCI Interrupt Link [LNK0] (IRQs 3 4 5 6 7 9 10 11 12 14 15) *0, disabled.
Nov 15 15:28:23 server kernel: [    0.322176] ACPI: PCI Interrupt Link [LNK1] (IRQs 3 4 5 6 7 9 10 11 12 *14 15)
Nov 15 15:28:23 server kernel: [    0.322266] vgaarb: device added: PCI:0000:00:02.0,decodes=io+mem,owns=io+mem,locks=none
Nov 15 15:28:23 server kernel: [    0.322275] vgaarb: loaded
Nov 15 15:28:23 server kernel: [    0.322364] SCSI subsystem initialized
Nov 15 15:28:23 server kernel: [    0.322484] usbcore: registered new interface driver usbfs
Nov 15 15:28:23 server kernel: [    0.322495] usbcore: registered new interface driver hub
Nov 15 15:28:23 server kernel: [    0.322515] usbcore: registered new device driver usb
Nov 15 15:28:23 server kernel: [    0.322612] ACPI: WMI: Mapper loaded
Nov 15 15:28:23 server kernel: [    0.322613] PCI: Using ACPI for IRQ routing
Nov 15 15:28:23 server kernel: [    0.322743] NetLabel: Initializing
Nov 15 15:28:23 server kernel: [    0.322745] NetLabel:  domain hash size = 128
Nov 15 15:28:23 server kernel: [    0.322746] NetLabel:  protocols = UNLABELED CIPSOv4
Nov 15 15:28:23 server kernel: [    0.322756] NetLabel:  unlabeled traffic allowed by default
Nov 15 15:28:23 server kernel: [    0.322782] hpet0: at MMIO 0xfed00000, IRQs 2, 8, 0, 0
Nov 15 15:28:23 server kernel: [    0.322786] hpet0: 4 comparators, 64-bit 14.318180 MHz counter
Nov 15 15:28:23 server kernel: [    0.330117] Switching to clocksource tsc
Nov 15 15:28:23 server kernel: [    0.331392] AppArmor: AppArmor Filesystem Enabled
Nov 15 15:28:23 server kernel: [    0.331407] pnp: PnP ACPI init
Nov 15 15:28:23 server kernel: [    0.331421] ACPI: bus type pnp registered
Nov 15 15:28:23 server kernel: [    0.333015] pnp: PnP ACPI: found 11 devices
Nov 15 15:28:23 server kernel: [    0.333017] ACPI: ACPI bus type pnp unregistered
Nov 15 15:28:23 server kernel: [    0.333026] system 00:01: ioport range 0x4d0-0x4d1 has been reserved
Nov 15 15:28:23 server kernel: [    0.333029] system 00:01: ioport range 0x290-0x29f has been reserved
Nov 15 15:28:23 server kernel: [    0.333031] system 00:01: ioport range 0x800-0x87f has been reserved
Nov 15 15:28:23 server kernel: [    0.333033] system 00:01: ioport range 0x290-0x294 has been reserved
Nov 15 15:28:23 server kernel: [    0.333034] system 00:01: ioport range 0x880-0x88f has been reserved
Nov 15 15:28:23 server kernel: [    0.333036] system 00:01: ioport range 0x4c0-0x4ff could not be reserved
Nov 15 15:28:23 server kernel: [    0.333041] system 00:07: ioport range 0x400-0x4bf has been reserved
Nov 15 15:28:23 server kernel: [    0.333046] system 00:08: iomem range 0xc0000000-0xcfffffff has been reserved
Nov 15 15:28:23 server kernel: [    0.333049] system 00:09: iomem range 0xcc600-0xcffff has been reserved
Nov 15 15:28:23 server kernel: [    0.333052] system 00:09: iomem range 0xf0000-0xf7fff could not be reserved
Nov 15 15:28:23 server kernel: [    0.333054] system 00:09: iomem range 0xf8000-0xfbfff could not be reserved
Nov 15 15:28:23 server kernel: [    0.333056] system 00:09: iomem range 0xfc000-0xfffff could not be reserved
Nov 15 15:28:23 server kernel: [    0.333057] system 00:09: iomem range 0xbdce0000-0xbdcfffff could not be reserved
Nov 15 15:28:23 server kernel: [    0.333060] system 00:09: iomem range 0x0-0x9ffff could not be reserved
Nov 15 15:28:23 server kernel: [    0.333062] system 00:09: iomem range 0x100000-0xbdcdffff could not be reserved
Nov 15 15:28:23 server kernel: [    0.333064] system 00:09: iomem range 0xfec00000-0xfec00fff could not be reserved
Nov 15 15:28:23 server kernel: [    0.333066] system 00:09: iomem range 0xfed10000-0xfed1dfff has been reserved
Nov 15 15:28:23 server kernel: [    0.333068] system 00:09: iomem range 0xfed20000-0xfed8ffff has been reserved
Nov 15 15:28:23 server kernel: [    0.333070] system 00:09: iomem range 0xfee00000-0xfee00fff has been reserved
Nov 15 15:28:23 server kernel: [    0.333072] system 00:09: iomem range 0xffb00000-0xffb7ffff has been reserved
Nov 15 15:28:23 server kernel: [    0.333074] system 00:09: iomem range 0xfff00000-0xffffffff has been reserved
Nov 15 15:28:23 server kernel: [    0.333078] system 00:09: iomem range 0xe0000-0xeffff has been reserved
Nov 15 15:28:23 server kernel: [    0.337761] pci 0000:00:1c.0: PCI bridge, secondary bus 0000:01
Nov 15 15:28:23 server kernel: [    0.337765] pci 0000:00:1c.0:   IO window: 0x1000-0x1fff
Nov 15 15:28:23 server kernel: [    0.337769] pci 0000:00:1c.0:   MEM window: 0xe1800000-0xe19fffff
Nov 15 15:28:23 server kernel: [    0.337772] pci 0000:00:1c.0:   PREFETCH window: 0x000000e1a00000-0x000000e1bfffff
Nov 15 15:28:23 server kernel: [    0.337777] pci 0000:00:1c.5: PCI bridge, secondary bus 0000:02
Nov 15 15:28:23 server kernel: [    0.337780] pci 0000:00:1c.5:   IO window: 0xc000-0xcfff
Nov 15 15:28:23 server kernel: [    0.337784] pci 0000:00:1c.5:   MEM window: 0xe0000000-0xe0ffffff
Nov 15 15:28:23 server kernel: [    0.337787] pci 0000:00:1c.5:   PREFETCH window: 0x000000e1500000-0x000000e15fffff
Nov 15 15:28:23 server kernel: [    0.337792] pci 0000:00:1e.0: PCI bridge, secondary bus 0000:03
Nov 15 15:28:23 server kernel: [    0.337793] pci 0000:00:1e.0:   IO window: disabled
Nov 15 15:28:23 server kernel: [    0.337796] pci 0000:00:1e.0:   MEM window: 0xe1600000-0xe16fffff
Nov 15 15:28:23 server kernel: [    0.337799] pci 0000:00:1e.0:   PREFETCH window: disabled
Nov 15 15:28:23 server kernel: [    0.337820] pci 0000:00:1c.0: PCI INT A -> GSI 16 (level, low) -> IRQ 16
Nov 15 15:28:23 server kernel: [    0.337836] pci 0000:00:1c.5: PCI INT B -> GSI 17 (level, low) -> IRQ 17
Nov 15 15:28:23 server kernel: [    0.337894] NET: Registered protocol family 2
Nov 15 15:28:23 server kernel: [    0.338033] IP route cache hash table entries: 131072 (order: 8, 1048576 bytes)
Nov 15 15:28:23 server kernel: [    0.338995] TCP established hash table entries: 524288 (order: 11, 8388608 bytes)
Nov 15 15:28:23 server kernel: [    0.342474] TCP bind hash table entries: 65536 (order: 8, 1048576 bytes)
Nov 15 15:28:23 server kernel: [    0.342894] TCP: Hash tables configured (established 524288 bind 65536)
Nov 15 15:28:23 server kernel: [    0.342896] TCP reno registered
Nov 15 15:28:23 server kernel: [    0.342992] NET: Registered protocol family 1
Nov 15 15:28:23 server kernel: [    0.343301] Scanning for low memory corruption every 60 seconds
Nov 15 15:28:23 server kernel: [    0.343403] audit: initializing netlink socket (disabled)
Nov 15 15:28:23 server kernel: [    0.343416] type=2000 audit(1289852880.339:1): initialized
Nov 15 15:28:23 server kernel: [    0.350776] HugeTLB registered 2 MB page size, pre-allocated 0 pages
Nov 15 15:28:23 server kernel: [    0.351792] VFS: Disk quotas dquot_6.5.2
Nov 15 15:28:23 server kernel: [    0.351833] Dquot-cache hash table entries: 512 (order 0, 4096 bytes)
Nov 15 15:28:23 server kernel: [    0.352259] fuse init (API version 7.13)
Nov 15 15:28:23 server kernel: [    0.352317] msgmni has been set to 7841
Nov 15 15:28:23 server kernel: [    0.352469] alg: No test for stdrng (krng)
Nov 15 15:28:23 server kernel: [    0.352511] Block layer SCSI generic (bsg) driver version 0.4 loaded (major 253)
Nov 15 15:28:23 server kernel: [    0.352513] io scheduler noop registered
Nov 15 15:28:23 server kernel: [    0.352515] io scheduler anticipatory registered
Nov 15 15:28:23 server kernel: [    0.352516] io scheduler deadline registered (default)
Nov 15 15:28:23 server kernel: [    0.352540] io scheduler cfq registered
Nov 15 15:28:23 server kernel: [    0.352835] pci_hotplug: PCI Hot Plug PCI Core version: 0.5
Nov 15 15:28:23 server kernel: [    0.352892] pciehp: PCI Express Hot Plug Controller Driver version: 0.4
Nov 15 15:28:23 server kernel: [    0.352970] input: Power Button as /devices/LNXSYSTM:00/LNXSYBUS:00/PNP0C0C:00/input/input0
Nov 15 15:28:23 server kernel: [    0.352973] ACPI: Power Button [PWRB]
Nov 15 15:28:23 server kernel: [    0.353011] input: Power Button as /devices/LNXSYSTM:00/LNXPWRBN:00/input/input1
Nov 15 15:28:23 server kernel: [    0.353013] ACPI: Power Button [PWRF]
Nov 15 15:28:23 server kernel: [    0.353417] ACPI: SSDT 00000000bdce7900 0026C (v01  PmRef  Cpu0Ist 00003000 INTL 20040311)
Nov 15 15:28:23 server kernel: [    0.353536] Marking TSC unstable due to TSC halts in idle
Nov 15 15:28:23 server kernel: [    0.353592] processor LNXCPU:00: registered as cooling_device0
Nov 15 15:28:23 server kernel: [    0.353747] ACPI: SSDT 00000000bdce7dc0 00152 (v01  PmRef  Cpu1Ist 00003000 INTL 20040311)
Nov 15 15:28:23 server kernel: [    0.353886] Switching to clocksource hpet
Nov 15 15:28:23 server kernel: [    0.353885] processor LNXCPU:01: registered as cooling_device1
Nov 15 15:28:23 server kernel: [    0.356320] Linux agpgart interface v0.103
Nov 15 15:28:23 server kernel: [    0.356344] Serial: 8250/16550 driver, 4 ports, IRQ sharing enabled
Nov 15 15:28:23 server kernel: [    0.357218] brd: module loaded
Nov 15 15:28:23 server kernel: [    0.357550] loop: module loaded
Nov 15 15:28:23 server kernel: [    0.357619] input: Macintosh mouse button emulation as /devices/virtual/input/input2
Nov 15 15:28:23 server kernel: [    0.357725] ata_piix 0000:00:1f.2: PCI INT B -> GSI 19 (level, low) -> IRQ 19
Nov 15 15:28:23 server kernel: [    0.357729] ata_piix 0000:00:1f.2: MAP [ P0 P2 P1 P3 ]
Nov 15 15:28:23 server kernel: [    0.363602] scsi0 : ata_piix
Nov 15 15:28:23 server kernel: [    0.363713] scsi1 : ata_piix
Nov 15 15:28:23 server kernel: [    0.364304] ata1: SATA max UDMA/133 cmd 0xd700 ctl 0xd800 bmdma 0xdb00 irq 19
Nov 15 15:28:23 server kernel: [    0.364308] ata2: SATA max UDMA/133 cmd 0xd900 ctl 0xda00 bmdma 0xdb08 irq 19
Nov 15 15:28:23 server kernel: [    0.364334] ata_piix 0000:00:1f.5: PCI INT B -> GSI 19 (level, low) -> IRQ 19
Nov 15 15:28:23 server kernel: [    0.364338] ata_piix 0000:00:1f.5: MAP [ P0 -- P1 -- ]
Nov 15 15:28:23 server kernel: [    0.364407] scsi2 : ata_piix
Nov 15 15:28:23 server kernel: [    0.364445] scsi3 : ata_piix
Nov 15 15:28:23 server kernel: [    0.364865] ata3: SATA max UDMA/133 cmd 0xde00 ctl 0xdf00 bmdma 0xe200 irq 19
Nov 15 15:28:23 server kernel: [    0.364868] ata4: SATA max UDMA/133 cmd 0xe000 ctl 0xe100 bmdma 0xe208 irq 19
Nov 15 15:28:23 server kernel: [    0.365104] Fixed MDIO Bus: probed
Nov 15 15:28:23 server kernel: [    0.365127] PPP generic driver version 2.4.2
Nov 15 15:28:23 server kernel: [    0.365174] tun: Universal TUN/TAP device driver, 1.6
Nov 15 15:28:23 server kernel: [    0.365176] tun: (C) 1999-2004 Max Krasnyansky <maxk@qualcomm.com>
Nov 15 15:28:23 server kernel: [    0.365260] ehci_hcd: USB 2.0 'Enhanced' Host Controller (EHCI) Driver
Nov 15 15:28:23 server kernel: [    0.365282] ehci_hcd 0000:00:1a.7: PCI INT C -> GSI 18 (level, low) -> IRQ 18
Nov 15 15:28:23 server kernel: [    0.365305] ehci_hcd 0000:00:1a.7: EHCI Host Controller
Nov 15 15:28:23 server kernel: [    0.365328] ehci_hcd 0000:00:1a.7: new USB bus registered, assigned bus number 1
Nov 15 15:28:23 server kernel: [    0.369228] ehci_hcd 0000:00:1a.7: irq 18, io mem 0xe1701000
Nov 15 15:28:23 server kernel: [    0.390033] ehci_hcd 0000:00:1a.7: USB 2.0 started, EHCI 1.00
Nov 15 15:28:23 server kernel: [    0.390137] usb usb1: configuration #1 chosen from 1 choice
Nov 15 15:28:23 server kernel: [    0.390158] hub 1-0:1.0: USB hub found
Nov 15 15:28:23 server kernel: [    0.390165] hub 1-0:1.0: 6 ports detected
Nov 15 15:28:23 server kernel: [    0.390224] ehci_hcd 0000:00:1d.7: PCI INT A -> GSI 23 (level, low) -> IRQ 23
Nov 15 15:28:23 server kernel: [    0.390246] ehci_hcd 0000:00:1d.7: EHCI Host Controller
Nov 15 15:28:23 server kernel: [    0.390278] ehci_hcd 0000:00:1d.7: new USB bus registered, assigned bus number 2
Nov 15 15:28:23 server kernel: [    0.394197] ehci_hcd 0000:00:1d.7: irq 23, io mem 0xe1700000
Nov 15 15:28:23 server kernel: [    0.410023] ehci_hcd 0000:00:1d.7: USB 2.0 started, EHCI 1.00
Nov 15 15:28:23 server kernel: [    0.410114] usb usb2: configuration #1 chosen from 1 choice
Nov 15 15:28:23 server kernel: [    0.410138] hub 2-0:1.0: USB hub found
Nov 15 15:28:23 server kernel: [    0.410147] hub 2-0:1.0: 6 ports detected
Nov 15 15:28:23 server kernel: [    0.410196] ohci_hcd: USB 1.1 'Open' Host Controller (OHCI) Driver
Nov 15 15:28:23 server kernel: [    0.410212] uhci_hcd: USB Universal Host Controller Interface driver
Nov 15 15:28:23 server kernel: [    0.410255] uhci_hcd 0000:00:1a.0: PCI INT A -> GSI 16 (level, low) -> IRQ 16
Nov 15 15:28:23 server kernel: [    0.410265] uhci_hcd 0000:00:1a.0: UHCI Host Controller
Nov 15 15:28:23 server kernel: [    0.410300] uhci_hcd 0000:00:1a.0: new USB bus registered, assigned bus number 3
Nov 15 15:28:23 server kernel: [    0.410334] uhci_hcd 0000:00:1a.0: irq 16, io base 0x0000d000
Nov 15 15:28:23 server kernel: [    0.410398] usb usb3: configuration #1 chosen from 1 choice
Nov 15 15:28:23 server kernel: [    0.410415] hub 3-0:1.0: USB hub found
Nov 15 15:28:23 server kernel: [    0.410420] hub 3-0:1.0: 2 ports detected
Nov 15 15:28:23 server kernel: [    0.410459] uhci_hcd 0000:00:1a.1: PCI INT B -> GSI 21 (level, low) -> IRQ 21
Nov 15 15:28:23 server kernel: [    0.410467] uhci_hcd 0000:00:1a.1: UHCI Host Controller
Nov 15 15:28:23 server kernel: [    0.410491] uhci_hcd 0000:00:1a.1: new USB bus registered, assigned bus number 4
Nov 15 15:28:23 server kernel: [    0.410517] uhci_hcd 0000:00:1a.1: irq 21, io base 0x0000d100
Nov 15 15:28:23 server kernel: [    0.410581] usb usb4: configuration #1 chosen from 1 choice
Nov 15 15:28:23 server kernel: [    0.410600] hub 4-0:1.0: USB hub found
Nov 15 15:28:23 server kernel: [    0.410604] hub 4-0:1.0: 2 ports detected
Nov 15 15:28:23 server kernel: [    0.410634] uhci_hcd 0000:00:1a.2: PCI INT C -> GSI 18 (level, low) -> IRQ 18
Nov 15 15:28:23 server kernel: [    0.410641] uhci_hcd 0000:00:1a.2: UHCI Host Controller
Nov 15 15:28:23 server kernel: [    0.410663] uhci_hcd 0000:00:1a.2: new USB bus registered, assigned bus number 5
Nov 15 15:28:23 server kernel: [    0.410684] uhci_hcd 0000:00:1a.2: irq 18, io base 0x0000d200
Nov 15 15:28:23 server kernel: [    0.410747] usb usb5: configuration #1 chosen from 1 choice
Nov 15 15:28:23 server kernel: [    0.410766] hub 5-0:1.0: USB hub found
Nov 15 15:28:23 server kernel: [    0.410770] hub 5-0:1.0: 2 ports detected
Nov 15 15:28:23 server kernel: [    0.410801] uhci_hcd 0000:00:1d.0: PCI INT A -> GSI 23 (level, low) -> IRQ 23
Nov 15 15:28:23 server kernel: [    0.410807] uhci_hcd 0000:00:1d.0: UHCI Host Controller
Nov 15 15:28:23 server kernel: [    0.410829] uhci_hcd 0000:00:1d.0: new USB bus registered, assigned bus number 6
Nov 15 15:28:23 server kernel: [    0.410851] uhci_hcd 0000:00:1d.0: irq 23, io base 0x0000d400
Nov 15 15:28:23 server kernel: [    0.410919] usb usb6: configuration #1 chosen from 1 choice
Nov 15 15:28:23 server kernel: [    0.410936] hub 6-0:1.0: USB hub found
Nov 15 15:28:23 server kernel: [    0.410940] hub 6-0:1.0: 2 ports detected
Nov 15 15:28:23 server kernel: [    0.410978] uhci_hcd 0000:00:1d.1: PCI INT B -> GSI 19 (level, low) -> IRQ 19
Nov 15 15:28:23 server kernel: [    0.410985] uhci_hcd 0000:00:1d.1: UHCI Host Controller
Nov 15 15:28:23 server kernel: [    0.411006] uhci_hcd 0000:00:1d.1: new USB bus registered, assigned bus number 7
Nov 15 15:28:23 server kernel: [    0.411026] uhci_hcd 0000:00:1d.1: irq 19, io base 0x0000d500
Nov 15 15:28:23 server kernel: [    0.411088] usb usb7: configuration #1 chosen from 1 choice
Nov 15 15:28:23 server kernel: [    0.411104] hub 7-0:1.0: USB hub found
Nov 15 15:28:23 server kernel: [    0.411109] hub 7-0:1.0: 2 ports detected
Nov 15 15:28:23 server kernel: [    0.411141] uhci_hcd 0000:00:1d.2: PCI INT C -> GSI 18 (level, low) -> IRQ 18
Nov 15 15:28:23 server kernel: [    0.411148] uhci_hcd 0000:00:1d.2: UHCI Host Controller
Nov 15 15:28:23 server kernel: [    0.411169] uhci_hcd 0000:00:1d.2: new USB bus registered, assigned bus number 8
Nov 15 15:28:23 server kernel: [    0.411189] uhci_hcd 0000:00:1d.2: irq 18, io base 0x0000d600
Nov 15 15:28:23 server kernel: [    0.411251] usb usb8: configuration #1 chosen from 1 choice
Nov 15 15:28:23 server kernel: [    0.411270] hub 8-0:1.0: USB hub found
Nov 15 15:28:23 server kernel: [    0.411274] hub 8-0:1.0: 2 ports detected
Nov 15 15:28:23 server kernel: [    0.411342] PNP: No PS/2 controller found. Probing ports directly.
Nov 15 15:28:23 server kernel: [    0.411698] serio: i8042 KBD port at 0x60,0x64 irq 1
Nov 15 15:28:23 server kernel: [    0.411703] serio: i8042 AUX port at 0x60,0x64 irq 12
Nov 15 15:28:23 server kernel: [    0.411762] mice: PS/2 mouse device common for all mice
Nov 15 15:28:23 server kernel: [    0.411834] rtc_cmos 00:04: RTC can wake from S4
Nov 15 15:28:23 server kernel: [    0.411863] rtc_cmos 00:04: rtc core: registered rtc_cmos as rtc0
Nov 15 15:28:23 server kernel: [    0.411885] rtc0: alarms up to one month, 242 bytes nvram, hpet irqs
Nov 15 15:28:23 server kernel: [    0.411977] device-mapper: uevent: version 1.0.3
Nov 15 15:28:23 server kernel: [    0.412080] device-mapper: ioctl: 4.15.0-ioctl (2009-04-01) initialised: dm-devel@redhat.com
Nov 15 15:28:23 server kernel: [    0.412130] device-mapper: multipath: version 1.1.0 loaded
Nov 15 15:28:23 server kernel: [    0.412132] device-mapper: multipath round-robin: version 1.0.0 loaded
Nov 15 15:28:23 server kernel: [    0.412261] cpuidle: using governor ladder
Nov 15 15:28:23 server kernel: [    0.412301] cpuidle: using governor menu
Nov 15 15:28:23 server kernel: [    0.412565] TCP cubic registered
Nov 15 15:28:23 server kernel: [    0.412666] NET: Registered protocol family 10
Nov 15 15:28:23 server kernel: [    0.412997] lo: Disabled Privacy Extensions
Nov 15 15:28:23 server kernel: [    0.413199] NET: Registered protocol family 17
Nov 15 15:28:23 server kernel: [    0.414737] registered taskstats version 1
Nov 15 15:28:23 server kernel: [    0.415017]   Magic number: 2:207:498
Nov 15 15:28:23 server kernel: [    0.415097] rtc_cmos 00:04: setting system clock to 2010-11-15 20:28:01 UTC (1289852881)
Nov 15 15:28:23 server kernel: [    0.415099] BIOS EDD facility v0.16 2004-Jun-25, 0 devices found
Nov 15 15:28:23 server kernel: [    0.415100] EDD information not available.
Nov 15 15:28:23 server kernel: [    0.445659] Freeing initrd memory: 8307k freed
Nov 15 15:28:23 server kernel: [    0.730670] ata4: SATA link down (SStatus 0 SControl 300)
Nov 15 15:28:23 server kernel: [    0.890049] ata3: SATA link up 3.0 Gbps (SStatus 123 SControl 300)
Nov 15 15:28:23 server kernel: [    0.917992] ata3.00: ATA-8: WDC WD1001FALS-00J7B1, 05.00K05, max UDMA/133
Nov 15 15:28:23 server kernel: [    0.917997] ata3.00: 1953525168 sectors, multi 16: LBA48 NCQ (depth 0/32)
Nov 15 15:28:23 server kernel: [    0.930015] usb 4-2: new low speed USB device using uhci_hcd and address 2
Nov 15 15:28:23 server kernel: [    0.950549] ata3.00: configured for UDMA/133
Nov 15 15:28:23 server kernel: [    1.171649] usb 4-2: configuration #1 chosen from 1 choice
Nov 15 15:28:23 server kernel: [    1.240064] ata2.00: SATA link up 3.0 Gbps (SStatus 123 SControl 300)
Nov 15 15:28:23 server kernel: [    1.240079] ata2.01: SATA link up 3.0 Gbps (SStatus 123 SControl 300)
Nov 15 15:28:23 server kernel: [    1.240198] ata1.00: SATA link up 3.0 Gbps (SStatus 123 SControl 300)
Nov 15 15:28:23 server kernel: [    1.240209] ata1.01: SATA link up 3.0 Gbps (SStatus 123 SControl 300)
Nov 15 15:28:23 server kernel: [    1.288521] ata2.00: ATA-8: WDC WD1001FALS-00J7B1, 05.00K05, max UDMA/133
Nov 15 15:28:23 server kernel: [    1.288525] ata2.00: 1953525168 sectors, multi 16: LBA48 NCQ (depth 0/32)
Nov 15 15:28:23 server kernel: [    1.299769] ata2.01: ATA-8: WDC WD1001FALS-00J7B1, 05.00K05, max UDMA/133
Nov 15 15:28:23 server kernel: [    1.299773] ata2.01: 1953525168 sectors, multi 16: LBA48 NCQ (depth 0/32)
Nov 15 15:28:23 server kernel: [    1.300213] ata1.00: HPA unlocked: 1250261615 -> 1250263728, native 1250263728
Nov 15 15:28:23 server kernel: [    1.300218] ata1.00: ATA-8: WDC WD6400AACS-00G8B1, 05.04C05, max UDMA/133
Nov 15 15:28:23 server kernel: [    1.300223] ata1.00: 1250263728 sectors, multi 16: LBA48 NCQ (depth 0/32)
Nov 15 15:28:23 server kernel: [    1.310053] ata1.01: ATA-8: WDC WD1001FALS-00J7B1, 05.00K05, max UDMA/133
Nov 15 15:28:23 server kernel: [    1.310057] ata1.01: 1953525168 sectors, multi 16: LBA48 NCQ (depth 0/32)
Nov 15 15:28:23 server kernel: [    1.320654] ata2.00: configured for UDMA/133
Nov 15 15:28:23 server kernel: [    1.341311] ata1.00: configured for UDMA/133
Nov 15 15:28:23 server kernel: [    1.360885] ata2.01: configured for UDMA/133
Nov 15 15:28:23 server kernel: [    1.380523] ata1.01: configured for UDMA/133
Nov 15 15:28:23 server kernel: [    1.380634] scsi 0:0:0:0: Direct-Access     ATA      WDC WD6400AACS-0 05.0 PQ: 0 ANSI: 5
Nov 15 15:28:23 server kernel: [    1.380745] sd 0:0:0:0: [sda] 1250263728 512-byte logical blocks: (640 GB/596 GiB)
Nov 15 15:28:23 server kernel: [    1.380758] sd 0:0:0:0: Attached scsi generic sg0 type 0
Nov 15 15:28:23 server kernel: [    1.380778] sd 0:0:0:0: [sda] Write Protect is off
Nov 15 15:28:23 server kernel: [    1.380797] sd 0:0:0:0: [sda] Write cache: enabled, read cache: enabled, doesn't support DPO or FUA
Nov 15 15:28:23 server kernel: [    1.380831] scsi 0:0:1:0: Direct-Access     ATA      WDC WD1001FALS-0 05.0 PQ: 0 ANSI: 5
Nov 15 15:28:23 server kernel: [    1.380905]  sda:
Nov 15 15:28:23 server kernel: [    1.380907] sd 0:0:1:0: Attached scsi generic sg1 type 0
Nov 15 15:28:23 server kernel: [    1.381005] scsi 1:0:0:0: Direct-Access     ATA      WDC WD1001FALS-0 05.0 PQ: 0 ANSI: 5
Nov 15 15:28:23 server kernel: [    1.381074] sd 1:0:0:0: Attached scsi generic sg2 type 0
Nov 15 15:28:23 server kernel: [    1.381157] sd 1:0:0:0: [sdc] 1953525168 512-byte logical blocks: (1.00 TB/931 GiB)
Nov 15 15:28:23 server kernel: [    1.381158] scsi 1:0:1:0: Direct-Access     ATA      WDC WD1001FALS-0 05.0 PQ: 0 ANSI: 5
Nov 15 15:28:23 server kernel: [    1.381190] sd 1:0:0:0: [sdc] Write Protect is off
Nov 15 15:28:23 server kernel: [    1.381223] sd 1:0:0:0: [sdc] Write cache: enabled, read cache: enabled, doesn't support DPO or FUA
Nov 15 15:28:23 server kernel: [    1.381228] sd 1:0:1:0: Attached scsi generic sg3 type 0
Nov 15 15:28:23 server kernel: [    1.381298] scsi 2:0:0:0: Direct-Access     ATA      WDC WD1001FALS-0 05.0 PQ: 0 ANSI: 5
Nov 15 15:28:23 server kernel: [    1.381334]  sdc:
Nov 15 15:28:23 server kernel: [    1.381368] sd 2:0:0:0: Attached scsi generic sg4 type 0
Nov 15 15:28:23 server kernel: [    1.381405] sd 2:0:0:0: [sde] 1953525168 512-byte logical blocks: (1.00 TB/931 GiB)
Nov 15 15:28:23 server kernel: [    1.381435] sd 2:0:0:0: [sde] Write Protect is off
Nov 15 15:28:23 server kernel: [    1.381453] sd 2:0:0:0: [sde] Write cache: enabled, read cache: enabled, doesn't support DPO or FUA
Nov 15 15:28:23 server kernel: [    1.381529]  sde: sdc1
Nov 15 15:28:23 server kernel: [    1.384615] sd 1:0:1:0: [sdd] 1953525168 512-byte logical blocks: (1.00 TB/931 GiB)
Nov 15 15:28:23 server kernel: [    1.384671] sd 1:0:1:0: [sdd] Write Protect is off
Nov 15 15:28:23 server kernel: [    1.384702] sd 1:0:1:0: [sdd] Write cache: enabled, read cache: enabled, doesn't support DPO or FUA
Nov 15 15:28:23 server kernel: [    1.384837] sd 1:0:0:0: [sdc] Attached SCSI disk
Nov 15 15:28:23 server kernel: [    1.384847]  sdd: sde1
Nov 15 15:28:23 server kernel: [    1.389259] sd 2:0:0:0: [sde] Attached SCSI disk
Nov 15 15:28:23 server kernel: [    1.390840]  sda1 sda2 <
Nov 15 15:28:23 server kernel: [    1.390859] sd 0:0:1:0: [sdb] 1953525168 512-byte logical blocks: (1.00 TB/931 GiB)
Nov 15 15:28:23 server kernel: [    1.395854]  sdd1
Nov 15 15:28:23 server kernel: [    1.396048] sd 1:0:1:0: [sdd] Attached SCSI disk
Nov 15 15:28:23 server kernel: [    1.407283]  sda5 sda6 sda7 >
Nov 15 15:28:23 server kernel: [    1.429036] sd 0:0:1:0: [sdb] Write Protect is off
Nov 15 15:28:23 server kernel: [    1.429068] sd 0:0:1:0: [sdb] Write cache: enabled, read cache: enabled, doesn't support DPO or FUA
Nov 15 15:28:23 server kernel: [    1.429261]  sdb: sdb1
Nov 15 15:28:23 server kernel: [    1.439549] sd 0:0:0:0: [sda] Attached SCSI disk
Nov 15 15:28:23 server kernel: [    1.439659] sd 0:0:1:0: [sdb] Attached SCSI disk
Nov 15 15:28:23 server kernel: [    1.439676] Freeing unused kernel memory: 796k freed
Nov 15 15:28:23 server kernel: [    1.439901] Write protecting the kernel read-only data: 7800k
Nov 15 15:28:23 server kernel: [    1.450357] udev: starting version 151
Nov 15 15:28:23 server kernel: [    1.520722] md: linear personality registered for level -1
Nov 15 15:28:23 server kernel: [    1.529948] md: multipath personality registered for level -4
Nov 15 15:28:23 server kernel: [    1.532901] ohci1394 0000:03:07.0: PCI INT A -> GSI 23 (level, low) -> IRQ 23
Nov 15 15:28:23 server kernel: [    1.536369] r8169 Gigabit Ethernet driver 2.3LK-NAPI loaded
Nov 15 15:28:23 server kernel: [    1.536388] r8169 0000:02:00.0: PCI INT A -> GSI 17 (level, low) -> IRQ 17
Nov 15 15:28:23 server kernel: [    1.536905] eth0: RTL8168c/8111c at 0xffffc90000654000, 00:1f:d0:27:53:6d, XID 1c4000c0 IRQ 26
Nov 15 15:28:23 server kernel: [    1.537941] usbcore: registered new interface driver hiddev
Nov 15 15:28:23 server kernel: [    1.541397] md: raid0 personality registered for level 0
Nov 15 15:28:23 server kernel: [    1.543749] md: raid1 personality registered for level 1
Nov 15 15:28:23 server kernel: [    1.545000] async_tx: api initialized (async)
