---
title: "12.04 Slow Boot Time"
date: 2013-07-04
forum: General Help
---

### Post by cyanide911 on 2013-07-04
Here's my dmesg output:

```
[    0.000000] Initializing cgroup subsys cpuset[    0.000000] Initializing cgroup subsys cpu
[    0.000000] Linux version 3.2.0-45-generic (buildd@panlong) (gcc version 4.6.3 (Ubuntu/Linaro 4.6.3-1ubuntu5) ) #70-Ubuntu SMP Wed May 29 20:12:06 UTC 2013 (Ubuntu 3.2.0-45.70-generic 3.2.44)
[    0.000000] Command line: BOOT_IMAGE=/boot/vmlinuz-3.2.0-45-generic root=UUID=7b49a063-7c2c-4727-ac76-cbb29d722d5e ro acpi_osi=Linux quiet splash acpi_backlight=vendor
[    0.000000] KERNEL supported cpus:
[    0.000000]   Intel GenuineIntel
[    0.000000]   AMD AuthenticAMD
[    0.000000]   Centaur CentaurHauls
[    0.000000] BIOS-provided physical RAM map:
[    0.000000]  BIOS-e820: 0000000000000000 - 000000000009d800 (usable)
[    0.000000]  BIOS-e820: 000000000009d800 - 00000000000a0000 (reserved)
[    0.000000]  BIOS-e820: 00000000000e0000 - 0000000000100000 (reserved)
[    0.000000]  BIOS-e820: 0000000000100000 - 000000009ce3f000 (usable)
[    0.000000]  BIOS-e820: 000000009ce3f000 - 000000009cebf000 (reserved)
[    0.000000]  BIOS-e820: 000000009cebf000 - 000000009cfbf000 (ACPI NVS)
[    0.000000]  BIOS-e820: 000000009cfbf000 - 000000009cfff000 (ACPI data)
[    0.000000]  BIOS-e820: 000000009cfff000 - 000000009d000000 (usable)
[    0.000000]  BIOS-e820: 000000009d000000 - 000000009fa00000 (reserved)
[    0.000000]  BIOS-e820: 00000000e0000000 - 00000000f0000000 (reserved)
[    0.000000]  BIOS-e820: 00000000feb00000 - 00000000feb04000 (reserved)
[    0.000000]  BIOS-e820: 00000000fec00000 - 00000000fec01000 (reserved)
[    0.000000]  BIOS-e820: 00000000fed10000 - 00000000fed1a000 (reserved)
[    0.000000]  BIOS-e820: 00000000fed1c000 - 00000000fed20000 (reserved)
[    0.000000]  BIOS-e820: 00000000fee00000 - 00000000fee01000 (reserved)
[    0.000000]  BIOS-e820: 00000000ffd80000 - 0000000100000000 (reserved)
[    0.000000]  BIOS-e820: 0000000100000000 - 000000015fe00000 (usable)
[    0.000000] NX (Execute Disable) protection: active
[    0.000000] SMBIOS 2.7 present.
[    0.000000] DMI: Hewlett-Packard HP Pavilion dv6 Notebook PC/3388, BIOS F.1B 10/05/2011
[    0.000000] e820 update range: 0000000000000000 - 0000000000010000 (usable) ==> (reserved)
[    0.000000] e820 remove range: 00000000000a0000 - 0000000000100000 (usable)
[    0.000000] No AGP bridge found
[    0.000000] last_pfn = 0x15fe00 max_arch_pfn = 0x400000000
[    0.000000] MTRR default type: uncachable
[    0.000000] MTRR fixed ranges enabled:
[    0.000000]   00000-9FFFF write-back
[    0.000000]   A0000-BFFFF uncachable
[    0.000000]   C0000-FFFFF write-protect
[    0.000000] MTRR variable ranges enabled:
[    0.000000]   0 base 000000000 mask F80000000 write-back
[    0.000000]   1 base 080000000 mask FE0000000 write-back
[    0.000000]   2 base 09D000000 mask FFF000000 uncachable
[    0.000000]   3 base 09E000000 mask FFE000000 uncachable
[    0.000000]   4 base 0FFC00000 mask FFFC00000 write-protect
[    0.000000]   5 base 100000000 mask FC0000000 write-back
[    0.000000]   6 base 140000000 mask FF0000000 write-back
[    0.000000]   7 base 150000000 mask FF0000000 write-back
[    0.000000]   8 base 15FE00000 mask FFFE00000 uncachable
[    0.000000]   9 disabled
[    0.000000] x86 PAT enabled: cpu 0, old 0x7040600070406, new 0x7010600070106
[    0.000000] last_pfn = 0x9d000 max_arch_pfn = 0x400000000
[    0.000000] found SMP MP-table at [ffff8800000fe1b0] fe1b0
[    0.000000] initial memory mapped : 0 - 20000000
[    0.000000] Base memory trampoline at [ffff880000098000] 98000 size 20480
[    0.000000] reserving inaccessible SNB gfx pages
[    0.000000] init_memory_mapping: 0000000000000000-000000009d000000
[    0.000000]  0000000000 - 009d000000 page 2M
[    0.000000] kernel direct mapping tables up to 9d000000 @ 1fffc000-20000000
[    0.000000] init_memory_mapping: 0000000100000000-000000015fe00000
[    0.000000]  0100000000 - 015fe00000 page 2M
[    0.000000] kernel direct mapping tables up to 15fe00000 @ 9ce3c000-9ce3f000
[    0.000000] RAMDISK: 364c0000 - 37258000
[    0.000000] ACPI: RSDP 00000000000fe020 00024 (v02 HPQOEM)
[    0.000000] ACPI: XSDT 000000009cffe120 00094 (v01 HPQOEM SLIC-MPC 00000001      01000013)
[    0.000000] ACPI: FACP 000000009cffc000 000F4 (v04 HPQOEM SLIC-MPC 00000001 MSFT 01000013)
[    0.000000] ACPI: DSDT 000000009cfec000 0C553 (v01 HP     INSYDE   00000000 MSFT 01000013)
[    0.000000] ACPI: FACS 000000009cf6c000 00040
[    0.000000] ACPI: ASF! 000000009cffd000 000A5 (v32 HP     INSYDE   00000001 MSFT 01000013)
[    0.000000] ACPI: HPET 000000009cffb000 00038 (v01 HP     INSYDE   00000001 MSFT 01000013)
[    0.000000] ACPI: APIC 000000009cffa000 0008C (v02 HP     INSYDE   00000001 MSFT 01000013)
[    0.000000] ACPI: MCFG 000000009cff9000 0003C (v01 HP     INSYDE   00000001 MSFT 01000013)
[    0.000000] ACPI: SLIC 000000009cfeb000 00176 (v01 HPQOEM SLIC-MPC 00000001 MSFT 01000013)
[    0.000000] ACPI: SSDT 000000009cfea000 0051F (v01 HP     INSYDE   00001000 MSFT 01000013)
[    0.000000] ACPI: BOOT 000000009cfe8000 00028 (v01 HP     INSYDE   00000001 MSFT 01000013)
[    0.000000] ACPI: ASPT 000000009cfe5000 00034 (v07 HP     INSYDE   00000001 MSFT 01000013)
[    0.000000] ACPI: SSDT 000000009cfe4000 0090C (v01 HP     INSYDE   00003000 INTL 20100806)
[    0.000000] ACPI: SSDT 000000009cfe3000 00996 (v01 HP     INSYDE   00003000 INTL 20100806)
[    0.000000] ACPI: SSDT 000000009cfe2000 002DA (v01 HP     INSYDE   00003000 INTL 20100806)
[    0.000000] ACPI: SSDT 000000009cfe1000 0035D (v01 HP     INSYDE   00003000 INTL 20100806)
[    0.000000] ACPI: SSDT 000000009cfdb000 024A1 (v01 HP     INSYDE   00001000 INTL 20100806)
[    0.000000] ACPI: Local APIC address 0xfee00000
[    0.000000] No NUMA configuration found
[    0.000000] Faking a node at 0000000000000000-000000015fe00000
[    0.000000] Initmem setup node 0 0000000000000000-000000015fe00000
[    0.000000]   NODE_DATA [000000015fdfb000 - 000000015fdfffff]
[    0.000000]  [ffffea0000000000-ffffea00057fffff] PMD -> [ffff88015b400000-ffff88015f3fffff] on node 0
[    0.000000] Zone PFN ranges:
[    0.000000]   DMA      0x00000010 -> 0x00001000
[    0.000000]   DMA32    0x00001000 -> 0x00100000
[    0.000000]   Normal   0x00100000 -> 0x0015fe00
[    0.000000] Movable zone start PFN for each node
[    0.000000] early_node_map[4] active PFN ranges
[    0.000000]     0: 0x00000010 -> 0x0000009d
[    0.000000]     0: 0x00000100 -> 0x0009ce3f
[    0.000000]     0: 0x0009cfff -> 0x0009d000
[    0.000000]     0: 0x00100000 -> 0x0015fe00
[    0.000000] On node 0 totalpages: 1035213
[    0.000000]   DMA zone: 64 pages used for memmap
[    0.000000]   DMA zone: 141 pages reserved
[    0.000000]   DMA zone: 3776 pages, LIFO batch:0
[    0.000000]   DMA32 zone: 16320 pages used for memmap
[    0.000000]   DMA32 zone: 622208 pages, LIFO batch:31
[    0.000000]   Normal zone: 6136 pages used for memmap
[    0.000000]   Normal zone: 386568 pages, LIFO batch:31
[    0.000000] ACPI: PM-Timer IO Port: 0x408
[    0.000000] ACPI: Local APIC address 0xfee00000
[    0.000000] ACPI: LAPIC (acpi_id[0x01] lapic_id[0x00] enabled)
[    0.000000] ACPI: LAPIC (acpi_id[0x02] lapic_id[0x01] enabled)
[    0.000000] ACPI: LAPIC (acpi_id[0x03] lapic_id[0x02] enabled)
[    0.000000] ACPI: LAPIC (acpi_id[0x04] lapic_id[0x03] enabled)
[    0.000000] ACPI: LAPIC (acpi_id[0x05] lapic_id[0x04] enabled)
[    0.000000] ACPI: LAPIC (acpi_id[0x06] lapic_id[0x05] enabled)
[    0.000000] ACPI: LAPIC (acpi_id[0x07] lapic_id[0x06] enabled)
[    0.000000] ACPI: LAPIC (acpi_id[0x08] lapic_id[0x07] enabled)
[    0.000000] ACPI: IOAPIC (id[0x00] address[0xfec00000] gsi_base[0])
[    0.000000] IOAPIC[0]: apic_id 0, version 32, address 0xfec00000, GSI 0-23
[    0.000000] ACPI: INT_SRC_OVR (bus 0 bus_irq 0 global_irq 2 dfl dfl)
[    0.000000] ACPI: INT_SRC_OVR (bus 0 bus_irq 9 global_irq 9 high level)
[    0.000000] ACPI: IRQ0 used by override.
[    0.000000] ACPI: IRQ2 used by override.
[    0.000000] ACPI: IRQ9 used by override.
[    0.000000] Using ACPI (MADT) for SMP configuration information
[    0.000000] ACPI: HPET id: 0x8086a201 base: 0xfed00000
[    0.000000] SMP: Allowing 8 CPUs, 0 hotplug CPUs
[    0.000000] nr_irqs_gsi: 40
[    0.000000] PM: Registered nosave memory: 000000000009d000 - 000000000009e000
[    0.000000] PM: Registered nosave memory: 000000000009e000 - 00000000000a0000
[    0.000000] PM: Registered nosave memory: 00000000000a0000 - 00000000000e0000
[    0.000000] PM: Registered nosave memory: 00000000000e0000 - 0000000000100000
[    0.000000] PM: Registered nosave memory: 000000009ce3f000 - 000000009cebf000
[    0.000000] PM: Registered nosave memory: 000000009cebf000 - 000000009cfbf000
[    0.000000] PM: Registered nosave memory: 000000009cfbf000 - 000000009cfff000
[    0.000000] PM: Registered nosave memory: 000000009d000000 - 000000009fa00000
[    0.000000] PM: Registered nosave memory: 000000009fa00000 - 00000000e0000000
[    0.000000] PM: Registered nosave memory: 00000000e0000000 - 00000000f0000000
[    0.000000] PM: Registered nosave memory: 00000000f0000000 - 00000000feb00000
[    0.000000] PM: Registered nosave memory: 00000000feb00000 - 00000000feb04000
[    0.000000] PM: Registered nosave memory: 00000000feb04000 - 00000000fec00000
[    0.000000] PM: Registered nosave memory: 00000000fec00000 - 00000000fec01000
[    0.000000] PM: Registered nosave memory: 00000000fec01000 - 00000000fed10000
[    0.000000] PM: Registered nosave memory: 00000000fed10000 - 00000000fed1a000
[    0.000000] PM: Registered nosave memory: 00000000fed1a000 - 00000000fed1c000
[    0.000000] PM: Registered nosave memory: 00000000fed1c000 - 00000000fed20000
[    0.000000] PM: Registered nosave memory: 00000000fed20000 - 00000000fee00000
[    0.000000] PM: Registered nosave memory: 00000000fee00000 - 00000000fee01000
[    0.000000] PM: Registered nosave memory: 00000000fee01000 - 00000000ffd80000
[    0.000000] PM: Registered nosave memory: 00000000ffd80000 - 0000000100000000
[    0.000000] Allocating PCI resources starting at 9fa00000 (gap: 9fa00000:40600000)
[    0.000000] Booting paravirtualized kernel on bare hardware
[    0.000000] setup_percpu: NR_CPUS:256 nr_cpumask_bits:256 nr_cpu_ids:8 nr_node_ids:1
[    0.000000] PERCPU: Embedded 28 pages/cpu @ffff88015fa00000 s83136 r8192 d23360 u262144
[    0.000000] pcpu-alloc: s83136 r8192 d23360 u262144 alloc=1*2097152
[    0.000000] pcpu-alloc: [0] 0 1 2 3 4 5 6 7 
[    0.000000] Built 1 zonelists in Node order, mobility grouping on.  Total pages: 1012552
[    0.000000] Policy zone: Normal
[    0.000000] Kernel command line: BOOT_IMAGE=/boot/vmlinuz-3.2.0-45-generic root=UUID=7b49a063-7c2c-4727-ac76-cbb29d722d5e ro acpi_osi=Linux quiet splash acpi_backlight=vendor
[    0.000000] PID hash table entries: 4096 (order: 3, 32768 bytes)
[    0.000000] xsave/xrstor: enabled xstate_bv 0x7, cntxt size 0x340
[    0.000000] Checking aperture...
[    0.000000] No AGP bridge found
[    0.000000] Calgary: detecting Calgary via BIOS EBDA area
[    0.000000] Calgary: Unable to locate Rio Grande table in EBDA - bailing!
[    0.000000] Memory: 3978040k/5765120k available (6579k kernel code, 1624268k absent, 162812k reserved, 6626k data, 924k init)
[    0.000000] SLUB: Genslabs=15, HWalign=64, Order=0-3, MinObjects=0, CPUs=8, Nodes=1
[    0.000000] Hierarchical RCU implementation.
[    0.000000] 	RCU dyntick-idle grace-period acceleration is enabled.
[    0.000000] NR_IRQS:16640 nr_irqs:744 16
[    0.000000] Extended CMOS year: 2000
[    0.000000] Console: colour VGA+ 80x25
[    0.000000] console [tty0] enabled
[    0.000000] allocated 33554432 bytes of page_cgroup
[    0.000000] please try 'cgroup_disable=memory' option if you don't want memory cgroups
[    0.000000] hpet clockevent registered
[    0.000000] Fast TSC calibration using PIT
[    0.004000] Detected 1995.581 MHz processor.
[    0.000003] Calibrating delay loop (skipped), value calculated using timer frequency.. 3991.16 BogoMIPS (lpj=7982324)
[    0.000007] pid_max: default: 32768 minimum: 301
[    0.000031] Security Framework initialized
[    0.000045] AppArmor: AppArmor initialized
[    0.000046] Yama: becoming mindful.
[    0.000394] Dentry cache hash table entries: 524288 (order: 10, 4194304 bytes)
[    0.001414] Inode-cache hash table entries: 262144 (order: 9, 2097152 bytes)
[    0.001861] Mount-cache hash table entries: 256
[    0.001979] Initializing cgroup subsys cpuacct
[    0.001983] Initializing cgroup subsys memory
[    0.001991] Initializing cgroup subsys devices
[    0.001993] Initializing cgroup subsys freezer
[    0.001995] Initializing cgroup subsys blkio
[    0.002000] Initializing cgroup subsys perf_event
[    0.002029] CPU: Physical Processor ID: 0
[    0.002030] CPU: Processor Core ID: 0
[    0.002035] ENERGY_PERF_BIAS: Set to 'normal', was 'performance'
[    0.002036] ENERGY_PERF_BIAS: View and update with x86_energy_perf_policy(8)
[    0.002040] mce: CPU supports 9 MCE banks
[    0.002052] CPU0: Thermal monitoring handled by SMI
[    0.002062] using mwait in idle threads.
[    0.004980] ACPI: Core revision 20110623
[    0.025720] ftrace: allocating 26570 entries in 105 pages
[    0.037216] x2apic not enabled, IRQ remapping init failed
[    0.037632] ..TIMER: vector=0x30 apic1=0 pin1=2 apic2=-1 pin2=-1
[    0.077307] CPU0: Intel(R) Core(TM) i7-2630QM CPU @ 2.00GHz stepping 07
[    0.184301] Performance Events: PEBS fmt1+, SandyBridge events, Intel PMU driver.
[    0.184306] PEBS disabled due to CPU errata.
[    0.184309] ... version:                3
[    0.184310] ... bit width:              48
[    0.184312] ... generic registers:      4
[    0.184313] ... value mask:             0000ffffffffffff
[    0.184315] ... max period:             000000007fffffff
[    0.184316] ... fixed-purpose events:   3
[    0.184317] ... event mask:             000000070000000f
[    0.184475] NMI watchdog enabled, takes one hw-pmu counter.
[    0.184552] Booting Node   0, Processors  #1
[    0.184555] smpboot cpu 1: start_ip = 98000
[    0.272298] CPU1: Thermal monitoring handled by SMI
[    0.292406] NMI watchdog enabled, takes one hw-pmu counter.
[    0.292496]  #2
[    0.292498] smpboot cpu 2: start_ip = 98000
[    0.380256] CPU2: Thermal monitoring handled by SMI
[    0.400388] NMI watchdog enabled, takes one hw-pmu counter.
[    0.400469]  #3
[    0.400470] smpboot cpu 3: start_ip = 98000
[    0.488215] CPU3: Thermal monitoring handled by SMI
[    0.508259] NMI watchdog enabled, takes one hw-pmu counter.
[    0.508340]  #4
[    0.508342] smpboot cpu 4: start_ip = 98000
[    0.596176] CPU4: Thermal monitoring handled by SMI
[    0.616231] NMI watchdog enabled, takes one hw-pmu counter.
[    0.616319]  #5
[    0.616321] smpboot cpu 5: start_ip = 98000
[    0.704134] CPU5: Thermal monitoring handled by SMI
[    0.724221] NMI watchdog enabled, takes one hw-pmu counter.
[    0.724305]  #6
[    0.724306] smpboot cpu 6: start_ip = 98000
[    0.812095] CPU6: Thermal monitoring handled by SMI
[    0.832193] NMI watchdog enabled, takes one hw-pmu counter.
[    0.832275]  #7 Ok.
[    0.832277] smpboot cpu 7: start_ip = 98000
[    0.920054] CPU7: Thermal monitoring handled by SMI
[    0.940166] NMI watchdog enabled, takes one hw-pmu counter.
[    0.940195] Brought up 8 CPUs
[    0.940197] Total of 8 processors activated (31926.49 BogoMIPS).
[    0.949256] devtmpfs: initialized
[    0.950032] EVM: security.selinux
[    0.950034] EVM: security.SMACK64
[    0.950035] EVM: security.capability
[    0.950059] PM: Registering ACPI NVS region at 9cebf000 (1048576 bytes)
[    0.950904] print_constraints: dummy: 
[    0.950935] RTC time: 15:06:29, date: 07/04/13
[    0.950969] NET: Registered protocol family 16
[    0.951068] Trying to unpack rootfs image as initramfs...
[    0.951074] ACPI FADT declares the system doesn't support PCIe ASPM, so disable it
[    0.951076] ACPI: bus type pci registered
[    0.951151] PCI: MMCONFIG for domain 0000 [bus 00-ff] at [mem 0xe0000000-0xefffffff] (base 0xe0000000)
[    0.951154] PCI: MMCONFIG at [mem 0xe0000000-0xefffffff] reserved in E820
[    0.998171] PCI: Using configuration type 1 for base access
[    0.998286] mtrr: your CPUs had inconsistent variable MTRR settings
[    0.998287] mtrr: probably your BIOS does not setup all CPUs.
[    0.998288] mtrr: corrected configuration.
[    0.999146] bio: create slab <bio-0> at 0
[    0.999228] ACPI: Added _OSI(Module Device)
[    0.999230] ACPI: Added _OSI(Processor Device)
[    0.999231] ACPI: Added _OSI(3.0 _SCP Extensions)
[    0.999233] ACPI: Added _OSI(Processor Aggregator Device)
[    0.999235] ACPI: Added _OSI(Linux)
[    1.001159] ACPI: EC: Look up EC in DSDT
[    1.002988] ACPI: Executed 1 blocks of module-level executable AML code
[    1.056034] [Firmware Bug]: ACPI: BIOS _OSI(Linux) query honored via cmdline
[    1.056574] ACPI: SSDT 000000009ce70798 00727 (v01  PmRef  Cpu0Cst 00003001 INTL 20100806)
[    1.057061] ACPI: Dynamic OEM Table Load:
[    1.057064] ACPI: SSDT           (null) 00727 (v01  PmRef  Cpu0Cst 00003001 INTL 20100806)
[    1.072224] ACPI: SSDT 000000009ce71a98 00303 (v01  PmRef    ApIst 00003000 INTL 20100806)
[    1.072738] ACPI: Dynamic OEM Table Load:
[    1.072740] ACPI: SSDT           (null) 00303 (v01  PmRef    ApIst 00003000 INTL 20100806)
[    1.104096] ACPI: SSDT 000000009ce6fd98 00119 (v01  PmRef    ApCst 00003000 INTL 20100806)
[    1.104584] ACPI: Dynamic OEM Table Load:
[    1.104586] ACPI: SSDT           (null) 00119 (v01  PmRef    ApCst 00003000 INTL 20100806)
[    1.139588] ACPI: Interpreter enabled
[    1.139593] ACPI: (supports S0 S3 S4 S5)
[    1.139619] ACPI: Using IOAPIC for interrupt routing
[    1.147774] ACPI: EC: GPE = 0x17, I/O: command/status = 0x66, data = 0x62
[    1.148194] ACPI: ACPI Dock Station Driver: 1 docks/bays found
[    1.148196] HEST: Table not found.
[    1.148199] PCI: Using host bridge windows from ACPI; if necessary, use "pci=nocrs" and report a bug
[    1.148516] \_SB_.PCI0:_OSC invalid UUID
[    1.148518] _OSC request data:1 8 1f 
[    1.148522] ACPI: PCI Root Bridge [PCI0] (domain 0000 [bus 00-fe])
[    1.149058] pci_root PNP0A08:00: host bridge window [io  0x0000-0x0cf7]
[    1.149061] pci_root PNP0A08:00: host bridge window [io  0x0d00-0xffff]
[    1.149063] pci_root PNP0A08:00: host bridge window [mem 0x000a0000-0x000bffff]
[    1.149067] pci_root PNP0A08:00: host bridge window [mem 0x9fa00000-0xfeafffff]
[    1.149079] pci 0000:00:00.0: [8086:0104] type 0 class 0x000600
[    1.149121] pci 0000:00:01.0: [8086:0101] type 1 class 0x000604
[    1.149157] pci 0000:00:01.0: PME# supported from D0 D3hot D3cold
[    1.149161] pci 0000:00:01.0: PME# disabled
[    1.149182] pci 0000:00:02.0: [8086:0116] type 0 class 0x000300
[    1.149194] pci 0000:00:02.0: reg 10: [mem 0xc0000000-0xc03fffff 64bit]
[    1.149201] pci 0000:00:02.0: reg 18: [mem 0xb0000000-0xbfffffff 64bit pref]
[    1.149207] pci 0000:00:02.0: reg 20: [io  0x6000-0x603f]
[    1.149267] pci 0000:00:16.0: [8086:1c3a] type 0 class 0x000780
[    1.149293] pci 0000:00:16.0: reg 10: [mem 0xc7504000-0xc750400f 64bit]
[    1.149375] pci 0000:00:16.0: PME# supported from D0 D3hot D3cold
[    1.149380] pci 0000:00:16.0: PME# disabled
[    1.149416] pci 0000:00:1a.0: [8086:1c2d] type 0 class 0x000c03
[    1.149799] pci 0000:00:1a.0: reg 10: [mem 0xc750a000-0xc750a3ff]
[    1.152014] pci 0000:00:1a.0: PME# supported from D0 D3hot D3cold
[    1.152019] pci 0000:00:1a.0: PME# disabled
[    1.152047] pci 0000:00:1b.0: [8086:1c20] type 0 class 0x000403
[    1.152065] pci 0000:00:1b.0: reg 10: [mem 0xc7500000-0xc7503fff 64bit]
[    1.152141] pci 0000:00:1b.0: PME# supported from D0 D3hot D3cold
[    1.152146] pci 0000:00:1b.0: PME# disabled
[    1.152172] pci 0000:00:1c.0: [8086:1c10] type 1 class 0x000604
[    1.152259] pci 0000:00:1c.0: PME# supported from D0 D3hot D3cold
[    1.152263] pci 0000:00:1c.0: PME# disabled
[    1.152290] pci 0000:00:1c.1: [8086:1c12] type 1 class 0x000604
[    1.152376] pci 0000:00:1c.1: PME# supported from D0 D3hot D3cold
[    1.152380] pci 0000:00:1c.1: PME# disabled
[    1.152406] pci 0000:00:1c.2: [8086:1c14] type 1 class 0x000604
[    1.152493] pci 0000:00:1c.2: PME# supported from D0 D3hot D3cold
[    1.152497] pci 0000:00:1c.2: PME# disabled
[    1.152524] pci 0000:00:1c.3: [8086:1c16] type 1 class 0x000604
[    1.152609] pci 0000:00:1c.3: PME# supported from D0 D3hot D3cold
[    1.152614] pci 0000:00:1c.3: PME# disabled
[    1.152651] pci 0000:00:1d.0: [8086:1c26] type 0 class 0x000c03
[    1.153020] pci 0000:00:1d.0: reg 10: [mem 0xc7509000-0xc75093ff]
[    1.155213] pci 0000:00:1d.0: PME# supported from D0 D3hot D3cold
[    1.155218] pci 0000:00:1d.0: PME# disabled
[    1.155244] pci 0000:00:1f.0: [8086:1c49] type 0 class 0x000601
[    1.155378] pci 0000:00:1f.2: [8086:1c03] type 0 class 0x000106
[    1.155399] pci 0000:00:1f.2: reg 10: [io  0x6088-0x608f]
[    1.155408] pci 0000:00:1f.2: reg 14: [io  0x609c-0x609f]
[    1.155418] pci 0000:00:1f.2: reg 18: [io  0x6080-0x6087]
[    1.155427] pci 0000:00:1f.2: reg 1c: [io  0x6098-0x609b]
[    1.155436] pci 0000:00:1f.2: reg 20: [io  0x6060-0x607f]
[    1.155445] pci 0000:00:1f.2: reg 24: [mem 0xc7508000-0xc75087ff]
[    1.155495] pci 0000:00:1f.2: PME# supported from D3hot
[    1.155499] pci 0000:00:1f.2: PME# disabled
[    1.155518] pci 0000:00:1f.3: [8086:1c22] type 0 class 0x000c05
[    1.155536] pci 0000:00:1f.3: reg 10: [mem 0xc7506000-0xc75060ff 64bit]
[    1.155559] pci 0000:00:1f.3: reg 20: [io  0x6040-0x605f]
[    1.155628] pci 0000:01:00.0: [1002:6740] type 0 class 0x000300
[    1.155645] pci 0000:01:00.0: reg 10: [mem 0xa0000000-0xafffffff 64bit pref]
[    1.155659] pci 0000:01:00.0: reg 18: [mem 0xc6500000-0xc651ffff 64bit]
[    1.155669] pci 0000:01:00.0: reg 20: [io  0x5000-0x50ff]
[    1.155686] pci 0000:01:00.0: reg 30: [mem 0xfffe0000-0xffffffff pref]
[    1.155728] pci 0000:01:00.0: supports D1 D2
[    1.159951] pci 0000:00:01.0: PCI bridge to [bus 01-06]
[    1.159954] pci 0000:00:01.0:   bridge window [io  0x5000-0x5fff]
[    1.159957] pci 0000:00:01.0:   bridge window [mem 0xc6500000-0xc74fffff]
[    1.159961] pci 0000:00:01.0:   bridge window [mem 0xa0000000-0xafffffff 64bit pref]
[    1.160033] pci 0000:07:00.0: [10ec:8168] type 0 class 0x000200
[    1.160055] pci 0000:07:00.0: reg 10: [io  0x4000-0x40ff]
[    1.160093] pci 0000:07:00.0: reg 18: [mem 0xc0404000-0xc0404fff 64bit pref]
[    1.160116] pci 0000:07:00.0: reg 20: [mem 0xc0400000-0xc0403fff 64bit pref]
[    1.160213] pci 0000:07:00.0: supports D1 D2
[    1.160215] pci 0000:07:00.0: PME# supported from D0 D1 D2 D3hot D3cold
[    1.160221] pci 0000:07:00.0: PME# disabled
[    1.167955] pci 0000:00:1c.0: PCI bridge to [bus 07-0c]
[    1.167960] pci 0000:00:1c.0:   bridge window [io  0x4000-0x4fff]
[    1.167965] pci 0000:00:1c.0:   bridge window [mem 0xc5500000-0xc64fffff]
[    1.167972] pci 0000:00:1c.0:   bridge window [mem 0xc0400000-0xc13fffff 64bit pref]
[    1.168087] pci 0000:0d:00.0: [14e4:4727] type 0 class 0x000280
[    1.168122] pci 0000:0d:00.0: reg 10: [mem 0xc4500000-0xc4503fff 64bit]
[    1.168316] pci 0000:0d:00.0: supports D1 D2
[    1.175985] pci 0000:00:1c.1: PCI bridge to [bus 0d-12]
[    1.175990] pci 0000:00:1c.1:   bridge window [io  0x3000-0x3fff]
[    1.175995] pci 0000:00:1c.1:   bridge window [mem 0xc4500000-0xc54fffff]
[    1.176002] pci 0000:00:1c.1:   bridge window [mem 0xc1400000-0xc23fffff 64bit pref]
[    1.176080] pci 0000:13:00.0: [10ec:5209] type 0 class 0x00ff00
[    1.176104] pci 0000:13:00.0: reg 10: [mem 0xc3500000-0xc3500fff]
[    1.176191] pci 0000:13:00.0: reg 30: [mem 0xffff0000-0xffffffff pref]
[    1.176266] pci 0000:13:00.0: supports D1 D2
[    1.176268] pci 0000:13:00.0: PME# supported from D1 D2 D3hot
[    1.176275] pci 0000:13:00.0: PME# disabled
[    1.183950] pci 0000:00:1c.2: PCI bridge to [bus 13-18]
[    1.183955] pci 0000:00:1c.2:   bridge window [io  0x2000-0x2fff]
[    1.183960] pci 0000:00:1c.2:   bridge window [mem 0xc3500000-0xc44fffff]
[    1.183967] pci 0000:00:1c.2:   bridge window [mem 0xc2400000-0xc33fffff 64bit pref]
[    1.184119] pci 0000:19:00.0: [1033:0194] type 0 class 0x000c03
[    1.184174] pci 0000:19:00.0: reg 10: [mem 0xc3400000-0xc3401fff 64bit]
[    1.184472] pci 0000:19:00.0: PME# supported from D0 D3hot D3cold
[    1.184482] pci 0000:19:00.0: PME# disabled
[    1.192002] pci 0000:00:1c.3: PCI bridge to [bus 19-19]
[    1.192010] pci 0000:00:1c.3:   bridge window [mem 0xc3400000-0xc34fffff]
[    1.192045] ACPI: PCI Interrupt Routing Table [\_SB_.PCI0._PRT]
[    1.192199] ACPI: PCI Interrupt Routing Table [\_SB_.PCI0.RP01._PRT]
[    1.192233] ACPI: PCI Interrupt Routing Table [\_SB_.PCI0.RP02._PRT]
[    1.192264] ACPI: PCI Interrupt Routing Table [\_SB_.PCI0.RP03._PRT]
[    1.192295] ACPI: PCI Interrupt Routing Table [\_SB_.PCI0.RP04._PRT]
[    1.192341] ACPI: PCI Interrupt Routing Table [\_SB_.PCI0.PEG0._PRT]
[    1.192426] \_SB_.PCI0:_OSC invalid UUID
[    1.192428] _OSC request data:1 1f 1f 
[    1.192432]  pci0000:00: Requesting ACPI _OSC control (0x1d)
[    1.192464] \_SB_.PCI0:_OSC invalid UUID
[    1.192465] _OSC request data:1 0 1d 
[    1.192469]  pci0000:00: ACPI _OSC request failed (AE_ERROR), returned control mask: 0x1d
[    1.192470] ACPI _OSC control for PCIe not granted, disabling ASPM
[    1.196111] ACPI: PCI Interrupt Link [LNKA] (IRQs 1 3 4 5 6 10 11 12 14 15) *7
[    1.196162] ACPI: PCI Interrupt Link [LNKB] (IRQs 1 *3 4 5 6 10 11 12 14 15)
[    1.196211] ACPI: PCI Interrupt Link [LNKC] (IRQs 1 3 4 5 6 *10 11 12 14 15)
[    1.196261] ACPI: PCI Interrupt Link [LNKD] (IRQs 1 3 4 5 6 *10 11 12 14 15)
[    1.196310] ACPI: PCI Interrupt Link [LNKE] (IRQs 1 3 4 5 6 10 11 12 14 15) *0, disabled.
[    1.196357] ACPI: PCI Interrupt Link [LNKF] (IRQs 1 3 *4 5 6 10 11 12 14 15)
[    1.196403] ACPI: PCI Interrupt Link [LNKG] (IRQs 1 3 4 *5 6 10 11 12 14 15)
[    1.196448] ACPI: PCI Interrupt Link [LNKH] (IRQs 1 3 4 5 6 10 *11 12 14 15)
[    1.196556] vgaarb: device added: PCI:0000:00:02.0,decodes=io+mem,owns=io+mem,locks=none
[    1.196564] vgaarb: device added: PCI:0000:01:00.0,decodes=io+mem,owns=none,locks=none
[    1.196568] vgaarb: loaded
[    1.196569] vgaarb: bridge control possible 0000:01:00.0
[    1.196570] vgaarb: no bridge control possible 0000:00:02.0
[    1.196661] i2c-core: driver [aat2870] using legacy suspend method
[    1.196662] i2c-core: driver [aat2870] using legacy resume method
[    1.196724] SCSI subsystem initialized
[    1.196769] libata version 3.00 loaded.
[    1.196815] usbcore: registered new interface driver usbfs
[    1.196824] usbcore: registered new interface driver hub
[    1.196842] usbcore: registered new device driver usb
[    1.196917] PCI: Using ACPI for IRQ routing
[    1.204355] PCI: pci_cache_line_size set to 64 bytes
[    1.204528] reserve RAM buffer: 000000000009d800 - 000000000009ffff 
[    1.204530] reserve RAM buffer: 000000009ce3f000 - 000000009fffffff 
[    1.204533] reserve RAM buffer: 000000009d000000 - 000000009fffffff 
[    1.204535] reserve RAM buffer: 000000015fe00000 - 000000015fffffff 
[    1.204625] NetLabel: Initializing
[    1.204627] NetLabel:  domain hash size = 128
[    1.204628] NetLabel:  protocols = UNLABELED CIPSOv4
[    1.204639] NetLabel:  unlabeled traffic allowed by default
[    1.204684] hpet0: at MMIO 0xfed00000, IRQs 2, 8, 0, 0, 0, 0, 0, 0
[    1.204690] hpet0: 8 comparators, 64-bit 14.318180 MHz counter
[    1.206705] Switching to clocksource hpet
[    1.213006] AppArmor: AppArmor Filesystem Enabled
[    1.213027] pnp: PnP ACPI init
[    1.213042] ACPI: bus type pnp registered
[    1.213348] pnp 00:00: [bus 00-fe]
[    1.213351] pnp 00:00: [io  0x0000-0x0cf7 window]
[    1.213353] pnp 00:00: [io  0x0cf8-0x0cff]
[    1.213355] pnp 00:00: [io  0x0d00-0xffff window]
[    1.213358] pnp 00:00: [mem 0x000a0000-0x000bffff window]
[    1.213360] pnp 00:00: [mem 0x000c0000-0x000c3fff window]
[    1.213362] pnp 00:00: [mem 0x000c4000-0x000c7fff window]
[    1.213364] pnp 00:00: [mem 0x000c8000-0x000cbfff window]
[    1.213366] pnp 00:00: [mem 0x000cc000-0x000cffff window]
[    1.213368] pnp 00:00: [mem 0x000d0000-0x000d3fff window]
[    1.213370] pnp 00:00: [mem 0x000d4000-0x000d7fff window]
[    1.213372] pnp 00:00: [mem 0x000d8000-0x000dbfff window]
[    1.213374] pnp 00:00: [mem 0x000dc000-0x000dffff window]
[    1.213376] pnp 00:00: [mem 0x000e0000-0x000e3fff window]
[    1.213378] pnp 00:00: [mem 0x000e4000-0x000e7fff window]
[    1.213380] pnp 00:00: [mem 0x000e8000-0x000ebfff window]
[    1.213382] pnp 00:00: [mem 0x000ec000-0x000effff window]
[    1.213384] pnp 00:00: [mem 0x000f0000-0x000fffff window]
[    1.213386] pnp 00:00: [mem 0x9fa00000-0xfeafffff window]
[    1.213453] pnp 00:00: Plug and Play ACPI device, IDs PNP0a08 PNP0a03 (active)
[    1.213473] pnp 00:01: [io  0x0000-0x001f]
[    1.213475] pnp 00:01: [io  0x0081-0x0091]
[    1.213477] pnp 00:01: [io  0x0093-0x009f]
[    1.213478] pnp 00:01: [io  0x00c0-0x00df]
[    1.213481] pnp 00:01: [dma 4]
[    1.213503] pnp 00:01: Plug and Play ACPI device, IDs PNP0200 (active)
[    1.213511] pnp 00:02: [mem 0xff000000-0xffffffff]
[    1.213532] pnp 00:02: Plug and Play ACPI device, IDs INT0800 (active)
[    1.213612] pnp 00:03: [mem 0xfed00000-0xfed003ff]
[    1.213632] pnp 00:03: Plug and Play ACPI device, IDs PNP0103 (active)
[    1.213642] pnp 00:04: [io  0x00f0]
[    1.213652] pnp 00:04: [irq 13]
[    1.213674] pnp 00:04: Plug and Play ACPI device, IDs PNP0c04 (active)
[    1.213684] pnp 00:05: [io  0x002e-0x002f]
[    1.213686] pnp 00:05: [io  0x004e-0x004f]
[    1.213688] pnp 00:05: [io  0x0061]
[    1.213689] pnp 00:05: [io  0x0063]
[    1.213691] pnp 00:05: [io  0x0065]
[    1.213692] pnp 00:05: [io  0x0067]
[    1.213694] pnp 00:05: [io  0x0070]
[    1.213695] pnp 00:05: [io  0x0080]
[    1.213697] pnp 00:05: [io  0x0092]
[    1.213701] pnp 00:05: [io  0x00b2-0x00b3]
[    1.213702] pnp 00:05: [io  0x0680-0x069f]
[    1.213704] pnp 00:05: [io  0x1000-0x100f]
[    1.213706] pnp 00:05: [io  0x1010-0x1013]
[    1.213708] pnp 00:05: [io  0xffff]
[    1.213709] pnp 00:05: [io  0x0400-0x0453]
[    1.213711] pnp 00:05: [io  0x0458-0x047f]
[    1.213712] pnp 00:05: [io  0x0500-0x057f]
[    1.213714] pnp 00:05: [io  0x164e-0x164f]
[    1.213761] system 00:05: [io  0x0680-0x069f] has been reserved
[    1.213764] system 00:05: [io  0x1000-0x100f] has been reserved
[    1.213766] system 00:05: [io  0x1010-0x1013] has been reserved
[    1.213768] system 00:05: [io  0xffff] has been reserved
[    1.213770] system 00:05: [io  0x0400-0x0453] has been reserved
[    1.213773] system 00:05: [io  0x0458-0x047f] has been reserved
[    1.213775] system 00:05: [io  0x0500-0x057f] has been reserved
[    1.213777] system 00:05: [io  0x164e-0x164f] has been reserved
[    1.213780] system 00:05: Plug and Play ACPI device, IDs PNP0c02 (active)
[    1.213788] pnp 00:06: [io  0x0070-0x0077]
[    1.213794] pnp 00:06: [irq 8]
[    1.213815] pnp 00:06: Plug and Play ACPI device, IDs PNP0b00 (active)
[    1.213835] pnp 00:07: [io  0x0454-0x0457]
[    1.213870] system 00:07: [io  0x0454-0x0457] has been reserved
[    1.213873] system 00:07: Plug and Play ACPI device, IDs INT3f0d PNP0c02 (active)
[    1.213902] pnp 00:08: [io  0x0060]
[    1.213904] pnp 00:08: [io  0x0064]
[    1.213909] pnp 00:08: [irq 1]
[    1.213933] pnp 00:08: Plug and Play ACPI device, IDs PNP0303 (active)
[    1.213963] pnp 00:09: [irq 12]
[    1.213987] pnp 00:09: Plug and Play ACPI device, IDs SYN1e47 SYN1e00 SYN0002 PNP0f13 (active)
[    1.214085] pnp 00:0a: [mem 0xfed1c000-0xfed1ffff]
[    1.214087] pnp 00:0a: [mem 0xfed10000-0xfed17fff]
[    1.214089] pnp 00:0a: [mem 0xfed18000-0xfed18fff]
[    1.214091] pnp 00:0a: [mem 0xfed19000-0xfed19fff]
[    1.214093] pnp 00:0a: [mem 0xe0000000-0xefffffff]
[    1.214095] pnp 00:0a: [mem 0xfed20000-0xfed3ffff]
[    1.214096] pnp 00:0a: [mem 0xfed90000-0xfed93fff]
[    1.214098] pnp 00:0a: [mem 0xff000000-0xffffffff]
[    1.214100] pnp 00:0a: [mem 0xfee00000-0xfeefffff]
[    1.214102] pnp 00:0a: [mem 0x9fa00000-0x9fa00fff]
[    1.214145] system 00:0a: [mem 0xfed1c000-0xfed1ffff] has been reserved
[    1.214147] system 00:0a: [mem 0xfed10000-0xfed17fff] has been reserved
[    1.214150] system 00:0a: [mem 0xfed18000-0xfed18fff] has been reserved
[    1.214152] system 00:0a: [mem 0xfed19000-0xfed19fff] has been reserved
[    1.214155] system 00:0a: [mem 0xe0000000-0xefffffff] has been reserved
[    1.214157] system 00:0a: [mem 0xfed20000-0xfed3ffff] has been reserved
[    1.214159] system 00:0a: [mem 0xfed90000-0xfed93fff] has been reserved
[    1.214162] system 00:0a: [mem 0xff000000-0xffffffff] could not be reserved
[    1.214164] system 00:0a: [mem 0xfee00000-0xfeefffff] could not be reserved
[    1.214167] system 00:0a: [mem 0x9fa00000-0x9fa00fff] has been reserved
[    1.214170] system 00:0a: Plug and Play ACPI device, IDs PNP0c02 (active)
[    1.215184] pnp 00:0b: [irq 23]
[    1.215230] pnp 00:0b: Plug and Play ACPI device, IDs HPQ0004 (active)
[    1.215252] pnp 00:0c: [mem 0x20000000-0x201fffff]
[    1.215254] pnp 00:0c: [mem 0x40000000-0x401fffff]
[    1.215308] system 00:0c: [mem 0x20000000-0x201fffff] could not be reserved
[    1.215311] system 00:0c: [mem 0x40000000-0x401fffff] could not be reserved
[    1.215314] system 00:0c: Plug and Play ACPI device, IDs PNP0c01 (active)
[    1.215333] pnp: PnP ACPI: found 13 devices
[    1.215334] ACPI: ACPI bus type pnp unregistered
[    1.221920] pci 0000:01:00.0: no compatible bridge window for [mem 0xfffe0000-0xffffffff pref]
[    1.221924] pci 0000:13:00.0: no compatible bridge window for [mem 0xffff0000-0xffffffff pref]
[    1.221929] PCI: max bus depth: 1 pci_try_num: 2
[    1.221970] pci 0000:01:00.0: BAR 6: assigned [mem 0xc6520000-0xc653ffff pref]
[    1.221973] pci 0000:00:01.0: PCI bridge to [bus 01-06]
[    1.221976] pci 0000:00:01.0:   bridge window [io  0x5000-0x5fff]
[    1.221979] pci 0000:00:01.0:   bridge window [mem 0xc6500000-0xc74fffff]
[    1.221983] pci 0000:00:01.0:   bridge window [mem 0xa0000000-0xafffffff 64bit pref]
[    1.221987] pci 0000:00:1c.0: PCI bridge to [bus 07-0c]
[    1.221990] pci 0000:00:1c.0:   bridge window [io  0x4000-0x4fff]
[    1.221996] pci 0000:00:1c.0:   bridge window [mem 0xc5500000-0xc64fffff]
[    1.222001] pci 0000:00:1c.0:   bridge window [mem 0xc0400000-0xc13fffff 64bit pref]
[    1.222008] pci 0000:00:1c.1: PCI bridge to [bus 0d-12]
[    1.222012] pci 0000:00:1c.1:   bridge window [io  0x3000-0x3fff]
[    1.222018] pci 0000:00:1c.1:   bridge window [mem 0xc4500000-0xc54fffff]
[    1.222022] pci 0000:00:1c.1:   bridge window [mem 0xc1400000-0xc23fffff 64bit pref]
[    1.222030] pci 0000:13:00.0: BAR 6: assigned [mem 0xc2400000-0xc240ffff pref]
[    1.222033] pci 0000:00:1c.2: PCI bridge to [bus 13-18]
[    1.222036] pci 0000:00:1c.2:   bridge window [io  0x2000-0x2fff]
[    1.222042] pci 0000:00:1c.2:   bridge window [mem 0xc3500000-0xc44fffff]
[    1.222047] pci 0000:00:1c.2:   bridge window [mem 0xc2400000-0xc33fffff 64bit pref]
[    1.222054] pci 0000:00:1c.3: PCI bridge to [bus 19-19]
[    1.222060] pci 0000:00:1c.3:   bridge window [mem 0xc3400000-0xc34fffff]
[    1.222081] pci 0000:00:01.0: PCI INT A -> GSI 16 (level, low) -> IRQ 16
[    1.222085] pci 0000:00:01.0: setting latency timer to 64
[    1.222096] pci 0000:00:1c.0: PCI INT A -> GSI 17 (level, low) -> IRQ 17
[    1.222101] pci 0000:00:1c.0: setting latency timer to 64
[    1.222108] pci 0000:00:1c.1: PCI INT B -> GSI 16 (level, low) -> IRQ 16
[    1.222113] pci 0000:00:1c.1: setting latency timer to 64
[    1.222126] pci 0000:00:1c.2: PCI INT C -> GSI 18 (level, low) -> IRQ 18
[    1.222131] pci 0000:00:1c.2: setting latency timer to 64
[    1.222143] pci 0000:00:1c.3: PCI INT D -> GSI 19 (level, low) -> IRQ 19
[    1.222148] pci 0000:00:1c.3: setting latency timer to 64
[    1.222152] pci_bus 0000:00: resource 4 [io  0x0000-0x0cf7]
[    1.222155] pci_bus 0000:00: resource 5 [io  0x0d00-0xffff]
[    1.222157] pci_bus 0000:00: resource 6 [mem 0x000a0000-0x000bffff]
[    1.222159] pci_bus 0000:00: resource 7 [mem 0x9fa00000-0xfeafffff]
[    1.222161] pci_bus 0000:01: resource 0 [io  0x5000-0x5fff]
[    1.222163] pci_bus 0000:01: resource 1 [mem 0xc6500000-0xc74fffff]
[    1.222166] pci_bus 0000:01: resource 2 [mem 0xa0000000-0xafffffff 64bit pref]
[    1.222168] pci_bus 0000:07: resource 0 [io  0x4000-0x4fff]
[    1.222171] pci_bus 0000:07: resource 1 [mem 0xc5500000-0xc64fffff]
[    1.222173] pci_bus 0000:07: resource 2 [mem 0xc0400000-0xc13fffff 64bit pref]
[    1.222175] pci_bus 0000:0d: resource 0 [io  0x3000-0x3fff]
[    1.222177] pci_bus 0000:0d: resource 1 [mem 0xc4500000-0xc54fffff]
[    1.222180] pci_bus 0000:0d: resource 2 [mem 0xc1400000-0xc23fffff 64bit pref]
[    1.222182] pci_bus 0000:13: resource 0 [io  0x2000-0x2fff]
[    1.222184] pci_bus 0000:13: resource 1 [mem 0xc3500000-0xc44fffff]
[    1.222187] pci_bus 0000:13: resource 2 [mem 0xc2400000-0xc33fffff 64bit pref]
[    1.222189] pci_bus 0000:19: resource 1 [mem 0xc3400000-0xc34fffff]
[    1.222220] NET: Registered protocol family 2
[    1.222343] IP route cache hash table entries: 131072 (order: 8, 1048576 bytes)
[    1.223114] TCP established hash table entries: 524288 (order: 11, 8388608 bytes)
[    1.224891] TCP bind hash table entries: 65536 (order: 8, 1048576 bytes)
[    1.225110] TCP: Hash tables configured (established 524288 bind 65536)
[    1.225112] TCP reno registered
[    1.225121] UDP hash table entries: 2048 (order: 4, 65536 bytes)
[    1.225144] UDP-Lite hash table entries: 2048 (order: 4, 65536 bytes)
[    1.225229] NET: Registered protocol family 1
[    1.225244] pci 0000:00:02.0: Boot video device
[    1.225259] pci 0000:00:1a.0: PCI INT A -> GSI 16 (level, low) -> IRQ 16
[    1.228475] Freeing initrd memory: 13920k freed
[    1.238978] pci 0000:00:1a.0: PCI INT A disabled
[    1.239052] pci 0000:00:1d.0: PCI INT A -> GSI 20 (level, low) -> IRQ 20
[    1.254944] pci 0000:00:1d.0: PCI INT A disabled
[    1.255086] pci 0000:19:00.0: PCI INT A -> GSI 19 (level, low) -> IRQ 19
[    1.267490] pci 0000:19:00.0: PCI INT A disabled
[    1.267496] PCI: CLS 64 bytes, default 64
[    1.267498] PCI-DMA: Using software bounce buffering for IO (SWIOTLB)
[    1.267501] Placing 64MB software IO TLB between ffff880098e3c000 - ffff88009ce3c000
[    1.267503] software IO TLB at phys 0x98e3c000 - 0x9ce3c000
[    1.267518] Simple Boot Flag at 0x44 set to 0x1
[    1.268181] audit: initializing netlink socket (disabled)
[    1.268197] type=2000 audit(1372950389.032:1): initialized
[    1.294109] HugeTLB registered 2 MB page size, pre-allocated 0 pages
[    1.295915] VFS: Disk quotas dquot_6.5.2
[    1.295966] Dquot-cache hash table entries: 512 (order 0, 4096 bytes)
[    1.296413] fuse init (API version 7.17)
[    1.296493] msgmni has been set to 7796
[    1.296810] Block layer SCSI generic (bsg) driver version 0.4 loaded (major 253)
[    1.296836] io scheduler noop registered
[    1.296838] io scheduler deadline registered
[    1.296866] io scheduler cfq registered (default)
[    1.296948] pcieport 0000:00:01.0: setting latency timer to 64
[    1.296976] pcieport 0000:00:01.0: irq 40 for MSI/MSI-X
[    1.297215] pci_hotplug: PCI Hot Plug PCI Core version: 0.5
[    1.297232] pciehp: PCI Express Hot Plug Controller Driver version: 0.4
[    1.297277] intel_idle: MWAIT substates: 0x21120
[    1.297279] intel_idle: v0.4 model 0x2A
[    1.297280] intel_idle: lapic_timer_reliable_states 0xffffffff
[    1.298188] ACPI: Deprecated procfs I/F for AC is loaded, please retry with CONFIG_ACPI_PROCFS_POWER cleared
[    1.299170] ACPI: AC Adapter [AC] (on-line)
[    1.299252] input: Lid Switch as /devices/LNXSYSTM:00/LNXSYBUS:00/PNP0A08:00/device:01/PNP0C0D:00/input/input0
[    1.300055] ACPI: Lid Switch [LID]
[    1.300139] input: Power Button as /devices/LNXSYSTM:00/LNXSYBUS:00/PNP0C0C:00/input/input1
[    1.300143] ACPI: Power Button [PWRB]
[    1.300182] input: Power Button as /devices/LNXSYSTM:00/LNXPWRBN:00/input/input2
[    1.300185] ACPI: Power Button [PWRF]
[    1.315709] thermal LNXTHERM:00: registered as thermal_zone0
[    1.315712] ACPI: Thermal Zone [THRM] (60 C)
[    1.315734] ACPI: Deprecated procfs I/F for battery is loaded, please retry with CONFIG_ACPI_PROCFS_POWER cleared
[    1.315741] ACPI: Battery Slot [BAT0] (battery present)
[    1.315761] ERST: Table is not found!
[    1.315763] GHES: HEST is not enabled!
[    1.315824] Serial: 8250/16550 driver, 32 ports, IRQ sharing enabled
[    1.353671] ACPI: Battery Slot [BAT0] (battery present)
[    1.511455] Linux agpgart interface v0.103
[    1.511538] agpgart-intel 0000:00:00.0: Intel Sandybridge Chipset
[    1.511657] agpgart-intel 0000:00:00.0: detected gtt size: 2097152K total, 262144K mappable
[    1.513173] agpgart-intel 0000:00:00.0: detected 32768K stolen memory
[    1.513298] agpgart-intel 0000:00:00.0: AGP aperture is 256M @ 0xb0000000
[    1.514673] brd: module loaded
[    1.515412] loop: module loaded
[    1.515532] ahci 0000:00:1f.2: version 3.0
[    1.515547] ahci 0000:00:1f.2: PCI INT B -> GSI 19 (level, low) -> IRQ 19
[    1.515597] ahci 0000:00:1f.2: irq 41 for MSI/MSI-X
[    1.530871] ahci 0000:00:1f.2: AHCI 0001.0300 32 slots 6 ports 6 Gbps 0x21 impl SATA mode
[    1.530880] ahci 0000:00:1f.2: flags: 64bit ncq sntf pm led clo pio slum part ems apst 
[    1.530890] ahci 0000:00:1f.2: setting latency timer to 64
[    1.539354] scsi0 : ahci
[    1.539428] scsi1 : ahci
[    1.539488] scsi2 : ahci
[    1.539546] scsi3 : ahci
[    1.539608] scsi4 : ahci
[    1.539666] scsi5 : ahci
[    1.539752] ata1: SATA max UDMA/133 abar m2048@0xc7508000 port 0xc7508100 irq 41
[    1.539754] ata2: DUMMY
[    1.539755] ata3: DUMMY
[    1.539756] ata4: DUMMY
[    1.539757] ata5: DUMMY
[    1.539760] ata6: SATA max UDMA/133 abar m2048@0xc7508000 port 0xc7508380 irq 41
[    1.540067] Fixed MDIO Bus: probed
[    1.540084] tun: Universal TUN/TAP device driver, 1.6
[    1.540085] tun: (C) 1999-2004 Max Krasnyansky <maxk@qualcomm.com>
[    1.540135] PPP generic driver version 2.4.2
[    1.540230] ehci_hcd: USB 2.0 'Enhanced' Host Controller (EHCI) Driver
[    1.540245] ehci_hcd 0000:00:1a.0: PCI INT A -> GSI 16 (level, low) -> IRQ 16
[    1.540261] ehci_hcd 0000:00:1a.0: setting latency timer to 64
[    1.540265] ehci_hcd 0000:00:1a.0: EHCI Host Controller
[    1.540306] ehci_hcd 0000:00:1a.0: new USB bus registered, assigned bus number 1
[    1.540333] ehci_hcd 0000:00:1a.0: debug port 2
[    1.544222] ehci_hcd 0000:00:1a.0: cache line size of 64 is not supported
[    1.544238] ehci_hcd 0000:00:1a.0: irq 16, io mem 0xc750a000
[    1.558837] ehci_hcd 0000:00:1a.0: USB 2.0 started, EHCI 1.00
[    1.559025] hub 1-0:1.0: USB hub found
[    1.559030] hub 1-0:1.0: 2 ports detected
[    1.559089] ehci_hcd 0000:00:1d.0: PCI INT A -> GSI 20 (level, low) -> IRQ 20
[    1.559104] ehci_hcd 0000:00:1d.0: setting latency timer to 64
[    1.559107] ehci_hcd 0000:00:1d.0: EHCI Host Controller
[    1.559151] ehci_hcd 0000:00:1d.0: new USB bus registered, assigned bus number 2
[    1.559173] ehci_hcd 0000:00:1d.0: debug port 2
[    1.563045] ehci_hcd 0000:00:1d.0: cache line size of 64 is not supported
[    1.563059] ehci_hcd 0000:00:1d.0: irq 20, io mem 0xc7509000
[    1.578829] ehci_hcd 0000:00:1d.0: USB 2.0 started, EHCI 1.00
[    1.579004] hub 2-0:1.0: USB hub found
[    1.579008] hub 2-0:1.0: 2 ports detected
[    1.579061] ohci_hcd: USB 1.1 'Open' Host Controller (OHCI) Driver
[    1.579071] uhci_hcd: USB Universal Host Controller Interface driver
[    1.579105] xhci_hcd 0000:19:00.0: PCI INT A -> GSI 19 (level, low) -> IRQ 19
[    1.579128] xhci_hcd 0000:19:00.0: setting latency timer to 64
[    1.579134] xhci_hcd 0000:19:00.0: xHCI Host Controller
[    1.579182] xhci_hcd 0000:19:00.0: new USB bus registered, assigned bus number 3
[    1.579472] xhci_hcd 0000:19:00.0: irq 42 for MSI/MSI-X
[    1.579478] xhci_hcd 0000:19:00.0: irq 43 for MSI/MSI-X
[    1.579483] xhci_hcd 0000:19:00.0: irq 44 for MSI/MSI-X
[    1.579489] xhci_hcd 0000:19:00.0: irq 45 for MSI/MSI-X
[    1.579494] xhci_hcd 0000:19:00.0: irq 46 for MSI/MSI-X
[    1.579500] xhci_hcd 0000:19:00.0: irq 47 for MSI/MSI-X
[    1.579505] xhci_hcd 0000:19:00.0: irq 48 for MSI/MSI-X
[    1.579511] xhci_hcd 0000:19:00.0: irq 49 for MSI/MSI-X
[    1.579725] xHCI xhci_add_endpoint called for root hub
[    1.579727] xHCI xhci_check_bandwidth called for root hub
[    1.579751] hub 3-0:1.0: USB hub found
[    1.579759] hub 3-0:1.0: 2 ports detected
[    1.579812] xhci_hcd 0000:19:00.0: xHCI Host Controller
[    1.579854] xhci_hcd 0000:19:00.0: new USB bus registered, assigned bus number 4
[    1.582854] xHCI xhci_add_endpoint called for root hub
[    1.582856] xHCI xhci_check_bandwidth called for root hub
[    1.582880] hub 4-0:1.0: USB hub found
[    1.582890] hub 4-0:1.0: 2 ports detected
[    1.618934] usbcore: registered new interface driver libusual
[    1.618972] i8042: PNP: PS/2 Controller [PNP0303:PS2K,PNP0f13:PS2M] at 0x60,0x64 irq 1,12
[    1.627944] serio: i8042 KBD port at 0x60,0x64 irq 1
[    1.627950] serio: i8042 AUX port at 0x60,0x64 irq 12
[    1.628042] mousedev: PS/2 mouse device common for all mice
[    1.628202] rtc_cmos 00:06: RTC can wake from S4
[    1.628306] rtc_cmos 00:06: rtc core: registered rtc_cmos as rtc0
[    1.628336] rtc0: alarms up to one month, y3k, 242 bytes nvram, hpet irqs
[    1.628406] device-mapper: uevent: version 1.0.3
[    1.628467] device-mapper: ioctl: 4.22.0-ioctl (2011-10-19) initialised: dm-devel@redhat.com
[    1.628703] cpuidle: using governor ladder
[    1.629043] cpuidle: using governor menu
[    1.629045] EFI Variables Facility v0.08 2004-May-17
[    1.629229] TCP cubic registered
[    1.629320] NET: Registered protocol family 10
[    1.629704] NET: Registered protocol family 17
[    1.629708] Registering the dns_resolver key type
[    1.629834] PM: Hibernation image not present or could not be loaded.
[    1.629844] registered taskstats version 1
[    1.633225] input: AT Translated Set 2 keyboard as /devices/platform/i8042/serio0/input/input3
[    1.637650]   Magic number: 5:959:132
[    1.637688] acpi device:07: hash matches
[    1.637772] rtc_cmos 00:06: setting system clock to 2013-07-04 15:06:30 UTC (1372950390)
[    1.639189] BIOS EDD facility v0.16 2004-Jun-25, 0 devices found
[    1.639191] EDD information not available.
[    1.858831] ata6: SATA link up 1.5 Gbps (SStatus 113 SControl 300)
[    1.858874] ata1: SATA link up 3.0 Gbps (SStatus 123 SControl 300)
[    1.859826] ata1.00: ATA-8: TOSHIBA MK6465GSX, GJ002C, max UDMA/100
[    1.859836] ata1.00: 1250263728 sectors, multi 16: LBA48 NCQ (depth 31/32), AA
[    1.860891] ata1.00: configured for UDMA/100
[    1.861195] scsi 0:0:0:0: Direct-Access     ATA      TOSHIBA MK6465GS GJ00 PQ: 0 ANSI: 5
[    1.861399] sd 0:0:0:0: Attached scsi generic sg0 type 0
[    1.861437] sd 0:0:0:0: [sda] 1250263728 512-byte logical blocks: (640 GB/596 GiB)
[    1.861676] sd 0:0:0:0: [sda] Write Protect is off
[    1.861681] sd 0:0:0:0: [sda] Mode Sense: 00 3a 00 00
[    1.861818] sd 0:0:0:0: [sda] Write cache: enabled, read cache: enabled, doesn't support DPO or FUA
[    1.862078] ata6.00: ATAPI: hp      DVD A  DS8A5LH, 1H68, max UDMA/100
[    1.863563] ata6.00: configured for UDMA/100
[    1.867690] scsi 5:0:0:0: CD-ROM            hp       DVD A  DS8A5LH   1H68 PQ: 0 ANSI: 5
[    1.870832] usb 1-1: new high-speed USB device number 2 using ehci_hcd
[    1.873552] sr0: scsi3-mmc drive: 24x/8x writer dvd-ram cd/rw xa/form2 cdda tray
[    1.873563] cdrom: Uniform CD-ROM driver Revision: 3.20
[    1.873806] sr 5:0:0:0: Attached scsi CD-ROM sr0
[    1.873910] sr 5:0:0:0: Attached scsi generic sg1 type 5
[    1.991809]  sda: sda1 sda2 sda3 < sda5 sda6 sda7 sda8 > sda4
[    1.993193] sd 0:0:0:0: [sda] Attached SCSI disk
[    1.994348] Freeing unused kernel memory: 924k freed
[    1.994442] Write protecting the kernel read-only data: 12288k
[    1.998275] Freeing unused kernel memory: 1596k freed
[    2.001230] Freeing unused kernel memory: 1188k freed
[    2.003322] hub 1-1:1.0: USB hub found
[    2.003419] hub 1-1:1.0: 6 ports detected
[    2.015025] udevd[125]: starting version 175
[    2.036375] r8169 Gigabit Ethernet driver 2.3LK-NAPI loaded
[    2.036401] r8169 0000:07:00.0: PCI INT A -> GSI 16 (level, low) -> IRQ 16
[    2.036449] r8169 0000:07:00.0: setting latency timer to 64
[    2.036548] r8169 0000:07:00.0: irq 50 for MSI/MSI-X
[    2.036962] r8169 0000:07:00.0: eth0: RTL8168evl/8111evl at 0xffffc9000067a000, 2c:27:d7:bc:01:19, XID 0c900800 IRQ 50
[    2.036966] r8169 0000:07:00.0: eth0: jumbo features [frames: 9200 bytes, tx checksumming: ko]
[    2.114702] usb 2-1: new high-speed USB device number 2 using ehci_hcd
[    2.255324] hub 2-1:1.0: USB hub found
[    2.255425] hub 2-1:1.0: 6 ports detected
[    2.270619] Refined TSC clocksource calibration: 1995.466 MHz.
[    2.270630] Switching to clocksource tsc
[    2.330669] usb 1-1.1: new full-speed USB device number 3 using ehci_hcd
[    2.498619] usb 1-1.2: new high-speed USB device number 4 using ehci_hcd
[    2.766539] usb 2-1.2: new full-speed USB device number 3 using ehci_hcd
[    2.872250] input: MOSART Semi. 2.4G Keyboard Mouse as /devices/pci0000:00/0000:00:1d.0/usb2/2-1/2-1.2/2-1.2:1.0/input/input4
[    2.872339] generic-usb 0003:062A:4101.0001: input,hidraw0: USB HID v1.10 Keyboard [MOSART Semi. 2.4G Keyboard Mouse] on usb-0000:00:1d.0-1.2/input0
[    2.874150] input: MOSART Semi. 2.4G Keyboard Mouse as /devices/pci0000:00/0000:00:1d.0/usb2/2-1/2-1.2/2-1.2:1.1/input/input5
[    2.874306] generic-usb 0003:062A:4101.0002: input,hiddev0,hidraw1: USB HID v1.10 Mouse [MOSART Semi. 2.4G Keyboard Mouse] on usb-0000:00:1d.0-1.2/input1
[    2.874317] usbcore: registered new interface driver usbhid
[    2.874318] usbhid: USB HID core driver
[    2.942494] usb 2-1.5: new full-speed USB device number 4 using ehci_hcd
[    2.973857] EXT4-fs (sda5): INFO: recovery required on readonly filesystem
[    2.973859] EXT4-fs (sda5): write access will be enabled during recovery
[    5.278070] EXT4-fs (sda5): orphan cleanup on readonly fs
[    5.278078] EXT4-fs (sda5): ext4_orphan_cleanup: deleting unreferenced inode 283727
[    5.278140] EXT4-fs (sda5): ext4_orphan_cleanup: deleting unreferenced inode 2393130
[    5.301348] EXT4-fs (sda5): ext4_orphan_cleanup: deleting unreferenced inode 2375899
[    5.330011] EXT4-fs (sda5): ext4_orphan_cleanup: deleting unreferenced inode 2369928
[    5.345874] EXT4-fs (sda5): ext4_orphan_cleanup: deleting unreferenced inode 2375292
[    5.345996] EXT4-fs (sda5): ext4_orphan_cleanup: deleting unreferenced inode 2369920
[    5.346011] EXT4-fs (sda5): ext4_orphan_cleanup: deleting unreferenced inode 172028
[    5.346023] EXT4-fs (sda5): ext4_orphan_cleanup: deleting unreferenced inode 172026
[    5.346032] EXT4-fs (sda5): ext4_orphan_cleanup: deleting unreferenced inode 172013
[    5.355620] EXT4-fs (sda5): ext4_orphan_cleanup: deleting unreferenced inode 131821
[    5.368122] EXT4-fs (sda5): ext4_orphan_cleanup: deleting unreferenced inode 282963
[    5.368181] EXT4-fs (sda5): ext4_orphan_cleanup: deleting unreferenced inode 282962
[    5.368199] EXT4-fs (sda5): ext4_orphan_cleanup: deleting unreferenced inode 282961
[    5.368230] EXT4-fs (sda5): ext4_orphan_cleanup: deleting unreferenced inode 282960
[    5.368235] EXT4-fs (sda5): ext4_orphan_cleanup: deleting unreferenced inode 282959
[    5.368239] EXT4-fs (sda5): 15 orphan inodes deleted
[    5.368241] EXT4-fs (sda5): recovery complete
[    5.754026] EXT4-fs (sda5): mounted filesystem with ordered data mode. Opts: (null)
[   25.231736] Adding 4123644k swap on /dev/sda6.  Priority:-1 extents:1 across:4123644k 
[   25.305445] ADDRCONF(NETDEV_UP): eth0: link is not ready
[   25.367317] udevd[582]: starting version 175
[   25.472726] lp: driver loaded but no devices found
[   26.351391] EXT4-fs (sda5): re-mounted. Opts: errors=remount-ro
[   26.359494] [drm] Initialized drm 1.1.0 20060810
[   26.391963] Bluetooth: Core ver 2.16
[   26.391982] NET: Registered protocol family 31
[   26.391984] Bluetooth: HCI device and connection manager initialized
[   26.391986] Bluetooth: HCI socket layer initialized
[   26.391988] Bluetooth: L2CAP socket layer initialized
[   26.391994] Bluetooth: SCO socket layer initialized
[   26.425722] rts_pstor: module is from the staging directory, the quality is unknown, you have been warned.
[   26.426696] Initializing Realtek PCIE storage driver...
[   26.426740] rts_pstor 0000:13:00.0: PCI INT A -> GSI 18 (level, low) -> IRQ 18
[   26.427607] Resource length: 0x1000
[   26.427630] Original address: 0xc3500000, remapped address: 0xffffc9000067e000
[   26.427638] pci->irq = 18
[   26.427640] rtsx_acquire_irq: chip->msi_en = 0, pci->irq = 18
[   26.427671] rts_pstor 0000:13:00.0: setting latency timer to 64
[   26.436295] mei: module is from the staging directory, the quality is unknown, you have been warned.
[   26.436622] mei 0000:00:16.0: PCI INT A -> GSI 16 (level, low) -> IRQ 16
[   26.436631] mei 0000:00:16.0: setting latency timer to 64
[   26.436694] mei 0000:00:16.0: irq 51 for MSI/MSI-X
[   26.461508] wmi: Mapper loaded
[   26.614625] Bluetooth: Generic Bluetooth USB driver ver 0.6
[   26.614750] usbcore: registered new interface driver btusb
[   26.631022] scsi6 : SCSI emulation for PCI-Express Mass Storage devices
[   26.631136] rts_pstor: waiting for device to settle before scanning
[   26.651172] cfg80211: Calling CRDA to update world regulatory domain
[   26.654684] cfg80211: World regulatory domain updated:
[   26.654687] cfg80211:     (start_freq - end_freq @ bandwidth), (max_antenna_gain, max_eirp)
[   26.654690] cfg80211:     (2402000 KHz - 2472000 KHz @ 40000 KHz), (300 mBi, 2000 mBm)
[   26.654693] cfg80211:     (2457000 KHz - 2482000 KHz @ 20000 KHz), (300 mBi, 2000 mBm)
[   26.654696] cfg80211:     (2474000 KHz - 2494000 KHz @ 20000 KHz), (300 mBi, 2000 mBm)
[   26.654698] cfg80211:     (5170000 KHz - 5250000 KHz @ 40000 KHz), (300 mBi, 2000 mBm)
[   26.654701] cfg80211:     (5735000 KHz - 5835000 KHz @ 40000 KHz), (300 mBi, 2000 mBm)
[   26.692751] i915 0000:00:02.0: PCI INT A -> GSI 16 (level, low) -> IRQ 16
[   26.692757] i915 0000:00:02.0: setting latency timer to 64
[   26.741514] i915 0000:00:02.0: irq 52 for MSI/MSI-X
[   26.741519] [drm] Supports vblank timestamp caching Rev 1 (10.10.2010).
[   26.741520] [drm] Driver supports precise vblank timestamp query.
[   26.742504] vgaarb: device changed decodes: PCI:0000:00:02.0,olddecodes=io+mem,decodes=none:owns=io+mem
[   26.742507] vgaarb: transferring owner from PCI:0000:00:02.0 to PCI:0000:01:00.0
[   26.742522] input: HP WMI hotkeys as /devices/virtual/input/input6
[   26.774516] [drm] radeon defaulting to kernel modesetting.
[   26.774518] [drm] radeon kernel modesetting enabled.
[   26.774529] VGA switcheroo: detected switching method \_SB_.PCI0.GFX0.ATPX handle
[   26.774562] radeon 0000:01:00.0: enabling device (0000 -> 0003)
[   26.774569] radeon 0000:01:00.0: PCI INT A -> GSI 16 (level, low) -> IRQ 16
[   26.774576] radeon 0000:01:00.0: setting latency timer to 64
[   26.791460] type=1400 audit(1372930615.659:2): apparmor="STATUS" operation="profile_load" name="/sbin/dhclient" pid=1217 comm="apparmor_parser"
[   26.791470] type=1400 audit(1372930615.659:3): apparmor="STATUS" operation="profile_replace" name="/sbin/dhclient" pid=1213 comm="apparmor_parser"
[   26.791811] type=1400 audit(1372930615.659:4): apparmor="STATUS" operation="profile_load" name="/usr/lib/NetworkManager/nm-dhcp-client.action" pid=1217 comm="apparmor_parser"
[   26.791823] type=1400 audit(1372930615.659:5): apparmor="STATUS" operation="profile_replace" name="/usr/lib/NetworkManager/nm-dhcp-client.action" pid=1213 comm="apparmor_parser"
[   26.792014] type=1400 audit(1372930615.659:6): apparmor="STATUS" operation="profile_load" name="/usr/lib/connman/scripts/dhclient-script" pid=1217 comm="apparmor_parser"
[   26.792027] type=1400 audit(1372930615.659:7): apparmor="STATUS" operation="profile_replace" name="/usr/lib/connman/scripts/dhclient-script" pid=1213 comm="apparmor_parser"
[   26.831315] hp_accel: laptop model unknown, using default axes configuration
[   26.859610] Linux video capture interface: v2.00
[   26.876358] uvcvideo: Found UVC 1.00 device HP TrueVision HD (5986:02ac)
[   26.883414] input: HP TrueVision HD as /devices/pci0000:00/0000:00:1a.0/usb1/1-1/1-1.2/1-1.2:1.0/input/input7
[   26.883510] usbcore: registered new interface driver uvcvideo
[   26.883512] USB Video Class driver (1.1.1)
[   27.161303] brcmsmac 0000:0d:00.0: bus 13 slot 0 func 0 irq 3
[   27.161347] brcmsmac 0000:0d:00.0: PCI INT A -> GSI 17 (level, low) -> IRQ 17
[   27.161355] brcmsmac 0000:0d:00.0: setting latency timer to 64
[   27.202932] cfg80211: Updating information on frequency 2412 MHz for a 20 MHz width channel with regulatory rule:
[   27.202935] cfg80211: 2402000 KHz - 2472000 KHz @ 40000 KHz), (300 mBi, 2000 mBm)
[   27.202937] cfg80211: Updating information on frequency 2417 MHz for a 20 MHz width channel with regulatory rule:
[   27.202939] cfg80211: 2402000 KHz - 2472000 KHz @ 40000 KHz), (300 mBi, 2000 mBm)
[   27.202940] cfg80211: Updating information on frequency 2422 MHz for a 20 MHz width channel with regulatory rule:
[   27.202942] cfg80211: 2402000 KHz - 2472000 KHz @ 40000 KHz), (300 mBi, 2000 mBm)
[   27.202944] cfg80211: Updating information on frequency 2427 MHz for a 20 MHz width channel with regulatory rule:
[   27.202946] cfg80211: 2402000 KHz - 2472000 KHz @ 40000 KHz), (300 mBi, 2000 mBm)
[   27.202947] cfg80211: Updating information on frequency 2432 MHz for a 20 MHz width channel with regulatory rule:
[   27.202949] cfg80211: 2402000 KHz - 2472000 KHz @ 40000 KHz), (300 mBi, 2000 mBm)
[   27.202951] cfg80211: Updating information on frequency 2437 MHz for a 20 MHz width channel with regulatory rule:
[   27.202953] cfg80211: 2402000 KHz - 2472000 KHz @ 40000 KHz), (300 mBi, 2000 mBm)
[   27.202954] cfg80211: Updating information on frequency 2442 MHz for a 20 MHz width channel with regulatory rule:
[   27.202957] cfg80211: 2402000 KHz - 2472000 KHz @ 40000 KHz), (300 mBi, 2000 mBm)
[   27.202958] cfg80211: Updating information on frequency 2447 MHz for a 20 MHz width channel with regulatory rule:
[   27.202960] cfg80211: 2402000 KHz - 2472000 KHz @ 40000 KHz), (300 mBi, 2000 mBm)
[   27.202962] cfg80211: Updating information on frequency 2452 MHz for a 20 MHz width channel with regulatory rule:
[   27.202964] cfg80211: 2402000 KHz - 2472000 KHz @ 40000 KHz), (300 mBi, 2000 mBm)
[   27.202965] cfg80211: Updating information on frequency 2457 MHz for a 20 MHz width channel with regulatory rule:
[   27.202967] cfg80211: 2402000 KHz - 2472000 KHz @ 40000 KHz), (300 mBi, 2000 mBm)
[   27.202969] cfg80211: Updating information on frequency 2462 MHz for a 20 MHz width channel with regulatory rule:
[   27.202971] cfg80211: 2402000 KHz - 2472000 KHz @ 40000 KHz), (300 mBi, 2000 mBm)
[   27.202972] cfg80211: Updating information on frequency 2467 MHz for a 20 MHz width channel with regulatory rule:
[   27.202974] cfg80211: 2457000 KHz - 2482000 KHz @ 20000 KHz), (300 mBi, 2000 mBm)
[   27.202976] cfg80211: Updating information on frequency 2472 MHz for a 20 MHz width channel with regulatory rule:
[   27.202978] cfg80211: 2457000 KHz - 2482000 KHz @ 20000 KHz), (300 mBi, 2000 mBm)
[   27.202979] cfg80211: Updating information on frequency 2484 MHz for a 20 MHz width channel with regulatory rule:
[   27.202981] cfg80211: 2474000 KHz - 2494000 KHz @ 20000 KHz), (300 mBi, 2000 mBm)
[   27.251623] fbcon: inteldrmfb (fb0) is primary device
[   27.340838] psmouse serio1: synaptics: Touchpad model: 1, fw: 7.5, id: 0x1e0b1, caps: 0xd00073/0x240000/0xa0400
[   27.385085] input: SynPS/2 Synaptics TouchPad as /devices/platform/i8042/serio1/input/input8
[   27.480765] Console: switching to colour frame buffer device 170x48
[   27.482781] fb0: inteldrmfb frame buffer device
[   27.482782] drm: registered panic notifier
[   27.482929] [Firmware Bug]: ACPI(PEGP) defines _DOD but not _DOS
[   27.556334] input: Video Bus as /devices/LNXSYSTM:00/LNXSYBUS:00/PNP0A08:00/device:2c/LNXVIDEO:00/input/input9
[   27.556383] ACPI: Video Device [PEGP] (multi-head: yes  rom: no  post: no)
[   27.556995] input: Video Bus as /devices/LNXSYSTM:00/LNXSYBUS:00/PNP0A08:00/LNXVIDEO:01/input/input10
[   27.557035] ACPI: Video Device [GFX0] (multi-head: yes  rom: no  post: no)
[   27.557080] [drm] Initialized i915 1.6.0 20080730 for 0000:00:02.0 on minor 0
[   27.557131] snd_hda_intel 0000:00:1b.0: PCI INT A -> GSI 22 (level, low) -> IRQ 22
[   27.557185] snd_hda_intel 0000:00:1b.0: irq 53 for MSI/MSI-X
[   27.557217] snd_hda_intel 0000:00:1b.0: setting latency timer to 64
[   27.557277] [drm] initializing kernel modesetting (TURKS 0x1002:0x6740 0x103C:0x3388).
[   27.557318] [drm] register mmio base: 0xC6500000
[   27.557320] [drm] register mmio size: 131072
[   27.557323] vga_switcheroo: enabled
[   27.557448] radeon atpx: version is 1
[   27.618525] Bluetooth: hci0 command tx timeout
[   27.630687] rts_pstor: device scan complete
[   27.630790] scsi 6:0:0:0: Direct-Access     Generic- xD/SD/M.S.       1.00 PQ: 0 ANSI: 0 CCS
[   27.630850] Bad LUN (0:1)
[   27.630941] Bad target number (1:0)
[   27.631034] Bad target number (2:0)
[   27.631126] Bad target number (3:0)
[   27.631237] Bad target number (4:0)
[   27.631337] Bad target number (5:0)
[   27.631405] Bad target number (6:0)
[   27.631445] Bad target number (7:0)
[   27.631602] sd 6:0:0:0: Attached scsi generic sg2 type 0
[   27.631767] sd 6:0:0:0: [sdb] Attached SCSI removable disk
[   27.967074] ieee80211 phy0: Selected rate control algorithm 'minstrel_ht'
[   27.967651] cfg80211: Calling CRDA for country: US
[   27.970184] cfg80211: Updating information on frequency 2412 MHz for a 20 MHz width channel with regulatory rule:
[   27.970188] cfg80211: 2402000 KHz - 2472000 KHz @ 40000 KHz), (300 mBi, 2700 mBm)
[   27.970190] cfg80211: Updating information on frequency 2417 MHz for a 20 MHz width channel with regulatory rule:
[   27.970192] cfg80211: 2402000 KHz - 2472000 KHz @ 40000 KHz), (300 mBi, 2700 mBm)
[   27.970193] cfg80211: Updating information on frequency 2422 MHz for a 20 MHz width channel with regulatory rule:
[   27.970195] cfg80211: 2402000 KHz - 2472000 KHz @ 40000 KHz), (300 mBi, 2700 mBm)
[   27.970197] cfg80211: Updating information on frequency 2427 MHz for a 20 MHz width channel with regulatory rule:
[   27.970199] cfg80211: 2402000 KHz - 2472000 KHz @ 40000 KHz), (300 mBi, 2700 mBm)
[   27.970201] cfg80211: Updating information on frequency 2432 MHz for a 20 MHz width channel with regulatory rule:
[   27.970203] cfg80211: 2402000 KHz - 2472000 KHz @ 40000 KHz), (300 mBi, 2700 mBm)
[   27.970204] cfg80211: Updating information on frequency 2437 MHz for a 20 MHz width channel with regulatory rule:
[   27.970206] cfg80211: 2402000 KHz - 2472000 KHz @ 40000 KHz), (300 mBi, 2700 mBm)
[   27.970208] cfg80211: Updating information on frequency 2442 MHz for a 20 MHz width channel with regulatory rule:
[   27.970210] cfg80211: 2402000 KHz - 2472000 KHz @ 40000 KHz), (300 mBi, 2700 mBm)
[   27.970211] cfg80211: Updating information on frequency 2447 MHz for a 20 MHz width channel with regulatory rule:
[   27.970213] cfg80211: 2402000 KHz - 2472000 KHz @ 40000 KHz), (300 mBi, 2700 mBm)
[   27.970215] cfg80211: Updating information on frequency 2452 MHz for a 20 MHz width channel with regulatory rule:
[   27.970217] cfg80211: 2402000 KHz - 2472000 KHz @ 40000 KHz), (300 mBi, 2700 mBm)
[   27.970218] cfg80211: Updating information on frequency 2457 MHz for a 20 MHz width channel with regulatory rule:
[   27.970220] cfg80211: 2402000 KHz - 2472000 KHz @ 40000 KHz), (300 mBi, 2700 mBm)
[   27.970222] cfg80211: Updating information on frequency 2462 MHz for a 20 MHz width channel with regulatory rule:
[   27.970224] cfg80211: 2402000 KHz - 2472000 KHz @ 40000 KHz), (300 mBi, 2700 mBm)
[   27.970225] cfg80211: Disabling freq 2467 MHz
[   27.970226] cfg80211: Disabling freq 2472 MHz
[   27.970227] cfg80211: Disabling freq 2484 MHz
[   27.970230] cfg80211: Regulatory domain changed to country: US
[   27.970231] cfg80211:     (start_freq - end_freq @ bandwidth), (max_antenna_gain, max_eirp)
[   27.970233] cfg80211:     (2402000 KHz - 2472000 KHz @ 40000 KHz), (300 mBi, 2700 mBm)
[   27.970235] cfg80211:     (5170000 KHz - 5250000 KHz @ 40000 KHz), (300 mBi, 1700 mBm)
[   27.970237] cfg80211:     (5250000 KHz - 5330000 KHz @ 40000 KHz), (300 mBi, 2000 mBm)
[   27.970238] cfg80211:     (5490000 KHz - 5600000 KHz @ 40000 KHz), (300 mBi, 2000 mBm)
[   27.970240] cfg80211:     (5650000 KHz - 5710000 KHz @ 40000 KHz), (300 mBi, 2000 mBm)
[   27.970242] cfg80211:     (5735000 KHz - 5835000 KHz @ 40000 KHz), (300 mBi, 3000 mBm)
[   28.118720] HDMI status: Codec=3 Pin=5 Presence_Detect=0 ELD_Valid=0
[   28.118788] input: HDA Intel PCH HDMI/DP,pcm=3 as /devices/pci0000:00/0000:00:1b.0/sound/card0/input11
[   28.118914] input: HDA Intel PCH Mic as /devices/pci0000:00/0000:00:1b.0/sound/card0/input12
[   28.118985] input: HDA Intel PCH Front Headphone as /devices/pci0000:00/0000:00:1b.0/sound/card0/input13
[   28.271538] lis3lv02d: 8 bits 3DC sensor found
[   28.944978] init: failsafe main process (1530) killed by TERM signal
[   29.717489] ppdev: user-space parallel port driver
[   29.803622] type=1400 audit(1372930618.671:8): apparmor="STATUS" operation="profile_load" name="/usr/lib/cups/backend/cups-pdf" pid=1600 comm="apparmor_parser"
[   29.803968] type=1400 audit(1372930618.671:9): apparmor="STATUS" operation="profile_load" name="/usr/sbin/cupsd" pid=1600 comm="apparmor_parser"
[   29.805889] input: ST LIS3LV02DL Accelerometer as /devices/platform/lis3lv02d/input/input14
[   29.806052] Registered led device: hp::hddprotect
[   29.806064] hp_accel: driver loaded
[   29.832027] Bluetooth: RFCOMM TTY layer initialized
[   29.832033] Bluetooth: RFCOMM socket layer initialized
[   29.832035] Bluetooth: RFCOMM ver 1.11
[   29.849211] Bluetooth: BNEP (Ethernet Emulation) ver 1.3
[   29.849214] Bluetooth: BNEP filters: protocol multicast
[   30.802511] r8169 0000:07:00.0: eth0: link down
[   30.802782] ADDRCONF(NETDEV_UP): eth0: link is not ready
[   30.803028] ADDRCONF(NETDEV_UP): eth0: link is not ready
[   30.853543] ieee80211 phy0: brcms_ops_config: change monitor mode: false (implement)
[   30.853573] ieee80211 phy0: brcms_ops_config: change power-save mode: false (implement)
[   30.854228] ieee80211 phy0: brcms_ops_bss_info_changed: qos enabled: false (implement)
[   30.854495] ADDRCONF(NETDEV_UP): wlan0: link is not ready
[   30.854967] ADDRCONF(NETDEV_UP): wlan0: link is not ready
[   31.279957] ATOM BIOS: HP/Flex
[   31.279999] radeon 0000:01:00.0: VRAM: 2048M 0x0000000000000000 - 0x000000007FFFFFFF (2048M used)
[   31.280002] radeon 0000:01:00.0: GTT: 512M 0x0000000080000000 - 0x000000009FFFFFFF
[   31.280009] mtrr: no more MTRRs available
[   31.280010] [drm] Detected VRAM RAM=2048M, BAR=256M
[   31.280011] [drm] RAM width 128bits DDR
[   31.280110] [TTM] Zone  kernel: Available graphics memory: 1997834 kiB.
[   31.280112] [TTM] Initializing pool allocator.
[   31.280130] [drm] radeon: 2048M of VRAM memory ready
[   31.280131] [drm] radeon: 512M of GTT memory ready.
[   31.280139] [drm] Supports vblank timestamp caching Rev 1 (10.10.2010).
[   31.280140] [drm] Driver supports precise vblank timestamp query.
[   31.280183] radeon 0000:01:00.0: irq 54 for MSI/MSI-X
[   31.280189] radeon 0000:01:00.0: radeon: using MSI.
[   31.280249] [drm] radeon: irq initialized.
[   31.280252] [drm] GART: num cpu pages 131072, num gpu pages 131072
[   31.280584] [drm] Loading TURKS Microcode
[   31.332705] [drm] PCIE GART of 512M enabled (table at 0x0000000000040000).
[   31.332824] radeon 0000:01:00.0: WB enabled
[   31.349100] [drm] ring test succeeded in 3 usecs
[   31.349165] [drm] radeon: ib pool ready.
[   31.349297] [drm] ib test succeeded in 0 usecs
[   31.349584] [drm] Radeon Display Connectors
[   31.349601] [drm] Internal thermal controller with fan control
[   31.350742] [drm] radeon: power management initialized
[   31.350995] No connectors reported connected with modes
[   31.350998] [drm] Cannot find any crtc or sizes - going 1024x768
[   31.352640] [drm] fb mappable at 0xA0142000
[   31.352641] [drm] vram apper at 0xA0000000
[   31.352642] [drm] size 3145728
[   31.352643] [drm] fb depth is 24
[   31.352644] [drm]    pitch is 4096
[   31.352756] fb1: radeondrmfb frame buffer device
[   31.352762] [drm] Initialized radeon 2.12.0 20080528 for 0000:01:00.0 on minor 1
[   31.723031] type=1400 audit(1372930620.591:10): apparmor="STATUS" operation="profile_replace" name="/sbin/dhclient" pid=1681 comm="apparmor_parser"
[   31.723254] type=1400 audit(1372930620.591:11): apparmor="STATUS" operation="profile_load" name="/usr/sbin/mysqld" pid=1686 comm="apparmor_parser"
[   31.860909] audit_printk_skb: 48 callbacks suppressed
[   31.860912] type=1400 audit(1372930620.727:28): apparmor="STATUS" operation="profile_replace" name="/usr/sbin/mysqld" pid=1786 comm="apparmor_parser"
[   33.012389] wlan0: authenticate with 00:1e:40:84:bc:c5 (try 1)
[   33.014329] wlan0: authenticated
[   33.018072] wlan0: associate with 00:1e:40:84:bc:c5 (try 1)
[   33.022059] wlan0: RX AssocResp from 00:1e:40:84:bc:c5 (capab=0x411 status=0 aid=2)
[   33.022069] wlan0: associated
[   33.022735] ieee80211 phy0: brcms_ops_bss_info_changed: qos enabled: false (implement)
[   33.022738] ieee80211 phy0: brcmsmac: brcms_ops_bss_info_changed: associated
[   33.022741] ieee80211 phy0: changing basic rates failed: -22
[   33.022743] ieee80211 phy0: brcms_ops_bss_info_changed: arp filtering: enabled true, count 0 (implement)
[   33.023000] ADDRCONF(NETDEV_CHANGE): wlan0: link becomes ready
[   33.191247] ieee80211 phy0: brcms_ops_bss_info_changed: arp filtering: enabled true, count 1 (implement)
[   33.951381] [drm:gen6_sanitize_pm] *ERROR* Power management discrepancy: GEN6_RP_INTERRUPT_LIMITS expected 16000000, was 12060000
[   37.317347] xhci_hcd 0000:19:00.0: PME# enabled
[   37.531644] xhci_hcd 0000:19:00.0: PME# disabled
[   37.531678] xhci_hcd 0000:19:00.0: setting latency timer to 64
[   37.650027] radeon: switched off
[   37.767550] init: plymouth-stop pre-start process (2916) terminated with status 1
[   43.133634] wlan0: no IPv6 routers present
[   47.446686] [drm:gen6_sanitize_pm] *ERROR* Power management discrepancy: GEN6_RP_INTERRUPT_LIMITS expected 160d0000, was 16000000
[   59.512544] type=1400 audit(1372930648.394:29): apparmor="DENIED" operation="open" parent=1 profile="/usr/lib/telepathy/mission-control-5" name="/usr/local/share/glib-2.0/schemas/gschemas.compiled" pid=3596 comm="mission-control" requested_mask="r" denied_mask="r" fsuid=1000 ouid=0
```


This is still much better than my Windows boot time, but still, my parallel (though completely fresh) 13.04 installation takes barely 15 seconds to start. 

Any help?

---

### Post by exploder on 2013-07-04
You might try updating your kernel to 3.2.48. My laptop boots pretty quick since updating the kernel. Also, there are newer kernels available. I would not go with a newer kernel if you are using ATI proprietary graphics.

---

