---
title: "1.5TB NTFS WD My Book now shows up as 2TB Unallocated..."
date: 2011-01-17
forum: General Help
---

### Post by drewsus on 2011-01-17
Hello All,
So, I have a 1.5 TB WD My Book that has been working fine since I got it. It has a 250GB WFBS partition and the remaining is NTFS. Worked in Windows, Ubuntu and Mac OS X as well as on my Wii. 
Now, none of my systems recognize it. Tried on two computers under Ubuntu and Windows. Tried on a third with Mac OS X. On one of the first two, tried Mac OS X via VirtualBox. My Wii will not recognize the WBFS either. 
Gparted will not recognize it (whether from a Live CD or full install). Disk Utility in the Mac sees it, but as a 2TB unallocated drive. The same for Disk Management in Windows 7. 
Any help? I need some of the stuff on there, plus I want my 1.5TB back for all other purposes. 

That was Ubuntu 10.10, OS X 10.6.6, Windows 7 and Wii 4.3U. 

[COLOR="Red"]**[edit]**[/COLOR]
*[COLOR="Blue"]So, marked as "Solved" but that is not exactly true. Ultimately, the drive was found to be a bust and I have Western Digital sending me a new one. I learned stuff from this, though. Thats always a plus.[/COLOR]*

Drew

---

### Post by davidmohammed on 2011-01-17
sounds like your hard-drive has died or is in the process of dying...

try using [testdisk]("http://www.cgsecurity.org/wiki/TestDisk") to see if it can recover your partitions and see any data on the disk.

N.B. you can install testdisk from software center - you dont have to compile and install as per that link.

---

### Post by drewsus on 2011-01-17
With test drive I am getting read errors. Might it also be write protected? Thats what a windows partition table program was saying?
Here is an image of testdisk working:
[http://i.imgur.com/0CuTf.png](http://i.imgur.com/0CuTf.png)

---

### Post by davidmohammed on 2011-01-17
what options have you tried?

Did you run through Analyse to find lost partitions?

Have you looked through [this]("http://www.cgsecurity.org/wiki/Data_Recovery_Examples") to see if it can recovery your data?

---

### Post by drewsus on 2011-01-17
I did a full Analyse and it came up with nothing. 
I removed the drive from the encloser and made it an internal drive. Its even worse this way. Its not even picked up in Disk Manager in Windows 7 and Ubuntu either won't boot or takes foooeeevvvverr. 

I haven't tried that recovery method yet. To be honest, Im more upset about the 100$ than whats on the drive...

---

### Post by drewsus on 2011-01-17
Some further info.

I reassembled the hdd into its enclosure and thus I am back to square one. 
Here is a screen shot of a look at the drive (/dev/sdf) in Disk Utility (Ubuntu) along with the error string when I attempt to format the drive:
[IMG]http://i.imgur.com/SFh2m.png[/IMG]
The tail end of the error is cut off so here it is:
```
Error calling fsync(2) on /dev/sdf: Input/output error
```

Furthermore, I think this info may help someone with helping me determine how to move forward:
[SIZE="5"]**sudo fdisk -lu**:[/SIZE]

```
Disk /dev/sda: 500.1 GB, 500107862016 bytes
255 heads, 63 sectors/track, 60801 cylinders, total 976773168 sectors
Units = sectors of 1 * 512 = 512 bytes
Sector size (logical/physical): 512 bytes / 512 bytes
I/O size (minimum/optimal): 512 bytes / 512 bytes
Disk identifier: 0x2db32db3

   Device Boot      Start         End      Blocks   Id  System
/dev/sda1   *        2048    96002047    48000000    7  HPFS/NTFS
/dev/sda2        96004094   976771071   440383489    5  Extended
/dev/sda5        96004096   112003071     7999488   83  Linux
/dev/sda6       968773632   976771071     3998720   82  Linux swap / Solaris
/dev/sda7       112005120   863913983   375954432   83  Linux
/dev/sda8       863916032   968771583    52427776    b  W95 FAT32

Partition table entries are not in disk order

Disk /dev/sdb: 1000.2 GB, 1000204886016 bytes
255 heads, 63 sectors/track, 121601 cylinders, total 1953525168 sectors
Units = sectors of 1 * 512 = 512 bytes
Sector size (logical/physical): 512 bytes / 512 bytes
I/O size (minimum/optimal): 512 bytes / 512 bytes
Disk identifier: 0x2c622c61

   Device Boot      Start         End      Blocks   Id  System
/dev/sdb1              63  1953520064   976760001    7  HPFS/NTFS

Disk /dev/sdc: 500.1 GB, 500107862016 bytes
255 heads, 63 sectors/track, 60801 cylinders, total 976773168 sectors
Units = sectors of 1 * 512 = 512 bytes
Sector size (logical/physical): 512 bytes / 512 bytes
I/O size (minimum/optimal): 512 bytes / 512 bytes
Disk identifier: 0x000e9972

   Device Boot      Start         End      Blocks   Id  System
/dev/sdc1            2048   976773119   488385536    7  HPFS/NTFS

Disk /dev/sdd: 2000.4 GB, 2000398934016 bytes
255 heads, 63 sectors/track, 243201 cylinders, total 3907029168 sectors
Units = sectors of 1 * 512 = 512 bytes
Sector size (logical/physical): 512 bytes / 512 bytes
I/O size (minimum/optimal): 512 bytes / 512 bytes
Disk identifier: 0x000a4d75

   Device Boot      Start         End      Blocks   Id  System
/dev/sdd1            2048  3907028991  1953513472    7  HPFS/NTFS

Disk /dev/sde: 4009 MB, 4009754624 bytes
126 heads, 22 sectors/track, 2825 cylinders, total 7831552 sectors
Units = sectors of 1 * 512 = 512 bytes
Sector size (logical/physical): 512 bytes / 512 bytes
I/O size (minimum/optimal): 512 bytes / 512 bytes
Disk identifier: 0x0002d25e

   Device Boot      Start         End      Blocks   Id  System
/dev/sde1   *        2048     7831551     3914752    b  W95 FAT32
```

[SIZE="5"]**dmesg | tail -20**[/SIZE]
```
[ 2347.348215] sd 9:0:0:0: [sdf] Unhandled sense code
[ 2347.348218] sd 9:0:0:0: [sdf] Result: hostbyte=DID_OK driverbyte=DRIVER_SENSE
[ 2347.348221] sd 9:0:0:0: [sdf] Sense Key : Data Protect [current] 
[ 2347.348226] sd 9:0:0:0: [sdf] Add. Sense: Logical unit access not authorized
[ 2347.348233] sd 9:0:0:0: [sdf] CDB: Read(10): 28 00 ff eb 0f f8 00 00 01 00
[ 2347.348248] end_request: I/O error, dev sdf, sector 4293595128
[ 2347.348252] Buffer I/O error on device sdf, logical block 536699391
[ 2347.349303] sd 9:0:0:0: [sdf] Unhandled sense code
[ 2347.349306] sd 9:0:0:0: [sdf] Result: hostbyte=DID_OK driverbyte=DRIVER_SENSE
[ 2347.349309] sd 9:0:0:0: [sdf] Sense Key : Data Protect [current] 
[ 2347.349313] sd 9:0:0:0: [sdf] Add. Sense: Logical unit access not authorized
[ 2347.349319] sd 9:0:0:0: [sdf] CDB: Read(10): 28 00 00 00 00 00 00 00 20 00
[ 2347.349328] end_request: I/O error, dev sdf, sector 0
[ 2347.349331] Buffer I/O error on device sdf, logical block 0
[ 2347.350301] sd 9:0:0:0: [sdf] Unhandled sense code
[ 2347.350304] sd 9:0:0:0: [sdf] Result: hostbyte=DID_OK driverbyte=DRIVER_SENSE
[ 2347.350307] sd 9:0:0:0: [sdf] Sense Key : Data Protect [current] 
[ 2347.350311] sd 9:0:0:0: [sdf] Add. Sense: Logical unit access not authorized
[ 2347.350316] sd 9:0:0:0: [sdf] CDB: Read(10): 28 00 00 00 00 00 00 00 08 00
[ 2347.350326] end_request: I/O error, dev sdf, sector 0
```

So again, the drive we are interested in is sdf and its supposed to be a 1.5TB but its showing up as a 2.2TB for whatever reason.

---

### Post by davidmohammed on 2011-01-18
re these parts of your trace...

Sense Key : Data Protect [current] 
[ 2347.349313] sd 9:0:0:0: [sdf] Add. Sense: Logical unit access not authorized


Has this drive got an encryption capability? - maybe you need to switch this part off using whatever windows utility that came with the drive.

---

### Post by drewsus on 2011-01-18
You are correct, the drive does have encryption capability. However, I did try the WD software in Win7 and it said it was locked, but when I tried to unlock it it said that it was not responding and that I could opt to format it instead, but that failed too. I am going to try this program called KillDisk in windows and if that fails I will take screen shots of what happens when I try to unlock it with the WD software.

---

### Post by sydbat on 2011-01-18
Has the drive made any unusual noises, specifically before all this started to happen?

From what you have posted, I believe your WD external drive is boned. I hope you made regular backups.

---

### Post by drewsus on 2011-01-18
So, I am convinced that the drive is in fact "boned" as sydbat put it. Tried KillDisk Pro now too and it just stopped at 0x00 and stayed there forever. Just won't read or write. This sucks cuz I can't find my receipt and the drive seems to now be out of warranty (or return) by two days now.

---

### Post by sydbat on 2011-01-18
> **drewsus said:**
> So, I am convinced that the drive is in fact "boned" as sydbat put it. Tried KillDisk Pro now too and it just stopped at 0x00 and stayed there forever. Just won't read or write. This sucks cuz I can't find my receipt and **the drive seems to now be out of warranty (or return) by two days now**.This is how it always happens too. Where did you buy it? If it was from a reputable dealer, they might work a deal for you AND try to get your data back. If it was from a place like Best Buy, sorry.

---

### Post by drewsus on 2011-01-18
You guessed it, its from Best Buy. 
On the upside, what I originally called the 'warranty' was just the Best Buy return/exchange window. 
The actual warranty for the WD drive itself is 2 years and I called them up and there is no problem. I just have to send this one back and they will send the new one. Still, hassles all around, but at least I am not out all of my money. Just all of my data. 
I'd say good on you WD for being so easy going about replacing my HD, but I fear the same will happen with this new one.

---

