---
title: "8.10 upgrade to -&gt; 9.04 RAID 5 Drives not mounting?"
date: 2009-05-04
forum: Installation &amp; Upgrades
---

### Post by bocaj on 2009-05-04
I am a total n00b to linux but I chose ubuntu and im falling in love... ok enough of my dumb stuff here is the problem..

I installed a Rosewell external 5 Bay eSATA device with 5 x 1.5TB ( total of 7.5 TB ) Seagate Drives installed.

Then found this tutorial to set it up:

[http://bfish.xaedalus.net/?p=188](http://bfish.xaedalus.net/?p=188)

I followed this setup when i had 8.10 installed and it worked fine and the drive mounted... now that i upgraded to 9.04 I dont see my RAID 5 setup in my file system :(

SO I go to the command line and here is the output of the following command:

```
root@user-server:~# mdadm -D /dev/md0
mdadm: metadata format 00.90 unknown, ignored.
/dev/md0:
        Version : 00.90
  Creation Time : Tue Apr  7 22:17:22 2009
     Raid Level : raid5
     Array Size : 5860543744 (5589.05 GiB 6001.20 GB)
  Used Dev Size : 1465135936 (1397.26 GiB 1500.30 GB)
   Raid Devices : 5
  Total Devices : 5
Preferred Minor : 0
    Persistence : Superblock is persistent

    Update Time : Mon May  4 14:21:31 2009
          State : clean
 Active Devices : 5
Working Devices : 5
 Failed Devices : 0
  Spare Devices : 0

         Layout : left-symmetric
     Chunk Size : 64K

           UUID : 50bfdfcf:61e9f21e:88967631:12c86729
         Events : 0.8

    Number   Major   Minor   RaidDevice State
       0       8       17        0      active sync   /dev/sdb1
       1       8       33        1      active sync   /dev/sdc1
       2       8       49        2      active sync   /dev/sdd1
       3       8       65        3      active sync   /dev/sde1
       4       8       81        4      active sync   /dev/sdf1
root@user-server:~# 
``````
root@user-server:~# mdadm --detail --scan
mdadm: metadata format 00.90 unknown, ignored.
ARRAY /dev/md0 level=raid5 num-devices=5 metadata=00.90 UUID=50bfdfcf:61e9f21e:88967631:12c86729
``````
root@user-server:~# fdisk -l

Disk /dev/sda: 80.0 GB, 80000000000 bytes
255 heads, 63 sectors/track, 9726 cylinders
Units = cylinders of 16065 * 512 = 8225280 bytes
Disk identifier: 0x00000080

   Device Boot      Start         End      Blocks   Id  System
/dev/sda1   *           1        9324    74894998+  83  Linux
/dev/sda2            9325        9726     3229065    5  Extended
/dev/sda5            9325        9726     3229033+  82  Linux swap / Solaris

Disk /dev/sdb: 1500.3 GB, 1500301910016 bytes
255 heads, 63 sectors/track, 182401 cylinders
Units = cylinders of 16065 * 512 = 8225280 bytes
Disk identifier: 0x00021c72

   Device Boot      Start         End      Blocks   Id  System
/dev/sdb1               1      182401  1465136001   fd  Linux raid autodetect

Disk /dev/sdc: 1500.3 GB, 1500301910016 bytes
255 heads, 63 sectors/track, 182401 cylinders
Units = cylinders of 16065 * 512 = 8225280 bytes
Disk identifier: 0x000328b9

   Device Boot      Start         End      Blocks   Id  System
/dev/sdc1               1      182401  1465136001   fd  Linux raid autodetect

Disk /dev/sdd: 1500.3 GB, 1500301910016 bytes
255 heads, 63 sectors/track, 182401 cylinders
Units = cylinders of 16065 * 512 = 8225280 bytes
Disk identifier: 0x0001ca86

   Device Boot      Start         End      Blocks   Id  System
/dev/sdd1               1      182401  1465136001   fd  Linux raid autodetect

Disk /dev/sde: 1500.3 GB, 1500301910016 bytes
255 heads, 63 sectors/track, 182401 cylinders
Units = cylinders of 16065 * 512 = 8225280 bytes
Disk identifier: 0x000082cc

   Device Boot      Start         End      Blocks   Id  System
/dev/sde1               1      182401  1465136001   fd  Linux raid autodetect

Disk /dev/sdf: 1500.3 GB, 1500301910016 bytes
255 heads, 63 sectors/track, 182401 cylinders
Units = cylinders of 16065 * 512 = 8225280 bytes
Disk identifier: 0x0000c0a7

   Device Boot      Start         End      Blocks   Id  System
/dev/sdf1               1      182401  1465136001   fd  Linux raid autodetect

Disk /dev/md0: 6001.1 GB, 6001196793856 bytes
2 heads, 4 sectors/track, 1465135936 cylinders
Units = cylinders of 8 * 512 = 4096 bytes
Disk identifier: 0x00000000

Disk /dev/md0 doesn't contain a valid partition table

Disk /dev/sdg: 1000.2 GB, 1000204886016 bytes
255 heads, 63 sectors/track, 121601 cylinders
Units = cylinders of 16065 * 512 = 8225280 bytes
Disk identifier: 0x00011d2a

   Device Boot      Start         End      Blocks   Id  System
/dev/sdg1               1      121601   976760001   83  Linux

Disk /dev/sdh: 1000.2 GB, 1000204886016 bytes
255 heads, 63 sectors/track, 121601 cylinders
Units = cylinders of 16065 * 512 = 8225280 bytes
Disk identifier: 0x00050447

   Device Boot      Start         End      Blocks   Id  System
/dev/sdh1               1      121601   976760001   83  Linux
```Here is the mdadm.conf file contents ( i already ran "mdadm --examine --scan --config=mdadm.conf >> /etc/mdadm/mdadm.conf" )

DEVICE partitions
ARRAY /dev/md0 level=raid5 num-devices=5 metadata=00.90 UUID=50bfdfcf:61e9f21e:88967631:12c86729
MAILADDR root
ARRAY /dev/md0 level=raid5 num-devices=5 UUID=50bfdfcf:61e9f21e:88967631:12c86729


Here is the contents of my fstab file

```
# /etc/fstab: static file system information.
#
# <file system> <mount point>   <type>  <options>       <dump>  <pass>
proc            /proc           proc    defaults        0       0
# /dev/sda1
UUID=2a114ef3-280b-4159-bac3-416fe98ec789 /               ext3    relatime,errors=remount-ro 0       1
# /dev/sda5
UUID=07350138-4f36-4680-badd-80d5c6081e85 none            swap    sw              0       0
/dev/scd0       /media/cdrom0   udf,iso9660 user,noauto,exec,utf8 0       0

```SOO im sure its something VERY simple im missing.. can anyone help my n00b self?

Also should i upgrade my ext3 file system to ext4 on this drive or leave it be?

THANKS!

---

