---
title: "NTFS drives mount problem"
date: 2007-03-28
forum: Installation &amp; Upgrades
---

### Post by pradeepadapa on 2007-03-28
[SIZE="2"]hello guys, i hav been using ubuntu for many days nd tough i didnt hav any problems with ubuntu detecting my windows drives and auto mounting the windows drives of NTFS format in read mode, but recently i hav downloaded nd installed ntfs-3g driver to enable write mode to my windows drives, but unfortunately after restart i get to see only 1 windows drive mounted out of 4 windows NTFS drives[/SIZE]

[SIZE="2"]my #fdisk -l output is ---------------
Disk /dev/hdc: 80.0 GB, 80026361856 bytes
255 heads, 63 sectors/track, 9729 cylinders
Units = cylinders of 16065 * 512 = 8225280 bytes

   Device Boot      Start         End      Blocks   Id  System
/dev/hdc1   *           1        1275    10241406    7  HPFS/NTFS
/dev/hdc2            1276        9728    67898722+   f  W95 Ext'd (LBA)
/dev/hdc5            2551        5100    20482843+   7  HPFS/NTFS
/dev/hdc6            1276        2366     8763394+  83  Linux
/dev/hdc7            2367        2550     1477948+  82  Linux swap / Solaris
/dev/hdc8            5101        7650    20482843+   7  HPFS/NTFS
/dev/hdc9            7651        9728    16691503+   7  HPFS/NTFS

and my /etc/fstab file is --------

# /etc/fstab: static file system information.
#
# <file system> <mount point>   <type>  <options>       <dump>  <pass>
proc            /proc           proc    defaults        0       0
# /dev/hdc9
UUID=d8703657-e087-46a3-9e59-bb4b4438f419 /               ext3    defaults,errors=remount-ro 0       1
# /dev/hdc1
# /dev/hdc5
# /dev/hdc6
# /dev/hdc7
# /dev/hdc8
UUID=7376b3c4-81be-4cff-baa5-22752ebcfe44 none            swap    sw              0       0
/dev/hdb        /media/cdrom0   udf,iso9660 user,noauto     0       0
/dev/           /media/floppy0  auto    rw,user,noauto  0       0
# Generated by Automatix
/dev/hdc1   /media/hdc1   ntfs-3g  defaults,locale=en_US.utf8    0    0
/dev/hdc5   /media/hdc5   ntfs-3g  defaults,locale=en_US.utf8    0    0
/dev/hdc8   /media/hdc8   ntfs-3g  defaults,locale=en_US.utf8    0    0
/dev/hdc9   /media/hdc9   ntfs-3g  defaults,locale=en_US.utf8    0    0
## End of Automatix mounted partitions

[/SIZE]

[SIZE="4"]plse anyone help me to onceagain mount all my windows drives automatically at startup...[/SIZE]

---

### Post by dannyboy79 on 2007-03-28
well did you create all those folders within your /media/ folder? can you please post the output of 

dmesg | tail

also, I think your floppy entry in your fstab is wrong. doesn't it need to be /dev/fd0 instead of just /dev/?

---

### Post by pradeepadapa on 2007-03-28
the output of dmesg | tail is

[17180755.256000] end_request: I/O error, dev fd0, sector 0
[17180755.308000] end_request: I/O error, dev fd0, sector 0
[17180755.336000] end_request: I/O error, dev fd0, sector 0
[17180755.460000] SGI XFS with ACLs, security attributes, realtime, large block numbers, no debug enabled
[17180755.460000] SGI XFS Quota Management subsystem
[17180755.488000] end_request: I/O error, dev fd0, sector 0
[17180755.516000] end_request: I/O error, dev fd0, sector 0
[17180755.548000] JFS: nTxBlock = 6045, nTxLock = 48366
[17180755.584000] end_request: I/O error, dev fd0, sector 0
[17180755.612000] end_request: I/O error, dev fd0, sector 0

if the entry in fstab is wrong , hw can i correct it,

---

### Post by pradeepadapa on 2007-03-28
[SIZE="4"]hey guys can anyone **PLEASE HELP ME**[/SIZE]

---

### Post by dannyboy79 on 2007-03-28
Ok, relax!! I have already informed you how to fix the floppy entry which will make those errors go away from your dmesg log file. Now if you would've answered my question I wouldn't have to ask it a second time! I asked, "did you create all those folders within your /media/ folder?" So, now I'll simply ask to please show me the output from this command:

ls -la /media/ | grep hd

then I can help. Also, don't scream at people for help. If people know the solution they will share it with you but if they don't then they can't help you. So just relax and have some patience.

---

### Post by pradeepadapa on 2007-03-28
the output of ls -la /media/ | grep d is ----------

drwxrwxrwx  1 root root 16384 2007-03-28 23:35 hdc1
drwxrwxrwx  1 root root 16384 2007-03-28 23:35 hdc5
drwxr-xr-x  2 root root  4096 2007-03-09 00:04 hdc6
drwxr-xr-x  2 root root  4096 2007-03-09 00:04 hdc7
drwxrwxrwx  1 root root 24576 2007-03-28 23:35 hdc8
drwxrwxrwx  1 root root 28672 2007-03-28 23:35 hdc9

nd the things which i hav in /media are ------

cdrom  cdrom0  floppy  floppy0  hdc1  hdc5  hdc6  hdc7  hdc8  hdc9

so what now???????

---

### Post by pradeepadapa on 2007-03-28
[SIZE="4"]guys, miraculously my problem has been solved, i didnt do anything i just tried to update the ntfs drivers though i got an message that my drivers were the latest nd then i did an sudo aptitude update and restarted my system , and nw i m able to see all my windows NTFS drives....    
anyway THANX GUYS for ur help...[/SIZE]  :) :guitar: :lolflag:

---

### Post by dannyboy79 on 2007-03-28
the guide for setting up ntfs-3g as well as automatix's website clearly states that you need to shutdown after installing this. obviously you didn't until now. glad you got it working.

---

