---
title: "6.10 &gt; 7.04 Am I screwed?"
date: 2007-04-19
forum: Installation &amp; Upgrades
---

### Post by grunge09 on 2007-04-19
I started off with 6.10 64 bit.    It had easyubuntu. UT2004 & stream tuner installed pretty basic.  I did install beryl, and setup a boot session os that beryl could load if I wanted it to (not with AIGX the other one).

It was a normal non beryl session boot.  I ran "sudo apt-get dist-upgrade -d" in terminal.   Then ran update manager from the pull down menu, and let it start downloading the 1100+ pkgs.  it did that after like 6 hours, then was installing the new packages, a couple of windows came up along the way asking me if I wanted to replace files, and I said yes.  Then it got to a screen that said "Canocal  Ltd no longer provides support for the following files....and there was a lit of them"  That is where my system hung.  My mouse would move around, but I could not click on anything.    

I waited patiently for like 25 minutes, zero HDD light during that time.  I pressed CTRL-ALT-DEL to restart X, and it came up, and then had a new icon on the top bar for restricted drivers.   I clicked on that and it said ATI Driver, and HAL.  Would not let me do anything except close the window.  Then the menus re-appeared.  And it asked me to restart, which I let it do, then on the reboot it starts grub, then on the bottom it says something about 

KERNEL ACTIVE MAPPING 100000000  something something and goes to a black screen, I waited 5 minutes, nothing.

I rebooted and selected every other kernel in the list one at a time, and still goes to black screen but no KERNEL ACTIVE message.

AM I SCREWED???

Update 1:
I found that I can goto the newwest Kernel into recovery mode, and it will boot into the GUI / Desktop, and I can use the computer.   If I reboot I get the KERNEL ACTIVE message and nothing after that.  

Update 2: I go thru recovery mode and into the X GUI, and goto restricted Modles manager and disabled ATI and it looks like it uninstalled it.  I removed easyubuntu, and evolution mail ( I like thunderbird myself), and rebooted and still won't normal boot the new kernel, only goes up in recovery mode.  

Update 3: I am showing some screens in the hopes someone has an answer, looks like I am not  alone in this issue.

 sudo fdisk -l
Password: ***********

Disk /dev/sda: 250.0 GB, 250059350016 bytes
255 heads, 63 sectors/track, 30401 cylinders
Units = cylinders of 16065 * 512 = 8225280 bytes

   Device Boot      Start         End      Blocks   Id  System
/dev/sda1   *           1       30027   241191846   83  Linux
/dev/sda2           30028       30401     3004155    5  Extended
/dev/sda5           30028       30401     3004123+  82  Linux swap / Solaris

dcs@kruizer:~$ dmesg
[    0.000000] Linux version 2.6.20-15-generic (root@yellow) (gcc version 4.1.2 (Ubuntu 4.1.2-0ubuntu4)) #2 SMP Sun Apr 15 06:17:24 UTC 2007 (Ubuntu 2.6.20-15.27-generic)
[    0.000000] Command line: root=UUID=5d903237-172a-4dc6-acef-8cc80702ebb3 ro single
[    0.000000] BIOS-provided physical RAM map:
[    0.000000]  BIOS-e820: 0000000000000000 - 000000000009f800 (usable)
[    0.000000]  BIOS-e820: 000000000009f800 - 00000000000a0000 (reserved)
[    0.000000]  BIOS-e820: 00000000000f0000 - 0000000000100000 (reserved)
[    0.000000]  BIOS-e820: 0000000000100000 - 000000003fee0000 (usable)
[    0.000000]  BIOS-e820: 000000003fee0000 - 000000003fee3000 (ACPI NVS)
[    0.000000]  BIOS-e820: 000000003fee3000 - 000000003fef0000 (ACPI data)
[    0.000000]  BIOS-e820: 000000003fef0000 - 000000003ff00000 (reserved)
[    0.000000]  BIOS-e820: 00000000e0000000 - 00000000f0000000 (reserved)
[    0.000000]  BIOS-e820: 00000000fec00000 - 00000000fec01000 (reserved)
[    0.000000]  BIOS-e820: 00000000fee00000 - 00000000fef00000 (reserved)
[    0.000000]  BIOS-e820: 00000000fefffc00 - 00000000ff000000 (reserved)
[    0.000000]  BIOS-e820: 00000000ffff0000 - 0000000100000000 (reserved)
[    0.000000] Entering add_active_range(0, 0, 159) 0 entries of 3200 used
[    0.000000] Entering add_active_range(0, 256, 261856) 1 entries of 3200 used
[    0.000000] end_pfn_map = 1048576
[    0.000000] DMI 2.2 present.
[    0.000000] ACPI: RSDP (v000 Nvidia                                ) @ 0x00000000000f7590
[    0.000000] ACPI: RSDT (v001 Nvidia AWRDACPI 0x42302e31 AWRD 0x00000000) @ 0x000000003fee3040
[    0.000000] ACPI: FADT (v001 Nvidia AWRDACPI 0x42302e31 AWRD 0x00000000) @ 0x000000003fee30c0
[    0.000000] ACPI: MCFG (v001 Nvidia AWRDACPI 0x42302e31 AWRD 0x00000000) @ 0x000000003fee9700
[    0.000000] ACPI: MADT (v001 Nvidia AWRDACPI 0x42302e31 AWRD 0x00000000) @ 0x000000003fee9640
[    0.000000] ACPI: DSDT (v001 NVIDIA AWRDACPI 0x00001000 MSFT 0x0100000e) @ 0x0000000000000000
[    0.000000] Scanning NUMA topology in Northbridge 24
[    0.000000] Number of nodes 1
[    0.000000] Node 0 MemBase 0000000000000000 Limit 000000003fee0000
[    0.000000] Entering add_active_range(0, 0, 159) 0 entries of 3200 used
[    0.000000] Entering add_active_range(0, 256, 261856) 1 entries of 3200 used
[    0.000000] NUMA: Using 63 for the hash shift.
[    0.000000] Using node hash shift of 63
[    0.000000] Bootmem setup node 0 0000000000000000-000000003fee0000
[    0.000000] Zone PFN ranges:
[    0.000000]   DMA             0 ->     4096
[    0.000000]   DMA32        4096 ->  1048576
[    0.000000]   Normal    1048576 ->  1048576
[    0.000000] early_node_map[2] active PFN ranges
[    0.000000]     0:        0 ->      159
[    0.000000]     0:      256 ->   261856
[    0.000000] On node 0 totalpages: 261759
[    0.000000]   DMA zone: 56 pages used for memmap
[    0.000000]   DMA zone: 1085 pages reserved
[    0.000000]   DMA zone: 2858 pages, LIFO batch:0
[    0.000000]   DMA32 zone: 3524 pages used for memmap
[    0.000000]   DMA32 zone: 254236 pages, LIFO batch:31
[    0.000000]   Normal zone: 0 pages used for memmap
[    0.000000] Nvidia board detected. Ignoring ACPI timer override.
[    0.000000] If you got timer trouble try acpi_use_timer_override
[    0.000000] ACPI: PM-Timer IO Port: 0x4008
[    0.000000] ACPI: Local APIC address 0xfee00000
[    0.000000] ACPI: LAPIC (acpi_id[0x00] lapic_id[0x00] enabled)
[    0.000000] Processor #0 (Bootup-CPU)
[    0.000000] ACPI: LAPIC_NMI (acpi_id[0x00] high edge lint[0x1])
[    0.000000] ACPI: IOAPIC (id[0x02] address[0xfec00000] gsi_base[0])
[    0.000000] IOAPIC[0]: apic_id 2, address 0xfec00000, GSI 0-23
[    0.000000] ACPI: INT_SRC_OVR (bus 0 bus_irq 0 global_irq 2 dfl dfl)
[    0.000000] ACPI: BIOS IRQ0 pin2 override ignored.
[    0.000000] ACPI: INT_SRC_OVR (bus 0 bus_irq 9 global_irq 9 high level)
[    0.000000] ACPI: INT_SRC_OVR (bus 0 bus_irq 14 global_irq 14 high edge)
[    0.000000] ACPI: INT_SRC_OVR (bus 0 bus_irq 15 global_irq 15 high edge)
[    0.000000] ACPI: IRQ9 used by override.
[    0.000000] ACPI: IRQ14 used by override.
[    0.000000] ACPI: IRQ15 used by override.
[    0.000000] Setting APIC routing to physical flat
[    0.000000] Using ACPI (MADT) for SMP configuration information
[    0.000000] Nosave address range: 000000000009f000 - 00000000000a0000
[    0.000000] Nosave address range: 00000000000a0000 - 00000000000f0000
[    0.000000] Nosave address range: 00000000000f0000 - 0000000000100000
[    0.000000] Allocating PCI resources starting at 40000000 (gap: 3ff00000:a0100000)
[    0.000000] SMP: Allowing 1 CPUs, 0 hotplug CPUs
[    0.000000] PERCPU: Allocating 34048 bytes of per cpu data
[    0.000000] Built 1 zonelists.  Total pages: 257094
[    0.000000] Kernel command line: root=UUID=5d903237-172a-4dc6-acef-8cc80702ebb3 ro single
[    0.000000] Initializing CPU#0
[    0.000000] PID hash table entries: 4096 (order: 12, 32768 bytes)
[   20.075252] Console: colour VGA+ 80x25
[   20.077044] Dentry cache hash table entries: 131072 (order: 8, 1048576 bytes)
[   20.077471] Inode-cache hash table entries: 65536 (order: 7, 524288 bytes)
[   20.077580] Checking aperture...
[   20.077605] CPU 0: aperture @ 2192000000 size 32 MB
[   20.077629] Aperture too small (32 MB)
[   20.082552] No AGP bridge found
[   20.090391] Memory: 1018528k/1047424k available (2217k kernel code, 28508k reserved, 1162k data, 304k init)
[   20.168385] Calibrating delay using timer specific routine.. 4827.66 BogoMIPS (lpj=9655327)
[   20.168475] Security Framework v1.0.0 initialized
[   20.168502] SELinux:  Disabled at boot.
[   20.168544] Mount-cache hash table entries: 256
[   20.168681] CPU: L1 I Cache: 64K (64 bytes/line), D cache 64K (64 bytes/line)
[   20.168707] CPU: L2 Cache: 1024K (64 bytes/line)
[   20.168731] CPU 0/0 -> Node 0
[   20.168768] SMP alternatives: switching to UP code
[   20.168944] Freeing SMP alternatives: 24k freed
[   20.169050] Early unpacking initramfs... done
[   20.468538] ACPI: Core revision 20060707
[   20.470814] ACPI: Looking for DSDT in initramfs... file /DSDT.aml not found, using machine DSDT.
[   20.514866] Using local APIC timer interrupts.
[   20.556301] result 12564426
[   20.556325] Detected 12.564 MHz APIC timer.
[   20.559989] Brought up 1 CPUs
[   20.560052] time.c: Using 3.579545 MHz WALL PM GTOD PIT/TSC timer.
[   20.560077] time.c: Detected 2412.367 MHz processor.
[   20.560304] Time: 14:59:06  Date: 03/20/107
[   20.560353] NET: Registered protocol family 16
[   20.560431] ACPI: bus type pci registered
[   20.560458] PCI: Using configuration type 1
[   20.566143] ACPI: Interpreter enabled
[   20.566167] ACPI: Using IOAPIC for interrupt routing
[   20.566619] ACPI: PCI Root Bridge [PCI0] (0000:00)
[   20.566644] PCI: Probing PCI hardware (bus 00)
[   20.568565] PCI: Transparent bridge - 0000:00:09.0
[   20.568763] Boot video device is 0000:05:00.0
[   20.568840] ACPI: PCI Interrupt Routing Table [\_SB_.PCI0._PRT]
[   20.632198] ACPI: PCI Interrupt Routing Table [\_SB_.PCI0.HUB0._PRT]
[   20.633801] ACPI: PCI Interrupt Link [LNK1] (IRQs *3 4 5 7 9 10 11 12 14 15)
[   20.634323] ACPI: PCI Interrupt Link [LNK2] (IRQs 3 4 *5 7 9 10 11 12 14 15)
[   20.634842] ACPI: PCI Interrupt Link [LNK3] (IRQs 3 4 5 7 9 10 *11 12 14 15)
[   20.635361] ACPI: PCI Interrupt Link [LNK4] (IRQs *3 4 5 7 9 10 11 12 14 15)
[   20.635885] ACPI: PCI Interrupt Link [LNK5] (IRQs 3 4 5 7 9 10 11 12 14 15) *0, disabled.
[   20.636448] ACPI: PCI Interrupt Link [LUBA] (IRQs 3 4 5 7 9 *10 11 12 14 15)
[   20.636969] ACPI: PCI Interrupt Link [LUBB] (IRQs 3 4 5 7 9 10 11 12 14 15) *0, disabled.
[   20.637529] ACPI: PCI Interrupt Link [LMAC] (IRQs 3 4 *5 7 9 10 11 12 14 15)
[   20.638049] ACPI: PCI Interrupt Link [LACI] (IRQs 3 4 5 7 9 *10 11 12 14 15)
[   20.638570] ACPI: PCI Interrupt Link [LMCI] (IRQs 3 4 5 7 9 10 11 12 14 15) *0, disabled.
[   20.639131] ACPI: PCI Interrupt Link [LSMB] (IRQs 3 4 *5 7 9 10 11 12 14 15)
[   20.639653] ACPI: PCI Interrupt Link [LUB2] (IRQs 3 4 5 7 9 10 *11 12 14 15)
[   20.640179] ACPI: PCI Interrupt Link [LIDE] (IRQs 3 4 5 7 9 10 11 12 14 15) *0, disabled.
[   20.640747] ACPI: PCI Interrupt Link [LSID] (IRQs 3 4 5 7 9 10 *11 12 14 15)
[   20.641276] ACPI: PCI Interrupt Link [LFID] (IRQs 3 4 5 7 9 *10 11 12 14 15)
[   20.641805] ACPI: PCI Interrupt Link [LPCA] (IRQs 3 4 5 7 9 10 11 12 14 15) *0, disabled.
[   20.642402] ACPI: PCI Interrupt Link [APC1] (IRQs 16) *0, disabled.
[   20.642820] ACPI: PCI Interrupt Link [APC2] (IRQs 17) *0, disabled.
[   20.643238] ACPI: PCI Interrupt Link [APC3] (IRQs 18) *0, disabled.
[   20.643659] ACPI: PCI Interrupt Link [APC4] (IRQs 19) *0, disabled.
[   20.644008] ACPI: PCI Interrupt Link [APC5] (IRQs *16), disabled.
[   20.644421] ACPI: PCI Interrupt Link [APCF] (IRQs 20 21 22 23) *0, disabled.
[   20.644908] ACPI: PCI Interrupt Link [APCG] (IRQs 20 21 22 23) *0, disabled.
[   20.645396] ACPI: PCI Interrupt Link [APCH] (IRQs 20 21 22 23) *0, disabled.
[   20.645882] ACPI: PCI Interrupt Link [APCJ] (IRQs 20 21 22 23) *0, disabled.
[   20.646370] ACPI: PCI Interrupt Link [APCK] (IRQs 20 21 22 23) *0, disabled.
[   20.646858] ACPI: PCI Interrupt Link [APCS] (IRQs 20 21 22 23) *0, disabled.
[   20.647345] ACPI: PCI Interrupt Link [APCL] (IRQs 20 21 22 23) *0, disabled.
[   20.647832] ACPI: PCI Interrupt Link [APCZ] (IRQs 20 21 22 23) *0, disabled.
[   20.648341] ACPI: PCI Interrupt Link [APSI] (IRQs 20 21 22 23) *0, disabled.
[   20.648837] ACPI: PCI Interrupt Link [APSJ] (IRQs 20 21 22 23) *0, disabled.
[   20.649330] ACPI: PCI Interrupt Link [APCP] (IRQs 20 21 22 23) *0, disabled.
[   20.651924] Linux Plug and Play Support v0.97 (c) Adam Belay
[   20.651954] pnp: PnP ACPI init
[   20.657687] pnp: PnP ACPI: found 14 devices
[   20.657746] PCI: Using ACPI for IRQ routing
[   20.657772] PCI: If a device doesn't work, try "pci=routeirq".  If it helps, post a report
[   20.657853] NET: Registered protocol family 8
[   20.657877] NET: Registered protocol family 20
[   20.658247] pnp: 00:00: ioport range 0x4000-0x407f could not be reserved
[   20.658273] pnp: 00:00: ioport range 0x4080-0x40ff has been reserved
[   20.658298] pnp: 00:00: ioport range 0x4400-0x447f has been reserved
[   20.658323] pnp: 00:00: ioport range 0x4480-0x44ff could not be reserved
[   20.658348] pnp: 00:00: ioport range 0x4800-0x487f has been reserved
[   20.658373] pnp: 00:00: ioport range 0x4880-0x48ff has been reserved
[   20.658590] PCI: Bridge: 0000:00:09.0
[   20.658614]   IO window: 9000-afff
[   20.658639]   MEM window: fe900000-fe9fffff
[   20.658664]   PREFETCH window: fea00000-feafffff
[   20.658688] PCI: Bridge: 0000:00:0b.0
[   20.658712]   IO window: 8000-8fff
[   20.658737]   MEM window: fe800000-fe8fffff
[   20.658761]   PREFETCH window: fe700000-fe7fffff
[   20.658786] PCI: Bridge: 0000:00:0c.0
[   20.658810]   IO window: 7000-7fff
[   20.658834]   MEM window: fe600000-fe6fffff
[   20.658859]   PREFETCH window: fe500000-fe5fffff
[   20.658883] PCI: Bridge: 0000:00:0d.0
[   20.658907]   IO window: 6000-6fff
[   20.658931]   MEM window: fe400000-fe4fffff
[   20.658956]   PREFETCH window: fe300000-fe3fffff
[   20.658981] PCI: Bridge: 0000:00:0e.0
[   20.659005]   IO window: 5000-5fff
[   20.659030]   MEM window: fe200000-fe2fffff
[   20.659054]   PREFETCH window: d0000000-dfffffff
[   20.659082] PCI: Setting latency timer of device 0000:00:09.0 to 64
[   20.659088] PCI: Setting latency timer of device 0000:00:0b.0 to 64
[   20.659092] PCI: Setting latency timer of device 0000:00:0c.0 to 64
[   20.659097] PCI: Setting latency timer of device 0000:00:0d.0 to 64
[   20.659101] PCI: Setting latency timer of device 0000:00:0e.0 to 64
[   20.659129] NET: Registered protocol family 2
[   20.695867] IP route cache hash table entries: 32768 (order: 6, 262144 bytes)
[   20.696094] TCP established hash table entries: 131072 (order: 9, 2097152 bytes)
[   20.697106] TCP bind hash table entries: 65536 (order: 8, 1048576 bytes)
[   20.697595] TCP: Hash tables configured (established 131072 bind 65536)
[   20.697620] TCP reno registered
[   20.707898] checking if image is initramfs... it is
[   21.267891] Freeing initrd memory: 8180k freed
[   21.272369] audit: initializing netlink socket (disabled)
[   21.272403] audit(1177081147.164:1): initialized
[   21.272527] VFS: Disk quotas dquot_6.5.1
[   21.272562] Dquot-cache hash table entries: 512 (order 0, 4096 bytes)
[   21.272619] io scheduler noop registered
[   21.272662] io scheduler anticipatory registered
[   21.272705] io scheduler deadline registered
[   21.272756] io scheduler cfq registered (default)
[   21.291148] PCI: Found disabled HT MSI Mapping on 0000:00:0b.0
[   21.291178] PCI: Found enabled HT MSI Mapping on 0000:00:00.0
[   21.291205] PCI: Found disabled HT MSI Mapping on 0000:00:0c.0
[   21.291234] PCI: Found enabled HT MSI Mapping on 0000:00:00.0
[   21.291261] PCI: Found disabled HT MSI Mapping on 0000:00:0d.0
[   21.291290] PCI: Found enabled HT MSI Mapping on 0000:00:00.0
[   21.291317] PCI: Found disabled HT MSI Mapping on 0000:00:0e.0
[   21.291346] PCI: Found enabled HT MSI Mapping on 0000:00:00.0
[   21.291504] PCI: Setting latency timer of device 0000:00:0b.0 to 64
[   21.291520] assign_interrupt_mode Found MSI capability
[   21.291545] Allocate Port Service[0000:00:0b.0:pcie00]
[   21.291591] PCI: Setting latency timer of device 0000:00:0c.0 to 64
[   21.291606] assign_interrupt_mode Found MSI capability
[   21.292176] Allocate Port Service[0000:00:0c.0:pcie00]
[   21.292221] PCI: Setting latency timer of device 0000:00:0d.0 to 64
[   21.292236] assign_interrupt_mode Found MSI capability
[   21.292261] Allocate Port Service[0000:00:0d.0:pcie00]
[   21.292304] PCI: Setting latency timer of device 0000:00:0e.0 to 64
[   21.292319] assign_interrupt_mode Found MSI capability
[   21.292343] Allocate Port Service[0000:00:0e.0:pcie00]
[   21.309345] Real Time Clock Driver v1.12ac
[   21.309402] Linux agpgart interface v0.102 (c) Dave Jones
[   21.309427] Serial: 8250/16550 driver $Revision: 1.90 $ 4 ports, IRQ sharing enabled
[   21.309549] serial8250: ttyS0 at I/O 0x3f8 (irq = 4) is a 16550A
[   21.309965] 00:08: ttyS0 at I/O 0x3f8 (irq = 4) is a 16550A
[   21.310127] mice: PS/2 mouse device common for all mice
[   21.310523] RAMDISK driver initialized: 16 RAM disks of 65536K size 1024 blocksize
[   21.310707] input: Macintosh mouse button emulation as /class/input/input0
[   21.310757] Uniform Multi-Platform E-IDE driver Revision: 7.00alpha2
[   21.310782] ide: Assuming 33MHz system bus speed for PIO modes; override with idebus=xx
[   21.310935] PNP: PS/2 Controller [PNP0303:PS2K,PNP0f13:PS2M] at 0x60,0x64 irq 1,12
[   21.313682] serio: i8042 KBD port at 0x60,0x64 irq 1
[   21.313709] serio: i8042 AUX port at 0x60,0x64 irq 12
[   21.313792] TCP cubic registered
[   21.313820] NET: Registered protocol family 1
[   21.313934] ACPI: (supports S0 S3 S4 S5)
[   21.314093]   Magic number: 3:417:991
[   21.314122]   hash matches device ttyd4
[   21.314233] drivers/rtc/hctosys.c: unable to open rtc device (rtc0)
[   21.314317] Freeing unused kernel memory: 304k freed
[   21.349001] input: AT Translated Set 2 keyboard as /class/input/input1
[   21.424548] Capability LSM initialized
[   21.435238] device-mapper: ioctl: 4.11.0-ioctl (2006-10-12) initialised: [email]dm-devel@redhat.com[/email]
[   21.452749] ACPI: Fan [FAN] (on)
[   21.455478] ACPI: Processor [CPU0] (supports 8 throttling states)
[   21.458194] ACPI: Thermal Zone [THRM] (29 C)
[   21.503319] md: linear personality registered for level -1
[   21.505988] md: multipath personality registered for level -4
[   21.511818] md: raid0 personality registered for level 0
[   21.526377] md: raid1 personality registered for level 1
[   21.528764] raid5: automatically using best checksumming function: generic_sse
[   21.546900]    generic_sse:  7736.000 MB/sec
[   21.546924] raid5: using function: generic_sse (7736.000 MB/sec)
[   21.614843] raid6: int64x1   2249 MB/s
[   21.682769] raid6: int64x2   2996 MB/s
[   21.750698] raid6: int64x4   3130 MB/s
[   21.818608] raid6: int64x8   2145 MB/s
[   21.886549] raid6: sse2x1    3136 MB/s
[   21.954468] raid6: sse2x2    4154 MB/s
[   22.022388] raid6: sse2x4    4496 MB/s
[   22.022412] raid6: using algorithm sse2x4 (4496 MB/s)
[   22.022437] md: raid6 personality registered for level 6
[   22.022461] md: raid5 personality registered for level 5
[   22.022485] md: raid4 personality registered for level 4
[   22.038963] md: raid10 personality registered for level 10
[   22.347276] usbcore: registered new interface driver usbfs
[   22.347318] usbcore: registered new interface driver hub
[   22.347359] usbcore: registered new device driver usb
[   22.348404] ACPI: PCI Interrupt Link [APCL] enabled at IRQ 23
[   22.348435] ACPI: PCI Interrupt 0000:00:02.1[B] -> Link [APCL] -> GSI 23 (level, low) -> IRQ 23
[   22.348510] PCI: Setting latency timer of device 0000:00:02.1 to 64
[   22.348513] ehci_hcd 0000:00:02.1: EHCI Host Controller
[   22.348647] ehci_hcd 0000:00:02.1: new USB bus registered, assigned bus number 1
[   22.348694] ehci_hcd 0000:00:02.1: debug port 1
[   22.348719] PCI: cache line size of 64 is not supported by device 0000:00:02.1
[   22.348727] ehci_hcd 0000:00:02.1: irq 23, io mem 0xfebfe000
[   22.348754] ehci_hcd 0000:00:02.1: USB 2.0 started, EHCI 1.00, driver 10 Dec 2004
[   22.348841] usb usb1: configuration #1 chosen from 1 choice
[   22.348882] hub 1-0:1.0: USB hub found
[   22.348910] hub 1-0:1.0: 10 ports detected
[   22.407184] ohci_hcd: 2006 August 04 USB 1.1 'Open' Host Controller (OHCI) Driver
[   22.416521] 8139cp: 10/100 PCI Ethernet driver v1.3 (Mar 22, 2004)
[   22.425054] ieee1394: Initialized config rom entry `ip1394'
[   22.435129] SCSI subsystem initialized
[   22.439675] libata version 2.20 loaded.
[   22.445983] forcedeth.c: Reverse Engineered nForce ethernet driver. Version 0.59.
[   22.464182] NFORCE-CK804: IDE controller at PCI slot 0000:00:06.0
[   22.464223] NFORCE-CK804: chipset revision 162
[   22.464248] NFORCE-CK804: not 100% native mode: will probe irqs later
[   22.464275] NFORCE-CK804: 0000:00:06.0 (rev a2) UDMA133 controller
[   22.464305]     ide0: BM-DMA at 0xe000-0xe007, BIOS settings: hda:DMA, hdb:DMA
[   22.464376]     ide1: BM-DMA at 0xe008-0xe00f, BIOS settings: hdc:DMA, hdd:DMA
[   22.464445] Probing IDE interface ide0...
[   22.516491] Floppy drive(s): fd0 is 1.44M
[   22.548099] FDC 0 is a post-1991 82077
[   23.201024] hda: _NEC DVD_RW ND-3520A, ATAPI CD/DVD-ROM drive
[   23.988124] hdb: LG DVD-ROM DRD-8160B, ATAPI CD/DVD-ROM drive
[   24.044556] ide0 at 0x1f0-0x1f7,0x3f6 on irq 14
[   24.045990] Probing IDE interface ide1...
[   24.620872] sata_nv 0000:00:07.0: version 3.3
[   24.621282] ACPI: PCI Interrupt Link [APSI] enabled at IRQ 22
[   24.621315] ACPI: PCI Interrupt 0000:00:07.0[A] -> Link [APSI] -> GSI 22 (level, low) -> IRQ 22
[   24.621387] sata_nv 0000:00:07.0: Using ADMA mode
[   24.621420] PCI: Setting latency timer of device 0000:00:07.0 to 64
[   24.621478] ata1: SATA max UDMA/133 cmd 0xffffc2000002c480 ctl 0xffffc2000002c4a0 bmdma 0x000000000001cc00 irq 22
[   24.621538] ata2: SATA max UDMA/133 cmd 0xffffc2000002c580 ctl 0xffffc2000002c5a0 bmdma 0x000000000001cc08 irq 22
[   24.621572] scsi0 : sata_nv
[   24.934974] ata1: SATA link down (SStatus 0 SControl 300)
[   24.935009] scsi1 : sata_nv
[   25.402453] ata2: SATA link up 3.0 Gbps (SStatus 123 SControl 300)
[   25.410592] ata2.00: ata_hpa_resize 1: sectors = 488397168, hpa_sectors = 488397168
[   25.410620] ata2.00: ATA-7: WDC WD2500KS-00MJB0, 02.01C03, max UDMA/133
[   25.410645] ata2.00: 488397168 sectors, multi 16: LBA48 
[   25.422573] ata2.00: ata_hpa_resize 1: sectors = 488397168, hpa_sectors = 488397168
[   25.422601] ata2.00: configured for UDMA/133
[   25.422987] scsi 1:0:0:0: Direct-Access     ATA      WDC WD2500KS-00M 02.0 PQ: 0 ANSI: 5
[   25.423019] ata2: bounce limit 0xFFFFFFFFFFFFFFFF, segment boundary 0xFFFFFFFF, hw segs 61
[   25.423937] ACPI: PCI Interrupt Link [APSJ] enabled at IRQ 21
[   25.423967] ACPI: PCI Interrupt 0000:00:08.0[A] -> Link [APSJ] -> GSI 21 (level, low) -> IRQ 21
[   25.424040] sata_nv 0000:00:08.0: Using ADMA mode
[   25.424073] PCI: Setting latency timer of device 0000:00:08.0 to 64
[   25.424119] ata3: SATA max UDMA/133 cmd 0xffffc2000002e480 ctl 0xffffc2000002e4a0 bmdma 0x000000000001b800 irq 21
[   25.424179] ata4: SATA max UDMA/133 cmd 0xffffc2000002e580 ctl 0xffffc2000002e5a0 bmdma 0x000000000001b808 irq 21
[   25.424214] scsi2 : sata_nv
[   25.738055] ata3: SATA link down (SStatus 0 SControl 300)
[   25.738084] scsi3 : sata_nv
[   26.049699] ata4: SATA link down (SStatus 0 SControl 300)
[   26.051307] ACPI: PCI Interrupt Link [APCF] enabled at IRQ 20
[   26.051336] ACPI: PCI Interrupt 0000:00:02.0[A] -> Link [APCF] -> GSI 20 (level, low) -> IRQ 20
[   26.051409] PCI: Setting latency timer of device 0000:00:02.0 to 64
[   26.051412] ohci_hcd 0000:00:02.0: OHCI Host Controller
[   26.051574] ohci_hcd 0000:00:02.0: new USB bus registered, assigned bus number 2
[   26.051612] ohci_hcd 0000:00:02.0: irq 20, io mem 0xfebff000
[   26.062263] hda: ATAPI 48X DVD-ROM DVD-R CD-R/RW drive, 2048kB Cache, UDMA(33)
[   26.062452] Uniform CD-ROM driver Revision: 3.20
[   26.064253] hdb: ATAPI 48X DVD-ROM drive, 512kB Cache, UDMA(33)
[   26.080234] SCSI device sda: 488397168 512-byte hdwr sectors (250059 MB)
[   26.080550] sda: Write Protect is off
[   26.080574] sda: Mode Sense: 00 3a 00 00
[   26.080588] SCSI device sda: write cache: enabled, read cache: enabled, doesn't support DPO or FUA
[   26.080651] SCSI device sda: 488397168 512-byte hdwr sectors (250059 MB)
[   26.080681] sda: Write Protect is off
[   26.080705] sda: Mode Sense: 00 3a 00 00
[   26.080715] SCSI device sda: write cache: enabled, read cache: enabled, doesn't support DPO or FUA
[   26.080764]  sda: sda1 sda2 <<6>usb usb2: configuration #1 chosen from 1 choice
[   26.111755] hub 2-0:1.0: USB hub found
[   26.111785] hub 2-0:1.0: 10 ports detected
[   26.113519]  sda5 >
[   26.113978] sd 1:0:0:0: Attached scsi disk sda
[   26.116452] sd 1:0:0:0: Attached scsi generic sg0 type 0
[   26.217672] 8139cp 0000:01:09.0: This (id 10ec:8139 rev 10) is not an 8139C+ compatible chip
[   26.217703] 8139cp 0000:01:09.0: Try the "8139too" driver instead.
[   26.218941] 8139too Fast Ethernet driver 0.9.28
[   26.219225] ACPI: PCI Interrupt Link [APC4] enabled at IRQ 19
[   26.219254] ACPI: PCI Interrupt 0000:01:09.0[A] -> Link [APC4] -> GSI 19 (level, low) -> IRQ 19
[   26.219605] eth0: RealTek RTL8139 at 0xffffc20000032000, 00:14:2a:0a:91:3f, IRQ 19
[   26.219632] eth0:  Identified 8139 chip type 'RTL-8100B/8139D'
[   26.220183] ACPI: PCI Interrupt Link [APC1] enabled at IRQ 16
[   26.220756] ACPI: PCI Interrupt 0000:01:0a.0[A] -> Link [APC1] -> GSI 16 (level, low) -> IRQ 16
[   26.271159] ohci1394: fw-host0: OHCI-1394 1.1 (PCI): IRQ=[16]  MMIO=[fe9fe000-fe9fe7ff]  Max Packet=[2048]  IR/IT contexts=[4/8]
[   26.272371] sata_sis 0000:01:0b.0: version 0.7
[   26.272624] ACPI: PCI Interrupt Link [APC2] enabled at IRQ 17
[   26.272653] ACPI: PCI Interrupt 0000:01:0b.0[A] -> Link [APC2] -> GSI 17 (level, low) -> IRQ 17
[   26.272726] sata_sis 0000:01:0b.0: Detected SiS 180/181/964 chipset in SATA mode
[   26.272782] ata5: SATA max UDMA/133 cmd 0x000000000001a800 ctl 0x000000000001a402 bmdma 0x0000000000019800 irq 17
[   26.272827] ata6: SATA max UDMA/133 cmd 0x000000000001a000 ctl 0x0000000000019c02 bmdma 0x0000000000019808 irq 17
[   26.272863] scsi4 : sata_sis
[   26.320814] Attempting manual resume
[   26.320839] swsusp: Resume From Partition 8:5
[   26.320841] PM: Checking swsusp image.
[   26.320950] PM: Resume from disk failed.
[   26.357119] kjournald starting.  Commit interval 5 seconds
[   26.357152] EXT3-fs: mounted filesystem with ordered data mode.
[   26.585097] ata5: SATA link down (SStatus 0 SControl 300)
[   26.595667] ATA: abnormal status 0x7F on port 0x000000000001a807
[   26.595708] scsi5 : sata_sis
[   26.908731] ata6: SATA link down (SStatus 0 SControl 300)
[   26.919302] ATA: abnormal status 0x7F on port 0x000000000001a007
[   26.919885] ACPI: PCI Interrupt Link [APCH] enabled at IRQ 23
[   26.919910] ACPI: PCI Interrupt 0000:00:0a.0[A] -> Link [APCH] -> GSI 23 (level, low) -> IRQ 23
[   26.919979] PCI: Setting latency timer of device 0000:00:0a.0 to 64
[   26.919985] forcedeth: using HIGHDMA
[   27.440329] eth1: forcedeth.c: subsystem: 01019:1b51 bound to 0000:00:0a.0
[   27.544067] ieee1394: Host added: ID:BUS[0-00:1023]  GUID[00000ae6ff31a067]
[   34.794197] eth0: link up, 100Mbps, full-duplex, lpa 0x45E1
[   36.695156] pci_hotplug: PCI Hot Plug PCI Core version: 0.5
[   36.704870] shpchp: Standard Hot Plug PCI Controller Driver version: 0.4
[   36.752923] i2c_adapter i2c-0: nForce2 SMBus adapter at 0x4c00
[   36.752974] i2c_adapter i2c-1: nForce2 SMBus adapter at 0x4c40
[   36.815597] NET: Registered protocol family 17
[   37.033327] input: PC Speaker as /class/input/input2
[   37.219389] parport: PnPBIOS parport detected.
[   37.219476] parport0: PC-style at 0x378 (0x778), irq 7, dma 3 [PCSPP,TRISTATE,COMPAT,ECP,DMA]
[   37.410077] ACPI: PCI Interrupt Link [APCJ] enabled at IRQ 22
[   37.410106] ACPI: PCI Interrupt 0000:00:04.0[A] -> Link [APCJ] -> GSI 22 (level, low) -> IRQ 22
[   37.410190] PCI: Setting latency timer of device 0000:00:04.0 to 64
[   37.599921] input: ImPS/2 Generic Wheel Mouse as /class/input/input3
[   37.732411] intel8x0_measure_ac97_clock: measured 54871 usecs
[   37.732439] intel8x0: clocking to 46893
[   37.842931] lp0: using parport0 (interrupt-driven).
[   37.919435] Adding 3004112k swap on /dev/disk/by-uuid/41bf5acb-48db-4ce6-8e71-b465787480aa.  Priority:-1 extents:1 across:3004112k
[   37.973479] EXT3 FS on sda1, internal journal
[   39.109761] Adding 3004112k swap on /dev/disk/by-uuid/41bf5acb-48db-4ce6-8e71-b465787480aa.  Priority:-2 extents:1 across:3004112k
[   41.137601] NET: Registered protocol family 10
[   41.137666] lo: Disabled Privacy Extensions
[   43.382591] input: Power Button (FF) as /class/input/input4
[   43.385543] ACPI: Power Button (FF) [PWRF]
[   43.407585] input: Power Button (CM) as /class/input/input5
[   43.410505] ACPI: Power Button (CM) [PWRB]
[   43.421421] Using specific hotkey driver
[   43.434959] No dock devices found.
[   43.480096] ibm_acpi: ec object not found
[   43.552897] pcc_acpi: loading...
[   43.752959] powernow-k8: Found 1 AMD Athlon(tm) 64 Processor 4000+ processors (version 2.00.00)
[   43.752999] powernow-k8: invalid freq entries 3900000 kHz vs. 65535000 kHz
[   43.753002] powernow-k8:    0 : fid 0x10 (2400 MHz), vid 0x8
[   43.753004] powernow-k8:    1 : fid 0xe (2200 MHz), vid 0x8
[   43.753006] powernow-k8:    2 : fid 0xc (2000 MHz), vid 0xa
[   43.753007] powernow-k8:    3 : fid 0xa (1800 MHz), vid 0xc
[   43.753009] powernow-k8:    4 : fid 0x2 (1000 MHz), vid 0x12
[   48.108490] eth1: no link during initialization.
[   48.108793] ADDRCONF(NETDEV_UP): eth1: link is not ready
[   49.429744] ppdev: user-space parallel port driver
[   59.306894] eth0: no IPv6 routers present

My /etc/fstab file:

# /etc/fstab: static file system information.
#
# <file system> <mount point>   <type>  <options>       <dump>  <pass>
proc            /proc           proc    defaults        0       0
# /dev/sda1 -- converted during upgrade to edgy
UUID=5d903237-172a-4dc6-acef-8cc80702ebb3 / ext3 defaults,errors=remount-ro 0 1
# /dev/sda5 -- converted during upgrade to edgy
UUID=41bf5acb-48db-4ce6-8e71-b465787480aa none swap sw 0 0


/dev/hda        /media/cdrom0   udf,iso9660 user,noauto     0       0
/dev/fd0        /media/floppy0  auto    rw,user,noauto  0       0

My /etc/X11/sorf.conf file:

# /etc/X11/xorg.conf (xorg X Window System server configuration file)
#
# This file was generated by dexconf, the Debian X Configuration tool, using
# values from the debconf database.
#
# Edit this file with caution, and see the /etc/X11/xorg.conf manual page.
# (Type "man /etc/X11/xorg.conf" at the shell prompt.)
#
# This file is automatically updated on xserver-xorg package upgrades *only*
# if it has not been modified since the last upgrade of the xserver-xorg
# package.
#
# If you have edited this file but would like it to be automatically updated
# again, run the following command:
#   sudo dpkg-reconfigure -phigh xserver-xorg

Section "Files"
	Fontpath	"/usr/share/X11/fonts/misc"
	Fontpath	"/usr/share/X11/fonts/cyrillic"
	Fontpath	"/usr/share/X11/fonts/100dpi/:unscaled"
	Fontpath	"/usr/share/X11/fonts/75dpi/:unscaled"
	Fontpath	"/usr/share/X11/fonts/Type1"
	Fontpath	"/usr/share/X11/fonts/100dpi"
	Fontpath	"/usr/share/X11/fonts/75dpi"
	# path to defoma fonts
	Fontpath	"/var/lib/defoma/x-ttcidfont-conf.d/dirs/TrueType"
EndSection

Section "Module"
	Load		"i2c"
	Load		"bitmap"
	Load		"ddc"
	Load		"dri"
	Load		"extmod"
	Load		"freetype"
	Load		"int10"
	Load		"type1"
	Load		"vbe"
EndSection

Section "InputDevice"
	Identifier	"Generic Keyboard"
	Driver		"kbd"
	Option		"CoreKeyboard"
	Option		"XkbRules"	"xorg"
	Option		"XkbModel"	"pc104"
	Option		"XkbLayout"	"us"
EndSection

Section "InputDevice"
	Identifier	"Configured Mouse"
	Driver		"mouse"
	Option		"CorePointer"
	Option		"Device"	"/dev/input/mice"
	Option		"Protocol"	"ExplorerPS/2"
	Option		"ZAxisMapping"	"4 5"
	Option		"Emulate3Buttons"	"true"
EndSection

Section "InputDevice"
	Driver		"wacom"
	Identifier	"stylus"
	Option		"Device"	"/dev/wacom"# Change to 
	Option		"Type"	"stylus"
	Option		"ForceDevice"	"ISDV4"# Tablet PC ONLY
	# /dev/input/event
	# for USB
EndSection

Section "InputDevice"
	Driver		"wacom"
	Identifier	"eraser"
	Option		"Device"	"/dev/wacom"# Change to 
	Option		"Type"	"eraser"
	Option		"ForceDevice"	"ISDV4"# Tablet PC ONLY
	# /dev/input/event
	# for USB
EndSection

Section "InputDevice"
	Driver		"wacom"
	Identifier	"cursor"
	Option		"Device"	"/dev/wacom"# Change to 
	Option		"Type"	"cursor"
	Option		"ForceDevice"	"ISDV4"# Tablet PC ONLY
	# /dev/input/event
	# for USB
EndSection

Section "Device"
	Identifier	"ATI Technologies, Inc. Radeon X850 XT (R480)"
	Driver		"ati"
	Busid		"PCI:5:0:0"
EndSection

Section "Monitor"
	Identifier	"Generic Monitor"
	Option		"DPMS"
	Horizsync	28-51
	Vertrefresh	43-60
EndSection

Section "Screen"
	Identifier	"Default Screen"
	Device		"ATI Technologies, Inc. Radeon X850 XT (R480)"
	Monitor		"Generic Monitor"
	Defaultdepth	24
	SubSection "Display"
		Depth	1
		Modes		"1024x768"	"800x600"	"640x480"
	EndSubSection
	SubSection "Display"
		Depth	4
		Modes		"1024x768"	"800x600"	"640x480"
	EndSubSection
	SubSection "Display"
		Depth	8
		Modes		"1024x768"	"800x600"	"640x480"
	EndSubSection
	SubSection "Display"
		Depth	15
		Modes		"1024x768"	"800x600"	"640x480"
	EndSubSection
	SubSection "Display"
		Depth	16
		Modes		"1024x768"	"800x600"	"640x480"
	EndSubSection
	SubSection "Display"
		Depth	24
		Modes		"1024x768"	"800x600"	"640x480"
	EndSubSection
EndSection

Section "ServerLayout"
	Identifier	"Default Layout"
  screen "Default Screen"
	Inputdevice	"Generic Keyboard"
	Inputdevice	"Configured Mouse"
	Inputdevice	"stylus"	"SendCoreEvents"
	Inputdevice	"cursor"	"SendCoreEvents"
	Inputdevice	"eraser"	"SendCoreEvents"
EndSection

Section "DRI"
	Mode	0666
EndSection

Section "Extensions"
EndSection

Update 4:

I went into /boot/grub/menu.lst and turned off/removed QUIET, saved, exit, and reboot, and since the boot sequence goes by so fast, best I could make out that after the 1st instance of TCP is after that it goes to teh black screen of doom.

20.659129] NET: Registered protocol family 2
[ 20.695867] IP route cache hash table entries: 32768 (order: 6, 262144 bytes)
[ 20.696094] TCP established hash table entries: 131072 (order: 9, 2097152 bytes)
[ 20.697106] TCP bind hash table entries: 65536 (order: 8, 1048576 bytes)
[ 20.697595] TCP: Hash tables configured (established 131072 bind 65536)
[ 20.697620] TCP reno registered

Any ideas?

My rig:

AMD skt 939 4000+ single core
1 GB DDR RAM
ATI / Sapphire 850 XT Pce Express GDDR3 256 bit Video card
WDC 250 GB SATA II HD on SATA II controller
ECS KN1 Extreme motherboard
onboard sound and NIC

---

### Post by grunge09 on 2007-04-20
Anyone figured out what is happening to some of us?

---

### Post by Huffalump on 2007-04-21
> **grunge09 said:**
> Anyone figured out what is happening to some of us?

Yeah, we used -d which was a bad move.  That stuck us with a development version and from there it seems impossible to fix.  Somewhere it said that the beta/dev version would have been the same as final for the past few days, but that's ultimately not true.  Things are missing.

Just some feedback.  After 3 days of walking wounded, i'm just about to throw in the towel for a fresh install.

---

### Post by trippinnik on 2007-04-21
have you tried sudo apt-get update then sudo apt-get upgrade then sudo apt-get dist-upgrade ?

---

### Post by grunge09 on 2007-04-21
yes and no updates found.  I checked update manager after that and it says I am up to date.

I tried uninstalling the ATI driver (via restricted driver manager), then reinstalling it in terminal, I reset the xorg.conf to default, still no help.  Won't boot normally.  But DOES bot ok into the GUI in recovery mode.

---

