---
title: "10.04, BusyBox screen before login, but no menu.lst"
date: 2010-07-09
forum: Installation &amp; Upgrades
---

### Post by Arpagiator on 2010-07-09
Hello fellow Unbuntu users,

I'm recieving a BusyBox v1.13.3 screen after attaching my 2nd sata-harddrive. I bootup the pc, but can't get to the login screen because of this message:

Gave up waiting for root device.  Common problems:
-Boot args (cat /proc/cmdline)
 -Check rootdelay= (did the system wait long enough?)
 -Check root= (did the system wait for the righ device?)
-Missing modules (cat /proc/modules; ls /dev)
ALERT! /dev/disk/by-uuid/bf2ed1f9.... does not exist. Dropping to a shell!

BusyBox v1.13.3 (Ubuntu 1:1.13.3-1ubuntu11) built-in shell (ash)
Enter 'help' for a list of built-in commands.

(initramfs)

I'm using the x64 edition of 10.04 by the way, if that helps.

After a bit of searching:
Lerker- [http://ubuntuforums.org/showthread.php?t=1018403&page=2](http://ubuntuforums.org/showthread.php?t=1018403&page=2)
Laserbastu- [http://ubuntuforums.org/showpost.php?p=6581939&postcount=322](http://ubuntuforums.org/showpost.php?p=6581939&postcount=322)

It seems one thing to do is to edit my /boot/Grub/menu.lst  but I don't have that file! Even with the command: gksu gedit /boot/grub/menu.lst  it just opens up an empty box. Note, the 2nd hdd (sdb) has to be removed to properly boot into Ubuntu to browse my files.

Starting a live-cd (9.10) and mounting the /root partition from sda method doesn't work either because the partiton is not mountable in Palimpset due to it not having a any readable data on it! (haha)

I'm completely stumped as to how to fix this issue myself. Does anyone have any advice?

ps. going to try and get into the Grub Loader during bootup and see if I can add "all_generic_ide" to the end of the assigned /root line. Will get back in a bit.

-Nope, Grub screen doesn't even appear if I attach the 2nd harddrive so can't get into that.

---

### Post by ajgreeny on 2010-07-09
Boot to a Live CD with both disks attached, and download and run the boot_info_script from
[http://sourceforge.net/projects/bootinfoscript/](http://sourceforge.net/projects/bootinfoscript/)
Then paste the RESULTS.txt file it makes back here, enclosed in code marks (**#** from the text box in which you type your post)

---

### Post by Arpagiator on 2010-07-09
Thanks, will look into that now and get back soon.

---

### Post by Arpagiator on 2010-07-09
```
               Boot Info Script 0.55    dated February 15th, 2010                    

============================= Boot Info Summary: ==============================

 => Windows is installed in the MBR of /dev/sdc
 => Grub 2 is installed in the MBR of /dev/mapper/isw_dghjcfhb_Volume0 and 
    looks on the same drive in partition #1 for /boot/grub.

sdc1: _________________________________________________________________________

    File system:       vfat
    Boot sector type:  MSWIN4.1: Fat 32
    Boot sector info:  No errors found in the Boot Parameter Block.
    Operating System:  Windows 98
    Boot files/dirs:   /IO.SYS /COMMAND.COM

isw_dghjcfhb_Volume01: _________________________________________________________________________

    File system:       
    Boot sector type:  -
    Boot sector info:  
    Mounting failed:
mount: unknown filesystem type ''

isw_dghjcfhb_Volume02: _________________________________________________________________________

    File system:       Extended Partition
    Boot sector type:  Unknown
    Boot sector info:  

isw_dghjcfhb_Volume05: _________________________________________________________________________

    File system:       
    Boot sector type:  Unknown
    Boot sector info:  
    Mounting failed:
mount: unknown filesystem type ''
mount: unknown filesystem type ''

isw_dghjcfhb_Volume06: _________________________________________________________________________

    File system:       
    Boot sector type:  Unknown
    Boot sector info:  
    Mounting failed:
mount: unknown filesystem type ''
mount: unknown filesystem type ''
mount: unknown filesystem type ''

=========================== Drive/Partition Info: =============================

Drive: sdc ___________________ _____________________________________________________

Disk /dev/sdc: 2021 MB, 2021654016 bytes
255 heads, 63 sectors/track, 245 cylinders, total 3948543 sectors
Units = sectors of 1 * 512 = 512 bytes
Sector size (logical / optimal IO): 512 bytes / 512 bytes

Partition  Boot         Start           End          Size  Id System

/dev/sdc1    *             63     3,948,542     3,948,480   c W95 FAT32 (LBA)


Drive: isw_dghjcfhb_Volume0 ___________________ _____________________________________________________

Disk /dev/mapper/isw_dghjcfhb_Volume0: 483.2 GB, 483184082944 bytes
255 heads, 63 sectors/track, 58743 cylinders, total 943718912 sectors
Units = sectors of 1 * 512 = 512 bytes
Sector size (logical / optimal IO): 512 bytes / 262144 bytes

Partition  Boot         Start           End          Size  Id System

/dev/mapper/isw_dghjcfhb_Volume01   *          2,048   468,520,959   468,518,912  83 Linux
/dev/mapper/isw_dghjcfhb_Volume02        468,523,006   488,396,799    19,873,794   5 Extended
Invalid MBR Signature found
/dev/mapper/isw_dghjcfhb_Volume05    ? 2,085,784,370 2,919,992,190   834,207,821  97 Unknown
/dev/mapper/isw_dghjcfhb_Volume06    ? 4,536,471,460 7,665,919,026 3,129,447,567  41 PPC PReP Boot

/dev/mapper/isw_dghjcfhb_Volume05 ends after the last sector of /dev/mapper/isw_dghjcfhb_Volume0
the logical partition /dev/mapper/isw_dghjcfhb_Volume05 is not contained in the extended partition /dev/mapper/isw_dghjcfhb_Volume02
/dev/mapper/isw_dghjcfhb_Volume06 ends after the last sector of /dev/mapper/isw_dghjcfhb_Volume0
the logical partition /dev/mapper/isw_dghjcfhb_Volume06 is not contained in the extended partition /dev/mapper/isw_dghjcfhb_Volume02

blkid -c /dev/null: ____________________________________________________________

Device           UUID                                   TYPE       LABEL                         

/dev/loop0                                              squashfs                                 
/dev/mapper/isw_dghjcfhb_Volume01: PTTYPE="dos" 
/dev/mapper/isw_dghjcfhb_Volume0: PTTYPE="dos" 
/dev/sda                                                isw_raid_member                               
/dev/sdb                                                isw_raid_member                               
/dev/sdc1        B647-0751                              vfat                                     
/dev/sdc: PTTYPE="dos" 

=============================== "ls -R /dev/mapper/" output: ===============================
/dev/mapper:
control
isw_dghjcfhb_Volume0
isw_dghjcfhb_Volume01

============================ "mount | grep ^/dev  output: ===========================

Device           Mount_Point              Type       Options

aufs             /                        aufs       (rw)
/dev/sr0         /cdrom                   iso9660    (ro,noatime)
/dev/loop0       /rofs                    squashfs   (ro,noatime)
/dev/sdc1        /media/B647-0751         vfat       (rw,nosuid,nodev,uhelper=devkit,uid=999,gid=999,shortname=mixed,dmask=0077,utf8=1,flush)

=========================== Unknown MBRs/Boot Sectors/etc =======================

Unknown BootLoader  on isw_dghjcfhb_Volume02


Unknown BootLoader  on isw_dghjcfhb_Volume05


Unknown BootLoader  on isw_dghjcfhb_Volume06



=============================== StdErr Messages: ===============================

hexdump: /dev/mapper/isw_dghjcfhb_Volume02: No such file or directory
hexdump: /dev/mapper/isw_dghjcfhb_Volume02: No such file or directory
hexdump: /dev/mapper/isw_dghjcfhb_Volume05: No such file or directory
hexdump: /dev/mapper/isw_dghjcfhb_Volume05: No such file or directory
hexdump: /dev/mapper/isw_dghjcfhb_Volume06: No such file or directory
hexdump: /dev/mapper/isw_dghjcfhb_Volume06: No such file or directory

```

There ya go.. hope that helps out a bit :D

---

### Post by ajgreeny on 2010-07-09
No , sorry but I have never ever seen a RESULTS.txt file that looked anything like that.

You have an unusual system setup of some sort, which makes absolutely no sense to me at all, with no sda or sdb, but an sdc, I assume to be your second sata drive.

However, you appear to be running a raid system, which I'm afraid I know absolutely nothing about, as I have never used and have no real need or interest in raid, so I will have to leave this to someone else to sort out for you.

---

### Post by Arpagiator on 2010-07-09
Quite odd that my setup has turned out so wierd. Know for sure I have an sda for example, and Raid-option has been disabled from the bios. Used to run Raid with Windows but couldn't sort it out properly on Linux so went IDE for this installation. Any chance it's reading old data somehow still on the harddrive's mdr or so? 

Just to be sure, i'll run the file from the single harddrive setup...

---

### Post by Arpagiator on 2010-07-09
Sorry, didn't realise I still had my usb stick plugged in at the time of running... silly me.

Ran it without the live cd, single hd setup:



```
                Boot Info Script 0.55    dated February 15th, 2010                    

============================= Boot Info Summary: ==============================

 => Grub 2 is installed in the MBR of /dev/sda and looks on the same drive in 
    partition #1 for /boot/grub.

sda1: _________________________________________________________________________

    File system:       ext4
    Boot sector type:  -
    Boot sector info:  
    Operating System:  Ubuntu 10.04 LTS
    Boot files/dirs:   /boot/grub/grub.cfg /etc/fstab /boot/grub/core.img

sda2: _________________________________________________________________________

    File system:       Extended Partition
    Boot sector type:  Unknown
    Boot sector info:  

sda5: _________________________________________________________________________

    File system:       swap
    Boot sector type:  -
    Boot sector info:  

=========================== Drive/Partition Info: =============================

Drive: sda ___________________ _____________________________________________________

Disk /dev/sda: 250.1 GB, 250059350016 bytes
255 heads, 63 sectors/track, 30401 cylinders, total 488397168 sectors
Units = sectors of 1 * 512 = 512 bytes
Sector size (logical/physical): 512 bytes / 512 bytes

Partition  Boot         Start           End          Size  Id System

/dev/sda1    *          2,048   468,520,959   468,518,912  83 Linux
/dev/sda2         468,523,006   488,396,799    19,873,794   5 Extended
/dev/sda5         468,523,008   488,396,799    19,873,792  82 Linux swap / Solaris


blkid -c /dev/null: ____________________________________________________________

Device           UUID                                   TYPE       LABEL                         

/dev/sda1        bf2ed1f9-5817-422f-8c43-b9a0644cdf99   ext4                                     
/dev/sda2: PTTYPE="dos" 
/dev/sda5        bafc2c9c-c2e9-4882-8081-ed8e1dcc66cd   swap                                     
/dev/sda                                                isw_raid_member                               

============================ "mount | grep ^/dev  output: ===========================

Device           Mount_Point              Type       Options

/dev/sda1        /                        ext4       (rw,errors=remount-ro)


=========================== sda1/boot/grub/grub.cfg: ===========================

#
# DO NOT EDIT THIS FILE
#
# It is automatically generated by /usr/sbin/grub-mkconfig using templates
# from /etc/grub.d and settings from /etc/default/grub
#

### BEGIN /etc/grub.d/00_header ###
if [ -s $prefix/grubenv ]; then
  load_env
fi
set default="0"
if [ ${prev_saved_entry} ]; then
  set saved_entry=${prev_saved_entry}
  save_env saved_entry
  set prev_saved_entry=
  save_env prev_saved_entry
  set boot_once=true
fi

function savedefault {
  if [ -z ${boot_once} ]; then
    saved_entry=${chosen}
    save_env saved_entry
  fi
}

function recordfail {
  set recordfail=1
  if [ -n ${have_grubenv} ]; then if [ -z ${boot_once} ]; then save_env recordfail; fi; fi
}
insmod ext2
set root='(hd0,1)'
search --no-floppy --fs-uuid --set bf2ed1f9-5817-422f-8c43-b9a0644cdf99
if loadfont /usr/share/grub/unicode.pf2 ; then
  set gfxmode=640x480
  insmod gfxterm
  insmod vbe
  if terminal_output gfxterm ; then true ; else
    # For backward compatibility with versions of terminal.mod that don't
    # understand terminal_output
    terminal gfxterm
  fi
fi
insmod ext2
set root='(hd0,1)'
search --no-floppy --fs-uuid --set bf2ed1f9-5817-422f-8c43-b9a0644cdf99
set locale_dir=($root)/boot/grub/locale
set lang=en
insmod gettext
if [ ${recordfail} = 1 ]; then
  set timeout=-1
else
  set timeout=10
fi
### END /etc/grub.d/00_header ###

### BEGIN /etc/grub.d/05_debian_theme ###
set menu_color_normal=white/black
set menu_color_highlight=black/light-gray
### END /etc/grub.d/05_debian_theme ###

### BEGIN /etc/grub.d/10_linux ###
menuentry 'Ubuntu, with Linux 2.6.32-23-preempt' --class ubuntu --class gnu-linux --class gnu --class os {
    recordfail
    insmod ext2
    set root='(hd0,1)'
    search --no-floppy --fs-uuid --set bf2ed1f9-5817-422f-8c43-b9a0644cdf99
    linux    /boot/vmlinuz-2.6.32-23-preempt root=UUID=bf2ed1f9-5817-422f-8c43-b9a0644cdf99 ro   quiet splash
    initrd    /boot/initrd.img-2.6.32-23-preempt
}
menuentry 'Ubuntu, with Linux 2.6.32-23-preempt (recovery mode)' --class ubuntu --class gnu-linux --class gnu --class os {
    recordfail
    insmod ext2
    set root='(hd0,1)'
    search --no-floppy --fs-uuid --set bf2ed1f9-5817-422f-8c43-b9a0644cdf99
    echo    'Loading Linux 2.6.32-23-preempt ...'
    linux    /boot/vmlinuz-2.6.32-23-preempt root=UUID=bf2ed1f9-5817-422f-8c43-b9a0644cdf99 ro single 
    echo    'Loading initial ramdisk ...'
    initrd    /boot/initrd.img-2.6.32-23-preempt
}
menuentry 'Ubuntu, with Linux 2.6.32-21-preempt' --class ubuntu --class gnu-linux --class gnu --class os {
    recordfail
    insmod ext2
    set root='(hd0,1)'
    search --no-floppy --fs-uuid --set bf2ed1f9-5817-422f-8c43-b9a0644cdf99
    linux    /boot/vmlinuz-2.6.32-21-preempt root=UUID=bf2ed1f9-5817-422f-8c43-b9a0644cdf99 ro   quiet splash
    initrd    /boot/initrd.img-2.6.32-21-preempt
}
menuentry 'Ubuntu, with Linux 2.6.32-21-preempt (recovery mode)' --class ubuntu --class gnu-linux --class gnu --class os {
    recordfail
    insmod ext2
    set root='(hd0,1)'
    search --no-floppy --fs-uuid --set bf2ed1f9-5817-422f-8c43-b9a0644cdf99
    echo    'Loading Linux 2.6.32-21-preempt ...'
    linux    /boot/vmlinuz-2.6.32-21-preempt root=UUID=bf2ed1f9-5817-422f-8c43-b9a0644cdf99 ro single 
    echo    'Loading initial ramdisk ...'
    initrd    /boot/initrd.img-2.6.32-21-preempt
}
### END /etc/grub.d/10_linux ###

### BEGIN /etc/grub.d/20_memtest86+ ###
menuentry "Memory test (memtest86+)" {
    insmod ext2
    set root='(hd0,1)'
    search --no-floppy --fs-uuid --set bf2ed1f9-5817-422f-8c43-b9a0644cdf99
    linux16    /boot/memtest86+.bin
}
menuentry "Memory test (memtest86+, serial console 115200)" {
    insmod ext2
    set root='(hd0,1)'
    search --no-floppy --fs-uuid --set bf2ed1f9-5817-422f-8c43-b9a0644cdf99
    linux16    /boot/memtest86+.bin console=ttyS0,115200n8
}
### END /etc/grub.d/20_memtest86+ ###

### BEGIN /etc/grub.d/30_os-prober ###
if [ ${timeout} != -1 ]; then
  if keystatus; then
    if keystatus --shift; then
      set timeout=-1
    else
      set timeout=0
    fi
  else
    if sleep --interruptible 3 ; then
      set timeout=0
    fi
  fi
fi
### END /etc/grub.d/30_os-prober ###

### BEGIN /etc/grub.d/40_custom ###
# This file provides an easy way to add custom menu entries.  Simply type the
# menu entries you want to add after this comment.  Be careful not to change
# the 'exec tail' line above.
### END /etc/grub.d/40_custom ###

=============================== sda1/etc/fstab: ===============================

# /etc/fstab: static file system information.
#
# Use 'blkid -o value -s UUID' to print the universally unique identifier
# for a device; this may be used with UUID= as a more robust way to name
# devices that works even if disks are added and removed. See fstab(5).
#
# <file system> <mount point>   <type>  <options>       <dump>  <pass>
proc            /proc           proc    nodev,noexec,nosuid 0       0
# / was on /dev/sda1 during installation
UUID=bf2ed1f9-5817-422f-8c43-b9a0644cdf99 /               ext4    errors=remount-ro 0       1
# swap was on /dev/sda5 during installation
UUID=bafc2c9c-c2e9-4882-8081-ed8e1dcc66cd none            swap    sw              0       0
/dev/fd0        /media/floppy0  auto    rw,user,noauto,exec,utf8 0       0

=================== sda1: Location of files loaded by Grub: ===================


 116.1GB: boot/grub/core.img
 197.7GB: boot/grub/grub.cfg
 116.1GB: boot/initrd.img-2.6.32-21-preempt
 116.2GB: boot/initrd.img-2.6.32-23-preempt
 189.2GB: boot/vmlinuz-2.6.32-21-preempt
    .4GB: boot/vmlinuz-2.6.32-23-preempt
 116.2GB: initrd.img
 116.1GB: initrd.img.old
    .4GB: vmlinuz
 189.2GB: vmlinuz.old
=========================== Unknown MBRs/Boot Sectors/etc =======================

Unknown BootLoader  on sda2

00000000  7c d8 38 96 ab d3 3b 30  84 ef 7b 2b 3f 02 00 83  ||.8...;0..{+?...|
00000010  71 22 24 d2 e4 63 3f 71  8c 10 84 fd 16 a0 81 79  |q"$..c?q.......y|
00000020  6a 42 4b 77 b4 db bc 92  94 30 84 e5 ca be bb 78  |jBKw.....0.....x|
00000030  6d dd 65 0f f7 90 77 71  8c 10 84 7e 62 22 e8 81  |m.e...wq...~b"..|
00000040  72 2c fd b8 f5 65 0f 51  8c cf 7b 8a 8e e8 da 8a  |r,...e.Q..{.....|
00000050  75 09 7b b2 63 57 62 30  84 cf 7b f8 b6 ef 7a 93  |u.{.cWb0..{...z.|
00000060  7b b9 ed da 65 49 8c ef  7b 8e 73 a0 22 f8 57 8e  |{...eI..{.s.".W.|
00000070  82 e9 5f 96 db b6 01 cf  7b 8e 73 b0 ea eb 57 93  |.._.....{.s...W.|
00000080  8a c9 fd df 75 59 12 ae  73 8e 73 f0 60 dc 55 96  |....uY..s.s.`.U.|
00000090  8a 69 cd 7a e5 34 62 8e  73 4d 6b 00 80 e2 7f 96  |.i.z.4b.sMk.....|
000000a0  89 d5 b4 b5 d3 0a 30 ae  73 4d 6b 2b ff 57 7f 8b  |......0.sMk+.W..|
000000b0  98 25 9b 6e db 08 76 ae  73 4d 6b 2c 0a a2 a9 95  |.%.n..v.sMk,....|
000000c0  88 98 09 d5 22 7b 33 ef  7b 8e 73 b5 ea 83 af 8f  |...."{3.{.s.....|
000000d0  80 10 bf f5 ab 5f 32 10  84 cf 7b bd 8d ab bf 81  |....._2...{.....|
000000e0  72 90 0d 35 64 df d8 51  8c ef 7b fd ab 89 af 72  |r..5d..Q..{....r|
000000f0  69 60 3d fe bb af 26 51  8c 30 84 a5 eb fb ab 69  |i`=...&Q.0.....i|
00000100  67 80 03 c7 8e 1d db 51  8c 30 84 ab aa ab 0a 6b  |g......Q.0.....k|
00000110  68 49 9c 98 31 69 12 51  8c 30 84 aa aa aa a0 7e  |hI..1i.Q.0.....~|
00000120  6a 49 90 fc f9 7d bb 51  8c 10 84 68 a0 a8 aa 81  |jI...}.Q...h....|
00000130  72 02 24 01 89 90 5b 51  8c ef 7b ff ff f0 e8 81  |r.$...[Q..{.....|
00000140  7f 49 92 24 48 02 27 10  84 ef 7b ff ff fe fa 7f  |.I.$H.'...{.....|
00000150  80 00 00 00 00 00 00 f7  bc 00 02 aa aa aa aa 7f  |................|
*
000001b0  80 00 00 00 00 00 00 f7  bc 00 02 aa aa aa 00 fe  |................|
000001c0  ff ff 82 fe ff ff 02 00  00 00 00 40 2f 01 00 00  |...........@/...|
000001d0  00 00 00 00 00 00 00 00  00 00 00 00 00 00 00 00  |................|
*
000001f0  00 00 00 00 00 00 00 00  00 00 00 00 00 00 55 aa  |..............U.|
00000200


=============================== StdErr Messages: ===============================

ERROR: isw: wrong number of devices in RAID set "isw_dghjcfhb_Volume0" [1/2] on /dev/sda
ERROR: isw: wrong number of devices in RAID set "isw_dghjcfhb_Volume0" [1/2] on /dev/sda
ERROR: isw: wrong number of devices in RAID set "isw_dghjcfhb_Volume0" [1/2] on /dev/sda
ERROR: isw: wrong number of devices in RAID set "isw_dghjcfhb_Volume0" [1/2] on /dev/sda
ERROR: isw: wrong number of devices in RAID set "isw_dghjcfhb_Volume0" [1/2] on /dev/sda 
```and once WITH live cd, single hd setup:

```
                 Boot Info Script 0.55    dated February 15th, 2010                    

============================= Boot Info Summary: ==============================

 => Grub 2 is installed in the MBR of /dev/sda and looks on the same drive in 
    partition #1 for /boot/grub.
 => Windows is installed in the MBR of /dev/sdb

sda1: _________________________________________________________________________

    File system:       ext4
    Boot sector type:  -
    Boot sector info:  
    Operating System:  Ubuntu 10.04 LTS
    Boot files/dirs:   /boot/grub/grub.cfg /etc/fstab /boot/grub/core.img

sda2: _________________________________________________________________________

    File system:       Extended Partition
    Boot sector type:  Unknown
    Boot sector info:  

sda5: _________________________________________________________________________

    File system:       swap
    Boot sector type:  -
    Boot sector info:  

sdb1: _________________________________________________________________________

    File system:       vfat
    Boot sector type:  MSWIN4.1: Fat 32
    Boot sector info:  No errors found in the Boot Parameter Block.
    Operating System:  Windows 98
    Boot files/dirs:   /IO.SYS /COMMAND.COM

=========================== Drive/Partition Info: =============================

Drive: sda ___________________ _____________________________________________________

Disk /dev/sda: 250.1 GB, 250059350016 bytes
255 heads, 63 sectors/track, 30401 cylinders, total 488397168 sectors
Units = sectors of 1 * 512 = 512 bytes
Sector size (logical / optimal IO): 512 bytes / 512 bytes

Partition  Boot         Start           End          Size  Id System

/dev/sda1    *          2,048   468,520,959   468,518,912  83 Linux
/dev/sda2         468,523,006   488,396,799    19,873,794   5 Extended
/dev/sda5         468,523,008   488,396,799    19,873,792  82 Linux swap / Solaris


Drive: sdb ___________________ _____________________________________________________

Disk /dev/sdb: 2021 MB, 2021654016 bytes
255 heads, 63 sectors/track, 245 cylinders, total 3948543 sectors
Units = sectors of 1 * 512 = 512 bytes
Sector size (logical / optimal IO): 512 bytes / 512 bytes

Partition  Boot         Start           End          Size  Id System

/dev/sdb1    *             63     3,948,542     3,948,480   c W95 FAT32 (LBA)


blkid -c /dev/null: ____________________________________________________________

Device           UUID                                   TYPE       LABEL                         

/dev/loop0                                              squashfs                                 
/dev/sda1        bf2ed1f9-5817-422f-8c43-b9a0644cdf99   ext4                                     
/dev/sda2: PTTYPE="dos" 
/dev/sda5        bafc2c9c-c2e9-4882-8081-ed8e1dcc66cd   swap                                     
/dev/sda                                                isw_raid_member                               
/dev/sdb1        B647-0751                              vfat                                     
/dev/sdb: PTTYPE="dos" 

============================ "mount | grep ^/dev  output: ===========================

Device           Mount_Point              Type       Options

aufs             /                        aufs       (rw)
/dev/sr0         /cdrom                   iso9660    (ro,noatime)
/dev/loop0       /rofs                    squashfs   (ro,noatime)
/dev/sdb1        /media/B647-0751         vfat       (rw,nosuid,nodev,uhelper=devkit,uid=999,gid=999,shortname=mixed,dmask=0077,utf8=1,flush)


=========================== sda1/boot/grub/grub.cfg: ===========================

#
# DO NOT EDIT THIS FILE
#
# It is automatically generated by /usr/sbin/grub-mkconfig using templates
# from /etc/grub.d and settings from /etc/default/grub
#

### BEGIN /etc/grub.d/00_header ###
if [ -s $prefix/grubenv ]; then
  load_env
fi
set default="0"
if [ ${prev_saved_entry} ]; then
  set saved_entry=${prev_saved_entry}
  save_env saved_entry
  set prev_saved_entry=
  save_env prev_saved_entry
  set boot_once=true
fi

function savedefault {
  if [ -z ${boot_once} ]; then
    saved_entry=${chosen}
    save_env saved_entry
  fi
}

function recordfail {
  set recordfail=1
  if [ -n ${have_grubenv} ]; then if [ -z ${boot_once} ]; then save_env recordfail; fi; fi
}
insmod ext2
set root='(hd0,1)'
search --no-floppy --fs-uuid --set bf2ed1f9-5817-422f-8c43-b9a0644cdf99
if loadfont /usr/share/grub/unicode.pf2 ; then
  set gfxmode=640x480
  insmod gfxterm
  insmod vbe
  if terminal_output gfxterm ; then true ; else
    # For backward compatibility with versions of terminal.mod that don't
    # understand terminal_output
    terminal gfxterm
  fi
fi
insmod ext2
set root='(hd0,1)'
search --no-floppy --fs-uuid --set bf2ed1f9-5817-422f-8c43-b9a0644cdf99
set locale_dir=($root)/boot/grub/locale
set lang=en
insmod gettext
if [ ${recordfail} = 1 ]; then
  set timeout=-1
else
  set timeout=10
fi
### END /etc/grub.d/00_header ###

### BEGIN /etc/grub.d/05_debian_theme ###
set menu_color_normal=white/black
set menu_color_highlight=black/light-gray
### END /etc/grub.d/05_debian_theme ###

### BEGIN /etc/grub.d/10_linux ###
menuentry 'Ubuntu, with Linux 2.6.32-23-preempt' --class ubuntu --class gnu-linux --class gnu --class os {
    recordfail
    insmod ext2
    set root='(hd0,1)'
    search --no-floppy --fs-uuid --set bf2ed1f9-5817-422f-8c43-b9a0644cdf99
    linux    /boot/vmlinuz-2.6.32-23-preempt root=UUID=bf2ed1f9-5817-422f-8c43-b9a0644cdf99 ro   quiet splash
    initrd    /boot/initrd.img-2.6.32-23-preempt
}
menuentry 'Ubuntu, with Linux 2.6.32-23-preempt (recovery mode)' --class ubuntu --class gnu-linux --class gnu --class os {
    recordfail
    insmod ext2
    set root='(hd0,1)'
    search --no-floppy --fs-uuid --set bf2ed1f9-5817-422f-8c43-b9a0644cdf99
    echo    'Loading Linux 2.6.32-23-preempt ...'
    linux    /boot/vmlinuz-2.6.32-23-preempt root=UUID=bf2ed1f9-5817-422f-8c43-b9a0644cdf99 ro single 
    echo    'Loading initial ramdisk ...'
    initrd    /boot/initrd.img-2.6.32-23-preempt
}
menuentry 'Ubuntu, with Linux 2.6.32-21-preempt' --class ubuntu --class gnu-linux --class gnu --class os {
    recordfail
    insmod ext2
    set root='(hd0,1)'
    search --no-floppy --fs-uuid --set bf2ed1f9-5817-422f-8c43-b9a0644cdf99
    linux    /boot/vmlinuz-2.6.32-21-preempt root=UUID=bf2ed1f9-5817-422f-8c43-b9a0644cdf99 ro   quiet splash
    initrd    /boot/initrd.img-2.6.32-21-preempt
}
menuentry 'Ubuntu, with Linux 2.6.32-21-preempt (recovery mode)' --class ubuntu --class gnu-linux --class gnu --class os {
    recordfail
    insmod ext2
    set root='(hd0,1)'
    search --no-floppy --fs-uuid --set bf2ed1f9-5817-422f-8c43-b9a0644cdf99
    echo    'Loading Linux 2.6.32-21-preempt ...'
    linux    /boot/vmlinuz-2.6.32-21-preempt root=UUID=bf2ed1f9-5817-422f-8c43-b9a0644cdf99 ro single 
    echo    'Loading initial ramdisk ...'
    initrd    /boot/initrd.img-2.6.32-21-preempt
}
### END /etc/grub.d/10_linux ###

### BEGIN /etc/grub.d/20_memtest86+ ###
menuentry "Memory test (memtest86+)" {
    insmod ext2
    set root='(hd0,1)'
    search --no-floppy --fs-uuid --set bf2ed1f9-5817-422f-8c43-b9a0644cdf99
    linux16    /boot/memtest86+.bin
}
menuentry "Memory test (memtest86+, serial console 115200)" {
    insmod ext2
    set root='(hd0,1)'
    search --no-floppy --fs-uuid --set bf2ed1f9-5817-422f-8c43-b9a0644cdf99
    linux16    /boot/memtest86+.bin console=ttyS0,115200n8
}
### END /etc/grub.d/20_memtest86+ ###

### BEGIN /etc/grub.d/30_os-prober ###
if [ ${timeout} != -1 ]; then
  if keystatus; then
    if keystatus --shift; then
      set timeout=-1
    else
      set timeout=0
    fi
  else
    if sleep --interruptible 3 ; then
      set timeout=0
    fi
  fi
fi
### END /etc/grub.d/30_os-prober ###

### BEGIN /etc/grub.d/40_custom ###
# This file provides an easy way to add custom menu entries.  Simply type the
# menu entries you want to add after this comment.  Be careful not to change
# the 'exec tail' line above.
### END /etc/grub.d/40_custom ###

=============================== sda1/etc/fstab: ===============================

# /etc/fstab: static file system information.
#
# Use 'blkid -o value -s UUID' to print the universally unique identifier
# for a device; this may be used with UUID= as a more robust way to name
# devices that works even if disks are added and removed. See fstab(5).
#
# <file system> <mount point>   <type>  <options>       <dump>  <pass>
proc            /proc           proc    nodev,noexec,nosuid 0       0
# / was on /dev/sda1 during installation
UUID=bf2ed1f9-5817-422f-8c43-b9a0644cdf99 /               ext4    errors=remount-ro 0       1
# swap was on /dev/sda5 during installation
UUID=bafc2c9c-c2e9-4882-8081-ed8e1dcc66cd none            swap    sw              0       0
/dev/fd0        /media/floppy0  auto    rw,user,noauto,exec,utf8 0       0

=================== sda1: Location of files loaded by Grub: ===================


 116.1GB: boot/grub/core.img
 197.7GB: boot/grub/grub.cfg
 116.1GB: boot/initrd.img-2.6.32-21-preempt
 116.2GB: boot/initrd.img-2.6.32-23-preempt
 189.2GB: boot/vmlinuz-2.6.32-21-preempt
    .4GB: boot/vmlinuz-2.6.32-23-preempt
 116.2GB: initrd.img
 116.1GB: initrd.img.old
    .4GB: vmlinuz
 189.2GB: vmlinuz.old
=========================== Unknown MBRs/Boot Sectors/etc =======================

Unknown BootLoader  on sda2

00000000  7c d8 38 96 ab d3 3b 30  84 ef 7b 2b 3f 02 00 83  ||.8...;0..{+?...|
00000010  71 22 24 d2 e4 63 3f 71  8c 10 84 fd 16 a0 81 79  |q"$..c?q.......y|
00000020  6a 42 4b 77 b4 db bc 92  94 30 84 e5 ca be bb 78  |jBKw.....0.....x|
00000030  6d dd 65 0f f7 90 77 71  8c 10 84 7e 62 22 e8 81  |m.e...wq...~b"..|
00000040  72 2c fd b8 f5 65 0f 51  8c cf 7b 8a 8e e8 da 8a  |r,...e.Q..{.....|
00000050  75 09 7b b2 63 57 62 30  84 cf 7b f8 b6 ef 7a 93  |u.{.cWb0..{...z.|
00000060  7b b9 ed da 65 49 8c ef  7b 8e 73 a0 22 f8 57 8e  |{...eI..{.s.".W.|
00000070  82 e9 5f 96 db b6 01 cf  7b 8e 73 b0 ea eb 57 93  |.._.....{.s...W.|
00000080  8a c9 fd df 75 59 12 ae  73 8e 73 f0 60 dc 55 96  |....uY..s.s.`.U.|
00000090  8a 69 cd 7a e5 34 62 8e  73 4d 6b 00 80 e2 7f 96  |.i.z.4b.sMk.....|
000000a0  89 d5 b4 b5 d3 0a 30 ae  73 4d 6b 2b ff 57 7f 8b  |......0.sMk+.W..|
000000b0  98 25 9b 6e db 08 76 ae  73 4d 6b 2c 0a a2 a9 95  |.%.n..v.sMk,....|
000000c0  88 98 09 d5 22 7b 33 ef  7b 8e 73 b5 ea 83 af 8f  |...."{3.{.s.....|
000000d0  80 10 bf f5 ab 5f 32 10  84 cf 7b bd 8d ab bf 81  |....._2...{.....|
000000e0  72 90 0d 35 64 df d8 51  8c ef 7b fd ab 89 af 72  |r..5d..Q..{....r|
000000f0  69 60 3d fe bb af 26 51  8c 30 84 a5 eb fb ab 69  |i`=...&Q.0.....i|
00000100  67 80 03 c7 8e 1d db 51  8c 30 84 ab aa ab 0a 6b  |g......Q.0.....k|
00000110  68 49 9c 98 31 69 12 51  8c 30 84 aa aa aa a0 7e  |hI..1i.Q.0.....~|
00000120  6a 49 90 fc f9 7d bb 51  8c 10 84 68 a0 a8 aa 81  |jI...}.Q...h....|
00000130  72 02 24 01 89 90 5b 51  8c ef 7b ff ff f0 e8 81  |r.$...[Q..{.....|
00000140  7f 49 92 24 48 02 27 10  84 ef 7b ff ff fe fa 7f  |.I.$H.'...{.....|
00000150  80 00 00 00 00 00 00 f7  bc 00 02 aa aa aa aa 7f  |................|
*
000001b0  80 00 00 00 00 00 00 f7  bc 00 02 aa aa aa 00 fe  |................|
000001c0  ff ff 82 fe ff ff 02 00  00 00 00 40 2f 01 00 00  |...........@/...|
000001d0  00 00 00 00 00 00 00 00  00 00 00 00 00 00 00 00  |................|
*
000001f0  00 00 00 00 00 00 00 00  00 00 00 00 00 00 55 aa  |..............U.|
00000200


=============================== StdErr Messages: ===============================

ERROR: isw: wrong number of devices in RAID set "isw_dghjcfhb_Volume0" [1/2] on /dev/sda
ERROR: isw: wrong number of devices in RAID set "isw_dghjcfhb_Volume0" [1/2] on /dev/sda
ERROR: isw: wrong number of devices in RAID set "isw_dghjcfhb_Volume0" [1/2] on /dev/sda
ERROR: isw: wrong number of devices in RAID set "isw_dghjcfhb_Volume0" [1/2] on /dev/sda
ERROR: isw: wrong number of devices in RAID set "isw_dghjcfhb_Volume0" [1/2] on /dev/sda 
```Hope this helps in any way.

---

### Post by Arpagiator on 2010-07-09
Well, after a bit of hastle I think the problem has been solved. I enabled Raid for the Sata's drives in bios, restarted system, got into the raid-config and deleted the raid-array config that was saved. Then rebooted, disabled raid for the Sata's, and now there seems to be no trace of a raid array in Palimpset!

Reinstalling US 10.04 just to be sure.. will change thread status to solved if this works :D

In the meantime... here's some :popcorn: to munch on.

---

