---
title: "8.04 -&gt; 8.10 Upgrade mount: / is busy"
date: 2008-12-06
forum: Installation &amp; Upgrades
---

### Post by zobot1 on 2008-12-06
Hello.
After upgrade while reboot i have "mount: /is busy" error.
Next time booting mkfs repairs /, but next time i have same problem with "mount: /is busy".

```

$sudo hdparm -i /dev/sda

/dev/sda:

 Model=WDC WD2500BEVE-00WZT0                   , FwRev=01.01A01, SerialNo=     WD-WXEZ07T41329
 Config={ HardSect NotMFM HdSw>15uSec SpinMotCtl Fixed DTR>5Mbs FmtGapReq }
 RawCHS=16383/16/63, TrkSize=0, SectSize=0, ECCbytes=50
 BuffType=unknown, BuffSize=8192kB, MaxMultSect=16, MultSect=?16?
 CurCHS=16383/16/63, CurSects=16514064, LBA=yes, LBAsects=488397168
 IORDY=on/off, tPIO={min:120,w/IORDY:120}, tDMA={min:120,rec:120}
 PIO modes:  pio0 pio3 pio4 
 DMA modes:  mdma0 mdma1 mdma2 
 UDMA modes: udma0 udma1 udma2 udma3 udma4 *udma5 
 AdvancedPM=yes: unknown setting WriteCache=enabled
 Drive conforms to: Unspecified:  ATA/ATAPI-1,2,3,4,5,6,7

 * signifies the current active mode

```

```

$ sudo fdisk -l /dev/sda

Disk /dev/sda: 250.0 GB, 250059350016 bytes
255 heads, 63 sectors/track, 30401 cylinders
Units = cylinders of 16065 * 512 = 8225280 bytes
Disk identifier: 0x00000001

   Device Boot      Start         End      Blocks   Id  System
/dev/sda1   *           1        4863    39062016   83  Linux
/dev/sda2            4864       30401   205133985   83  Linux

```


```

$ cat /etc/fstab 
# /etc/fstab: static file system information.
#
# <file system> <mount point>   <type>  <options>       <dump>  <pass>
proc            /proc           proc    defaults        0       0
# /dev/sda1
UUID=b3b51ae6-812a-4604-a002-e1f2f159a4fe /               ext2    relatime,errors=remount-ro 0       1
# /dev/sda2
UUID=ceba0523-98d6-4c31-83c1-c2ce92eef131 /home           ext2    relatime        0       2
/dev/scd0       /media/cdrom0   udf,iso9660 user,noauto,exec,utf8 0       0

```

```

$ cat /etc/mtab 
/dev/sda1 / ext2 rw,relatime,errors=remount-ro 0 0
tmpfs /lib/init/rw tmpfs rw,nosuid,mode=0755 0 0
/proc /proc proc rw,noexec,nosuid,nodev 0 0
sysfs /sys sysfs rw,noexec,nosuid,nodev 0 0
varrun /var/run tmpfs rw,nosuid,mode=0755 0 0
varlock /var/lock tmpfs rw,noexec,nosuid,nodev,mode=1777 0 0
udev /dev tmpfs rw,mode=0755 0 0
tmpfs /dev/shm tmpfs rw,nosuid,nodev 0 0
devpts /dev/pts devpts rw,noexec,nosuid,gid=5,mode=620 0 0
fusectl /sys/fs/fuse/connections fusectl rw 0 0
lrm /lib/modules/2.6.27-9-generic/volatile tmpfs rw,mode=755 0 0
/dev/sda2 /home ext2 rw,relatime 0 0
securityfs /sys/kernel/security securityfs rw 0 0
binfmt_misc /proc/sys/fs/binfmt_misc binfmt_misc rw,noexec,nosuid,nodev 0 0
gvfs-fuse-daemon /home/asdasd/.gvfs fuse.gvfs-fuse-daemon rw,nosuid,nodev,user=asdasd 0 0
/dev/scd0 /media/cdrom0 iso9660 ro,nosuid,nodev,utf8,user=asdasd 0 0

```

---

