---
title: "Fesity Boot Errors, Strange $blkid, fstab changing Seems to work fine Take a look"
date: 2007-04-24
forum: Installation &amp; Upgrades
---

### Post by Chazall1 on 2007-04-24
I Upgraded from Edgy to Feisty Desktop on 4.13.07, Kernel, 2.6.20-15.27 and have had little trouble, However !
When I boot, looking at Usplash, I am getting an Error "Mounting Local File system (Failed)" I log-in and everything seems to be functioning properly. I opened up gparted and it indicated that my /home partition was not mounted, in the terminal, I type mount, and it indicates that my /home is mounted. All my fstab mount points function the way I have intended it to. I have been working on this for the past few days, and today, when I opened my fstab, the file was altered and I had 2 partitions #commented out, these entries were removed. and the words mapper were added to the functioning partitions. This seems strange to me, can anyone look at my info to see if Iam missing something here.

Thanks

desktop:~$ sudo fdisk -lu 
Password: 

Disk /dev/sda: 80.0 GB, 80000000000 bytes 
255 heads, 63 sectors/track, 9726 cylinders, total 156250000 sectors 
Units = sectors of 1 * 512 = 512 bytes 

   Device Boot      Start         End      Blocks   Id  System 
/dev/sda4              63   156248189    78124063+   5  Extended 
/dev/sda5             126    52436159    26218017   83  Linux 
/dev/sda6        52436223   123732629    35648203+  83  Linux 
/dev/sda7       123732693   125837144     1052226   82  Linux swap / Solaris 

Disk /dev/sdb: 80.0 GB, 80026361856 bytes 
255 heads, 63 sectors/track, 9729 cylinders, total 156301488 sectors 
Units = sectors of 1 * 512 = 512 bytes 

   Device Boot      Start         End      Blocks   Id  System 
/dev/sdb1              63       96389       48163+  de  Dell Utility 
/dev/sdb2   *       96390   146898359    73400985    7  HPFS/NTFS 
/dev/sdb3       146898360   152665694     2883667+   b  W95 FAT32 

desktop:~$ mount 
/dev/sda6 on / type ext3 (rw,errors=remount-ro) 
proc on /proc type proc (rw,noexec,nosuid,nodev) 
/sys on /sys type sysfs (rw,noexec,nosuid,nodev) 
varrun on /var/run type tmpfs (rw,noexec,nosuid,nodev,mode=0755) 
varlock on /var/lock type tmpfs (rw,noexec,nosuid,nodev,mode=1777) 
procbususb on /proc/bus/usb type usbfs (rw) 
udev on /dev type tmpfs (rw,mode=0755) 
devshm on /dev/shm type tmpfs (rw) 
devpts on /dev/pts type devpts (rw,gid=5,mode=620) 
lrm on /lib/modules/2.6.20-15-generic/volatile type tmpfs (rw) 
/dev/mapper/sda5 on /home type ext3 (rw) 
/dev/disk/by-uuid/CAF012F3F012E58B on /media/hdb2 type fuseblk (rw,nosuid,nodev,noatime,allow_other,default_permissions,blksize=4096) 
/dev/mapper/sdb1 on /media/hdb1 type vfat (rw,iocharset=utf8,umask=000) 
binfmt_misc on /proc/sys/fs/binfmt_misc type binfmt_misc (rw) 

-desktop:~$ ls /dev/disk/by-uuid/ -alh 
total 0 
drwxr-xr-x 2 root root 140 2007-04-24 22:36 . 
drwxr-xr-x 6 root root 120 2007-04-24 18:36 .. 
lrwxrwxrwx 1 root root  17 2007-04-24 22:36 07D4-0C0C -> ../../mapper/sdb1 
lrwxrwxrwx 1 root root  17 2007-04-24 22:36 18c79eac-b4e4-4fea-a502-786ce82af86e -> ../../mapper/sda5 
lrwxrwxrwx 1 root root  17 2007-04-24 22:36 8bd36f06-7967-47e4-9933-669abf52b03f -> ../../mapper/sda6 
lrwxrwxrwx 1 root root  17 2007-04-24 22:36 ae513c0e-9646-47f3-8ffe-17c18555b26b -> ../../mapper/sda7 
lrwxrwxrwx 1 root root  17 2007-04-24 22:36 CAF012F3F012E58B -> ../../mapper/sdb2

-desktop:~$ blkid 
/dev/mapper/sdb3: UUID="0000-0000" TYPE="vfat" 
/dev/mapper/sdb2: TYPE="ntfs" 
/dev/mapper/sdb1: SEC_TYPE="msdos" LABEL="DellUtility" UUID="07D4-0C0C" TYPE="vfat" 
/dev/mapper/sda7: TYPE="swap" UUID="ae513c0e-9646-47f3-8ffe-17c18555b26b" 
/dev/sda5: LABEL="Ubuntu Home" UUID="18c79eac-b4e4-4fea-a502-786ce82af86e" SEC_TYPE="ext2" TYPE="ext3" 
/dev/sda6: LABEL="Ubuntu Root" UUID="8bd36f06-7967-47e4-9933-669abf52b03f" SEC_TYPE="ext2" TYPE="ext3" 
/dev/sda7: UUID="ae513c0e-9646-47f3-8ffe-17c18555b26b" TYPE="swap" 
/dev/sdb1: SEC_TYPE="msdos" LABEL="DellUtility" UUID="07D4-0C0C" TYPE="vfat" 
/dev/sdb2: TYPE="ntfs" 
/dev/sdb3: UUID="0000-0000" TYPE="vfat" 
/dev/mapper/sda6: LABEL="Ubuntu Root" UUID="8bd36f06-7967-47e4-9933-669abf52b03f" SEC_TYPE="ext2" TYPE="ext3" 
/dev/mapper/sda5: LABEL="Ubuntu Home" UUID="18c79eac-b4e4-4fea-a502-786ce82af86e" SEC_TYPE="ext2" TYPE="ext3" 

I added hdb1, I know that Feisty Lists HD as SD and I found /mapper/ added today!

# /etc/fstab: static file system information. 
# 
#  -- This file has been automaticly generated by ntfs-config -- 
# 
# <file system> <mount point>   <type>  <options>       <dump>  <pass> 

proc /proc proc defaults 0 0 
# Entry for /dev/mapper/sda6 : 
UUID=8bd36f06-7967-47e4-9933-669abf52b03f / ext3 defaults,errors=remount-ro 0 1 
# Entry for /dev/sda5 : 
UUID=18c79eac-b4e4-4fea-a502-786ce82af86e /home ext3 defaults 0 2 
# Entry for /dev/mapper/sdb2 : 
UUID=CAF012F3F012E58B /media/hdb2 ntfs-3g defaults,nls=utf8,umask=007,gid=46 0 1 
# Entry for /dev/hdb1 : converted during upgrade to edgy 
UUID=07D4-0C0C /media/hdb1  vfat iocharset=utf8,umask=000     0       0 
# Entry for /dev/mapper/sda7 : 
UUID=ae513c0e-9646-47f3-8ffe-17c18555b26b none swap sw 0 0 
/dev/cdrom /media/cdrom0 udf,iso9660 user,noauto 0 0 
/dev/hdb2 /mnt/windows ntfs-3g defaults 0 0 

Yesterdays fstab

# /etc/fstab: static file system information. 
# 
#  -- This file has been automaticly generated by ntfs-config -- 
# 
# <file system> <mount point>   <type>  <options>       <dump>  <pass> 

proc /proc proc defaults 0 0 
# Entry for /dev/hda6 : 
UUID=8bd36f06-7967-47e4-9933-669abf52b03f / ext3 defaults,errors=remount-ro 0 1 
# Entry for /dev/hda5 : 
UUID=18c79eac-b4e4-4fea-a502-786ce82af86e /home ext3 defaults 0 2 
# /dev/hdb1 -- converted during upgrade to edgy 
#UUID=07D4-0C0C /media/hdb1  vfat iocharset=utf8,umask=000     0       0 
# /dev/hdb2 -- converted during upgrade to edgy 
UUID=CAF012F3F012E58B /media/hdb2 ntfs-3g defaults,nls=utf8,umask=007,gid=46 0 1 
# /dev/hdb3 -- converted during upgrade to edgy 
#/dev/hdb3   /media/hdb3  vfat iocharset=utf8,umask=000     0       0 
#/dev/hda7 
UUID=ae513c0e-9646-47f3-8ffe-17c18555b26b	none swap sw 0 0 
/dev/cdrom   /media/cdrom0   udf,iso9660 user,noauto     0       0 
/dev/hdb2 /mnt/windows ntfs-3g defaults 0 0

Thanks!

---

