---
title: "Installation XP on Ubuntu8.10 hardisk not found"
date: 2009-03-22
forum: Installation &amp; Upgrades
---

### Post by ivsp on 2009-03-22
Dear All,
I have Ubuntu8.10, on which I want to install XP. After the system boots through windows xp it is giving error that no harddrives found and asks to quit the setup. I am attaching the output of fdisk -lu.  Finally I want a dual boot of both xp and ubuntu 8.10.
Please advice what is that missing in installing XP over ubuntu 8.10


Disk /dev/sda: 250.0 GB, 250059350016 bytes
255 heads, 63 sectors/track, 30401 cylinders, total 488397168 sectors
Units = sectors of 1 * 512 = 512 bytes
Disk identifier: 0x78000000

   Device Boot      Start         End      Blocks   Id  System
/dev/sda1   *          63    51199154    25599546    b  W95 FAT32
/dev/sda2       156248190   488392064   166071937+   5  Extended
/dev/sda3        51199155    92164904    20482875    7  HPFS/NTFS
/dev/sda5       156248253   273442364    58597056    b  W95 FAT32
/dev/sda6       273442428   277346159     1951866   82  Linux swap / Solaris
/dev/sda7       277346223   394540334    58597056   83  Linux
/dev/sda8       394540398   488392064    46925833+  83  Linux

Partition table entries are not in disk order

---

