---
title: "trying to remount/ find drive"
date: 2007-05-17
forum: Installation &amp; Upgrades
---

### Post by shickidyshade on 2007-05-17
Hey guys
I cant seem to find a shared hardrive between vista and ubuntu that has always worked for me.

this is what
Code:

sudo fdisk -l

looks like
Code:

Disk /dev/sda: 160.0 GB, 160041885696 bytes
255 heads, 63 sectors/track, 19457 cylinders
Units = cylinders of 16065 * 512 = 8225280 bytes

   Device Boot      Start         End      Blocks   Id  System
/dev/sda1   *           1       19458   156288000    7  HPFS/NTFS

Disk /dev/sdb: 160.0 GB, 160041885696 bytes
255 heads, 63 sectors/track, 19457 cylinders
Units = cylinders of 16065 * 512 = 8225280 bytes

   Device Boot      Start         End      Blocks   Id  System
/dev/sdb1   *           1       18701   150215751   83  Linux
/dev/sdb2           18702       19457     6072570    5  Extended
/dev/sdb5           18702       19457     6072538+  82  Linux swap / Solaris

Disk /dev/sdc: 500.1 GB, 500107862016 bytes
255 heads, 63 sectors/track, 60801 cylinders
Units = cylinders of 16065 * 512 = 8225280 bytes

   Device Boot      Start         End      Blocks   Id  System
/dev/sdc1               1       60802   488384512    7  HPFS/NTFS

Disk /dev/sde: 500.1 GB, 500107862016 bytes
255 heads, 63 sectors/track, 60801 cylinders
Units = cylinders of 16065 * 512 = 8225280 bytes

   Device Boot      Start         End      Blocks   Id  System
/dev/sde1               1       60802   488384512    7  HPFS/NTFS


and this is what
Code:

sudo nano /etc/fstab

looks like
Code:

  GNU nano 2.0.2              File: /etc/fstab                                  

# /etc/fstab: static file system information.
#
#  -- This file has been automaticly generated by ntfs-config --
#
# <file system> <mount point>   <type>  <options>       <dump>  <pass>

proc /proc proc defaults 0 0
# Entry for /dev/sdb1 :
UUID=a9c6a64e-fe7f-4d20-a58c-96ea97da87bb / ext3 defaults,errors=remount-ro 0 1
# Entry for /dev/sdb5 :
UUID=64025352-1a65-46cf-ad80-6556fb353546 none swap sw 0 0
/dev/cdrom /media/cdrom0 udf,iso9660 user,noauto 0 0
/dev/hdb /media/cdrom1 udf,iso9660 user,noauto 0 0
/dev/ /media/floppy0 auto rw,user,noauto 0 0
/dev/sdc1 /shared ntfs-3g defaults,locale=en_US.utf8 0 0

Thanks in advance for any help.

On and any idea with the update to fiesty fawn found my windows drive but never looked for the shared drive idk . Thanks again

---

### Post by IgnorantGuru on 2007-05-17
I posted a reply in your general help post...
[http://ubuntuforums.org/showthread.php?t=447209](http://ubuntuforums.org/showthread.php?t=447209)

---

