---
title: "Gave up waiting for root device?"
date: 2010-10-23
forum: Installation &amp; Upgrades
---

### Post by pedal_pusher2008 on 2010-10-23
First of all, Hello ubuntu forums, I am a new user of ubuntu as of today and new to the forums aswell. Please be kind :)

Today I tried to install ubuntu netbook remix 10.10 on my new nb200 netbook so I could dual boot alongside win7.

I made my live usb, booted from it and installed just fine but when I tried to restart and boot into ubuntu I hit a problem. I am greeted with a message saying "Gave up waiting for root device. Common problems:" and then some other stuff.

I searched google about it and found this thread:

[http://ubuntuforums.org/showthread.php?t=1399810](http://ubuntuforums.org/showthread.php?t=1399810)

and took it's advice to use this:

[http://bootinfoscript.sourceforge.net/](http://bootinfoscript.sourceforge.net/)

to help diagnose the problem, I have the output but no idea where to go from here. Here's what I got anyway:

```
Boot Info Script 0.55    dated February 15th, 2010                    

============================= Boot Info Summary: ==============================

 => Syslinux is installed in the MBR of /dev/sda
 => Grub 2 is installed in the MBR of /dev/sdb and looks on the same drive in 
    partition #5 for (,msdos5)/boot/grub.

sda1: _________________________________________________________________________

    File system:       vfat
    Boot sector type:  Unknown
    Boot sector info:  No errors found in the Boot Parameter Block.
    Operating System:  
    Boot files/dirs:   

sdb1: _________________________________________________________________________

    File system:       ntfs
    Boot sector type:  Windows Vista/7
    Boot sector info:  No errors found in the Boot Parameter Block.
    Operating System:  
    Boot files/dirs:   /bootmgr /Boot/BCD

sdb2: _________________________________________________________________________

    File system:       ntfs
    Boot sector type:  Windows Vista/7
    Boot sector info:  No errors found in the Boot Parameter Block.
    Operating System:  Windows 7
    Boot files/dirs:   /Windows/System32/winload.exe

sdb3: _________________________________________________________________________

    File system:       ntfs
    Boot sector type:  Windows Vista/7
    Boot sector info:  No errors found in the Boot Parameter Block.
    Operating System:  
    Boot files/dirs:   

sdb4: _________________________________________________________________________

    File system:       Extended Partition
    Boot sector type:  -
    Boot sector info:  

sdb5: _________________________________________________________________________

    File system:       ext4
    Boot sector type:  -
    Boot sector info:  
    Operating System:  Ubuntu 10.10
    Boot files/dirs:   /boot/grub/grub.cfg /etc/fstab /boot/grub/core.img

sdb6: _________________________________________________________________________

    File system:       swap
    Boot sector type:  -
    Boot sector info:  

=========================== Drive/Partition Info: =============================

Drive: sda ___________________ _____________________________________________________

Disk /dev/sda: 8019 MB, 8019509248 bytes
20 heads, 16 sectors/track, 48947 cylinders, total 15663104 sectors
Units = sectors of 1 * 512 = 512 bytes
Sector size (logical/physical): 512 bytes / 512 bytes

Partition  Boot         Start           End          Size  Id System

/dev/sda1    *             80    15,663,103    15,663,024   c W95 FAT32 (LBA)


Drive: sdb ___________________ _____________________________________________________

Disk /dev/sdb: 250.1 GB, 250059350016 bytes
255 heads, 63 sectors/track, 30401 cylinders, total 488397168 sectors
Units = sectors of 1 * 512 = 512 bytes
Sector size (logical/physical): 512 bytes / 512 bytes

Partition  Boot         Start           End          Size  Id System

/dev/sdb1    *          2,048       821,247       819,200  27 Hidden HPFS/NTFS
/dev/sdb2             821,248   244,533,247   243,712,000   7 HPFS/NTFS
/dev/sdb3         244,533,248   263,530,957    18,997,710   7 HPFS/NTFS
/dev/sdb4         263,532,542   488,396,799   224,864,258   5 Extended
/dev/sdb5         263,532,544   482,254,847   218,722,304  83 Linux
/dev/sdb6         482,256,896   488,396,799     6,139,904  82 Linux swap / Solaris


blkid -c /dev/null: ____________________________________________________________

Device           UUID                                   TYPE       LABEL                         

/dev/loop0                                              squashfs                                 
/dev/sda1        D2A9-25AB                              vfat       PENDRIVE                      
/dev/sda: PTTYPE="dos" 
/dev/sdb1        0A0A54A30A548D97                       ntfs       SYSTEM                        
/dev/sdb2        0A9858DD9858C8B9                       ntfs       WINDOWS                       
/dev/sdb3        ACFC5B9BFC5B5EA0                       ntfs       Data                          
/dev/sdb4: PTTYPE="dos" 
/dev/sdb5        475eadf6-13a1-4b41-8167-61abac9e9682   ext4                                     
/dev/sdb6        5ea46b80-f781-4732-82e3-a9ed8ef4be72   swap                                     
/dev/sdb: PTTYPE="dos" 

============================ "mount | grep ^/dev  output: ===========================

Device           Mount_Point              Type       Options

aufs             /                        aufs       (rw)
/dev/sda1        /cdrom                   vfat       (rw,relatime,fmask=0022,dmask=0022,codepage=cp437,iocharset=iso8859-1,shortname=mixed,errors=remount-ro)
/dev/loop0       /rofs                    squashfs   (ro,noatime)
/dev/sdb5        /media/475eadf6-13a1-4b41-8167-61abac9e9682 ext4       (rw,nosuid,nodev,uhelper=udisks)


=========================== sdb5/boot/grub/grub.cfg: ===========================

#
# DO NOT EDIT THIS FILE
#
# It is automatically generated by grub-mkconfig using templates
# from /etc/grub.d and settings from /etc/default/grub
#

### BEGIN /etc/grub.d/00_header ###
if [ -s $prefix/grubenv ]; then
  set have_grubenv=true
  load_env
fi
set default="0"
if [ "${prev_saved_entry}" ]; then
  set saved_entry="${prev_saved_entry}"
  save_env saved_entry
  set prev_saved_entry=
  save_env prev_saved_entry
  set boot_once=true
fi

function savedefault {
  if [ -z "${boot_once}" ]; then
    saved_entry="${chosen}"
    save_env saved_entry
  fi
}

function recordfail {
  set recordfail=1
  if [ -n "${have_grubenv}" ]; then if [ -z "${boot_once}" ]; then save_env recordfail; fi; fi
}

function load_video {
  insmod vbe
  insmod vga
}

insmod part_msdos
insmod ext2
set root='(hd1,msdos5)'
search --no-floppy --fs-uuid --set 475eadf6-13a1-4b41-8167-61abac9e9682
if loadfont /usr/share/grub/unicode.pf2 ; then
  set gfxmode=640x480
  load_video
  insmod gfxterm
fi
terminal_output gfxterm
insmod part_msdos
insmod ext2
set root='(hd1,msdos5)'
search --no-floppy --fs-uuid --set 475eadf6-13a1-4b41-8167-61abac9e9682
set locale_dir=($root)/boot/grub/locale
set lang=en
insmod gettext
if [ "${recordfail}" = 1 ]; then
  set timeout=-1
else
  set timeout=10
fi
### END /etc/grub.d/00_header ###

### BEGIN /etc/grub.d/05_debian_theme ###
set menu_color_normal=white/black
set menu_color_highlight=black/light-gray
### END /etc/grub.d/05_debian_theme ###

### BEGIN /etc/grub.d/10_linux ###
menuentry 'Ubuntu, with Linux 2.6.35-22-generic' --class ubuntu --class gnu-linux --class gnu --class os {
        recordfail
        insmod part_msdos
        insmod ext2
        set root='(hd1,msdos5)'
        search --no-floppy --fs-uuid --set 475eadf6-13a1-4b41-8167-61abac9e9682
        linux   /boot/vmlinuz-2.6.35-22-generic root=UUID=475eadf6-13a1-4b41-8167-61abac9e9682 ro   quiet splash
        initrd  /boot/initrd.img-2.6.35-22-generic
}
menuentry 'Ubuntu, with Linux 2.6.35-22-generic (recovery mode)' --class ubuntu --class gnu-linux --class gnu --class os {
        recordfail
        insmod part_msdos
        insmod ext2
        set root='(hd1,msdos5)'
        search --no-floppy --fs-uuid --set 475eadf6-13a1-4b41-8167-61abac9e9682
        echo    'Loading Linux 2.6.35-22-generic ...'
        linux   /boot/vmlinuz-2.6.35-22-generic root=UUID=475eadf6-13a1-4b41-8167-61abac9e9682 ro single 
        echo    'Loading initial ramdisk ...'
        initrd  /boot/initrd.img-2.6.35-22-generic
}
### END /etc/grub.d/10_linux ###

### BEGIN /etc/grub.d/20_linux_xen ###
### END /etc/grub.d/20_linux_xen ###

### BEGIN /etc/grub.d/20_memtest86+ ###
menuentry "Memory test (memtest86+)" {
        insmod part_msdos
        insmod ext2
        set root='(hd1,msdos5)'
        search --no-floppy --fs-uuid --set 475eadf6-13a1-4b41-8167-61abac9e9682
        linux16 /boot/memtest86+.bin
}
menuentry "Memory test (memtest86+, serial console 115200)" {
        insmod part_msdos
        insmod ext2
        set root='(hd1,msdos5)'
        search --no-floppy --fs-uuid --set 475eadf6-13a1-4b41-8167-61abac9e9682
        linux16 /boot/memtest86+.bin console=ttyS0,115200n8
}
### END /etc/grub.d/20_memtest86+ ###

### BEGIN /etc/grub.d/30_os-prober ###
menuentry "Windows 7 (loader) (on /dev/sdb1)" {
        insmod part_msdos
        insmod ntfs
        set root='(hd1,msdos1)'
        search --no-floppy --fs-uuid --set 0a0a54a30a548d97
        chainloader +1
}
### END /etc/grub.d/30_os-prober ###

### BEGIN /etc/grub.d/40_custom ###
# This file provides an easy way to add custom menu entries.  Simply type the
# menu entries you want to add after this comment.  Be careful not to change
# the 'exec tail' line above.
### END /etc/grub.d/40_custom ###

### BEGIN /etc/grub.d/41_custom ###
if [ -f  $prefix/custom.cfg ]; then
  source $prefix/custom.cfg;
fi
### END /etc/grub.d/41_custom ###

=============================== sdb5/etc/fstab: ===============================

# /etc/fstab: static file system information.
#
# Use 'blkid -o value -s UUID' to print the universally unique identifier
# for a device; this may be used with UUID= as a more robust way to name
# devices that works even if disks are added and removed. See fstab(5).
#
# <file system> <mount point>   <type>  <options>       <dump>  <pass>
proc            /proc           proc    nodev,noexec,nosuid 0       0
# / was on /dev/sdb5 during installation
UUID=475eadf6-13a1-4b41-8167-61abac9e9682 /               ext4    errors=remount-ro 0       1
# swap was on /dev/sdb6 during installation
UUID=5ea46b80-f781-4732-82e3-a9ed8ef4be72 none            swap    sw              0       0

=================== sdb5: Location of files loaded by Grub: ===================


 210.2GB: boot/grub/core.img
 214.9GB: boot/grub/grub.cfg
 169.9GB: boot/initrd.img-2.6.35-22-generic
 210.2GB: boot/vmlinuz-2.6.35-22-generic
 169.9GB: initrd.img
 210.2GB: vmlinuz
=========================== Unknown MBRs/Boot Sectors/etc =======================

Unknown BootLoader  on sda1

00000000  eb 58 90 53 59 53 4c 49  4e 55 58 00 02 08 22 00  |.X.SYSLINUX...".|
00000010  02 00 00 00 00 f8 00 00  3f 00 ff 00 50 00 00 00  |........?...P...|
00000020  b0 ff ee 00 a3 3b 00 00  00 00 00 00 02 00 00 00  |.....;..........|
00000030  01 00 06 00 00 00 00 00  00 00 00 00 00 00 00 00  |................|
00000040  00 00 29 ab 25 a9 d2 4e  4f 20 4e 41 4d 45 20 20  |..).%..NO NAME  |
00000050  20 20 46 41 54 33 32 20  20 20 fa fc 31 c9 8e d1  |  FAT32   ..1...|
00000060  bc 76 7b 52 06 57 8e c1  b1 26 bf 78 7b f3 a5 8e  |.v{R.W...&.x{...|
00000070  d9 bb 78 00 0f b4 37 0f  a0 56 20 d2 78 1b 31 c0  |..x...7..V .x.1.|
00000080  b1 06 89 3f 89 47 02 f3  64 a5 8a 0e 18 7c 88 4d  |...?.G..d....|.M|
00000090  bc 50 50 50 50 cd 13 eb  4b f6 45 b4 7f 75 25 38  |.PPPP...K.E..u%8|
000000a0  4d b8 74 20 66 3d 21 47  50 54 75 10 80 7d b8 ed  |M.t f=!GPTu..}..|
000000b0  75 0a 66 ff 75 ec 66 ff  75 e8 eb 0f 51 51 66 ff  |u.f.u.f.u...QQf.|
000000c0  75 bc eb 07 51 51 66 ff  36 1c 7c b4 08 cd 13 72  |u...QQf.6.|....r|
000000d0  13 20 e4 75 0f c1 ea 08  42 89 16 1a 7c 83 e1 3f  |. .u....B...|..?|
000000e0  89 0e 18 7c fb bb aa 55  b4 41 8a 16 74 7b cd 13  |...|...U.A..t{..|
000000f0  72 10 81 fb 55 aa 75 0a  f6 c1 01 74 05 c6 06 32  |r...U.u....t...2|
00000100  7d 00 66 b8 30 47 06 00  66 ba 00 00 00 00 bb 00  |}.f.0G..f.......|
00000110  7e e8 10 00 66 81 3e 24  7e 34 be f5 72 75 76 ea  |~...f.>$~4..ruv.|
00000120  38 7e 00 00 66 03 06 64  7b 66 13 16 68 7b b9 10  |8~..f..d{f..h{..|
00000130  00 eb 2b 66 52 66 50 06  53 6a 01 6a 10 89 e6 66  |..+fRfP.Sj.j...f|
00000140  60 b4 42 e8 7f 00 66 61  8d 64 10 72 01 c3 66 60  |`.B...fa.d.r..f`|
00000150  31 c0 e8 70 00 66 61 e2  da c6 06 32 7d 2b 66 60  |1..p.fa....2}+f`|
00000160  66 0f b7 36 18 7c 66 0f  b7 3e 1a 7c 66 f7 f6 31  |f..6.|f..>.|f..1|
00000170  c9 87 ca 66 f7 f7 66 3d  ff 03 00 00 77 17 c0 e4  |...f..f=....w...|
00000180  06 41 08 e1 88 c5 88 d6  b8 01 02 e8 37 00 66 61  |.A..........7.fa|
00000190  72 01 c3 e2 c9 31 f6 8e  d6 bc 6c 7b 8e de 66 8f  |r....1....l{..f.|
000001a0  06 78 00 be cc 7d e8 09  00 31 c0 cd 16 cd 19 f4  |.x...}...1......|
000001b0  eb fd 66 60 ac 20 c0 74  09 b4 0e bb 07 00 cd 10  |..f`. .t........|
000001c0  eb f2 66 61 c3 8a 16 74  7b cd 13 c3 42 6f 6f 74  |..fa...t{...Boot|
000001d0  20 65 72 72 6f 72 0d 0a  00 00 00 00 00 00 00 00  | error..........|
000001e0  00 00 00 00 00 00 00 00  00 00 00 00 00 00 00 00  |................|
000001f0  00 00 00 00 00 00 00 00  00 00 00 00 00 00 55 aa  |..............U.|
00000200
```

What can I do to get ubuntu working?

Thanks in advance!

---

