---
title: "[SOLVED] Partitioning help (i think) Grub Error 2 after multiple installs (fedora 8 w"
date: 2007-12-11
forum: Installation &amp; Upgrades
---

### Post by scurry7 on 2007-12-11
I've crossed the first hurdle (getting ubuntu to load gdm -- [http://ubuntuforums.org/showthread.php?t=233340](http://ubuntuforums.org/showthread.php?t=233340)). Now I'm trying to get it to partition things correctly (i think that is the problem anyway)



after a default intall (or anyway I customize partitions in the install) I get a grub error (error 2). I have tried many forums looking for answers (this one was very informative [http://ubuntuforums.org/showthread.php?t=534055](http://ubuntuforums.org/showthread.php?t=534055) it helped me understand grub a lot better). Tried the Super Grub with no luck (cool prog though).  3 days of searching resulted to a distro swap: fedora 8.  It worked, booted live cd > installed > rebooted and grub worked.  It looks like it did things very differently on the partition setup than Ubuntu. Here is my settings in the fedora 8 setup (working setup):


menu.lst:
```
# grub.conf generated by anaconda
#
# Note that you do not have to rerun grub after making changes to this file
# NOTICE:  You have a /boot partition.  This means that
#          all kernel and initrd paths are relative to /boot/, eg.
#          root (hd0,1)
#          kernel /vmlinuz-version ro root=/dev/VolGroup00/LogVol00
#          initrd /initrd-version.img
#boot=/dev/mapper/nvidia_deebdjei
default=0
timeout=5
splashimage=(hd0,1)/grub/splash.xpm.gz
hiddenmenu
title Fedora (2.6.23.8-63.fc8)
	root (hd0,1)
	kernel /vmlinuz-2.6.23.8-63.fc8 ro root=/dev/VolGroup00/LogVol00 rhgb quiet
	initrd /initrd-2.6.23.8-63.fc8.img
title Fedora (2.6.23.1-42.fc8)
	root (hd0,1)
	kernel /vmlinuz-2.6.23.1-42.fc8 ro root=/dev/VolGroup00/LogVol00 rhgb quiet
	initrd /initrd-2.6.23.1-42.fc8.img
title Other
	rootnoverify (hd0,0)
	chainloader +1
```

fdisk  -l:
```

Disk /dev/sda: 100.0 GB, 100030242816 bytes
255 heads, 63 sectors/track, 12161 cylinders
Units = cylinders of 16065 * 512 = 8225280 bytes
Disk identifier: 0x000915d6

   Device Boot      Start         End      Blocks   Id  System
/dev/sda1   *           1           7       56196    7  HPFS/NTFS
/dev/sda2               8          32      200812+  83  Linux
/dev/sda3              33       24322   195109425   8e  Linux LVM

Disk /dev/sdb: 100.0 GB, 100030242816 bytes
255 heads, 63 sectors/track, 12161 cylinders
Units = cylinders of 16065 * 512 = 8225280 bytes
Disk identifier: 0x19dd19dc


Disk /dev/dm-0: 200.0 GB, 200060436480 bytes
255 heads, 63 sectors/track, 24322 cylinders
Units = cylinders of 16065 * 512 = 8225280 bytes
Disk identifier: 0x000915d6

     Device Boot      Start         End      Blocks   Id  System
/dev/dm-0p1   *           1           7       56196    7  HPFS/NTFS
/dev/dm-0p2               8          32      200812+  83  Linux
/dev/dm-0p3              33       24322   195109425   8e  Linux LVM

Disk /dev/dm-1: 57 MB, 57544704 bytes
255 heads, 63 sectors/track, 6 cylinders
Units = cylinders of 16065 * 512 = 8225280 bytes
Disk identifier: 0x69205244

This doesn't look like a partition table
Probably you selected the wrong device.

     Device Boot      Start         End      Blocks   Id  System
/dev/dm-1p1   ?       13578      119522   850995205   72  Unknown
Partition 1 has different physical/logical beginnings (non-Linux?):
     phys=(368, 111, 45) logical=(13577, 238, 11)
Partition 1 has different physical/logical endings:
     phys=(371, 101, 51) logical=(119521, 238, 60)
Partition 1 does not end on cylinder boundary.
/dev/dm-1p2   ?       45382       79243   271987362   74  Unknown
Partition 2 has different physical/logical beginnings (non-Linux?):
     phys=(67, 115, 32) logical=(45381, 70, 3)
Partition 2 has different physical/logical endings:
     phys=(299, 114, 44) logical=(79242, 34, 29)
Partition 2 does not end on cylinder boundary.
/dev/dm-1p3   ?       10499       10499           0   65  Novell Netware 386
Partition 3 has different physical/logical beginnings (non-Linux?):
     phys=(114, 111, 32) logical=(10498, 56, 41)
Partition 3 has different physical/logical endings:
     phys=(353, 115, 52) logical=(10498, 56, 40)
Partition 3 does not end on cylinder boundary.
/dev/dm-1p4          167628      167631       25817+   0  Empty
Partition 4 has different physical/logical beginnings (non-Linux?):
     phys=(0, 0, 0) logical=(167627, 190, 52)
Partition 4 has different physical/logical endings:
     phys=(0, 0, 0) logical=(167630, 245, 26)
Partition 4 does not end on cylinder boundary.

Partition table entries are not in disk order

Disk /dev/dm-2: 205 MB, 205632000 bytes
255 heads, 63 sectors/track, 25 cylinders
Units = cylinders of 16065 * 512 = 8225280 bytes
Disk identifier: 0x00000000


Disk /dev/dm-3: 199.7 GB, 199792051200 bytes
255 heads, 63 sectors/track, 24290 cylinders
Units = cylinders of 16065 * 512 = 8225280 bytes
Disk identifier: 0x00000000


Disk /dev/dm-4: 197.6 GB, 197669158912 bytes
255 heads, 63 sectors/track, 24031 cylinders
Units = cylinders of 16065 * 512 = 8225280 bytes
Disk identifier: 0x00000000


Disk /dev/dm-5: 2080 MB, 2080374784 bytes
255 heads, 63 sectors/track, 252 cylinders
Units = cylinders of 16065 * 512 = 8225280 bytes
Disk identifier: 0x30307800

```

fstab
```
/dev/VolGroup00/LogVol00 /                       ext3    defaults        1 1
LABEL=/boot             /boot                   ext3    defaults        1 2
tmpfs                   /dev/shm                tmpfs   defaults        0 0
devpts                  /dev/pts                devpts  gid=5,mode=620  0 0
sysfs                   /sys                    sysfs   defaults        0 0
proc                    /proc                   proc    defaults        0 0
/dev/VolGroup00/LogVol01 swap                    swap    defaults        0 0
```

df
```
Filesystem           1K-blocks      Used Available Use% Mounted on
/dev/mapper/VolGroup00-LogVol00
                     190007020   2615512 187391508   2% /
/dev/mapper/nvidia_deebdjeip2
                        194449     18865    165544  11% /boot
tmpfs                  1037520        12   1037508   1% /dev/shm
```


when i setup the ubuntu live install process and get to the "prepare disk space" the options i have are 1) guided - use entire disk 1a) scsi3 (0,0,0) (sda) - 100.0GB ATA ST910021AS 1b) SCSI4 (0,0,0) (sdb) - 100.0 GB ATA ST910021AS or 2) manual. I choose manual, then it wants me to setup a partition table under /dev/sda or /dev/sdb.  I'm supposed to have a RAID 0 (striped) or at least that is what it says in my Controller card config when i enter it on boot. 


My mind is fried from searching and learning please walk me through some things to get Ubuntu working!

few sys specs:
```

Alienware AURORA M9700

AURORA-M 9700 17" WUXGA W/ CAM
AMD TURION 1.8 GHZ 35W L2 1MB ML-34
2 |  PDP 1GB DDR PC3200 SODIMM AW90
9700 INTERNAL MINI-PCI TV TUNER WITH COAXIAL
2 |  SEAGATE 100GB 7200RPM SATA NCQ
8X DVD+/-RW NEC AD-5540A REV 1
2 |  9700 NVIDIA 7900 GS WITH 256MB

```

---

### Post by scurry7 on 2007-12-14
**I figured it out!** thanks to this post: [http://ubuntuforums.org/showthread.php?t=630644](http://ubuntuforums.org/showthread.php?t=630644)
I needed to manually do the raid, because the standard installer cant handle it.

---

