---
title: "video card resolution problem"
date: 2007-07-31
forum: Multimedia &amp; Video
---

### Post by grooverider on 2007-07-31
hi ppl,
i have a foxconn motherboard, winfast, it's model number is K8M890M2MA-KRS2H, has an onboard video card among other things, i installed ubuntu feisty on it, it's all updated and everything, started the installation from the livecd, when it booted into the system the screen was flickering like hell, i could still make out things, so i lowered the resolution to 1024x768 and this is working fine, no flickering etc, but i can't set a higher resolution, so i thought maybe i should check the drivers of the card, since then i have been trying to identify the chipset of the videocard, i have not really found 100% reliable source to which this chip is, also i can't check directly on the board, cuz the passive cooling thingie is stuck on it, i could take it off but need this paste stuff to fix it again, which i don't have at the moment, so i found some site telling me it's a via chrome 9 igp, another site it's a S3/via DeltaChrome 2D/3D, the via site has serveal chrom 9 igp:
[http://www.viaarena.com/default.aspx...ticleID=68&P=5](http://www.viaarena.com/default.aspx...ticleID=68&P=5)
i have followed several guides to install chrome drivers, among others i have tried this:
[http://www.hombrepac.com.ar/software...untu-edgy-610/](http://www.hombrepac.com.ar/software...untu-edgy-610/)
but it did not really work, on the site it says to select the correct driver from this page:
[http://www.viaarena.com/default.aspx...0&SubCatID=164](http://www.viaarena.com/default.aspx...0&SubCatID=164)
but i'm not sure which is the right one, also the above mentioned guide instructs me to follow some stept and in one script i have to run to compile a driver it ask which cpu architecture i have, but i'm not sure what to choose, i have also tried this guide:
[https://help.ubuntu.com/community/OpenChrome](https://help.ubuntu.com/community/OpenChrome)
some info about my system:

lspci
00:00.0 Host bridge: VIA Technologies, Inc. K8M890CE Host Bridge
00:00.1 Host bridge: VIA Technologies, Inc. K8M890CE Host Bridge
00:00.2 Host bridge: VIA Technologies, Inc. K8M890CE Host Bridge
00:00.3 Host bridge: VIA Technologies, Inc. K8M890CE Host Bridge
00:00.4 Host bridge: VIA Technologies, Inc. K8M890CE Host Bridge
00:00.5 PIC: VIA Technologies, Inc. K8M890CE I/O APIC Interrupt Controller
00:00.7 Host bridge: VIA Technologies, Inc. K8M890CE Host Bridge
00:01.0 PCI bridge: VIA Technologies, Inc. VT8237 PCI bridge [K8T800/K8T890 South]
00:02.0 PCI bridge: VIA Technologies, Inc. K8T890 PCI to PCI Bridge Controller
00:03.0 PCI bridge: VIA Technologies, Inc. K8T890 PCI to PCI Bridge Controller
00:05.0 Communication controller: Intel Corporation 536EP Data Fax Modem
00:09.0 Ethernet controller: Realtek Semiconductor Co., Ltd. RTL-8169SC Gigabit Ethernet (rev 10)
00:0f.0 IDE interface: VIA Technologies, Inc. VIA VT6420 SATA RAID Controller (rev 80)
00:0f.1 IDE interface: VIA Technologies, Inc. VT82C586A/B/VT82C686/A/B/VT823x/A/C PIPC Bus Master IDE (rev 06)
00:10.0 USB Controller: VIA Technologies, Inc. VT82xxxxx UHCI USB 1.1 Controller (rev 81)
00:10.1 USB Controller: VIA Technologies, Inc. VT82xxxxx UHCI USB 1.1 Controller (rev 81)
00:10.2 USB Controller: VIA Technologies, Inc. VT82xxxxx UHCI USB 1.1 Controller (rev 81)
00:10.3 USB Controller: VIA Technologies, Inc. VT82xxxxx UHCI USB 1.1 Controller (rev 81)
00:11.0 ISA bridge: VIA Technologies, Inc. VT8237 ISA bridge [KT600/K8T800/K8T890 South]
00:11.5 Multimedia audio controller: VIA Technologies, Inc. VT8233/A/8235/8237 AC97 Audio Controller (rev 60)
00:18.0 Host bridge: Advanced Micro Devices [AMD] K8 [Athlon64/Opteron] HyperTransport Technology Configuration
00:18.1 Host bridge: Advanced Micro Devices [AMD] K8 [Athlon64/Opteron] Address Map
00:18.2 Host bridge: Advanced Micro Devices [AMD] K8 [Athlon64/Opteron] DRAM Controller
00:18.3 Host bridge: Advanced Micro Devices [AMD] K8 [Athlon64/Opteron] Miscellaneous Control
01:00.0 VGA compatible controller: VIA Technologies, Inc. Unknown device 3230 (rev 01)

my xorg.conf:
# /etc/X11/xorg.conf (xorg X Window System server configuration file)
#
# This file was generated by dexconf, the Debian X Configuration tool, using
# values from the debconf database.
#
# Edit this file with caution, and see the xorg.conf(5) manual page.
# (Type "man xorg.conf" at the shell prompt.)
#
# This file is automatically updated on xserver-xorg package upgrades *only*
# if it has not been modified since the last upgrade of the xserver-xorg
# package.
#
# If you have edited this file but would like it to be automatically updated
# again, run the following command:
# sudo dpkg-reconfigure -phigh xserver-xorg

Section "Files"
FontPath "/usr/share/fonts/X11/misc"
FontPath "/usr/share/fonts/X11/cyrillic"
FontPath "/usr/share/fonts/X11/100dpi/:unscaled"
FontPath "/usr/share/fonts/X11/75dpi/:unscaled"
FontPath "/usr/share/fonts/X11/Type1"
FontPath "/usr/share/fonts/X11/100dpi"
FontPath "/usr/share/fonts/X11/75dpi"
# path to defoma fonts
FontPath "/var/lib/defoma/x-ttcidfont-conf.d/dirs/TrueType"
EndSection

Section "Module"
Load "i2c"
Load "bitmap"
Load "ddc"
Load "dri"
Load "extmod"
Load "freetype"
Load "glx"
Load "int10"
Load "vbe"
EndSection

Section "InputDevice"
Identifier "Generic Keyboard"
Driver "kbd"
Option "CoreKeyboard"
Option "XkbRules" "xorg"
Option "XkbModel" "pc105"
Option "XkbLayout" "us"
EndSection

Section "InputDevice"
Identifier "Configured Mouse"
Driver "mouse"
Option "CorePointer"
Option "Device" "/dev/input/mice"
Option "Protocol" "ImPS/2"
Option "ZAxisMapping" "4 5"
Option "Emulate3Buttons" "true"
EndSection

Section "InputDevice"
Driver "wacom"
Identifier "stylus"
Option "Device" "/dev/input/wacom"
Option "Type" "stylus"
Option "ForceDevice" "ISDV4" # Tablet PC ONLY
EndSection

Section "InputDevice"
Driver "wacom"
Identifier "eraser"
Option "Device" "/dev/input/wacom"
Option "Type" "eraser"
Option "ForceDevice" "ISDV4" # Tablet PC ONLY
EndSection

Section "InputDevice"
Driver "wacom"
Identifier "cursor"
Option "Device" "/dev/input/wacom"
Option "Type" "cursor"
Option "ForceDevice" "ISDV4" # Tablet PC ONLY
EndSection

Section "Device"
Identifier "Standardgrafikkarte"
Driver "vesa"
BusID "PCI:1:0:0"
EndSection

Section "Monitor"
Identifier "Standardbildschirm"
Option "DPMS"
HorizSync 28-64
VertRefresh 43-60
EndSection

Section "Screen"
Identifier "Default Screen"
Device "Standardgrafikkarte"
Monitor "Standardbildschirm"
DefaultDepth 24
SubSection "Display"
Depth 1
Modes "1280x1024" "1280x960" "1280x854" "1280x800" "1280x768" "1200x800" "1152x864" "1152x768" "1024x768" "800x600" "640x480"
EndSubSection
SubSection "Display"
Depth 4
Modes "1280x1024" "1280x960" "1280x854" "1280x800" "1280x768" "1200x800" "1152x864" "1152x768" "1024x768" "800x600" "640x480"
EndSubSection
SubSection "Display"
Depth 8
Modes "1280x1024" "1280x960" "1280x854" "1280x800" "1280x768" "1200x800" "1152x864" "1152x768" "1024x768" "800x600" "640x480"
EndSubSection
SubSection "Display"
Depth 15
Modes "1280x1024" "1280x960" "1280x854" "1280x800" "1280x768" "1200x800" "1152x864" "1152x768" "1024x768" "800x600" "640x480"
EndSubSection
SubSection "Display"
Depth 16
Modes "1280x1024" "1280x960" "1280x854" "1280x800" "1280x768" "1200x800" "1152x864" "1152x768" "1024x768" "800x600" "640x480"
EndSubSection
SubSection "Display"
Depth 24
Modes "1280x1024" "1280x960" "1280x854" "1280x800" "1280x768" "1200x800" "1152x864" "1152x768" "1024x768" "800x600" "640x480"
EndSubSection
EndSection

Section "ServerLayout"
Identifier "Default Layout"
Screen "Default Screen"
InputDevice "Generic Keyboard"
InputDevice "Configured Mouse"
InputDevice "stylus" "SendCoreEvents"
InputDevice "cursor" "SendCoreEvents"
InputDevice "eraser" "SendCoreEvents"
EndSection

Section "DRI"
Mode 0666
EndSection


dmesg info:
[ 0.000000] Linux version 2.6.20-16-generic (root@terranova) (gcc version 4.1.2 (Ubuntu 4.1.2-0ubuntu4)) #2 SMP Thu Jun 7 20:19:32 UTC 2007 (Ubuntu 2.6.20-16.29-generic)
[ 0.000000] BIOS-provided physical RAM map:
[ 0.000000] sanitize start
[ 0.000000] sanitize end
[ 0.000000] copy_e820_map() start: 0000000000000000 size: 000000000009f800 end: 000000000009f800 type: 1
[ 0.000000] copy_e820_map() type is E820_RAM
[ 0.000000] copy_e820_map() start: 000000000009f800 size: 0000000000000800 end: 00000000000a0000 type: 2
[ 0.000000] copy_e820_map() start: 00000000000f0000 size: 0000000000010000 end: 0000000000100000 type: 2
[ 0.000000] copy_e820_map() start: 0000000000100000 size: 000000001bde0000 end: 000000001bee0000 type: 1
[ 0.000000] copy_e820_map() type is E820_RAM
[ 0.000000] copy_e820_map() start: 000000001bee0000 size: 0000000000003000 end: 000000001bee3000 type: 4
[ 0.000000] copy_e820_map() start: 000000001bee3000 size: 000000000000d000 end: 000000001bef0000 type: 3
[ 0.000000] copy_e820_map() start: 000000001bef0000 size: 0000000000010000 end: 000000001bf00000 type: 2
[ 0.000000] copy_e820_map() start: 00000000e0000000 size: 0000000010000000 end: 00000000f0000000 type: 2
[ 0.000000] copy_e820_map() start: 00000000fec00000 size: 0000000001400000 end: 0000000100000000 type: 2
[ 0.000000] BIOS-e820: 0000000000000000 - 000000000009f800 (usable)
[ 0.000000] BIOS-e820: 000000000009f800 - 00000000000a0000 (reserved)
[ 0.000000] BIOS-e820: 00000000000f0000 - 0000000000100000 (reserved)
[ 0.000000] BIOS-e820: 0000000000100000 - 000000001bee0000 (usable)
[ 0.000000] BIOS-e820: 000000001bee0000 - 000000001bee3000 (ACPI NVS)
[ 0.000000] BIOS-e820: 000000001bee3000 - 000000001bef0000 (ACPI data)
[ 0.000000] BIOS-e820: 000000001bef0000 - 000000001bf00000 (reserved)
[ 0.000000] BIOS-e820: 00000000e0000000 - 00000000f0000000 (reserved)
[ 0.000000] BIOS-e820: 00000000fec00000 - 0000000100000000 (reserved)
[ 0.000000] 0MB HIGHMEM available.
[ 0.000000] 446MB LOWMEM available.
[ 0.000000] found SMP MP-table at 000f3880
[ 0.000000] Entering add_active_range(0, 0, 114400) 0 entries of 256 used
[ 0.000000] Zone PFN ranges:
[ 0.000000] DMA 0 -> 4096
[ 0.000000] Normal 4096 -> 114400
[ 0.000000] HighMem 114400 -> 114400
[ 0.000000] early_node_map[1] active PFN ranges
[ 0.000000] 0: 0 -> 114400
[ 0.000000] On node 0 totalpages: 114400
[ 0.000000] DMA zone: 32 pages used for memmap
[ 0.000000] DMA zone: 0 pages reserved
[ 0.000000] DMA zone: 4064 pages, LIFO batch:0
[ 0.000000] Normal zone: 861 pages used for memmap
[ 0.000000] Normal zone: 109443 pages, LIFO batch:31
[ 0.000000] HighMem zone: 0 pages used for memmap
[ 0.000000] DMI 2.4 present.
[ 0.000000] ACPI: RSDP (v000 K8M890 ) @ 0x000f7980
[ 0.000000] ACPI: RSDT (v001 K8M890 AWRDACPI 0x42302e31 AWRD 0x00000000) @ 0x1bee3040
[ 0.000000] ACPI: FADT (v001 K8M890 AWRDACPI 0x42302e31 AWRD 0x00000000) @ 0x1bee30c0
[ 0.000000] ACPI: MCFG (v001 K8M890 AWRDACPI 0x42302e31 AWRD 0x00000000) @ 0x1bee9940
[ 0.000000] ACPI: MADT (v001 K8M890 AWRDACPI 0x42302e31 AWRD 0x00000000) @ 0x1bee9880
[ 0.000000] ACPI: DSDT (v001 K8M890 AWRDACPI 0x00001000 MSFT 0x0100000e) @ 0x00000000
[ 0.000000] ACPI: PM-Timer IO Port: 0x408
[ 0.000000] ACPI: Local APIC address 0xfee00000
[ 0.000000] ACPI: LAPIC (acpi_id[0x00] lapic_id[0x00] enabled)
[ 0.000000] Processor #0 15:15 APIC version 16
[ 0.000000] ACPI: LAPIC (acpi_id[0x01] lapic_id[0x01] disabled)
[ 0.000000] ACPI: LAPIC_NMI (acpi_id[0x00] high edge lint[0x1])
[ 0.000000] ACPI: LAPIC_NMI (acpi_id[0x01] high edge lint[0x1])
[ 0.000000] ACPI: IOAPIC (id[0x02] address[0xfec00000] gsi_base[0])
[ 0.000000] IOAPIC[0]: apic_id 2, version 3, address 0xfec00000, GSI 0-23
[ 0.000000] ACPI: IOAPIC (id[0x03] address[0xfecc0000] gsi_base[24])
[ 0.000000] IOAPIC[1]: apic_id 3, version 3, address 0xfecc0000, GSI 24-47
[ 0.000000] ACPI: INT_SRC_OVR (bus 0 bus_irq 0 global_irq 2 dfl dfl)
[ 0.000000] ACPI: INT_SRC_OVR (bus 0 bus_irq 9 global_irq 9 low level)
[ 0.000000] ACPI: IRQ0 used by override.
[ 0.000000] ACPI: IRQ2 used by override.
[ 0.000000] ACPI: IRQ9 used by override.
[ 0.000000] Enabling APIC mode: Flat. Using 2 I/O APICs
[ 0.000000] Using ACPI (MADT) for SMP configuration information
[ 0.000000] Allocating PCI resources starting at 20000000 (gap: 1bf00000:c4100000)
[ 0.000000] Detected 1599.924 MHz processor.
[ 17.215371] Built 1 zonelists. Total pages: 113507
[ 17.215375] Kernel command line: root=UUID=1161d8b5-9320-4891-8c93-9129728e1fa5 ro quiet splash
[ 17.215531] mapped APIC to ffffd000 (fee00000)
[ 17.215534] mapped IOAPIC to ffffc000 (fec00000)
[ 17.215537] mapped IOAPIC to ffffb000 (fecc0000)
[ 17.215541] Enabling fast FPU save and restore... done.
[ 17.215543] Enabling unmasked SIMD FPU exception support... done.
[ 17.215553] Initializing CPU#0
[ 17.215640] PID hash table entries: 2048 (order: 11, 8192 bytes)
[ 17.218326] Console: colour VGA+ 80x25
[ 17.218567] Dentry cache hash table entries: 65536 (order: 6, 262144 bytes)
[ 17.218814] Inode-cache hash table entries: 32768 (order: 5, 131072 bytes)
[ 17.227721] Memory: 442552k/457600k available (1992k kernel code, 14468k reserved, 900k data, 328k init, 0k highmem)
[ 17.227733] virtual kernel memory layout:
[ 17.227735] fixmap : 0xfff4e000 - 0xfffff000 ( 708 kB)
[ 17.227736] pkmap : 0xff800000 - 0xffc00000 (4096 kB)
[ 17.227738] vmalloc : 0xdc800000 - 0xff7fe000 ( 559 MB)
[ 17.227739] lowmem : 0xc0000000 - 0xdbee0000 ( 446 MB)
[ 17.227741] .init : 0xc03d9000 - 0xc042b000 ( 328 kB)
[ 17.227742] .data : 0xc02f2374 - 0xc03d36d4 ( 900 kB)
[ 17.227744] .text : 0xc0100000 - 0xc02f2374 (1992 kB)
[ 17.227748] Checking if this processor honours the WP bit even in supervisor mode... Ok.
[ 17.307646] Calibrating delay using timer specific routine.. 3204.44 BogoMIPS (lpj=6408885)
[ 17.307688] Security Framework v1.0.0 initialized
[ 17.307694] SELinux: Disabled at boot.
[ 17.307710] Mount-cache hash table entries: 512
[ 17.307838] CPU: After generic identify, caps: 078bfbff ebd3fbff 00000000 00000000 00002001 00000000 00000019
[ 17.307848] CPU: L1 I Cache: 64K (64 bytes/line), D cache 64K (64 bytes/line)
[ 17.307850] CPU: L2 Cache: 256K (64 bytes/line)
[ 17.307853] CPU: After all inits, caps: 078bfbff ebd3fbff 00000000 00000410 00002001 00000000 00000019
[ 17.307864] Compat vDSO mapped to ffffe000.
[ 17.307869] Remapping vsyscall page to ffffe000
[ 17.307880] Checking 'hlt' instruction... OK.
[ 17.323763] SMP alternatives: switching to UP code
[ 17.323952] Freeing SMP alternatives: 11k freed
[ 17.324170] Early unpacking initramfs... done
[ 17.673275] ACPI: Core revision 20060707
[ 17.678545] ACPI: Looking for DSDT in initramfs... file /DSDT.aml not found, using machine DSDT.
[ 17.682643] CPU0: AMD Sempron(tm) Processor 3000+ stepping 02
[ 17.682671] Total of 1 processors activated (3204.44 BogoMIPS).
[ 17.683305] ENABLING IO-APIC IRQs
[ 17.683653] ..TIMER: vector=0x31 apic1=0 pin1=2 apic2=0 pin2=0
[ 17.827665] Brought up 1 CPUs
[ 17.827937] Booting paravirtualized kernel on bare hardware
[ 17.828048] Time: 17:31:12 Date: 06/31/107
[ 17.828076] NET: Registered protocol family 16
[ 17.828162] EISA bus registered
[ 17.828166] ACPI: bus type pci registered
[ 17.838532] PCI: PCI BIOS revision 3.00 entry at 0xfa260, last bus=3
[ 17.838535] PCI: Using configuration type 1
[ 17.838537] Setting up standard PCI resources
[ 17.850815] ACPI: Interpreter enabled
[ 17.850820] ACPI: Using IOAPIC for interrupt routing
[ 17.851463] ACPI: PCI Root Bridge [PCI0] (0000:00)
[ 17.851468] PCI: Probing PCI hardware (bus 00)
[ 17.852876] Boot video device is 0000:01:00.0
[ 17.853134] ACPI: PCI Interrupt Routing Table [\_SB_.PCI0._PRT]
[ 17.970622] ACPI: PCI Interrupt Routing Table [\_SB_.PCI0.PEXG._PRT]
[ 17.971334] ACPI: PCI Interrupt Routing Table [\_SB_.PCI0.PEX0._PRT]
[ 17.972459] ACPI: PCI Interrupt Link [LNKA] (IRQs 3 4 6 7 10 11 12) *5
[ 17.972943] ACPI: PCI Interrupt Link [LNKB] (IRQs 3 4 6 7 10 *11 12)
[ 17.973424] ACPI: PCI Interrupt Link [LNKC] (IRQs 3 4 6 7 10 *11 12)
[ 17.973905] ACPI: PCI Interrupt Link [LNKD] (IRQs 3 4 6 7 *10 11 12)
[ 17.974352] ACPI: PCI Interrupt Link [LNKE] (IRQs 3 4 6 7 10 11 12) *0, disabled.
[ 17.974790] ACPI: PCI Interrupt Link [LNKF] (IRQs 3 4 6 7 10 11 12) *0, disabled.
[ 17.975228] ACPI: PCI Interrupt Link [LNK0] (IRQs 3 4 6 7 10 11 12) *0, disabled.
[ 17.975691] ACPI: PCI Interrupt Link [LNK1] (IRQs 3 4 6 7 *10 11 12)
[ 17.976346] ACPI: PCI Interrupt Link [ALKA] (IRQs *20)
[ 17.976986] ACPI: PCI Interrupt Link [ALKB] (IRQs *21)
[ 17.977489] ACPI: PCI Interrupt Link [ALKC] (IRQs *22)
[ 17.978062] ACPI: PCI Interrupt Link [ALKD] (IRQs *23), disabled.
[ 17.982384] Linux Plug and Play Support v0.97 (c) Adam Belay
[ 17.982397] pnp: PnP ACPI init
[ 17.990080] pnp: PnP ACPI: found 15 devices
[ 17.990086] PnPBIOS: Disabled by ACPI PNP
[ 17.990138] PCI: Using ACPI for IRQ routing
[ 17.990142] PCI: If a device doesn't work, try "pci=routeirq". If it helps, post a report
[ 18.057954] NET: Registered protocol family 8
[ 18.057956] NET: Registered protocol family 20
[ 18.058611] pnp: 00:01: ioport range 0x400-0x47f could not be reserved
[ 18.058614] pnp: 00:01: ioport range 0x500-0x50f has been reserved
[ 18.058890] PCI: Bridge: 0000:00:01.0
[ 18.058893] IO window: c000-cfff
[ 18.058900] MEM window: dd000000-deffffff
[ 18.058905] PREFETCH window: c0000000-cfffffff
[ 18.058910] PCI: Bridge: 0000:00:02.0
[ 18.058913] IO window: e000-efff
[ 18.058918] MEM window: dfd00000-dfdfffff
[ 18.058922] PREFETCH window: dfc00000-dfcfffff
[ 18.058929] PCI: Bridge: 0000:00:03.0
[ 18.058932] IO window: d000-dfff
[ 18.058938] MEM window: dfb00000-dfbfffff
[ 18.058943] PREFETCH window: dfe00000-dfefffff
[ 18.058964] PCI: Setting latency timer of device 0000:00:01.0 to 64
[ 18.058991] ACPI: PCI Interrupt 0000:00:02.0[A] -> GSI 27 (level, low) -> IRQ 16
[ 18.058997] PCI: Setting latency timer of device 0000:00:02.0 to 64
[ 18.059016] ACPI: PCI Interrupt 0000:00:03.0[A] -> GSI 31 (level, low) -> IRQ 17
[ 18.059022] PCI: Setting latency timer of device 0000:00:03.0 to 64
[ 18.059053] NET: Registered protocol family 2
[ 18.095669] IP route cache hash table entries: 4096 (order: 2, 16384 bytes)
[ 18.095753] TCP established hash table entries: 16384 (order: 5, 131072 bytes)
[ 18.095870] TCP bind hash table entries: 8192 (order: 4, 65536 bytes)
[ 18.095932] TCP: Hash tables configured (established 16384 bind 8192)
[ 18.095935] TCP reno registered
[ 18.107724] checking if image is initramfs... it is
[ 18.794085] Freeing initrd memory: 6787k freed
[ 18.794550] audit: initializing netlink socket (disabled)
[ 18.794566] audit(1185903072.656:1): initialized
[ 18.794682] VFS: Disk quotas dquot_6.5.1
[ 18.794701] Dquot-cache hash table entries: 1024 (order 0, 4096 bytes)
[ 18.794754] io scheduler noop registered
[ 18.794757] io scheduler anticipatory registered
[ 18.794759] io scheduler deadline registered
[ 18.794768] io scheduler cfq registered (default)
[ 18.795038] PCI: Setting latency timer of device 0000:00:02.0 to 64
[ 18.795080] assign_interrupt_mode Found MSI capability
[ 18.795084] Allocate Port Service[0000:00:02.0cie00]
[ 18.795117] Allocate Port Service[0000:00:02.0cie02]
[ 18.795222] PCI: Setting latency timer of device 0000:00:03.0 to 64
[ 18.795274] assign_interrupt_mode Found MSI capability
[ 18.795276] Allocate Port Service[0000:00:03.0cie00]
[ 18.795304] Allocate Port Service[0000:00:03.0cie02]
[ 18.795473] isapnp: Scanning for PnP cards...
[ 19.150266] isapnp: No Plug & Play device found
[ 19.187008] Real Time Clock Driver v1.12ac
[ 19.187056] Serial: 8250/16550 driver $Revision: 1.90 $ 4 ports, IRQ sharing enabled
[ 19.187185] serial8250: ttyS0 at I/O 0x3f8 (irq = 4) is a 16550A
[ 19.187451] serial8250: ttyS1 at I/O 0x2f8 (irq = 3) is a 16550A
[ 19.188277] 00:08: ttyS0 at I/O 0x3f8 (irq = 4) is a 16550A
[ 19.188605] 00:09: ttyS1 at I/O 0x2f8 (irq = 3) is a 16550A
[ 19.188884] mice: PS/2 mouse device common for all mice
[ 19.189362] RAMDISK driver initialized: 16 RAM disks of 65536K size 1024 blocksize
[ 19.189590] input: Macintosh mouse button emulation as /class/input/input0
[ 19.189622] Uniform Multi-Platform E-IDE driver Revision: 7.00alpha2
[ 19.189626] ide: Assuming 33MHz system bus speed for PIO modes; override with idebus=xx
[ 19.189933] PNP: PS/2 Controller [PNP0303:PS2K,PNP0f13:PS2M] at 0x60,0x64 irq 1,12
[ 19.190354] serio: i8042 KBD port at 0x60,0x64 irq 1
[ 19.190359] serio: i8042 AUX port at 0x60,0x64 irq 12
[ 19.190474] EISA: Probing bus 0 at eisa.0
[ 19.190521] EISA: Detected 0 cards.
[ 19.220618] TCP cubic registered
[ 19.220625] NET: Registered protocol family 1
[ 19.220646] Using IPI No-Shortcut mode
[ 19.220719] ACPI: (supports S0 S1 S4 S5)
[ 19.220765] Magic number: 15:616:543
[ 19.221129] Freeing unused kernel memory: 328k freed
[ 19.223537] Time: tsc clocksource has been installed.
[ 19.237811] input: AT Translated Set 2 keyboard as /class/input/input1
[ 20.481722] Capability LSM initialized
[ 20.518098] ACPI: Fan [FAN] (on)
[ 20.522096] ACPI Exception (acpi_processor-0677): AE_NOT_FOUND, Processor Device is not present [20060707]
[ 20.524360] ACPI: Thermal Zone [THRM] (40 C)
[ 21.084299] r8169 Gigabit Ethernet driver 2.2LK loaded
[ 21.084329] ACPI: PCI Interrupt 0000:00:09.0[A] -> GSI 19 (level, low) -> IRQ 18
[ 21.084510] eth0: RTL8169sc/8110sc at 0xdc82a000, 00:15:58:5b:ed:29, IRQ 18
[ 21.102620] SCSI subsystem initialized
[ 21.131662] libata version 2.20 loaded.
[ 21.133031] sata_via 0000:00:0f.0: version 2.1
[ 21.133422] ACPI: PCI Interrupt Link [ALKA] enabled at IRQ 20
[ 21.133434] ACPI: PCI Interrupt 0000:00:0f.0[b] -> Link [ALKA] -> GSI 20 (level, low) -> IRQ 19
[ 21.133455] sata_via 0000:00:0f.0: routed to hard irq line 11
[ 21.133465] PCI: Setting latency timer of device 0000:00:0f.0 to 64
[ 21.133521] ata1: SATA max UDMA/133 cmd 0x0001ff00 ctl 0x0001fe02 bmdma 0x0001fb00 irq 19
[ 21.133551] ata2: SATA max UDMA/133 cmd 0x0001fd00 ctl 0x0001fc02 bmdma 0x0001fb08 irq 19
[ 21.133568] scsi0 : sata_via
[ 21.144003] usbcore: registered new interface driver usbfs
[ 21.144028] usbcore: registered new interface driver hub
[ 21.144050] usbcore: registered new device driver usb
[ 21.191130] USB Universal Host Controller Interface driver v3.0
[ 21.339244] ata1: SATA link up 1.5 Gbps (SStatus 113 SControl 300)
[ 21.391395] Floppy drive(s): fd0 is 1.44M
[ 21.415130] FDC 0 is a post-1991 82077
[ 21.506154] ATA: abnormal status 0x7F on port 0x0001ff07
[ 21.517085] ATA: abnormal status 0x7F on port 0x0001ff07
[ 21.528467] ata1.00: ata_hpa_resize 1: sectors = 160086528, hpa_sectors = 160086528
[ 21.528473] ata1.00: ATA-7: Maxtor 6V080E0, VA111900, max UDMA/133
[ 21.528477] ata1.00: 160086528 sectors, multi 16: LBA48 NCQ (depth 0/32)
[ 21.540503] ata1.00: ata_hpa_resize 1: sectors = 160086528, hpa_sectors = 160086528
[ 21.540510] ata1.00: configured for UDMA/133
[ 21.540523] scsi1 : sata_via
[ 21.747175] ata2: SATA link down 1.5 Gbps (SStatus 0 SControl 300)
[ 21.758100] ATA: abnormal status 0x7F on port 0x0001fd07
[ 21.759013] scsi 0:0:0:0: Direct-Access ATA Maxtor 6V080E0 VA11 PQ: 0 ANSI: 5
[ 21.760734] VP_IDE: IDE controller at PCI slot 0000:00:0f.1
[ 21.760762] ACPI: PCI Interrupt 0000:00:0f.1[A] -> Link [ALKA] -> GSI 20 (level, low) -> IRQ 19
[ 21.760775] VP_IDE: chipset revision 6
[ 21.760779] VP_IDE: not 100% native mode: will probe irqs later
[ 21.760793] VP_IDE: VIA vt8237 (rev 00) IDE UDMA133 controller on pci0000:00:0f.1
[ 21.760804] ide0: BM-DMA at 0xfa00-0xfa07, BIOS settings: hdaio, hdbio
[ 21.760817] ide1: BM-DMA at 0xfa08-0xfa0f, BIOS settings: hdcMA, hddMA
[ 21.760825] Probing IDE interface ide0...
[ 22.331105] Probing IDE interface ide1...
[ 23.199130] hdc: SAMSUNG CD-R/RW SW-252S, ATAPI CD/DVD-ROM drive
[ 23.983038] hdd: TSSTcorpDVD-ROM SH-D162C, ATAPI CD/DVD-ROM drive
[ 24.039878] ide1 at 0x170-0x177,0x376 on irq 15
[ 24.054719] ACPI: PCI Interrupt Link [ALKB] enabled at IRQ 21
[ 24.054731] ACPI: PCI Interrupt 0000:00:10.0[A] -> Link [ALKB] -> GSI 21 (level, low) -> IRQ 20
[ 24.054743] PCI: Setting latency timer of device 0000:00:10.0 to 64
[ 24.054747] uhci_hcd 0000:00:10.0: UHCI Host Controller
[ 24.055035] uhci_hcd 0000:00:10.0: new USB bus registered, assigned bus number 1
[ 24.055070] uhci_hcd 0000:00:10.0: irq 20, io base 0x0000f900
[ 24.055673] usb usb1: configuration #1 chosen from 1 choice
[ 24.055908] hub 1-0:1.0: USB hub found
[ 24.055922] hub 1-0:1.0: 2 ports detected
[ 24.163660] ACPI: PCI Interrupt 0000:00:10.1[A] -> Link [ALKB] -> GSI 21 (level, low) -> IRQ 20
[ 24.163675] PCI: Setting latency timer of device 0000:00:10.1 to 64
[ 24.163681] uhci_hcd 0000:00:10.1: UHCI Host Controller
[ 24.163811] uhci_hcd 0000:00:10.1: new USB bus registered, assigned bus number 2
[ 24.163840] uhci_hcd 0000:00:10.1: irq 20, io base 0x0000f800
[ 24.164372] usb usb2: configuration #1 chosen from 1 choice
[ 24.164619] hub 2-0:1.0: USB hub found
[ 24.164633] hub 2-0:1.0: 2 ports detected
[ 24.271578] ACPI: PCI Interrupt 0000:00:10.2[b] -> Link [ALKB] -> GSI 21 (level, low) -> IRQ 20
[ 24.271595] PCI: Setting latency timer of device 0000:00:10.2 to 64
[ 24.271599] uhci_hcd 0000:00:10.2: UHCI Host Controller
[ 24.271738] uhci_hcd 0000:00:10.2: new USB bus registered, assigned bus number 3
[ 24.271769] uhci_hcd 0000:00:10.2: irq 20, io base 0x0000f700
[ 24.272315] usb usb3: configuration #1 chosen from 1 choice
[ 24.272577] hub 3-0:1.0: USB hub found
[ 24.272590] hub 3-0:1.0: 2 ports detected
[ 24.379627] ACPI: PCI Interrupt 0000:00:10.3[b] -> Link [ALKB] -> GSI 21 (level, low) -> IRQ 20
[ 24.379644] PCI: Setting latency timer of device 0000:00:10.3 to 64
[ 24.379649] uhci_hcd 0000:00:10.3: UHCI Host Controller
[ 24.379799] uhci_hcd 0000:00:10.3: new USB bus registered, assigned bus number 4
[ 24.379827] uhci_hcd 0000:00:10.3: irq 20, io base 0x0000f600
[ 24.380380] usb usb4: configuration #1 chosen from 1 choice
[ 24.380634] hub 4-0:1.0: USB hub found
[ 24.380647] hub 4-0:1.0: 2 ports detected
[ 24.502873] hdc: ATAPI 52X CD-ROM CD-R/RW drive, 2048kB Cache, UDMA(33)
[ 24.502884] Uniform CD-ROM driver Revision: 3.20
[ 24.522256] SCSI device sda: 160086528 512-byte hdwr sectors (81964 MB)
[ 24.522274] sda: Write Protect is off
[ 24.522276] sda: Mode Sense: 00 3a 00 00
[ 24.522292] SCSI device sda: write cache: enabled, read cache: enabled, doesn't support DPO or FUA
[ 24.522365] SCSI device sda: 160086528 512-byte hdwr sectors (81964 MB)
[ 24.522374] sda: Write Protect is off
[ 24.522376] sda: Mode Sense: 00 3a 00 00
[ 24.522390] SCSI device sda: write cache: enabled, read cache: enabled, doesn't support DPO or FUA
[ 24.522395] sda:<6>hdd: ATAPI 48X DVD-ROM drive, 256kB Cache, UDMA(33)
[ 24.562522] sda1 sda2 < sda5 sda6 sda7 sda8 >
[ 24.612287] sd 0:0:0:0: Attached scsi disk sda
[ 24.617505] sd 0:0:0:0: Attached scsi generic sg0 type 0
[ 24.662844] usb 2-1: new full speed USB device using uhci_hcd and address 2
[ 24.826924] usb 2-1: configuration #1 chosen from 1 choice
[ 24.958869] Attempting manual resume
[ 24.958873] swsusp: Resume From Partition 8:6
[ 24.958875] PM: Checking swsusp image.
[ 24.959097] PM: Resume from disk failed.
[ 24.991880] kjournald starting. Commit interval 5 seconds
[ 24.991893] EXT3-fs: mounted filesystem with ordered data mode.
[ 32.791099] r8169: eth0: link up
[ 32.911447] NET: Registered protocol family 10
[ 32.911555] lo: Disabled Privacy Extensions
[ 34.658892] pci_hotplug: PCI Hot Plug PCI Core version: 0.5
[ 34.660975] shpchp: Standard Hot Plug PCI Controller Driver version: 0.4
[ 35.099380] Linux agpgart interface v0.102 (c) Dave Jones
[ 35.298785] agpgart: Detected VIA VT3336 chipset
[ 35.304228] agpgart: AGP aperture is 128M @ 0xd0000000
[ 35.658019] input: PC Speaker as /class/input/input2
[ 35.843211] parport: PnPBIOS parport detected.
[ 35.843266] parport0: PC-style at 0x378, irq 7 [PCSPP,TRISTATE]
[ 36.327726] ACPI: PCI Interrupt Link [ALKC] enabled at IRQ 22
[ 36.327740] ACPI: PCI Interrupt 0000:00:11.5[C] -> Link [ALKC] -> GSI 22 (level, low) -> IRQ 21
[ 36.327888] PCI: Setting latency timer of device 0000:00:11.5 to 64
[ 36.570859] input: ImPS/2 Logitech Wheel Mouse as /class/input/input3
[ 37.000692] Adding 979924k swap on /dev/disk/by-uuid/ff6fbac4-0481-41ba-b8d5-fd2334e113f5. Priority:-1 extents:1 across:979924k
[ 37.223512] EXT3 FS on sda7, internal journal
[ 43.648571] eth0: no IPv6 routers present
[ 49.233129] kjournald starting. Commit interval 5 seconds
[ 49.233295] EXT3 FS on sda8, internal journal
[ 49.233303] EXT3-fs: mounted filesystem with ordered data mode.
[ 49.381559] loop: loaded (max 8 devices)
[ 49.502131] ISO 9660 Extensions: Microsoft Joliet Level 3
[ 49.502603] ISOFS: changing to secondary root
[ 49.517886] ISO 9660 Extensions: Microsoft Joliet Level 3
[ 49.518379] ISOFS: changing to secondary root
[ 49.564293] ISO 9660 Extensions: Microsoft Joliet Level 3
[ 49.564883] ISOFS: changing to secondary root
[ 50.962472] NET: Registered protocol family 17


kernel info:
uname -r
2.6.20-16-generic

i don't know if it is related, but i have also found this bug report:
[https://bugs.launchpad.net/ubuntu/+s...me/+bug/104937](https://bugs.launchpad.net/ubuntu/+s...me/+bug/104937)
at one point i got it working with a higher resolution, but my computer seemed to run slowly, reaction time took longer then normal, there was definitly something fishy, would appreciate some help, thx very much in advance,
jody

---

