---
title: "No sound, Creative Audigy SE 7.1"
date: 2008-04-05
forum: Multimedia &amp; Video
---

### Post by BorisK on 2008-04-05
Hello,

I've got a problem with my sound card, Creative Audigy SE 7.1. I'm not getting any sound at all. Sometimes the sound returns after a reboot. I've recently added this card and have been experiencing same issues over and over again. My onboard card, Intel ICH5 (or is it AC'97?) is disabled in BIOS. I've regained control over my BIOS today, after I removed the battery for 1 hour. Ubuntu calls my card CA0106. I've added 
[I]options snd-ca0106 index=0
options snd-usb_audio index=1
options snd-mpu401 index=2[/I]

to my  /etc/modprobe.d/alsa-base .

[I]boris@boris-desktop:~$ cat /proc/asound/modules
 0 snd_ca0106
 1 snd_usb_audio
 2 snd_mpu401
[/I]

[I]boris@boris-desktop:~$ lspci
00:00.0 Host bridge: Intel Corporation 82865G/PE/P DRAM Controller/Host-Hub Interface (rev 02)
00:01.0 PCI bridge: Intel Corporation 82865G/PE/P PCI to AGP Controller (rev 02)
00:1d.0 USB Controller: Intel Corporation 82801EB/ER (ICH5/ICH5R) USB UHCI Controller #1 (rev 02)
00:1d.1 USB Controller: Intel Corporation 82801EB/ER (ICH5/ICH5R) USB UHCI Controller #2 (rev 02)
00:1d.2 USB Controller: Intel Corporation 82801EB/ER (ICH5/ICH5R) USB UHCI Controller #3 (rev 02)
00:1d.3 USB Controller: Intel Corporation 82801EB/ER (ICH5/ICH5R) USB UHCI Controller #4 (rev 02)
00:1d.7 USB Controller: Intel Corporation 82801EB/ER (ICH5/ICH5R) USB2 EHCI Controller (rev 02)
00:1e.0 PCI bridge: Intel Corporation 82801 PCI Bridge (rev c2)
00:1f.0 ISA bridge: Intel Corporation 82801EB/ER (ICH5/ICH5R) LPC Interface Bridge (rev 02)
00:1f.1 IDE interface: Intel Corporation 82801EB/ER (ICH5/ICH5R) IDE Controller (rev 02)
00:1f.3 SMBus: Intel Corporation 82801EB/ER (ICH5/ICH5R) SMBus Controller (rev 02)
01:00.0 VGA compatible controller: ATI Technologies Inc Unknown device 9587
02:0a.0 Multimedia audio controller: Creative Labs SB Audigy LS
02:0e.0 Ethernet controller: Broadcom Corporation BCM4401 100Base-T (rev 01)
[/I]

My graphics card driver is fglrx, though I don't suppose it matters :
[I]boris@boris-desktop:~$ fglrxinfo
display: :0.0  screen: 0
OpenGL vendor string: ATI Technologies Inc.
OpenGL renderer string: ATI Radeon HD 2600 Pro AGP
OpenGL version string: 2.1.7412 Release
[/I]

My /etc/modprobe.d/alsa-base :
[I]# autoloader aliases
install sound-slot-0 /sbin/modprobe snd-card-0
install sound-slot-1 /sbin/modprobe snd-card-1
install sound-slot-2 /sbin/modprobe snd-card-2
install sound-slot-3 /sbin/modprobe snd-card-3
install sound-slot-4 /sbin/modprobe snd-card-4
install sound-slot-5 /sbin/modprobe snd-card-5
install sound-slot-6 /sbin/modprobe snd-card-6
install sound-slot-7 /sbin/modprobe snd-card-7

# Cause optional modules to be loaded above generic modules
install snd /sbin/modprobe --ignore-install snd && { /sbin/modprobe --quiet snd-ioctl32 ; : ; }
install snd-pcm /sbin/modprobe --ignore-install snd-pcm && { /sbin/modprobe --quiet snd-pcm-oss ; : ; }
install snd-mixer /sbin/modprobe --ignore-install snd-mixer && { /sbin/modprobe --quiet snd-mixer-oss ; : ; }
install snd-seq /sbin/modprobe --ignore-install snd-seq && { /sbin/modprobe --quiet snd-seq-midi ; /sbin/modprobe --quiet snd-seq-oss ; : ; }
install snd-rawmidi /sbin/modprobe --ignore-install snd-rawmidi && { /sbin/modprobe --quiet snd-seq-midi ; : ; }
# Cause optional modules to be loaded above sound card driver modules
install snd-emu10k1 /sbin/modprobe --ignore-install snd-emu10k1 $CMDLINE_OPTS && { /sbin/modprobe -Qb snd-emu10k1-synth ; }
install snd-via82xx /sbin/modprobe --ignore-install snd-via82xx $CMDLINE_OPTS && { /sbin/modprobe -Qb snd-seq ; }

# Load saa7134-alsa instead of saa7134 (which gets dragged in by it anyway)
install saa7134 /sbin/modprobe --ignore-install saa7134 $CMDLINE_OPTS && { /sbin/modprobe -Qb saa7134-alsa ; : ; }

# Load snd-seq for devices that don't have hardware midi;
#   Ubuntu #26283, #43682, #56005; works around Ubuntu #34831 for
#   non-Creative Labs PCI hardware
install snd /sbin/modprobe --ignore-install snd && { /sbin/modprobe -Qb snd-seq ; }
# Prevent abnormal drivers from grabbing index 0
options snd-bt87x index=-2
options cx88-alsa index=-2
options saa7134-alsa index=-2
options snd-atiixp-modem index=-2
options snd-intel8x0m index=-2
options snd-via82xx-modem index=-2
options snd-usb-audio index=-2
options snd-usb-usx2y index=-2
options snd-usb-caiaq index=-2
# Ubuntu #62691, enable MPU for snd-cmipci
options snd-cmipci mpu_port=0x330 fm_port=0x388
options snd-ca0106 index=0
options snd-usb_audio index=1
options snd-mpu401 index=2[/I]

My Xorg :
[I]
# xorg.conf (xorg X Window System server configuration file)
#
# This file was generated by dexconf, the Debian X Configuration tool, using
# values from the debconf database.
#
# Edit this file with caution, and see the xorg.conf manual page.
# (Type "man xorg.conf" at the shell prompt.)
#
# This file is automatically updated on xserver-xorg package upgrades *only*
# if it has not been modified since the last upgrade of the xserver-xorg
# package.
#
# If you have edited this file but would like it to be automatically updated
# again, run the following command:
#   sudo dpkg-reconfigure -phigh xserver-xorg

Section "ServerLayout"

# Uncomment if you have a wacom tablet
#	InputDevice     "stylus"	"SendCoreEvents"
#	InputDevice     "cursor"	"SendCoreEvents"
#	InputDevice     "eraser"	"SendCoreEvents"
	Identifier     "Default Layout"
	Screen      0  "aticonfig-Screen[0]" 0 0
	InputDevice    "Generic Keyboard"
	InputDevice    "Configured Mouse"
	Option	    "AIGLX" "true"
EndSection

Section "Files"
EndSection

Section "Module"
EndSection

Section "InputDevice"
	Identifier  "Generic Keyboard"
	Driver      "kbd"
	Option	    "CoreKeyboard"
	Option	    "XkbRules" "xorg"
	Option	    "XkbModel" "pc105"
	Option	    "XkbLayout" "si"
EndSection

Section "InputDevice"
	Identifier  "Configured Mouse"
	Driver      "mouse"
	Option	    "CorePointer"
	Option	    "Device" "/dev/input/mice"
	Option	    "Protocol" "ImPS/2"
	Option	    "ZAxisMapping" "4 5"
	Option	    "Emulate3Buttons" "true"
EndSection

Section "InputDevice"
	Identifier  "stylus"
	Driver      "wacom"
	Option	    "Device" "/dev/input/wacom"
	Option	    "Type" "stylus"
	Option	    "ForceDevice" "ISDV4"		# Tablet PC ONLY
EndSection

Section "InputDevice"
	Identifier  "eraser"
	Driver      "wacom"
	Option	    "Device" "/dev/input/wacom"
	Option	    "Type" "eraser"
	Option	    "ForceDevice" "ISDV4"		# Tablet PC ONLY
EndSection

Section "InputDevice"
	Identifier  "cursor"
	Driver      "wacom"
	Option	    "Device" "/dev/input/wacom"
	Option	    "Type" "cursor"
	Option	    "ForceDevice" "ISDV4"		# Tablet PC ONLY
EndSection

Section "Monitor"
	Identifier   "Generic Monitor"
	HorizSync    30.0 - 70.0
	VertRefresh  50.0 - 160.0
	Option	    "DPMS"
EndSection

Section "Monitor"
	Identifier   "aticonfig-Monitor[0]"
	Option	    "VendorName" "ATI Proprietary Driver"
	Option	    "ModelName" "Generic Autodetecting Monitor"
	Option	    "DPMS" "true"
EndSection

Section "Device"
	Identifier  "ATI Technologies Inc RV350 AS [Radeon 9550]"
	Driver      "ati"
	BusID       "PCI:1:0:0"
EndSection

Section "Device"
	Identifier  "aticonfig-Device[0]"
	Driver      "fglrx"
	Option	    "VideoOverlay" "on"
	Option	    "OpenGLOverlay" "off"
	Option "UseFastTLS" "2"
EndSection

Section "Screen"
	Identifier "Default Screen"
	Device     "ATI Technologies Inc RV350 AS [Radeon 9550]"
	Monitor    "Generic Monitor"
	DefaultDepth     24
EndSection

Section "Screen"
	Identifier "aticonfig-Screen[0]"
	Device     "aticonfig-Device[0]"
	Monitor    "aticonfig-Monitor[0]"
	DefaultDepth     24
	SubSection "Display"
		Viewport   0 0
		Depth     24
	EndSubSection
EndSection

Section "DRI"
	Mode         0666
EndSection

Section "Extensions"
	Option	    "Composite" "Enable"
EndSection
[/I]

dmesg :
[I][    0.000000] Linux version 2.6.22-14-generic (buildd@terranova) (gcc version 4.1.3 20070929 (prerelease) (Ubuntu 4.1.2-16ubuntu2)) #1 SMP Tue Feb 12 07:42:25 UTC 2008 (Ubuntu 2.6.22-14.52-generic)
[    0.000000] BIOS-provided physical RAM map:
[    0.000000]  BIOS-e820: 0000000000000000 - 000000000009fc00 (usable)
[    0.000000]  BIOS-e820: 000000000009fc00 - 00000000000a0000 (reserved)
[    0.000000]  BIOS-e820: 00000000000f0000 - 0000000000100000 (reserved)
[    0.000000]  BIOS-e820: 0000000000100000 - 000000007fff0000 (usable)
[    0.000000]  BIOS-e820: 000000007fff0000 - 000000007fff3000 (ACPI NVS)
[    0.000000]  BIOS-e820: 000000007fff3000 - 0000000080000000 (ACPI data)
[    0.000000]  BIOS-e820: 00000000fec00000 - 0000000100000000 (reserved)
[    0.000000] 1151MB HIGHMEM available.
[    0.000000] 896MB LOWMEM available.
[    0.000000] found SMP MP-table at 000f5400
[    0.000000] Entering add_active_range(0, 0, 524272) 0 entries of 256 used
[    0.000000] Zone PFN ranges:
[    0.000000]   DMA             0 ->     4096
[    0.000000]   Normal       4096 ->   229376
[    0.000000]   HighMem    229376 ->   524272
[    0.000000] early_node_map[1] active PFN ranges
[    0.000000]     0:        0 ->   524272
[    0.000000] On node 0 totalpages: 524272
[    0.000000]   DMA zone: 32 pages used for memmap
[    0.000000]   DMA zone: 0 pages reserved
[    0.000000]   DMA zone: 4064 pages, LIFO batch:0
[    0.000000]   Normal zone: 1760 pages used for memmap
[    0.000000]   Normal zone: 223520 pages, LIFO batch:31
[    0.000000]   HighMem zone: 2303 pages used for memmap
[    0.000000]   HighMem zone: 292593 pages, LIFO batch:31
[    0.000000] DMI 2.3 present.
[    0.000000] ACPI: RSDP signature @ 0xC00F6D70 checksum 0
[    0.000000] ACPI: RSDP 000F6D70, 0014 (r0 IntelR)
[    0.000000] ACPI: RSDT 7FFF3000, 002C (r1 IntelR AWRDACPI 42302E31 AWRD        0)
[    0.000000] ACPI: FACP 7FFF3040, 0074 (r1 IntelR AWRDACPI 42302E31 AWRD        0)
[    0.000000] ACPI: DSDT 7FFF30C0, 435B (r1 INTELR AWRDACPI     1000 MSFT  100000D)
[    0.000000] ACPI: FACS 7FFF0000, 0040
[    0.000000] ACPI: APIC 7FFF7440, 0068 (r1 IntelR AWRDACPI 42302E31 AWRD        0)
[    0.000000] ACPI: PM-Timer IO Port: 0x408
[    0.000000] ACPI: Local APIC address 0xfee00000
[    0.000000] ACPI: LAPIC (acpi_id[0x00] lapic_id[0x00] enabled)
[    0.000000] Processor #0 15:3 APIC version 20
[    0.000000] ACPI: LAPIC (acpi_id[0x01] lapic_id[0x01] enabled)
[    0.000000] Processor #1 15:3 APIC version 20
[    0.000000] ACPI: LAPIC_NMI (acpi_id[0x00] high edge lint[0x1])
[    0.000000] ACPI: LAPIC_NMI (acpi_id[0x01] high edge lint[0x1])
[    0.000000] ACPI: IOAPIC (id[0x02] address[0xfec00000] gsi_base[0])
[    0.000000] IOAPIC[0]: apic_id 2, version 32, address 0xfec00000, GSI 0-23
[    0.000000] ACPI: INT_SRC_OVR (bus 0 bus_irq 0 global_irq 2 dfl dfl)
[    0.000000] ACPI: INT_SRC_OVR (bus 0 bus_irq 9 global_irq 9 high level)
[    0.000000] ACPI: IRQ0 used by override.
[    0.000000] ACPI: IRQ2 used by override.
[    0.000000] ACPI: IRQ9 used by override.
[    0.000000] Enabling APIC mode:  Flat.  Using 1 I/O APICs
[    0.000000] Using ACPI (MADT) for SMP configuration information
[    0.000000] Allocating PCI resources starting at 88000000 (gap: 80000000:7ec00000)
[    0.000000] Built 1 zonelists.  Total pages: 520177
[    0.000000] Kernel command line: root=UUID=88997cfa-d5e1-4dbf-9ed0-15fb8a7fd41e ro quiet splash
[    0.000000] mapped APIC to ffffd000 (fee00000)
[    0.000000] mapped IOAPIC to ffffc000 (fec00000)
[    0.000000] Enabling fast FPU save and restore... done.
[    0.000000] Enabling unmasked SIMD FPU exception support... done.
[    0.000000] Initializing CPU#0
[    0.000000] PID hash table entries: 4096 (order: 12, 16384 bytes)
[    0.000000] Detected 3000.882 MHz processor.
[   27.873982] Console: colour VGA+ 80x25
[   27.874419] Dentry cache hash table entries: 131072 (order: 7, 524288 bytes)
[   27.874846] Inode-cache hash table entries: 65536 (order: 6, 262144 bytes)
[   27.972104] Memory: 2067200k/2097088k available (2015k kernel code, 28500k reserved, 915k data, 364k init, 1179584k highmem)
[   27.972114] virtual kernel memory layout:
[   27.972116]     fixmap  : 0xfff4d000 - 0xfffff000   ( 712 kB)
[   27.972117]     pkmap   : 0xff800000 - 0xffc00000   (4096 kB)
[   27.972118]     vmalloc : 0xf8800000 - 0xff7fe000   ( 111 MB)
[   27.972119]     lowmem  : 0xc0000000 - 0xf8000000   ( 896 MB)
[   27.972120]       .init : 0xc03e3000 - 0xc043e000   ( 364 kB)
[   27.972121]       .data : 0xc02f7e86 - 0xc03dce84   ( 915 kB)
[   27.972122]       .text : 0xc0100000 - 0xc02f7e86   (2015 kB)
[   27.972125] Checking if this processor honours the WP bit even in supervisor mode... Ok.
[   27.972171] SLUB: Genslabs=22, HWalign=64, Order=0-1, MinObjects=4, CPUs=2, Nodes=1
[   28.052136] Calibrating delay using timer specific routine.. 6005.75 BogoMIPS (lpj=12011510)
[   28.052166] Security Framework v1.0.0 initialized
[   28.052173] SELinux:  Disabled at boot.
[   28.052187] Mount-cache hash table entries: 512
[   28.052333] CPU: After generic identify, caps: bfebfbff 00000000 00000000 00000000 0000441d 00000000 00000000
[   28.052342] monitor/mwait feature present.
[   28.052344] using mwait in idle threads.
[   28.052351] CPU: Trace cache: 12K uops, L1 D cache: 16K
[   28.052354] CPU: L2 cache: 1024K
[   28.052356] CPU: Physical Processor ID: 0
[   28.052359] CPU: After all inits, caps: bfebfbff 00000000 00000000 0000b180 0000441d 00000000 00000000
[   28.052370] Compat vDSO mapped to ffffe000.
[   28.052386] Checking 'hlt' instruction... OK.
[   28.068232] SMP alternatives: switching to UP code
[   28.068719] Early unpacking initramfs... done
[   28.361794] ACPI: Core revision 20070126
[   28.361847] ACPI: Looking for DSDT in initramfs... error, file /DSDT.aml not found.
[   28.375261] CPU0: Intel(R) Pentium(R) 4 CPU 3.00GHz stepping 04
[   28.375279] SMP alternatives: switching to SMP code
[   28.375395] Booting processor 1/1 eip 3000
[   28.385507] Initializing CPU#1
[   28.463824] Calibrating delay using timer specific routine.. 6001.53 BogoMIPS (lpj=12003073)
[   28.463834] CPU: After generic identify, caps: bfebfbff 00000000 00000000 00000000 0000441d 00000000 00000000
[   28.463841] monitor/mwait feature present.
[   28.463848] CPU: Trace cache: 12K uops, L1 D cache: 16K
[   28.463851] CPU: L2 cache: 1024K
[   28.463854] CPU: Physical Processor ID: 0
[   28.463856] CPU: After all inits, caps: bfebfbff 00000000 00000000 0000b180 0000441d 00000000 00000000
[   28.464231] CPU1: Intel(R) Pentium(R) 4 CPU 3.00GHz stepping 04
[   28.464273] Total of 2 processors activated (12007.29 BogoMIPS).
[   28.464401] ENABLING IO-APIC IRQs
[   28.464583] ..TIMER: vector=0x31 apic1=0 pin1=2 apic2=-1 pin2=-1
[   28.611829] checking TSC synchronization [CPU#0 -> CPU#1]: passed.
[   28.631830] Brought up 2 CPUs
[   28.788364] migration_cost=78
[   28.788541] Booting paravirtualized kernel on bare hardware
[   28.788611] Time: 10:40:05  Date: 03/05/108
[   28.788637] NET: Registered protocol family 16
[   28.788731] EISA bus registered
[   28.788737] ACPI: bus type pci registered
[   28.790018] PCI: PCI BIOS revision 2.10 entry at 0xfb280, last bus=2
[   28.790020] PCI: Using configuration type 1
[   28.790022] Setting up standard PCI resources
[   28.806478] ACPI: EC: Look up EC in DSDT
[   28.810727] ACPI: Interpreter enabled
[   28.810730] ACPI: (supports S0 S3 S4 S5)
[   28.810750] ACPI: Using IOAPIC for interrupt routing
[   28.816654] ACPI: PCI Root Bridge [PCI0] (0000:00)
[   28.816660] PCI: Probing PCI hardware (bus 00)
[   28.817116] PCI quirk: region 0400-047f claimed by ICH4 ACPI/GPIO/TCO
[   28.817120] PCI quirk: region 0480-04bf claimed by ICH4 GPIO
[   28.817511] PCI: Transparent bridge - 0000:00:1e.0
[   28.817539] ACPI: PCI Interrupt Routing Table [\_SB_.PCI0._PRT]
[   28.817678] ACPI: PCI Interrupt Routing Table [\_SB_.PCI0.HUB0._PRT]
[   28.823558] ACPI: PCI Interrupt Link [LNKA] (IRQs 3 4 *5 7 9 10 11 12 14 15)
[   28.823676] ACPI: PCI Interrupt Link [LNKB] (IRQs 3 4 5 7 *9 10 11 12 14 15)
[   28.823793] ACPI: PCI Interrupt Link [LNKC] (IRQs 3 4 5 7 9 10 *11 12 14 15)
[   28.823904] ACPI: PCI Interrupt Link [LNKD] (IRQs 3 4 *5 7 9 10 11 12 14 15)
[   28.824015] ACPI: PCI Interrupt Link [LNKE] (IRQs 3 4 5 7 9 10 11 12 14 15) *0, disabled.
[   28.824127] ACPI: PCI Interrupt Link [LNKF] (IRQs 3 4 5 7 9 10 11 12 14 15) *0, disabled.
[   28.824239] ACPI: PCI Interrupt Link [LNK0] (IRQs 3 4 5 7 *9 10 11 12 14 15)
[   28.824350] ACPI: PCI Interrupt Link [LNK1] (IRQs 3 4 5 7 9 10 *11 12 14 15)
[   28.824464] Linux Plug and Play Support v0.97 (c) Adam Belay
[   28.824480] pnp: PnP ACPI init
[   28.824489] ACPI: bus type pnp registered
[   28.828240] pnp: PnP ACPI: found 14 devices
[   28.828243] ACPI: ACPI bus type pnp unregistered
[   28.828248] PnPBIOS: Disabled by ACPI PNP
[   28.828305] PCI: Using ACPI for IRQ routing
[   28.828308] PCI: If a device doesn't work, try "pci=routeirq".  If it helps, post a report
[   28.841279] NET: Registered protocol family 8
[   28.841281] NET: Registered protocol family 20
[   28.841356] pnp: 00:0c: ioport range 0x400-0x4bf could not be reserved
[   28.841363] pnp: 00:0d: iomem range 0xd0000-0xd3fff has been reserved
[   28.841366] pnp: 00:0d: iomem range 0xf0000-0xf7fff could not be reserved
[   28.841369] pnp: 00:0d: iomem range 0xf8000-0xfbfff could not be reserved
[   28.841371] pnp: 00:0d: iomem range 0xfc000-0xfffff could not be reserved
[   28.843569] Time: tsc clocksource has been installed.
[   28.871710] PCI: Bridge: 0000:00:01.0
[   28.871714]   IO window: a000-afff
[   28.871719]   MEM window: f8000000-f9ffffff
[   28.871723]   PREFETCH window: e0000000-efffffff
[   28.871728] PCI: Bridge: 0000:00:1e.0
[   28.871731]   IO window: b000-bfff
[   28.871737]   MEM window: fa000000-fa0fffff
[   28.871740]   PREFETCH window: disabled.
[   28.871757] PCI: Setting latency timer of device 0000:00:1e.0 to 64
[   28.871768] NET: Registered protocol family 2
[   28.911649] IP route cache hash table entries: 32768 (order: 5, 131072 bytes)
[   28.911753] TCP established hash table entries: 131072 (order: 8, 1572864 bytes)
[   28.912715] TCP bind hash table entries: 65536 (order: 7, 524288 bytes)
[   28.913168] TCP: Hash tables configured (established 131072 bind 65536)
[   28.913171] TCP reno registered
[   28.923793] checking if image is initramfs... it is
[   29.375177] Switched to high resolution mode on CPU 0
[   29.375266] Switched to high resolution mode on CPU 1
[   29.505192] Freeing initrd memory: 7377k freed
[   29.505786] audit: initializing netlink socket (disabled)
[   29.505802] audit(1207392005.244:1): initialized
[   29.505901] highmem bounce pool size: 64 pages
[   29.508221] VFS: Disk quotas dquot_6.5.1
[   29.508285] Dquot-cache hash table entries: 1024 (order 0, 4096 bytes)
[   29.508384] io scheduler noop registered
[   29.508387] io scheduler anticipatory registered
[   29.508389] io scheduler deadline registered
[   29.508405] io scheduler cfq registered (default)
[   29.508493] Boot video device is 0000:01:00.0
[   29.508662] isapnp: Scanning for PnP cards...
[   29.860053] isapnp: No Plug & Play device found
[   29.887041] Real Time Clock Driver v1.12ac
[   29.887142] Serial: 8250/16550 driver $Revision: 1.90 $ 4 ports, IRQ sharing enabled
[   29.887233] serial8250: ttyS0 at I/O 0x3f8 (irq = 4) is a 16550A
[   29.887377] serial8250: ttyS1 at I/O 0x2f8 (irq = 3) is a 16550A
[   29.887967] 00:07: ttyS0 at I/O 0x3f8 (irq = 4) is a 16550A
[   29.888216] 00:08: ttyS1 at I/O 0x2f8 (irq = 3) is a 16550A
[   29.889015] RAMDISK driver initialized: 16 RAM disks of 65536K size 1024 blocksize
[   29.889221] input: Macintosh mouse button emulation as /class/input/input0
[   29.889365] PNP: No PS/2 controller found. Probing ports directly.
[   29.891409] serio: i8042 KBD port at 0x60,0x64 irq 1
[   29.891417] serio: i8042 AUX port at 0x60,0x64 irq 12
[   29.891623] mice: PS/2 mouse device common for all mice
[   29.891755] EISA: Probing bus 0 at eisa.0
[   29.891795] EISA: Detected 0 cards.
[   29.891884] TCP cubic registered
[   29.891896] NET: Registered protocol family 1
[   29.891918] Using IPI No-Shortcut mode
[   29.892062]   Magic number: 4:553:678
[   29.892468] Freeing unused kernel memory: 364k freed
[   31.115187] AppArmor: AppArmor initialized<5>audit(1207392006.744:2):  type=1505 info="AppArmor initialized" pid=1205
[   31.124272] fuse init (API version 7.8)
[   31.129641] Failure registering capabilities with primary security module.
[   31.162426] ACPI: Fan [FAN] (on)
[   31.169429] ACPI: Thermal Zone [THRM] (62 C)
[   31.795025] usbcore: registered new interface driver usbfs
[   31.795069] usbcore: registered new interface driver hub
[   31.795111] usbcore: registered new device driver usb
[   31.796493] USB Universal Host Controller Interface driver v3.0
[   31.796562] ACPI: PCI Interrupt 0000:00:1d.0[A] -> GSI 16 (level, low) -> IRQ 16
[   31.796577] PCI: Setting latency timer of device 0000:00:1d.0 to 64
[   31.796582] uhci_hcd 0000:00:1d.0: UHCI Host Controller
[   31.796760] uhci_hcd 0000:00:1d.0: new USB bus registered, assigned bus number 1
[   31.796791] uhci_hcd 0000:00:1d.0: irq 16, io base 0x0000cc00
[   31.796958] usb usb1: configuration #1 chosen from 1 choice
[   31.796998] hub 1-0:1.0: USB hub found
[   31.797007] hub 1-0:1.0: 2 ports detected
[   31.897541] ACPI: PCI Interrupt 0000:00:1d.1[B] -> GSI 19 (level, low) -> IRQ 17
[   31.897562] PCI: Setting latency timer of device 0000:00:1d.1 to 64
[   31.897568] uhci_hcd 0000:00:1d.1: UHCI Host Controller
[   31.897605] uhci_hcd 0000:00:1d.1: new USB bus registered, assigned bus number 2
[   31.897636] uhci_hcd 0000:00:1d.1: irq 17, io base 0x0000c000
[   31.897799] usb usb2: configuration #1 chosen from 1 choice
[   31.897841] hub 2-0:1.0: USB hub found
[   31.897851] hub 2-0:1.0: 2 ports detected
[   31.934008] SCSI subsystem initialized
[   31.942758] libata version 2.21 loaded.
[   31.948472] Floppy drive(s): fd0 is 1.44M
[   31.972985] FDC 0 is a post-1991 82077
[   32.001356] ACPI: PCI Interrupt 0000:00:1d.2[C] -> GSI 18 (level, low) -> IRQ 18
[   32.001374] PCI: Setting latency timer of device 0000:00:1d.2 to 64
[   32.001379] uhci_hcd 0000:00:1d.2: UHCI Host Controller
[   32.001414] uhci_hcd 0000:00:1d.2: new USB bus registered, assigned bus number 3
[   32.001448] uhci_hcd 0000:00:1d.2: irq 18, io base 0x0000c400
[   32.001590] usb usb3: configuration #1 chosen from 1 choice
[   32.001631] hub 3-0:1.0: USB hub found
[   32.001642] hub 3-0:1.0: 2 ports detected
[   32.105263] ACPI: PCI Interrupt 0000:00:1d.3[A] -> GSI 16 (level, low) -> IRQ 16
[   32.105278] PCI: Setting latency timer of device 0000:00:1d.3 to 64
[   32.105284] uhci_hcd 0000:00:1d.3: UHCI Host Controller
[   32.105318] uhci_hcd 0000:00:1d.3: new USB bus registered, assigned bus number 4
[   32.105343] uhci_hcd 0000:00:1d.3: irq 16, io base 0x0000c800
[   32.105484] usb usb4: configuration #1 chosen from 1 choice
[   32.105530] hub 4-0:1.0: USB hub found
[   32.105540] hub 4-0:1.0: 2 ports detected
[   32.137119] usb 1-2: new full speed USB device using uhci_hcd and address 2
[   32.209335] ACPI: PCI Interrupt 0000:00:1d.7[D] -> GSI 23 (level, low) -> IRQ 19
[   32.209350] PCI: Setting latency timer of device 0000:00:1d.7 to 64
[   32.209356] ehci_hcd 0000:00:1d.7: EHCI Host Controller
[   32.209394] ehci_hcd 0000:00:1d.7: new USB bus registered, assigned bus number 5
[   32.209435] PCI: cache line size of 128 is not supported by device 0000:00:1d.7
[   32.209448] ehci_hcd 0000:00:1d.7: irq 19, io mem 0xfa100000
[   32.253080] ehci_hcd 0000:00:1d.7: USB 2.0 started, EHCI 1.00, driver 10 Dec 2004
[   32.253273] usb usb5: configuration #1 chosen from 1 choice
[   32.253318] hub 5-0:1.0: USB hub found
[   32.253333] hub 5-0:1.0: 8 ports detected
[   32.357117] b44.c:v1.01 (Jun 16, 2006)
[   32.357141] ACPI: PCI Interrupt 0000:02:0e.0[A] -> GSI 18 (level, low) -> IRQ 18
[   32.360615] eth0: Broadcom 4400 10/100BaseT Ethernet 00:10:5c:f4:ed:bd
[   32.360636] ata_piix 0000:00:1f.1: version 2.11
[   32.360653] ACPI: PCI Interrupt 0000:00:1f.1[A] -> GSI 18 (level, low) -> IRQ 18
[   32.360698] PCI: Setting latency timer of device 0000:00:1f.1 to 64
[   32.361032] scsi0 : ata_piix
[   32.361104] scsi1 : ata_piix
[   32.361325] ata1: PATA max UDMA/133 cmd 0x000101f0 ctl 0x000103f6 bmdma 0x0001f000 irq 14
[   32.361331] ata2: PATA max UDMA/133 cmd 0x00010170 ctl 0x00010376 bmdma 0x0001f008 irq 15
[   32.541125] ata1.00: ATA-6: WDC WD800BB-00JHA0, 05.01C05, max UDMA/100
[   32.541129] ata1.00: 156301488 sectors, multi 16: LBA 
[   32.549113] ata1.00: configured for UDMA/100
[   32.660729] usb 1-2: device not accepting address 2, error -71
[   32.868766] ata2.00: ATAPI: TSST CDW/DVD TS-H492A, TB02, max UDMA/33
[   33.040638] ata2.00: configured for UDMA/33
[   33.040776] scsi 0:0:0:0: Direct-Access     ATA      WDC WD800BB-00JH 05.0 PQ: 0 ANSI: 5
[   33.041352] scsi 1:0:0:0: CD-ROM            TSSTcorp CDW/DVD TS-H492A TB02 PQ: 0 ANSI: 5
[   33.054486] sr0: scsi3-mmc drive: 16x/16x writer cd/rw xa/form2 cdda tray
[   33.054492] Uniform CD-ROM driver Revision: 3.20
[   33.054564] sr 1:0:0:0: Attached scsi CD-ROM sr0
[   33.060975] sd 0:0:0:0: [sda] 156301488 512-byte hardware sectors (80026 MB)
[   33.060995] sd 0:0:0:0: [sda] Write Protect is off
[   33.060999] sd 0:0:0:0: [sda] Mode Sense: 00 3a 00 00
[   33.061024] sd 0:0:0:0: [sda] Write cache: enabled, read cache: enabled, doesn't support DPO or FUA
[   33.061090] sd 0:0:0:0: [sda] 156301488 512-byte hardware sectors (80026 MB)
[   33.061106] sd 0:0:0:0: [sda] Write Protect is off
[   33.061109] sd 0:0:0:0: [sda] Mode Sense: 00 3a 00 00
[   33.061134] sd 0:0:0:0: [sda] Write cache: enabled, read cache: enabled, doesn't support DPO or FUA
[   33.061140]  sda:<5>sd 0:0:0:0: Attached scsi generic sg0 type 0
[   33.061744] sr 1:0:0:0: Attached scsi generic sg1 type 5
[   33.070136]  sda1 sda2 < sda5 >
[   33.096170] sd 0:0:0:0: [sda] Attached SCSI disk
[   33.407804] Attempting manual resume
[   33.407809] swsusp: Resume From Partition 8:5
[   33.407811] PM: Checking swsusp image.
[   33.412420] PM: Resume from disk failed.
[   33.450800] kjournald starting.  Commit interval 5 seconds
[   33.450814] EXT3-fs: mounted filesystem with ordered data mode.
[   34.131651] usb 2-1: new low speed USB device using uhci_hcd and address 2
[   34.459275] usb 2-1: configuration #1 chosen from 1 choice
[   34.707222] usb 2-2: new low speed USB device using uhci_hcd and address 3
[   34.882858] usb 2-2: configuration #1 chosen from 1 choice
[   35.122913] usb 1-2: new full speed USB device using uhci_hcd and address 4
[   35.314489] usb 1-2: configuration #1 chosen from 1 choice
[   35.554601] usb 4-1: new low speed USB device using uhci_hcd and address 2
[   35.732932] usb 4-1: configuration #1 chosen from 1 choice
[   41.226705] Linux agpgart interface v0.102 (c) Dave Jones
[   41.260105] agpgart: Detected an Intel 865 Chipset.
[   41.269141] agpgart: AGP aperture is 128M @ 0xf0000000
[   41.580215] intel_rng: FWH not detected
[   41.590365] pci_hotplug: PCI Hot Plug PCI Core version: 0.5
[   41.593497] shpchp: Standard Hot Plug PCI Controller Driver version: 0.4
[   41.709686] input: PC Speaker as /class/input/input1
[   41.814283] parport_pc 00:09: reported by Plug and Play ACPI
[   41.814332] parport0: PC-style at 0x378, irq 7 [PCSPP,TRISTATE]
[   41.977288] usbcore: registered new interface driver hiddev
[   41.981318] iTCO_vendor_support: vendor-support=0
[   41.982798] iTCO_wdt: Intel TCO WatchDog Timer Driver v1.01 (21-Jan-2007)
[   41.982895] iTCO_wdt: Found a ICH5 or ICH5R TCO device (Version=1, TCOBASE=0x0460)
[   41.982951] iTCO_wdt: initialized. heartbeat=30 sec (nowayout=0)
[   42.038213] input: Logitech HID compliant keyboard as /class/input/input2
[   42.038293] input: USB HID v1.10 Keyboard [Logitech HID compliant keyboard] on usb-0000:00:1d.1-1
[   42.158833] input: Logitech HID compliant keyboard as /class/input/input3
[   42.158898] input: USB HID v1.10 Device [Logitech HID compliant keyboard] on usb-0000:00:1d.1-1
[   42.172991] input: Logitech USB Optical Mouse as /class/input/input4
[   42.173092] input: USB HID v1.10 Mouse [Logitech USB Optical Mouse] on usb-0000:00:1d.1-2
[   42.414216] fglrx: module license 'Proprietary. (C) 2002 - ATI Technologies, Starnberg, GERMANY' taints kernel.
[   42.447866] [fglrx] Maximum main memory to use for locked dma buffers: 1899 MBytes.
[   42.447920] [fglrx] ASYNCIO init succeed!
[   42.448588] [fglrx] PAT is enabled successfully!
[   42.449035] [fglrx] module loaded - fglrx 8.47.3 [Feb 25 2008] on minor 0
[   42.484825] Linux video capture interface: v2.00
[   42.529714] /build/buildd/linux-ubuntu-modules-2.6.22-2.6.22/debian/build/build-generic/media/gspcav1/gspca_core.c: USB SPCA5XX camera found.(ZC3XX) 
[   42.586792] ACPI: PCI Interrupt 0000:02:0a.0[A] -> GSI 22 (level, low) -> IRQ 20
[   42.586819] snd-ca0106: Model 100a Rev 00000000 Serial 100a1102
[   52.187761] /build/buildd/linux-source-2.6.22-2.6.22/drivers/hid/usbhid/hid-core.c: timeout initializing reports
[   52.187840] input: Logitech Inc. WingMan Force 3D as /class/input/input5
[   52.187880] input: USB HID v1.00 Joystick [Logitech Inc. WingMan Force 3D] on usb-0000:00:1d.3-1
[   52.187903] usbcore: registered new interface driver usbhid
[   52.187909] /build/buildd/linux-source-2.6.22-2.6.22/drivers/hid/usbhid/hid-core.c: v2.6:USB HID core driver
[   52.188054] usbcore: registered new interface driver gspca
[   52.188060] /build/buildd/linux-ubuntu-modules-2.6.22-2.6.22/debian/build/build-generic/media/gspcav1/gspca_core.c: gspca driver 01.00.12 registered
[   52.287354] usbcore: registered new interface driver snd-usb-audio
[   52.289500] usbcore: registered new interface driver xpad
[   52.289504] /build/buildd/linux-source-2.6.22-2.6.22/drivers/input/joystick/xpad.c: driver for Xbox controllers v0.1.6
[   53.317845] lp0: using parport0 (interrupt-driven).
[   53.361863] Adding 3229024k swap on /dev/sda5.  Priority:-1 extents:1 across:3229024k
[   53.639449] EXT3 FS on sda1, internal journal
[   53.793147] device-mapper: ioctl: 4.11.0-ioctl (2006-10-12) initialised: [email]dm-devel@redhat.com[/email]
[   54.920517] No dock devices found.
[   54.940152] input: Power Button (FF) as /class/input/input6
[   54.940182] ACPI: Power Button (FF) [PWRF]
[   54.940278] input: Power Button (CM) as /class/input/input7
[   54.940302] ACPI: Power Button (CM) [PWRB]
[   54.940356] input: Sleep Button (CM) as /class/input/input8
[   54.940393] ACPI: Sleep Button (CM) [SLPB]
[   56.602242] ppdev: user-space parallel port driver
[   56.871047] audit(1207392033.609:3):  type=1503 operation="inode_permission" requested_mask="a" denied_mask="a" name="/dev/tty" pid=4953 profile="/usr/sbin/cupsd"
[   56.944807] apm: BIOS version 1.2 Flags 0x07 (Driver version 1.16ac)
[   56.944814] apm: disabled - APM is not SMP safe.
[   57.651392] Failure registering capabilities with primary security module.
[   57.851310] Bluetooth: Core ver 2.11
[   57.851484] NET: Registered protocol family 31
[   57.851489] Bluetooth: HCI device and connection manager initialized
[   57.851493] Bluetooth: HCI socket layer initialized
[   57.861932] Bluetooth: L2CAP ver 2.8
[   57.861938] Bluetooth: L2CAP socket layer initialized
[   57.908568] Bluetooth: RFCOMM socket layer initialized
[   57.908718] Bluetooth: RFCOMM TTY layer initialized
[   57.908723] Bluetooth: RFCOMM ver 1.8
[   59.892717] b44: eth0: Link is up at 100 Mbps, full duplex.
[   59.892723] b44: eth0: Flow control is off for TX and off for RX.
[   60.321411] ACPI: PCI Interrupt 0000:01:00.0[A] -> GSI 16 (level, low) -> IRQ 16
[   61.628559] [fglrx] Internal AGP support requested, but kernel AGP support active.
[   61.628566] [fglrx] Have to use kernel AGP support to avoid conflicts.
[   61.628575] [fglrx] AGP detected, AgpState   = 0x1f004a1b (hardware caps of chipset)
[   61.629743] agpgart: Found an AGP 3.0 compliant device at 0000:00:00.0.
[   61.629783] agpgart: Putting AGP V3 device at 0000:00:00.0 into 8x mode
[   61.629894] agpgart: Putting AGP V3 device at 0000:01:00.0 into 8x mode
[   61.629945] [fglrx] AGP enabled,  AgpCommand = 0x1f004312 (selected caps)
[   61.694315] [fglrx] Reserve Block - 0 offset =  0X1fffc000 length = 0X4000
[   61.694331] [fglrx] Reserve Block - 1 offset =  0X0 length = 0X1000000
[   61.694337] [fglrx] Reserve Block - 2 offset =  0Xff7f000 length = 0X80000
[   62.040297] [fglrx] interrupt source 20008000 successfully enabled
[   62.040309] [fglrx] enable ID = 0x00000006
[   62.040343] [fglrx] Receive enable interrupt message with irqEnableMask: 20008000
[   62.040679] [fglrx] interrupt source 10000000 successfully enabled
[   62.040689] [fglrx] enable ID = 0x00000008
[   62.040705] [fglrx] Receive enable interrupt message with irqEnableMask: 10000000
[   62.060439] [fglrx] interrupt source 60000001 successfully enabled
[   62.060450] [fglrx] enable ID = 0x00000009
[   62.060474] [fglrx] Receive enable interrupt message with irqEnableMask: 60000001
[   62.060785] [fglrx] interrupt source 00000040 successfully enabled
[   62.060795] [fglrx] enable ID = 0x0000000A
[   62.060811] [fglrx] Receive enable interrupt message with irqEnableMask: 00000040
[   62.067809] [fglrx] interrupt source ff00002c successfully enabled
[   62.067819] [fglrx] enable ID = 0x0000000B
[   62.067841] [fglrx] Receive enable interrupt message with irqEnableMask: ff00002c
[   62.068123] [fglrx] interrupt source ff00002d successfully enabled
[   62.068133] [fglrx] enable ID = 0x0000000C
[   62.068149] [fglrx] Receive enable interrupt message with irqEnableMask: ff00002d
[   62.068406] [fglrx] interrupt source 20000400 successfully enabled
[   62.068416] [fglrx] enable ID = 0x0000000D
[   62.068431] [fglrx] Receive enable interrupt message with irqEnableMask: 20000400
[   62.406418] NET: Registered protocol family 17
[   64.985994] NET: Registered protocol family 10
[   64.990111] lo: Disabled Privacy Extensions
[   75.604949] eth0: no IPv6 routers present
[  169.724441] cdrom: sr0: mrw address space DMA selected
[  169.918950] cdrom: sr0: mrw address space DMA selected
[  170.304470] UDF-fs: Partition marked readonly; forcing readonly mount
[  170.340500] UDF-fs INFO UDF 0.9.8.1 (2004/29/09) Mounting volume 'QUAKE4', timestamp 2005/09/27 07:16 (1078)
[ 2043.148926] usb 3-1: new full speed USB device using uhci_hcd and address 2
[ 2045.878620] usb 3-1: configuration #1 chosen from 1 choice
[ 2045.983820] usbcore: registered new interface driver libusual
[ 2046.077568] Uniform Multi-Platform E-IDE driver Revision: 7.00alpha2
[ 2046.077917] ide: Assuming 33MHz system bus speed for PIO modes; override with idebus=xx
[ 2046.144417] Initializing USB Mass Storage driver...
[ 2046.147141] scsi2 : SCSI emulation for USB Mass Storage devices
[ 2046.148236] usb-storage: device found at 2
[ 2046.148247] usb-storage: waiting for device to settle before scanning
[ 2046.149549] usbcore: registered new interface driver usb-storage
[ 2046.150047] USB Mass Storage support registered.
[ 2051.144076] usb-storage: device scan complete
[ 2051.171096] scsi 2:0:0:0: Direct-Access     SigmaTel MSCN             0100 PQ: 0 ANSI: 4
[ 2051.273914] sd 2:0:0:0: [sdb] 2032384 512-byte hardware sectors (1041 MB)
[ 2051.476723] sd 2:0:0:0: [sdb] Write Protect is off
[ 2051.476732] sd 2:0:0:0: [sdb] Mode Sense: 38 00 00 00
[ 2051.476735] sd 2:0:0:0: [sdb] Assuming drive cache: write through
[ 2051.880319] sd 2:0:0:0: [sdb] 2032384 512-byte hardware sectors (1041 MB)
[ 2052.083129] sd 2:0:0:0: [sdb] Write Protect is off
[ 2052.083137] sd 2:0:0:0: [sdb] Mode Sense: 38 00 00 00
[ 2052.083141] sd 2:0:0:0: [sdb] Assuming drive cache: write through
[ 2052.083148]  sdb: sdb1
[ 2052.933449] sd 2:0:0:0: [sdb] Attached SCSI removable disk
[ 2052.933511] sd 2:0:0:0: Attached scsi generic sg2 type 0
[ 2576.766035] usb 3-1: USB disconnect, address 2
[ 2576.766417] sd 2:0:0:0: [sdb] READ CAPACITY failed
[ 2576.766427] sd 2:0:0:0: [sdb] Result: hostbyte=DID_NO_CONNECT driverbyte=DRIVER_OK,SUGGEST_OK
[ 2576.766444] scsi 2:0:0:0: [sdb] Sense not available.
[ 2576.766502] scsi 2:0:0:0: [sdb] Write Protect is off
[ 2576.766512] scsi 2:0:0:0: [sdb] Mode Sense: 00 00 00 00
[ 2576.766520] scsi 2:0:0:0: [sdb] Assuming drive cache: write through
[ 2576.766631] scsi 2:0:0:0: rejecting I/O to dead device
[ 2576.766651] scsi 2:0:0:0: rejecting I/O to dead device
[ 2576.766670] scsi 2:0:0:0: rejecting I/O to dead device
[ 2576.766688] scsi 2:0:0:0: rejecting I/O to dead device
[ 2576.766698] scsi 2:0:0:0: [sdb] READ CAPACITY failed
[ 2576.766706] scsi 2:0:0:0: [sdb] Result: hostbyte=DID_NO_CONNECT driverbyte=DRIVER_OK,SUGGEST_OK
[ 2576.766721] scsi 2:0:0:0: [sdb] Sense not available.
[ 2576.766737] scsi 2:0:0:0: rejecting I/O to dead device
[ 2576.766748] scsi 2:0:0:0: [sdb] Write Protect is off
[ 2576.766757] scsi 2:0:0:0: [sdb] Mode Sense: 00 00 00 00
[ 2576.766765] scsi 2:0:0:0: [sdb] Assuming drive cache: write through
[ 4080.956805] usb 3-2: new full speed USB device using uhci_hcd and address 3
[ 4083.666557] usb 3-2: configuration #1 chosen from 1 choice
[ 4083.726877] scsi3 : SCSI emulation for USB Mass Storage devices
[ 4083.728031] usb-storage: device found at 3
[ 4083.728042] usb-storage: waiting for device to settle before scanning
[ 4088.724254] usb-storage: device scan complete
[ 4088.758283] scsi 3:0:0:0: Direct-Access     SigmaTel MSCN             0100 PQ: 0 ANSI: 4
[ 4088.959016] sd 3:0:0:0: [sdb] 2032384 512-byte hardware sectors (1041 MB)
[ 4089.058914] sd 3:0:0:0: [sdb] Write Protect is off
[ 4089.058926] sd 3:0:0:0: [sdb] Mode Sense: 38 00 00 00
[ 4089.058933] sd 3:0:0:0: [sdb] Assuming drive cache: write through
[ 4089.471474] sd 3:0:0:0: [sdb] 2032384 512-byte hardware sectors (1041 MB)
[ 4089.664283] sd 3:0:0:0: [sdb] Write Protect is off
[ 4089.664296] sd 3:0:0:0: [sdb] Mode Sense: 38 00 00 00
[ 4089.664305] sd 3:0:0:0: [sdb] Assuming drive cache: write through
[ 4089.664323]  sdb: sdb1
[ 4090.727643] sd 3:0:0:0: [sdb] Attached SCSI removable disk
[ 4090.727908] sd 3:0:0:0: Attached scsi generic sg2 type 0[/I]

I'm a newbie to Linux and I don't know what info you need to solve my problem, so I just pasted everything I think is important. 
Please help me with my problem

Boris

---

### Post by BorisK on 2008-04-05
Someone please help me

---

### Post by fancypiper on 2008-04-05
I have the same problem in Ubuntu 7.10 (Gutsy Gibbon) and would appreciate any help.

---

### Post by BorisK on 2008-04-06
Hello,

I just downloaded Hardy Heron Beta Live CD and the login sounds seemed to work, unlike on my currently installed Gutsy Gibbon.

Boris

---

### Post by BorisK on 2008-04-06
Someone please help us !

---

### Post by fancypiper on 2008-04-08
I got a reply on the ubuntu users mailing list.

Andrew Hodgson said:

With one machine which has an original Audigy card (from 2001), I always seem to have to run alsamixer in a console, and unmute the audio out, as it defaults to only unmuting the SPDIf output.

No joy for me when I checked in both alsamixer and alsamixer-gui, I had everything unmuted. :(

---

### Post by podfish on 2008-05-09
you must MUTE (not unmute) iec958 (or whatever the digital output is...it's a toggle.)

---

### Post by fancypiper on 2008-05-10
I fixed my sound in both Gutsy Gibbon and Hardy Heron by double clicking the volume control, selecting the switches tab, and unchecking the box which is labled "Audigy Analog/Digital Output Jack" (in Hardy Heron).

---

