---
title: "replaced power supply, now only one drive visible, works fine in windows"
date: 2007-05-06
forum: Absolute Beginner Talk
---

### Post by snuffy on 2007-05-06
I replaced my power supply, and now i only have the file system, and one other drive showing.  there should be two more. they don't show up on the desktop, or in the file browser.  how do i get them back?  i have searched the forum, but i don't really know what technical terms to use.

when i boot to windows my drives show up fine, just like before i replaced the power supply.

ubuntu 7.04.

---

### Post by Najand on 2007-05-06
Can you send us the output of the following commands:
```

# sudo fdisk -l
# cat /etc/fstab
# mount

```
Then we can help you with that.

---

### Post by snuffy on 2007-05-06
as requested, thanks for helping Najand.


Disk /dev/hda: 80.0 GB, 80026361856 bytes
255 heads, 63 sectors/track, 9729 cylinders
Units = cylinders of 16065 * 512 = 8225280 bytes

   Device Boot      Start         End      Blocks   Id  System
/dev/hda1   *           1        4840    38877268+   7  HPFS/NTFS
/dev/hda2            4841        9726    39246795    f  W95 Ext'd (LBA)
/dev/hda5            4841        9726    39246763+   7  HPFS/NTFS

Disk /dev/sda: 200.0 GB, 200049647616 bytes
255 heads, 63 sectors/track, 24321 cylinders
Units = cylinders of 16065 * 512 = 8225280 bytes

   Device Boot      Start         End      Blocks   Id  System
/dev/sda1   *           1        3824    30716248+  83  Linux
/dev/sda2            3825       24321   164642152+   f  W95 Ext'd (LBA)
/dev/sda5            3825       23991   161991396    7  HPFS/NTFS
/dev/sda6           23992       24321     2650693+  82  Linux swap / Solaris

Disk /dev/sdb: 200.0 GB, 200049647616 bytes
16 heads, 63 sectors/track, 387621 cylinders
Units = cylinders of 1008 * 512 = 516096 bytes

   Device Boot      Start         End      Blocks   Id  System
/dev/sdb1   *           1      387621   195360952+   c  W95 FAT32 (LBA)









# /etc/fstab: static file system information.
#
#  -- This file has been automaticly generated by ntfs-config --
#
# <file system> <mount point>   <type>  <options>       <dump>  <pass>

proc /proc proc defaults 0 0
# Entry for /dev/sda1 :
UUID=51e4ac91-2d19-462a-b9fa-b11b64e14973 / ext3 defaults,errors=remount-ro 0 1
# Entry for /dev/hda1 :
UUID=2C642EDC642EA892 /media/hda1 ntfs-3g defaults,locale=en_US.UTF-8 0 1
# Entry for /dev/hda5 :
UUID=4A6C82D46C82B9E9 /media/hda5 ntfs-3g defaults,locale=en_US.UTF-8 0 1
# Entry for /dev/sda5 :
UUID=163436113435F479 /media/sda5 ntfs-3g defaults,locale=en_US.UTF-8 0 1
# Entry for /dev/sdb1 :
UUID=42F0-02BF /media/sdb1 vfat defaults,utf8,umask=007,gid=46 0 0
# Entry for /dev/sda6 :
UUID=f2d87744-bbc9-4bc5-b423-003ed35025d5 none swap sw 0 0
/dev/cdrom /media/cdrom0 udf,iso9660 user,noauto 0 0
/dev/hdc /media/cdrom1 udf,iso9660 user,noauto 0 0
/dev/ /media/floppy0 auto rw,user,noauto 0 0snuffy@snuffy-desktop:~$ 




/dev/sda1 on / type ext3 (rw,errors=remount-ro)
proc on /proc type proc (rw,noexec,nosuid,nodev)
/sys on /sys type sysfs (rw,noexec,nosuid,nodev)
varrun on /var/run type tmpfs (rw,noexec,nosuid,nodev,mode=0755)
varlock on /var/lock type tmpfs (rw,noexec,nosuid,nodev,mode=1777)
procbususb on /proc/bus/usb type usbfs (rw)
udev on /dev type tmpfs (rw,mode=0755)
devshm on /dev/shm type tmpfs (rw)
devpts on /dev/pts type devpts (rw,gid=5,mode=620)
lrm on /lib/modules/2.6.20-15-generic/volatile type tmpfs (rw)
/dev/sdb1 on /media/sdb1 type vfat (rw,utf8,umask=007,gid=46)
binfmt_misc on /proc/sys/fs/binfmt_misc type binfmt_misc (rw)

---

### Post by Najand on 2007-05-06
Ok... Seems none of yout NTFS filesystems are mounted. Can you try the following command and copy and paste the output here... Also see if any of your drives has been mounted or not.
```

sudo mount -a

```

---

### Post by snuffy on 2007-05-06
thanks Najand, but on the 4th restart, my drives magically reappeared of their own accord.  bizarre. 

many thanks anyway.

snuffy.

---

### Post by dwblas on 2007-05-06
"magically" usually means a bad connection.  If it happens again, make sure all plugs are on there securely.

---

### Post by snuffy on 2007-05-16
It happened again... but i have realised what's causing it.  when i put windows into hibernation, then boot into ubuntu, the drives disappear.  when i restart windows, and shut it down (rather than hibernate), then boot to ubuntu, the drives magically reappear.  i have no idea why, but that's what happens.

i'm happy again.  would be better if it didn't do that, but hey.

thanks for the help guys.

snuffy.

---

