---
title: "Can't mount partitions from Ubuntu's HD..."
date: 2007-08-04
forum: Absolute Beginner Talk
---

### Post by cursebg on 2007-08-04
OK, so I've posted another thread about being not able to mount NTFS partitions. I gave up that idea and converted the volumes to FAT32, but I still get that message ( You are not privileged to mount this volume.) 
So I have the windows volume and another NTFS partition mounted (it happens automatically) and three FAT32s, a ext3 (Ubuntu) and a SWAP volume on the other HD.

Any ideas how to mount the FAT32s?

---

### Post by TBerben on 2007-08-04
Can you post your /etc/fstab please? In fstab you can set the mount options that determine the ownership of the partition, default owner is root.

---

### Post by cursebg on 2007-08-04
> **TBerben said:**
> Can you post your /etc/fstab please? In fstab you can set the mount options that determine the ownership of the partition, default owner is root.
ok, but you've gotta know taht the file is a REAL mess :D

---

### Post by cursebg on 2007-08-04
> root@r43264r32hf4236:/home/vicho# cat /etc/fstab
# /etc/fstab: static file system information.
#
#  -- This file has been automaticly generated by ntfs-config -- 
#
# <file system> <mount point>   <type>  <options>       <dump>  <pass>

proc /proc proc defaults 0 0
# Entry for /dev/hdb1 :
UUID=78eb77e9-786f-4f54-848a-9effa6ec7a75 / ext3 defaults,errors=remount-ro 0 1
# Entry for /dev/hda1 :
UUID=AA24AD6B24AD3AE9 /media/hda1 ntfs umask=222,utf8 0 1
# Entry for /dev/hda5 :
UUID=B87045F67045BBBE /media/hda5 ntfs umask=222,utf8 0 1
# Entry for /dev/ !! UNKNOW DEVICE !! :
UUID=468A-8087 /media/hdb5 ntfs umask=222,utf8 0 1
# Entry for /dev/ !! UNKNOW DEVICE !! :
UUID=8D15-011A /media/hdb6 ntfs umask=222,utf8 0 1
# Entry for /dev/ !! UNKNOW DEVICE !! :
UUID=D39F-81B9 /media/hdb7 ntfs umask=222,utf8 0 1
# Entry for /dev/hdb2 :
UUID=69797447-7570-4198-9a1d-bddbd5d9010f none swap sw 0 0
/dev/hdc /media/cdrom0 udf,iso9660 user,noauto 0 0
/dev/hdd /media/cdrom1 udf,iso9660 user,noauto 0 0
/dev/fd0 /media/floppy0 auto rw,user,noauto 0 0
/dev/hdb5 /mnt/captive-noname captive-ntfs defaults,noauto 0 0
/dev/hdb6 /mnt/captive-noname2 captive-ntfs defaults,noauto 0 0
/dev/hda5 /mnt/captive-noname3 captive-ntfs defaults,noauto 0 0
/dev/hdb7 /mnt/captive-noname4 captive-ntfs defaults,noauto 0 0
/dev/hda1 /mnt/captive-noname5 captive-ntfs defaults,noauto 0 0
/dev/hdb5 /media/hdb5 ntfs-fuse auto,gid=1002,umask=0002 0 0
/dev/hdb6 /media/hdb6 ntfs-fuse auto,gid=1002,umask=0002 0 0
/dev/hdb7 /media/hdb7 ntfs-fuse auto,gid=1002,umask=0002 0 0
root@r43264r32hf4236:/home/vicho# 

I don't know which lines to leave, so please someone tell me how does it have to look like? :)


One more thing that's really annoying me: uuid of mounted volumes is consisted of 16 symbols and not-being-able-to-be-mountes volumes - 8 symbols with a " - " in the middle :confused:

---

### Post by cursebg on 2007-08-04
C'mon please don't let it sink [-o< :sad:

---

### Post by timani27 on 2007-08-06
If you are willing to use the command line this is how i resolved the issue:
> 
$ sudo /sbin/fdisk -l
 which produced....
> 
Disk /dev/sda: 160.0 GB, 160041885696 bytes
255 heads, 63 sectors/track, 19457 cylinders
Units = cylinders of 16065 * 512 = 8225280 bytes

   Device Boot      Start         End      Blocks   Id  System
/dev/sda1               1        9726    78124063+   c  W95 FAT32 (LBA)
/dev/sda2            9727       12337    20972857+  83  Linux
/dev/sda3           12338       19457    57191400   83  Linux


i wanted to mount /dev/sda

so back to terminal
> 
$ sudo mount /dev/sda

 and it pops up, depending on the drive you want /dev/sda{#}

Hope it helps 
Timani

[[COLOR="Red"]prodezine.com[/COLOR]]("http://www.prodezine.com")

---

