---
title: "Mount Check Issue"
date: 2007-11-11
forum: Absolute Beginner Talk
---

### Post by Evmax318 on 2007-11-11
After X amount of Mounts to my hard drive Ubuntu does a mount check. However, when I got Gusty, after it goes to the Ubuntu Boot Screen, it freezes and a command line and does nothing. In order to run the mount check I have to boot into recovery mode. What can I do to fix this?

---

### Post by taurus on 2007-11-11
What filesystem are you using for /?

---

### Post by Evmax318 on 2007-11-11
ext3

---

### Post by taurus on 2007-11-11
Can you post

```
sudo fdisk -l
cat /etc/fstab
```

---

### Post by Evmax318 on 2007-11-11
Sure:

Disk /dev/sda: 120.0 GB, 120034123776 bytes
255 heads, 63 sectors/track, 14593 cylinders
Units = cylinders of 16065 * 512 = 8225280 bytes
Disk identifier: 0x071c071c

   Device Boot      Start         End      Blocks   Id  System
/dev/sda1   *           1       14405   115708131   83  Linux
/dev/sda2           14406       14593     1510110    5  Extended
/dev/sda5           14406       14593     1510078+  82  Linux swap / Solaris

---

### Post by Evmax318 on 2007-11-11
# /etc/fstab: static file system information.
#
#  -- This file has been automaticly generated by ntfs-config -- 
#
# <file system> <mount point>   <type>  <options>       <dump>  <pass>

proc /proc proc defaults 0 0
# Entry for /dev/sda1 :
UUID=1b786829-b5dd-41e3-b255-2a36212d358c / ext3 defaults,errors=remount-ro 0 1
# Entry for /dev/sda5 :
UUID=2bec05af-0c3f-4214-ad57-a1cf89413523 none swap sw 0 0
/dev/scd0 /media/cdrom0 udf,iso9660 user,noauto,exec 0 0
/dev/fd0 /media/floppy0 auto rw,user,noauto,exec 0 0

---

