---
title: "NTFS automatic mount : mounts correctly from command line, not at boot"
date: 2007-05-31
forum: Absolute Beginner Talk
---

### Post by caughran on 2007-05-31
I thought things were going well in getting access to my ntfs partitions from both operating systems. ntfs-3g is installed, seems to work. I even managed to get the Firefox profile shared between the two systems!

But it won't mount automatically. If I type sudo mount -a from the command line, all is well. As I understand it, the boot sequence is supposed to do exactly that -- ??

I have done the following:
 - used ntfs configuration tool to create entries in fstab
 - following examples in various places, replaced the UUID with the hda5 (etc.; there are several) addresses
 - went back to UUIDs
 - added "auto" after "default" in fstab

fstab line looks like this:
  # Entry for /dev/hda5 :
UUID=01C64F98B7AB06A0 /media/hda5 ntfs-3g defaults,auto,locale=en_CA.UTF-8 0 1

(The comment line is from ntfs-3g. It works only with manual mount, whether or not ",auto" is in the line.)

For bailout, or otherwise: Can I create a script to run on startup? How?

---

### Post by dstew on 2007-05-31
What order do you have the entries in fstab? It is important. If you try to mount this system to a mount point like /media/hda5, the file system containing that mount point must have been mounted first. Post the result of **sudo fdisk -l** and the contents of your fstab file.

---

### Post by caughran on 2007-05-31
Thanks. fdisk:

```
Disk /dev/hda: 160.0 GB, 160041885696 bytes
255 heads, 63 sectors/track, 19457 cylinders
Units = cylinders of 16065 * 512 = 8225280 bytes

   Device Boot      Start         End      Blocks   Id  System
/dev/hda1   *           1         320     2570368+   7  HPFS/NTFS
/dev/hda2             321       13519   106020967+   f  W95 Ext'd (LBA)
/dev/hda3           13769       14984     9767520   83  Linux
/dev/hda4           14985       19457    35929372+  83  Linux
/dev/hda5             321        2810    20000893+   7  HPFS/NTFS
/dev/hda6            2811        3558     6008278+   7  HPFS/NTFS
/dev/hda7            3559        6546    24001078+   7  HPFS/NTFS
/dev/hda8            6547        7791    10000431    7  HPFS/NTFS
/dev/hda9            7792        9784    16008741    7  HPFS/NTFS
/dev/hda10           9785       11029    10000431    7  HPFS/NTFS
/dev/hda11          11030       13519    20000893+   7  HPFS/NTFS

Disk /dev/hdb: 163.9 GB, 163928604672 bytes
255 heads, 63 sectors/track, 19929 cylinders
Units = cylinders of 16065 * 512 = 8225280 bytes

   Device Boot      Start         End      Blocks   Id  System
/dev/hdb1   *           1        2760    22169668+   c  W95 FAT32 (LBA)
/dev/hdb2            2761       19929   137909992+   f  W95 Ext'd (LBA)
/dev/hdb5            2761        8839    48829536    7  HPFS/NTFS
/dev/hdb6            8840       11271    19535008+   7  HPFS/NTFS
/dev/hdb7           11272       17350    48829536    7  HPFS/NTFS
/dev/hdb8           17351       19681    18723726   83  Linux
/dev/hdb9           19682       19929     1992028+  82  Linux swap / Solaris

```

fstab:
```

# /etc/fstab: static file system information.
#
#  -- This file has been automaticly generated by ntfs-config -- 
#
# <file system> <mount point>   <type>  <options>       <dump>  <pass>

proc /proc proc defaults 0 0
# Entry for /dev/hda3 :
UUID=34011e7b-4897-4418-b72a-0f2fafa902fa / ext3 defaults,errors=remount-ro 0 1
# Entry for /dev/hda1 :
UUID=01C523AC371B24C0 /media/hda1 ntfs-3g defaults,locale=en_CA.UTF-8 0 1
# Entry for /dev/hda10 :
UUID=01C64F98BFAF5540 /media/hda10 ntfs-3g defaults,locale=en_CA.UTF-8 0 1
# Entry for /dev/hda11 :
UUID=01C64F98C1A6DF80 /media/hda11 ntfs-3g defaults,locale=en_CA.UTF-8 0 1
# Entry for /dev/hda5 :
UUID=01C64F98B7AB06A0 /media/hda5 ntfs-3g defaults,auto,locale=en_CA.UTF-8 0 1
# Entry for /dev/hda6 :
UUID=CA2060EE2060E345 /media/hda6 ntfs-3g defaults,locale=en_CA.UTF-8 0 1
# Entry for /dev/hda7 :
UUID=01C64F98BAD6CB20 /media/hda7 ntfs-3g defaults,locale=en_CA.UTF-8 0 1
# Entry for /dev/hda8 :
UUID=01C64F98BC714140 /media/hda8 ntfs-3g defaults,locale=en_CA.UTF-8 0 1
# Entry for /dev/hda9 :
UUID=01C64F98BE14DF20 /media/hda9 ntfs-3g defaults,locale=en_CA.UTF-8 0 1
/dev/hdb1 /media/hdb1 vfat defaults,utf8,umask=007,gid=46 0 1
# Entry for /dev/hdb5 :
UUID=4C0C6CD70C6CBE18 /media/hdb5 ntfs-3g defaults,locale=en_CA.UTF-8 0 1
# Entry for /dev/hdb6 :
UUID=01C68849323BAE40 /media/hdb6 ntfs-3g defaults,locale=en_CA.UTF-8 0 1
# Entry for /dev/hdb7 :
UUID=01C688493420E900 /media/hdb7 ntfs-3g defaults,locale=en_CA.UTF-8 0 1
# Entry for /dev/hdb8 :
UUID=dba674b1-4187-4bb8-87de-292ee80a7963 /tmp ext3 defaults 0 2
# Entry for /dev/hda4 :
UUID=177ec917-c25b-4714-b4f1-e00c5e04ed25 /usr ext3 defaults 0 2
# Entry for /dev/hdb9 :
UUID=1e447ff8-8d4f-4aa8-bfc4-b3416520aaeb none swap sw 0 0
/dev/hdc /media/cdrom0 udf,iso9660 user,noauto 0 0
/dev/fd0 /media/floppy0 auto rw,user,noauto 0 0
```

As I said, there are many partitions. Most of these, eventually, I won't automatically mount. hdb is backup and temporary, hda has op sys, programs, data, other partitions.

---

### Post by Ek0nomik on 2007-05-31
Do you need the partitions to be NTFS?

---

### Post by szaka on 2007-05-31
The '0 1' at the end of ntfs-3g fstab lines aren't correct. Change all of those ntfs-3g lines to end with '0 0'.

---

### Post by caughran on 2007-06-02
This didn't work. I changed all the fstabs to end in 0 0, rebooted, and the disks were not mounted at boot.

sudo mount -a   mounts them all

Did ntfs-config create the 0 1 end of line entries?

---

### Post by caughran on 2007-06-02
dstew, your suggestion about the order of the mounts was correct. With the NTFS partitions after the others in fstab, it works fine.

---

