---
title: "My windows partitions just disappeared"
date: 2007-05-13
forum: Absolute Beginner Talk
---

### Post by uthturn on 2007-05-13
they were working last night then when  i get up this morning and started up they are missing. I know that windows has to shut down properly so i did that still no windows partitions . All my music is on them. Thanks for ANY help

---

### Post by heimo on 2007-05-13
You can list partitions with 
```
sudo fdisk -l
```

---

### Post by uthturn on 2007-05-13
thanks for replying this is what i get 
hdb5 is the one i need back the most 
Disk /dev/hda: 160.0 GB, 160041885696 bytes
240 heads, 63 sectors/track, 20673 cylinders
Units = cylinders of 15120 * 512 = 7741440 bytes

   Device Boot      Start         End      Blocks   Id  System
/dev/hda1               1         619     4679608+   b  W95 FAT32
/dev/hda2   *         620        4767    31358880    7  HPFS/NTFS
/dev/hda4            4768       20673   120249360    f  W95 Ext'd (LBA)
/dev/hda5            4768        8870    31018648+   7  HPFS/NTFS
/dev/hda6            8871       20272    86199088+  83  Linux
/dev/hda7           20273       20673     3031528+  82  Linux swap / Solaris

Disk /dev/hdb: 80.0 GB, 80026361856 bytes
255 heads, 63 sectors/track, 9729 cylinders
Units = cylinders of 16065 * 512 = 8225280 bytes

   Device Boot      Start         End      Blocks   Id  System
/dev/hdb1               2        9535    76581855    f  W95 Ext'd (LBA)
/dev/hdb2   *        9536        9729     1558305    e  W95 FAT16 (LBA)
/dev/hdb5               2        9535    76581823+   7  HPFS/NTFS

---

### Post by annda on 2007-05-13
what does your /etc/fstab look like now?

---

### Post by uthturn on 2007-05-13
# /etc/fstab: static file system information.
#
#  -- This file has been automaticly generated by ntfs-config -- 
#
# <file system> <mount point>   <type>  <options>       <dump>  <pass>

proc /proc proc defaults 0 0
# Entry for /dev/hda6 :
UUID=ef3112c7-0873-467f-8d9d-eb87f8ab7b15 / ext3 defaults,errors=remount-ro 0 1
# Entry for /dev/hda1 :
UUID=CC12-632E /media/hda1 vfat defaults,utf8,umask=007,gid=46 0 1
# Entry for /dev/hda2 :
UUID=5EEC3688EC365B0B /media/hda2 ntfs-3g defaults,locale=en_US.UTF-8 0 1
# Entry for /dev/hda5 :
UUID=131C40A49FA8BD59 /media/hda5 ntfs-3g defaults,locale=en_US.UTF-8 0 1
# Entry for /dev/hdb5 :
UUID=F87C6EEC7C6EA55A /media/hdb5 ntfs-3g defaults,locale=en_US.UTF-8 0 1
# Entry for /dev/hda7 :
UUID=88d9fbc5-dbf4-4ea0-ba30-b725d29a2048 none swap sw 0 0
/dev/hdd /media/cdrom0 udf,iso9660 user,noauto 0 0
/dev/fd0 /media/floppy0 auto rw,user,noauto 0 0

---

### Post by annda on 2007-05-13
what does the output of the mount command say? are they mounted?

so your fstab has been overwritten by ntfs-3g... i can't help very much here. i don't use it so i don't know what mount options it needs.

can you mount ony of the partitions manually using something like 

mount -t ntfs /dev/hdb5 /media/hdb5

---

### Post by uthturn on 2007-05-13
what is the mount command?
when i did the mount -t ntfs /dev/hdb5 /media/hdb5 command it has hdb5 show up in /media folder doesn't show on my desktop There is a red box with an x on it over the folder for hdb5 when i click on the partition it says i don't have permission to access it.

---

### Post by annda on 2007-05-13
try to unmount the partition again and change the permissions for the /media/hdb5 folder:

umount /media/hdb5

run nautilus as root:

gksu nautilus

navigate to media, right-click on properties, choose the permissions tab and select "access files" for all three suer groups. mount the partition again and tell us what happens.

---

### Post by uthturn on 2007-05-13
when i did 
umount /media/hdb5
i get 
umount: /media/hdb5 mount disagrees with the fstab

---

### Post by annda on 2007-05-13
ok, i give up.

for the sake of testing ntfs-3g you can try commenting out the hdb5 fstab line and rebooting. then try to mount the partition again as suggested on the ntfs-3g [homepage:]("http://www.ntfs-3g.org/")

mount -t ntfs-3g /dev/hdb5 /media/hdb5

other than that, no ideas, sorry.

---

### Post by uthturn on 2007-05-13
thanks alot i'll give it a try

---

### Post by beorn! on 2007-05-13
@annda

i wonder why it's showing up as HPFS/NTFS and not just ntfs... I am relatively nooby, but I thought HPFS was no longer supported by windows.... could it be ntfs-3g might just be having problems with HPFS?

---

### Post by annda on 2007-05-13
> **beorn! said:**
> @annda

i wonder why it's showing up as HPFS/NTFS and not just ntfs... I am relatively nooby, but I thought HPFS was no longer supported by windows.... could it be ntfs-3g might just be having problems with HPFS?

hi beorn,

fdisk puts apple's hpfs and win's ntfs together, just as it does unix's ext2, ext3 etc. under Linux partitions.

but you are right, it is a problem with ntfs-3g configuration. i just can't point it down, because i have zero experience with the driver. if you use it, maybe you can compare your fstab with uthturn's and shed some light on this problem...

---

