---
title: "NTFS write error in Kubuntu !"
date: 2008-02-23
forum: Absolute Beginner Talk
---

### Post by Dark Star on 2008-02-23
1'st whenever I use to close Dolphin I used to get this error :| ```
Unable to save bookmarks in /home/shashwat/.kde/share/apps/d3lphin/bookmarks.xml. Reported error was: Permission denied. This error message will only be shown once. The cause of the error needs to be fixed as quickly as possible, which is most likely a full hard drive.
```

Well it was solved with the help of Frozenfox using this command 

```
sudo chown shashwat /home/shashwat/.kde/share/apps/d3lphin/bookmarks.xml
```

Now whenever I try to cut/copy past any file in NTFS partition I get this error ..

```
Could not change permissions for
/media/sda5/KDE_Crystal_Diamond_2.7_Kubuntu_Mod.tar.gz
```

Here is my fstab output 
```
# /etc/fstab: static file system information.
#
#  -- This file has been automaticly generated by ntfs-config -- 
#
# <file system> <mount point>   <type>  <options>       <dump>  <pass>

proc /proc proc defaults 0 0
# Entry for /dev/sda3 :
UUID=2984bfc4-e289-417b-829e-5870488b4fbf / ext3 defaults,errors=remount-ro 0 1
# Entry for /dev/sda1 :
UUID=CCE44E48E44E354C /media/sda1 ntfs-3g defaults,umask=007,gid=46 0 1
# Entry for /dev/sda5 :
UUID=15BEB5322F467B42 /media/sda5 ntfs-3g defaults,umask=007,gid=46 0 1
# Entry for /dev/sda6 :
UUID=0BCF489D1C56ABAA /media/sda6 ntfs-3g defaults,umask=007,gid=46 0 1
# Entry for /dev/sda7 :
UUID=331259EB02AB33BF /media/sda7 ntfs-3g defaults,umask=007,gid=46 0 1
# Entry for /dev/sda4 :
UUID=18a87f5a-5851-4fc4-a53c-8764e7fcd1a4 none swap sw 0 0
/dev/scd0 /media/cdrom0 udf,iso9660 user,noauto,exec 0 0
/dev/fd0 /media/floppy0 auto rw,user,noauto,exec 0 0
```


and this is my fdisk -l output
```

Disk /dev/sda: 80.0 GB, 80026361856 bytes
255 heads, 63 sectors/track, 9729 cylinders
Units = cylinders of 16065 * 512 = 8225280 bytes
Disk identifier: 0x0dd6c6bd

   Device Boot      Start         End      Blocks   Id  System
/dev/sda1   *           1        3187    25599546    7  HPFS/NTFS
/dev/sda2            3188        8287    40965750    f  W95 Ext'd (LBA)
/dev/sda3            8288        9607    10602900   83  Linux
/dev/sda4            9608        9729      979965   82  Linux swap / Solaris
/dev/sda5            4406        5737    10699290    7  HPFS/NTFS
/dev/sda6            5738        8287    20482843+   7  HPFS/NTFS
/dev/sda7            3188        4405     9783522    7  HPFS/NTFS

Partition table entries are not in disk order
```


Please help me :| I never faced this problem in Ubuntu :mad: I had even used NTFS-config but same error every time :|

---

### Post by ichbinesderelch on 2008-02-23
can you create files as root on the ntfs partitions?

---

### Post by Dark Star on 2008-02-23
^^ Yep I can .. I tried write now.. I cut the files on Desktop and copied to NTFS partition .. Now the files get copied but in desktop the files remain there but their icons were transparnet :|

---

### Post by Dark Star on 2008-02-23
```
Unable to save bookmarks in /home/shashwat/.kde/share/apps/d3lphin/bookmarks.xml. Reported error was: Permission denied. This error message will only be shown once. The cause of the error needs to be fixed as quickly as possible, which is most likely a full hard drive.
```

The error still showing I don't know wtf is with Kubuntu.. Ubuntu was so gr8 and responsive ./..

---

### Post by ichbinesderelch on 2008-02-23
when mounting, open the location where mounted with konqueror, right click -> properties und unmark mount as user, maybe that helps!

---

### Post by Dark Star on 2008-02-23
> **ichbinesderelch said:**
> when mounting, open the location where mounted with konqueror, right click -> properties und unmark mount as user, maybe that helps!
Doesn't help.. Please help me guys :||

Edit : ```
adm, admin, audio, cdrom, dialout, dip, disk, fax, floppy, games, lpadmin, netdev, plugdev, powerdev, root, scanner, users, video
```

I guess I don't have admin,root privileged please let me know about it :| These are my secondary groups :|

---

### Post by ichbinesderelch on 2008-02-25
add your user to storage and optical grp!

---

### Post by Dark Star on 2008-02-25
Ok I somehow  managed  to  over come the NTFS problem. .But still If I d o CUt paste the file remains in both the location  ::) ::)  Also  I have create a new  account to over come the  previous problem I think I f ail to add Admin group .  as a result Iam  facing   this problem .>I am unable to use applications that need Administrator Privileged .. Now I cannot edit User Accounts too..How to solve this problem


[IMG]http://www.imgx.org/pfiles/5510/snapshot1.png[/IMG]

---

