---
title: "windows partition is missing, help!"
date: 2007-06-20
forum: Absolute Beginner Talk
---

### Post by The AlGorenator on 2007-06-20
My windows partition is unreadable from ubuntu; i have all the correct ntfs stuff installed, it was working a few days ago, and it's picked up in my  device manager, but, in device manager the field 'volume.ignore' is set to true. How can i change this back to false so i can have my partition back?

---

### Post by Skrynesaver on 2007-06-20
doubleclick on the setting in the Advanced tab

---

### Post by The AlGorenator on 2007-06-20
nada, it allows me to edit the text, then reverts to the previous form.

---

### Post by Skrynesaver on 2007-06-20
In that case, hit [ALT] and [F2] simultaneously and enter the following
```
gksudo gedit /etc/fstab
```
Is there an entry for your windows partition?

---

### Post by The AlGorenator on 2007-06-21
Only one that's been automatically generated by Automatix. not a full one, as with my other partitions.

---

### Post by Skrynesaver on 2007-06-21
Could you post this line and we'll turn it into an automount line for you

---

### Post by The AlGorenator on 2007-06-23
[QUOTE=my computer]# /etc/fstab: static file system information.
#
#
# <file system> <mount point>   <type>  <options>       <dump>  <pass>

proc /proc proc defaults 0 0
# Entry for /dev/sda3 :
UUID=d4ead47e-97de-46cd-91f7-023b17149831 / ext3 defaults,errors=remount-ro 0 1
# Entry for /dev/sda5 :
UUID=f5892a9f-9a04-4d30-9382-ab83860a0ab9 none swap sw 0 0
/dev/scd0 /media/cdrom0 udf,iso9660 user,noauto 0 0

# Generated by Automatix
/dev/sda2   /media/sda2   ntfs-3g  defaults,locale=en_US.utf8    0    0
## End of Automatix mounted partitions[/QUOTE]

there's the whole thing

---

### Post by Inxsible on 2007-06-23
I see your drive mounted at /media/sda2.

What's the problem again ?

Is it that you dont have permissions to read the drive ?

---

### Post by Inxsible on 2007-06-23
Did you install Automatix recently that your drive 'became unreadable'?

Also post the output of ```
sudo fdisk -l
``` -l is lowercase L

---

### Post by The AlGorenator on 2007-06-23
[QUOTE=sudo fdisk -l]
Disk /dev/sda: 80.0 GB, 80026361856 bytes
255 heads, 63 sectors/track, 9729 cylinders
Units = cylinders of 16065 * 512 = 8225280 bytes

   Device Boot      Start         End      Blocks   Id  System
/dev/sda1               1           8       64228+  de  Dell Utility
/dev/sda2   *           9        8465    67930852+   7  HPFS/NTFS
/dev/sda3            8466        9669     9671130   83  Linux
/dev/sda4            9670        9729      481950    5  Extended
/dev/sda5            9670        9729      481918+  82  Linux swap / Solaris
[/QUOTE]

i just tried to use automatix to get it BACK. i had it working for some time, with read/write permission, but for no clear reason, it just stopped.

---

### Post by Inxsible on 2007-06-23
> **The AlGorenator said:**
> i just tried to use automatix to get it BACK. i had it working for some time, with read/write permission, but for no clear reason, it just stopped.

So did you try automatix after it stopped ?

Anyway, try if this works..

```
sudo umount /dev/sda2
sudo mount -t ntfs-3g /dev/sda2 /media/sda2 -o iocharset=utf8,umask=000
```

---

### Post by The AlGorenator on 2007-06-23
It worked!

Thanks a heap. apparently i'd had an uncelan windows shutdown, so it couldn't read or something.

much love <3

---

