---
title: "ide controler"
date: 2007-08-04
forum: Absolute Beginner Talk
---

### Post by hugblue on 2007-08-04
hi all.

first of all its first time i use ubuntu.

so the problem is.
i have to harddrives on motherboard and they are found.

then i have 4 extra harddrives on an internal ide controller and i don't know how to add them or mount.

i have used the terminal command fdisk -l : heres the result.

----------

Disk /dev/sda: 122.9 GB, 122942324736 bytes
255 heads, 63 sectors/track, 14946 cylinders
Units = cylinders of 16065 * 512 = 8225280 bytes

   Device Boot      Start         End      Blocks   Id  System
/dev/sda1               2       14946   120045712+   f  W95 Ext'd (LBA)
/dev/sda5               2       14946   120045681    7  HPFS/NTFS

Disk /dev/sdb: 300.0 GB, 300069052416 bytes
255 heads, 63 sectors/track, 36481 cylinders
Units = cylinders of 16065 * 512 = 8225280 bytes

   Device Boot      Start         End      Blocks   Id  System
/dev/sdb1               1       36482   293035128+  42  SFS

Disk /dev/hda: 120.0 GB, 120034123776 bytes
255 heads, 63 sectors/track, 14593 cylinders
Units = cylinders of 16065 * 512 = 8225280 bytes

   Device Boot      Start         End      Blocks   Id  System
/dev/hda1   *           1       13995   112414806   83  Linux
/dev/hda2           13996       14593     4803435    5  Extended
/dev/hda5           13996       14593     4803403+  82  Linux swap / Solaris

Disk /dev/hdb: 81.9 GB, 81964302336 bytes
255 heads, 63 sectors/track, 9964 cylinders
Units = cylinders of 16065 * 512 = 8225280 bytes

   Device Boot      Start         End      Blocks   Id  System
/dev/hdb1   *           2        9964    80027797+   7  HPFS/NTFS

Disk /dev/sdc: 1031 MB, 1031798784 bytes
255 heads, 63 sectors/track, 125 cylinders
Units = cylinders of 16065 * 512 = 8225280 bytes

   Device Boot      Start         End      Blocks   Id  System
/dev/sdc1   *           1         126     1012063+   b  W95 FAT32

----------

and i have lots of data on them.

so how to i do so i can see and use them in ubuntu ?????

Ps : i have used the soft/drivers :
ntfs-3g
ntfs-config

... hope anyone in here can help me.

thz.

---

### Post by hugblue on 2007-08-04
really need this help.

cannot get further before i can see my other  harddrives.

there are so many new things. terminal and all its commands.

still hope anyone can help me with my problem.

thz. hugblue.

and have searched and searched, but nothing i dare to use. is scared of deleting some of my files.

---

### Post by purdticker on 2007-08-04
Try this thread:
[http://ubuntuforums.org/showthread.php?t=480691](http://ubuntuforums.org/showthread.php?t=480691)

---

### Post by benx009 on 2007-08-04
post your /etc/fstab file, that'll really help

---

### Post by purdticker on 2007-08-04
Careful not to delete any partitions or format ;)

---

### Post by hugblue on 2007-08-04
post fstab file ???
hmm. need some help here.

i did some more searching. and found this program. don't know if it is any good.
the program is : 
disk management. when i op it there comes a window with this text.

user mount tool : 
there are no filesystems which you are allowed to mount or unmount. contact your administrator.
so cannot use the prog.

- - -

would love to get it working. and it is alot harder than xp. but there are so many great choices within this. so plz help me.

---

### Post by louieb on 2007-08-04
> **hugblue said:**
> ...disk management... window with this text.
user mount tool : 
there are no filesystems which you are allowed to mount or unmount. contact your administrator.

You need to logon as the user that installed Ubuntu. That user has administration privileges.   

To post your /etc/fstab file. use the text editor found under Application>Accessories. It will open as read only but you can cut and paste the content to your next post.

BTW which version of Ubuntu are you using?

---

### Post by hugblue on 2007-08-05
heres my fstab file info :

# /etc/fstab: static file system information.
#
#  -- This file has been automaticly generated by ntfs-config -- 
#
# <file system> <mount point>   <type>  <options>       <dump>  <pass>

proc /proc proc defaults 0 0
# Entry for /dev/hda1 :
UUID=7b580401-9d30-4a1b-bf82-a6aeab01fd58 / ext3 defaults,errors=remount-ro 0 1
# Entry for /dev/hda5 :
UUID=ea978f85-72e5-4ec9-a5ec-8814b6cf1048 none swap sw 0 0
/dev/hdc /media/cdrom0 udf,iso9660 user,noauto 0 0
/dev/fd0 /media/floppy0 auto rw,user,noauto 0 0
/dev/sda1 /media/sda1 vfat iocharset=utf8,umask=000 0 0
/dev/sdf5 /media/sdf5 ntfs-3g defaults,locale=en_US.utf8 0 0
/dev/hdb1 /media/hdb1 ntfs-3g defaults,locale=en_US.utf8 0 0

-----------------------

and i'm the administrator. i installed it all with files and passwordss.

---

### Post by benx009 on 2007-08-05
> **hugblue said:**
> heres my fstab file info :

# /etc/fstab: static file system information.
#
#  -- This file has been automaticly generated by ntfs-config -- 
#
# <file system> <mount point>   <type>  <options>       <dump>  <pass>

proc /proc proc defaults 0 0
# Entry for /dev/hda1 :
UUID=7b580401-9d30-4a1b-bf82-a6aeab01fd58 / ext3 defaults,errors=remount-ro 0 1
# Entry for /dev/hda5 :
UUID=ea978f85-72e5-4ec9-a5ec-8814b6cf1048 none swap sw 0 0
/dev/hdc /media/cdrom0 udf,iso9660 user,noauto 0 0
/dev/fd0 /media/floppy0 auto rw,user,noauto 0 0
/dev/sda1 /media/sda1 vfat iocharset=utf8,umask=000 0 0
/dev/sdf5 /media/sdf5 ntfs-3g defaults,locale=en_US.utf8 0 0
/dev/hdb1 /media/hdb1 ntfs-3g defaults,locale=en_US.utf8 0 0

-----------------------

and i'm the administrator. i installed it all with files and passwordss.

all your hard drives should be accessible in the /media folder.  however, i am unsure about your 300gb drive.  what is it formatted as?  is it accessible in the /media folder?

---

### Post by hugblue on 2007-08-05
reinstalled ubuntu. and the extra ide controller is still not active.

but here are the info from a clean install.

- - - - -

brian@brian-desktop:~$ sudo fdisk -l

Disk /dev/sda: 122.9 GB, 122942324736 bytes
255 heads, 63 sectors/track, 14946 cylinders
Units = cylinders of 16065 * 512 = 8225280 bytes

   Device Boot      Start         End      Blocks   Id  System
/dev/sda1               2       14946   120045712+   f  W95 Ext'd (LBA)
/dev/sda5               2       14946   120045681    7  HPFS/NTFS

Disk /dev/sdb: 300.0 GB, 300069052416 bytes
255 heads, 63 sectors/track, 36481 cylinders
Units = cylinders of 16065 * 512 = 8225280 bytes

   Device Boot      Start         End      Blocks   Id  System
/dev/sdb1               1       36482   293035128+  42  SFS

Disk /dev/hda: 120.0 GB, 120034123776 bytes
255 heads, 63 sectors/track, 14593 cylinders
Units = cylinders of 16065 * 512 = 8225280 bytes

   Device Boot      Start         End      Blocks   Id  System
/dev/hda1   *           1       13995   112414806   83  Linux
/dev/hda2           13996       14593     4803435    5  Extended
/dev/hda5           13996       14593     4803403+  82  Linux swap / Solaris

Disk /dev/hdb: 81.9 GB, 81964302336 bytes
255 heads, 63 sectors/track, 9964 cylinders
Units = cylinders of 16065 * 512 = 8225280 bytes

   Device Boot      Start         End      Blocks   Id  System
/dev/hdb1   *           2        9964    80027797+   7  HPFS/NTFS

- - - - -

# /etc/fstab: static file system information.
#
# <file system> <mount point>   <type>  <options>       <dump>  <pass>
proc            /proc           proc    defaults        0       0
# /dev/hda1
UUID=937ac83a-8198-4a32-a5e2-8419d1fc00d7 /               ext3    defaults,errors=remount-ro 0       1
# /dev/hda5
UUID=ea978f85-72e5-4ec9-a5ec-8814b6cf1048 none            swap    sw              0       0
/dev/hdc        /media/cdrom0   udf,iso9660 user,noauto     0       0
/dev/fd0        /media/floppy0  auto    rw,user,noauto  0       0

- - - - -

---

### Post by hugblue on 2007-08-05
hi all again.

seems no one have the answer or knowledge to help me. so i'm going back to winxp. miss the films, the news servers.

it simple takes toooo long time to get things finished in ubuntu. when like me, who have no experience at all in this.

and i have really tried. have read lots of web pages. but the file and harddrive structure of ext3 is alot different from what i have used before. and since no one seems to help, theres simple no way into it.

or maybe if i'm ready to miss my download programs and films and lots of other things.

so see you all in about 3 years, i think. when ubuntu gets better.

---

### Post by ron999 on 2007-08-05
Give it one last shot.
Right-click on the top panel.
Then click Add to panel...
Then look for the app named 'Disk Mounter'.
It's icon is a floppy disk.
Then drag it onto the top panel.
All your drives should show up then.

---

### Post by fimbulvetr on 2007-08-05
Ron's advice is the best.

There is a learning curve when using ubuntu, you're on the hardest area of the curve right now. I don't recommend giving up as it's the most exciting part if you're like me and get thrills by tackling seemingly impossible tasks.

---

