---
title: "Can't Seem to get NTFS-3g Working"
date: 2007-05-31
forum: Absolute Beginner Talk
---

### Post by Thanatos10 on 2007-05-31
I installed NTFS-3g (ntfs-config 0.5.5) with this command:

sudo apt-get install ntfs-config

I then went to Applications and ran NTFS-3g, but it seemed to skip a step.  Following the examples posted on their web site it showes a step were the user is supposed to select the NTFS partitions they would like mounted.  But when I run the program it goes directly to the select internal or external drive step.  And finally the NTFS drives are never mounted.

Not sure what I've done wrong, but I'm sure I'm overlooking simple (I hope anyway).

Thanks for your time

Scott

---

### Post by kernel tom on 2007-05-31
have you also installed FUSE?  I believe that is necessay to run ntfs-3g..

if you aren't having luck with ntfs-3g go to this site and use their package, it comes with everything you need...

[http://linux-ntfs.org](http://linux-ntfs.org)

---

### Post by Thanatos10 on 2007-05-31
Fuse?  No, I haven't tried that.  Thanks for the tip, I'll give it a try.

---

### Post by Thanatos10 on 2007-05-31
Tried Fuse, but still no help.  And now I only see one of my cd/dvd burners on the desktop.  I seem to be moving backwards here.  Anymore idea's?

---

### Post by 13thMonkey on 2007-05-31
Post the output of ```
sudo fdisk -l
``` Your disk may already be mounted.

---

### Post by Thanatos10 on 2007-06-01
This is the fdisk output:

Disk /dev/hda: 163.9 GB, 163928604672 bytes
255 heads, 63 sectors/track, 19929 cylinders
Units = cylinders of 16065 * 512 = 8225280 bytes

   Device Boot      Start         End      Blocks   Id  System
/dev/hda1   *           1       12560   100888168+   7  HPFS/NTFS
/dev/hda2           12561       19929    59191461    7  HPFS/NTFS

Disk /dev/hdb: 200.0 GB, 200049647616 bytes
255 heads, 63 sectors/track, 24321 cylinders
Units = cylinders of 16065 * 512 = 8225280 bytes

   Device Boot      Start         End      Blocks   Id  System
/dev/hdb1               1       17885   143661231    7  HPFS/NTFS
/dev/hdb2   *       17886       24005    49158868+  83  Linux
/dev/hdb3           24006       24267     2104483+  82  Linux swap / Solaris

And are the contents of my fstab file, thought it might help:

# /etc/fstab: static file system information.
#
#  -- This file has been automaticly generated by ntfs-config -- 
#
# <file system> <mount point>   <type>  <options>       <dump>  <pass>

proc /proc proc defaults 0 0
# Entry for /dev/hdb2 :
UUID=3b830f2f-0a11-4702-8c74-226c3b993cfe / ext3 defaults,errors=remount-ro 0 1
# Entry for /dev/hda1 :
UUID=01C4741F6D4EB760 /media/hda1 ntfs-3g defaults,locale=en_US.UTF-8 0 1
# Entry for /dev/hda1 :
UUID=01C4741F6D4EB760 /media/hda2 ntfs-3g defaults,locale=en_US.UTF-8 0 1
# Entry for /dev/hda1 :
UUID=01C4741F6D4EB760 /media/hdb1 ntfs-3g defaults,locale=en_US.UTF-8 0 1
# Entry for /dev/hdb3 :
UUID=c08703f0-babe-4253-b1cf-04c3aeaa5da7 none swap sw 0 0
/dev/hdc /media/cdrom0 udf,iso9660 user,noauto 0 0
/dev/hdd /media/cdrom1 udf,iso9660 user,noauto 0 0
/dev/fd0 /media/floppy0 auto rw,user,noauto 0 0

Hope someone can help......

---

### Post by wataboutbob on 2007-06-01
fstab  seems okay. Can you try removing ntfs-3g and see if the disks get mounted again.

---

### Post by Thanatos10 on 2007-06-01
Can I change the UUID entries to /dev/hda1 or hda2?  If so how would I mount them so they would display correctly on my desktop?

Any thoughts?

---

### Post by wataboutbob on 2007-06-02
> **Thanatos10 said:**
> Can I change the UUID entries to /dev/hda1 or hda2?  If so how would I mount them so they would display correctly on my desktop?

Any thoughts?

you can check if the UUID listed in fstab is the right as by using

```

sudo vol_id /dev/sdaX

```

But mostly, I've only used the above command to check for the UUID when fstab reports a partition as UNKNOWN. In your case, the UUID is read correctly, I think. Well, you can always check now to make sure.

---

### Post by szaka on 2007-06-02
> **Thanatos10 said:**
> 
UUID=01C4741F6D4EB760 /media/hda1 ntfs-3g defaults,locale=en_US.UTF-8 0 1
UUID=01C4741F6D4EB760 /media/hda2 ntfs-3g defaults,locale=en_US.UTF-8 0 1
UUID=01C4741F6D4EB760 /media/hdb1 ntfs-3g defaults,locale=en_US.UTF-8 0 1

These lines are not correct. They should end with  '0 0' not '0 1'. It seems to be an ntfs-config bug.

---

### Post by Thanatos10 on 2007-06-02
> **szaka said:**
> These lines are not correct. They should end with  '0 0' not '0 1'. It seems to be an ntfs-config bug.

Thanks, I'll change them to '0' and report back.  Luckly, I saved my fstab file, so I'll mod that and restore it.  More to follow.

---

