---
title: "Kernel 3.7 and AMD cpu's"
date: 2012-11-19
forum: Ubuntu Development Version
---

### Post by cariboo on 2012-11-19
Just out of curiosity, how many of us with AMD cpu's are having trouble booting the the latest kernel available in the repositories?

My Intel atom powered netbook runs just fine with the 3.7.0.2 kernel.

---

### Post by P-I H on 2012-11-19
I have no problem to boot.
The installation is an upgrade from 12.04.1 to 12.10 and then with changed source list
```
sudo sed -i 's/quantal/raring/g' /etc/apt/sources.list
sudo apt-get update && sudo apt-get dist-upgrade
```

---

### Post by jppr on 2012-11-19
I have that problem :( I can´t boot in 3.7 kernel, system immediately freezes and gets stuck in it and not do anything any more after that

My system is... Asus motherboard, AMD Athlon 250 II 3,0 Ghz, 4 Gt DDR2 ram and Nvidia 9400 gt

---

### Post by zenarcher on 2012-11-19
I'm having boot problems with my 64 bit system...AMD processor.

zenarcher

---

### Post by rtalcott on 2012-11-19
Same here...AMD64 and it does not want to boot...however I installed the latest RC of GhostBSD and that boots/installs with no problem.

---

### Post by ronacc on 2012-11-19
AMD 64 here and no boot with the 3.7 kernel either with upgraded Quantal hd install or live cd , 3.5.0-17 boots ok

---

### Post by rtalcott on 2012-11-19
sometimes I get the error "**soft lockup cpu0...**" or something like that...I have never seen this one before....and it hangs...if it will boot I only see one core of 4.

---

### Post by jfernyhough on 2012-11-19
Not that it's a solution, but does installing amd64-microcode make any difference?

---

### Post by P-I H on 2012-11-19
I have the AMD microcode installed and is using the Nvidia 304.43 driver.

---

### Post by jfernyhough on 2012-11-19
What about mainline rc6?

:P

---

### Post by DougieFresh4U on 2012-11-19
> **jfernyhough said:**
> What about mainline rc6?

:P

Using rc6
AMD Athlon 5200 x2
3GB RAM
ATI Radeon HD 3200

very basic install, up to date and all seems well at the moment.

---

### Post by ronacc on 2012-11-19
link for the mainline rc6 please . I tried to pull it up with the link in another thread and it won't  come up with that one .

---

### Post by jfernyhough on 2012-11-19
All builds (scroll to the bottom):
[http://kernel.ubuntu.com/~kernel-ppa/mainline/](http://kernel.ubuntu.com/~kernel-ppa/mainline/)

rc6:
[http://kernel.ubuntu.com/~kernel-ppa/mainline/v3.7-rc6-raring/](http://kernel.ubuntu.com/~kernel-ppa/mainline/v3.7-rc6-raring/)

---

### Post by ronacc on 2012-11-19
thanks .

---

### Post by andrew.46 on 2012-11-19
> **cariboo907 said:**
> Just out of curiosity, how many of us with AMD cpu's are having trouble booting the the latest kernel available in the repositories?

Seems ok here on an amd 8150, but labelled a little oddly:

```

andrew@corinth:~$ uname -a
Linux corinth 3.7.0-2-generic #8-Ubuntu SMP Thu Nov 15 16:20:48 UTC 2012 **[COLOR="Red"]x86_64 x86_64 x86_64 [/COLOR]**GNU/Linux

```

:)

---

### Post by wheeze on 2012-11-19
No problems for me at all, but my CPU is pretty old. Just a single-core Athlon 64, but I am using the 64-bit kernel.

FYI, haven't been able to update for several days due to being under the weather and not able to get to my Raring machine, so this is current info as of last Saturday.

---

### Post by cariboo on 2012-11-19
I tried the rc6 yesterday, and I do have the amd-microcode installed, and still no joy. :(

I should also add that I can't boot the daily live iso either.

---

### Post by ventrical on 2012-11-19
I just did a full upgrade to raring from quantal on my:

```

ventrical@ubuntu:~$ lspci
00:00.0 Host bridge: Advanced Micro Devices [AMD] nee ATI RS690 Host Bridge
00:01.0 PCI bridge: Advanced Micro Devices [AMD] nee ATI RS690 PCI to PCI Bridge (Internal gfx)
00:04.0 PCI bridge: Advanced Micro Devices [AMD] nee ATI Device 7914
00:05.0 PCI bridge: Advanced Micro Devices [AMD] nee ATI RS690 PCI to PCI Bridge (PCI Express Port 1)
00:06.0 PCI bridge: Advanced Micro Devices [AMD] nee ATI RS690 PCI to PCI Bridge (PCI Express Port 2)
00:12.0 SATA controller: Advanced Micro Devices [AMD] nee ATI SB600 Non-Raid-5 SATA
00:13.0 USB controller: Advanced Micro Devices [AMD] nee ATI SB600 USB (OHCI0)
00:13.1 USB controller: Advanced Micro Devices [AMD] nee ATI SB600 USB (OHCI1)
00:13.2 USB controller: Advanced Micro Devices [AMD] nee ATI SB600 USB (OHCI2)
00:13.3 USB controller: Advanced Micro Devices [AMD] nee ATI SB600 USB (OHCI3)
00:13.4 USB controller: Advanced Micro Devices [AMD] nee ATI SB600 USB (OHCI4)
00:13.5 USB controller: Advanced Micro Devices [AMD] nee ATI SB600 USB Controller (EHCI)
00:14.0 SMBus: Advanced Micro Devices [AMD] nee ATI SBx00 SMBus Controller (rev 14)
00:14.1 IDE interface: Advanced Micro Devices [AMD] nee ATI SB600 IDE
00:14.2 Audio device: Advanced Micro Devices [AMD] nee ATI SBx00 Azalia (Intel HDA)
00:14.3 ISA bridge: Advanced Micro Devices [AMD] nee ATI SB600 PCI to LPC Bridge
00:14.4 PCI bridge: Advanced Micro Devices [AMD] nee ATI SBx00 PCI to PCI Bridge
00:18.0 Host bridge: Advanced Micro Devices [AMD] K8 [Athlon64/Opteron] HyperTransport Technology Configuration
00:18.1 Host bridge: Advanced Micro Devices [AMD] K8 [Athlon64/Opteron] Address Map
00:18.2 Host bridge: Advanced Micro Devices [AMD] K8 [Athlon64/Opteron] DRAM Controller
00:18.3 Host bridge: Advanced Micro Devices [AMD] K8 [Athlon64/Opteron] Miscellaneous Control
01:05.0 VGA compatible controller: Advanced Micro Devices [AMD] nee ATI RS690M [Radeon X1200 Series]
05:00.0 Network controller: Broadcom Corporation BCM4312 802.11b/g LP-PHY (rev 01)
0b:06.0 CardBus bridge: O2 Micro, Inc. OZ711SP1 Memory CardBus Controller (rev 01)
0b:06.2 SD Host controller: O2 Micro, Inc. Integrated MMC/SD Controller (rev 02)
0b:06.3 Mass storage controller: O2 Micro, Inc. Integrated MS/xD Controller (rev 01)
0b:06.4 FireWire (IEEE 1394): O2 Micro, Inc. Firewire (IEEE 1394) (rev 02)
ventrical@ubuntu:~$ sudo apt-get update

```dual core.

All is well but there is some scrambly screen just before plymouth. The white-stripe Unity panel boot is gone and  menu tabs on windows are seamless on this ATI radeon-express1250.

regards

ventrical@ubuntu:~$ uname -a
Linux ubuntu 3.7.0-2-generic #8-Ubuntu SMP Thu Nov 15 16:20:48 UTC 2012 x86_64 x86_64 x86_64 GNU/Linux
ventrical@ubuntu:~$

---

### Post by ronacc on 2012-11-19
installed rc6  , wouldn't boot , added amd 64 microcode still stopping during boot just after attaching my disks , the kernel seems to be alive since I can alt>sysreq>b to reboot and don't need to hard reset , whatever happens right after the disks are attached seems to be the problem . It is the same with the other 3.7 kernels , 3.5 still boots ok .

---

### Post by jfernyhough on 2012-11-19
Same odd naming on an i5, so it's not AMD-specific:

Linux arrandale 3.7.0-2-generic #8-Ubuntu SMP Thu Nov 15 16:20:48 UTC 2012 x86_64 x86_64 x86_64 GNU/Linux

---

### Post by VinDSL on 2012-11-19
I've been following this thread, even though I'm running an Intel P4EE CPU.

I have a gut *feeling* that we're suffering from a similar problem, but, in my case, it doesn't stop me from booting.

Since I installed the 3.7-rcs, I cannot get my drives to mount in "recovery mode".  When I try to go into read/write mode, I get an error dialog saying it cannot mount "/" because it doesn't exist, and so forth, and so on. However, it will boot, during a normal startup.  

As a workaround, I've been going to console from the LightDM login screen, and disabling services, instead of using "recovery mode".

Reading thorough this thread, it sounds like you guys aren't getting that far in the boot process -- that's all.

The 3.7-rcs obviously suffer from a litany of issues.  Hopefully, we'll overcome them soon.

Just saying...

---

### Post by jppr on 2012-11-20
That kernel bug is a weird and strange when the other 3.7 kernel works and others don´t ... and the strange and bizarre situation will also check that it feels like Canonical's developers don´t have the slightest interest begins to produce correct the problem ... because that kernel problem has been around for so long...

---

### Post by dino99 on 2012-11-20
you need to narrow down that booting issue: first remove "splash  quiet" from the boot line to let you see where hang happen.
As some amd cpu does not have trouble, then it means this issue is related to a mb's chipset or an additional card model.

With that info, a little googling might help.

---

### Post by ronacc on 2012-11-20
> **dino99 said:**
> you need to narrow down that booting issue: first remove "splash  quiet" from the boot line to let you see where hang happen.
As some amd cpu does not have trouble, then it means this issue is related to a mb's chipset or an additional card model.

With that info, a little googling might help.

I already did as you suggest . The 3.7 kernels all stop as soon as my disks are attached during the boot .

---

### Post by dino99 on 2012-11-20
> **ronacc said:**
> I already did as you suggest . The 3.7 kernels all stop as soon as my disks are attached during the boot .

so in verbose mode, do you see the fsck lines ? (maybe force a fsck from a booting kernel shutdown)
i've no problem on ext3/4 on i386

is it the same issue in recovery mode too ?

maybe purge that 3.7 kernel, then reinstall (dkms installed ?)
have you tried with an other video driver ? (if available)

---

### Post by philinux on 2012-11-20
> **cariboo907 said:**
> Just out of curiosity, how many of us with AMD cpu's are having trouble booting the the latest kernel available in the repositories?

My Intel atom powered netbook runs just fine with the 3.7.0.2 kernel.

No probs here. Just rebooted to 3.7.0.2 fine and dandy.

AMD Athlon(tm) 64 X2 Dual Core Processor 5200+ × 2 and nVidia 8600GT.

---

### Post by ronacc on 2012-11-20
> **dino99 said:**
> so in verbose mode, do you see the fsck lines ? (maybe force a fsck from a booting kernel shutdown)
i've no problem on ext3/4 on i386

is it the same issue in recovery mode too ?

maybe purge that 3.7 kernel, then reinstall (dkms installed ?)
have you tried with an other video driver ? (if available)

I'm amd 64 here and that seems to have problems with the 3.7 kernel , I keep all my old kernels and I still have 3.5-17 available and that boots ok . In verbose mode ( quiet and splash removed ) I didn't see the fsck line I'll look for it next boot . I don't think an fsck is being called even though when a 3.7 kernel hangs during boot I alt>sysreq>b to reboot .I doubt its a file system problem since the daily lives do the same thing . I'm nvidia graphics and using nouveau as the driver , I can try the proprietary driver .

---

### Post by jppr on 2012-11-21
Today's new kernel 3.7.0.3.9 update didn´t help and didn´t change anything, my system still doesn´t boot...

---

### Post by dino99 on 2012-11-21
> **jppr said:**
> Today's kernel update didn´t help and didn´t change anything, my system still doesn´t boot, even a new kernel 3.7.0.3.9

it should be great to test both 32 & 64 installation to narrow down that issue.

---

### Post by ronacc on 2012-11-21
d/l'd the i386 and zsync'd the amd64 daily's for today neither would boot , on the amd64 held down shift during boot to get the grub screen and then F6 and selected acpi=off then removed quiet and splash , that let it boot to the desktop , attempting an install  it got to the wireless screen and hung  after selecting continue . tried again same result .

---

### Post by fdm on 2012-11-21
I'm running 32bit ubuntu-minimal with an AMD Phenom II X2 555 processor. From the partial stack trace, it looks like it crashes when initializing my sata harddrive. I get the same results from the lastest 3.7.0.3.7 and the stable 3.6.7 mainline kernel. 3.5.0-17 leftover from quantal still works fine though.

Anyone know where to grab the full stacktrace without a null modem cable? No luck finding it in my logs so far.

---

### Post by ronacc on 2012-11-21
I tried adding acpi=off to the boot parameters for rc6 and that let me get a little further  but still no go , it times out waiting for the root device and drops to busybox .

---

### Post by dino99 on 2012-11-21
have you tried the irqpoll boot parameter ?

---

### Post by ronacc on 2012-11-21
no what do I need to add to the boot line on my install ?

---

### Post by fdm on 2012-11-21
Problem still presists for me when using the irqpoll parameter.

---

### Post by dino99 on 2012-11-21
> **ronacc said:**
> no what do I need to add to the boot line on my install ?

cant really tell you which, as i've not that issue (thanks) , but you will know which one works (in case it helps) after testing them (google around "ubuntu boot setting")

---

### Post by cariboo on 2012-11-21
Seeing a logging doesn't work, when the system won't boot, see the crummy cell phone picture. :)

---

### Post by jppr on 2012-11-21
> **cariboo907 said:**
> Seeing a logging doesn't work, when the system won't boot, see the crummy cell phone picture. :)

I have that same screen :(

---

### Post by ronacc on 2012-11-21
same here except I don't have any usb devices connected so I don't have those lines .

---

### Post by zenarcher on 2012-11-21
> **cariboo907 said:**
> Seeing a logging doesn't work, when the system won't boot, see the crummy cell phone picture. :)

I get about the same thing on my KVM switch with 3.7 and an AMD 64 bit system.

---

### Post by Sworddragon on 2012-11-21
Interestingly my AMD Phenom II X6 1045T never had any booting problems on the last kernel releases. But Turbo Core doesn't work for some versions of the Linux kernel.

---

### Post by VinDSL on 2012-11-21
> **cariboo907 said:**
> Seeing a logging doesn't work, when the system won't boot, see the crummy cell phone picture. :)
Yikes!!!

Your system is infected with Microsoft...  LoL!  :D

---

### Post by cariboo on 2012-11-21
> **VinDSL said:**
> Yikes!!!

Your system is infected with Microsoft...  LoL!  :D

Only Microsoft on this system is the hardware. :-D

---

### Post by zika on 2012-11-22
> **cariboo907 said:**
> Only Microsoft on this system is the hardware. :-D
Clever. Taking the best from both worlds...
Still using IBM keyboard (PS/2, DIN-one is in reserve...)...

---

### Post by P-I H on 2012-11-22
My istallation is booting OK.

This is the kernel.log. Perhaps it will give some help.
The same sequence as in cariboo907's picture starts at 1.539166

```
Nov 22 09:52:18 pi-GA-MA770-UD3-xbmc kernel: Kernel logging (proc) stopped.
Nov 22 09:52:55 pi-GA-MA770-UD3-xbmc kernel: imklog 5.8.6, log source = /proc/kmsg started.
Nov 22 09:52:55 pi-GA-MA770-UD3-xbmc kernel: [    0.000000] Initializing cgroup subsys cpuset
Nov 22 09:52:55 pi-GA-MA770-UD3-xbmc kernel: [    0.000000] Initializing cgroup subsys cpu
Nov 22 09:52:55 pi-GA-MA770-UD3-xbmc kernel: [    0.000000] Linux version 3.7.0-3-generic (buildd@komainu) (gcc version 4.7.2 (Ubuntu/Linaro 4.7.2-5ubuntu7) ) #9-Ubuntu SMP Tue Nov 20 22:38:45 UTC 2012 (Ubuntu 3.7.0-3.9-generic 3.7.0-rc6)
Nov 22 09:52:55 pi-GA-MA770-UD3-xbmc kernel: [    0.000000] Command line: BOOT_IMAGE=/boot/vmlinuz-3.7.0-3-generic root=UUID=0c1c8efd-e8e9-46ea-a96b-5240a305305b ro quiet splash
Nov 22 09:52:55 pi-GA-MA770-UD3-xbmc kernel: [    0.000000] KERNEL supported cpus:
Nov 22 09:52:55 pi-GA-MA770-UD3-xbmc kernel: [    0.000000]   Intel GenuineIntel
Nov 22 09:52:55 pi-GA-MA770-UD3-xbmc kernel: [    0.000000]   AMD AuthenticAMD
Nov 22 09:52:55 pi-GA-MA770-UD3-xbmc kernel: [    0.000000]   Centaur CentaurHauls
Nov 22 09:52:55 pi-GA-MA770-UD3-xbmc kernel: [    0.000000] e820: BIOS-provided physical RAM map:
Nov 22 09:52:55 pi-GA-MA770-UD3-xbmc kernel: [    0.000000] BIOS-e820: [mem 0x0000000000000000-0x00000000000983ff] usable
Nov 22 09:52:55 pi-GA-MA770-UD3-xbmc kernel: [    0.000000] BIOS-e820: [mem 0x0000000000098400-0x000000000009ffff] reserved
Nov 22 09:52:55 pi-GA-MA770-UD3-xbmc kernel: [    0.000000] BIOS-e820: [mem 0x00000000000f0000-0x00000000000fffff] reserved
Nov 22 09:52:55 pi-GA-MA770-UD3-xbmc kernel: [    0.000000] BIOS-e820: [mem 0x0000000000100000-0x00000000cfc90fff] usable
Nov 22 09:52:55 pi-GA-MA770-UD3-xbmc kernel: [    0.000000] BIOS-e820: [mem 0x00000000cfcf0000-0x00000000cfcf2fff] ACPI NVS
Nov 22 09:52:55 pi-GA-MA770-UD3-xbmc kernel: [    0.000000] BIOS-e820: [mem 0x00000000cfcf3000-0x00000000cfcfffff] ACPI data
Nov 22 09:52:55 pi-GA-MA770-UD3-xbmc kernel: [    0.000000] BIOS-e820: [mem 0x00000000cfd00000-0x00000000cfdfffff] reserved
Nov 22 09:52:55 pi-GA-MA770-UD3-xbmc kernel: [    0.000000] BIOS-e820: [mem 0x00000000e0000000-0x00000000efffffff] reserved
Nov 22 09:52:55 pi-GA-MA770-UD3-xbmc kernel: [    0.000000] BIOS-e820: [mem 0x00000000fec00000-0x00000000ffffffff] reserved
Nov 22 09:52:55 pi-GA-MA770-UD3-xbmc kernel: [    0.000000] BIOS-e820: [mem 0x0000000100000000-0x000000012fffffff] usable
Nov 22 09:52:55 pi-GA-MA770-UD3-xbmc kernel: [    0.000000] NX (Execute Disable) protection: active
Nov 22 09:52:55 pi-GA-MA770-UD3-xbmc kernel: [    0.000000] DMI 2.4 present.
Nov 22 09:52:55 pi-GA-MA770-UD3-xbmc kernel: [    0.000000] DMI: Gigabyte Technology Co., Ltd. GA-MA770-UD3/GA-MA770-UD3, BIOS FKb 07/08/2010
Nov 22 09:52:55 pi-GA-MA770-UD3-xbmc kernel: [    0.000000] e820: update [mem 0x00000000-0x0000ffff] usable ==> reserved
Nov 22 09:52:55 pi-GA-MA770-UD3-xbmc kernel: [    0.000000] e820: remove [mem 0x000a0000-0x000fffff] usable
Nov 22 09:52:55 pi-GA-MA770-UD3-xbmc kernel: [    0.000000] No AGP bridge found
Nov 22 09:52:55 pi-GA-MA770-UD3-xbmc kernel: [    0.000000] e820: last_pfn = 0x130000 max_arch_pfn = 0x400000000
Nov 22 09:52:55 pi-GA-MA770-UD3-xbmc kernel: [    0.000000] MTRR default type: uncachable
Nov 22 09:52:55 pi-GA-MA770-UD3-xbmc kernel: [    0.000000] MTRR fixed ranges enabled:
Nov 22 09:52:55 pi-GA-MA770-UD3-xbmc kernel: [    0.000000]   00000-9FFFF write-back
Nov 22 09:52:55 pi-GA-MA770-UD3-xbmc kernel: [    0.000000]   A0000-BFFFF uncachable
Nov 22 09:52:55 pi-GA-MA770-UD3-xbmc kernel: [    0.000000]   C0000-C7FFF write-protect
Nov 22 09:52:55 pi-GA-MA770-UD3-xbmc kernel: [    0.000000]   C8000-FFFFF uncachable
Nov 22 09:52:55 pi-GA-MA770-UD3-xbmc kernel: [    0.000000] MTRR variable ranges enabled:
Nov 22 09:52:55 pi-GA-MA770-UD3-xbmc kernel: [    0.000000]   0 base 000000000000 mask FFFF80000000 write-back
Nov 22 09:52:55 pi-GA-MA770-UD3-xbmc kernel: [    0.000000]   1 base 000080000000 mask FFFFC0000000 write-back
Nov 22 09:52:55 pi-GA-MA770-UD3-xbmc kernel: [    0.000000]   2 base 0000C0000000 mask FFFFF0000000 write-back
Nov 22 09:52:55 pi-GA-MA770-UD3-xbmc kernel: [    0.000000]   3 base 0000CFD00000 mask FFFFFFF00000 uncachable
Nov 22 09:52:55 pi-GA-MA770-UD3-xbmc kernel: [    0.000000]   4 base 0000CFE00000 mask FFFFFFE00000 uncachable
Nov 22 09:52:55 pi-GA-MA770-UD3-xbmc kernel: [    0.000000]   5 base 000100000000 mask FFFFE0000000 write-back
Nov 22 09:52:55 pi-GA-MA770-UD3-xbmc kernel: [    0.000000]   6 base 000120000000 mask FFFFF0000000 write-back
Nov 22 09:52:55 pi-GA-MA770-UD3-xbmc kernel: [    0.000000]   7 disabled
Nov 22 09:52:55 pi-GA-MA770-UD3-xbmc kernel: [    0.000000] TOM2: 0000000130000000 aka 4864M
Nov 22 09:52:55 pi-GA-MA770-UD3-xbmc kernel: [    0.000000] x86 PAT enabled: cpu 0, old 0x7040600070406, new 0x7010600070106
Nov 22 09:52:55 pi-GA-MA770-UD3-xbmc kernel: [    0.000000] original variable MTRRs
Nov 22 09:52:55 pi-GA-MA770-UD3-xbmc kernel: [    0.000000] reg 0, base: 0GB, range: 2GB, type WB
Nov 22 09:52:55 pi-GA-MA770-UD3-xbmc kernel: [    0.000000] reg 1, base: 2GB, range: 1GB, type WB
Nov 22 09:52:55 pi-GA-MA770-UD3-xbmc kernel: [    0.000000] reg 2, base: 3GB, range: 256MB, type WB
Nov 22 09:52:55 pi-GA-MA770-UD3-xbmc kernel: [    0.000000] reg 3, base: 3325MB, range: 1MB, type UC
Nov 22 09:52:55 pi-GA-MA770-UD3-xbmc kernel: [    0.000000] reg 4, base: 3326MB, range: 2MB, type UC
Nov 22 09:52:55 pi-GA-MA770-UD3-xbmc kernel: [    0.000000] reg 5, base: 4GB, range: 512MB, type WB
Nov 22 09:52:55 pi-GA-MA770-UD3-xbmc kernel: [    0.000000] reg 6, base: 4608MB, range: 256MB, type WB
Nov 22 09:52:55 pi-GA-MA770-UD3-xbmc kernel: [    0.000000] total RAM covered: 3325M
Nov 22 09:52:55 pi-GA-MA770-UD3-xbmc kernel: [    0.000000] Found optimal setting for mtrr clean up
Nov 22 09:52:55 pi-GA-MA770-UD3-xbmc kernel: [    0.000000]  gran_size: 64K 	chunk_size: 4M 	num_reg: 5  	lose cover RAM: 0G
Nov 22 09:52:55 pi-GA-MA770-UD3-xbmc kernel: [    0.000000] New variable MTRRs
Nov 22 09:52:55 pi-GA-MA770-UD3-xbmc kernel: [    0.000000] reg 0, base: 0GB, range: 2GB, type WB
Nov 22 09:52:55 pi-GA-MA770-UD3-xbmc kernel: [    0.000000] reg 1, base: 2GB, range: 1GB, type WB
Nov 22 09:52:55 pi-GA-MA770-UD3-xbmc kernel: [    0.000000] reg 2, base: 3GB, range: 256MB, type WB
Nov 22 09:52:55 pi-GA-MA770-UD3-xbmc kernel: [    0.000000] reg 3, base: 3325MB, range: 1MB, type UC
Nov 22 09:52:55 pi-GA-MA770-UD3-xbmc kernel: [    0.000000] reg 4, base: 3326MB, range: 2MB, type UC
Nov 22 09:52:55 pi-GA-MA770-UD3-xbmc kernel: [    0.000000] e820: update [mem 0xcfd00000-0xffffffff] usable ==> reserved
Nov 22 09:52:55 pi-GA-MA770-UD3-xbmc kernel: [    0.000000] e820: last_pfn = 0xcfc91 max_arch_pfn = 0x400000000
Nov 22 09:52:55 pi-GA-MA770-UD3-xbmc kernel: [    0.000000] found SMP MP-table at [mem 0x000f53d0-0x000f53df] mapped at [ffff8800000f53d0]
Nov 22 09:52:55 pi-GA-MA770-UD3-xbmc kernel: [    0.000000] initial memory mapped: [mem 0x00000000-0x1fffffff]
Nov 22 09:52:55 pi-GA-MA770-UD3-xbmc kernel: [    0.000000] Base memory trampoline at [ffff880000092000] 92000 size 24576
Nov 22 09:52:55 pi-GA-MA770-UD3-xbmc kernel: [    0.000000] Using GB pages for direct mapping
Nov 22 09:52:55 pi-GA-MA770-UD3-xbmc kernel: [    0.000000] init_memory_mapping: [mem 0x00000000-0xcfc90fff]
Nov 22 09:52:55 pi-GA-MA770-UD3-xbmc kernel: [    0.000000]  [mem 0x00000000-0xbfffffff] page 1G
Nov 22 09:52:55 pi-GA-MA770-UD3-xbmc kernel: [    0.000000]  [mem 0xc0000000-0xcfbfffff] page 2M
Nov 22 09:52:55 pi-GA-MA770-UD3-xbmc kernel: [    0.000000]  [mem 0xcfc00000-0xcfc90fff] page 4k
Nov 22 09:52:55 pi-GA-MA770-UD3-xbmc kernel: [    0.000000] kernel direct mapping tables up to 0xcfc90fff @ [mem 0x1fffd000-0x1fffffff]
Nov 22 09:52:55 pi-GA-MA770-UD3-xbmc kernel: [    0.000000] init_memory_mapping: [mem 0x100000000-0x12fffffff]
Nov 22 09:52:55 pi-GA-MA770-UD3-xbmc kernel: [    0.000000]  [mem 0x100000000-0x12fffffff] page 2M
Nov 22 09:52:55 pi-GA-MA770-UD3-xbmc kernel: [    0.000000] kernel direct mapping tables up to 0x12fffffff @ [mem 0xcfc8f000-0xcfc90fff]
Nov 22 09:52:55 pi-GA-MA770-UD3-xbmc kernel: [    0.000000] RAMDISK: [mem 0x36184000-0x370b9fff]
Nov 22 09:52:55 pi-GA-MA770-UD3-xbmc kernel: [    0.000000] ACPI: RSDP 00000000000f6e00 00014 (v00 GBT   )
Nov 22 09:52:55 pi-GA-MA770-UD3-xbmc kernel: [    0.000000] ACPI: RSDT 00000000cfcf3000 00038 (v01 GBT    GBTUACPI 42302E31 GBTU 01010101)
Nov 22 09:52:55 pi-GA-MA770-UD3-xbmc kernel: [    0.000000] ACPI: FACP 00000000cfcf3040 00074 (v01 GBT    GBTUACPI 42302E31 GBTU 01010101)
Nov 22 09:52:55 pi-GA-MA770-UD3-xbmc kernel: [    0.000000] ACPI: DSDT 00000000cfcf30c0 07472 (v01 GBT    GBTUACPI 00001000 MSFT 03000000)
Nov 22 09:52:55 pi-GA-MA770-UD3-xbmc kernel: [    0.000000] ACPI: FACS 00000000cfcf0000 00040
Nov 22 09:52:55 pi-GA-MA770-UD3-xbmc kernel: [    0.000000] ACPI: SSDT 00000000cfcfa600 0088C (v01 PTLTD  POWERNOW 00000001  LTP 00000001)
Nov 22 09:52:55 pi-GA-MA770-UD3-xbmc kernel: [    0.000000] ACPI: HPET 00000000cfcfaec0 00038 (v01 GBT    GBTUACPI 42302E31 GBTU 00000098)
Nov 22 09:52:55 pi-GA-MA770-UD3-xbmc kernel: [    0.000000] ACPI: MCFG 00000000cfcfaf00 0003C (v01 GBT    GBTUACPI 42302E31 GBTU 01010101)
Nov 22 09:52:55 pi-GA-MA770-UD3-xbmc kernel: [    0.000000] ACPI: APIC 00000000cfcfa540 000BC (v01 GBT    GBTUACPI 42302E31 GBTU 01010101)
Nov 22 09:52:55 pi-GA-MA770-UD3-xbmc kernel: [    0.000000] ACPI: Local APIC address 0xfee00000
Nov 22 09:52:55 pi-GA-MA770-UD3-xbmc kernel: [    0.000000] Scanning NUMA topology in Northbridge 24
Nov 22 09:52:55 pi-GA-MA770-UD3-xbmc kernel: [    0.000000] No NUMA configuration found
Nov 22 09:52:55 pi-GA-MA770-UD3-xbmc kernel: [    0.000000] Faking a node at [mem 0x0000000000000000-0x000000012fffffff]
Nov 22 09:52:55 pi-GA-MA770-UD3-xbmc kernel: [    0.000000] Initmem setup node 0 [mem 0x00000000-0x12fffffff]
Nov 22 09:52:55 pi-GA-MA770-UD3-xbmc kernel: [    0.000000]   NODE_DATA [mem 0x12fffc000-0x12fffffff]
Nov 22 09:52:55 pi-GA-MA770-UD3-xbmc kernel: [    0.000000]  [ffffea0000000000-ffffea0004bfffff] PMD -> [ffff88012b600000-ffff88012f5fffff] on node 0
Nov 22 09:52:55 pi-GA-MA770-UD3-xbmc kernel: [    0.000000] Zone ranges:
Nov 22 09:52:55 pi-GA-MA770-UD3-xbmc kernel: [    0.000000]   DMA      [mem 0x00010000-0x00ffffff]
Nov 22 09:52:55 pi-GA-MA770-UD3-xbmc kernel: [    0.000000]   DMA32    [mem 0x01000000-0xffffffff]
Nov 22 09:52:55 pi-GA-MA770-UD3-xbmc kernel: [    0.000000]   Normal   [mem 0x100000000-0x12fffffff]
Nov 22 09:52:55 pi-GA-MA770-UD3-xbmc kernel: [    0.000000] Movable zone start for each node
Nov 22 09:52:55 pi-GA-MA770-UD3-xbmc kernel: [    0.000000] Early memory node ranges
Nov 22 09:52:55 pi-GA-MA770-UD3-xbmc kernel: [    0.000000]   node   0: [mem 0x00010000-0x00097fff]
Nov 22 09:52:55 pi-GA-MA770-UD3-xbmc kernel: [    0.000000]   node   0: [mem 0x00100000-0xcfc90fff]
Nov 22 09:52:55 pi-GA-MA770-UD3-xbmc kernel: [    0.000000]   node   0: [mem 0x100000000-0x12fffffff]
Nov 22 09:52:55 pi-GA-MA770-UD3-xbmc kernel: [    0.000000] On node 0 totalpages: 1047577
Nov 22 09:52:55 pi-GA-MA770-UD3-xbmc kernel: [    0.000000]   DMA zone: 64 pages used for memmap
Nov 22 09:52:55 pi-GA-MA770-UD3-xbmc kernel: [    0.000000]   DMA zone: 6 pages reserved
Nov 22 09:52:55 pi-GA-MA770-UD3-xbmc kernel: [    0.000000]   DMA zone: 3906 pages, LIFO batch:0
Nov 22 09:52:55 pi-GA-MA770-UD3-xbmc kernel: [    0.000000]   DMA32 zone: 16320 pages used for memmap
Nov 22 09:52:55 pi-GA-MA770-UD3-xbmc kernel: [    0.000000]   DMA32 zone: 830673 pages, LIFO batch:31
Nov 22 09:52:55 pi-GA-MA770-UD3-xbmc kernel: [    0.000000]   Normal zone: 3072 pages used for memmap
Nov 22 09:52:55 pi-GA-MA770-UD3-xbmc kernel: [    0.000000]   Normal zone: 193536 pages, LIFO batch:31
Nov 22 09:52:55 pi-GA-MA770-UD3-xbmc kernel: [    0.000000] ACPI: PM-Timer IO Port: 0x4008
Nov 22 09:52:55 pi-GA-MA770-UD3-xbmc kernel: [    0.000000] ACPI: Local APIC address 0xfee00000
Nov 22 09:52:55 pi-GA-MA770-UD3-xbmc kernel: [    0.000000] ACPI: LAPIC (acpi_id[0x00] lapic_id[0x00] enabled)
Nov 22 09:52:55 pi-GA-MA770-UD3-xbmc kernel: [    0.000000] ACPI: LAPIC (acpi_id[0x01] lapic_id[0x01] enabled)
Nov 22 09:52:55 pi-GA-MA770-UD3-xbmc kernel: [    0.000000] ACPI: LAPIC (acpi_id[0x02] lapic_id[0x02] enabled)
Nov 22 09:52:55 pi-GA-MA770-UD3-xbmc kernel: [    0.000000] ACPI: LAPIC (acpi_id[0x03] lapic_id[0x03] enabled)
Nov 22 09:52:55 pi-GA-MA770-UD3-xbmc kernel: [    0.000000] ACPI: LAPIC (acpi_id[0x04] lapic_id[0x04] disabled)
Nov 22 09:52:55 pi-GA-MA770-UD3-xbmc kernel: [    0.000000] ACPI: LAPIC (acpi_id[0x05] lapic_id[0x05] disabled)
Nov 22 09:52:55 pi-GA-MA770-UD3-xbmc kernel: [    0.000000] ACPI: LAPIC (acpi_id[0x06] lapic_id[0x06] disabled)
Nov 22 09:52:55 pi-GA-MA770-UD3-xbmc kernel: [    0.000000] ACPI: LAPIC (acpi_id[0x07] lapic_id[0x07] disabled)
Nov 22 09:52:55 pi-GA-MA770-UD3-xbmc kernel: [    0.000000] ACPI: LAPIC_NMI (acpi_id[0x00] dfl dfl lint[0x1])
Nov 22 09:52:55 pi-GA-MA770-UD3-xbmc kernel: [    0.000000] ACPI: LAPIC_NMI (acpi_id[0x01] dfl dfl lint[0x1])
Nov 22 09:52:55 pi-GA-MA770-UD3-xbmc kernel: [    0.000000] ACPI: LAPIC_NMI (acpi_id[0x02] dfl dfl lint[0x1])
Nov 22 09:52:55 pi-GA-MA770-UD3-xbmc kernel: [    0.000000] ACPI: LAPIC_NMI (acpi_id[0x03] dfl dfl lint[0x1])
Nov 22 09:52:55 pi-GA-MA770-UD3-xbmc kernel: [    0.000000] ACPI: LAPIC_NMI (acpi_id[0x04] dfl dfl lint[0x1])
Nov 22 09:52:55 pi-GA-MA770-UD3-xbmc kernel: [    0.000000] ACPI: LAPIC_NMI (acpi_id[0x05] dfl dfl lint[0x1])
Nov 22 09:52:55 pi-GA-MA770-UD3-xbmc kernel: [    0.000000] ACPI: LAPIC_NMI (acpi_id[0x06] dfl dfl lint[0x1])
Nov 22 09:52:55 pi-GA-MA770-UD3-xbmc kernel: [    0.000000] ACPI: LAPIC_NMI (acpi_id[0x07] dfl dfl lint[0x1])
Nov 22 09:52:55 pi-GA-MA770-UD3-xbmc kernel: [    0.000000] ACPI: IOAPIC (id[0x02] address[0xfec00000] gsi_base[0])
Nov 22 09:52:55 pi-GA-MA770-UD3-xbmc kernel: [    0.000000] IOAPIC[0]: apic_id 2, version 33, address 0xfec00000, GSI 0-23
Nov 22 09:52:55 pi-GA-MA770-UD3-xbmc kernel: [    0.000000] ACPI: INT_SRC_OVR (bus 0 bus_irq 0 global_irq 2 dfl dfl)
Nov 22 09:52:55 pi-GA-MA770-UD3-xbmc kernel: [    0.000000] ACPI: INT_SRC_OVR (bus 0 bus_irq 9 global_irq 9 low level)
Nov 22 09:52:55 pi-GA-MA770-UD3-xbmc kernel: [    0.000000] ACPI: IRQ0 used by override.
Nov 22 09:52:55 pi-GA-MA770-UD3-xbmc kernel: [    0.000000] ACPI: IRQ2 used by override.
Nov 22 09:52:55 pi-GA-MA770-UD3-xbmc kernel: [    0.000000] ACPI: IRQ9 used by override.
Nov 22 09:52:55 pi-GA-MA770-UD3-xbmc kernel: [    0.000000] Using ACPI (MADT) for SMP configuration information
Nov 22 09:52:55 pi-GA-MA770-UD3-xbmc kernel: [    0.000000] ACPI: HPET id: 0x10b9a201 base: 0xfed00000
Nov 22 09:52:55 pi-GA-MA770-UD3-xbmc kernel: [    0.000000] smpboot: Allowing 8 CPUs, 4 hotplug CPUs
Nov 22 09:52:55 pi-GA-MA770-UD3-xbmc kernel: [    0.000000] nr_irqs_gsi: 40
Nov 22 09:52:55 pi-GA-MA770-UD3-xbmc kernel: [    0.000000] PM: Registered nosave memory: 0000000000098000 - 0000000000099000
Nov 22 09:52:55 pi-GA-MA770-UD3-xbmc kernel: [    0.000000] PM: Registered nosave memory: 0000000000099000 - 00000000000a0000
Nov 22 09:52:55 pi-GA-MA770-UD3-xbmc kernel: [    0.000000] PM: Registered nosave memory: 00000000000a0000 - 00000000000f0000
Nov 22 09:52:55 pi-GA-MA770-UD3-xbmc kernel: [    0.000000] PM: Registered nosave memory: 00000000000f0000 - 0000000000100000
Nov 22 09:52:55 pi-GA-MA770-UD3-xbmc kernel: [    0.000000] PM: Registered nosave memory: 00000000cfc91000 - 00000000cfcf0000
Nov 22 09:52:55 pi-GA-MA770-UD3-xbmc kernel: [    0.000000] PM: Registered nosave memory: 00000000cfcf0000 - 00000000cfcf3000
Nov 22 09:52:55 pi-GA-MA770-UD3-xbmc kernel: [    0.000000] PM: Registered nosave memory: 00000000cfcf3000 - 00000000cfd00000
Nov 22 09:52:55 pi-GA-MA770-UD3-xbmc kernel: [    0.000000] PM: Registered nosave memory: 00000000cfd00000 - 00000000cfe00000
Nov 22 09:52:55 pi-GA-MA770-UD3-xbmc kernel: [    0.000000] PM: Registered nosave memory: 00000000cfe00000 - 00000000e0000000
Nov 22 09:52:55 pi-GA-MA770-UD3-xbmc kernel: [    0.000000] PM: Registered nosave memory: 00000000e0000000 - 00000000f0000000
Nov 22 09:52:55 pi-GA-MA770-UD3-xbmc kernel: [    0.000000] PM: Registered nosave memory: 00000000f0000000 - 00000000fec00000
Nov 22 09:52:55 pi-GA-MA770-UD3-xbmc kernel: [    0.000000] PM: Registered nosave memory: 00000000fec00000 - 0000000100000000
Nov 22 09:52:55 pi-GA-MA770-UD3-xbmc kernel: [    0.000000] e820: [mem 0xcfe00000-0xdfffffff] available for PCI devices
Nov 22 09:52:55 pi-GA-MA770-UD3-xbmc kernel: [    0.000000] Booting paravirtualized kernel on bare hardware
Nov 22 09:52:55 pi-GA-MA770-UD3-xbmc kernel: [    0.000000] setup_percpu: NR_CPUS:256 nr_cpumask_bits:256 nr_cpu_ids:8 nr_node_ids:1
Nov 22 09:52:55 pi-GA-MA770-UD3-xbmc kernel: [    0.000000] PERCPU: Embedded 28 pages/cpu @ffff88012fc00000 s84736 r8192 d21760 u262144
Nov 22 09:52:55 pi-GA-MA770-UD3-xbmc kernel: [    0.000000] pcpu-alloc: s84736 r8192 d21760 u262144 alloc=1*2097152
Nov 22 09:52:55 pi-GA-MA770-UD3-xbmc kernel: [    0.000000] pcpu-alloc: [0] 0 1 2 3 4 5 6 7 
Nov 22 09:52:55 pi-GA-MA770-UD3-xbmc kernel: [    0.000000] Built 1 zonelists in Node order, mobility grouping on.  Total pages: 1028115
Nov 22 09:52:55 pi-GA-MA770-UD3-xbmc kernel: [    0.000000] Policy zone: Normal
Nov 22 09:52:55 pi-GA-MA770-UD3-xbmc kernel: [    0.000000] Kernel command line: BOOT_IMAGE=/boot/vmlinuz-3.7.0-3-generic root=UUID=0c1c8efd-e8e9-46ea-a96b-5240a305305b ro quiet splash
Nov 22 09:52:55 pi-GA-MA770-UD3-xbmc kernel: [    0.000000] PID hash table entries: 4096 (order: 3, 32768 bytes)
Nov 22 09:52:55 pi-GA-MA770-UD3-xbmc kernel: [    0.000000] __ex_table already sorted, skipping sort
Nov 22 09:52:55 pi-GA-MA770-UD3-xbmc kernel: [    0.000000] Checking aperture...
Nov 22 09:52:55 pi-GA-MA770-UD3-xbmc kernel: [    0.000000] No AGP bridge found
Nov 22 09:52:55 pi-GA-MA770-UD3-xbmc kernel: [    0.000000] Node 0: aperture @ c4000000 size 32 MB
Nov 22 09:52:55 pi-GA-MA770-UD3-xbmc kernel: [    0.000000] Aperture pointing to e820 RAM. Ignoring.
Nov 22 09:52:55 pi-GA-MA770-UD3-xbmc kernel: [    0.000000] Your BIOS doesn't leave a aperture memory hole
Nov 22 09:52:55 pi-GA-MA770-UD3-xbmc kernel: [    0.000000] Please enable the IOMMU option in the BIOS setup
Nov 22 09:52:55 pi-GA-MA770-UD3-xbmc kernel: [    0.000000] This costs you 64 MB of RAM
Nov 22 09:52:55 pi-GA-MA770-UD3-xbmc kernel: [    0.000000] Mapping aperture over 65536 KB of RAM @ c4000000
Nov 22 09:52:55 pi-GA-MA770-UD3-xbmc kernel: [    0.000000] PM: Registered nosave memory: 00000000c4000000 - 00000000c8000000
Nov 22 09:52:55 pi-GA-MA770-UD3-xbmc kernel: [    0.000000] Memory: 3960776k/4980736k available (6868k kernel code, 790428k absent, 229532k reserved, 6343k data, 976k init)
Nov 22 09:52:55 pi-GA-MA770-UD3-xbmc kernel: [    0.000000] SLUB: Genslabs=15, HWalign=64, Order=0-3, MinObjects=0, CPUs=8, Nodes=1
Nov 22 09:52:55 pi-GA-MA770-UD3-xbmc kernel: [    0.000000] Hierarchical RCU implementation.
Nov 22 09:52:55 pi-GA-MA770-UD3-xbmc kernel: [    0.000000] 	RCU dyntick-idle grace-period acceleration is enabled.
Nov 22 09:52:55 pi-GA-MA770-UD3-xbmc kernel: [    0.000000] 	RCU restricting CPUs from NR_CPUS=256 to nr_cpu_ids=8.
Nov 22 09:52:55 pi-GA-MA770-UD3-xbmc kernel: [    0.000000] NR_IRQS:16640 nr_irqs:744 16
Nov 22 09:52:55 pi-GA-MA770-UD3-xbmc kernel: [    0.000000] spurious 8259A interrupt: IRQ7.
Nov 22 09:52:55 pi-GA-MA770-UD3-xbmc kernel: [    0.000000] Console: colour VGA+ 80x25
Nov 22 09:52:55 pi-GA-MA770-UD3-xbmc kernel: [    0.000000] console [tty0] enabled
Nov 22 09:52:55 pi-GA-MA770-UD3-xbmc kernel: [    0.000000] allocated 16777216 bytes of page_cgroup
Nov 22 09:52:55 pi-GA-MA770-UD3-xbmc kernel: [    0.000000] please try 'cgroup_disable=memory' option if you don't want memory cgroups
Nov 22 09:52:55 pi-GA-MA770-UD3-xbmc kernel: [    0.000000] hpet clockevent registered
Nov 22 09:52:55 pi-GA-MA770-UD3-xbmc kernel: [    0.004000] tsc: Fast TSC calibration using PIT
Nov 22 09:52:55 pi-GA-MA770-UD3-xbmc kernel: [    0.008000] tsc: Detected 2924.697 MHz processor
Nov 22 09:52:55 pi-GA-MA770-UD3-xbmc kernel: [    0.000004] Calibrating delay loop (skipped), value calculated using timer frequency.. 5849.39 BogoMIPS (lpj=11698788)
Nov 22 09:52:55 pi-GA-MA770-UD3-xbmc kernel: [    0.000006] pid_max: default: 32768 minimum: 301
Nov 22 09:52:55 pi-GA-MA770-UD3-xbmc kernel: [    0.000030] Security Framework initialized
Nov 22 09:52:55 pi-GA-MA770-UD3-xbmc kernel: [    0.000040] AppArmor: AppArmor initialized
Nov 22 09:52:55 pi-GA-MA770-UD3-xbmc kernel: [    0.000041] Yama: becoming mindful.
Nov 22 09:52:55 pi-GA-MA770-UD3-xbmc kernel: [    0.000302] Dentry cache hash table entries: 524288 (order: 10, 4194304 bytes)
Nov 22 09:52:55 pi-GA-MA770-UD3-xbmc kernel: [    0.001421] Inode-cache hash table entries: 262144 (order: 9, 2097152 bytes)
Nov 22 09:52:55 pi-GA-MA770-UD3-xbmc kernel: [    0.001948] Mount-cache hash table entries: 256
Nov 22 09:52:55 pi-GA-MA770-UD3-xbmc kernel: [    0.002127] Initializing cgroup subsys cpuacct
Nov 22 09:52:55 pi-GA-MA770-UD3-xbmc kernel: [    0.002129] Initializing cgroup subsys memory
Nov 22 09:52:55 pi-GA-MA770-UD3-xbmc kernel: [    0.002136] Initializing cgroup subsys devices
Nov 22 09:52:55 pi-GA-MA770-UD3-xbmc kernel: [    0.002138] Initializing cgroup subsys freezer
Nov 22 09:52:55 pi-GA-MA770-UD3-xbmc kernel: [    0.002139] Initializing cgroup subsys blkio
Nov 22 09:52:55 pi-GA-MA770-UD3-xbmc kernel: [    0.002140] Initializing cgroup subsys perf_event
Nov 22 09:52:55 pi-GA-MA770-UD3-xbmc kernel: [    0.002142] Initializing cgroup subsys hugetlb
Nov 22 09:52:55 pi-GA-MA770-UD3-xbmc kernel: [    0.002162] tseg: 00cfe00000
Nov 22 09:52:55 pi-GA-MA770-UD3-xbmc kernel: [    0.002163] CPU: Physical Processor ID: 0
Nov 22 09:52:55 pi-GA-MA770-UD3-xbmc kernel: [    0.002164] CPU: Processor Core ID: 0
Nov 22 09:52:55 pi-GA-MA770-UD3-xbmc kernel: [    0.002165] mce: CPU supports 6 MCE banks
Nov 22 09:52:55 pi-GA-MA770-UD3-xbmc kernel: [    0.002170] LVT offset 0 assigned for vector 0xf9
Nov 22 09:52:55 pi-GA-MA770-UD3-xbmc kernel: [    0.002175] Last level iTLB entries: 4KB 512, 2MB 16, 4MB 8
Nov 22 09:52:55 pi-GA-MA770-UD3-xbmc kernel: [    0.002175] Last level dTLB entries: 4KB 512, 2MB 128, 4MB 64
Nov 22 09:52:55 pi-GA-MA770-UD3-xbmc kernel: [    0.002175] tlb_flushall_shift: 4
Nov 22 09:52:55 pi-GA-MA770-UD3-xbmc kernel: [    0.002270] Freeing SMP alternatives: 24k freed
Nov 22 09:52:55 pi-GA-MA770-UD3-xbmc kernel: [    0.003501] ACPI: Core revision 20120913
Nov 22 09:52:55 pi-GA-MA770-UD3-xbmc kernel: [    0.043419] ftrace: allocating 25995 entries in 102 pages
Nov 22 09:52:55 pi-GA-MA770-UD3-xbmc kernel: [    0.053574] ..TIMER: vector=0x30 apic1=0 pin1=2 apic2=-1 pin2=-1
Nov 22 09:52:55 pi-GA-MA770-UD3-xbmc kernel: [    0.093246] smpboot: CPU0: AMD Athlon(tm) II X4 620 Processor (fam: 10, model: 05, stepping: 02)
Nov 22 09:52:55 pi-GA-MA770-UD3-xbmc kernel: [    0.199097] Performance Events: AMD PMU driver.
Nov 22 09:52:55 pi-GA-MA770-UD3-xbmc kernel: [    0.199100] ... version:                0
Nov 22 09:52:55 pi-GA-MA770-UD3-xbmc kernel: [    0.199101] ... bit width:              48
Nov 22 09:52:55 pi-GA-MA770-UD3-xbmc kernel: [    0.199102] ... generic registers:      4
Nov 22 09:52:55 pi-GA-MA770-UD3-xbmc kernel: [    0.199103] ... value mask:             0000ffffffffffff
Nov 22 09:52:55 pi-GA-MA770-UD3-xbmc kernel: [    0.199104] ... max period:             00007fffffffffff
Nov 22 09:52:55 pi-GA-MA770-UD3-xbmc kernel: [    0.199104] ... fixed-purpose events:   0
Nov 22 09:52:55 pi-GA-MA770-UD3-xbmc kernel: [    0.199105] ... event mask:             000000000000000f
Nov 22 09:52:55 pi-GA-MA770-UD3-xbmc kernel: [    0.200055] NMI watchdog: enabled on all CPUs, permanently consumes one hw-PMU counter.
Nov 22 09:52:55 pi-GA-MA770-UD3-xbmc kernel: [    0.200123] smpboot: Booting Node   0, Processors  #1 #2 #3
Nov 22 09:52:55 pi-GA-MA770-UD3-xbmc kernel: [    0.239326] Brought up 4 CPUs
Nov 22 09:52:55 pi-GA-MA770-UD3-xbmc kernel: [    0.239328] smpboot: Total of 4 processors activated (23397.57 BogoMIPS)
Nov 22 09:52:55 pi-GA-MA770-UD3-xbmc kernel: [    0.240140] devtmpfs: initialized
Nov 22 09:52:55 pi-GA-MA770-UD3-xbmc kernel: [    0.241369] EVM: security.selinux
Nov 22 09:52:55 pi-GA-MA770-UD3-xbmc kernel: [    0.241370] EVM: security.SMACK64
Nov 22 09:52:55 pi-GA-MA770-UD3-xbmc kernel: [    0.241371] EVM: security.capability
Nov 22 09:52:55 pi-GA-MA770-UD3-xbmc kernel: [    0.241450] PM: Registering ACPI NVS region [mem 0xcfcf0000-0xcfcf2fff] (12288 bytes)
Nov 22 09:52:55 pi-GA-MA770-UD3-xbmc kernel: [    0.242273] regulator-dummy: no parameters
Nov 22 09:52:55 pi-GA-MA770-UD3-xbmc kernel: [    0.242301] RTC time:  8:52:45, date: 11/22/12
Nov 22 09:52:55 pi-GA-MA770-UD3-xbmc kernel: [    0.242338] NET: Registered protocol family 16
Nov 22 09:52:55 pi-GA-MA770-UD3-xbmc kernel: [    0.242427] node 0 link 0: io port [b000, ffff]
Nov 22 09:52:55 pi-GA-MA770-UD3-xbmc kernel: [    0.242429] TOM: 00000000d0000000 aka 3328M
Nov 22 09:52:55 pi-GA-MA770-UD3-xbmc kernel: [    0.242431] Fam 10h mmconf [mem 0xe0000000-0xe00fffff]
Nov 22 09:52:55 pi-GA-MA770-UD3-xbmc kernel: [    0.242433] node 0 link 0: mmio [a0000, bffff]
Nov 22 09:52:55 pi-GA-MA770-UD3-xbmc kernel: [    0.242435] node 0 link 0: mmio [d0000000, dfffffff]
Nov 22 09:52:55 pi-GA-MA770-UD3-xbmc kernel: [    0.242437] node 0 link 0: mmio [f0000000, fe02ffff]
Nov 22 09:52:55 pi-GA-MA770-UD3-xbmc kernel: [    0.242438] node 0 link 0: mmio [e0000000, e04fffff] ==> [e0100000, e04fffff]
Nov 22 09:52:55 pi-GA-MA770-UD3-xbmc kernel: [    0.242440] TOM2: 0000000130000000 aka 4864M
Nov 22 09:52:55 pi-GA-MA770-UD3-xbmc kernel: [    0.242442] bus: [bus 00-04] on node 0 link 0
Nov 22 09:52:55 pi-GA-MA770-UD3-xbmc kernel: [    0.242443] bus: 00 [io  0x0000-0xffff]
Nov 22 09:52:55 pi-GA-MA770-UD3-xbmc kernel: [    0.242444] bus: 00 [mem 0x000a0000-0x000bffff]
Nov 22 09:52:55 pi-GA-MA770-UD3-xbmc kernel: [    0.242445] bus: 00 [mem 0xd0000000-0xdfffffff]
Nov 22 09:52:55 pi-GA-MA770-UD3-xbmc kernel: [    0.242446] bus: 00 [mem 0xe0500000-0xffffffff]
Nov 22 09:52:55 pi-GA-MA770-UD3-xbmc kernel: [    0.242447] bus: 00 [mem 0xe0100000-0xe04fffff]
Nov 22 09:52:55 pi-GA-MA770-UD3-xbmc kernel: [    0.242448] bus: 00 [mem 0x130000000-0xfcffffffff]
Nov 22 09:52:55 pi-GA-MA770-UD3-xbmc kernel: [    0.242528] ACPI: bus type pci registered
Nov 22 09:52:55 pi-GA-MA770-UD3-xbmc kernel: [    0.242576] PCI: MMCONFIG for domain 0000 [bus 00-ff] at [mem 0xe0000000-0xefffffff] (base 0xe0000000)
Nov 22 09:52:55 pi-GA-MA770-UD3-xbmc kernel: [    0.242578] PCI: MMCONFIG at [mem 0xe0000000-0xefffffff] reserved in E820
Nov 22 09:52:55 pi-GA-MA770-UD3-xbmc kernel: [    0.252694] PCI: Using configuration type 1 for base access
Nov 22 09:52:55 pi-GA-MA770-UD3-xbmc kernel: [    0.253545] bio: create slab <bio-0> at 0
Nov 22 09:52:55 pi-GA-MA770-UD3-xbmc kernel: [    0.253629] ACPI: Added _OSI(Module Device)
Nov 22 09:52:55 pi-GA-MA770-UD3-xbmc kernel: [    0.253630] ACPI: Added _OSI(Processor Device)
Nov 22 09:52:55 pi-GA-MA770-UD3-xbmc kernel: [    0.253631] ACPI: Added _OSI(3.0 _SCP Extensions)
Nov 22 09:52:55 pi-GA-MA770-UD3-xbmc kernel: [    0.253632] ACPI: Added _OSI(Processor Aggregator Device)
Nov 22 09:52:55 pi-GA-MA770-UD3-xbmc kernel: [    0.254264] ACPI: EC: Look up EC in DSDT
Nov 22 09:52:55 pi-GA-MA770-UD3-xbmc kernel: [    0.257932] ACPI: Interpreter enabled
Nov 22 09:52:55 pi-GA-MA770-UD3-xbmc kernel: [    0.257938] ACPI: (supports S0 S3 S4 S5)
Nov 22 09:52:55 pi-GA-MA770-UD3-xbmc kernel: [    0.257952] ACPI: Using IOAPIC for interrupt routing
Nov 22 09:52:55 pi-GA-MA770-UD3-xbmc kernel: [    0.303038] ACPI: No dock devices found.
Nov 22 09:52:55 pi-GA-MA770-UD3-xbmc kernel: [    0.303044] PCI: Using host bridge windows from ACPI; if necessary, use "pci=nocrs" and report a bug
Nov 22 09:52:55 pi-GA-MA770-UD3-xbmc kernel: [    0.303087] ACPI: PCI Root Bridge [PCI0] (domain 0000 [bus 00-ff])
Nov 22 09:52:55 pi-GA-MA770-UD3-xbmc kernel: [    0.303166] PCI host bridge to bus 0000:00
Nov 22 09:52:55 pi-GA-MA770-UD3-xbmc kernel: [    0.303169] pci_bus 0000:00: root bus resource [bus 00-ff]
Nov 22 09:52:55 pi-GA-MA770-UD3-xbmc kernel: [    0.303171] pci_bus 0000:00: root bus resource [io  0x0000-0x0cf7]
Nov 22 09:52:55 pi-GA-MA770-UD3-xbmc kernel: [    0.303173] pci_bus 0000:00: root bus resource [io  0x0d00-0xffff]
Nov 22 09:52:55 pi-GA-MA770-UD3-xbmc kernel: [    0.303174] pci_bus 0000:00: root bus resource [mem 0x000a0000-0x000bffff]
Nov 22 09:52:55 pi-GA-MA770-UD3-xbmc kernel: [    0.303176] pci_bus 0000:00: root bus resource [mem 0x000c0000-0x000dffff]
Nov 22 09:52:55 pi-GA-MA770-UD3-xbmc kernel: [    0.303178] pci_bus 0000:00: root bus resource [mem 0xcff00000-0xfebfffff]
Nov 22 09:52:55 pi-GA-MA770-UD3-xbmc kernel: [    0.303187] pci 0000:00:00.0: [1002:5957] type 00 class 0x060000
Nov 22 09:52:55 pi-GA-MA770-UD3-xbmc kernel: [    0.303198] pci 0000:00:00.0: reg 1c: [mem 0xe0000000-0xffffffff 64bit]
Nov 22 09:52:55 pi-GA-MA770-UD3-xbmc kernel: [    0.303230] pci 0000:00:02.0: [1002:5978] type 01 class 0x060400
Nov 22 09:52:55 pi-GA-MA770-UD3-xbmc kernel: [    0.303259] pci 0000:00:02.0: PME# supported from D0 D3hot D3cold
Nov 22 09:52:55 pi-GA-MA770-UD3-xbmc kernel: [    0.303272] pci 0000:00:04.0: [1002:597a] type 01 class 0x060400
Nov 22 09:52:55 pi-GA-MA770-UD3-xbmc kernel: [    0.303300] pci 0000:00:04.0: PME# supported from D0 D3hot D3cold
Nov 22 09:52:55 pi-GA-MA770-UD3-xbmc kernel: [    0.303326] pci 0000:00:0a.0: [1002:597f] type 01 class 0x060400
Nov 22 09:52:55 pi-GA-MA770-UD3-xbmc kernel: [    0.303354] pci 0000:00:0a.0: PME# supported from D0 D3hot D3cold
Nov 22 09:52:55 pi-GA-MA770-UD3-xbmc kernel: [    0.303379] pci 0000:00:11.0: [1002:4391] type 00 class 0x010601
Nov 22 09:52:55 pi-GA-MA770-UD3-xbmc kernel: [    0.303397] pci 0000:00:11.0: reg 10: [io  0xff00-0xff07]
Nov 22 09:52:55 pi-GA-MA770-UD3-xbmc kernel: [    0.303406] pci 0000:00:11.0: reg 14: [io  0xfe00-0xfe03]
Nov 22 09:52:55 pi-GA-MA770-UD3-xbmc kernel: [    0.303414] pci 0000:00:11.0: reg 18: [io  0xfd00-0xfd07]
Nov 22 09:52:55 pi-GA-MA770-UD3-xbmc kernel: [    0.303423] pci 0000:00:11.0: reg 1c: [io  0xfc00-0xfc03]
Nov 22 09:52:55 pi-GA-MA770-UD3-xbmc kernel: [    0.303432] pci 0000:00:11.0: reg 20: [io  0xfb00-0xfb0f]
Nov 22 09:52:55 pi-GA-MA770-UD3-xbmc kernel: [    0.303441] pci 0000:00:11.0: reg 24: [mem 0xfe02f000-0xfe02f3ff]
Nov 22 09:52:55 pi-GA-MA770-UD3-xbmc kernel: [    0.303496] pci 0000:00:12.0: [1002:4397] type 00 class 0x0c0310
Nov 22 09:52:55 pi-GA-MA770-UD3-xbmc kernel: [    0.303508] pci 0000:00:12.0: reg 10: [mem 0xfe02e000-0xfe02efff]
Nov 22 09:52:55 pi-GA-MA770-UD3-xbmc kernel: [    0.303570] pci 0000:00:12.1: [1002:4398] type 00 class 0x0c0310
Nov 22 09:52:55 pi-GA-MA770-UD3-xbmc kernel: [    0.303582] pci 0000:00:12.1: reg 10: [mem 0xfe02d000-0xfe02dfff]
Nov 22 09:52:55 pi-GA-MA770-UD3-xbmc kernel: [    0.303649] pci 0000:00:12.2: [1002:4396] type 00 class 0x0c0320
Nov 22 09:52:55 pi-GA-MA770-UD3-xbmc kernel: [    0.303667] pci 0000:00:12.2: reg 10: [mem 0xfe02c000-0xfe02c0ff]
Nov 22 09:52:55 pi-GA-MA770-UD3-xbmc kernel: [    0.303746] pci 0000:00:12.2: supports D1 D2
Nov 22 09:52:55 pi-GA-MA770-UD3-xbmc kernel: [    0.303748] pci 0000:00:12.2: PME# supported from D0 D1 D2 D3hot
Nov 22 09:52:55 pi-GA-MA770-UD3-xbmc kernel: [    0.303771] pci 0000:00:13.0: [1002:4397] type 00 class 0x0c0310
Nov 22 09:52:55 pi-GA-MA770-UD3-xbmc kernel: [    0.303783] pci 0000:00:13.0: reg 10: [mem 0xfe02b000-0xfe02bfff]
Nov 22 09:52:55 pi-GA-MA770-UD3-xbmc kernel: [    0.303845] pci 0000:00:13.1: [1002:4398] type 00 class 0x0c0310
Nov 22 09:52:55 pi-GA-MA770-UD3-xbmc kernel: [    0.303857] pci 0000:00:13.1: reg 10: [mem 0xfe02a000-0xfe02afff]
Nov 22 09:52:55 pi-GA-MA770-UD3-xbmc kernel: [    0.303924] pci 0000:00:13.2: [1002:4396] type 00 class 0x0c0320
Nov 22 09:52:55 pi-GA-MA770-UD3-xbmc kernel: [    0.303942] pci 0000:00:13.2: reg 10: [mem 0xfe029000-0xfe0290ff]
Nov 22 09:52:55 pi-GA-MA770-UD3-xbmc kernel: [    0.304021] pci 0000:00:13.2: supports D1 D2
Nov 22 09:52:55 pi-GA-MA770-UD3-xbmc kernel: [    0.304022] pci 0000:00:13.2: PME# supported from D0 D1 D2 D3hot
Nov 22 09:52:55 pi-GA-MA770-UD3-xbmc kernel: [    0.304047] pci 0000:00:14.0: [1002:4385] type 00 class 0x0c0500
Nov 22 09:52:55 pi-GA-MA770-UD3-xbmc kernel: [    0.304142] pci 0000:00:14.1: [1002:439c] type 00 class 0x01018a
Nov 22 09:52:55 pi-GA-MA770-UD3-xbmc kernel: [    0.304158] pci 0000:00:14.1: reg 10: [io  0x0000-0x0007]
Nov 22 09:52:55 pi-GA-MA770-UD3-xbmc kernel: [    0.304167] pci 0000:00:14.1: reg 14: [io  0x0000-0x0003]
Nov 22 09:52:55 pi-GA-MA770-UD3-xbmc kernel: [    0.304175] pci 0000:00:14.1: reg 18: [io  0x0000-0x0007]
Nov 22 09:52:55 pi-GA-MA770-UD3-xbmc kernel: [    0.304184] pci 0000:00:14.1: reg 1c: [io  0x0000-0x0003]
Nov 22 09:52:55 pi-GA-MA770-UD3-xbmc kernel: [    0.304193] pci 0000:00:14.1: reg 20: [io  0xfa00-0xfa0f]
Nov 22 09:52:55 pi-GA-MA770-UD3-xbmc kernel: [    0.304248] pci 0000:00:14.2: [1002:4383] type 00 class 0x040300
Nov 22 09:52:55 pi-GA-MA770-UD3-xbmc kernel: [    0.304268] pci 0000:00:14.2: reg 10: [mem 0xfe024000-0xfe027fff 64bit]
Nov 22 09:52:55 pi-GA-MA770-UD3-xbmc kernel: [    0.304331] pci 0000:00:14.2: PME# supported from D0 D3hot D3cold
Nov 22 09:52:55 pi-GA-MA770-UD3-xbmc kernel: [    0.304346] pci 0000:00:14.3: [1002:439d] type 00 class 0x060100
Nov 22 09:52:55 pi-GA-MA770-UD3-xbmc kernel: [    0.304418] pci 0000:00:14.4: [1002:4384] type 01 class 0x060401
Nov 22 09:52:55 pi-GA-MA770-UD3-xbmc kernel: [    0.304459] pci 0000:00:14.5: [1002:4399] type 00 class 0x0c0310
Nov 22 09:52:55 pi-GA-MA770-UD3-xbmc kernel: [    0.304472] pci 0000:00:14.5: reg 10: [mem 0xfe028000-0xfe028fff]
Nov 22 09:52:55 pi-GA-MA770-UD3-xbmc kernel: [    0.304536] pci 0000:00:18.0: [1022:1200] type 00 class 0x060000
Nov 22 09:52:55 pi-GA-MA770-UD3-xbmc kernel: [    0.304550] pci 0000:00:18.1: [1022:1201] type 00 class 0x060000
Nov 22 09:52:55 pi-GA-MA770-UD3-xbmc kernel: [    0.304561] pci 0000:00:18.2: [1022:1202] type 00 class 0x060000
Nov 22 09:52:55 pi-GA-MA770-UD3-xbmc kernel: [    0.304573] pci 0000:00:18.3: [1022:1203] type 00 class 0x060000
Nov 22 09:52:55 pi-GA-MA770-UD3-xbmc kernel: [    0.304586] pci 0000:00:18.4: [1022:1204] type 00 class 0x060000
Nov 22 09:52:55 pi-GA-MA770-UD3-xbmc kernel: [    0.304636] pci 0000:01:00.0: [10de:0615] type 00 class 0x030000
Nov 22 09:52:55 pi-GA-MA770-UD3-xbmc kernel: [    0.304648] pci 0000:01:00.0: reg 10: [mem 0xfa000000-0xfaffffff]
Nov 22 09:52:55 pi-GA-MA770-UD3-xbmc kernel: [    0.304660] pci 0000:01:00.0: reg 14: [mem 0xd0000000-0xdfffffff 64bit pref]
Nov 22 09:52:55 pi-GA-MA770-UD3-xbmc kernel: [    0.304672] pci 0000:01:00.0: reg 1c: [mem 0xf8000000-0xf9ffffff 64bit]
Nov 22 09:52:55 pi-GA-MA770-UD3-xbmc kernel: [    0.304681] pci 0000:01:00.0: reg 24: [io  0xef00-0xef7f]
Nov 22 09:52:55 pi-GA-MA770-UD3-xbmc kernel: [    0.304689] pci 0000:01:00.0: reg 30: [mem 0x00000000-0x0001ffff pref]
Nov 22 09:52:55 pi-GA-MA770-UD3-xbmc kernel: [    0.311349] pci 0000:00:02.0: PCI bridge to [bus 01]
Nov 22 09:52:55 pi-GA-MA770-UD3-xbmc kernel: [    0.311355] pci 0000:00:02.0:   bridge window [io  0xe000-0xefff]
Nov 22 09:52:55 pi-GA-MA770-UD3-xbmc kernel: [    0.311358] pci 0000:00:02.0:   bridge window [mem 0xf8000000-0xfbffffff]
Nov 22 09:52:55 pi-GA-MA770-UD3-xbmc kernel: [    0.311361] pci 0000:00:02.0:   bridge window [mem 0xd0000000-0xdfffffff 64bit pref]
Nov 22 09:52:55 pi-GA-MA770-UD3-xbmc kernel: [    0.311398] pci 0000:02:00.0: [168c:0024] type 00 class 0x028000
Nov 22 09:52:55 pi-GA-MA770-UD3-xbmc kernel: [    0.311415] pci 0000:02:00.0: reg 10: [mem 0xfdaf0000-0xfdafffff 64bit]
Nov 22 09:52:55 pi-GA-MA770-UD3-xbmc kernel: [    0.311493] pci 0000:02:00.0: supports D1
Nov 22 09:52:55 pi-GA-MA770-UD3-xbmc kernel: [    0.311495] pci 0000:02:00.0: PME# supported from D0 D1 D3hot
Nov 22 09:52:55 pi-GA-MA770-UD3-xbmc kernel: [    0.311514] pci 0000:02:00.0: disabling ASPM on pre-1.1 PCIe device.  You can enable it with 'pcie_aspm=force'
Nov 22 09:52:55 pi-GA-MA770-UD3-xbmc kernel: [    0.311520] pci 0000:00:04.0: PCI bridge to [bus 02]
Nov 22 09:52:55 pi-GA-MA770-UD3-xbmc kernel: [    0.311523] pci 0000:00:04.0:   bridge window [io  0xd000-0xdfff]
Nov 22 09:52:55 pi-GA-MA770-UD3-xbmc kernel: [    0.311525] pci 0000:00:04.0:   bridge window [mem 0xfda00000-0xfdafffff]
Nov 22 09:52:55 pi-GA-MA770-UD3-xbmc kernel: [    0.311528] pci 0000:00:04.0:   bridge window [mem 0xfdf00000-0xfdffffff 64bit pref]
Nov 22 09:52:55 pi-GA-MA770-UD3-xbmc kernel: [    0.311564] pci 0000:03:00.0: [10ec:8168] type 00 class 0x020000
Nov 22 09:52:55 pi-GA-MA770-UD3-xbmc kernel: [    0.311576] pci 0000:03:00.0: reg 10: [io  0xce00-0xceff]
Nov 22 09:52:55 pi-GA-MA770-UD3-xbmc kernel: [    0.311595] pci 0000:03:00.0: reg 18: [mem 0xfddff000-0xfddfffff 64bit pref]
Nov 22 09:52:55 pi-GA-MA770-UD3-xbmc kernel: [    0.311607] pci 0000:03:00.0: reg 20: [mem 0xfdde0000-0xfddeffff 64bit pref]
Nov 22 09:52:55 pi-GA-MA770-UD3-xbmc kernel: [    0.311616] pci 0000:03:00.0: reg 30: [mem 0x00000000-0x0000ffff pref]
Nov 22 09:52:55 pi-GA-MA770-UD3-xbmc kernel: [    0.311659] pci 0000:03:00.0: supports D1 D2
Nov 22 09:52:55 pi-GA-MA770-UD3-xbmc kernel: [    0.311660] pci 0000:03:00.0: PME# supported from D0 D1 D2 D3hot D3cold
Nov 22 09:52:55 pi-GA-MA770-UD3-xbmc kernel: [    0.319347] pci 0000:00:0a.0: PCI bridge to [bus 03]
Nov 22 09:52:55 pi-GA-MA770-UD3-xbmc kernel: [    0.319353] pci 0000:00:0a.0:   bridge window [io  0xc000-0xcfff]
Nov 22 09:52:55 pi-GA-MA770-UD3-xbmc kernel: [    0.319355] pci 0000:00:0a.0:   bridge window [mem 0xfde00000-0xfdefffff]
Nov 22 09:52:55 pi-GA-MA770-UD3-xbmc kernel: [    0.319358] pci 0000:00:0a.0:   bridge window [mem 0xfdd00000-0xfddfffff 64bit pref]
Nov 22 09:52:55 pi-GA-MA770-UD3-xbmc kernel: [    0.319396] pci 0000:04:07.0: [1106:3038] type 00 class 0x0c0300
Nov 22 09:52:55 pi-GA-MA770-UD3-xbmc kernel: [    0.319456] pci 0000:04:07.0: reg 20: [io  0xbf00-0xbf1f]
Nov 22 09:52:55 pi-GA-MA770-UD3-xbmc kernel: [    0.319511] pci 0000:04:07.0: supports D1 D2
Nov 22 09:52:55 pi-GA-MA770-UD3-xbmc kernel: [    0.319513] pci 0000:04:07.0: PME# supported from D0 D1 D2 D3hot
Nov 22 09:52:55 pi-GA-MA770-UD3-xbmc kernel: [    0.319536] pci 0000:04:07.2: [1106:3104] type 00 class 0x0c0320
Nov 22 09:52:55 pi-GA-MA770-UD3-xbmc kernel: [    0.319556] pci 0000:04:07.2: reg 10: [mem 0xfdcff000-0xfdcff0ff]
Nov 22 09:52:55 pi-GA-MA770-UD3-xbmc kernel: [    0.319648] pci 0000:04:07.2: supports D1 D2
Nov 22 09:52:55 pi-GA-MA770-UD3-xbmc kernel: [    0.319650] pci 0000:04:07.2: PME# supported from D0 D1 D2 D3hot
Nov 22 09:52:55 pi-GA-MA770-UD3-xbmc kernel: [    0.319701] pci 0000:00:14.4: PCI bridge to [bus 04] (subtractive decode)
Nov 22 09:52:55 pi-GA-MA770-UD3-xbmc kernel: [    0.319705] pci 0000:00:14.4:   bridge window [io  0xb000-0xbfff]
Nov 22 09:52:55 pi-GA-MA770-UD3-xbmc kernel: [    0.319708] pci 0000:00:14.4:   bridge window [mem 0xfdc00000-0xfdcfffff]
Nov 22 09:52:55 pi-GA-MA770-UD3-xbmc kernel: [    0.319712] pci 0000:00:14.4:   bridge window [mem 0xfdb00000-0xfdbfffff pref]
Nov 22 09:52:55 pi-GA-MA770-UD3-xbmc kernel: [    0.319714] pci 0000:00:14.4:   bridge window [io  0x0000-0x0cf7] (subtractive decode)
Nov 22 09:52:55 pi-GA-MA770-UD3-xbmc kernel: [    0.319715] pci 0000:00:14.4:   bridge window [io  0x0d00-0xffff] (subtractive decode)
Nov 22 09:52:55 pi-GA-MA770-UD3-xbmc kernel: [    0.319717] pci 0000:00:14.4:   bridge window [mem 0x000a0000-0x000bffff] (subtractive decode)
Nov 22 09:52:55 pi-GA-MA770-UD3-xbmc kernel: [    0.319718] pci 0000:00:14.4:   bridge window [mem 0x000c0000-0x000dffff] (subtractive decode)
Nov 22 09:52:55 pi-GA-MA770-UD3-xbmc kernel: [    0.319720] pci 0000:00:14.4:   bridge window [mem 0xcff00000-0xfebfffff] (subtractive decode)
Nov 22 09:52:55 pi-GA-MA770-UD3-xbmc kernel: [    0.319735] ACPI: PCI Interrupt Routing Table [\_SB_.PCI0._PRT]
Nov 22 09:52:55 pi-GA-MA770-UD3-xbmc kernel: [    0.319909] ACPI: PCI Interrupt Routing Table [\_SB_.PCI0.P2P_._PRT]
Nov 22 09:52:55 pi-GA-MA770-UD3-xbmc kernel: [    0.319948] ACPI: PCI Interrupt Routing Table [\_SB_.PCI0.PCE2._PRT]
Nov 22 09:52:55 pi-GA-MA770-UD3-xbmc kernel: [    0.319969] ACPI: PCI Interrupt Routing Table [\_SB_.PCI0.PCE4._PRT]
Nov 22 09:52:55 pi-GA-MA770-UD3-xbmc kernel: [    0.319995] ACPI: PCI Interrupt Routing Table [\_SB_.PCI0.PCEA._PRT]
Nov 22 09:52:55 pi-GA-MA770-UD3-xbmc kernel: [    0.320015]  pci0000:00: ACPI _OSC support notification failed, disabling PCIe ASPM
Nov 22 09:52:55 pi-GA-MA770-UD3-xbmc kernel: [    0.320017]  pci0000:00: Unable to request _OSC control (_OSC support mask: 0x08)
Nov 22 09:52:55 pi-GA-MA770-UD3-xbmc kernel: [    0.329792] ACPI: PCI Interrupt Link [LNKA] (IRQs 3 4 5 6 7 10 11) *0, disabled.
Nov 22 09:52:55 pi-GA-MA770-UD3-xbmc kernel: [    0.329823] ACPI: PCI Interrupt Link [LNKB] (IRQs 3 4 5 6 7 10 11) *0, disabled.
Nov 22 09:52:55 pi-GA-MA770-UD3-xbmc kernel: [    0.329851] ACPI: PCI Interrupt Link [LNKC] (IRQs 3 4 5 6 7 10 11) *0, disabled.
Nov 22 09:52:55 pi-GA-MA770-UD3-xbmc kernel: [    0.329878] ACPI: PCI Interrupt Link [LNKD] (IRQs 3 4 5 6 7 10 11) *0, disabled.
Nov 22 09:52:55 pi-GA-MA770-UD3-xbmc kernel: [    0.329905] ACPI: PCI Interrupt Link [LNKE] (IRQs 3 4 5 6 7 10 11) *0, disabled.
Nov 22 09:52:55 pi-GA-MA770-UD3-xbmc kernel: [    0.329931] ACPI: PCI Interrupt Link [LNKF] (IRQs 3 4 5 6 7 10 11) *0, disabled.
Nov 22 09:52:55 pi-GA-MA770-UD3-xbmc kernel: [    0.329958] ACPI: PCI Interrupt Link [LNK0] (IRQs 3 4 5 6 7 10 11) *0, disabled.
Nov 22 09:52:55 pi-GA-MA770-UD3-xbmc kernel: [    0.329985] ACPI: PCI Interrupt Link [LNK1] (IRQs 3 4 5 6 7 10 11) *0, disabled.
Nov 22 09:52:55 pi-GA-MA770-UD3-xbmc kernel: [    0.330088] vgaarb: device added: PCI:0000:01:00.0,decodes=io+mem,owns=io+mem,locks=none
Nov 22 09:52:55 pi-GA-MA770-UD3-xbmc kernel: [    0.330090] vgaarb: loaded
Nov 22 09:52:55 pi-GA-MA770-UD3-xbmc kernel: [    0.330091] vgaarb: bridge control possible 0000:01:00.0
Nov 22 09:52:55 pi-GA-MA770-UD3-xbmc kernel: [    0.330227] SCSI subsystem initialized
Nov 22 09:52:55 pi-GA-MA770-UD3-xbmc kernel: [    0.330229] ACPI: bus type scsi registered
Nov 22 09:52:55 pi-GA-MA770-UD3-xbmc kernel: [    0.330289] libata version 3.00 loaded.
Nov 22 09:52:55 pi-GA-MA770-UD3-xbmc kernel: [    0.330305] ACPI: bus type usb registered
Nov 22 09:52:55 pi-GA-MA770-UD3-xbmc kernel: [    0.330320] usbcore: registered new interface driver usbfs
Nov 22 09:52:55 pi-GA-MA770-UD3-xbmc kernel: [    0.330326] usbcore: registered new interface driver hub
Nov 22 09:52:55 pi-GA-MA770-UD3-xbmc kernel: [    0.330343] usbcore: registered new device driver usb
Nov 22 09:52:55 pi-GA-MA770-UD3-xbmc kernel: [    0.330399] PCI: Using ACPI for IRQ routing
Nov 22 09:52:55 pi-GA-MA770-UD3-xbmc kernel: [    0.338606] PCI: pci_cache_line_size set to 64 bytes
Nov 22 09:52:55 pi-GA-MA770-UD3-xbmc kernel: [    0.338613] pci 0000:00:00.0: no compatible bridge window for [mem 0xe0000000-0xffffffff 64bit]
Nov 22 09:52:55 pi-GA-MA770-UD3-xbmc kernel: [    0.338677] e820: reserve RAM buffer [mem 0x00098400-0x0009ffff]
Nov 22 09:52:55 pi-GA-MA770-UD3-xbmc kernel: [    0.338679] e820: reserve RAM buffer [mem 0xcfc91000-0xcfffffff]
Nov 22 09:52:55 pi-GA-MA770-UD3-xbmc kernel: [    0.338749] NetLabel: Initializing
Nov 22 09:52:55 pi-GA-MA770-UD3-xbmc kernel: [    0.338751] NetLabel:  domain hash size = 128
Nov 22 09:52:55 pi-GA-MA770-UD3-xbmc kernel: [    0.338751] NetLabel:  protocols = UNLABELED CIPSOv4
Nov 22 09:52:55 pi-GA-MA770-UD3-xbmc kernel: [    0.338760] NetLabel:  unlabeled traffic allowed by default
Nov 22 09:52:55 pi-GA-MA770-UD3-xbmc kernel: [    0.338831] hpet0: at MMIO 0xfed00000, IRQs 2, 8, 0, 0
Nov 22 09:52:55 pi-GA-MA770-UD3-xbmc kernel: [    0.338834] hpet0: 4 comparators, 32-bit 14.318180 MHz counter
Nov 22 09:52:55 pi-GA-MA770-UD3-xbmc kernel: [    0.340863] Switching to clocksource hpet
Nov 22 09:52:55 pi-GA-MA770-UD3-xbmc kernel: [    0.345046] AppArmor: AppArmor Filesystem Enabled
Nov 22 09:52:55 pi-GA-MA770-UD3-xbmc kernel: [    0.345072] pnp: PnP ACPI init
Nov 22 09:52:55 pi-GA-MA770-UD3-xbmc kernel: [    0.345087] ACPI: bus type pnp registered
Nov 22 09:52:55 pi-GA-MA770-UD3-xbmc kernel: [    0.345165] pnp 00:00: [bus 00-ff]
Nov 22 09:52:55 pi-GA-MA770-UD3-xbmc kernel: [    0.345167] pnp 00:00: [io  0x0cf8-0x0cff]
Nov 22 09:52:55 pi-GA-MA770-UD3-xbmc kernel: [    0.345169] pnp 00:00: [io  0x0000-0x0cf7 window]
Nov 22 09:52:55 pi-GA-MA770-UD3-xbmc kernel: [    0.345170] pnp 00:00: [io  0x0d00-0xffff window]
Nov 22 09:52:55 pi-GA-MA770-UD3-xbmc kernel: [    0.345172] pnp 00:00: [mem 0x000a0000-0x000bffff window]
Nov 22 09:52:55 pi-GA-MA770-UD3-xbmc kernel: [    0.345173] pnp 00:00: [mem 0x000c0000-0x000dffff window]
Nov 22 09:52:55 pi-GA-MA770-UD3-xbmc kernel: [    0.345174] pnp 00:00: [mem 0xcff00000-0xfebfffff window]
Nov 22 09:52:55 pi-GA-MA770-UD3-xbmc kernel: [    0.345201] pnp 00:00: Plug and Play ACPI device, IDs PNP0a03 (active)
Nov 22 09:52:55 pi-GA-MA770-UD3-xbmc kernel: [    0.345208] pnp 00:01: [io  0x0010-0x001f]
Nov 22 09:52:55 pi-GA-MA770-UD3-xbmc kernel: [    0.345210] pnp 00:01: [io  0x0022-0x003f]
Nov 22 09:52:55 pi-GA-MA770-UD3-xbmc kernel: [    0.345211] pnp 00:01: [io  0x0044-0x005f]
Nov 22 09:52:55 pi-GA-MA770-UD3-xbmc kernel: [    0.345212] pnp 00:01: [io  0x0062-0x0063]
Nov 22 09:52:55 pi-GA-MA770-UD3-xbmc kernel: [    0.345213] pnp 00:01: [io  0x0065-0x006f]
Nov 22 09:52:55 pi-GA-MA770-UD3-xbmc kernel: [    0.345214] pnp 00:01: [io  0x0074-0x007f]
Nov 22 09:52:55 pi-GA-MA770-UD3-xbmc kernel: [    0.345216] pnp 00:01: [io  0x0091-0x0093]
Nov 22 09:52:55 pi-GA-MA770-UD3-xbmc kernel: [    0.345217] pnp 00:01: [io  0x00a2-0x00bf]
Nov 22 09:52:55 pi-GA-MA770-UD3-xbmc kernel: [    0.345218] pnp 00:01: [io  0x00e0-0x00ef]
Nov 22 09:52:55 pi-GA-MA770-UD3-xbmc kernel: [    0.345219] pnp 00:01: [io  0x04d0-0x04d1]
Nov 22 09:52:55 pi-GA-MA770-UD3-xbmc kernel: [    0.345221] pnp 00:01: [io  0x0220-0x0225]
Nov 22 09:52:55 pi-GA-MA770-UD3-xbmc kernel: [    0.345222] pnp 00:01: [io  0x0290-0x0294]
Nov 22 09:52:55 pi-GA-MA770-UD3-xbmc kernel: [    0.345262] system 00:01: [io  0x04d0-0x04d1] has been reserved
Nov 22 09:52:55 pi-GA-MA770-UD3-xbmc kernel: [    0.345264] system 00:01: [io  0x0220-0x0225] has been reserved
Nov 22 09:52:55 pi-GA-MA770-UD3-xbmc kernel: [    0.345265] system 00:01: [io  0x0290-0x0294] has been reserved
Nov 22 09:52:55 pi-GA-MA770-UD3-xbmc kernel: [    0.345268] system 00:01: Plug and Play ACPI device, IDs PNP0c02 (active)
Nov 22 09:52:55 pi-GA-MA770-UD3-xbmc kernel: [    0.369210] pnp 00:02: [io  0x4100-0x411f]
Nov 22 09:52:55 pi-GA-MA770-UD3-xbmc kernel: [    0.369213] pnp 00:02: [io  0x0228-0x022f]
Nov 22 09:52:55 pi-GA-MA770-UD3-xbmc kernel: [    0.369215] pnp 00:02: [io  0x040b]
Nov 22 09:52:55 pi-GA-MA770-UD3-xbmc kernel: [    0.369216] pnp 00:02: [io  0x04d6]
Nov 22 09:52:55 pi-GA-MA770-UD3-xbmc kernel: [    0.369217] pnp 00:02: [io  0x0c00-0x0c01]
Nov 22 09:52:55 pi-GA-MA770-UD3-xbmc kernel: [    0.369218] pnp 00:02: [io  0x0c14]
Nov 22 09:52:55 pi-GA-MA770-UD3-xbmc kernel: [    0.369220] pnp 00:02: [io  0x0c50-0x0c52]
Nov 22 09:52:55 pi-GA-MA770-UD3-xbmc kernel: [    0.369221] pnp 00:02: [io  0x0c6c-0x0c6d]
Nov 22 09:52:55 pi-GA-MA770-UD3-xbmc kernel: [    0.369222] pnp 00:02: [io  0x0c6f]
Nov 22 09:52:55 pi-GA-MA770-UD3-xbmc kernel: [    0.369223] pnp 00:02: [io  0x0cd0-0x0cd1]
Nov 22 09:52:55 pi-GA-MA770-UD3-xbmc kernel: [    0.369224] pnp 00:02: [io  0x0cd2-0x0cd3]
Nov 22 09:52:55 pi-GA-MA770-UD3-xbmc kernel: [    0.369225] pnp 00:02: [io  0x0cd4-0x0cdf]
Nov 22 09:52:55 pi-GA-MA770-UD3-xbmc kernel: [    0.369227] pnp 00:02: [io  0x4000-0x40fe]
Nov 22 09:52:55 pi-GA-MA770-UD3-xbmc kernel: [    0.369228] pnp 00:02: [io  0x4210-0x4217]
Nov 22 09:52:55 pi-GA-MA770-UD3-xbmc kernel: [    0.369234] pnp 00:02: [io  0x0b00-0x0b0f]
Nov 22 09:52:55 pi-GA-MA770-UD3-xbmc kernel: [    0.369235] pnp 00:02: [io  0x0b10-0x0b1f]
Nov 22 09:52:55 pi-GA-MA770-UD3-xbmc kernel: [    0.369237] pnp 00:02: [io  0x0b20-0x0b3f]
Nov 22 09:52:55 pi-GA-MA770-UD3-xbmc kernel: [    0.369239] pnp 00:02: [mem 0x00000000-0x00000fff window]
Nov 22 09:52:55 pi-GA-MA770-UD3-xbmc kernel: [    0.369240] pnp 00:02: [mem 0xfee00400-0xfee00fff window]
Nov 22 09:52:55 pi-GA-MA770-UD3-xbmc kernel: [    0.369246] pnp 00:02: disabling [mem 0x00000000-0x00000fff window] because it overlaps 0000:00:00.0 BAR 3 [mem 0x00000000-0x1fffffff 64bit]
Nov 22 09:52:55 pi-GA-MA770-UD3-xbmc kernel: [    0.369268] pnp 00:02: disabling [mem 0x00000000-0x00000fff window disabled] because it overlaps 0000:01:00.0 BAR 6 [mem 0x00000000-0x0001ffff pref]
Nov 22 09:52:55 pi-GA-MA770-UD3-xbmc kernel: [    0.369272] pnp 00:02: disabling [mem 0x00000000-0x00000fff window disabled] because it overlaps 0000:03:00.0 BAR 6 [mem 0x00000000-0x0000ffff pref]
Nov 22 09:52:55 pi-GA-MA770-UD3-xbmc kernel: [    0.369305] system 00:02: [io  0x4100-0x411f] has been reserved
Nov 22 09:52:55 pi-GA-MA770-UD3-xbmc kernel: [    0.369307] system 00:02: [io  0x0228-0x022f] has been reserved
Nov 22 09:52:55 pi-GA-MA770-UD3-xbmc kernel: [    0.369309] system 00:02: [io  0x040b] has been reserved
Nov 22 09:52:55 pi-GA-MA770-UD3-xbmc kernel: [    0.369310] system 00:02: [io  0x04d6] has been reserved
Nov 22 09:52:55 pi-GA-MA770-UD3-xbmc kernel: [    0.369312] system 00:02: [io  0x0c00-0x0c01] has been reserved
Nov 22 09:52:55 pi-GA-MA770-UD3-xbmc kernel: [    0.369313] system 00:02: [io  0x0c14] has been reserved
Nov 22 09:52:55 pi-GA-MA770-UD3-xbmc kernel: [    0.369315] system 00:02: [io  0x0c50-0x0c52] has been reserved
Nov 22 09:52:55 pi-GA-MA770-UD3-xbmc kernel: [    0.369316] system 00:02: [io  0x0c6c-0x0c6d] has been reserved
Nov 22 09:52:55 pi-GA-MA770-UD3-xbmc kernel: [    0.369318] system 00:02: [io  0x0c6f] has been reserved
Nov 22 09:52:55 pi-GA-MA770-UD3-xbmc kernel: [    0.369319] system 00:02: [io  0x0cd0-0x0cd1] has been reserved
Nov 22 09:52:55 pi-GA-MA770-UD3-xbmc kernel: [    0.369321] system 00:02: [io  0x0cd2-0x0cd3] has been reserved
Nov 22 09:52:55 pi-GA-MA770-UD3-xbmc kernel: [    0.369322] system 00:02: [io  0x0cd4-0x0cdf] has been reserved
Nov 22 09:52:55 pi-GA-MA770-UD3-xbmc kernel: [    0.369324] system 00:02: [io  0x4000-0x40fe] has been reserved
Nov 22 09:52:55 pi-GA-MA770-UD3-xbmc kernel: [    0.369325] system 00:02: [io  0x4210-0x4217] has been reserved
Nov 22 09:52:55 pi-GA-MA770-UD3-xbmc kernel: [    0.369327] system 00:02: [io  0x0b00-0x0b0f] has been reserved
Nov 22 09:52:55 pi-GA-MA770-UD3-xbmc kernel: [    0.369329] system 00:02: [io  0x0b10-0x0b1f] has been reserved
Nov 22 09:52:55 pi-GA-MA770-UD3-xbmc kernel: [    0.369330] system 00:02: [io  0x0b20-0x0b3f] has been reserved
Nov 22 09:52:55 pi-GA-MA770-UD3-xbmc kernel: [    0.369332] system 00:02: [mem 0xfee00400-0xfee00fff window] has been reserved
Nov 22 09:52:55 pi-GA-MA770-UD3-xbmc kernel: [    0.369335] system 00:02: Plug and Play ACPI device, IDs PNP0c02 (active)
Nov 22 09:52:55 pi-GA-MA770-UD3-xbmc kernel: [    0.369406] pnp 00:03: [dma 4]
Nov 22 09:52:55 pi-GA-MA770-UD3-xbmc kernel: [    0.369407] pnp 00:03: [io  0x0000-0x000f]
Nov 22 09:52:55 pi-GA-MA770-UD3-xbmc kernel: [    0.369409] pnp 00:03: [io  0x0080-0x0090]
Nov 22 09:52:55 pi-GA-MA770-UD3-xbmc kernel: [    0.369410] pnp 00:03: [io  0x0094-0x009f]
Nov 22 09:52:55 pi-GA-MA770-UD3-xbmc kernel: [    0.369411] pnp 00:03: [io  0x00c0-0x00df]
Nov 22 09:52:55 pi-GA-MA770-UD3-xbmc kernel: [    0.369427] pnp 00:03: Plug and Play ACPI device, IDs PNP0200 (active)
Nov 22 09:52:55 pi-GA-MA770-UD3-xbmc kernel: [    0.369451] pnp 00:04: [irq 0 disabled]
Nov 22 09:52:55 pi-GA-MA770-UD3-xbmc kernel: [    0.369463] pnp 00:04: [irq 8]
Nov 22 09:52:55 pi-GA-MA770-UD3-xbmc kernel: [    0.369464] pnp 00:04: [mem 0xfed00000-0xfed003ff]
Nov 22 09:52:55 pi-GA-MA770-UD3-xbmc kernel: [    0.369478] pnp 00:04: Plug and Play ACPI device, IDs PNP0103 (active)
Nov 22 09:52:55 pi-GA-MA770-UD3-xbmc kernel: [    0.369497] pnp 00:05: [io  0x0070-0x0073]
Nov 22 09:52:55 pi-GA-MA770-UD3-xbmc kernel: [    0.369512] pnp 00:05: Plug and Play ACPI device, IDs PNP0b00 (active)
Nov 22 09:52:55 pi-GA-MA770-UD3-xbmc kernel: [    0.369517] pnp 00:06: [io  0x0061]
Nov 22 09:52:55 pi-GA-MA770-UD3-xbmc kernel: [    0.369529] pnp 00:06: Plug and Play ACPI device, IDs PNP0800 (active)
Nov 22 09:52:55 pi-GA-MA770-UD3-xbmc kernel: [    0.369534] pnp 00:07: [io  0x00f0-0x00ff]
Nov 22 09:52:55 pi-GA-MA770-UD3-xbmc kernel: [    0.369541] pnp 00:07: [irq 13]
Nov 22 09:52:55 pi-GA-MA770-UD3-xbmc kernel: [    0.369555] pnp 00:07: Plug and Play ACPI device, IDs PNP0c04 (active)
Nov 22 09:52:55 pi-GA-MA770-UD3-xbmc kernel: [    0.369765] pnp 00:08: [io  0x03f8-0x03ff]
Nov 22 09:52:55 pi-GA-MA770-UD3-xbmc kernel: [    0.369772] pnp 00:08: [irq 4]
Nov 22 09:52:55 pi-GA-MA770-UD3-xbmc kernel: [    0.369807] pnp 00:08: Plug and Play ACPI device, IDs PNP0501 (active)
Nov 22 09:52:55 pi-GA-MA770-UD3-xbmc kernel: [    0.369948] pnp 00:09: [io  0x0378-0x037f]
Nov 22 09:52:55 pi-GA-MA770-UD3-xbmc kernel: [    0.369955] pnp 00:09: [irq 7]
Nov 22 09:52:55 pi-GA-MA770-UD3-xbmc kernel: [    0.369980] pnp 00:09: Plug and Play ACPI device, IDs PNP0400 (active)
Nov 22 09:52:55 pi-GA-MA770-UD3-xbmc kernel: [    0.370063] pnp 00:0a: [mem 0xe0000000-0xefffffff]
Nov 22 09:52:55 pi-GA-MA770-UD3-xbmc kernel: [    0.370088] system 00:0a: [mem 0xe0000000-0xefffffff] has been reserved
Nov 22 09:52:55 pi-GA-MA770-UD3-xbmc kernel: [    0.370090] system 00:0a: Plug and Play ACPI device, IDs PNP0c02 (active)
Nov 22 09:52:55 pi-GA-MA770-UD3-xbmc kernel: [    0.370186] pnp 00:0b: [mem 0x000d4400-0x000d7fff]
Nov 22 09:52:55 pi-GA-MA770-UD3-xbmc kernel: [    0.370187] pnp 00:0b: [mem 0x000f0000-0x000f7fff]
Nov 22 09:52:55 pi-GA-MA770-UD3-xbmc kernel: [    0.370188] pnp 00:0b: [mem 0x000f8000-0x000fbfff]
Nov 22 09:52:55 pi-GA-MA770-UD3-xbmc kernel: [    0.370190] pnp 00:0b: [mem 0x000fc000-0x000fffff]
Nov 22 09:52:55 pi-GA-MA770-UD3-xbmc kernel: [    0.370191] pnp 00:0b: [mem 0xcfcf0000-0xcfcfffff]
Nov 22 09:52:55 pi-GA-MA770-UD3-xbmc kernel: [    0.370192] pnp 00:0b: [mem 0xffff0000-0xffffffff]
Nov 22 09:52:55 pi-GA-MA770-UD3-xbmc kernel: [    0.370195] pnp 00:0b: [mem 0x00000000-0x0009ffff]
Nov 22 09:52:55 pi-GA-MA770-UD3-xbmc kernel: [    0.370196] pnp 00:0b: [mem 0x00100000-0xcfceffff]
Nov 22 09:52:55 pi-GA-MA770-UD3-xbmc kernel: [    0.370197] pnp 00:0b: [mem 0xcfd00000-0xcfdfffff]
Nov 22 09:52:55 pi-GA-MA770-UD3-xbmc kernel: [    0.370199] pnp 00:0b: [mem 0xcfe00000-0xcfefffff]
Nov 22 09:52:55 pi-GA-MA770-UD3-xbmc kernel: [    0.370200] pnp 00:0b: [mem 0xfec00000-0xfec00fff]
Nov 22 09:52:55 pi-GA-MA770-UD3-xbmc kernel: [    0.370201] pnp 00:0b: [mem 0xfee00000-0xfee00fff]
Nov 22 09:52:55 pi-GA-MA770-UD3-xbmc kernel: [    0.370202] pnp 00:0b: [mem 0xfff80000-0xfffeffff]
Nov 22 09:52:55 pi-GA-MA770-UD3-xbmc kernel: [    0.370205] pnp 00:0b: disabling [mem 0x000d4400-0x000d7fff] because it overlaps 0000:00:00.0 BAR 3 [mem 0x00000000-0x1fffffff 64bit]
Nov 22 09:52:55 pi-GA-MA770-UD3-xbmc kernel: [    0.370207] pnp 00:0b: disabling [mem 0x000f0000-0x000f7fff] because it overlaps 0000:00:00.0 BAR 3 [mem 0x00000000-0x1fffffff 64bit]
Nov 22 09:52:55 pi-GA-MA770-UD3-xbmc kernel: [    0.370209] pnp 00:0b: disabling [mem 0x000f8000-0x000fbfff] because it overlaps 0000:00:00.0 BAR 3 [mem 0x00000000-0x1fffffff 64bit]
Nov 22 09:52:55 pi-GA-MA770-UD3-xbmc kernel: [    0.370211] pnp 00:0b: disabling [mem 0x000fc000-0x000fffff] because it overlaps 0000:00:00.0 BAR 3 [mem 0x00000000-0x1fffffff 64bit]
Nov 22 09:52:55 pi-GA-MA770-UD3-xbmc kernel: [    0.370213] pnp 00:0b: disabling [mem 0x00000000-0x0009ffff] because it overlaps 0000:00:00.0 BAR 3 [mem 0x00000000-0x1fffffff 64bit]
Nov 22 09:52:55 pi-GA-MA770-UD3-xbmc kernel: [    0.370215] pnp 00:0b: disabling [mem 0x00100000-0xcfceffff] because it overlaps 0000:00:00.0 BAR 3 [mem 0x00000000-0x1fffffff 64bit]
Nov 22 09:52:55 pi-GA-MA770-UD3-xbmc kernel: [    0.370247] system 00:0b: [mem 0xcfcf0000-0xcfcfffff] could not be reserved
Nov 22 09:52:55 pi-GA-MA770-UD3-xbmc kernel: [    0.370248] system 00:0b: [mem 0xffff0000-0xffffffff] has been reserved
Nov 22 09:52:55 pi-GA-MA770-UD3-xbmc kernel: [    0.370250] system 00:0b: [mem 0xcfd00000-0xcfdfffff] has been reserved
Nov 22 09:52:55 pi-GA-MA770-UD3-xbmc kernel: [    0.370252] system 00:0b: [mem 0xcfe00000-0xcfefffff] could not be reserved
Nov 22 09:52:55 pi-GA-MA770-UD3-xbmc kernel: [    0.370253] system 00:0b: [mem 0xfec00000-0xfec00fff] could not be reserved
Nov 22 09:52:55 pi-GA-MA770-UD3-xbmc kernel: [    0.370255] system 00:0b: [mem 0xfee00000-0xfee00fff] could not be reserved
Nov 22 09:52:55 pi-GA-MA770-UD3-xbmc kernel: [    0.370257] system 00:0b: [mem 0xfff80000-0xfffeffff] has been reserved
Nov 22 09:52:55 pi-GA-MA770-UD3-xbmc kernel: [    0.370259] system 00:0b: Plug and Play ACPI device, IDs PNP0c01 (active)
Nov 22 09:52:55 pi-GA-MA770-UD3-xbmc kernel: [    0.370273] pnp: PnP ACPI: found 12 devices
Nov 22 09:52:55 pi-GA-MA770-UD3-xbmc kernel: [    0.370274] ACPI: ACPI bus type pnp unregistered
Nov 22 09:52:55 pi-GA-MA770-UD3-xbmc kernel: [    0.376472] pci 0000:01:00.0: BAR 6: assigned [mem 0xfb000000-0xfb01ffff pref]
Nov 22 09:52:55 pi-GA-MA770-UD3-xbmc kernel: [    0.376476] pci 0000:00:02.0: PCI bridge to [bus 01]
Nov 22 09:52:55 pi-GA-MA770-UD3-xbmc kernel: [    0.376478] pci 0000:00:02.0:   bridge window [io  0xe000-0xefff]
Nov 22 09:52:55 pi-GA-MA770-UD3-xbmc kernel: [    0.376481] pci 0000:00:02.0:   bridge window [mem 0xf8000000-0xfbffffff]
Nov 22 09:52:55 pi-GA-MA770-UD3-xbmc kernel: [    0.376483] pci 0000:00:02.0:   bridge window [mem 0xd0000000-0xdfffffff 64bit pref]
Nov 22 09:52:55 pi-GA-MA770-UD3-xbmc kernel: [    0.376486] pci 0000:00:04.0: PCI bridge to [bus 02]
Nov 22 09:52:55 pi-GA-MA770-UD3-xbmc kernel: [    0.376488] pci 0000:00:04.0:   bridge window [io  0xd000-0xdfff]
Nov 22 09:52:55 pi-GA-MA770-UD3-xbmc kernel: [    0.376490] pci 0000:00:04.0:   bridge window [mem 0xfda00000-0xfdafffff]
Nov 22 09:52:55 pi-GA-MA770-UD3-xbmc kernel: [    0.376493] pci 0000:00:04.0:   bridge window [mem 0xfdf00000-0xfdffffff 64bit pref]
Nov 22 09:52:55 pi-GA-MA770-UD3-xbmc kernel: [    0.376496] pci 0000:03:00.0: BAR 6: assigned [mem 0xfdd00000-0xfdd0ffff pref]
Nov 22 09:52:55 pi-GA-MA770-UD3-xbmc kernel: [    0.376498] pci 0000:00:0a.0: PCI bridge to [bus 03]
Nov 22 09:52:55 pi-GA-MA770-UD3-xbmc kernel: [    0.376499] pci 0000:00:0a.0:   bridge window [io  0xc000-0xcfff]
Nov 22 09:52:55 pi-GA-MA770-UD3-xbmc kernel: [    0.376502] pci 0000:00:0a.0:   bridge window [mem 0xfde00000-0xfdefffff]
Nov 22 09:52:55 pi-GA-MA770-UD3-xbmc kernel: [    0.376504] pci 0000:00:0a.0:   bridge window [mem 0xfdd00000-0xfddfffff 64bit pref]
Nov 22 09:52:55 pi-GA-MA770-UD3-xbmc kernel: [    0.376507] pci 0000:00:14.4: PCI bridge to [bus 04]
Nov 22 09:52:55 pi-GA-MA770-UD3-xbmc kernel: [    0.376510] pci 0000:00:14.4:   bridge window [io  0xb000-0xbfff]
Nov 22 09:52:55 pi-GA-MA770-UD3-xbmc kernel: [    0.376514] pci 0000:00:14.4:   bridge window [mem 0xfdc00000-0xfdcfffff]
Nov 22 09:52:55 pi-GA-MA770-UD3-xbmc kernel: [    0.376518] pci 0000:00:14.4:   bridge window [mem 0xfdb00000-0xfdbfffff pref]
Nov 22 09:52:55 pi-GA-MA770-UD3-xbmc kernel: [    0.376554] pci_bus 0000:00: resource 4 [io  0x0000-0x0cf7]
Nov 22 09:52:55 pi-GA-MA770-UD3-xbmc kernel: [    0.376556] pci_bus 0000:00: resource 5 [io  0x0d00-0xffff]
Nov 22 09:52:55 pi-GA-MA770-UD3-xbmc kernel: [    0.376557] pci_bus 0000:00: resource 6 [mem 0x000a0000-0x000bffff]
Nov 22 09:52:55 pi-GA-MA770-UD3-xbmc kernel: [    0.376559] pci_bus 0000:00: resource 7 [mem 0x000c0000-0x000dffff]
Nov 22 09:52:55 pi-GA-MA770-UD3-xbmc kernel: [    0.376560] pci_bus 0000:00: resource 8 [mem 0xcff00000-0xfebfffff]
Nov 22 09:52:55 pi-GA-MA770-UD3-xbmc kernel: [    0.376562] pci_bus 0000:01: resource 0 [io  0xe000-0xefff]
Nov 22 09:52:55 pi-GA-MA770-UD3-xbmc kernel: [    0.376564] pci_bus 0000:01: resource 1 [mem 0xf8000000-0xfbffffff]
Nov 22 09:52:55 pi-GA-MA770-UD3-xbmc kernel: [    0.376565] pci_bus 0000:01: resource 2 [mem 0xd0000000-0xdfffffff 64bit pref]
Nov 22 09:52:55 pi-GA-MA770-UD3-xbmc kernel: [    0.376567] pci_bus 0000:02: resource 0 [io  0xd000-0xdfff]
Nov 22 09:52:55 pi-GA-MA770-UD3-xbmc kernel: [    0.376568] pci_bus 0000:02: resource 1 [mem 0xfda00000-0xfdafffff]
Nov 22 09:52:55 pi-GA-MA770-UD3-xbmc kernel: [    0.376570] pci_bus 0000:02: resource 2 [mem 0xfdf00000-0xfdffffff 64bit pref]
Nov 22 09:52:55 pi-GA-MA770-UD3-xbmc kernel: [    0.376572] pci_bus 0000:03: resource 0 [io  0xc000-0xcfff]
Nov 22 09:52:55 pi-GA-MA770-UD3-xbmc kernel: [    0.376573] pci_bus 0000:03: resource 1 [mem 0xfde00000-0xfdefffff]
Nov 22 09:52:55 pi-GA-MA770-UD3-xbmc kernel: [    0.376575] pci_bus 0000:03: resource 2 [mem 0xfdd00000-0xfddfffff 64bit pref]
Nov 22 09:52:55 pi-GA-MA770-UD3-xbmc kernel: [    0.376576] pci_bus 0000:04: resource 0 [io  0xb000-0xbfff]
Nov 22 09:52:55 pi-GA-MA770-UD3-xbmc kernel: [    0.376578] pci_bus 0000:04: resource 1 [mem 0xfdc00000-0xfdcfffff]
Nov 22 09:52:55 pi-GA-MA770-UD3-xbmc kernel: [    0.376580] pci_bus 0000:04: resource 2 [mem 0xfdb00000-0xfdbfffff pref]
Nov 22 09:52:55 pi-GA-MA770-UD3-xbmc kernel: [    0.376581] pci_bus 0000:04: resource 4 [io  0x0000-0x0cf7]
Nov 22 09:52:55 pi-GA-MA770-UD3-xbmc kernel: [    0.376583] pci_bus 0000:04: resource 5 [io  0x0d00-0xffff]
Nov 22 09:52:55 pi-GA-MA770-UD3-xbmc kernel: [    0.376584] pci_bus 0000:04: resource 6 [mem 0x000a0000-0x000bffff]
Nov 22 09:52:55 pi-GA-MA770-UD3-xbmc kernel: [    0.376586] pci_bus 0000:04: resource 7 [mem 0x000c0000-0x000dffff]
Nov 22 09:52:55 pi-GA-MA770-UD3-xbmc kernel: [    0.376587] pci_bus 0000:04: resource 8 [mem 0xcff00000-0xfebfffff]
Nov 22 09:52:55 pi-GA-MA770-UD3-xbmc kernel: [    0.376621] NET: Registered protocol family 2
Nov 22 09:52:55 pi-GA-MA770-UD3-xbmc kernel: [    0.377151] TCP established hash table entries: 524288 (order: 11, 8388608 bytes)
Nov 22 09:52:55 pi-GA-MA770-UD3-xbmc kernel: [    0.379363] TCP bind hash table entries: 65536 (order: 8, 1048576 bytes)
Nov 22 09:52:55 pi-GA-MA770-UD3-xbmc kernel: [    0.379639] TCP: Hash tables configured (established 524288 bind 65536)
Nov 22 09:52:55 pi-GA-MA770-UD3-xbmc kernel: [    0.379685] TCP: reno registered
Nov 22 09:52:55 pi-GA-MA770-UD3-xbmc kernel: [    0.379694] UDP hash table entries: 2048 (order: 4, 65536 bytes)
Nov 22 09:52:55 pi-GA-MA770-UD3-xbmc kernel: [    0.379719] UDP-Lite hash table entries: 2048 (order: 4, 65536 bytes)
Nov 22 09:52:55 pi-GA-MA770-UD3-xbmc kernel: [    0.379804] NET: Registered protocol family 1
Nov 22 09:52:55 pi-GA-MA770-UD3-xbmc kernel: [    0.740839] pci 0000:01:00.0: Boot video device
Nov 22 09:52:55 pi-GA-MA770-UD3-xbmc kernel: [    0.740951] PCI: CLS 64 bytes, default 64
Nov 22 09:52:55 pi-GA-MA770-UD3-xbmc kernel: [    0.740991] Trying to unpack rootfs image as initramfs...
Nov 22 09:52:55 pi-GA-MA770-UD3-xbmc kernel: [    0.963687] Freeing initrd memory: 15576k freed
Nov 22 09:52:55 pi-GA-MA770-UD3-xbmc kernel: [    0.968389] PCI-DMA: Disabling AGP.
Nov 22 09:52:55 pi-GA-MA770-UD3-xbmc kernel: [    0.968478] PCI-DMA: aperture base @ c4000000 size 65536 KB
Nov 22 09:52:55 pi-GA-MA770-UD3-xbmc kernel: [    0.968479] PCI-DMA: using GART IOMMU.
Nov 22 09:52:55 pi-GA-MA770-UD3-xbmc kernel: [    0.968481] PCI-DMA: Reserving 64MB of IOMMU area in the AGP aperture
Nov 22 09:52:55 pi-GA-MA770-UD3-xbmc kernel: [    0.970906] LVT offset 1 assigned for vector 0x400
Nov 22 09:52:55 pi-GA-MA770-UD3-xbmc kernel: [    0.970917] IBS: LVT offset 1 assigned
Nov 22 09:52:55 pi-GA-MA770-UD3-xbmc kernel: [    0.970942] perf: AMD IBS detected (0x0000001f)
Nov 22 09:52:55 pi-GA-MA770-UD3-xbmc kernel: [    0.971128] Initialise module verification
Nov 22 09:52:55 pi-GA-MA770-UD3-xbmc kernel: [    0.971173] audit: initializing netlink socket (disabled)
Nov 22 09:52:55 pi-GA-MA770-UD3-xbmc kernel: [    0.971184] type=2000 audit(1353574364.832:1): initialized
Nov 22 09:52:55 pi-GA-MA770-UD3-xbmc kernel: [    0.992620] HugeTLB registered 2 MB page size, pre-allocated 0 pages
Nov 22 09:52:55 pi-GA-MA770-UD3-xbmc kernel: [    0.993884] VFS: Disk quotas dquot_6.5.2
Nov 22 09:52:55 pi-GA-MA770-UD3-xbmc kernel: [    0.993923] Dquot-cache hash table entries: 512 (order 0, 4096 bytes)
Nov 22 09:52:55 pi-GA-MA770-UD3-xbmc kernel: [    0.994363] fuse init (API version 7.20)
Nov 22 09:52:55 pi-GA-MA770-UD3-xbmc kernel: [    0.994424] msgmni has been set to 7895
Nov 22 09:52:55 pi-GA-MA770-UD3-xbmc kernel: [    0.994857] Key type asymmetric registered
Nov 22 09:52:55 pi-GA-MA770-UD3-xbmc kernel: [    0.994859] Asymmetric key parser 'x509' registered
Nov 22 09:52:55 pi-GA-MA770-UD3-xbmc kernel: [    0.994883] Block layer SCSI generic (bsg) driver version 0.4 loaded (major 252)
Nov 22 09:52:55 pi-GA-MA770-UD3-xbmc kernel: [    0.994909] io scheduler noop registered
Nov 22 09:52:55 pi-GA-MA770-UD3-xbmc kernel: [    0.994910] io scheduler deadline registered (default)
Nov 22 09:52:55 pi-GA-MA770-UD3-xbmc kernel: [    0.994914] io scheduler cfq registered
Nov 22 09:52:55 pi-GA-MA770-UD3-xbmc kernel: [    0.995022] pcieport 0000:00:02.0: irq 40 for MSI/MSI-X
Nov 22 09:52:55 pi-GA-MA770-UD3-xbmc kernel: [    0.995074] pcieport 0000:00:04.0: irq 41 for MSI/MSI-X
Nov 22 09:52:55 pi-GA-MA770-UD3-xbmc kernel: [    0.995122] pcieport 0000:00:0a.0: irq 42 for MSI/MSI-X
Nov 22 09:52:55 pi-GA-MA770-UD3-xbmc kernel: [    0.995164] pci_hotplug: PCI Hot Plug PCI Core version: 0.5
Nov 22 09:52:55 pi-GA-MA770-UD3-xbmc kernel: [    0.995178] pciehp: PCI Express Hot Plug Controller Driver version: 0.4
Nov 22 09:52:55 pi-GA-MA770-UD3-xbmc kernel: [    0.995264] input: Power Button as /devices/LNXSYSTM:00/device:00/PNP0C0C:00/input/input0
Nov 22 09:52:55 pi-GA-MA770-UD3-xbmc kernel: [    0.995267] ACPI: Power Button [PWRB]
Nov 22 09:52:55 pi-GA-MA770-UD3-xbmc kernel: [    0.995300] input: Power Button as /devices/LNXSYSTM:00/LNXPWRBN:00/input/input1
Nov 22 09:52:55 pi-GA-MA770-UD3-xbmc kernel: [    0.995302] ACPI: Power Button [PWRF]
Nov 22 09:52:55 pi-GA-MA770-UD3-xbmc kernel: [    1.021547] GHES: HEST is not enabled!
Nov 22 09:52:55 pi-GA-MA770-UD3-xbmc kernel: [    1.021670] Serial: 8250/16550 driver, 32 ports, IRQ sharing enabled
Nov 22 09:52:55 pi-GA-MA770-UD3-xbmc kernel: [    1.042131] 00:08: ttyS0 at I/O 0x3f8 (irq = 4) is a 16550A
Nov 22 09:52:55 pi-GA-MA770-UD3-xbmc kernel: [    1.043235] Linux agpgart interface v0.103
Nov 22 09:52:55 pi-GA-MA770-UD3-xbmc kernel: [    1.044408] brd: module loaded
Nov 22 09:52:55 pi-GA-MA770-UD3-xbmc kernel: [    1.044993] loop: module loaded
Nov 22 09:52:55 pi-GA-MA770-UD3-xbmc kernel: [    1.045090] ahci 0000:00:11.0: version 3.0
Nov 22 09:52:55 pi-GA-MA770-UD3-xbmc kernel: [    1.045238] ahci 0000:00:11.0: AHCI 0001.0100 32 slots 4 ports 3 Gbps 0xf impl SATA mode
Nov 22 09:52:55 pi-GA-MA770-UD3-xbmc kernel: [    1.045241] ahci 0000:00:11.0: flags: 64bit ncq sntf ilck pm led clo pmp pio slum part ccc 
Nov 22 09:52:55 pi-GA-MA770-UD3-xbmc kernel: [    1.045724] scsi0 : ahci
Nov 22 09:52:55 pi-GA-MA770-UD3-xbmc kernel: [    1.045792] scsi1 : ahci
Nov 22 09:52:55 pi-GA-MA770-UD3-xbmc kernel: [    1.045841] scsi2 : ahci
Nov 22 09:52:55 pi-GA-MA770-UD3-xbmc kernel: [    1.045889] scsi3 : ahci
Nov 22 09:52:55 pi-GA-MA770-UD3-xbmc kernel: [    1.045914] ata1: SATA max UDMA/133 abar m1024@0xfe02f000 port 0xfe02f100 irq 22
Nov 22 09:52:55 pi-GA-MA770-UD3-xbmc kernel: [    1.045916] ata2: SATA max UDMA/133 abar m1024@0xfe02f000 port 0xfe02f180 irq 22
Nov 22 09:52:55 pi-GA-MA770-UD3-xbmc kernel: [    1.045919] ata3: SATA max UDMA/133 abar m1024@0xfe02f000 port 0xfe02f200 irq 22
Nov 22 09:52:55 pi-GA-MA770-UD3-xbmc kernel: [    1.045921] ata4: SATA max UDMA/133 abar m1024@0xfe02f000 port 0xfe02f280 irq 22
Nov 22 09:52:55 pi-GA-MA770-UD3-xbmc kernel: [    1.046945] scsi4 : pata_acpi
Nov 22 09:52:55 pi-GA-MA770-UD3-xbmc kernel: [    1.047152] scsi5 : pata_acpi
Nov 22 09:52:55 pi-GA-MA770-UD3-xbmc kernel: [    1.047332] ata5: PATA max UDMA/133 cmd 0x1f0 ctl 0x3f6 bmdma 0xfa00 irq 14
Nov 22 09:52:55 pi-GA-MA770-UD3-xbmc kernel: [    1.047333] ata6: PATA max UDMA/133 cmd 0x170 ctl 0x376 bmdma 0xfa08 irq 15
Nov 22 09:52:55 pi-GA-MA770-UD3-xbmc kernel: [    1.047539] libphy: Fixed MDIO Bus: probed
Nov 22 09:52:55 pi-GA-MA770-UD3-xbmc kernel: [    1.047569] tun: Universal TUN/TAP device driver, 1.6
Nov 22 09:52:55 pi-GA-MA770-UD3-xbmc kernel: [    1.047570] tun: (C) 1999-2004 Max Krasnyansky <maxk@qualcomm.com>
Nov 22 09:52:55 pi-GA-MA770-UD3-xbmc kernel: [    1.047624] PPP generic driver version 2.4.2
Nov 22 09:52:55 pi-GA-MA770-UD3-xbmc kernel: [    1.047669] ehci_hcd: USB 2.0 'Enhanced' Host Controller (EHCI) Driver
Nov 22 09:52:55 pi-GA-MA770-UD3-xbmc kernel: [    1.048288] ehci_hcd 0000:00:12.2: EHCI Host Controller
Nov 22 09:52:55 pi-GA-MA770-UD3-xbmc kernel: [    1.048294] ehci_hcd 0000:00:12.2: new USB bus registered, assigned bus number 1
Nov 22 09:52:55 pi-GA-MA770-UD3-xbmc kernel: [    1.048300] ehci_hcd 0000:00:12.2: applying AMD SB700/SB800/Hudson-2/3 EHCI dummy qh workaround
Nov 22 09:52:55 pi-GA-MA770-UD3-xbmc kernel: [    1.048326] ehci_hcd 0000:00:12.2: debug port 1
Nov 22 09:52:55 pi-GA-MA770-UD3-xbmc kernel: [    1.048349] ehci_hcd 0000:00:12.2: irq 17, io mem 0xfe02c000
Nov 22 09:52:55 pi-GA-MA770-UD3-xbmc kernel: [    1.056705] ehci_hcd 0000:00:12.2: USB 2.0 started, EHCI 1.00
Nov 22 09:52:55 pi-GA-MA770-UD3-xbmc kernel: [    1.056733] usb usb1: New USB device found, idVendor=1d6b, idProduct=0002
Nov 22 09:52:55 pi-GA-MA770-UD3-xbmc kernel: [    1.056735] usb usb1: New USB device strings: Mfr=3, Product=2, SerialNumber=1
Nov 22 09:52:55 pi-GA-MA770-UD3-xbmc kernel: [    1.056737] usb usb1: Product: EHCI Host Controller
Nov 22 09:52:55 pi-GA-MA770-UD3-xbmc kernel: [    1.056738] usb usb1: Manufacturer: Linux 3.7.0-3-generic ehci_hcd
Nov 22 09:52:55 pi-GA-MA770-UD3-xbmc kernel: [    1.056739] usb usb1: SerialNumber: 0000:00:12.2
Nov 22 09:52:55 pi-GA-MA770-UD3-xbmc kernel: [    1.056862] hub 1-0:1.0: USB hub found
Nov 22 09:52:55 pi-GA-MA770-UD3-xbmc kernel: [    1.056865] hub 1-0:1.0: 6 ports detected
Nov 22 09:52:55 pi-GA-MA770-UD3-xbmc kernel: [    1.056989] ehci_hcd 0000:00:13.2: EHCI Host Controller
Nov 22 09:52:55 pi-GA-MA770-UD3-xbmc kernel: [    1.056994] ehci_hcd 0000:00:13.2: new USB bus registered, assigned bus number 2
Nov 22 09:52:55 pi-GA-MA770-UD3-xbmc kernel: [    1.056997] ehci_hcd 0000:00:13.2: applying AMD SB700/SB800/Hudson-2/3 EHCI dummy qh workaround
Nov 22 09:52:55 pi-GA-MA770-UD3-xbmc kernel: [    1.057023] ehci_hcd 0000:00:13.2: debug port 1
Nov 22 09:52:55 pi-GA-MA770-UD3-xbmc kernel: [    1.057048] ehci_hcd 0000:00:13.2: irq 19, io mem 0xfe029000
Nov 22 09:52:55 pi-GA-MA770-UD3-xbmc kernel: [    1.068705] ehci_hcd 0000:00:13.2: USB 2.0 started, EHCI 1.00
Nov 22 09:52:55 pi-GA-MA770-UD3-xbmc kernel: [    1.068728] usb usb2: New USB device found, idVendor=1d6b, idProduct=0002
Nov 22 09:52:55 pi-GA-MA770-UD3-xbmc kernel: [    1.068729] usb usb2: New USB device strings: Mfr=3, Product=2, SerialNumber=1
Nov 22 09:52:55 pi-GA-MA770-UD3-xbmc kernel: [    1.068731] usb usb2: Product: EHCI Host Controller
Nov 22 09:52:55 pi-GA-MA770-UD3-xbmc kernel: [    1.068732] usb usb2: Manufacturer: Linux 3.7.0-3-generic ehci_hcd
Nov 22 09:52:55 pi-GA-MA770-UD3-xbmc kernel: [    1.068734] usb usb2: SerialNumber: 0000:00:13.2
Nov 22 09:52:55 pi-GA-MA770-UD3-xbmc kernel: [    1.068855] hub 2-0:1.0: USB hub found
Nov 22 09:52:55 pi-GA-MA770-UD3-xbmc kernel: [    1.068857] hub 2-0:1.0: 6 ports detected
Nov 22 09:52:55 pi-GA-MA770-UD3-xbmc kernel: [    1.069006] ehci_hcd 0000:04:07.2: EHCI Host Controller
Nov 22 09:52:55 pi-GA-MA770-UD3-xbmc kernel: [    1.069010] ehci_hcd 0000:04:07.2: new USB bus registered, assigned bus number 3
Nov 22 09:52:55 pi-GA-MA770-UD3-xbmc kernel: [    1.069066] ehci_hcd 0000:04:07.2: irq 23, io mem 0xfdcff000
Nov 22 09:52:55 pi-GA-MA770-UD3-xbmc kernel: [    1.080709] ehci_hcd 0000:04:07.2: USB 2.0 started, EHCI 1.00
Nov 22 09:52:55 pi-GA-MA770-UD3-xbmc kernel: [    1.080742] usb usb3: New USB device found, idVendor=1d6b, idProduct=0002
Nov 22 09:52:55 pi-GA-MA770-UD3-xbmc kernel: [    1.080744] usb usb3: New USB device strings: Mfr=3, Product=2, SerialNumber=1
Nov 22 09:52:55 pi-GA-MA770-UD3-xbmc kernel: [    1.080746] usb usb3: Product: EHCI Host Controller
Nov 22 09:52:55 pi-GA-MA770-UD3-xbmc kernel: [    1.080747] usb usb3: Manufacturer: Linux 3.7.0-3-generic ehci_hcd
Nov 22 09:52:55 pi-GA-MA770-UD3-xbmc kernel: [    1.080748] usb usb3: SerialNumber: 0000:04:07.2
Nov 22 09:52:55 pi-GA-MA770-UD3-xbmc kernel: [    1.080843] hub 3-0:1.0: USB hub found
Nov 22 09:52:55 pi-GA-MA770-UD3-xbmc kernel: [    1.080846] hub 3-0:1.0: 2 ports detected
Nov 22 09:52:55 pi-GA-MA770-UD3-xbmc kernel: [    1.080930] ohci_hcd: USB 1.1 'Open' Host Controller (OHCI) Driver
Nov 22 09:52:55 pi-GA-MA770-UD3-xbmc kernel: [    1.080980] ohci_hcd 0000:00:12.0: OHCI Host Controller
Nov 22 09:52:55 pi-GA-MA770-UD3-xbmc kernel: [    1.080985] ohci_hcd 0000:00:12.0: new USB bus registered, assigned bus number 4
Nov 22 09:52:55 pi-GA-MA770-UD3-xbmc kernel: [    1.081018] ohci_hcd 0000:00:12.0: irq 16, io mem 0xfe02e000
Nov 22 09:52:55 pi-GA-MA770-UD3-xbmc kernel: [    1.140682] usb usb4: New USB device found, idVendor=1d6b, idProduct=0001
Nov 22 09:52:55 pi-GA-MA770-UD3-xbmc kernel: [    1.140685] usb usb4: New USB device strings: Mfr=3, Product=2, SerialNumber=1
Nov 22 09:52:55 pi-GA-MA770-UD3-xbmc kernel: [    1.140687] usb usb4: Product: OHCI Host Controller
Nov 22 09:52:55 pi-GA-MA770-UD3-xbmc kernel: [    1.140688] usb usb4: Manufacturer: Linux 3.7.0-3-generic ohci_hcd
Nov 22 09:52:55 pi-GA-MA770-UD3-xbmc kernel: [    1.140690] usb usb4: SerialNumber: 0000:00:12.0
Nov 22 09:52:55 pi-GA-MA770-UD3-xbmc kernel: [    1.140827] hub 4-0:1.0: USB hub found
Nov 22 09:52:55 pi-GA-MA770-UD3-xbmc kernel: [    1.140832] hub 4-0:1.0: 3 ports detected
Nov 22 09:52:55 pi-GA-MA770-UD3-xbmc kernel: [    1.140940] ohci_hcd 0000:00:12.1: OHCI Host Controller
Nov 22 09:52:55 pi-GA-MA770-UD3-xbmc kernel: [    1.140945] ohci_hcd 0000:00:12.1: new USB bus registered, assigned bus number 5
Nov 22 09:52:55 pi-GA-MA770-UD3-xbmc kernel: [    1.140961] ohci_hcd 0000:00:12.1: irq 16, io mem 0xfe02d000
Nov 22 09:52:55 pi-GA-MA770-UD3-xbmc kernel: [    1.200661] usb usb5: New USB device found, idVendor=1d6b, idProduct=0001
Nov 22 09:52:55 pi-GA-MA770-UD3-xbmc kernel: [    1.200664] usb usb5: New USB device strings: Mfr=3, Product=2, SerialNumber=1
Nov 22 09:52:55 pi-GA-MA770-UD3-xbmc kernel: [    1.200666] usb usb5: Product: OHCI Host Controller
Nov 22 09:52:55 pi-GA-MA770-UD3-xbmc kernel: [    1.200667] usb usb5: Manufacturer: Linux 3.7.0-3-generic ohci_hcd
Nov 22 09:52:55 pi-GA-MA770-UD3-xbmc kernel: [    1.200668] usb usb5: SerialNumber: 0000:00:12.1
Nov 22 09:52:55 pi-GA-MA770-UD3-xbmc kernel: [    1.200795] hub 5-0:1.0: USB hub found
Nov 22 09:52:55 pi-GA-MA770-UD3-xbmc kernel: [    1.200801] hub 5-0:1.0: 3 ports detected
Nov 22 09:52:55 pi-GA-MA770-UD3-xbmc kernel: [    1.200908] ohci_hcd 0000:00:13.0: OHCI Host Controller
Nov 22 09:52:55 pi-GA-MA770-UD3-xbmc kernel: [    1.200912] ohci_hcd 0000:00:13.0: new USB bus registered, assigned bus number 6
Nov 22 09:52:55 pi-GA-MA770-UD3-xbmc kernel: [    1.200945] ohci_hcd 0000:00:13.0: irq 18, io mem 0xfe02b000
Nov 22 09:52:55 pi-GA-MA770-UD3-xbmc kernel: [    1.260686] usb usb6: New USB device found, idVendor=1d6b, idProduct=0001
Nov 22 09:52:55 pi-GA-MA770-UD3-xbmc kernel: [    1.260689] usb usb6: New USB device strings: Mfr=3, Product=2, SerialNumber=1
Nov 22 09:52:55 pi-GA-MA770-UD3-xbmc kernel: [    1.260691] usb usb6: Product: OHCI Host Controller
Nov 22 09:52:55 pi-GA-MA770-UD3-xbmc kernel: [    1.260692] usb usb6: Manufacturer: Linux 3.7.0-3-generic ohci_hcd
Nov 22 09:52:55 pi-GA-MA770-UD3-xbmc kernel: [    1.260693] usb usb6: SerialNumber: 0000:00:13.0
Nov 22 09:52:55 pi-GA-MA770-UD3-xbmc kernel: [    1.260819] hub 6-0:1.0: USB hub found
Nov 22 09:52:55 pi-GA-MA770-UD3-xbmc kernel: [    1.260827] hub 6-0:1.0: 3 ports detected
Nov 22 09:52:55 pi-GA-MA770-UD3-xbmc kernel: [    1.260930] ohci_hcd 0000:00:13.1: OHCI Host Controller
Nov 22 09:52:55 pi-GA-MA770-UD3-xbmc kernel: [    1.260936] ohci_hcd 0000:00:13.1: new USB bus registered, assigned bus number 7
Nov 22 09:52:55 pi-GA-MA770-UD3-xbmc kernel: [    1.260952] ohci_hcd 0000:00:13.1: irq 18, io mem 0xfe02a000
Nov 22 09:52:55 pi-GA-MA770-UD3-xbmc kernel: [    1.320652] usb usb7: New USB device found, idVendor=1d6b, idProduct=0001
Nov 22 09:52:55 pi-GA-MA770-UD3-xbmc kernel: [    1.320655] usb usb7: New USB device strings: Mfr=3, Product=2, SerialNumber=1
Nov 22 09:52:55 pi-GA-MA770-UD3-xbmc kernel: [    1.320656] usb usb7: Product: OHCI Host Controller
Nov 22 09:52:55 pi-GA-MA770-UD3-xbmc kernel: [    1.320658] usb usb7: Manufacturer: Linux 3.7.0-3-generic ohci_hcd
Nov 22 09:52:55 pi-GA-MA770-UD3-xbmc kernel: [    1.320659] usb usb7: SerialNumber: 0000:00:13.1
Nov 22 09:52:55 pi-GA-MA770-UD3-xbmc kernel: [    1.320786] hub 7-0:1.0: USB hub found
Nov 22 09:52:55 pi-GA-MA770-UD3-xbmc kernel: [    1.320792] hub 7-0:1.0: 3 ports detected
Nov 22 09:52:55 pi-GA-MA770-UD3-xbmc kernel: [    1.320899] ohci_hcd 0000:00:14.5: OHCI Host Controller
Nov 22 09:52:55 pi-GA-MA770-UD3-xbmc kernel: [    1.320904] ohci_hcd 0000:00:14.5: new USB bus registered, assigned bus number 8
Nov 22 09:52:55 pi-GA-MA770-UD3-xbmc kernel: [    1.320920] ohci_hcd 0000:00:14.5: irq 18, io mem 0xfe028000
Nov 22 09:52:55 pi-GA-MA770-UD3-xbmc kernel: [    1.364673] ata3: SATA link down (SStatus 0 SControl 300)
Nov 22 09:52:55 pi-GA-MA770-UD3-xbmc kernel: [    1.364713] ata1: SATA link down (SStatus 0 SControl 300)
Nov 22 09:52:55 pi-GA-MA770-UD3-xbmc kernel: [    1.380607] usb usb8: New USB device found, idVendor=1d6b, idProduct=0001
Nov 22 09:52:55 pi-GA-MA770-UD3-xbmc kernel: [    1.380610] usb usb8: New USB device strings: Mfr=3, Product=2, SerialNumber=1
Nov 22 09:52:55 pi-GA-MA770-UD3-xbmc kernel: [    1.380612] usb usb8: Product: OHCI Host Controller
Nov 22 09:52:55 pi-GA-MA770-UD3-xbmc kernel: [    1.380614] usb usb8: Manufacturer: Linux 3.7.0-3-generic ohci_hcd
Nov 22 09:52:55 pi-GA-MA770-UD3-xbmc kernel: [    1.380615] usb usb8: SerialNumber: 0000:00:14.5
Nov 22 09:52:55 pi-GA-MA770-UD3-xbmc kernel: [    1.380727] hub 8-0:1.0: USB hub found
Nov 22 09:52:55 pi-GA-MA770-UD3-xbmc kernel: [    1.380732] hub 8-0:1.0: 2 ports detected
Nov 22 09:52:55 pi-GA-MA770-UD3-xbmc kernel: [    1.380817] uhci_hcd: USB Universal Host Controller Interface driver
Nov 22 09:52:55 pi-GA-MA770-UD3-xbmc kernel: [    1.380858] uhci_hcd 0000:04:07.0: UHCI Host Controller
Nov 22 09:52:55 pi-GA-MA770-UD3-xbmc kernel: [    1.380863] uhci_hcd 0000:04:07.0: new USB bus registered, assigned bus number 9
Nov 22 09:52:55 pi-GA-MA770-UD3-xbmc kernel: [    1.380907] uhci_hcd 0000:04:07.0: irq 21, io base 0x0000bf00
Nov 22 09:52:55 pi-GA-MA770-UD3-xbmc kernel: [    1.380934] usb usb9: New USB device found, idVendor=1d6b, idProduct=0001
Nov 22 09:52:55 pi-GA-MA770-UD3-xbmc kernel: [    1.380935] usb usb9: New USB device strings: Mfr=3, Product=2, SerialNumber=1
Nov 22 09:52:55 pi-GA-MA770-UD3-xbmc kernel: [    1.380937] usb usb9: Product: UHCI Host Controller
Nov 22 09:52:55 pi-GA-MA770-UD3-xbmc kernel: [    1.380938] usb usb9: Manufacturer: Linux 3.7.0-3-generic uhci_hcd
Nov 22 09:52:55 pi-GA-MA770-UD3-xbmc kernel: [    1.380939] usb usb9: SerialNumber: 0000:04:07.0
Nov 22 09:52:55 pi-GA-MA770-UD3-xbmc kernel: [    1.380997] hub 9-0:1.0: USB hub found
Nov 22 09:52:55 pi-GA-MA770-UD3-xbmc kernel: [    1.380999] hub 9-0:1.0: 2 ports detected
Nov 22 09:52:55 pi-GA-MA770-UD3-xbmc kernel: [    1.381101] i8042: PNP: No PS/2 controller found. Probing ports directly.
Nov 22 09:52:55 pi-GA-MA770-UD3-xbmc kernel: [    1.415549] i8042: Failed to disable AUX port, but continuing anyway... Is this a SiS?
Nov 22 09:52:55 pi-GA-MA770-UD3-xbmc kernel: [    1.415550] i8042: If AUX port is really absent please use the 'i8042.noaux' option
Nov 22 09:52:55 pi-GA-MA770-UD3-xbmc kernel: [    1.536572] ata2: SATA link up 3.0 Gbps (SStatus 123 SControl 300)
Nov 22 09:52:55 pi-GA-MA770-UD3-xbmc kernel: [    1.536603] ata4: SATA link up 1.5 Gbps (SStatus 113 SControl 300)
Nov 22 09:52:55 pi-GA-MA770-UD3-xbmc kernel: [    1.537474] ata2.00: ATA-8: WDC WD6400AAKS-00A7B0, 01.03B01, max UDMA/133
Nov 22 09:52:55 pi-GA-MA770-UD3-xbmc kernel: [    1.537478] ata2.00: 1250263728 sectors, multi 16: LBA48 NCQ (depth 31/32), AA
Nov 22 09:52:55 pi-GA-MA770-UD3-xbmc kernel: [    1.537627] ata2.00: failed to get Identify Device Data, Emask 0x1
Nov 22 09:52:55 pi-GA-MA770-UD3-xbmc kernel: [    1.538031] ata4.00: ATAPI: TSSTcorp CDDVDW SH-S223C, SB04, max UDMA/100
Nov 22 09:52:55 pi-GA-MA770-UD3-xbmc kernel: [    1.538734] ata2.00: failed to get Identify Device Data, Emask 0x1
Nov 22 09:52:55 pi-GA-MA770-UD3-xbmc kernel: [    1.538737] ata2.00: configured for UDMA/133
Nov 22 09:52:55 pi-GA-MA770-UD3-xbmc kernel: [    1.538914] scsi 1:0:0:0: Direct-Access     ATA      WDC WD6400AAKS-0 01.0 PQ: 0 ANSI: 5
Nov 22 09:52:55 pi-GA-MA770-UD3-xbmc kernel: [    1.539068] sd 1:0:0:0: Attached scsi generic sg0 type 0
Nov 22 09:52:55 pi-GA-MA770-UD3-xbmc kernel: [    1.539086] sd 1:0:0:0: [sda] 1250263728 512-byte logical blocks: (640 GB/596 GiB)
Nov 22 09:52:55 pi-GA-MA770-UD3-xbmc kernel: [    1.539166] sd 1:0:0:0: [sda] Write Protect is off
Nov 22 09:52:55 pi-GA-MA770-UD3-xbmc kernel: [    1.539168] sd 1:0:0:0: [sda] Mode Sense: 00 3a 00 00
Nov 22 09:52:55 pi-GA-MA770-UD3-xbmc kernel: [    1.539216] sd 1:0:0:0: [sda] Write cache: enabled, read cache: enabled, doesn't support DPO or FUA
Nov 22 09:52:55 pi-GA-MA770-UD3-xbmc kernel: [    1.616413]  sda: sda1 sda2 < sda5 sda6 sda7 sda8 sda9 sda10 >
Nov 22 09:52:55 pi-GA-MA770-UD3-xbmc kernel: [    1.617046] sd 1:0:0:0: [sda] Attached SCSI disk
Nov 22 09:52:55 pi-GA-MA770-UD3-xbmc kernel: [    1.664612] serio: i8042 KBD port at 0x60,0x64 irq 1
Nov 22 09:52:55 pi-GA-MA770-UD3-xbmc kernel: [    1.664755] mousedev: PS/2 mouse device common for all mice
Nov 22 09:52:55 pi-GA-MA770-UD3-xbmc kernel: [    1.664899] rtc_cmos 00:05: RTC can wake from S4
Nov 22 09:52:55 pi-GA-MA770-UD3-xbmc kernel: [    1.665005] rtc_cmos 00:05: rtc core: registered rtc_cmos as rtc0
Nov 22 09:52:55 pi-GA-MA770-UD3-xbmc kernel: [    1.665036] rtc0: alarms up to one month, 242 bytes nvram, hpet irqs
Nov 22 09:52:55 pi-GA-MA770-UD3-xbmc kernel: [    1.665111] device-mapper: uevent: version 1.0.3
Nov 22 09:52:55 pi-GA-MA770-UD3-xbmc kernel: [    1.665162] device-mapper: ioctl: 4.23.0-ioctl (2012-07-25) initialised: dm-devel@redhat.com
Nov 22 09:52:55 pi-GA-MA770-UD3-xbmc kernel: [    1.665169] cpuidle: using governor ladder
Nov 22 09:52:55 pi-GA-MA770-UD3-xbmc kernel: [    1.665169] cpuidle: using governor menu
Nov 22 09:52:55 pi-GA-MA770-UD3-xbmc kernel: [    1.665173] ledtrig-cpu: registered to indicate activity on CPUs
Nov 22 09:52:55 pi-GA-MA770-UD3-xbmc kernel: [    1.665174] EFI Variables Facility v0.08 2004-May-17
Nov 22 09:52:55 pi-GA-MA770-UD3-xbmc kernel: [    1.665365] ashmem: initialized
Nov 22 09:52:55 pi-GA-MA770-UD3-xbmc kernel: [    1.665458] TCP: cubic registered
Nov 22 09:52:55 pi-GA-MA770-UD3-xbmc kernel: [    1.665529] NET: Registered protocol family 10
Nov 22 09:52:55 pi-GA-MA770-UD3-xbmc kernel: [    1.665655] NET: Registered protocol family 17
Nov 22 09:52:55 pi-GA-MA770-UD3-xbmc kernel: [    1.665663] Key type dns_resolver registered
Nov 22 09:52:55 pi-GA-MA770-UD3-xbmc kernel: [    1.665886] PM: Hibernation image not present or could not be loaded.
Nov 22 09:52:55 pi-GA-MA770-UD3-xbmc kernel: [    1.665887] Loading module verification certificates
Nov 22 09:52:55 pi-GA-MA770-UD3-xbmc kernel: [    1.666820] MODSIGN: Loaded cert 'Magrathea: Glacier signing key: a300b623a3c0aa45f0b0ebb3fb7580ffecd0e9a8'
Nov 22 09:52:55 pi-GA-MA770-UD3-xbmc kernel: [    1.666829] registered taskstats version 1
Nov 22 09:52:55 pi-GA-MA770-UD3-xbmc kernel: [    1.669148] Key type trusted registered
Nov 22 09:52:55 pi-GA-MA770-UD3-xbmc kernel: [    1.671123] Key type encrypted registered
Nov 22 09:52:55 pi-GA-MA770-UD3-xbmc kernel: [    1.673315]   Magic number: 4:869:877
Nov 22 09:52:55 pi-GA-MA770-UD3-xbmc kernel: [    1.673420] rtc_cmos 00:05: setting system clock to 2012-11-22 08:52:46 UTC (1353574366)
