---
title: "Xorg fails to start on fresh install with 2x GTX285"
date: 2010-09-01
forum: Desktop Environments
---

### Post by pepolez on 2010-09-01
Following an absolute nightmare getting FakeRAID to work on Ubuntu, I've now launched in to a whole new world of pain trying to get Xorg to start for the first time.

When I booted initially, my monitors would turn off and just sit there doing nothing. This was an issue I've experienced before, and was easily fixed by adding **vga=791** to my boot options in grub.

I'm now at the stage where my PC is attempting to start Xorg for the first time, and it's presenting me with a dialog saying that my devices could not be autoconfigured.

So, I downloaded the latest NVIDIA drivers from the NVIDIA website (256.53), disabled **noveau**, and installed the drivers. I then ran the nvidia-xconfig utility and rebooted.

Xorg still refused to start, with the same error message, despite having the driver set to **nvidia** in **xorg.conf**.

To simplify troubleshooting, I disconnected my second monitor and rebooted. This did not change the outcome.

My question, with reference to the information below, is how do I get X to start (with just one monitor for now)?

xorg.conf
```

# nvidia-xconfig: X configuration file generated by nvidia-xconfig
# nvidia-xconfig:  version 256.53  (buildmeister@builder97.nvidia.com)  Fri Aug 27 20:55:22 PDT 2010


Section "ServerLayout"
    Identifier     "Layout0"
    Screen      0  "Screen0" 0 0
    InputDevice    "Keyboard0" "CoreKeyboard"
    InputDevice    "Mouse0" "CorePointer"
EndSection

Section "Files"
EndSection

Section "InputDevice"

    # generated from default
    Identifier     "Mouse0"
    Driver         "mouse"
    Option         "Protocol" "auto"
    Option         "Device" "/dev/psaux"
    Option         "Emulate3Buttons" "no"
    Option         "ZAxisMapping" "4 5"
EndSection

Section "InputDevice"

    # generated from default
    Identifier     "Keyboard0"
    Driver         "kbd"
EndSection

Section "Monitor"
    Identifier     "Monitor0"
    VendorName     "Unknown"
    ModelName      "Unknown"
    HorizSync       28.0 - 33.0
    VertRefresh     43.0 - 72.0
    Option         "DPMS"
EndSection

Section "Device"
    Identifier     "Device0"
    Driver         "nvidia"
    VendorName     "NVIDIA Corporation"
    BusID          "PCI:3:0:0"
EndSection

Section "Screen"
    Identifier     "Screen0"
    Device         "Device0"
    Monitor        "Monitor0"
    DefaultDepth    24
    SubSection     "Display"
        Depth       24
    EndSubSection
EndSection

```

xorg failsafe log
```


X.Org X Server 1.7.6
Release Date: 2010-03-17
X Protocol Version 11, Revision 0
Build Operating System: Linux 2.6.24-27-server x86_64 Ubuntu
Current Operating System: Linux nibbler 2.6.32-24-generic #42-Ubuntu SMP Fri Aug 20 14:21:58 UTC 2010 x86_64
Kernel command line: BOOT_IMAGE=/vmlinuz-2.6.32-24-generic root=UUID=e15884e7-299b-44f5-999c-168bc3a9c184 ro quiet splash
Build Date: 21 July 2010  01:03:39PM
xorg-server 2:1.7.6-2ubuntu7.3 (For technical support please see http://www.ubuntu.com/support) 
Current version of pixman: 0.16.4
	Before reporting problems, check http://wiki.x.org
	to make sure that you have the latest version.
Markers: (--) probed, (**) from config file, (==) default setting,
	(++) from command line, (!!) notice, (II) informational,
	(WW) warning, (EE) error, (NI) not implemented, (??) unknown.
(++) Log file: "/var/log/Xorg.failsafe.log", Time: Wed Sep  1 18:14:21 2010
(++) Using config file: "/etc/X11/xorg.conf.failsafe"
(==) Using config directory: "/usr/lib/X11/xorg.conf.d"
(==) No Layout section.  Using the first Screen section.
(**) |-->Screen "Default Screen" (0)
(**) |   |-->Monitor "Configured Monitor"
(**) |   |-->Device "Configured Video Device"
(==) Automatically adding devices
(==) Automatically enabling devices
(WW) The directory "/usr/share/fonts/X11/cyrillic" does not exist.
	Entry deleted from font path.
(==) FontPath set to:
	/usr/share/fonts/X11/misc,
	/usr/share/fonts/X11/100dpi/:unscaled,
	/usr/share/fonts/X11/75dpi/:unscaled,
	/usr/share/fonts/X11/Type1,
	/usr/share/fonts/X11/100dpi,
	/usr/share/fonts/X11/75dpi,
	/var/lib/defoma/x-ttcidfont-conf.d/dirs/TrueType,
	built-ins
(==) ModulePath set to "/usr/lib/xorg/extra-modules,/usr/lib/xorg/modules"
(II) The server relies on udev to provide the list of input devices.
	If no devices become available, reconfigure udev or disable AutoAddDevices.
(II) Loader magic: 0x7ca300
(II) Module ABI versions:
	X.Org ANSI C Emulation: 0.4
	X.Org Video Driver: 6.0
	X.Org XInput driver : 7.0
	X.Org Server Extension : 2.0
(--) using VT number 7

(--) PCI:*(0:3:0:0) 10de:05e3:10de:065b nVidia Corporation GT200b [GeForce GTX 285] rev 161, Mem @ 0xf4000000/16777216, 0xc0000000/268435456, 0xf2000000/33554432, I/O @ 0x0000af00/128, BIOS @ 0x????????/524288
(--) PCI: (0:5:0:0) 10de:05e3:10de:065b nVidia Corporation GT200b [GeForce GTX 285] rev 161, Mem @ 0xf8000000/16777216, 0xd0000000/268435456, 0xf6000000/33554432, I/O @ 0x00009f00/128, BIOS @ 0x????????/524288
(II) Open ACPI successful (/var/run/acpid.socket)
(II) LoadModule: "extmod"
(II) Loading /usr/lib/xorg/modules/extensions/libextmod.so
(II) Module extmod: vendor="X.Org Foundation"
	compiled for 1.7.6, module version = 1.0.0
	Module class: X.Org Server Extension
	ABI class: X.Org Server Extension, version 2.0
(II) Loading extension MIT-SCREEN-SAVER
(II) Loading extension XFree86-VidModeExtension
(II) Loading extension XFree86-DGA
(II) Loading extension DPMS
(II) Loading extension XVideo
(II) Loading extension XVideo-MotionCompensation
(II) Loading extension X-Resource
(II) LoadModule: "dbe"
(II) Loading /usr/lib/xorg/modules/extensions/libdbe.so
(II) Module dbe: vendor="X.Org Foundation"
	compiled for 1.7.6, module version = 1.0.0
	Module class: X.Org Server Extension
	ABI class: X.Org Server Extension, version 2.0
(II) Loading extension DOUBLE-BUFFER
(II) LoadModule: "glx"
(II) Loading /usr/lib/xorg/modules/extensions/libglx.so
(II) Module glx: vendor="NVIDIA Corporation"
	compiled for 4.0.2, module version = 1.0.0
	Module class: X.Org Server Extension
(II) NVIDIA GLX Module  256.53  Fri Aug 27 20:50:26 PDT 2010
(II) Loading extension GLX
(II) LoadModule: "record"
(II) Loading /usr/lib/xorg/modules/extensions/librecord.so
(II) Module record: vendor="X.Org Foundation"
	compiled for 1.7.6, module version = 1.13.0
	Module class: X.Org Server Extension
	ABI class: X.Org Server Extension, version 2.0
(II) Loading extension RECORD
(II) LoadModule: "dri"
(II) Loading /usr/lib/xorg/modules/extensions/libdri.so
(II) Module dri: vendor="X.Org Foundation"
	compiled for 1.7.6, module version = 1.0.0
	ABI class: X.Org Server Extension, version 2.0
(II) Loading extension XFree86-DRI
(II) LoadModule: "dri2"
(II) Loading /usr/lib/xorg/modules/extensions/libdri2.so
(II) Module dri2: vendor="X.Org Foundation"
	compiled for 1.7.6, module version = 1.1.0
	ABI class: X.Org Server Extension, version 2.0
(II) Loading extension DRI2
(II) LoadModule: "vesa"
(II) Loading /usr/lib/xorg/modules/drivers/vesa_drv.so
(II) Module vesa: vendor="X.Org Foundation"
	compiled for 1.7.6, module version = 2.3.0
	Module class: X.Org Video Driver
	ABI class: X.Org Video Driver, version 6.0
(II) VESA: driver for VESA chipsets: vesa
(II) Primary Device is: PCI 03@00:00:0
(II) Loading sub module "vbe"
(II) LoadModule: "vbe"
(II) Loading /usr/lib/xorg/modules/libvbe.so
(II) Module vbe: vendor="X.Org Foundation"
	compiled for 1.7.6, module version = 1.1.0
	ABI class: X.Org Video Driver, version 6.0
(II) Loading sub module "int10"
(II) LoadModule: "int10"
(II) Loading /usr/lib/xorg/modules/libint10.so
(II) Module int10: vendor="X.Org Foundation"
	compiled for 1.7.6, module version = 1.0.0
	ABI class: X.Org Video Driver, version 6.0
(II) VESA(0): initializing int10
(II) VESA(0): Primary V_BIOS segment is: 0xc000
(II) VESA(0): VESA BIOS detected
(II) VESA(0): VESA VBE Version 3.0
(II) VESA(0): VESA VBE Total Mem: 14336 kB
(II) VESA(0): VESA VBE OEM: NVIDIA
(II) VESA(0): VESA VBE OEM Software Rev: 98.0
(II) VESA(0): VESA VBE OEM Vendor: NVIDIA Corporation
(II) VESA(0): VESA VBE OEM Product: GT200 Board - 08910052
(II) VESA(0): VESA VBE OEM Product Rev: Chip Rev   
(II) VESA(0): Creating default Display subsection in Screen section
	"Default Screen" for depth/fbbpp 24/32
(==) VESA(0): Depth 24, (--) framebuffer bpp 32
(==) VESA(0): RGB weight 888
(==) VESA(0): Default visual is TrueColor
(==) VESA(0): Using gamma correction (1.0, 1.0, 1.0)
(II) Loading sub module "ddc"
(II) LoadModule: "ddc"
(II) Module "ddc" already built-in
(II) VESA(0): VESA VBE DDC supported
(II) VESA(0): VESA VBE DDC Level none
(II) VESA(0): VESA VBE DDC transfer in appr. 0 sec.
(II) VESA(0): VESA VBE DDC read failed
(II) VESA(0): VESA VBE PanelID read failed
(II) VESA(0): Searching for matching VESA mode(s):
Mode: 100 (640x400)
	ModeAttributes: 0x3bf
	WinAAttributes: 0x7
	WinBAttributes: 0x0
	WinGranularity: 64
	WinSize: 64
	WinASegment: 0xa000
	WinBSegment: 0x0
	WinFuncPtr: 0xc0008720
	BytesPerScanline: 640
	XResolution: 640
	YResolution: 400
	XCharSize: 8
	YCharSize: 16
	NumberOfPlanes: 1
	BitsPerPixel: 8
	NumberOfBanks: 1
	MemoryModel: 4
	BankSize: 0
	NumberOfImages: 14
	RedMaskSize: 0
	RedFieldPosition: 0
	GreenMaskSize: 0
	GreenFieldPosition: 0
	BlueMaskSize: 0
	BlueFieldPosition: 0
	RsvdMaskSize: 0
	RsvdFieldPosition: 0
	DirectColorModeInfo: 0
	PhysBasePtr: 0xf3000000
	LinBytesPerScanLine: 640
	BnkNumberOfImagePages: 14
	LinNumberOfImagePages: 14
	LinRedMaskSize: 0
	LinRedFieldPosition: 0
	LinGreenMaskSize: 0
	LinGreenFieldPosition: 0
	LinBlueMaskSize: 0
	LinBlueFieldPosition: 0
	LinRsvdMaskSize: 0
	LinRsvdFieldPosition: 0
	MaxPixelClock: 229500000
Mode: 101 (640x480)
	ModeAttributes: 0x3bf
	WinAAttributes: 0x7
	WinBAttributes: 0x0
	WinGranularity: 64
	WinSize: 64
	WinASegment: 0xa000
	WinBSegment: 0x0
	WinFuncPtr: 0xc0008720
	BytesPerScanline: 640
	XResolution: 640
	YResolution: 480
	XCharSize: 8
	YCharSize: 16
	NumberOfPlanes: 1
	BitsPerPixel: 8
	NumberOfBanks: 1
	MemoryModel: 4
	BankSize: 0
	NumberOfImages: 10
	RedMaskSize: 0
	RedFieldPosition: 0
	GreenMaskSize: 0
	GreenFieldPosition: 0
	BlueMaskSize: 0
	BlueFieldPosition: 0
	RsvdMaskSize: 0
	RsvdFieldPosition: 0
	DirectColorModeInfo: 0
	PhysBasePtr: 0xf3000000
	LinBytesPerScanLine: 640
	BnkNumberOfImagePages: 10
	LinNumberOfImagePages: 10
	LinRedMaskSize: 0
	LinRedFieldPosition: 0
	LinGreenMaskSize: 0
	LinGreenFieldPosition: 0
	LinBlueMaskSize: 0
	LinBlueFieldPosition: 0
	LinRsvdMaskSize: 0
	LinRsvdFieldPosition: 0
	MaxPixelClock: 229500000
Mode: 102 (800x600)
	ModeAttributes: 0x33f
	WinAAttributes: 0x7
	WinBAttributes: 0x0
	WinGranularity: 64
	WinSize: 64
	WinASegment: 0xa000
	WinBSegment: 0x0
	WinFuncPtr: 0xc0008720
	BytesPerScanline: 100
	XResolution: 800
	YResolution: 600
	XCharSize: 8
	YCharSize: 16
	NumberOfPlanes: 4
	BitsPerPixel: 4
	NumberOfBanks: 1
	MemoryModel: 3
	BankSize: 0
	NumberOfImages: 2
	RedMaskSize: 0
	RedFieldPosition: 0
	GreenMaskSize: 0
	GreenFieldPosition: 0
	BlueMaskSize: 0
	BlueFieldPosition: 0
	RsvdMaskSize: 0
	RsvdFieldPosition: 0
	DirectColorModeInfo: 0
	PhysBasePtr: 0x0
	LinBytesPerScanLine: 100
	BnkNumberOfImagePages: 2
	LinNumberOfImagePages: 2
	LinRedMaskSize: 0
	LinRedFieldPosition: 0
	LinGreenMaskSize: 0
	LinGreenFieldPosition: 0
	LinBlueMaskSize: 0
	LinBlueFieldPosition: 0
	LinRsvdMaskSize: 0
	LinRsvdFieldPosition: 0
	MaxPixelClock: 108500000
Mode: 103 (800x600)
	ModeAttributes: 0x3bf
	WinAAttributes: 0x7
	WinBAttributes: 0x0
	WinGranularity: 64
	WinSize: 64
	WinASegment: 0xa000
	WinBSegment: 0x0
	WinFuncPtr: 0xc0008720
	BytesPerScanline: 800
	XResolution: 800
	YResolution: 600
	XCharSize: 8
	YCharSize: 16
	NumberOfPlanes: 1
	BitsPerPixel: 8
	NumberOfBanks: 1
	MemoryModel: 4
	BankSize: 0
	NumberOfImages: 6
	RedMaskSize: 0
	RedFieldPosition: 0
	GreenMaskSize: 0
	GreenFieldPosition: 0
	BlueMaskSize: 0
	BlueFieldPosition: 0
	RsvdMaskSize: 0
	RsvdFieldPosition: 0
	DirectColorModeInfo: 0
	PhysBasePtr: 0xf3000000
	LinBytesPerScanLine: 800
	BnkNumberOfImagePages: 6
	LinNumberOfImagePages: 6
	LinRedMaskSize: 0
	LinRedFieldPosition: 0
	LinGreenMaskSize: 0
	LinGreenFieldPosition: 0
	LinBlueMaskSize: 0
	LinBlueFieldPosition: 0
	LinRsvdMaskSize: 0
	LinRsvdFieldPosition: 0
	MaxPixelClock: 229500000
Mode: 104 (1024x768)
	ModeAttributes: 0x33f
	WinAAttributes: 0x7
	WinBAttributes: 0x0
	WinGranularity: 64
	WinSize: 64
	WinASegment: 0xa000
	WinBSegment: 0x0
	WinFuncPtr: 0xc0008720
	BytesPerScanline: 128
	XResolution: 1024
	YResolution: 768
	XCharSize: 8
	YCharSize: 16
	NumberOfPlanes: 4
	BitsPerPixel: 4
	NumberOfBanks: 1
	MemoryModel: 3
	BankSize: 0
	NumberOfImages: 1
	RedMaskSize: 0
	RedFieldPosition: 0
	GreenMaskSize: 0
	GreenFieldPosition: 0
	BlueMaskSize: 0
	BlueFieldPosition: 0
	RsvdMaskSize: 0
	RsvdFieldPosition: 0
	DirectColorModeInfo: 0
	PhysBasePtr: 0x0
	LinBytesPerScanLine: 128
	BnkNumberOfImagePages: 1
	LinNumberOfImagePages: 1
	LinRedMaskSize: 0
	LinRedFieldPosition: 0
	LinGreenMaskSize: 0
	LinGreenFieldPosition: 0
	LinBlueMaskSize: 0
	LinBlueFieldPosition: 0
	LinRsvdMaskSize: 0
	LinRsvdFieldPosition: 0
	MaxPixelClock: 108500000
Mode: 105 (1024x768)
	ModeAttributes: 0x3bf
	WinAAttributes: 0x7
	WinBAttributes: 0x0
	WinGranularity: 64
	WinSize: 64
	WinASegment: 0xa000
	WinBSegment: 0x0
	WinFuncPtr: 0xc0008720
	BytesPerScanline: 1024
	XResolution: 1024
	YResolution: 768
	XCharSize: 8
	YCharSize: 16
	NumberOfPlanes: 1
	BitsPerPixel: 8
	NumberOfBanks: 1
	MemoryModel: 4
	BankSize: 0
	NumberOfImages: 3
	RedMaskSize: 0
	RedFieldPosition: 0
	GreenMaskSize: 0
	GreenFieldPosition: 0
	BlueMaskSize: 0
	BlueFieldPosition: 0
	RsvdMaskSize: 0
	RsvdFieldPosition: 0
	DirectColorModeInfo: 0
	PhysBasePtr: 0xf3000000
	LinBytesPerScanLine: 1024
	BnkNumberOfImagePages: 3
	LinNumberOfImagePages: 3
	LinRedMaskSize: 0
	LinRedFieldPosition: 0
	LinGreenMaskSize: 0
	LinGreenFieldPosition: 0
	LinBlueMaskSize: 0
	LinBlueFieldPosition: 0
	LinRsvdMaskSize: 0
	LinRsvdFieldPosition: 0
	MaxPixelClock: 229500000
Mode: 106 (1280x1024)
	ModeAttributes: 0x33f
	WinAAttributes: 0x7
	WinBAttributes: 0x0
	WinGranularity: 64
	WinSize: 64
	WinASegment: 0xa000
	WinBSegment: 0x0
	WinFuncPtr: 0xc0008720
	BytesPerScanline: 160
	XResolution: 1280
	YResolution: 1024
	XCharSize: 8
	YCharSize: 16
	NumberOfPlanes: 4
	BitsPerPixel: 4
	NumberOfBanks: 1
	MemoryModel: 3
	BankSize: 0
	NumberOfImages: 1
	RedMaskSize: 0
	RedFieldPosition: 0
	GreenMaskSize: 0
	GreenFieldPosition: 0
	BlueMaskSize: 0
	BlueFieldPosition: 0
	RsvdMaskSize: 0
	RsvdFieldPosition: 0
	DirectColorModeInfo: 0
	PhysBasePtr: 0x0
	LinBytesPerScanLine: 160
	BnkNumberOfImagePages: 1
	LinNumberOfImagePages: 1
	LinRedMaskSize: 0
	LinRedFieldPosition: 0
	LinGreenMaskSize: 0
	LinGreenFieldPosition: 0
	LinBlueMaskSize: 0
	LinBlueFieldPosition: 0
	LinRsvdMaskSize: 0
	LinRsvdFieldPosition: 0
	MaxPixelClock: 108500000
Mode: 107 (1280x1024)
	ModeAttributes: 0x3bf
	WinAAttributes: 0x7
	WinBAttributes: 0x0
	WinGranularity: 64
	WinSize: 64
	WinASegment: 0xa000
	WinBSegment: 0x0
	WinFuncPtr: 0xc0008720
	BytesPerScanline: 1280
	XResolution: 1280
	YResolution: 1024
	XCharSize: 8
	YCharSize: 16
	NumberOfPlanes: 1
	BitsPerPixel: 8
	NumberOfBanks: 1
	MemoryModel: 4
	BankSize: 0
	NumberOfImages: 1
	RedMaskSize: 0
	RedFieldPosition: 0
	GreenMaskSize: 0
	GreenFieldPosition: 0
	BlueMaskSize: 0
	BlueFieldPosition: 0
	RsvdMaskSize: 0
	RsvdFieldPosition: 0
	DirectColorModeInfo: 0
	PhysBasePtr: 0xf3000000
	LinBytesPerScanLine: 1280
	BnkNumberOfImagePages: 1
	LinNumberOfImagePages: 1
	LinRedMaskSize: 0
	LinRedFieldPosition: 0
	LinGreenMaskSize: 0
	LinGreenFieldPosition: 0
	LinBlueMaskSize: 0
	LinBlueFieldPosition: 0
	LinRsvdMaskSize: 0
	LinRsvdFieldPosition: 0
	MaxPixelClock: 229500000
Mode: 10e (320x200)
	ModeAttributes: 0x3bf
	WinAAttributes: 0x7
	WinBAttributes: 0x0
	WinGranularity: 64
	WinSize: 64
	WinASegment: 0xa000
	WinBSegment: 0x0
	WinFuncPtr: 0xc0008720
	BytesPerScanline: 640
	XResolution: 320
	YResolution: 200
	XCharSize: 8
	YCharSize: 8
	NumberOfPlanes: 1
	BitsPerPixel: 16
	NumberOfBanks: 1
	MemoryModel: 6
	BankSize: 0
	NumberOfImages: 30
	RedMaskSize: 5
	RedFieldPosition: 11
	GreenMaskSize: 6
	GreenFieldPosition: 5
	BlueMaskSize: 5
	BlueFieldPosition: 0
	RsvdMaskSize: 0
	RsvdFieldPosition: 0
	DirectColorModeInfo: 0
	PhysBasePtr: 0xf3000000
	LinBytesPerScanLine: 640
	BnkNumberOfImagePages: 30
	LinNumberOfImagePages: 30
	LinRedMaskSize: 5
	LinRedFieldPosition: 11
	LinGreenMaskSize: 6
	LinGreenFieldPosition: 5
	LinBlueMaskSize: 5
	LinBlueFieldPosition: 0
	LinRsvdMaskSize: 0
	LinRsvdFieldPosition: 0
	MaxPixelClock: 229500000
*Mode: 10f (320x200)
	ModeAttributes: 0x3bf
	WinAAttributes: 0x7
	WinBAttributes: 0x0
	WinGranularity: 64
	WinSize: 64
	WinASegment: 0xa000
	WinBSegment: 0x0
	WinFuncPtr: 0xc0008720
	BytesPerScanline: 1280
	XResolution: 320
	YResolution: 200
	XCharSize: 8
	YCharSize: 8
	NumberOfPlanes: 1
	BitsPerPixel: 32
	NumberOfBanks: 1
	MemoryModel: 6
	BankSize: 0
	NumberOfImages: 14
	RedMaskSize: 8
	RedFieldPosition: 16
	GreenMaskSize: 8
	GreenFieldPosition: 8
	BlueMaskSize: 8
	BlueFieldPosition: 0
	RsvdMaskSize: 8
	RsvdFieldPosition: 24
	DirectColorModeInfo: 0
	PhysBasePtr: 0xf3000000
	LinBytesPerScanLine: 1280
	BnkNumberOfImagePages: 14
	LinNumberOfImagePages: 14
	LinRedMaskSize: 8
	LinRedFieldPosition: 16
	LinGreenMaskSize: 8
	LinGreenFieldPosition: 8
	LinBlueMaskSize: 8
	LinBlueFieldPosition: 0
	LinRsvdMaskSize: 8
	LinRsvdFieldPosition: 24
	MaxPixelClock: 229500000
Mode: 111 (640x480)
	ModeAttributes: 0x3bf
	WinAAttributes: 0x7
	WinBAttributes: 0x0
	WinGranularity: 64
	WinSize: 64
	WinASegment: 0xa000
	WinBSegment: 0x0
	WinFuncPtr: 0xc0008720
	BytesPerScanline: 1280
	XResolution: 640
	YResolution: 480
	XCharSize: 8
	YCharSize: 16
	NumberOfPlanes: 1
	BitsPerPixel: 16
	NumberOfBanks: 1
	MemoryModel: 6
	BankSize: 0
	NumberOfImages: 4
	RedMaskSize: 5
	RedFieldPosition: 11
	GreenMaskSize: 6
	GreenFieldPosition: 5
	BlueMaskSize: 5
	BlueFieldPosition: 0
	RsvdMaskSize: 0
	RsvdFieldPosition: 0
	DirectColorModeInfo: 0
	PhysBasePtr: 0xf3000000
	LinBytesPerScanLine: 1280
	BnkNumberOfImagePages: 4
	LinNumberOfImagePages: 4
	LinRedMaskSize: 5
	LinRedFieldPosition: 11
	LinGreenMaskSize: 6
	LinGreenFieldPosition: 5
	LinBlueMaskSize: 5
	LinBlueFieldPosition: 0
	LinRsvdMaskSize: 0
	LinRsvdFieldPosition: 0
	MaxPixelClock: 229500000
*Mode: 112 (640x480)
	ModeAttributes: 0x3bf
	WinAAttributes: 0x7
	WinBAttributes: 0x0
	WinGranularity: 64
	WinSize: 64
	WinASegment: 0xa000
	WinBSegment: 0x0
	WinFuncPtr: 0xc0008720
	BytesPerScanline: 2560
	XResolution: 640
	YResolution: 480
	XCharSize: 8
	YCharSize: 16
	NumberOfPlanes: 1
	BitsPerPixel: 32
	NumberOfBanks: 1
	MemoryModel: 6
	BankSize: 0
	NumberOfImages: 1
	RedMaskSize: 8
	RedFieldPosition: 16
	GreenMaskSize: 8
	GreenFieldPosition: 8
	BlueMaskSize: 8
	BlueFieldPosition: 0
	RsvdMaskSize: 8
	RsvdFieldPosition: 24
	DirectColorModeInfo: 0
	PhysBasePtr: 0xf3000000
	LinBytesPerScanLine: 2560
	BnkNumberOfImagePages: 1
	LinNumberOfImagePages: 1
	LinRedMaskSize: 8
	LinRedFieldPosition: 16
	LinGreenMaskSize: 8
	LinGreenFieldPosition: 8
	LinBlueMaskSize: 8
	LinBlueFieldPosition: 0
	LinRsvdMaskSize: 8
	LinRsvdFieldPosition: 24
	MaxPixelClock: 229500000
Mode: 114 (800x600)
	ModeAttributes: 0x3bf
	WinAAttributes: 0x7
	WinBAttributes: 0x0
	WinGranularity: 64
	WinSize: 64
	WinASegment: 0xa000
	WinBSegment: 0x0
	WinFuncPtr: 0xc0008720
	BytesPerScanline: 1600
	XResolution: 800
	YResolution: 600
	XCharSize: 8
	YCharSize: 16
	NumberOfPlanes: 1
	BitsPerPixel: 16
	NumberOfBanks: 1
	MemoryModel: 6
	BankSize: 0
	NumberOfImages: 2
	RedMaskSize: 5
	RedFieldPosition: 11
	GreenMaskSize: 6
	GreenFieldPosition: 5
	BlueMaskSize: 5
	BlueFieldPosition: 0
	RsvdMaskSize: 0
	RsvdFieldPosition: 0
	DirectColorModeInfo: 0
	PhysBasePtr: 0xf3000000
	LinBytesPerScanLine: 1600
	BnkNumberOfImagePages: 2
	LinNumberOfImagePages: 2
	LinRedMaskSize: 5
	LinRedFieldPosition: 11
	LinGreenMaskSize: 6
	LinGreenFieldPosition: 5
	LinBlueMaskSize: 5
	LinBlueFieldPosition: 0
	LinRsvdMaskSize: 0
	LinRsvdFieldPosition: 0
	MaxPixelClock: 229500000
*Mode: 115 (800x600)
	ModeAttributes: 0x3bf
	WinAAttributes: 0x7
	WinBAttributes: 0x0
	WinGranularity: 64
	WinSize: 64
	WinASegment: 0xa000
	WinBSegment: 0x0
	WinFuncPtr: 0xc0008720
	BytesPerScanline: 3200
	XResolution: 800
	YResolution: 600
	XCharSize: 8
	YCharSize: 16
	NumberOfPlanes: 1
	BitsPerPixel: 32
	NumberOfBanks: 1
	MemoryModel: 6
	BankSize: 0
	NumberOfImages: 1
	RedMaskSize: 8
	RedFieldPosition: 16
	GreenMaskSize: 8
	GreenFieldPosition: 8
	BlueMaskSize: 8
	BlueFieldPosition: 0
	RsvdMaskSize: 8
	RsvdFieldPosition: 24
	DirectColorModeInfo: 0
	PhysBasePtr: 0xf3000000
	LinBytesPerScanLine: 3200
	BnkNumberOfImagePages: 1
	LinNumberOfImagePages: 1
	LinRedMaskSize: 8
	LinRedFieldPosition: 16
	LinGreenMaskSize: 8
	LinGreenFieldPosition: 8
	LinBlueMaskSize: 8
	LinBlueFieldPosition: 0
	LinRsvdMaskSize: 8
	LinRsvdFieldPosition: 24
	MaxPixelClock: 229500000
Mode: 117 (1024x768)
	ModeAttributes: 0x3bf
	WinAAttributes: 0x7
	WinBAttributes: 0x0
	WinGranularity: 64
	WinSize: 64
	WinASegment: 0xa000
	WinBSegment: 0x0
	WinFuncPtr: 0xc0008720
	BytesPerScanline: 2048
	XResolution: 1024
	YResolution: 768
	XCharSize: 8
	YCharSize: 16
	NumberOfPlanes: 1
	BitsPerPixel: 16
	NumberOfBanks: 1
	MemoryModel: 6
	BankSize: 0
	NumberOfImages: 1
	RedMaskSize: 5
	RedFieldPosition: 11
	GreenMaskSize: 6
	GreenFieldPosition: 5
	BlueMaskSize: 5
	BlueFieldPosition: 0
	RsvdMaskSize: 0
	RsvdFieldPosition: 0
	DirectColorModeInfo: 0
	PhysBasePtr: 0xf3000000
	LinBytesPerScanLine: 2048
	BnkNumberOfImagePages: 1
	LinNumberOfImagePages: 1
	LinRedMaskSize: 5
	LinRedFieldPosition: 11
	LinGreenMaskSize: 6
	LinGreenFieldPosition: 5
	LinBlueMaskSize: 5
	LinBlueFieldPosition: 0
	LinRsvdMaskSize: 0
	LinRsvdFieldPosition: 0
	MaxPixelClock: 229500000
*Mode: 118 (1024x768)
	ModeAttributes: 0x3bf
	WinAAttributes: 0x7
	WinBAttributes: 0x0
	WinGranularity: 64
	WinSize: 64
	WinASegment: 0xa000
	WinBSegment: 0x0
	WinFuncPtr: 0xc0008720
	BytesPerScanline: 4096
	XResolution: 1024
	YResolution: 768
	XCharSize: 8
	YCharSize: 16
	NumberOfPlanes: 1
	BitsPerPixel: 32
	NumberOfBanks: 1
	MemoryModel: 6
	BankSize: 0
	NumberOfImages: 1
	RedMaskSize: 8
	RedFieldPosition: 16
	GreenMaskSize: 8
	GreenFieldPosition: 8
	BlueMaskSize: 8
	BlueFieldPosition: 0
	RsvdMaskSize: 8
	RsvdFieldPosition: 24
	DirectColorModeInfo: 0
	PhysBasePtr: 0xf3000000
	LinBytesPerScanLine: 4096
	BnkNumberOfImagePages: 1
	LinNumberOfImagePages: 1
	LinRedMaskSize: 8
	LinRedFieldPosition: 16
	LinGreenMaskSize: 8
	LinGreenFieldPosition: 8
	LinBlueMaskSize: 8
	LinBlueFieldPosition: 0
	LinRsvdMaskSize: 8
	LinRsvdFieldPosition: 24
	MaxPixelClock: 229500000
Mode: 11a (1280x1024)
	ModeAttributes: 0x3bf
	WinAAttributes: 0x7
	WinBAttributes: 0x0
	WinGranularity: 64
	WinSize: 64
	WinASegment: 0xa000
	WinBSegment: 0x0
	WinFuncPtr: 0xc0008720
	BytesPerScanline: 2560
	XResolution: 1280
	YResolution: 1024
	XCharSize: 8
	YCharSize: 16
	NumberOfPlanes: 1
	BitsPerPixel: 16
	NumberOfBanks: 1
	MemoryModel: 6
	BankSize: 0
	NumberOfImages: 1
	RedMaskSize: 5
	RedFieldPosition: 11
	GreenMaskSize: 6
	GreenFieldPosition: 5
	BlueMaskSize: 5
	BlueFieldPosition: 0
	RsvdMaskSize: 0
	RsvdFieldPosition: 0
	DirectColorModeInfo: 0
	PhysBasePtr: 0xf3000000
	LinBytesPerScanLine: 2560
	BnkNumberOfImagePages: 1
	LinNumberOfImagePages: 1
	LinRedMaskSize: 5
	LinRedFieldPosition: 11
	LinGreenMaskSize: 6
	LinGreenFieldPosition: 5
	LinBlueMaskSize: 5
	LinBlueFieldPosition: 0
	LinRsvdMaskSize: 0
	LinRsvdFieldPosition: 0
	MaxPixelClock: 229500000
*Mode: 11b (1280x1024)
	ModeAttributes: 0x3bf
	WinAAttributes: 0x7
	WinBAttributes: 0x0
	WinGranularity: 64
	WinSize: 64
	WinASegment: 0xa000
	WinBSegment: 0x0
	WinFuncPtr: 0xc0008720
	BytesPerScanline: 5120
	XResolution: 1280
	YResolution: 1024
	XCharSize: 8
	YCharSize: 16
	NumberOfPlanes: 1
	BitsPerPixel: 32
	NumberOfBanks: 1
	MemoryModel: 6
	BankSize: 0
	NumberOfImages: 1
	RedMaskSize: 8
	RedFieldPosition: 16
	GreenMaskSize: 8
	GreenFieldPosition: 8
	BlueMaskSize: 8
	BlueFieldPosition: 0
	RsvdMaskSize: 8
	RsvdFieldPosition: 24
	DirectColorModeInfo: 0
	PhysBasePtr: 0xf3000000
	LinBytesPerScanLine: 5120
	BnkNumberOfImagePages: 1
	LinNumberOfImagePages: 1
	LinRedMaskSize: 8
	LinRedFieldPosition: 16
	LinGreenMaskSize: 8
	LinGreenFieldPosition: 8
	LinBlueMaskSize: 8
	LinBlueFieldPosition: 0
	LinRsvdMaskSize: 8
	LinRsvdFieldPosition: 24
	MaxPixelClock: 229500000
Mode: 130 (320x200)
	ModeAttributes: 0x3bf
	WinAAttributes: 0x7
	WinBAttributes: 0x0
	WinGranularity: 64
	WinSize: 64
	WinASegment: 0xa000
	WinBSegment: 0x0
	WinFuncPtr: 0xc0008720
	BytesPerScanline: 320
	XResolution: 320
	YResolution: 200
	XCharSize: 8
	YCharSize: 8
	NumberOfPlanes: 1
	BitsPerPixel: 8
	NumberOfBanks: 1
	MemoryModel: 4
	BankSize: 0
	NumberOfImages: 62
	RedMaskSize: 0
	RedFieldPosition: 0
	GreenMaskSize: 0
	GreenFieldPosition: 0
	BlueMaskSize: 0
	BlueFieldPosition: 0
	RsvdMaskSize: 0
	RsvdFieldPosition: 0
	DirectColorModeInfo: 0
	PhysBasePtr: 0xf3000000
	LinBytesPerScanLine: 320
	BnkNumberOfImagePages: 62
	LinNumberOfImagePages: 62
	LinRedMaskSize: 0
	LinRedFieldPosition: 0
	LinGreenMaskSize: 0
	LinGreenFieldPosition: 0
	LinBlueMaskSize: 0
	LinBlueFieldPosition: 0
	LinRsvdMaskSize: 0
	LinRsvdFieldPosition: 0
	MaxPixelClock: 229500000
Mode: 131 (320x400)
	ModeAttributes: 0x3bf
	WinAAttributes: 0x7
	WinBAttributes: 0x0
	WinGranularity: 64
	WinSize: 64
	WinASegment: 0xa000
	WinBSegment: 0x0
	WinFuncPtr: 0xc0008720
	BytesPerScanline: 320
	XResolution: 320
	YResolution: 400
	XCharSize: 8
	YCharSize: 16
	NumberOfPlanes: 1
	BitsPerPixel: 8
	NumberOfBanks: 1
	MemoryModel: 4
	BankSize: 0
	NumberOfImages: 30
	RedMaskSize: 0
	RedFieldPosition: 0
	GreenMaskSize: 0
	GreenFieldPosition: 0
	BlueMaskSize: 0
	BlueFieldPosition: 0
	RsvdMaskSize: 0
	RsvdFieldPosition: 0
	DirectColorModeInfo: 0
	PhysBasePtr: 0xf3000000
	LinBytesPerScanLine: 320
	BnkNumberOfImagePages: 30
	LinNumberOfImagePages: 30
	LinRedMaskSize: 0
	LinRedFieldPosition: 0
	LinGreenMaskSize: 0
	LinGreenFieldPosition: 0
	LinBlueMaskSize: 0
	LinBlueFieldPosition: 0
	LinRsvdMaskSize: 0
	LinRsvdFieldPosition: 0
	MaxPixelClock: 229500000
Mode: 132 (320x400)
	ModeAttributes: 0x3bf
	WinAAttributes: 0x7
	WinBAttributes: 0x0
	WinGranularity: 64
	WinSize: 64
	WinASegment: 0xa000
	WinBSegment: 0x0
	WinFuncPtr: 0xc0008720
	BytesPerScanline: 640
	XResolution: 320
	YResolution: 400
	XCharSize: 8
	YCharSize: 16
	NumberOfPlanes: 1
	BitsPerPixel: 16
	NumberOfBanks: 1
	MemoryModel: 6
	BankSize: 0
	NumberOfImages: 14
	RedMaskSize: 5
	RedFieldPosition: 11
	GreenMaskSize: 6
	GreenFieldPosition: 5
	BlueMaskSize: 5
	BlueFieldPosition: 0
	RsvdMaskSize: 0
	RsvdFieldPosition: 0
	DirectColorModeInfo: 0
	PhysBasePtr: 0xf3000000
	LinBytesPerScanLine: 640
	BnkNumberOfImagePages: 14
	LinNumberOfImagePages: 14
	LinRedMaskSize: 5
	LinRedFieldPosition: 11
	LinGreenMaskSize: 6
	LinGreenFieldPosition: 5
	LinBlueMaskSize: 5
	LinBlueFieldPosition: 0
	LinRsvdMaskSize: 0
	LinRsvdFieldPosition: 0
	MaxPixelClock: 229500000
*Mode: 133 (320x400)
	ModeAttributes: 0x3bf
	WinAAttributes: 0x7
	WinBAttributes: 0x0
	WinGranularity: 64
	WinSize: 64
	WinASegment: 0xa000
	WinBSegment: 0x0
	WinFuncPtr: 0xc0008720
	BytesPerScanline: 1280
	XResolution: 320
	YResolution: 400
	XCharSize: 8
	YCharSize: 16
	NumberOfPlanes: 1
	BitsPerPixel: 32
	NumberOfBanks: 1
	MemoryModel: 6
	BankSize: 0
	NumberOfImages: 6
	RedMaskSize: 8
	RedFieldPosition: 16
	GreenMaskSize: 8
	GreenFieldPosition: 8
	BlueMaskSize: 8
	BlueFieldPosition: 0
	RsvdMaskSize: 8
	RsvdFieldPosition: 24
	DirectColorModeInfo: 0
	PhysBasePtr: 0xf3000000
	LinBytesPerScanLine: 1280
	BnkNumberOfImagePages: 6
	LinNumberOfImagePages: 6
	LinRedMaskSize: 8
	LinRedFieldPosition: 16
	LinGreenMaskSize: 8
	LinGreenFieldPosition: 8
	LinBlueMaskSize: 8
	LinBlueFieldPosition: 0
	LinRsvdMaskSize: 8
	LinRsvdFieldPosition: 24
	MaxPixelClock: 229500000
Mode: 134 (320x240)
	ModeAttributes: 0x3bf
	WinAAttributes: 0x7
	WinBAttributes: 0x0
	WinGranularity: 64
	WinSize: 64
	WinASegment: 0xa000
	WinBSegment: 0x0
	WinFuncPtr: 0xc0008720
	BytesPerScanline: 320
	XResolution: 320
	YResolution: 240
	XCharSize: 8
	YCharSize: 8
	NumberOfPlanes: 1
	BitsPerPixel: 8
	NumberOfBanks: 1
	MemoryModel: 4
	BankSize: 0
	NumberOfImages: 30
	RedMaskSize: 0
	RedFieldPosition: 0
	GreenMaskSize: 0
	GreenFieldPosition: 0
	BlueMaskSize: 0
	BlueFieldPosition: 0
	RsvdMaskSize: 0
	RsvdFieldPosition: 0
	DirectColorModeInfo: 0
	PhysBasePtr: 0xf3000000
	LinBytesPerScanLine: 320
	BnkNumberOfImagePages: 30
	LinNumberOfImagePages: 30
	LinRedMaskSize: 0
	LinRedFieldPosition: 0
	LinGreenMaskSize: 0
	LinGreenFieldPosition: 0
	LinBlueMaskSize: 0
	LinBlueFieldPosition: 0
	LinRsvdMaskSize: 0
	LinRsvdFieldPosition: 0
	MaxPixelClock: 229500000
Mode: 135 (320x240)
	ModeAttributes: 0x3bf
	WinAAttributes: 0x7
	WinBAttributes: 0x0
	WinGranularity: 64
	WinSize: 64
	WinASegment: 0xa000
	WinBSegment: 0x0
	WinFuncPtr: 0xc0008720
	BytesPerScanline: 640
	XResolution: 320
	YResolution: 240
	XCharSize: 8
	YCharSize: 8
	NumberOfPlanes: 1
	BitsPerPixel: 16
	NumberOfBanks: 1
	MemoryModel: 6
	BankSize: 0
	NumberOfImages: 19
	RedMaskSize: 5
	RedFieldPosition: 11
	GreenMaskSize: 6
	GreenFieldPosition: 5
	BlueMaskSize: 5
	BlueFieldPosition: 0
	RsvdMaskSize: 0
	RsvdFieldPosition: 0
	DirectColorModeInfo: 0
	PhysBasePtr: 0xf3000000
	LinBytesPerScanLine: 640
	BnkNumberOfImagePages: 19
	LinNumberOfImagePages: 19
	LinRedMaskSize: 5
	LinRedFieldPosition: 11
	LinGreenMaskSize: 6
	LinGreenFieldPosition: 5
	LinBlueMaskSize: 5
	LinBlueFieldPosition: 0
	LinRsvdMaskSize: 0
	LinRsvdFieldPosition: 0
	MaxPixelClock: 229500000
*Mode: 136 (320x240)
	ModeAttributes: 0x3bf
	WinAAttributes: 0x7
	WinBAttributes: 0x0
	WinGranularity: 64
	WinSize: 64
	WinASegment: 0xa000
	WinBSegment: 0x0
	WinFuncPtr: 0xc0008720
	BytesPerScanline: 1280
	XResolution: 320
	YResolution: 240
	XCharSize: 8
	YCharSize: 8
	NumberOfPlanes: 1
	BitsPerPixel: 32
	NumberOfBanks: 1
	MemoryModel: 6
	BankSize: 0
	NumberOfImages: 10
	RedMaskSize: 8
	RedFieldPosition: 16
	GreenMaskSize: 8
	GreenFieldPosition: 8
	BlueMaskSize: 8
	BlueFieldPosition: 0
	RsvdMaskSize: 8
	RsvdFieldPosition: 24
	DirectColorModeInfo: 0
	PhysBasePtr: 0xf3000000
	LinBytesPerScanLine: 1280
	BnkNumberOfImagePages: 10
	LinNumberOfImagePages: 10
	LinRedMaskSize: 8
	LinRedFieldPosition: 16
	LinGreenMaskSize: 8
	LinGreenFieldPosition: 8
	LinBlueMaskSize: 8
	LinBlueFieldPosition: 0
	LinRsvdMaskSize: 8
	LinRsvdFieldPosition: 24
	MaxPixelClock: 229500000
Mode: 13d (640x400)
	ModeAttributes: 0x3bf
	WinAAttributes: 0x7
	WinBAttributes: 0x0
	WinGranularity: 64
	WinSize: 64
	WinASegment: 0xa000
	WinBSegment: 0x0
	WinFuncPtr: 0xc0008720
	BytesPerScanline: 1280
	XResolution: 640
	YResolution: 400
	XCharSize: 8
	YCharSize: 16
	NumberOfPlanes: 1
	BitsPerPixel: 16
	NumberOfBanks: 1
	MemoryModel: 6
	BankSize: 0
	NumberOfImages: 6
	RedMaskSize: 5
	RedFieldPosition: 11
	GreenMaskSize: 6
	GreenFieldPosition: 5
	BlueMaskSize: 5
	BlueFieldPosition: 0
	RsvdMaskSize: 0
	RsvdFieldPosition: 0
	DirectColorModeInfo: 0
	PhysBasePtr: 0xf3000000
	LinBytesPerScanLine: 1280
	BnkNumberOfImagePages: 6
	LinNumberOfImagePages: 6
	LinRedMaskSize: 5
	LinRedFieldPosition: 11
	LinGreenMaskSize: 6
	LinGreenFieldPosition: 5
	LinBlueMaskSize: 5
	LinBlueFieldPosition: 0
	LinRsvdMaskSize: 0
	LinRsvdFieldPosition: 0
	MaxPixelClock: 229500000
*Mode: 13e (640x400)
	ModeAttributes: 0x3bf
	WinAAttributes: 0x7
	WinBAttributes: 0x0
	WinGranularity: 64
	WinSize: 64
	WinASegment: 0xa000
	WinBSegment: 0x0
	WinFuncPtr: 0xc0008720
	BytesPerScanline: 2560
	XResolution: 640
	YResolution: 400
	XCharSize: 8
	YCharSize: 16
	NumberOfPlanes: 1
	BitsPerPixel: 32
	NumberOfBanks: 1
	MemoryModel: 6
	BankSize: 0
	NumberOfImages: 2
	RedMaskSize: 8
	RedFieldPosition: 16
	GreenMaskSize: 8
	GreenFieldPosition: 8
	BlueMaskSize: 8
	BlueFieldPosition: 0
	RsvdMaskSize: 8
	RsvdFieldPosition: 24
	DirectColorModeInfo: 0
	PhysBasePtr: 0xf3000000
	LinBytesPerScanLine: 2560
	BnkNumberOfImagePages: 2
	LinNumberOfImagePages: 2
	LinRedMaskSize: 8
	LinRedFieldPosition: 16
	LinGreenMaskSize: 8
	LinGreenFieldPosition: 8
	LinBlueMaskSize: 8
	LinBlueFieldPosition: 0
	LinRsvdMaskSize: 8
	LinRsvdFieldPosition: 24
	MaxPixelClock: 229500000
Mode: 160 (1280x800)
	ModeAttributes: 0x3bf
	WinAAttributes: 0x7
	WinBAttributes: 0x0
	WinGranularity: 64
	WinSize: 64
	WinASegment: 0xa000
	WinBSegment: 0x0
	WinFuncPtr: 0xc0008720
	BytesPerScanline: 1280
	XResolution: 1280
	YResolution: 800
	XCharSize: 8
	YCharSize: 16
	NumberOfPlanes: 1
	BitsPerPixel: 8
	NumberOfBanks: 1
	MemoryModel: 4
	BankSize: 0
	NumberOfImages: 2
	RedMaskSize: 0
	RedFieldPosition: 0
	GreenMaskSize: 0
	GreenFieldPosition: 0
	BlueMaskSize: 0
	BlueFieldPosition: 0
	RsvdMaskSize: 0
	RsvdFieldPosition: 0
	DirectColorModeInfo: 0
	PhysBasePtr: 0xf3000000
	LinBytesPerScanLine: 1280
	BnkNumberOfImagePages: 2
	LinNumberOfImagePages: 2
	LinRedMaskSize: 0
	LinRedFieldPosition: 0
	LinGreenMaskSize: 0
	LinGreenFieldPosition: 0
	LinBlueMaskSize: 0
	LinBlueFieldPosition: 0
	LinRsvdMaskSize: 0
	LinRsvdFieldPosition: 0
	MaxPixelClock: 229500000
*Mode: 161 (1280x800)
	ModeAttributes: 0x3bf
	WinAAttributes: 0x7
	WinBAttributes: 0x0
	WinGranularity: 64
	WinSize: 64
	WinASegment: 0xa000
	WinBSegment: 0x0
	WinFuncPtr: 0xc0008720
	BytesPerScanline: 5120
	XResolution: 1280
	YResolution: 800
	XCharSize: 8
	YCharSize: 16
	NumberOfPlanes: 1
	BitsPerPixel: 32
	NumberOfBanks: 1
	MemoryModel: 6
	BankSize: 0
	NumberOfImages: 1
	RedMaskSize: 8
	RedFieldPosition: 16
	GreenMaskSize: 8
	GreenFieldPosition: 8
	BlueMaskSize: 8
	BlueFieldPosition: 0
	RsvdMaskSize: 8
	RsvdFieldPosition: 24
	DirectColorModeInfo: 0
	PhysBasePtr: 0xf3000000
	LinBytesPerScanLine: 5120
	BnkNumberOfImagePages: 1
	LinNumberOfImagePages: 1
	LinRedMaskSize: 8
	LinRedFieldPosition: 16
	LinGreenMaskSize: 8
	LinGreenFieldPosition: 8
	LinBlueMaskSize: 8
	LinBlueFieldPosition: 0
	LinRsvdMaskSize: 8
	LinRsvdFieldPosition: 24
	MaxPixelClock: 229500000
Mode: 162 (768x480)
	ModeAttributes: 0x3bf
	WinAAttributes: 0x7
	WinBAttributes: 0x0
	WinGranularity: 64
	WinSize: 64
	WinASegment: 0xa000
	WinBSegment: 0x0
	WinFuncPtr: 0xc0008720
	BytesPerScanline: 768
	XResolution: 768
	YResolution: 480
	XCharSize: 8
	YCharSize: 16
	NumberOfPlanes: 1
	BitsPerPixel: 8
	NumberOfBanks: 1
	MemoryModel: 4
	BankSize: 0
	NumberOfImages: 8
	RedMaskSize: 0
	RedFieldPosition: 0
	GreenMaskSize: 0
	GreenFieldPosition: 0
	BlueMaskSize: 0
	BlueFieldPosition: 0
	RsvdMaskSize: 0
	RsvdFieldPosition: 0
	DirectColorModeInfo: 0
	PhysBasePtr: 0xf3000000
	LinBytesPerScanLine: 768
	BnkNumberOfImagePages: 8
	LinNumberOfImagePages: 8
	LinRedMaskSize: 0
	LinRedFieldPosition: 0
	LinGreenMaskSize: 0
	LinGreenFieldPosition: 0
	LinBlueMaskSize: 0
	LinBlueFieldPosition: 0
	LinRsvdMaskSize: 0
	LinRsvdFieldPosition: 0
	MaxPixelClock: 229500000
*Mode: 17b (1280x720)
	ModeAttributes: 0x3bf
	WinAAttributes: 0x7
	WinBAttributes: 0x0
	WinGranularity: 64
	WinSize: 64
	WinASegment: 0xa000
	WinBSegment: 0x0
	WinFuncPtr: 0xc0008720
	BytesPerScanline: 5120
	XResolution: 1280
	YResolution: 720
	XCharSize: 8
	YCharSize: 16
	NumberOfPlanes: 1
	BitsPerPixel: 32
	NumberOfBanks: 1
	MemoryModel: 6
	BankSize: 0
	NumberOfImages: 1
	RedMaskSize: 8
	RedFieldPosition: 16
	GreenMaskSize: 8
	GreenFieldPosition: 8
	BlueMaskSize: 8
	BlueFieldPosition: 0
	RsvdMaskSize: 8
	RsvdFieldPosition: 24
	DirectColorModeInfo: 0
	PhysBasePtr: 0xf3000000
	LinBytesPerScanLine: 5120
	BnkNumberOfImagePages: 1
	LinNumberOfImagePages: 1
	LinRedMaskSize: 8
	LinRedFieldPosition: 16
	LinGreenMaskSize: 8
	LinGreenFieldPosition: 8
	LinBlueMaskSize: 8
	LinBlueFieldPosition: 0
	LinRsvdMaskSize: 8
	LinRsvdFieldPosition: 24
	MaxPixelClock: 229500000

(II) VESA(0): Total Memory: 224 64KB banks (14336kB)
(II) VESA(0): Configured Monitor: Using default hsync range of 31.50-37.90 kHz
(II) VESA(0): Configured Monitor: Using default vrefresh range of 50.00-70.00 Hz
(WW) VESA(0): Unable to estimate virtual size
(II) VESA(0): Not using built-in mode "1280x1024" (no mode of this name)
(II) VESA(0): Not using built-in mode "1280x800" (no mode of this name)
(II) VESA(0): Not using built-in mode "1280x720" (no mode of this name)
(II) VESA(0): Not using built-in mode "1024x768" (no mode of this name)
(II) VESA(0): Not using built-in mode "800x600" (no mode of this name)
(II) VESA(0): Not using built-in mode "640x480" (no mode of this name)
(II) VESA(0): Not using built-in mode "640x400" (no mode of this name)
(II) VESA(0): Not using built-in mode "320x400" (no mode of this name)
(II) VESA(0): Not using built-in mode "320x240" (no mode of this name)
(II) VESA(0): Not using built-in mode "320x200" (no mode of this name)
(WW) VESA(0): No valid modes left. Trying less strict filter...
(II) VESA(0): Configured Monitor: Using hsync range of 31.50-37.90 kHz
(II) VESA(0): Configured Monitor: Using vrefresh range of 50.00-70.00 Hz
(WW) VESA(0): Unable to estimate virtual size
(II) VESA(0): Not using built-in mode "1280x1024" (hsync out of range)
(II) VESA(0): Not using built-in mode "1280x800" (hsync out of range)
(II) VESA(0): Not using built-in mode "1024x768" (hsync out of range)
(II) VESA(0): Not using built-in mode "640x400" (hsync out of range)
(II) VESA(0): Not using built-in mode "320x400" (hsync out of range)
(II) VESA(0): Not using built-in mode "320x240" (illegal horizontal timings)
(II) VESA(0): Not using built-in mode "320x200" (illegal horizontal timings)
(--) VESA(0): Virtual size is 1280x720 (pitch 1280)
(**) VESA(0): *Built-in mode "1280x720"
(**) VESA(0): *Built-in mode "800x600"
(**) VESA(0): *Built-in mode "640x480"
(==) VESA(0): DPI set to (96, 96)
(II) VESA(0): Attempting to use 60Hz refresh for mode "800x600" (115)
(II) VESA(0): Attempting to use 60Hz refresh for mode "640x480" (112)
(**) VESA(0): Using "Shadow Framebuffer"
(II) Loading sub module "shadow"
(II) LoadModule: "shadow"
(II) Loading /usr/lib/xorg/modules/libshadow.so
(II) Module shadow: vendor="X.Org Foundation"
	compiled for 1.7.6, module version = 1.1.0
	ABI class: X.Org ANSI C Emulation, version 0.4
(II) Loading sub module "fb"
(II) LoadModule: "fb"
(II) Loading /usr/lib/xorg/modules/libfb.so
(II) Module fb: vendor="X.Org Foundation"
	compiled for 1.7.6, module version = 1.0.0
	ABI class: X.Org ANSI C Emulation, version 0.4
(==) Depth 24 pixmap format is 32 bpp
(II) Loading sub module "int10"
(II) LoadModule: "int10"
(II) Reloading /usr/lib/xorg/modules/libint10.so
(II) VESA(0): initializing int10
(II) VESA(0): Primary V_BIOS segment is: 0xc000
(II) VESA(0): VESA BIOS detected
(II) VESA(0): VESA VBE Version 3.0
(II) VESA(0): VESA VBE Total Mem: 14336 kB
(II) VESA(0): VESA VBE OEM: NVIDIA
(II) VESA(0): VESA VBE OEM Software Rev: 98.0
(II) VESA(0): VESA VBE OEM Vendor: NVIDIA Corporation
(II) VESA(0): VESA VBE OEM Product: GT200 Board - 08910052
(II) VESA(0): VESA VBE OEM Product Rev: Chip Rev   
(II) VESA(0): virtual address = 0x7f3f009fa000,
	physical address = 0xf3000000, size = 14680064
(II) VESA(0): Setting up VESA Mode 0x17B (1280x720)
(==) VESA(0): Default visual is TrueColor
(==) VESA(0): Backing store disabled
(==) VESA(0): DPMS enabled
(==) RandR enabled
(II) Initializing built-in extension Generic Event Extension
(II) Initializing built-in extension SHAPE
(II) Initializing built-in extension MIT-SHM
(II) Initializing built-in extension XInputExtension
(II) Initializing built-in extension XTEST
(II) Initializing built-in extension BIG-REQUESTS
(II) Initializing built-in extension SYNC
(II) Initializing built-in extension XKEYBOARD
(II) Initializing built-in extension XC-MISC
(II) Initializing built-in extension SECURITY
(II) Initializing built-in extension XINERAMA
(II) Initializing built-in extension XFIXES
(II) Initializing built-in extension RENDER
(II) Initializing built-in extension RANDR
(II) Initializing built-in extension COMPOSITE
(II) Initializing built-in extension DAMAGE
(EE) Failed to initialize GLX extension (Compatible NVIDIA X driver not found)
(II) XKB: reuse xkmfile /var/lib/xkb/server-B20D7FC79C7F597315E3E501AEF10E0D866E8E92.xkm
(II) config/udev: Adding input device Power Button (/dev/input/event1)
(**) Power Button: Applying InputClass "evdev keyboard catchall"
(II) LoadModule: "evdev"
(II) Loading /usr/lib/xorg/modules/input/evdev_drv.so
(II) Module evdev: vendor="X.Org Foundation"
	compiled for 1.7.6, module version = 2.3.2
	Module class: X.Org XInput Driver
	ABI class: X.Org XInput driver, version 7.0
(**) Power Button: always reports core events
(**) Power Button: Device: "/dev/input/event1"
(II) Power Button: Found keys
(II) Power Button: Configuring as keyboard
(II) XINPUT: Adding extended input device "Power Button" (type: KEYBOARD)
(**) Option "xkb_rules" "evdev"
(**) Option "xkb_model" "pc105"
(**) Option "xkb_layout" "us"
(II) config/udev: Adding input device Power Button (/dev/input/event0)
(**) Power Button: Applying InputClass "evdev keyboard catchall"
(**) Power Button: always reports core events
(**) Power Button: Device: "/dev/input/event0"
(II) Power Button: Found keys
(II) Power Button: Configuring as keyboard
(II) XINPUT: Adding extended input device "Power Button" (type: KEYBOARD)
(**) Option "xkb_rules" "evdev"
(**) Option "xkb_model" "pc105"
(**) Option "xkb_layout" "us"
(II) config/udev: Adding input device Logitech G9 Laser Mouse (/dev/input/event3)
(**) Logitech G9 Laser Mouse: Applying InputClass "evdev pointer catchall"
(**) Logitech G9 Laser Mouse: always reports core events
(**) Logitech G9 Laser Mouse: Device: "/dev/input/event3"
(II) Logitech G9 Laser Mouse: Found 20 mouse buttons
(II) Logitech G9 Laser Mouse: Found scroll wheel(s)
(II) Logitech G9 Laser Mouse: Found relative axes
(II) Logitech G9 Laser Mouse: Found x and y relative axes
(II) Logitech G9 Laser Mouse: Configuring as mouse
(**) Logitech G9 Laser Mouse: YAxisMapping: buttons 4 and 5
(**) Logitech G9 Laser Mouse: EmulateWheelButton: 4, EmulateWheelInertia: 10, EmulateWheelTimeout: 200
(II) XINPUT: Adding extended input device "Logitech G9 Laser Mouse" (type: MOUSE)
(II) Logitech G9 Laser Mouse: initialized for relative axes.
(II) config/udev: Adding input device Logitech G9 Laser Mouse (/dev/input/mouse1)
(II) No input driver/identifier specified (ignoring)
(II) config/udev: Adding input device Logitech G9 Laser Mouse (/dev/input/event4)
(**) Logitech G9 Laser Mouse: Applying InputClass "evdev keyboard catchall"
(**) Logitech G9 Laser Mouse: always reports core events
(**) Logitech G9 Laser Mouse: Device: "/dev/input/event4"
(II) Logitech G9 Laser Mouse: Found 1 mouse buttons
(II) Logitech G9 Laser Mouse: Found scroll wheel(s)
(II) Logitech G9 Laser Mouse: Found relative axes
(II) Logitech G9 Laser Mouse: Found absolute axes
(II) Logitech G9 Laser Mouse: Found keys
(II) Logitech G9 Laser Mouse: Configuring as mouse
(II) Logitech G9 Laser Mouse: Configuring as keyboard
(**) Logitech G9 Laser Mouse: YAxisMapping: buttons 4 and 5
(**) Logitech G9 Laser Mouse: EmulateWheelButton: 4, EmulateWheelInertia: 10, EmulateWheelTimeout: 200
(II) XINPUT: Adding extended input device "Logitech G9 Laser Mouse" (type: KEYBOARD)
(**) Option "xkb_rules" "evdev"
(**) Option "xkb_model" "pc105"
(**) Option "xkb_layout" "us"
(EE) Logitech G9 Laser Mouse: failed to initialize for relative axes.
(II) Logitech G9 Laser Mouse: initialized for absolute axes.
(II) config/udev: Adding input device G15 Gaming Keyboard (/dev/input/event5)
(**) G15 Gaming Keyboard: Applying InputClass "evdev keyboard catchall"
(**) G15 Gaming Keyboard: always reports core events
(**) G15 Gaming Keyboard: Device: "/dev/input/event5"
(II) G15 Gaming Keyboard: Found keys
(II) G15 Gaming Keyboard: Configuring as keyboard
(II) XINPUT: Adding extended input device "G15 Gaming Keyboard" (type: KEYBOARD)
(**) Option "xkb_rules" "evdev"
(**) Option "xkb_model" "pc105"
(**) Option "xkb_layout" "us"
(II) config/udev: Adding input device G15 Gaming Keyboard (/dev/input/event6)
(**) G15 Gaming Keyboard: Applying InputClass "evdev keyboard catchall"
(**) G15 Gaming Keyboard: always reports core events
(**) G15 Gaming Keyboard: Device: "/dev/input/event6"
(II) G15 Gaming Keyboard: Found keys
(II) G15 Gaming Keyboard: Configuring as keyboard
(II) XINPUT: Adding extended input device "G15 Gaming Keyboard" (type: KEYBOARD)
(**) Option "xkb_rules" "evdev"
(**) Option "xkb_model" "pc105"
(**) Option "xkb_layout" "us"
(II) config/udev: Adding input device G15 GamePanel LCD (/dev/input/event7)
(**) G15 GamePanel LCD: Applying InputClass "evdev keyboard catchall"
(**) G15 GamePanel LCD: always reports core events
(**) G15 GamePanel LCD: Device: "/dev/input/event7"
(II) G15 GamePanel LCD: Found keys
(II) G15 GamePanel LCD: Configuring as keyboard
(II) XINPUT: Adding extended input device "G15 GamePanel LCD" (type: KEYBOARD)
(**) Option "xkb_rules" "evdev"
(**) Option "xkb_model" "pc105"
(**) Option "xkb_layout" "us"
(II) config/udev: Adding input device Wacom Graphire2 4x5 (/dev/input/event8)
(**) Wacom Graphire2 4x5: Applying InputClass "evdev tablet catchall"
(**) Wacom Graphire2 4x5: Applying InputClass "Wacom class"
(II) LoadModule: "wacom"
(II) Loading /usr/lib/xorg/modules/input/wacom_drv.so
(II) Module wacom: vendor="X.Org Foundation"
	compiled for 1.7.6, module version = 0.10.5
	Module class: X.Org XInput Driver
	ABI class: X.Org XInput driver, version 7.0
(**) Option "Device" "/dev/input/event8"
(II) Wacom Graphire2 4x5: type not specified, assuming 'stylus'.
(II) Wacom Graphire2 4x5: other types will be automatically added.
(**) Wacom Graphire2 4x5: always reports core events
(II) Wacom Graphire2 4x5: hotplugging dependent devices.
(**) Option "Device" "/dev/input/event8"
(**) Wacom Graphire2 4x5 eraser: always reports core events
(II) XINPUT: Adding extended input device "Wacom Graphire2 4x5 eraser" (type: ERASER)
(--) Wacom Graphire2 4x5 eraser: using pressure threshold of 30 for button 1
(--) Wacom Graphire2 4x5 eraser: Wacom USB Graphire2 tablet speed=38400 maxX=10206 maxY=7422 maxZ=511 resX=2032 resY=2032  tilt=disabled
(--) Wacom Graphire2 4x5 eraser: top X=0 top Y=0 bottom X=10206 bottom Y=7422 resol X=2032 resol Y=2032
(**) Option "Device" "/dev/input/event8"
(**) Wacom Graphire2 4x5 cursor: always reports core events
(II) XINPUT: Adding extended input device "Wacom Graphire2 4x5 cursor" (type: CURSOR)
(--) Wacom Graphire2 4x5 cursor: top X=0 top Y=0 bottom X=10206 bottom Y=7422 resol X=2032 resol Y=2032
(II) Wacom Graphire2 4x5: hotplugging completed.
(II) XINPUT: Adding extended input device "Wacom Graphire2 4x5" (type: STYLUS)
(--) Wacom Graphire2 4x5: top X=0 top Y=0 bottom X=10206 bottom Y=7422 resol X=2032 resol Y=2032
(II) config/udev: Adding input device Wacom Graphire2 4x5 (/dev/input/mouse2)
(II) No input driver/identifier specified (ignoring)
(II) config/udev: Adding input device HDA Digital PCBeep (/dev/input/event9)
(II) No input driver/identifier specified (ignoring)
(II) config/udev: Adding input device Macintosh mouse button emulation (/dev/input/event2)
(**) Macintosh mouse button emulation: Applying InputClass "evdev pointer catchall"
(**) Macintosh mouse button emulation: always reports core events
(**) Macintosh mouse button emulation: Device: "/dev/input/event2"
(II) Macintosh mouse button emulation: Found 3 mouse buttons
(II) Macintosh mouse button emulation: Found relative axes
(II) Macintosh mouse button emulation: Found x and y relative axes
(II) Macintosh mouse button emulation: Configuring as mouse
(**) Macintosh mouse button emulation: YAxisMapping: buttons 4 and 5
(**) Macintosh mouse button emulation: EmulateWheelButton: 4, EmulateWheelInertia: 10, EmulateWheelTimeout: 200
(II) XINPUT: Adding extended input device "Macintosh mouse button emulation" (type: MOUSE)
(II) Macintosh mouse button emulation: initialized for relative axes.
(II) config/udev: Adding input device Macintosh mouse button emulation (/dev/input/mouse0)
(II) No input driver/identifier specified (ignoring)
(II) Open ACPI successful (/var/run/acpid.socket)
(II) VESA(0): Setting up VESA Mode 0x17B (1280x720)
(--) Wacom Graphire2 4x5: Wacom USB Graphire2 tablet speed=38400 maxX=10206 maxY=7422 maxZ=511 resX=2032 resY=2032  tilt=disabled
(--) Wacom Graphire2 4x5: top X=0 top Y=0 bottom X=10206 bottom Y=7422 resol X=2032 resol Y=2032
(--) Wacom Graphire2 4x5 eraser: top X=0 top Y=0 bottom X=10206 bottom Y=7422 resol X=2032 resol Y=2032
(--) Wacom Graphire2 4x5 cursor: top X=0 top Y=0 bottom X=10206 bottom Y=7422 resol X=2032 resol Y=2032
(II) Power Button: Device reopened after 1 attempts.
(II) Power Button: Device reopened after 1 attempts.
(II) Logitech G9 Laser Mouse: Device reopened after 1 attempts.
(II) Logitech G9 Laser Mouse: Device reopened after 1 attempts.
(II) G15 Gaming Keyboard: Device reopened after 1 attempts.
(II) G15 Gaming Keyboard: Device reopened after 1 attempts.
(II) G15 GamePanel LCD: Device reopened after 1 attempts.
(II) Macintosh mouse button emulation: Device reopened after 1 attempts.
(II) Power Button: Close
(II) UnloadModule: "evdev"
(II) Power Button: Close
(II) UnloadModule: "evdev"
(II) Logitech G9 Laser Mouse: Close
(II) UnloadModule: "evdev"
(II) Logitech G9 Laser Mouse: Close
(II) UnloadModule: "evdev"
(II) G15 Gaming Keyboard: Close
(II) UnloadModule: "evdev"
(II) G15 Gaming Keyboard: Close
(II) UnloadModule: "evdev"
(II) G15 GamePanel LCD: Close
(II) UnloadModule: "evdev"
(II) Wacom Graphire2 4x5: removing automatically added devices.
(II) Wacom Graphire2 4x5: removing dependent device 'Wacom Graphire2 4x5 cursor'
(II) UnloadModule: "wacom"
(II) Wacom Graphire2 4x5: removing dependent device 'Wacom Graphire2 4x5 eraser'
(II) UnloadModule: "wacom"
(II) UnloadModule: "wacom"
(II) Macintosh mouse button emulation: Close
(II) UnloadModule: "evdev"
 ddxSigGiveUp: Closing log

```

```


X.Org X Server 1.7.6
Release Date: 2010-03-17
X Protocol Version 11, Revision 0
Build Operating System: Linux 2.6.24-27-server x86_64 Ubuntu
Current Operating System: Linux nibbler 2.6.32-24-generic #42-Ubuntu SMP Fri Aug 20 14:21:58 UTC 2010 x86_64
Kernel command line: BOOT_IMAGE=/vmlinuz-2.6.32-24-generic root=UUID=e15884e7-299b-44f5-999c-168bc3a9c184 ro quiet splash
Build Date: 21 July 2010  01:03:39PM
xorg-server 2:1.7.6-2ubuntu7.3 (For technical support please see http://www.ubuntu.com/support) 
Current version of pixman: 0.16.4
	Before reporting problems, check http://wiki.x.org
	to make sure that you have the latest version.
Markers: (--) probed, (**) from config file, (==) default setting,
	(++) from command line, (!!) notice, (II) informational,
	(WW) warning, (EE) error, (NI) not implemented, (??) unknown.
(==) Log file: "/var/log/Xorg.99.log", Time: Wed Sep  1 18:14:39 2010
(II) Loader magic: 0x7ca300
(II) Module ABI versions:
	X.Org ANSI C Emulation: 0.4
	X.Org Video Driver: 6.0
	X.Org XInput driver : 7.0
	X.Org Server Extension : 2.0
(--) using VT number 8

(--) PCI:*(0:3:0:0) 10de:05e3:10de:065b nVidia Corporation GT200b [GeForce GTX 285] rev 161, Mem @ 0xf4000000/16777216, 0xc0000000/268435456, 0xf2000000/33554432, I/O @ 0x0000af00/128, BIOS @ 0x????????/524288
(--) PCI: (0:5:0:0) 10de:05e3:10de:065b nVidia Corporation GT200b [GeForce GTX 285] rev 161, Mem @ 0xf8000000/16777216, 0xd0000000/268435456, 0xf6000000/33554432, I/O @ 0x00009f00/128, BIOS @ 0x????????/524288
List of video drivers:
	nouveau
	s3
	sis
	radeon
	tdfx
	voodoo
	v4l
	tseng
	r128
	nvidia
	siliconmotion
	mach64
	chips
	sisusb
	cirrus
	neomagic
	rendition
	mga
	nv
	savage
	s3virge
	intel
	openchrome
	trident
	vmware
	i128
	ati
	ark
	apm
	fbdev
	vesa
(II) LoadModule: "nouveau"
(II) Loading /usr/lib/xorg/modules/drivers/nouveau_drv.so
(II) Module nouveau: vendor="X.Org Foundation"
	compiled for 1.7.6, module version = 0.0.15
	Module class: X.Org Video Driver
	ABI class: X.Org Video Driver, version 6.0
(II) LoadModule: "s3"
(II) Loading /usr/lib/xorg/modules/drivers/s3_drv.so
(II) Module s3: vendor="X.Org Foundation"
	compiled for 1.7.2, module version = 0.6.3
	Module class: X.Org Video Driver
	ABI class: X.Org Video Driver, version 6.0
(II) LoadModule: "sis"
(II) Loading /usr/lib/xorg/modules/drivers/sis_drv.so
(II) Module sis: vendor="X.Org Foundation"
	compiled for 1.7.6, module version = 0.10.2
	Module class: X.Org Video Driver
	ABI class: X.Org Video Driver, version 6.0
(II) LoadModule: "radeon"
(II) Loading /usr/lib/xorg/modules/drivers/radeon_drv.so
(II) Module radeon: vendor="X.Org Foundation"
	compiled for 1.7.6, module version = 6.13.0
	Module class: X.Org Video Driver
	ABI class: X.Org Video Driver, version 6.0
(II) LoadModule: "tdfx"
(II) Loading /usr/lib/xorg/modules/drivers/tdfx_drv.so
(II) Module tdfx: vendor="X.Org Foundation"
	compiled for 1.7.2, module version = 1.4.3
	Module class: X.Org Video Driver
	ABI class: X.Org Video Driver, version 6.0
(II) LoadModule: "voodoo"
(II) Loading /usr/lib/xorg/modules/drivers/voodoo_drv.so
(II) Module voodoo: vendor="X.Org Foundation"
	compiled for 1.7.2, module version = 1.1.0
	Module class: X.Org Video Driver
	ABI class: X.Org Video Driver, version 6.0
(II) LoadModule: "v4l"
(II) Loading /usr/lib/xorg/modules/drivers/v4l_drv.so
(II) Module v4l: vendor="X.Org Foundation"
	compiled for 1.7.2, module version = 0.1.1
	ABI class: X.Org Video Driver, version 6.0
(II) LoadModule: "tseng"
(II) Loading /usr/lib/xorg/modules/drivers/tseng_drv.so
(II) Module tseng: vendor="X.Org Foundation"
	compiled for 1.7.2, module version = 1.1.0
	Module class: X.Org Video Driver
	ABI class: X.Org Video Driver, version 6.0
(II) LoadModule: "r128"
(II) Loading /usr/lib/xorg/modules/drivers/r128_drv.so
(II) Module r128: vendor="X.Org Foundation"
	compiled for 1.7.6, module version = 6.8.1
	Module class: X.Org Video Driver
	ABI class: X.Org Video Driver, version 6.0
(II) LoadModule: "nvidia"
(II) Loading /usr/lib/xorg/modules/drivers/nvidia_drv.so
(II) Module nvidia: vendor="NVIDIA Corporation"
	compiled for 4.0.2, module version = 1.0.0
	Module class: X.Org Video Driver
(II) LoadModule: "siliconmotion"
(II) Loading /usr/lib/xorg/modules/drivers/siliconmotion_drv.so
(II) Module siliconmotion: vendor="X.Org Foundation"
	compiled for 1.7.2, module version = 1.7.3
	Module class: X.Org Video Driver
	ABI class: X.Org Video Driver, version 6.0
(II) LoadModule: "mach64"
(II) Loading /usr/lib/xorg/modules/drivers/mach64_drv.so
(II) Module mach64: vendor="X.Org Foundation"
	compiled for 1.7.2, module version = 6.8.2
	Module class: X.Org Video Driver
	ABI class: X.Org Video Driver, version 6.0
(II) LoadModule: "chips"
(II) Loading /usr/lib/xorg/modules/drivers/chips_drv.so
(II) Module chips: vendor="X.Org Foundation"
	compiled for 1.7.2, module version = 1.2.2
	Module class: X.Org Video Driver
	ABI class: X.Org Video Driver, version 6.0
(II) LoadModule: "sisusb"
(II) Loading /usr/lib/xorg/modules/drivers/sisusb_drv.so
(II) Module sisusb: vendor="X.Org Foundation"
	compiled for 1.7.2, module version = 0.9.3
	Module class: X.Org Video Driver
	ABI class: X.Org Video Driver, version 6.0
(II) LoadModule: "cirrus"
(II) Loading /usr/lib/xorg/modules/drivers/cirrus_drv.so
(II) Module cirrus: vendor="X.Org Foundation"
	compiled for 1.7.2, module version = 1.3.2
	Module class: X.Org Video Driver
	ABI class: X.Org Video Driver, version 6.0
(II) LoadModule: "neomagic"
(II) Loading /usr/lib/xorg/modules/drivers/neomagic_drv.so
(II) Module neomagic: vendor="X.Org Foundation"
	compiled for 1.7.5, module version = 1.2.4
	Module class: X.Org Video Driver
	ABI class: X.Org Video Driver, version 6.0
(II) LoadModule: "rendition"
(II) Loading /usr/lib/xorg/modules/drivers/rendition_drv.so
(II) Module rendition: vendor="X.Org Foundation"
	compiled for 1.7.2, module version = 4.2.3
	Module class: X.Org Video Driver
	ABI class: X.Org Video Driver, version 6.0
(II) LoadModule: "mga"
(II) Loading /usr/lib/xorg/modules/drivers/mga_drv.so
(II) Module mga: vendor="X.Org Foundation"
	compiled for 1.7.6, module version = 1.4.11
	Module class: X.Org Video Driver
	ABI class: X.Org Video Driver, version 6.0
(II) LoadModule: "nv"
(II) Loading /usr/lib/xorg/modules/drivers/nv_drv.so
(II) Module nv: vendor="X.Org Foundation"
	compiled for 1.7.3.901, module version = 2.1.15
	Module class: X.Org Video Driver
	ABI class: X.Org Video Driver, version 6.0
(II) LoadModule: "savage"
(II) Loading /usr/lib/xorg/modules/drivers/savage_drv.so
(II) Module savage: vendor="X.Org Foundation"
	compiled for 1.7.2, module version = 2.3.1
	Module class: X.Org Video Driver
	ABI class: X.Org Video Driver, version 6.0
(II) LoadModule: "s3virge"
(II) Loading /usr/lib/xorg/modules/drivers/s3virge_drv.so
(II) Module s3virge: vendor="X.Org Foundation"
	compiled for 1.7.2, module version = 1.10.4
	Module class: X.Org Video Driver
	ABI class: X.Org Video Driver, version 6.0
(II) LoadModule: "intel"
(II) Loading /usr/lib/xorg/modules/drivers/intel_drv.so
(II) Module intel: vendor="X.Org Foundation"
	compiled for 1.7.6, module version = 2.9.1
	Module class: X.Org Video Driver
	ABI class: X.Org Video Driver, version 6.0
(II) LoadModule: "openchrome"
(II) Loading /usr/lib/xorg/modules/drivers/openchrome_drv.so
(II) Module openchrome: vendor="http://openchrome.org/"
	compiled for 1.7.5, module version = 0.2.904
	Module class: X.Org Video Driver
	ABI class: X.Org Video Driver, version 6.0
(II) LoadModule: "trident"
(II) Loading /usr/lib/xorg/modules/drivers/trident_drv.so
(II) Module trident: vendor="X.Org Foundation"
	compiled for 1.7.2, module version = 1.3.3
	Module class: X.Org Video Driver
	ABI class: X.Org Video Driver, version 6.0
(II) LoadModule: "vmware"
(II) Loading /usr/lib/xorg/modules/drivers/vmware_drv.so
(II) Module vmware: vendor="X.Org Foundation"
	compiled for 1.7.5, module version = 10.16.9
	Module class: X.Org Video Driver
	ABI class: X.Org Video Driver, version 6.0
(II) LoadModule: "i128"
(II) Loading /usr/lib/xorg/modules/drivers/i128_drv.so
(II) Module i128: vendor="X.Org Foundation"
	compiled for 1.7.2, module version = 1.3.3
	Module class: X.Org Video Driver
	ABI class: X.Org Video Driver, version 6.0
(II) LoadModule: "ati"
(II) Loading /usr/lib/xorg/modules/drivers/ati_drv.so
(II) Module ati: vendor="X.Org Foundation"
	compiled for 1.7.6, module version = 6.13.0
	Module class: X.Org Video Driver
	ABI class: X.Org Video Driver, version 6.0
(II) LoadModule: "ark"
(II) Loading /usr/lib/xorg/modules/drivers/ark_drv.so
(II) Module ark: vendor="X.Org Foundation"
	compiled for 1.7.2, module version = 0.7.2
	Module class: X.Org Video Driver
	ABI class: X.Org Video Driver, version 6.0
(II) LoadModule: "apm"
(II) Loading /usr/lib/xorg/modules/drivers/apm_drv.so
(II) Module apm: vendor="X.Org Foundation"
	compiled for 1.7.2, module version = 1.2.2
	Module class: X.Org Video Driver
	ABI class: X.Org Video Driver, version 6.0
(II) LoadModule: "fbdev"
(II) Loading /usr/lib/xorg/modules/drivers/fbdev_drv.so
(II) Module fbdev: vendor="X.Org Foundation"
	compiled for 1.7.6, module version = 0.4.1
	ABI class: X.Org Video Driver, version 6.0
(II) LoadModule: "vesa"
(II) Loading /usr/lib/xorg/modules/drivers/vesa_drv.so
(II) Module vesa: vendor="X.Org Foundation"
	compiled for 1.7.6, module version = 2.3.0
	Module class: X.Org Video Driver
	ABI class: X.Org Video Driver, version 6.0
(II) Primary Device is: PCI 03@00:00:0
(II) NOUVEAU driver Date:   Wed Feb 10 18:43:39 2010 +0100
(II) NOUVEAU driver for NVIDIA chipset families :
	RIVA TNT    (NV04)
	RIVA TNT2   (NV05)
	GeForce 256 (NV10)
	GeForce 2   (NV11, NV15)
	GeForce 4MX (NV17, NV18)
	GeForce 3   (NV20)
	GeForce 4Ti (NV25, NV28)
	GeForce FX  (NV3x)
	GeForce 6   (NV4x)
	GeForce 7   (G7x)
	GeForce 8   (G8x)
(WW) Falling back to old probe method for s3
(WW) Falling back to old probe method for sis
(WW) Falling back to old probe method for voodoo
(WW) Falling back to old probe method for v4l
(II) v4l driver for Video4Linux
(WW) Falling back to old probe method for tseng
(II) NVIDIA dlloader X Driver  256.53  Fri Aug 27 20:29:45 PDT 2010
(II) NVIDIA Unified Driver for all Supported NVIDIA GPUs
(WW) Falling back to old probe method for siliconmotion
(WW) Falling back to old probe method for sisusb
(WW) Falling back to old probe method for cirrus
(II) Loading sub module "cirrus_laguna"
(II) LoadModule: "cirrus_laguna"
(II) Loading /usr/lib/xorg/modules/drivers/cirrus_laguna.so
(II) Module cirrus_laguna: vendor="X.Org Foundation"
	compiled for 1.7.2, module version = 1.0.0
	ABI class: X.Org Video Driver, version 6.0
(II) Loading sub module "cirrus_alpine"
(II) LoadModule: "cirrus_alpine"
(II) Loading /usr/lib/xorg/modules/drivers/cirrus_alpine.so
(II) Module cirrus_alpine: vendor="X.Org Foundation"
	compiled for 1.7.2, module version = 1.0.0
	ABI class: X.Org Video Driver, version 6.0
(WW) Falling back to old probe method for neomagic
(II) NOUVEAU driver Date:   Wed Feb 10 18:43:39 2010 +0100
(II) NOUVEAU driver for NVIDIA chipset families :
	RIVA TNT    (NV04)
	RIVA TNT2   (NV05)
	GeForce 256 (NV10)
	GeForce 2   (NV11, NV15)
	GeForce 4MX (NV17, NV18)
	GeForce 3   (NV20)
	GeForce 4Ti (NV25, NV28)
	GeForce FX  (NV3x)
	GeForce 6   (NV4x)
	GeForce 7   (G7x)
	GeForce 8   (G8x)
(WW) Falling back to old probe method for s3virge
(WW) Falling back to old probe method for trident
(WW) Falling back to old probe method for i128
(WW) Falling back to old probe method for ark
(WW) Falling back to old probe method for apm
(II) FBDEV: driver for framebuffer: fbdev
(II) VESA: driver for VESA chipsets: vesa
(++) Using config file: "/xorg.conf.new"
(==) Using config directory: "/usr/lib/X11/xorg.conf.d"
(==) ServerLayout "X.org Configured"
(**) |-->Screen "Screen0" (0)
(**) |   |-->Monitor "Monitor0"
(**) |   |-->Device "Card0"
(**) |-->Screen "Screen1" (1)
(**) |   |-->Monitor "Monitor1"
(**) |   |-->Device "Card1"
(**) |-->Input Device "Mouse0"
(**) |-->Input Device "Keyboard0"
(==) Automatically adding devices
(==) Automatically enabling devices
(WW) The directory "/usr/share/fonts/X11/cyrillic" does not exist.
	Entry deleted from font path.
(WW) The directory "/usr/share/fonts/X11/cyrillic" does not exist.
	Entry deleted from font path.
(**) FontPath set to:
	/usr/share/fonts/X11/misc,
	/usr/share/fonts/X11/100dpi/:unscaled,
	/usr/share/fonts/X11/75dpi/:unscaled,
	/usr/share/fonts/X11/Type1,
	/usr/share/fonts/X11/100dpi,
	/usr/share/fonts/X11/75dpi,
	/var/lib/defoma/x-ttcidfont-conf.d/dirs/TrueType,
	built-ins,
	/usr/share/fonts/X11/misc,
	/usr/share/fonts/X11/100dpi/:unscaled,
	/usr/share/fonts/X11/75dpi/:unscaled,
	/usr/share/fonts/X11/Type1,
	/usr/share/fonts/X11/100dpi,
	/usr/share/fonts/X11/75dpi,
	/var/lib/defoma/x-ttcidfont-conf.d/dirs/TrueType,
	built-ins
(**) ModulePath set to "/usr/lib/xorg/modules"
(WW) AllowEmptyInput is on, devices using drivers 'kbd', 'mouse' or 'vmmouse' will be disabled.
(WW) Disabling Mouse0
(WW) Disabling Keyboard0
(EE) [drm] No DRICreatePCIBusID symbol
(EE) [drm] No DRICreatePCIBusID symbol
Number of created screens does not match number of detected devices.
  Configuration failed.
 ddxSigGiveUp: Closing log

```

lspci
```

00:00.0 Host bridge: Intel Corporation 5520/5500/X58 I/O Hub to ESI Port (rev 13)
00:01.0 PCI bridge: Intel Corporation 5520/5500/X58 I/O Hub PCI Express Root Port 1 (rev 13)
00:02.0 PCI bridge: Intel Corporation 5520/5500/X58 I/O Hub PCI Express Root Port 2 (rev 13)
00:03.0 PCI bridge: Intel Corporation 5520/5500/X58 I/O Hub PCI Express Root Port 3 (rev 13)
00:05.0 PCI bridge: Intel Corporation 5520/X58 I/O Hub PCI Express Root Port 5 (rev 13)
00:07.0 PCI bridge: Intel Corporation 5520/5500/X58 I/O Hub PCI Express Root Port 7 (rev 13)
00:09.0 PCI bridge: Intel Corporation 5520/5500/X58 I/O Hub PCI Express Root Port 9 (rev 13)
00:10.0 PIC: Intel Corporation 5520/5500/X58 Physical and Link Layer Registers Port 0 (rev 13)
00:10.1 PIC: Intel Corporation 5520/5500/X58 Routing and Protocol Layer Registers Port 0 (rev 13)
00:11.0 PIC: Intel Corporation 5520/5500 Physical and Link Layer Registers Port 1 (rev 13)
00:11.1 PIC: Intel Corporation 5520/5500 Routing & Protocol Layer Register Port 1 (rev 13)
00:13.0 PIC: Intel Corporation 5520/5500/X58 I/O Hub I/OxAPIC Interrupt Controller (rev 13)
00:14.0 PIC: Intel Corporation 5520/5500/X58 I/O Hub System Management Registers (rev 13)
00:14.1 PIC: Intel Corporation 5520/5500/X58 I/O Hub GPIO and Scratch Pad Registers (rev 13)
00:14.2 PIC: Intel Corporation 5520/5500/X58 I/O Hub Control Status and RAS Registers (rev 13)
00:15.0 PIC: Intel Corporation 5520/5500/X58 Trusted Execution Technology Registers (rev 13)
00:1a.0 USB Controller: Intel Corporation 82801JI (ICH10 Family) USB UHCI Controller #4
00:1a.1 USB Controller: Intel Corporation 82801JI (ICH10 Family) USB UHCI Controller #5
00:1a.2 USB Controller: Intel Corporation 82801JI (ICH10 Family) USB UHCI Controller #6
00:1a.7 USB Controller: Intel Corporation 82801JI (ICH10 Family) USB2 EHCI Controller #2
00:1b.0 Audio device: Intel Corporation 82801JI (ICH10 Family) HD Audio Controller
00:1c.0 PCI bridge: Intel Corporation 82801JI (ICH10 Family) PCI Express Root Port 1
00:1c.1 PCI bridge: Intel Corporation 82801JI (ICH10 Family) PCI Express Port 2
00:1c.3 PCI bridge: Intel Corporation 82801JI (ICH10 Family) PCI Express Root Port 4
00:1c.4 PCI bridge: Intel Corporation 82801JI (ICH10 Family) PCI Express Root Port 5
00:1d.0 USB Controller: Intel Corporation 82801JI (ICH10 Family) USB UHCI Controller #1
00:1d.1 USB Controller: Intel Corporation 82801JI (ICH10 Family) USB UHCI Controller #2
00:1d.2 USB Controller: Intel Corporation 82801JI (ICH10 Family) USB UHCI Controller #3
00:1d.7 USB Controller: Intel Corporation 82801JI (ICH10 Family) USB2 EHCI Controller #1
00:1e.0 PCI bridge: Intel Corporation 82801 PCI Bridge (rev 90)
00:1f.0 ISA bridge: Intel Corporation 82801JIR (ICH10R) LPC Interface Controller
00:1f.2 RAID bus controller: Intel Corporation 82801 SATA RAID Controller
00:1f.3 SMBus: Intel Corporation 82801JI (ICH10 Family) SMBus Controller
01:00.0 SATA controller: Device 1b4b:9128 (rev 11)
02:00.0 USB Controller: NEC Corporation Device 0194 (rev 03)
03:00.0 VGA compatible controller: nVidia Corporation GT200b [GeForce GTX 285] (rev a1)
05:00.0 VGA compatible controller: nVidia Corporation GT200b [GeForce GTX 285] (rev a1)
08:00.0 SATA controller: JMicron Technology Corp. JMB362/JMB363 Serial ATA Controller (rev 02)
08:00.1 IDE interface: JMicron Technology Corp. JMB362/JMB363 Serial ATA Controller (rev 02)
09:00.0 SATA controller: JMicron Technology Corp. JMB362/JMB363 Serial ATA Controller (rev 03)
09:00.1 IDE interface: JMicron Technology Corp. JMB362/JMB363 Serial ATA Controller (rev 03)
0a:00.0 Ethernet controller: Realtek Semiconductor Co., Ltd. RTL8111/8168B PCI Express Gigabit Ethernet controller (rev 03)
0b:06.0 FireWire (IEEE 1394): Texas Instruments TSB43AB23 IEEE-1394a-2000 Controller (PHY/Link)

```

lsusb
```

Bus 009 Device 001: ID 1d6b:0003 Linux Foundation 3.0 root hub
Bus 008 Device 001: ID 1d6b:0001 Linux Foundation 1.1 root hub
Bus 007 Device 001: ID 1d6b:0001 Linux Foundation 1.1 root hub
Bus 006 Device 001: ID 1d6b:0001 Linux Foundation 1.1 root hub
Bus 005 Device 002: ID 0a12:0001 Cambridge Silicon Radio, Ltd Bluetooth Dongle (HCI mode)
Bus 005 Device 001: ID 1d6b:0001 Linux Foundation 1.1 root hub
Bus 004 Device 002: ID 056a:0011 Wacom Co., Ltd Graphire 2
Bus 004 Device 001: ID 1d6b:0001 Linux Foundation 1.1 root hub
Bus 003 Device 005: ID 046d:c227 Logitech, Inc. 
Bus 003 Device 004: ID 046d:c226 Logitech, Inc. 
Bus 003 Device 003: ID 046d:c223 Logitech, Inc. G15 Keyboard / USB Hub
Bus 003 Device 002: ID 046d:c048 Logitech, Inc. 
Bus 003 Device 001: ID 1d6b:0001 Linux Foundation 1.1 root hub
Bus 002 Device 002: ID 058f:6362 Alcor Micro Corp. Hi-Speed 21-in-1 Flash Card Reader/Writer (Internal/External)
Bus 002 Device 001: ID 1d6b:0002 Linux Foundation 2.0 root hub
Bus 001 Device 001: ID 1d6b:0002 Linux Foundation 2.0 root hub

```

dmesg
```

[    0.000000] Initializing cgroup subsys cpuset
[    0.000000] Initializing cgroup subsys cpu
[    0.000000] Linux version 2.6.32-24-generic (buildd@crested) (gcc version 4.4.3 (Ubuntu 4.4.3-4ubuntu5) ) #42-Ubuntu SMP Fri Aug 20 14:21:58 UTC 2010 (Ubuntu 2.6.32-24.42-generic 2.6.32.15+drm33.5)
[    0.000000] Command line: BOOT_IMAGE=/vmlinuz-2.6.32-24-generic root=UUID=e15884e7-299b-44f5-999c-168bc3a9c184 ro quiet splash
[    0.000000] KERNEL supported cpus:
[    0.000000]   Intel GenuineIntel
[    0.000000]   AMD AuthenticAMD
[    0.000000]   Centaur CentaurHauls
[    0.000000] BIOS-provided physical RAM map:
[    0.000000]  BIOS-e820: 0000000000000000 - 0000000000095800 (usable)
[    0.000000]  BIOS-e820: 000000000009f800 - 00000000000a0000 (reserved)
[    0.000000]  BIOS-e820: 00000000000f0000 - 0000000000100000 (reserved)
[    0.000000]  BIOS-e820: 0000000000100000 - 00000000bfee0000 (usable)
[    0.000000]  BIOS-e820: 00000000bfee0000 - 00000000bfee2000 (ACPI NVS)
[    0.000000]  BIOS-e820: 00000000bfee2000 - 00000000bfef0000 (ACPI data)
[    0.000000]  BIOS-e820: 00000000bfef0000 - 00000000bff00000 (reserved)
[    0.000000]  BIOS-e820: 00000000ec000000 - 00000000f0000000 (reserved)
[    0.000000]  BIOS-e820: 00000000fec00000 - 0000000100000000 (reserved)
[    0.000000]  BIOS-e820: 0000000100000000 - 00000001c0000000 (usable)
[    0.000000] DMI 2.4 present.
[    0.000000] last_pfn = 0x1c0000 max_arch_pfn = 0x400000000
[    0.000000] MTRR default type: uncachable
[    0.000000] MTRR fixed ranges enabled:
[    0.000000]   00000-9FFFF write-back
[    0.000000]   A0000-BFFFF uncachable
[    0.000000]   C0000-CCFFF write-protect
[    0.000000]   CD000-EFFFF uncachable
[    0.000000]   F0000-FFFFF write-through
[    0.000000] MTRR variable ranges enabled:
[    0.000000]   0 base 000000000 mask F00000000 write-back
[    0.000000]   1 base 0C0000000 mask FC0000000 uncachable
[    0.000000]   2 base 100000000 mask F00000000 write-back
[    0.000000]   3 base 1C0000000 mask FC0000000 uncachable
[    0.000000]   4 disabled
[    0.000000]   5 disabled
[    0.000000]   6 disabled
[    0.000000]   7 disabled
[    0.000000] x86 PAT enabled: cpu 0, old 0x7040600070406, new 0x7010600070106
[    0.000000] e820 update range: 00000000c0000000 - 0000000100000000 (usable) ==> (reserved)
[    0.000000] last_pfn = 0xbfee0 max_arch_pfn = 0x400000000
[    0.000000] e820 update range: 0000000000001000 - 0000000000006000 (usable) ==> (reserved)
[    0.000000] Scanning 1 areas for low memory corruption
[    0.000000] modified physical RAM map:
[    0.000000]  modified: 0000000000000000 - 0000000000001000 (usable)
[    0.000000]  modified: 0000000000001000 - 0000000000006000 (reserved)
[    0.000000]  modified: 0000000000006000 - 0000000000095800 (usable)
[    0.000000]  modified: 000000000009f800 - 00000000000a0000 (reserved)
[    0.000000]  modified: 00000000000f0000 - 0000000000100000 (reserved)
[    0.000000]  modified: 0000000000100000 - 00000000bfee0000 (usable)
[    0.000000]  modified: 00000000bfee0000 - 00000000bfee2000 (ACPI NVS)
[    0.000000]  modified: 00000000bfee2000 - 00000000bfef0000 (ACPI data)
[    0.000000]  modified: 00000000bfef0000 - 00000000bff00000 (reserved)
[    0.000000]  modified: 00000000ec000000 - 00000000f0000000 (reserved)
[    0.000000]  modified: 00000000fec00000 - 0000000100000000 (reserved)
[    0.000000]  modified: 0000000100000000 - 00000001c0000000 (usable)
[    0.000000] initial memory mapped : 0 - 20000000
[    0.000000] init_memory_mapping: 0000000000000000-00000000bfee0000
[    0.000000] NX (Execute Disable) protection: active
[    0.000000]  0000000000 - 00bfe00000 page 2M
[    0.000000]  00bfe00000 - 00bfee0000 page 4k
[    0.000000] kernel direct mapping tables up to bfee0000 @ 8000-d000
[    0.000000] init_memory_mapping: 0000000100000000-00000001c0000000
[    0.000000] NX (Execute Disable) protection: active
[    0.000000]  0100000000 - 01c0000000 page 2M
[    0.000000] kernel direct mapping tables up to 1c0000000 @ b000-13000
[    0.000000] RAMDISK: 377c1000 - 37fefeec
[    0.000000] ACPI: RSDP 00000000000f77a0 00014 (v00 GBT   )
[    0.000000] ACPI: RSDT 00000000bfee2040 00040 (v01 GBT    GBTUACPI 42302E31 GBTU 01010101)
[    0.000000] ACPI: FACP 00000000bfee20c0 00074 (v01 GBT    GBTUACPI 42302E31 GBTU 01010101)
[    0.000000] ACPI: DSDT 00000000bfee2180 058B8 (v01 GBT    GBTUACPI 00001000 MSFT 0100000C)
[    0.000000] ACPI: FACS 00000000bfee0000 00040
[    0.000000] ACPI: HPET 00000000bfee7c00 00038 (v01 GBT    GBTUACPI 42302E31 GBTU 00000098)
[    0.000000] ACPI: MCFG 00000000bfee7c80 0003C (v01 GBT    GBTUACPI 42302E31 GBTU 01010101)
[    0.000000] ACPI: EUDS 00000000bfee7cc0 00000 (v01 GBT             00000000      00000000)
[    0.000000] ACPI: TAMG 00000000bfee8190 00C8A (v01 GBT    GBT   B0 5455312E BG?? 53450101)
[    0.000000] ACPI: APIC 00000000bfee7a80 0012C (v01 GBT    GBTUACPI 42302E31 GBTU 01010101)
[    0.000000] ACPI: SSDT 00000000bfee8e20 01974 (v01  INTEL PPM RCM  80000001 INTL 20061109)
[    0.000000] ACPI: Local APIC address 0xfee00000
[    0.000000] No NUMA configuration found
[    0.000000] Faking a node at 0000000000000000-00000001c0000000
[    0.000000] Bootmem setup node 0 0000000000000000-00000001c0000000
[    0.000000]   NODE_DATA [000000000000e000 - 0000000000012fff]
[    0.000000]   bootmap [0000000000013000 -  000000000004afff] pages 38
[    0.000000] (8 early reservations) ==> bootmem [0000000000 - 01c0000000]
[    0.000000]   #0 [0000000000 - 0000001000]   BIOS data page ==> [0000000000 - 0000001000]
[    0.000000]   #1 [0000006000 - 0000008000]       TRAMPOLINE ==> [0000006000 - 0000008000]
[    0.000000]   #2 [0001000000 - 0001a2fe64]    TEXT DATA BSS ==> [0001000000 - 0001a2fe64]
[    0.000000]   #3 [00377c1000 - 0037fefeec]          RAMDISK ==> [00377c1000 - 0037fefeec]
[    0.000000]   #4 [0000095800 - 0000100000]    BIOS reserved ==> [0000095800 - 0000100000]
[    0.000000]   #5 [0001a30000 - 0001a300f6]              BRK ==> [0001a30000 - 0001a300f6]
[    0.000000]   #6 [0000008000 - 000000b000]          PGTABLE ==> [0000008000 - 000000b000]
[    0.000000]   #7 [000000b000 - 000000e000]          PGTABLE ==> [000000b000 - 000000e000]
[    0.000000] found SMP MP-table at [ffff8800000f5de0] f5de0
[    0.000000]  [ffffea0000000000-ffffea00061fffff] PMD -> [ffff880028600000-ffff88002d9fffff] on node 0
[    0.000000] Zone PFN ranges:
[    0.000000]   DMA      0x00000000 -> 0x00001000
[    0.000000]   DMA32    0x00001000 -> 0x00100000
[    0.000000]   Normal   0x00100000 -> 0x001c0000
[    0.000000] Movable zone start PFN for each node
[    0.000000] early_node_map[4] active PFN ranges
[    0.000000]     0: 0x00000000 -> 0x00000001
[    0.000000]     0: 0x00000006 -> 0x00000095
[    0.000000]     0: 0x00000100 -> 0x000bfee0
[    0.000000]     0: 0x00100000 -> 0x001c0000
[    0.000000] On node 0 totalpages: 1572464
[    0.000000]   DMA zone: 56 pages used for memmap
[    0.000000]   DMA zone: 115 pages reserved
[    0.000000]   DMA zone: 3813 pages, LIFO batch:0
[    0.000000]   DMA32 zone: 14280 pages used for memmap
[    0.000000]   DMA32 zone: 767768 pages, LIFO batch:31
[    0.000000]   Normal zone: 10752 pages used for memmap
[    0.000000]   Normal zone: 775680 pages, LIFO batch:31
[    0.000000] ACPI: PM-Timer IO Port: 0x408
[    0.000000] ACPI: Local APIC address 0xfee00000
[    0.000000] ACPI: LAPIC (acpi_id[0x00] lapic_id[0x00] enabled)
[    0.000000] ACPI: LAPIC (acpi_id[0x01] lapic_id[0x02] enabled)
[    0.000000] ACPI: LAPIC (acpi_id[0x02] lapic_id[0x04] enabled)
[    0.000000] ACPI: LAPIC (acpi_id[0x03] lapic_id[0x06] enabled)
[    0.000000] ACPI: LAPIC (acpi_id[0x04] lapic_id[0x01] enabled)
[    0.000000] ACPI: LAPIC (acpi_id[0x05] lapic_id[0x03] enabled)
[    0.000000] ACPI: LAPIC (acpi_id[0x06] lapic_id[0x05] enabled)
[    0.000000] ACPI: LAPIC (acpi_id[0x07] lapic_id[0x07] enabled)
[    0.000000] ACPI: LAPIC (acpi_id[0x08] lapic_id[0x08] disabled)
[    0.000000] ACPI: LAPIC (acpi_id[0x09] lapic_id[0x09] disabled)
[    0.000000] ACPI: LAPIC (acpi_id[0x0a] lapic_id[0x0a] disabled)
[    0.000000] ACPI: LAPIC (acpi_id[0x0b] lapic_id[0x0b] disabled)
[    0.000000] ACPI: LAPIC (acpi_id[0x0c] lapic_id[0x0c] disabled)
[    0.000000] ACPI: LAPIC (acpi_id[0x0d] lapic_id[0x0d] disabled)
[    0.000000] ACPI: LAPIC (acpi_id[0x0e] lapic_id[0x0e] disabled)
[    0.000000] ACPI: LAPIC (acpi_id[0x0f] lapic_id[0x0f] disabled)
[    0.000000] ACPI: LAPIC_NMI (acpi_id[0x00] dfl dfl lint[0x1])
[    0.000000] ACPI: LAPIC_NMI (acpi_id[0x01] dfl dfl lint[0x1])
[    0.000000] ACPI: LAPIC_NMI (acpi_id[0x02] dfl dfl lint[0x1])
[    0.000000] ACPI: LAPIC_NMI (acpi_id[0x03] dfl dfl lint[0x1])
[    0.000000] ACPI: LAPIC_NMI (acpi_id[0x04] dfl dfl lint[0x1])
[    0.000000] ACPI: LAPIC_NMI (acpi_id[0x05] dfl dfl lint[0x1])
[    0.000000] ACPI: LAPIC_NMI (acpi_id[0x06] dfl dfl lint[0x1])
[    0.000000] ACPI: LAPIC_NMI (acpi_id[0x07] dfl dfl lint[0x1])
[    0.000000] ACPI: LAPIC_NMI (acpi_id[0x08] dfl dfl lint[0x1])
[    0.000000] ACPI: LAPIC_NMI (acpi_id[0x09] dfl dfl lint[0x1])
[    0.000000] ACPI: LAPIC_NMI (acpi_id[0x0a] dfl dfl lint[0x1])
[    0.000000] ACPI: LAPIC_NMI (acpi_id[0x0b] dfl dfl lint[0x1])
[    0.000000] ACPI: LAPIC_NMI (acpi_id[0x0c] dfl dfl lint[0x1])
[    0.000000] ACPI: LAPIC_NMI (acpi_id[0x0d] dfl dfl lint[0x1])
[    0.000000] ACPI: LAPIC_NMI (acpi_id[0x0e] dfl dfl lint[0x1])
[    0.000000] ACPI: LAPIC_NMI (acpi_id[0x0f] dfl dfl lint[0x1])
[    0.000000] ACPI: IOAPIC (id[0x02] address[0xfec00000] gsi_base[0])
[    0.000000] IOAPIC[0]: apic_id 2, version 32, address 0xfec00000, GSI 0-23
[    0.000000] ACPI: INT_SRC_OVR (bus 0 bus_irq 0 global_irq 2 dfl dfl)
[    0.000000] ACPI: INT_SRC_OVR (bus 0 bus_irq 9 global_irq 9 high level)
[    0.000000] ACPI: IRQ0 used by override.
[    0.000000] ACPI: IRQ2 used by override.
[    0.000000] ACPI: IRQ9 used by override.
[    0.000000] Using ACPI (MADT) for SMP configuration information
[    0.000000] ACPI: HPET id: 0x8086a201 base: 0xfed00000
[    0.000000] SMP: Allowing 16 CPUs, 8 hotplug CPUs
[    0.000000] nr_irqs_gsi: 24
[    0.000000] PM: Registered nosave memory: 0000000000001000 - 0000000000006000
[    0.000000] PM: Registered nosave memory: 0000000000095000 - 00000000000a0000
[    0.000000] PM: Registered nosave memory: 00000000000a0000 - 00000000000f0000
[    0.000000] PM: Registered nosave memory: 00000000000f0000 - 0000000000100000
[    0.000000] PM: Registered nosave memory: 00000000bfee0000 - 00000000bfee2000
[    0.000000] PM: Registered nosave memory: 00000000bfee2000 - 00000000bfef0000
[    0.000000] PM: Registered nosave memory: 00000000bfef0000 - 00000000bff00000
[    0.000000] PM: Registered nosave memory: 00000000bff00000 - 00000000ec000000
[    0.000000] PM: Registered nosave memory: 00000000ec000000 - 00000000f0000000
[    0.000000] PM: Registered nosave memory: 00000000f0000000 - 00000000fec00000
[    0.000000] PM: Registered nosave memory: 00000000fec00000 - 0000000100000000
[    0.000000] Allocating PCI resources starting at bff00000 (gap: bff00000:2c100000)
[    0.000000] Booting paravirtualized kernel on bare hardware
[    0.000000] NR_CPUS:64 nr_cpumask_bits:64 nr_cpu_ids:16 nr_node_ids:1
[    0.000000] PERCPU: Embedded 30 pages/cpu @ffff880028200000 s91544 r8192 d23144 u131072
[    0.000000] pcpu-alloc: s91544 r8192 d23144 u131072 alloc=1*2097152
[    0.000000] pcpu-alloc: [0] 00 01 02 03 04 05 06 07 08 09 10 11 12 13 14 15 
[    0.000000] Built 1 zonelists in Zone order, mobility grouping on.  Total pages: 1547261
[    0.000000] Policy zone: Normal
[    0.000000] Kernel command line: BOOT_IMAGE=/vmlinuz-2.6.32-24-generic root=UUID=e15884e7-299b-44f5-999c-168bc3a9c184 ro quiet splash
[    0.000000] PID hash table entries: 4096 (order: 3, 32768 bytes)
[    0.000000] Initializing CPU#0
[    0.000000] Checking aperture...
[    0.000000] No AGP bridge found
[    0.000000] Calgary: detecting Calgary via BIOS EBDA area
[    0.000000] Calgary: Unable to locate Rio Grande table in EBDA - bailing!
[    0.000000] PCI-DMA: Using software bounce buffering for IO (SWIOTLB)
[    0.000000] Placing 64MB software IO TLB between ffff880020000000 - ffff880024000000
[    0.000000] software IO TLB at phys 0x20000000 - 0x24000000
[    0.000000] Memory: 6116816k/7340032k available (5422k kernel code, 1050176k absent, 173040k reserved, 2979k data, 880k init)
[    0.000000] SLUB: Genslabs=14, HWalign=64, Order=0-3, MinObjects=0, CPUs=16, Nodes=1
[    0.000000] Hierarchical RCU implementation.
[    0.000000] NR_IRQS:4352 nr_irqs:536
[    0.000000] Console: colour VGA+ 80x25
[    0.000000] console [tty0] enabled
[    0.000000] allocated 62914560 bytes of page_cgroup
[    0.000000] please try 'cgroup_disable=memory' option if you don't want memory cgroups
[    0.000000] hpet clockevent registered
[    0.000000] HPET: 4 timers in total, 0 timers will be used for per-cpu timer
[    0.000000] Fast TSC calibration using PIT
[    0.010000] Detected 2698.750 MHz processor.
[    0.000004] Calibrating delay loop (skipped), value calculated using timer frequency.. 5397.50 BogoMIPS (lpj=26987500)
[    0.000019] Security Framework initialized
[    0.000031] AppArmor: AppArmor initialized
[    0.000494] Dentry cache hash table entries: 1048576 (order: 11, 8388608 bytes)
[    0.001903] Inode-cache hash table entries: 524288 (order: 10, 4194304 bytes)
[    0.002486] Mount-cache hash table entries: 256
[    0.002569] Initializing cgroup subsys ns
[    0.002572] Initializing cgroup subsys cpuacct
[    0.002575] Initializing cgroup subsys memory
[    0.002580] Initializing cgroup subsys devices
[    0.002581] Initializing cgroup subsys freezer
[    0.002582] Initializing cgroup subsys net_cls
[    0.002595] CPU: Physical Processor ID: 0
[    0.002596] CPU: Processor Core ID: 0
[    0.002599] CPU: L1 I cache: 32K, L1 D cache: 32K
[    0.002600] CPU: L2 cache: 256K
[    0.002601] CPU: L3 cache: 8192K
[    0.002603] CPU 0/0x0 -> Node 0
[    0.002605] mce: CPU supports 9 MCE banks
[    0.002613] CPU0: Thermal monitoring enabled (TM1)
[    0.002616] CPU 0 MCA banks CMCI:2 CMCI:3 CMCI:5 CMCI:6 SHD:8
[    0.002623] using mwait in idle threads.
[    0.002624] Performance Events: Nehalem/Corei7 events, Intel PMU driver.
[    0.002628] ... version:                3
[    0.002629] ... bit width:              48
[    0.002630] ... generic registers:      4
[    0.002631] ... value mask:             0000ffffffffffff
[    0.002632] ... max period:             000000007fffffff
[    0.002633] ... fixed-purpose events:   3
[    0.002634] ... event mask:             000000070000000f
[    0.004228] ACPI: Core revision 20090903
[    0.013836] ftrace: converting mcount calls to 0f 1f 44 00 00
[    0.013839] ftrace: allocating 22527 entries in 89 pages
[    0.019307] Setting APIC routing to physical flat
[    0.019623] ..TIMER: vector=0x30 apic1=0 pin1=2 apic2=-1 pin2=-1
[    0.119514] CPU0: Intel(R) Core(TM) i7 CPU         920  @ 2.67GHz stepping 05
[    0.238836] Booting processor 1 APIC 0x2 ip 0x6000
[    0.249254] Initializing CPU#1
[    0.398569] CPU: Physical Processor ID: 0
[    0.398570] CPU: Processor Core ID: 1
[    0.398572] CPU: L1 I cache: 32K, L1 D cache: 32K
[    0.398573] CPU: L2 cache: 256K
[    0.398574] CPU: L3 cache: 8192K
[    0.398576] CPU 1/0x2 -> Node 0
[    0.398585] CPU1: Thermal monitoring enabled (TM1)
[    0.398588] CPU 1 MCA banks CMCI:2 CMCI:3 CMCI:5 SHD:6 SHD:8
[    0.398595] CPU1: Intel(R) Core(TM) i7 CPU         920  @ 2.67GHz stepping 05
[    0.398601] checking TSC synchronization [CPU#0 -> CPU#1]: passed.
[    0.418648] Booting processor 2 APIC 0x4 ip 0x6000
[    0.428994] Initializing CPU#2
[    0.578359] CPU: Physical Processor ID: 0
[    0.578360] CPU: Processor Core ID: 2
[    0.578362] CPU: L1 I cache: 32K, L1 D cache: 32K
[    0.578363] CPU: L2 cache: 256K
[    0.578363] CPU: L3 cache: 8192K
[    0.578365] CPU 2/0x4 -> Node 0
[    0.578374] CPU2: Thermal monitoring enabled (TM1)
[    0.578377] CPU 2 MCA banks CMCI:2 CMCI:3 CMCI:5 SHD:6 SHD:8
[    0.578432] CPU2: Intel(R) Core(TM) i7 CPU         920  @ 2.67GHz stepping 05
[    0.578438] checking TSC synchronization [CPU#0 -> CPU#2]: passed.
[    0.598484] Booting processor 3 APIC 0x6 ip 0x6000
[    0.608831] Initializing CPU#3
[    0.758149] CPU: Physical Processor ID: 0
[    0.758150] CPU: Processor Core ID: 3
[    0.758151] CPU: L1 I cache: 32K, L1 D cache: 32K
[    0.758152] CPU: L2 cache: 256K
[    0.758153] CPU: L3 cache: 8192K
[    0.758155] CPU 3/0x6 -> Node 0
[    0.758164] CPU3: Thermal monitoring enabled (TM1)
[    0.758167] CPU 3 MCA banks CMCI:2 CMCI:3 CMCI:5 SHD:6 SHD:8
[    0.758269] CPU3: Intel(R) Core(TM) i7 CPU         920  @ 2.67GHz stepping 05
[    0.758274] checking TSC synchronization [CPU#0 -> CPU#3]: passed.
[    0.778319] Booting processor 4 APIC 0x1 ip 0x6000
[    0.788666] Initializing CPU#4
[    0.937939] CPU: Physical Processor ID: 0
[    0.937940] CPU: Processor Core ID: 0
[    0.937942] CPU: L1 I cache: 32K, L1 D cache: 32K
[    0.937944] CPU: L2 cache: 256K
[    0.937945] CPU: L3 cache: 8192K
[    0.937947] CPU 4/0x1 -> Node 0
[    0.937957] CPU4: Thermal monitoring enabled (TM1)
[    0.937960] CPU 4 MCA banks SHD:2 SHD:3 SHD:5 SHD:6 SHD:8
[    0.937985] CPU4: Intel(R) Core(TM) i7 CPU         920  @ 2.67GHz stepping 05
[    0.937992] checking TSC synchronization [CPU#0 -> CPU#4]: passed.
[    0.958045] Booting processor 5 APIC 0x3 ip 0x6000
[    0.968392] Initializing CPU#5
[    1.117728] CPU: Physical Processor ID: 0
[    1.117729] CPU: Processor Core ID: 1
[    1.117730] CPU: L1 I cache: 32K, L1 D cache: 32K
[    1.117731] CPU: L2 cache: 256K
[    1.117732] CPU: L3 cache: 8192K
[    1.117734] CPU 5/0x3 -> Node 0
[    1.117743] CPU5: Thermal monitoring enabled (TM1)
[    1.117745] CPU 5 MCA banks SHD:2 SHD:3 SHD:5 SHD:6 SHD:8
[    1.117830] CPU5: Intel(R) Core(TM) i7 CPU         920  @ 2.67GHz stepping 05
[    1.117836] checking TSC synchronization [CPU#0 -> CPU#5]: passed.
[    1.137885] Booting processor 6 APIC 0x5 ip 0x6000
[    1.148231] Initializing CPU#6
[    1.297517] CPU: Physical Processor ID: 0
[    1.297518] CPU: Processor Core ID: 2
[    1.297520] CPU: L1 I cache: 32K, L1 D cache: 32K
[    1.297521] CPU: L2 cache: 256K
[    1.297522] CPU: L3 cache: 8192K
[    1.297524] CPU 6/0x5 -> Node 0
[    1.297533] CPU6: Thermal monitoring enabled (TM1)
[    1.297535] CPU 6 MCA banks SHD:2 SHD:3 SHD:5 SHD:6 SHD:8
[    1.297570] CPU6: Intel(R) Core(TM) i7 CPU         920  @ 2.67GHz stepping 05
[    1.297575] checking TSC synchronization [CPU#0 -> CPU#6]: passed.
[    1.317626] Booting processor 7 APIC 0x7 ip 0x6000
[    1.327972] Initializing CPU#7
[    1.477307] CPU: Physical Processor ID: 0
[    1.477308] CPU: Processor Core ID: 3
[    1.477309] CPU: L1 I cache: 32K, L1 D cache: 32K
[    1.477310] CPU: L2 cache: 256K
[    1.477311] CPU: L3 cache: 8192K
[    1.477313] CPU 7/0x7 -> Node 0
[    1.477322] CPU7: Thermal monitoring enabled (TM1)
[    1.477324] CPU 7 MCA banks SHD:2 SHD:3 SHD:5 SHD:6 SHD:8
[    1.477411] CPU7: Intel(R) Core(TM) i7 CPU         920  @ 2.67GHz stepping 05
[    1.477416] checking TSC synchronization [CPU#0 -> CPU#7]: passed.
[    1.497410] Brought up 8 CPUs
[    1.497411] Total of 8 processors activated (43179.39 BogoMIPS).
[    1.500740] CPU0 attaching sched-domain:
[    1.500743]  domain 0: span 0,4 level SIBLING
[    1.500745]   groups: 0 (cpu_power = 589) 4 (cpu_power = 589)
[    1.500748]   domain 1: span 0-7 level MC
[    1.500750]    groups: 0,4 (cpu_power = 1178) 1,5 (cpu_power = 1178) 2,6 (cpu_power = 1178) 3,7 (cpu_power = 1178)
[    1.500757] CPU1 attaching sched-domain:
[    1.500758]  domain 0: span 1,5 level SIBLING
[    1.500760]   groups: 1 (cpu_power = 589) 5 (cpu_power = 589)
[    1.500763]   domain 1: span 0-7 level MC
[    1.500764]    groups: 1,5 (cpu_power = 1178) 2,6 (cpu_power = 1178) 3,7 (cpu_power = 1178) 0,4 (cpu_power = 1178)
[    1.500770] CPU2 attaching sched-domain:
[    1.500771]  domain 0: span 2,6 level SIBLING
[    1.500772]   groups: 2 (cpu_power = 589) 6 (cpu_power = 589)
[    1.500775]   domain 1: span 0-7 level MC
[    1.500776]    groups: 2,6 (cpu_power = 1178) 3,7 (cpu_power = 1178) 0,4 (cpu_power = 1178) 1,5 (cpu_power = 1178)
[    1.500782] CPU3 attaching sched-domain:
[    1.500783]  domain 0: span 3,7 level SIBLING
[    1.500784]   groups: 3 (cpu_power = 589) 7 (cpu_power = 589)
[    1.500787]   domain 1: span 0-7 level MC
[    1.500789]    groups: 3,7 (cpu_power = 1178) 0,4 (cpu_power = 1178) 1,5 (cpu_power = 1178) 2,6 (cpu_power = 1178)
[    1.500794] CPU4 attaching sched-domain:
[    1.500795]  domain 0: span 0,4 level SIBLING
[    1.500797]   groups: 4 (cpu_power = 589) 0 (cpu_power = 589)
[    1.500800]   domain 1: span 0-7 level MC
[    1.500801]    groups: 0,4 (cpu_power = 1178) 1,5 (cpu_power = 1178) 2,6 (cpu_power = 1178) 3,7 (cpu_power = 1178)
[    1.500806] CPU5 attaching sched-domain:
[    1.500808]  domain 0: span 1,5 level SIBLING
[    1.500809]   groups: 5 (cpu_power = 589) 1 (cpu_power = 589)
[    1.500812]   domain 1: span 0-7 level MC
[    1.500813]    groups: 1,5 (cpu_power = 1178) 2,6 (cpu_power = 1178) 3,7 (cpu_power = 1178) 0,4 (cpu_power = 1178)
[    1.500819] CPU6 attaching sched-domain:
[    1.500820]  domain 0: span 2,6 level SIBLING
[    1.500821]   groups: 6 (cpu_power = 589) 2 (cpu_power = 589)
[    1.500824]   domain 1: span 0-7 level MC
[    1.500826]    groups: 2,6 (cpu_power = 1178) 3,7 (cpu_power = 1178) 0,4 (cpu_power = 1178) 1,5 (cpu_power = 1178)
[    1.500831] CPU7 attaching sched-domain:
[    1.500832]  domain 0: span 3,7 level SIBLING
[    1.500834]   groups: 7 (cpu_power = 589) 3 (cpu_power = 589)
[    1.500837]   domain 1: span 0-7 level MC
[    1.500838]    groups: 3,7 (cpu_power = 1178) 0,4 (cpu_power = 1178) 1,5 (cpu_power = 1178) 2,6 (cpu_power = 1178)
[    1.501115] devtmpfs: initialized
[    1.501343] regulator: core version 0.5
[    1.501364] Time: 18:23:54  Date: 09/01/10
[    1.501396] NET: Registered protocol family 16
[    1.501460] Trying to unpack rootfs image as initramfs...
[    1.501481] ACPI: bus type pci registered
[    1.501531] PCI: MCFG configuration 0: base ec000000 segment 0 buses 0 - 63
[    1.501533] PCI: MCFG area at ec000000 reserved in E820
[    1.502760] PCI: Using MMCONFIG at ec000000 - efffffff
[    1.502761] PCI: Using configuration type 1 for base access
[    1.503306] bio: create slab <bio-0> at 0
[    1.503843] ACPI: EC: Look up EC in DSDT
[    1.507856] ACPI: Interpreter enabled
[    1.507860] ACPI: (supports S0 S1 S4 S5)
[    1.507874] ACPI: Using IOAPIC for interrupt routing
[    1.511313] ACPI: No dock devices found.
[    1.511385] ACPI: PCI Root Bridge [PCI0] (0000:00)
[    1.511450] pci 0000:00:00.0: PME# supported from D0 D3hot D3cold
[    1.511453] pci 0000:00:00.0: PME# disabled
[    1.511510] pci 0000:00:01.0: PME# supported from D0 D3hot D3cold
[    1.511513] pci 0000:00:01.0: PME# disabled
[    1.511571] pci 0000:00:02.0: PME# supported from D0 D3hot D3cold
[    1.511573] pci 0000:00:02.0: PME# disabled
[    1.511629] pci 0000:00:03.0: PME# supported from D0 D3hot D3cold
[    1.511631] pci 0000:00:03.0: PME# disabled
[    1.511688] pci 0000:00:05.0: PME# supported from D0 D3hot D3cold
[    1.511691] pci 0000:00:05.0: PME# disabled
[    1.511747] pci 0000:00:07.0: PME# supported from D0 D3hot D3cold
[    1.511750] pci 0000:00:07.0: PME# disabled
[    1.511807] pci 0000:00:09.0: PME# supported from D0 D3hot D3cold
[    1.511809] pci 0000:00:09.0: PME# disabled
[    1.511990] pci 0000:00:13.0: reg 10 32bit mmio: [0xfbfff000-0xfbffffff]
[    1.512016] pci 0000:00:13.0: PME# supported from D0 D3hot D3cold
[    1.512019] pci 0000:00:13.0: PME# disabled
[    1.512218] pci 0000:00:1a.0: reg 20 io port: [0xff00-0xff1f]
[    1.512278] pci 0000:00:1a.1: reg 20 io port: [0xfe00-0xfe1f]
[    1.512339] pci 0000:00:1a.2: reg 20 io port: [0xfd00-0xfd1f]
[    1.512403] pci 0000:00:1a.7: reg 10 32bit mmio: [0xfbffe000-0xfbffe3ff]
[    1.512451] pci 0000:00:1a.7: PME# supported from D0 D3hot D3cold
[    1.512455] pci 0000:00:1a.7: PME# disabled
[    1.512490] pci 0000:00:1b.0: reg 10 64bit mmio: [0xfbff4000-0xfbff7fff]
[    1.512526] pci 0000:00:1b.0: PME# supported from D0 D3hot D3cold
[    1.512528] pci 0000:00:1b.0: PME# disabled
[    1.512583] pci 0000:00:1c.0: PME# supported from D0 D3hot D3cold
[    1.512585] pci 0000:00:1c.0: PME# disabled
[    1.512641] pci 0000:00:1c.1: PME# supported from D0 D3hot D3cold
[    1.512643] pci 0000:00:1c.1: PME# disabled
[    1.512700] pci 0000:00:1c.3: PME# supported from D0 D3hot D3cold
[    1.512703] pci 0000:00:1c.3: PME# disabled
[    1.512757] pci 0000:00:1c.4: PME# supported from D0 D3hot D3cold
[    1.512760] pci 0000:00:1c.4: PME# disabled
[    1.512808] pci 0000:00:1d.0: reg 20 io port: [0xfc00-0xfc1f]
[    1.512870] pci 0000:00:1d.1: reg 20 io port: [0xfb00-0xfb1f]
[    1.512930] pci 0000:00:1d.2: reg 20 io port: [0xfa00-0xfa1f]
[    1.512993] pci 0000:00:1d.7: reg 10 32bit mmio: [0xfbffd000-0xfbffd3ff]
[    1.513041] pci 0000:00:1d.7: PME# supported from D0 D3hot D3cold
[    1.513045] pci 0000:00:1d.7: PME# disabled
[    1.513153] pci 0000:00:1f.0: quirk: region 0400-047f claimed by ICH6 ACPI/GPIO/TCO
[    1.513156] pci 0000:00:1f.0: quirk: region 0480-04bf claimed by ICH6 GPIO
[    1.513158] pci 0000:00:1f.0: ICH7 LPC Generic IO decode 1 PIO at 0800 (mask 000f)
[    1.513161] pci 0000:00:1f.0: ICH7 LPC Generic IO decode 2 PIO at 0290 (mask 000f)
[    1.513217] pci 0000:00:1f.2: reg 10 io port: [0xf900-0xf907]
[    1.513222] pci 0000:00:1f.2: reg 14 io port: [0xf800-0xf803]
[    1.513226] pci 0000:00:1f.2: reg 18 io port: [0xf700-0xf707]
[    1.513231] pci 0000:00:1f.2: reg 1c io port: [0xf600-0xf603]
[    1.513235] pci 0000:00:1f.2: reg 20 io port: [0xf500-0xf51f]
[    1.513240] pci 0000:00:1f.2: reg 24 32bit mmio: [0xfbffc000-0xfbffc7ff]
[    1.513267] pci 0000:00:1f.2: PME# supported from D3hot
[    1.513270] pci 0000:00:1f.2: PME# disabled
[    1.513293] pci 0000:00:1f.3: reg 10 64bit mmio: [0xfbffb000-0xfbffb0ff]
[    1.513305] pci 0000:00:1f.3: reg 20 io port: [0x500-0x51f]
[    1.513346] pci 0000:01:00.0: reg 10 io port: [0xbf00-0xbf07]
[    1.513350] pci 0000:01:00.0: reg 14 io port: [0xbe00-0xbe03]
[    1.513354] pci 0000:01:00.0: reg 18 io port: [0xbd00-0xbd07]
[    1.513359] pci 0000:01:00.0: reg 1c io port: [0xbc00-0xbc03]
[    1.513363] pci 0000:01:00.0: reg 20 io port: [0xbb00-0xbb0f]
[    1.513368] pci 0000:01:00.0: reg 24 32bit mmio: [0xfb9ff000-0xfb9ff7ff]
[    1.513372] pci 0000:01:00.0: reg 30 32bit mmio pref: [0x000000-0x00ffff]
[    1.513390] pci 0000:01:00.0: PME# supported from D3hot
[    1.513393] pci 0000:01:00.0: PME# disabled
[    1.513415] pci 0000:00:01.0: bridge io port: [0xb000-0xbfff]
[    1.513418] pci 0000:00:01.0: bridge 32bit mmio: [0xfb900000-0xfb9fffff]
[    1.513460] pci 0000:02:00.0: reg 10 64bit mmio: [0xfbbfe000-0xfbbfffff]
[    1.513505] pci 0000:02:00.0: PME# supported from D0 D3hot D3cold
[    1.513508] pci 0000:02:00.0: PME# disabled
[    1.513540] pci 0000:00:02.0: bridge 32bit mmio: [0xfbb00000-0xfbbfffff]
[    1.513566] pci 0000:03:00.0: reg 10 32bit mmio: [0xf4000000-0xf4ffffff]
[    1.513574] pci 0000:03:00.0: reg 14 64bit mmio pref: [0xc0000000-0xcfffffff]
[    1.513581] pci 0000:03:00.0: reg 1c 64bit mmio: [0xf2000000-0xf3ffffff]
[    1.513585] pci 0000:03:00.0: reg 24 io port: [0xaf00-0xaf7f]
[    1.513590] pci 0000:03:00.0: reg 30 32bit mmio pref: [0x000000-0x07ffff]
[    1.513630] pci 0000:00:03.0: bridge io port: [0xa000-0xafff]
[    1.513633] pci 0000:00:03.0: bridge 32bit mmio: [0xf2000000-0xf5ffffff]
[    1.513637] pci 0000:00:03.0: bridge 64bit mmio pref: [0xc0000000-0xcfffffff]
[    1.513683] pci 0000:05:00.0: reg 10 32bit mmio: [0xf8000000-0xf8ffffff]
[    1.513690] pci 0000:05:00.0: reg 14 64bit mmio pref: [0xd0000000-0xdfffffff]
[    1.513697] pci 0000:05:00.0: reg 1c 64bit mmio: [0xf6000000-0xf7ffffff]
[    1.513701] pci 0000:05:00.0: reg 24 io port: [0x9f00-0x9f7f]
[    1.513706] pci 0000:05:00.0: reg 30 32bit mmio pref: [0x000000-0x07ffff]
[    1.513746] pci 0000:00:07.0: bridge io port: [0x9000-0x9fff]
[    1.513749] pci 0000:00:07.0: bridge 32bit mmio: [0xf6000000-0xf9ffffff]
[    1.513753] pci 0000:00:07.0: bridge 64bit mmio pref: [0xd0000000-0xdfffffff]
[    1.513893] pci 0000:08:00.0: reg 24 32bit mmio: [0xfb8fe000-0xfb8fffff]
[    1.513928] pci 0000:08:00.0: PME# supported from D3hot
[    1.513933] pci 0000:08:00.0: PME# disabled
[    1.513982] pci 0000:08:00.1: reg 10 io port: [0xef00-0xef07]
[    1.513990] pci 0000:08:00.1: reg 14 io port: [0xee00-0xee03]
[    1.513998] pci 0000:08:00.1: reg 18 io port: [0xed00-0xed07]
[    1.514005] pci 0000:08:00.1: reg 1c io port: [0xec00-0xec03]
[    1.514013] pci 0000:08:00.1: reg 20 io port: [0xeb00-0xeb0f]
[    1.514093] pci 0000:00:1c.1: bridge io port: [0xe000-0xefff]
[    1.514096] pci 0000:00:1c.1: bridge 32bit mmio: [0xfb800000-0xfb8fffff]
[    1.514182] pci 0000:09:00.0: reg 24 32bit mmio: [0xfbefe000-0xfbefffff]
[    1.514218] pci 0000:09:00.0: PME# supported from D3hot
[    1.514222] pci 0000:09:00.0: PME# disabled
[    1.514271] pci 0000:09:00.1: reg 10 io port: [0xdf00-0xdf07]
[    1.514279] pci 0000:09:00.1: reg 14 io port: [0xde00-0xde03]
[    1.514287] pci 0000:09:00.1: reg 18 io port: [0xdd00-0xdd07]
[    1.514295] pci 0000:09:00.1: reg 1c io port: [0xdc00-0xdc03]
[    1.514302] pci 0000:09:00.1: reg 20 io port: [0xdb00-0xdb0f]
