---
title: "14.04 on 800Mhz G4 iMac Lamp - nouveau not working"
date: 2015-12-21
forum: Apple Hardware Users
---

### Post by rough68fish on 2015-12-21
I have done numerous installs, tried 16.04, 14.04, Debian Stretch and Jessie but I can't get my 800Mhz G4 iMac Lamp to work with nouveau. It has an NVIDIA GeForce 2 MX/MX400 but the only way I can get it to boot all the way through is with nouveau.modeset=0. Isn't that essentially telling it not to use that driver?

Then when i try to start X I get a horribly distorted picture with the colors way off. 

Should I be able to configure X to run with the nouveau.modeset=0?

Do I need to use a different driver (is nv a possibility with 14.04)?

Please help wanted to give this system to my daughter for Christmas but can't get KDE working.

---

### Post by Peter_Saisanas on 2015-12-22
Hi,
Please provide a full dmesg log.
This will help understanding what the issue is exactly with nouveau and why its not working with your particular config.
According to the freedesktop nouveau page, NV11 should be supported (but obviously with ppc's, YMMV).

nouveau.modeset=0 is basically disabling KMS and probably wont enable the nouveau driver in the first place.
Its important to try and understand why KMS isnt working in the first place. Hopefully a full dmesg log without any nouveau module options passed will help diagnose.

Also, if you can provide an xorg log, that would be helpful.

Regards,
Peter

---

### Post by rough68fish on 2015-12-22
> **Peter_Saisanas said:**
> Hi,
Please provide a full dmesg log.
This will help understanding what the issue is exactly with nouveau and why its not working with your particular config.
According to the freedesktop nouveau page, NV11 should be supported (but obviously with ppc's, YMMV).

nouveau.modeset=0 is basically disabling KMS and probably wont enable the nouveau driver in the first place.
Its important to try and understand why KMS isnt working in the first place. Hopefully a full dmesg log without any nouveau module options passed will help diagnose.

Also, if you can provide an xorg log, that would be helpful.

Regards,
Peter

Will do when I get home tonight. Thanks in advance.

---

### Post by Peter_Saisanas on 2015-12-22
You probably are aware of this already, but anyway...
Make sure that you can ssh in to the iMac from another machine as most probably you will not be able to use the console while troubleshooting especially after the OFfb console is attempted to be overridden by nouveau.
Also, make sure that nv is blacklisted as nouveau and nv modules conflict.

No worries, im curious myself if nouveau can be made to work with such an old GPU and ppc.

---

### Post by rsavage on 2015-12-22
> **rough68fish said:**
> 
Please help wanted to give this system to my daughter for Christmas but can't get KDE working.

There are not many sleeps left until the big day.....

I have no doubts that Peter could get the nouveau driver working for you, but it is probably going to be quite involved and take longer than the time you have left.

> 
Do I need to use a different driver (is nv a possibility with 14.04)?


You can use nv in 14.04 - see [http://ubuntuforums.org/showthread.php?t=2294789](http://ubuntuforums.org/showthread.php?t=2294789) (although this will confuse any attempts to use nouveau).

KDE is going to be too slow though.  Something like xubuntu is probably the best you can get.  If it was me I'd stick Mac OS X back on there, remove Adobe Flash, remove Java and install TenFourFox.  It'll work a lot better that way.

---

### Post by rough68fish on 2015-12-23
I appreciate that but don't want the risk of unmatched OS on my network. I can live with Xubuntu if I have too. Besides I couldn't get the ralink wifi dongle to work at all in OS X and the Airport card will only do wep.

Log files dmesg (without modest) the machine boots but the screen looks like a melting movie reel.

```

[    0.000000] Using PowerMac machine description
[    0.000000] Total memory = 1024MB; using 2048kB for hash table (at cfe00000)
[    0.000000] Initializing cgroup subsys cpuset
[    0.000000] Initializing cgroup subsys cpu
[    0.000000] Initializing cgroup subsys cpuacct
[    0.000000] Linux version 3.13.0-74-powerpc-smp (buildd@fisher04) (gcc version 4.8.2 (Ubuntu 4.8.2-19ubuntu1) ) #118-Ubuntu SMP Thu Dec 17 22:51:51 UTC 2015 (Ubuntu 3.13.0-74.118-powerpc-smp 3.13.11-ckt30)
[    0.000000] Found initrd at 0xc1a00000:0xc3380000
[    0.000000] Found UniNorth memory controller & host bridge @ 0xf8000000 revision: 0xc0
[    0.000000] Mapped at 0xff7c0000
[    0.000000] Found a Pangea mac-io controller, rev: 0, mapped at 0xff740000
[    0.000000] Processor NAP mode on idle enabled.
[    0.000000] PowerMac motherboard: Flat panel iMac
[    0.000000] CPU maps initialized for 1 thread per core
[    0.000000]  (thread shift is 0)
[    0.000000] bootconsole [udbg0] enabled
[    0.000000] Found UniNorth PCI host bridge at 0x00000000f0000000. Firmware bus number: 0->0
[    0.000000] PCI host bridge /pci@f0000000  ranges:
[    0.000000]  MEM 0x00000000f1000000..0x00000000f1ffffff -> 0x00000000f1000000 
[    0.000000]   IO 0x00000000f0000000..0x00000000f07fffff -> 0x0000000000000000
[    0.000000]  MEM 0x0000000090000000..0x000000009fffffff -> 0x0000000090000000 
[    0.000000] Found UniNorth PCI host bridge at 0x00000000f2000000. Firmware bus number: 0->0
[    0.000000] PCI host bridge /pci@f2000000 (primary) ranges:
[    0.000000]  MEM 0x00000000f3000000..0x00000000f3ffffff -> 0x00000000f3000000 
[    0.000000]   IO 0x00000000f2000000..0x00000000f27fffff -> 0x0000000000000000
[    0.000000]  MEM 0x0000000080000000..0x000000008fffffff -> 0x0000000080000000 
[    0.000000] Found UniNorth PCI host bridge at 0x00000000f4000000. Firmware bus number: 0->0
[    0.000000] PCI host bridge /pci@f4000000  ranges:
[    0.000000]  MEM 0x00000000f5000000..0x00000000f5ffffff -> 0x00000000f5000000 
[    0.000000]   IO 0x00000000f4000000..0x00000000f47fffff -> 0x0000000000000000
[    0.000000] via-pmu: Server Mode is disabled
[    0.000000] PMU driver v2 initialized for Core99, firmware: 0c
[    0.000000] nvram: Checking bank 0...
[    0.000000] nvram: gen0=382, gen1=383
[    0.000000] nvram: Active bank is: 1
[    0.000000] nvram: OF partition at 0x410
[    0.000000] nvram: XP partition at 0x1020
[    0.000000] nvram: NR partition at 0x1120
[    0.000000] Top of RAM: 0x40000000, Total RAM: 0x40000000
[    0.000000] Memory hole size: 0MB
[    0.000000] Zone ranges:
[    0.000000]   DMA      [mem 0x00000000-0x2fffffff]
[    0.000000]   Normal   empty
[    0.000000]   HighMem  [mem 0x30000000-0x3fffffff]
[    0.000000] Movable zone start for each node
[    0.000000] Early memory node ranges
[    0.000000]   node   0: [mem 0x00000000-0x3fffffff]
[    0.000000] On node 0 totalpages: 262144
[    0.000000] free_area_init_node: node 0, pgdat c0a50060, node_mem_map c0c55000
[    0.000000]   DMA zone: 1536 pages used for memmap
[    0.000000]   DMA zone: 0 pages reserved
[    0.000000]   DMA zone: 196608 pages, LIFO batch:31
[    0.000000]   HighMem zone: 512 pages used for memmap
[    0.000000]   HighMem zone: 65536 pages, LIFO batch:15
[    0.000000] PERCPU: Embedded 9 pages/cpu @c145b000 s14944 r8192 d13728 u36864
[    0.000000] pcpu-alloc: s14944 r8192 d13728 u36864 alloc=9*4096
[    0.000000] pcpu-alloc: [0] 0 
[    0.000000] Built 1 zonelists in Zone order, mobility grouping on.  Total pages: 260608
[    0.000000] Kernel command line: root=UUID=9b004bd3-bd71-4456-8097-75d342388b17 ro quiet splash 
[    0.000000] PID hash table entries: 4096 (order: 2, 16384 bytes)
[    0.000000] Dentry cache hash table entries: 131072 (order: 7, 524288 bytes)
[    0.000000] Inode-cache hash table entries: 65536 (order: 6, 262144 bytes)
[    0.000000] Sorting __ex_table...
[    0.000000] allocated 2097152 bytes of page_cgroup
[    0.000000] please try 'cgroup_disable=memory' option if you don't want memory cgroups
[    0.000000] Memory: 930532K/1048576K available (7296K kernel code, 496K rwdata, 2396K rodata, 500K init, 1870K bss, 118044K reserved, 262144K highmem)
[    0.000000] Kernel virtual memory layout:
[    0.000000]   * 0xfff9f000..0xfffff000  : fixmap
[    0.000000]   * 0xff800000..0xffc00000  : highmem PTEs
[    0.000000]   * 0xfdf32000..0xff800000  : early ioremap
[    0.000000]   * 0xf1000000..0xfdf32000  : vmalloc & ioremap
[    0.000000] SLUB: HWalign=32, Order=0-3, MinObjects=0, CPUs=1, Nodes=1
[    0.000000] Hierarchical RCU implementation.
[    0.000000] 	RCU dyntick-idle grace-period acceleration is enabled.
[    0.000000] 	RCU restricting CPUs from NR_CPUS=4 to nr_cpu_ids=1.
[    0.000000] NR_IRQS:512 nr_irqs:512 16
[    0.000000] mpic: Resetting
[    0.000000] mpic: Setting up MPIC " MPIC 1   " version 1.2 at 80040000, max 1 CPUs
[    0.000000] mpic: ISU size: 64, shift: 6, mask: 3f
[    0.000000] mpic: Initializing for 64 sources
[    0.000000] GMT Delta read from XPRAM: -240 minutes, DST: on
[    0.000000] time_init: decrementer frequency = 24.959250 MHz
[    0.000000] time_init: processor frequency   = 800.000000 MHz
[    0.000000] clocksource: timebase mult[2810b7ec] shift[24] registered
[    0.000000] clockevent: decrementer mult[663baba] shift[32] cpu[0]
[    0.000000] Console: colour dummy device 80x25
[    0.000000] console [tty0] enabled
[    0.000000] bootconsole [udbg0] disabled
[    0.000504] pid_max: default: 32768 minimum: 301
[    0.000657] Security Framework initialized
[    0.000765] AppArmor: AppArmor initialized
[    0.000771] Yama: becoming mindful.
[    0.000965] Mount-cache hash table entries: 2048 (order: 1, 8192 bytes)
[    0.000978] Mountpoint-cache hash table entries: 2048 (order: 1, 8192 bytes)
[    0.001870] device-tree: Duplicate name in /cpus/PowerPC,G4@0, renamed to "l2-cache#1"
[    0.006526] Initializing cgroup subsys memory
[    0.006573] Initializing cgroup subsys devices
[    0.006583] Initializing cgroup subsys freezer
[    0.006592] Initializing cgroup subsys blkio
[    0.006601] Initializing cgroup subsys perf_event
[    0.006738] ftrace: allocating 24102 entries in 71 pages
[    0.041628] PowerMac SMP probe found 1 cpus
[    0.041653] MPC7450 family performance monitor hardware support registered
[    0.047573] Brought up 1 CPUs
[    0.048409] devtmpfs: initialized
[    0.048820] EVM: security.selinux
[    0.048829] EVM: security.SMACK64
[    0.048834] EVM: security.capability
[    0.050510] regulator-dummy: no parameters
[    0.050817] NET: Registered protocol family 16
[    0.051757] cpuidle: using governor ladder
[    0.051770] cpuidle: using governor menu
[    0.052083] KeyWest i2c @0xf8001003 irq 42 /uni-n@f8000000/i2c@f8001000
[    0.052098]  channel 0 bus <multibus>
[    0.052117]  channel 1 bus <multibus>
[    0.052225] KeyWest i2c @0x80018000 irq 26 /pci@f2000000/mac-io@17/i2c@18000
[    0.052237]  channel 0 bus <multibus>
[    0.052274] PMU i2c /pci@f2000000/mac-io@17/via-pmu@16000
[    0.052284]  channel 1 bus <multibus>
[    0.052293]  channel 2 bus <multibus>
[    0.066879] PCI: Probing PCI hardware
[    0.067254] PCI host bridge to bus 0000:00
[    0.067281] pci_bus 0000:00: root bus resource [io  0x802000-0x1001fff] (bus address [0x0000-0x7fffff])
[    0.067292] pci_bus 0000:00: root bus resource [mem 0xf1000000-0xf1ffffff]
[    0.067301] pci_bus 0000:00: root bus resource [mem 0x90000000-0x9fffffff]
[    0.067315] pci_bus 0000:00: root bus resource [bus 00-ff]
[    0.067330] pci_bus 0000:00: busn_res: [bus 00-ff] end is updated to ff
[    0.067396] pci 0000:00:0b.0: [106b:0027] type 00 class 0x060000
[    0.067668] pci 0000:00:10.0: [10de:0110] type 00 class 0x030000
[    0.067702] pci 0000:00:10.0: reg 0x10: [mem 0x91000000-0x91ffffff]
[    0.067719] pci 0000:00:10.0: reg 0x14: [mem 0x98000000-0x9fffffff pref]
[    0.067762] pci 0000:00:10.0: reg 0x30: [mem 0x90000000-0x9000ffff pref]
[    0.068040] pci_bus 0000:00: busn_res: [bus 00-ff] end is updated to 00
[    0.068156] PCI host bridge to bus 0001:10
[    0.068167] pci_bus 0001:10: root bus resource [io  0x0000-0x7fffff]
[    0.068177] pci_bus 0001:10: root bus resource [mem 0xf3000000-0xf3ffffff]
[    0.068186] pci_bus 0001:10: root bus resource [mem 0x80000000-0x8fffffff]
[    0.068197] pci_bus 0001:10: root bus resource [bus 10-ff]
[    0.068208] pci_bus 0001:10: busn_res: [bus 10-ff] end is updated to ff
[    0.068259] pci 0001:10:0b.0: [106b:0028] type 00 class 0x060000
[    0.068478] pci 0001:10:17.0: [106b:0025] type 00 class 0xff0000
[    0.068502] pci 0001:10:17.0: reg 0x10: [mem 0x80000000-0x8007ffff]
[    0.068680] pci 0001:10:18.0: [106b:0026] type 00 class 0x0c0310
[    0.068706] pci 0001:10:18.0: reg 0x10: [mem 0x80081000-0x80081fff]
[    0.068786] pci 0001:10:18.0: supports D1 D2
[    0.068795] pci 0001:10:18.0: PME# supported from D1 D2 D3hot
[    0.068955] pci 0001:10:19.0: [106b:0026] type 00 class 0x0c0310
[    0.068982] pci 0001:10:19.0: reg 0x10: [mem 0x80080000-0x80080fff]
[    0.069062] pci 0001:10:19.0: supports D1 D2
[    0.069071] pci 0001:10:19.0: PME# supported from D1 D2 D3hot
[    0.069283] pci_bus 0001:10: busn_res: [bus 10-ff] end is updated to 10
[    0.069414] PCI host bridge to bus 0002:20
[    0.069561] pci_bus 0002:20: root bus resource [io  0xff7fe000-0xffffdfff] (bus address [0x0000-0x7fffff])
[    0.069606] pci_bus 0002:20: root bus resource [mem 0xf5000000-0xf5ffffff]
[    0.069618] pci_bus 0002:20: root bus resource [bus 20-ff]
[    0.069629] pci_bus 0002:20: busn_res: [bus 20-ff] end is updated to ff
[    0.069683] pci 0002:20:0b.0: [106b:0029] type 00 class 0x060000
[    0.069868] pci 0002:20:0e.0: [106b:0030] type 00 class 0x0c0010
[    0.069893] pci 0002:20:0e.0: reg 0x10: [mem 0xf5000000-0xf5000fff]
[    0.069962] pci 0002:20:0e.0: supports D1 D2
[    0.069971] pci 0002:20:0e.0: PME# supported from D0 D1 D2 D3hot
[    0.070131] pci 0002:20:0f.0: [106b:0024] type 00 class 0x020000
[    0.070153] pci 0002:20:0f.0: reg 0x10: [mem 0xf5200000-0xf53fffff]
[    0.070201] pci 0002:20:0f.0: reg 0x30: [mem 0xf5100000-0xf51fffff pref]
[    0.070420] pci_bus 0002:20: busn_res: [bus 20-ff] end is updated to 20
[    0.070554] pci_bus 0000:00: resource 4 [io  0x802000-0x1001fff]
[    0.070565] pci_bus 0000:00: resource 5 [mem 0xf1000000-0xf1ffffff]
[    0.070574] pci_bus 0000:00: resource 6 [mem 0x90000000-0x9fffffff]
[    0.070588] pci_bus 0001:10: resource 4 [io  0x0000-0x7fffff]
[    0.070597] pci_bus 0001:10: resource 5 [mem 0xf3000000-0xf3ffffff]
[    0.070606] pci_bus 0001:10: resource 6 [mem 0x80000000-0x8fffffff]
[    0.070618] pci_bus 0002:20: resource 4 [io  0xff7fe000-0xffffdfff]
[    0.070627] pci_bus 0002:20: resource 5 [mem 0xf5000000-0xf5ffffff]
[    0.076689] bio: create slab <bio-0> at 0
[    0.078180] vgaarb: device added: PCI:0000:00:10.0,decodes=io+mem,owns=mem,locks=none
[    0.078211] vgaarb: loaded
[    0.078216] vgaarb: bridge control possible 0000:00:10.0
[    0.079359] SCSI subsystem initialized
[    0.079645] libata version 3.00 loaded.
[    0.079918] usbcore: registered new interface driver usbfs
[    0.079964] usbcore: registered new interface driver hub
[    0.080127] usbcore: registered new device driver usb
[    0.081248] NetLabel: Initializing
[    0.081261] NetLabel:  domain hash size = 128
[    0.081266] NetLabel:  protocols = UNLABELED CIPSOv4
[    0.081337] NetLabel:  unlabeled traffic allowed by default
[    0.081761] Switched to clocksource timebase
[    0.099765] AppArmor: AppArmor Filesystem Enabled
[    0.107599] NET: Registered protocol family 2
[    0.108683] TCP established hash table entries: 8192 (order: 3, 32768 bytes)
[    0.108844] TCP bind hash table entries: 8192 (order: 4, 65536 bytes)
[    0.109131] TCP: Hash tables configured (established 8192 bind 8192)
[    0.109337] TCP: reno registered
[    0.109358] UDP hash table entries: 512 (order: 2, 16384 bytes)
[    0.109447] UDP-Lite hash table entries: 512 (order: 2, 16384 bytes)
[    0.109988] NET: Registered protocol family 1
[    0.110125] pci 0001:10:18.0: enabling device (0000 -> 0002)
[    0.165862] pci 0001:10:19.0: enabling device (0000 -> 0002)
[    0.221801] PCI: CLS mismatch (32 != 1020), using 32 bytes
[    0.222140] Trying to unpack rootfs image as initramfs...
[    1.901178] Freeing initrd memory: 26112K (c1a00000 - c3380000)
[    1.901671] Thermal assist unit not available
[    1.902803] Initialise system trusted keyring
[    1.903019] audit: initializing netlink socket (disabled)
[    1.903078] type=2000 audit(1450893325.892:1): initialized
[    2.016200] bounce pool size: 64 pages
[    2.022459] zbud: loaded
[    2.023041] VFS: Disk quotas dquot_6.5.2
[    2.023257] Dquot-cache hash table entries: 1024 (order 0, 4096 bytes)
[    2.025341] fuse init (API version 7.22)
[    2.025644] msgmni has been set to 1487
[    2.026056] Key type big_key registered
[    2.027680] Key type asymmetric registered
[    2.027696] Asymmetric key parser 'x509' registered
[    2.027811] Block layer SCSI generic (bsg) driver version 0.4 loaded (major 252)
[    2.027998] io scheduler noop registered
[    2.028009] io scheduler deadline registered (default)
[    2.028185] io scheduler cfq registered
[    2.028579] pci_hotplug: PCI Hot Plug PCI Core version: 0.5
[    2.028609] pciehp: PCI Express Hot Plug Controller Driver version: 0.4
[    2.029203] Using unsupported 1024x768 NVDA,NVMac at 98004000, depth=8, pitch=1024
[    2.042348] Console: switching to colour frame buffer device 128x48
[    2.054716] fb0: Open Firmware frame buffer device on /pci@f0000000/NVDA,NVMac@10
[    2.054906] ipmi message handler version 39.2
[    2.056206] Serial: 8250/16550 driver, 32 ports, IRQ sharing enabled
[    2.061388] pmac_zilog: 0.6 (Benjamin Herrenschmidt <benh@kernel.crashing.org>)
[    2.061488] ePAPR hypervisor byte channel driver
[    2.061824] Generic non-volatile memory driver v1.1
[    2.061957] Linux agpgart interface v0.103
[    2.068122] brd: module loaded
[    2.071324] loop: module loaded
[    2.071758] MacIO PCI driver attached to Pangea chipset
[    2.073112] 0.00013020:ch-a: ttyPZ0 at MMIO 0x80013020 (irq = 22, base_baud = 230400) is a Z85c30 ESCC - Serial port
[    2.073635] 0.00013000:ch-b: ttyPZ1 at MMIO 0x80013000 (irq = 23, base_baud = 230400) is a Z85c30 ESCC - Serial port
[    2.075401] adb: starting probe task...
[    2.075429] adb: finished probe task...
[    3.093778] pata-macio 0.0001f000:ata-4: Activating pata-macio chipset KeyLargo ATA-4, Apple bus ID 2
[    3.094540] scsi0 : pata_macio
[    3.094797] ata1: PATA max UDMA/66 irq 19
[    3.096344] libphy: Fixed MDIO Bus: probed
[    3.096922] tun: Universal TUN/TAP device driver, 1.6
[    3.096928] tun: (C) 1999-2004 Max Krasnyansky <maxk@qualcomm.com>
[    3.097217] PPP generic driver version 2.4.2
[    3.097475] ehci_hcd: USB 2.0 'Enhanced' Host Controller (EHCI) Driver
[    3.097615] ehci-pci: EHCI PCI platform driver
[    3.097687] ehci-platform: EHCI generic platform driver
[    3.097731] ohci_hcd: USB 1.1 'Open' Host Controller (OHCI) Driver
[    3.098065] ohci-pci: OHCI PCI platform driver
[    3.098188] ohci-pci 0001:10:18.0: OHCI PCI host controller
[    3.098216] ohci-pci 0001:10:18.0: new USB bus registered, assigned bus number 1
[    3.098328] ohci-pci 0001:10:18.0: irq 27, io mem 0x80081000
[    3.173238] usb usb1: New USB device found, idVendor=1d6b, idProduct=0001
[    3.173252] usb usb1: New USB device strings: Mfr=3, Product=2, SerialNumber=1
[    3.173261] usb usb1: Product: OHCI PCI host controller
[    3.173269] usb usb1: Manufacturer: Linux 3.13.0-74-powerpc-smp ohci_hcd
[    3.173278] usb usb1: SerialNumber: 0001:10:18.0
[    3.173884] hub 1-0:1.0: USB hub found
[    3.173932] hub 1-0:1.0: 2 ports detected
[    3.174346] ohci-pci 0001:10:19.0: OHCI PCI host controller
[    3.174372] ohci-pci 0001:10:19.0: new USB bus registered, assigned bus number 2
[    3.174459] ohci-pci 0001:10:19.0: irq 28, io mem 0x80080000
[    3.249194] usb usb2: New USB device found, idVendor=1d6b, idProduct=0001
[    3.249208] usb usb2: New USB device strings: Mfr=3, Product=2, SerialNumber=1
[    3.249217] usb usb2: Product: OHCI PCI host controller
[    3.249225] usb usb2: Manufacturer: Linux 3.13.0-74-powerpc-smp ohci_hcd
[    3.249234] usb usb2: SerialNumber: 0001:10:19.0
[    3.249797] hub 2-0:1.0: USB hub found
[    3.249861] hub 2-0:1.0: 2 ports detected
[    3.250271] ohci-platform: OHCI generic platform driver
[    3.250338] uhci_hcd: USB Universal Host Controller Interface driver
[    3.251133] mousedev: PS/2 mouse device common for all mice
[    3.251634] PowerMac i2c bus pmu 2 registered
[    3.251763] PowerMac i2c bus pmu 1 registered
[    3.251883] PowerMac i2c bus mac-io 0 registered
[    3.251907] i2c i2c-2: No i2c address for /pci@f2000000/mac-io@17/i2c@18000/i2c-modem
[    3.252048] PowerMac i2c bus uni-n 1 registered
[    3.252176] PowerMac i2c bus uni-n 0 registered
[    3.252534] device-mapper: uevent: version 1.0.3
[    3.252914] device-mapper: ioctl: 4.27.0-ioctl (2013-10-30) initialised: dm-devel@redhat.com
[    3.252962] ledtrig-cpu: registered to indicate activity on CPUs
[    3.253549] TCP: cubic registered
[    3.254504] NET: Registered protocol family 10
[    3.255405] NET: Registered protocol family 17
[    3.255477] Key type dns_resolver registered
[    3.256105] Loading compiled-in X.509 certificates
[    3.264267] Loaded X.509 cert 'Magrathea: Glacier signing key: 468e963e55aafd7de8c01fdc030bbb431c3680b4'
[    3.264375] registered taskstats version 1
[    3.270624] ata1.00: ATA-6: ST360020A, 5.32, max UDMA/100
[    3.270645] ata1.00: 117231408 sectors, multi 16: LBA 
[    3.270670] ata1.01: ATAPI: PIONEER DVD-RW  DVR-104, A227, max UDMA/33
[    3.282282] Key type trusted registered
[    3.286704] ata1.00: configured for UDMA/66
[    3.294475] ata1.01: configured for UDMA/33
[    3.302535] scsi 0:0:0:0: Direct-Access     ATA      ST360020A        5.32 PQ: 0 ANSI: 5
[    3.303395] sd 0:0:0:0: [sda] 117231408 512-byte logical blocks: (60.0 GB/55.8 GiB)
[    3.303656] sd 0:0:0:0: [sda] Write Protect is off
[    3.303669] sd 0:0:0:0: [sda] Mode Sense: 00 3a 00 00
[    3.303777] sd 0:0:0:0: [sda] Write cache: enabled, read cache: enabled, doesn't support DPO or FUA
[    3.304639] sd 0:0:0:0: Attached scsi generic sg0 type 0
[    3.319052] Key type encrypted registered
[    3.319081] AppArmor: AppArmor sha1 policy hashing enabled
[    3.319369] regulator-dummy: disabling
[    3.319847] input: PMU as /devices/virtual/input/input0
[    3.320124] /build/linux-FuiJM1/linux-3.13.0/drivers/rtc/hctosys.c: unable to open rtc device (rtc0)
[    3.328444]  sda: [mac] sda1 sda2 sda3 sda4 sda5
[    3.333524] scsi 0:0:1:0: CD-ROM            PIONEER  DVD-RW  DVR-104  A227 PQ: 0 ANSI: 5
[    3.341309] sr0: scsi3-mmc drive: 24x/24x writer cd/rw xa/form2 cdda tray
[    3.341325] cdrom: Uniform CD-ROM driver Revision: 3.20
[    3.341904] sr 0:0:1:0: Attached scsi CD-ROM sr0
[    3.342480] sr 0:0:1:0: Attached scsi generic sg1 type 5
[    3.346295] sd 0:0:0:0: [sda] Attached SCSI disk
[    3.348621] Freeing unused kernel memory: 500K (c097b000 - c09f8000)
[    3.461970] systemd-udevd[96]: starting version 204
[    3.549904] usb 1-1: new full-speed USB device number 2 using ohci-pci
[    3.637477] agpgart-uninorth 0000:00:0b.0: Apple UniNorth/Pangea chipset
[    3.653915] agpgart-uninorth 0000:00:0b.0: configuring for size idx: 64
[    3.654247] agpgart-uninorth 0000:00:0b.0: AGP aperture is 256M @ 0x0
[    3.716478] [drm] Initialized drm 1.1.0 20060810
[    3.830953] usb 1-1: New USB device found, idVendor=05ac, idProduct=1003
[    3.830973] usb 1-1: New USB device strings: Mfr=1, Product=2, SerialNumber=0
[    3.830982] usb 1-1: Product: Hub in Apple Extended USB Keyboard
[    3.830990] usb 1-1: Manufacturer: Mitsumi Electric
[    3.839929] hub 1-1:1.0: USB hub found
[    3.840875] hub 1-1:1.0: 3 ports detected
[    3.894435] sungem.c:v1.0 David S. Miller <davem@redhat.com>
[    3.895403] gem 0002:20:0f.0 eth0: Sun GEM (PCI) 10/100/1000BaseT Ethernet 00:03:93:6a:5d:f8
[    4.173199] usb 1-2: new full-speed USB device number 3 using ohci-pci
[    4.234001] firewire_ohci 0002:20:0e.0: added OHCI v1.0 device as card 0, 8 IR + 8 IT contexts, quirks 0x0
[    4.254644] checking generic (98004000 c0000) vs hw (98000000 8000000)
[    4.254721] fb: conflicting fb hw usage nouveaufb vs OFfb NVDA,NVMac - removing generic driver
[    4.256881] Console: switching to colour dummy device 80x25
[    4.262783] [drm] hdmi device  not found 0 16 1
[    4.262895] nouveau  [  DEVICE][0000:00:10.0] BOOT0  : 0x011000b2
[    4.262905] nouveau  [  DEVICE][0000:00:10.0] Chipset: NV11 (NV11)
[    4.262913] nouveau  [  DEVICE][0000:00:10.0] Family : NV11
[    4.263445] nouveau  [   VBIOS][0000:00:10.0] checking OpenFirmware for image...
[    4.263477] nouveau  [   VBIOS][0000:00:10.0] ... checksum invalid
[    4.263485] nouveau  [   VBIOS][0000:00:10.0] checking PRAMIN for image...
[    4.263495] nouveau  [   VBIOS][0000:00:10.0] ... signature not found
[    4.263503] nouveau  [   VBIOS][0000:00:10.0] checking PROM for image...
[    4.263555] nouveau  [   VBIOS][0000:00:10.0] ... signature not found
[    4.263563] nouveau  [   VBIOS][0000:00:10.0] checking ACPI for image...
[    4.263571] nouveau  [   VBIOS][0000:00:10.0] ... signature not found
[    4.263579] nouveau  [   VBIOS][0000:00:10.0] checking PCIROM for image...
[    4.263621] nouveau 0000:00:10.0: Invalid ROM contents
[    4.263636] nouveau  [   VBIOS][0000:00:10.0] ... signature not found
[    4.263644] nouveau  [   VBIOS][0000:00:10.0] checking PLATFORM for image...
[    4.263653] nouveau  [   VBIOS][0000:00:10.0] ... signature not found
[    4.263661] nouveau  [   VBIOS][0000:00:10.0] using image from OpenFirmware
[    4.263672] nouveau  [   VBIOS][0000:00:10.0] BMP version 5.10
[    4.263700] nouveau  [   VBIOS][0000:00:10.0] version 03.11.00.15.00
[    4.263721] nouveau W[   VBIOS][0000:00:10.0] DCB table not found
[    4.264003] nouveau W[   VBIOS][0000:00:10.0] DCB table not found
[    4.264140] nouveau W[   VBIOS][0000:00:10.0] DCB table not found
[    4.264150] nouveau W[   VBIOS][0000:00:10.0] DCB table not found
[    4.264174] nouveau  [ DEVINIT][0000:00:10.0] adaptor not initialised
[    4.264193] nouveau  [   VBIOS][0000:00:10.0] running init tables
[    4.296999] nouveau W[  PTIMER][0000:00:10.0] unknown input clock freq
[    4.297039] nouveau  [     PFB][0000:00:10.0] RAM type: DDR1
[    4.297047] nouveau  [     PFB][0000:00:10.0] RAM size: 64 MiB
[    4.297055] nouveau  [     PFB][0000:00:10.0]    ZCOMP: 0 tags
[    4.324944] nouveau  [     CLK][0000:00:10.0] --:   
[    4.328533] [TTM] Zone  kernel: Available graphics memory: 380922 kiB
[    4.328550] [TTM] Zone highmem: Available graphics memory: 511994 kiB
[    4.328559] [TTM] Initializing pool allocator
[    4.328583] [TTM] Initializing DMA pool allocator
[    4.328657] nouveau  [     DRM] VRAM: 63 MiB
[    4.328665] nouveau  [     DRM] GART: 128 MiB
[    4.328681] nouveau  [     DRM] BMP version 5.16
[    4.328691] nouveau W[     DRM] No DCB data found in VBIOS
[    4.344567] nouveau  [     DRM] Adaptor not initialised, running VBIOS init tables.
[    4.345995] nouveau  [     DRM] Saving VGA fonts
[    4.407429] nouveau W[     DRM] No DCB data found in VBIOS
[    4.408847] [drm] Supports vblank timestamp caching Rev 2 (21.10.2013).
[    4.408859] [drm] No driver support for vblank timestamp query.
[    4.423378] nouveau  [     DRM] MM: using M2MF for buffer copies
[    4.478243] nouveau E[   PFIFO][0000:00:10.0] DMA_PUSHER - ch 0 [DRM] get 0x80086078 put 0x0000016c state 0xc000016c (err: MEM_FAULT) push 0x00000000
[    4.478263] nouveau W[   PFIFO][0000:00:10.0] unknown intr 0x00010000, ch 0
[    4.478289] nouveau W[   PFIFO][0000:00:10.0] unknown intr 0x00010000, ch 0
[    4.478299] nouveau W[   PFIFO][0000:00:10.0] unknown intr 0x00010000, ch 0
[    4.478309] nouveau W[   PFIFO][0000:00:10.0] unknown intr 0x00010000, ch 0
[    4.478319] nouveau W[   PFIFO][0000:00:10.0] unknown intr 0x00010000, ch 0
[    4.478330] nouveau W[   PFIFO][0000:00:10.0] unknown intr 0x00010000, ch 0
[    4.478340] nouveau W[   PFIFO][0000:00:10.0] unknown intr 0x00010000, ch 0
[    4.478350] nouveau W[   PFIFO][0000:00:10.0] unknown intr 0x00010000, ch 0
[    4.478360] nouveau W[   PFIFO][0000:00:10.0] unknown intr 0x00010000, ch 0
[    4.478370] nouveau W[   PFIFO][0000:00:10.0] unknown intr 0x00010000, ch 0
[    4.478380] nouveau W[   PFIFO][0000:00:10.0] unknown intr 0x00010000, ch 0
[    4.478391] nouveau W[   PFIFO][0000:00:10.0] unknown intr 0x00010000, ch 0
[    4.478401] nouveau W[   PFIFO][0000:00:10.0] unknown intr 0x00010000, ch 0
[    4.478411] nouveau W[   PFIFO][0000:00:10.0] unknown intr 0x00010000, ch 0
[    4.478421] nouveau W[   PFIFO][0000:00:10.0] unknown intr 0x00010000, ch 0
[    4.478431] nouveau W[   PFIFO][0000:00:10.0] unknown intr 0x00010000, ch 0
[    4.478442] nouveau W[   PFIFO][0000:00:10.0] unknown intr 0x00010000, ch 0
[    4.478452] nouveau W[   PFIFO][0000:00:10.0] unknown intr 0x00010000, ch 0
[    4.478462] nouveau W[   PFIFO][0000:00:10.0] unknown intr 0x00010000, ch 0
[    4.478472] nouveau W[   PFIFO][0000:00:10.0] unknown intr 0x00010000, ch 0
[    4.478482] nouveau W[   PFIFO][0000:00:10.0] unknown intr 0x00010000, ch 0
[    4.478492] nouveau W[   PFIFO][0000:00:10.0] unknown intr 0x00010000, ch 0
[    4.478503] nouveau W[   PFIFO][0000:00:10.0] unknown intr 0x00010000, ch 0
[    4.478513] nouveau W[   PFIFO][0000:00:10.0] unknown intr 0x00010000, ch 0
[    4.478523] nouveau W[   PFIFO][0000:00:10.0] unknown intr 0x00010000, ch 0
[    4.478533] nouveau W[   PFIFO][0000:00:10.0] unknown intr 0x00010000, ch 0
[    4.478544] nouveau W[   PFIFO][0000:00:10.0] unknown intr 0x00010000, ch 0
[    4.478554] nouveau W[   PFIFO][0000:00:10.0] unknown intr 0x00010000, ch 0
[    4.478564] nouveau W[   PFIFO][0000:00:10.0] unknown intr 0x00010000, ch 0
[    4.478574] nouveau W[   PFIFO][0000:00:10.0] unknown intr 0x00010000, ch 0
[    4.478584] nouveau W[   PFIFO][0000:00:10.0] unknown intr 0x00010000, ch 0
[    4.478594] nouveau W[   PFIFO][0000:00:10.0] unknown intr 0x00010000, ch 0
[    4.478604] nouveau W[   PFIFO][0000:00:10.0] unknown intr 0x00010000, ch 0
[    4.478615] nouveau W[   PFIFO][0000:00:10.0] unknown intr 0x00010000, ch 0
[    4.478625] nouveau W[   PFIFO][0000:00:10.0] unknown intr 0x00010000, ch 0
[    4.478635] nouveau W[   PFIFO][0000:00:10.0] unknown intr 0x00010000, ch 0
[    4.478645] nouveau W[   PFIFO][0000:00:10.0] unknown intr 0x00010000, ch 0
[    4.478655] nouveau W[   PFIFO][0000:00:10.0] unknown intr 0x00010000, ch 0
[    4.478665] nouveau W[   PFIFO][0000:00:10.0] unknown intr 0x00010000, ch 0
[    4.478676] nouveau W[   PFIFO][0000:00:10.0] unknown intr 0x00010000, ch 0
[    4.478686] nouveau W[   PFIFO][0000:00:10.0] unknown intr 0x00010000, ch 0
[    4.478696] nouveau W[   PFIFO][0000:00:10.0] unknown intr 0x00010000, ch 0
[    4.478706] nouveau W[   PFIFO][0000:00:10.0] unknown intr 0x00010000, ch 0
[    4.478716] nouveau W[   PFIFO][0000:00:10.0] unknown intr 0x00010000, ch 0
[    4.478727] nouveau W[   PFIFO][0000:00:10.0] unknown intr 0x00010000, ch 0
[    4.478737] nouveau W[   PFIFO][0000:00:10.0] unknown intr 0x00010000, ch 0
[    4.478747] nouveau W[   PFIFO][0000:00:10.0] unknown intr 0x00010000, ch 0
[    4.478757] nouveau W[   PFIFO][0000:00:10.0] unknown intr 0x00010000, ch 0
[    4.478767] nouveau W[   PFIFO][0000:00:10.0] unknown intr 0x00010000, ch 0
[    4.478777] nouveau W[   PFIFO][0000:00:10.0] unknown intr 0x00010000, ch 0
[    4.478787] nouveau W[   PFIFO][0000:00:10.0] unknown intr 0x00010000, ch 0
[    4.478798] nouveau W[   PFIFO][0000:00:10.0] unknown intr 0x00010000, ch 0
[    4.478808] nouveau W[   PFIFO][0000:00:10.0] unknown intr 0x00010000, ch 0
[    4.478818] nouveau W[   PFIFO][0000:00:10.0] unknown intr 0x00010000, ch 0
[    4.478828] nouveau W[   PFIFO][0000:00:10.0] unknown intr 0x00010000, ch 0
[    4.478838] nouveau W[   PFIFO][0000:00:10.0] unknown intr 0x00010000, ch 0
[    4.478848] nouveau W[   PFIFO][0000:00:10.0] unknown intr 0x00010000, ch 0
[    4.478859] nouveau W[   PFIFO][0000:00:10.0] unknown intr 0x00010000, ch 0
[    4.478869] nouveau W[   PFIFO][0000:00:10.0] unknown intr 0x00010000, ch 0
[    4.478879] nouveau W[   PFIFO][0000:00:10.0] unknown intr 0x00010000, ch 0
[    4.478889] nouveau W[   PFIFO][0000:00:10.0] unknown intr 0x00010000, ch 0
[    4.478899] nouveau W[   PFIFO][0000:00:10.0] unknown intr 0x00010000, ch 0
[    4.478909] nouveau W[   PFIFO][0000:00:10.0] unknown intr 0x00010000, ch 0
[    4.478919] nouveau W[   PFIFO][0000:00:10.0] unknown intr 0x00010000, ch 0
[    4.478930] nouveau W[   PFIFO][0000:00:10.0] unknown intr 0x00010000, ch 0
[    4.478940] nouveau W[   PFIFO][0000:00:10.0] unknown intr 0x00010000, ch 0
[    4.478950] nouveau W[   PFIFO][0000:00:10.0] unknown intr 0x00010000, ch 0
[    4.478960] nouveau W[   PFIFO][0000:00:10.0] unknown intr 0x00010000, ch 0
[    4.478970] nouveau W[   PFIFO][0000:00:10.0] unknown intr 0x00010000, ch 0
[    4.478980] nouveau W[   PFIFO][0000:00:10.0] unknown intr 0x00010000, ch 0
[    4.478991] nouveau W[   PFIFO][0000:00:10.0] unknown intr 0x00010000, ch 0
[    4.479001] nouveau W[   PFIFO][0000:00:10.0] unknown intr 0x00010000, ch 0
[    4.479011] nouveau W[   PFIFO][0000:00:10.0] unknown intr 0x00010000, ch 0
[    4.479021] nouveau W[   PFIFO][0000:00:10.0] unknown intr 0x00010000, ch 0
[    4.479031] nouveau W[   PFIFO][0000:00:10.0] unknown intr 0x00010000, ch 0
[    4.479041] nouveau W[   PFIFO][0000:00:10.0] unknown intr 0x00010000, ch 0
[    4.479052] nouveau W[   PFIFO][0000:00:10.0] unknown intr 0x00010000, ch 0
[    4.479062] nouveau W[   PFIFO][0000:00:10.0] unknown intr 0x00010000, ch 0
[    4.479072] nouveau W[   PFIFO][0000:00:10.0] unknown intr 0x00010000, ch 0
[    4.479082] nouveau W[   PFIFO][0000:00:10.0] unknown intr 0x00010000, ch 0
[    4.479092] nouveau W[   PFIFO][0000:00:10.0] unknown intr 0x00010000, ch 0
[    4.479102] nouveau W[   PFIFO][0000:00:10.0] unknown intr 0x00010000, ch 0
[    4.479113] nouveau W[   PFIFO][0000:00:10.0] unknown intr 0x00010000, ch 0
[    4.479123] nouveau W[   PFIFO][0000:00:10.0] unknown intr 0x00010000, ch 0
[    4.479133] nouveau W[   PFIFO][0000:00:10.0] unknown intr 0x00010000, ch 0
[    4.479143] nouveau W[   PFIFO][0000:00:10.0] unknown intr 0x00010000, ch 0
[    4.479153] nouveau W[   PFIFO][0000:00:10.0] unknown intr 0x00010000, ch 0
[    4.479163] nouveau W[   PFIFO][0000:00:10.0] unknown intr 0x00010000, ch 0
[    4.479173] nouveau W[   PFIFO][0000:00:10.0] unknown intr 0x00010000, ch 0
[    4.479184] nouveau W[   PFIFO][0000:00:10.0] unknown intr 0x00010000, ch 0
[    4.479194] nouveau W[   PFIFO][0000:00:10.0] unknown intr 0x00010000, ch 0
[    4.479204] nouveau W[   PFIFO][0000:00:10.0] unknown intr 0x00010000, ch 0
[    4.479214] nouveau W[   PFIFO][0000:00:10.0] unknown intr 0x00010000, ch 0
[    4.479224] nouveau W[   PFIFO][0000:00:10.0] unknown intr 0x00010000, ch 0
[    4.479235] nouveau W[   PFIFO][0000:00:10.0] unknown intr 0x00010000, ch 0
[    4.479245] nouveau W[   PFIFO][0000:00:10.0] unknown intr 0x00010000, ch 0
[    4.479255] nouveau W[   PFIFO][0000:00:10.0] unknown intr 0x00010000, ch 0
[    4.479265] nouveau W[   PFIFO][0000:00:10.0] unknown intr 0x00010000, ch 0
[    4.479275] nouveau W[   PFIFO][0000:00:10.0] unknown intr 0x00010000, ch 0
[    4.479285] nouveau W[   PFIFO][0000:00:10.0] unknown intr 0x00010000, ch 0
[    4.479295] nouveau W[   PFIFO][0000:00:10.0] unknown intr 0x00010000, ch 0
[    4.479304] nouveau E[   PFIFO][0000:00:10.0] still angry after 101 spins, halt
[    4.479320] nouveau  [     DRM] allocated 1024x768 fb: 0x8000, bo c2d5ac00
[    4.514019] usb 1-2: New USB device found, idVendor=148f, idProduct=5370
[    4.514027] usb 1-2: New USB device strings: Mfr=1, Product=2, SerialNumber=3
[    4.514032] usb 1-2: Product: 802.11 n WLAN
[    4.514037] usb 1-2: Manufacturer: Ralink
[    4.514042] usb 1-2: SerialNumber: 1.0
[    4.596399] Console: switching to colour frame buffer device 128x48
[    4.652599] nouveau E[     DRM] GPU lockup - switching to software fbcon
[    4.658312] nouveau 0000:00:10.0: fb0: nouveaufb frame buffer device
[    4.658322] nouveau 0000:00:10.0: registered panic notifier
[    4.658408] usb 1-1.2: new low-speed USB device number 4 using ohci-pci
[    4.689300] [drm] Initialized nouveau 1.1.2 20120801 for 0000:00:10.0 on minor 0
[    4.734678] firewire_core 0002:20:0e.0: created device fw0: GUID 000393fffe6a5df8, S400
[    4.765987] usb 1-1.2: New USB device found, idVendor=05ac, idProduct=0307
[    4.766007] usb 1-1.2: New USB device strings: Mfr=1, Product=2, SerialNumber=0
[    4.766016] usb 1-1.2: Product: Apple Optical USB Mouse
[    4.766024] usb 1-1.2: Manufacturer: Logitech
[    4.841903] usb 1-1.3: new full-speed USB device number 5 using ohci-pci
[    4.949011] usb 1-1.3: New USB device found, idVendor=05ac, idProduct=020b
[    4.949030] usb 1-1.3: New USB device strings: Mfr=1, Product=3, SerialNumber=0
[    4.949039] usb 1-1.3: Product: Apple Extended USB Keyboard
[    4.949048] usb 1-1.3: Manufacturer: Mitsumi Electric
[    5.066263] hidraw: raw HID events driver (C) Jiri Kosina
[    5.146519] usbcore: registered new interface driver usbhid
[    5.146541] usbhid: USB HID core driver
[    5.183604] input: Logitech Apple Optical USB Mouse as /devices/pci0001:10/0001:10:18.0/usb1/1-1/1-1.2/1-1.2:1.0/input/input1
[    5.189947] hid-generic 0003:05AC:0307.0001: input,hidraw0: USB HID v1.10 Mouse [Logitech Apple Optical USB Mouse] on usb-0001:10:18.0-1.2/input0
[    5.195931] input: Mitsumi Electric Apple Extended USB Keyboard as /devices/pci0001:10/0001:10:18.0/usb1/1-1/1-1.3/1-1.3:1.0/input/input2
[    5.198412] hid-generic 0003:05AC:020B.0002: input,hidraw1: USB HID v1.10 Keyboard [Mitsumi Electric Apple Extended USB Keyboard] on usb-0001:10:18.0-1.3/input0
[    5.205552] input: Mitsumi Electric Apple Extended USB Keyboard as /devices/pci0001:10/0001:10:18.0/usb1/1-1/1-1.3/1-1.3:1.1/input/input3
[    5.209321] hid-generic 0003:05AC:020B.0003: input,hidraw2: USB HID v1.10 Device [Mitsumi Electric Apple Extended USB Keyboard] on usb-0001:10:18.0-1.3/input1
[    6.274683] EXT4-fs (sda3): mounted filesystem with ordered data mode. Opts: (null)
[    6.456724] random: nonblocking pool is initialized
[   24.325455] Adding 2439860k swap on /dev/sda4.  Priority:-1 extents:1 across:2439860k FS
[   24.631053] IPv6: ADDRCONF(NETDEV_UP): eth0: link is not ready
[   25.743974] EXT4-fs (sda3): re-mounted. Opts: errors=remount-ro
[   26.010815] systemd-udevd[309]: starting version 204
[   26.990777] apm_emu: PMU APM Emulation initialized.
[   29.058086] i2c i2c-0: PMac Keywest Audio: attach_adapter method is deprecated
[   29.058105] i2c i2c-0: Please use another way to instantiate your i2c_client
[   29.058116] i2c i2c-1: PMac Keywest Audio: attach_adapter method is deprecated
[   29.058124] i2c i2c-1: Please use another way to instantiate your i2c_client
[   29.058133] i2c i2c-2: PMac Keywest Audio: attach_adapter method is deprecated
[   29.058141] i2c i2c-2: Please use another way to instantiate your i2c_client
[   29.058367] i2c i2c-3: PMac Keywest Audio: attach_adapter method is deprecated
[   29.058378] i2c i2c-3: Please use another way to instantiate your i2c_client
[   29.058388] i2c i2c-4: PMac Keywest Audio: attach_adapter method is deprecated
[   29.058395] i2c i2c-4: Please use another way to instantiate your i2c_client
[   29.058405] i2c i2c-5: PMac Keywest Audio: attach_adapter method is deprecated
[   29.058413] i2c i2c-5: Please use another way to instantiate your i2c_client
[   29.058422] i2c i2c-6: PMac Keywest Audio: attach_adapter method is deprecated
[   29.058430] i2c i2c-6: Please use another way to instantiate your i2c_client
[   29.060940] input: PowerMac Beep as /devices/pci0001:10/0001:10:17.0/input/input4
[   29.310087] lp: driver loaded but no devices found
[   29.437550] ppdev: user-space parallel port driver
[   30.551338] rtc-generic rtc-generic: rtc core: registered rtc-generic as rtc0
[   31.507722] cfg80211: Calling CRDA to update world regulatory domain
[   32.145205] type=1400 audit(1450893356.131:2): apparmor="STATUS" operation="profile_load" profile="unconfined" name="/sbin/dhclient" pid=492 comm="apparmor_parser"
[   32.145253] type=1400 audit(1450893356.131:3): apparmor="STATUS" operation="profile_load" profile="unconfined" name="/usr/lib/NetworkManager/nm-dhcp-client.action" pid=492 comm="apparmor_parser"
[   32.145276] type=1400 audit(1450893356.131:4): apparmor="STATUS" operation="profile_load" profile="unconfined" name="/usr/lib/connman/scripts/dhclient-script" pid=492 comm="apparmor_parser"
[   32.176165] type=1400 audit(1450893356.163:5): apparmor="STATUS" operation="profile_replace" profile="unconfined" name="/usr/lib/NetworkManager/nm-dhcp-client.action" pid=492 comm="apparmor_parser"
[   32.176218] type=1400 audit(1450893356.163:6): apparmor="STATUS" operation="profile_replace" profile="unconfined" name="/usr/lib/connman/scripts/dhclient-script" pid=492 comm="apparmor_parser"
[   32.177246] type=1400 audit(1450893356.163:7): apparmor="STATUS" operation="profile_replace" profile="unconfined" name="/usr/lib/connman/scripts/dhclient-script" pid=492 comm="apparmor_parser"
[   32.462046] Bluetooth: Core ver 2.17
[   32.462441] NET: Registered protocol family 31
[   32.462452] Bluetooth: HCI device and connection manager initialized
[   32.462494] Bluetooth: HCI socket layer initialized
[   32.462506] Bluetooth: L2CAP socket layer initialized
[   32.462539] Bluetooth: SCO socket layer initialized
[   32.607042] Bluetooth: BNEP (Ethernet Emulation) ver 1.3
[   32.607065] Bluetooth: BNEP filters: protocol multicast
[   32.607112] Bluetooth: BNEP socket layer initialized
[   32.749726] Bluetooth: RFCOMM TTY layer initialized
[   32.749913] Bluetooth: RFCOMM socket layer initialized
[   32.749964] Bluetooth: RFCOMM ver 1.11
[   33.599323] type=1400 audit(1450893357.587:8): apparmor="STATUS" operation="profile_load" profile="unconfined" name="/usr/lib/cups/backend/cups-pdf" pid=526 comm="apparmor_parser"
[   33.599371] type=1400 audit(1450893357.587:9): apparmor="STATUS" operation="profile_load" profile="unconfined" name="/usr/sbin/cupsd" pid=526 comm="apparmor_parser"
[   33.601325] type=1400 audit(1450893357.587:10): apparmor="STATUS" operation="profile_replace" profile="unconfined" name="/usr/sbin/cupsd" pid=526 comm="apparmor_parser"
[   34.557569] init: cups main process (533) killed by HUP signal
[   34.557657] init: cups main process ended, respawning
[   35.080442] usb 1-2: reset full-speed USB device number 3 using ohci-pci
[   35.309961] ieee80211 phy0: rt2x00_set_rt: Info - RT chipset 5390, rev 0502 detected
[   36.230092] ieee80211 phy0: rt2x00_set_rf: Info - RF chipset 5370 detected
[   36.415109] ieee80211 phy0: Selected rate control algorithm 'minstrel_ht'
[   36.431279] usbcore: registered new interface driver rt2800usb
[   38.282952] input: Macintosh mouse button emulation as /devices/virtual/input/input5
[   38.630137] init: failsafe main process (583) killed by TERM signal
[   40.841703] cfg80211: World regulatory domain updated:
[   40.841731] cfg80211:   (start_freq - end_freq @ bandwidth), (max_antenna_gain, max_eirp)
[   40.841740] cfg80211:   (2402000 KHz - 2472000 KHz @ 40000 KHz), (300 mBi, 2000 mBm)
[   40.841892] cfg80211:   (2457000 KHz - 2482000 KHz @ 40000 KHz), (300 mBi, 2000 mBm)
[   40.841902] cfg80211:   (2474000 KHz - 2494000 KHz @ 20000 KHz), (300 mBi, 2000 mBm)
[   40.841909] cfg80211:   (5170000 KHz - 5250000 KHz @ 40000 KHz), (300 mBi, 2000 mBm)
[   40.841917] cfg80211:   (5735000 KHz - 5835000 KHz @ 40000 KHz), (300 mBi, 2000 mBm)
[   42.555527] ieee80211 phy0: rt2x00lib_request_firmware: Info - Loading firmware file 'rt2870.bin'
[   42.590047] ieee80211 phy0: rt2x00lib_request_firmware: Info - Firmware detected - version: 0.29
[   43.211844] type=1400 audit(1450893367.199:11): apparmor="STATUS" operation="profile_load" profile="unconfined" name="/usr/lib/lightdm/lightdm-guest-session" pid=813 comm="apparmor_parser"
[   43.211896] type=1400 audit(1450893367.199:12): apparmor="STATUS" operation="profile_load" profile="unconfined" name="chromium" pid=813 comm="apparmor_parser"
[   43.217972] type=1400 audit(1450893367.207:13): apparmor="STATUS" operation="profile_replace" profile="unconfined" name="chromium" pid=813 comm="apparmor_parser"
[   43.337226] type=1400 audit(1450893367.323:14): apparmor="STATUS" operation="profile_replace" profile="unconfined" name="/sbin/dhclient" pid=816 comm="apparmor_parser"
[   43.337282] type=1400 audit(1450893367.323:15): apparmor="STATUS" operation="profile_replace" profile="unconfined" name="/usr/lib/NetworkManager/nm-dhcp-client.action" pid=816 comm="apparmor_parser"
[   43.337308] type=1400 audit(1450893367.323:16): apparmor="STATUS" operation="profile_replace" profile="unconfined" name="/usr/lib/connman/scripts/dhclient-script" pid=816 comm="apparmor_parser"
[   43.340181] type=1400 audit(1450893367.327:17): apparmor="STATUS" operation="profile_replace" profile="unconfined" name="/usr/lib/NetworkManager/nm-dhcp-client.action" pid=816 comm="apparmor_parser"
[   43.340234] type=1400 audit(1450893367.327:18): apparmor="STATUS" operation="profile_replace" profile="unconfined" name="/usr/lib/connman/scripts/dhclient-script" pid=816 comm="apparmor_parser"
[   43.359932] type=1400 audit(1450893367.347:19): apparmor="STATUS" operation="profile_replace" profile="unconfined" name="/usr/lib/connman/scripts/dhclient-script" pid=816 comm="apparmor_parser"
[   43.763800] type=1400 audit(1450893367.751:20): apparmor="STATUS" operation="profile_load" profile="unconfined" name="/usr/lib/telepathy/mission-control-5" pid=825 comm="apparmor_parser"
[   45.437338] IPv6: ADDRCONF(NETDEV_UP): wlan0: link is not ready
[   45.440864] IPv6: ADDRCONF(NETDEV_UP): wlan0: link is not ready
[   45.646412] sungem_phy: PHY ID: 1378e2, addr: 0
[   45.646448] gem 0002:20:0f.0 eth0: Found Generic MII PHY
[   45.646783] IPv6: ADDRCONF(NETDEV_UP): eth0: link is not ready
[   45.649734] IPv6: ADDRCONF(NETDEV_UP): eth0: link is not ready
[   49.257989] gem 0002:20:0f.0 eth0: Link is up at 100 Mbps, full-duplex
[   49.258127] gem 0002:20:0f.0 eth0: Pause is disabled
[   49.258280] IPv6: ADDRCONF(NETDEV_CHANGE): eth0: link becomes ready
[   51.337114] audit_printk_skb: 66 callbacks suppressed
[   51.337138] type=1400 audit(1450893375.323:43): apparmor="STATUS" operation="profile_replace" profile="unconfined" name="/usr/sbin/cups-browsed" pid=1089 comm="apparmor_parser"
[   52.517978] input: Mouseemu virtual keyboard as /devices/virtual/input/input6
[   52.523292] input: Mouseemu virtual mouse as /devices/virtual/input/input7
[   64.930375] type=1400 audit(1450878988.945:44): apparmor="STATUS" operation="profile_replace" profile="unconfined" name="/usr/lib/cups/backend/cups-pdf" pid=1365 comm="apparmor_parser"
[   64.930466] type=1400 audit(1450878988.945:45): apparmor="STATUS" operation="profile_replace" profile="unconfined" name="/usr/sbin/cupsd" pid=1365 comm="apparmor_parser"
[   64.932484] type=1400 audit(1450878988.945:46): apparmor="STATUS" operation="profile_replace" profile="unconfined" name="/usr/sbin/cupsd" pid=1365 comm="apparmor_parser"
[   67.945371] init: plymouth-upstart-bridge main process ended, respawning
[   68.065527] init: plymouth-upstart-bridge main process (1374) terminated with status 1
[   68.065626] init: plymouth-upstart-bridge main process ended, respawning

```

Xorg log without modeset

```

[    50.698] 
X.Org X Server 1.15.1
Release Date: 2014-04-13
[    50.698] X Protocol Version 11, Revision 0
[    50.698] Build Operating System: Linux 3.13.0-45-powerpc64-smp ppc Ubuntu
[    50.698] Current Operating System: Linux azimac 3.13.0-74-powerpc-smp #118-Ubuntu SMP Thu Dec 17 22:51:51 UTC 2015 ppc
[    50.699] Kernel command line: root=UUID=9b004bd3-bd71-4456-8097-75d342388b17 ro quiet splash 
[    50.699] Build Date: 12 February 2015  02:53:48PM
[    50.699] xorg-server 2:1.15.1-0ubuntu2.7 (For technical support please see http://www.ubuntu.com/support) 
[    50.699] Current version of pixman: 0.30.2
[    50.699] 	Before reporting problems, check http://wiki.x.org
	to make sure that you have the latest version.
[    50.699] Markers: (--) probed, (**) from config file, (==) default setting,
	(++) from command line, (!!) notice, (II) informational,
	(WW) warning, (EE) error, (NI) not implemented, (??) unknown.
[    50.719] (==) Log file: "/var/log/Xorg.0.log", Time: Wed Dec 23 12:56:14 2015
[    50.743] (==) Using system config directory "/usr/share/X11/xorg.conf.d"
[    50.745] (==) No Layout section.  Using the first Screen section.
[    50.745] (==) No screen section available. Using defaults.
[    50.745] (**) |-->Screen "Default Screen Section" (0)
[    50.745] (**) |   |-->Monitor "<default monitor>"
[    50.761] (==) No monitor specified for screen "Default Screen Section".
	Using a default monitor configuration.
[    50.761] (==) Automatically adding devices
[    50.761] (==) Automatically enabling devices
[    50.761] (==) Automatically adding GPU devices
[    50.761] (WW) The directory "/usr/share/fonts/X11/cyrillic" does not exist.
[    50.761] 	Entry deleted from font path.
[    50.762] (WW) The directory "/usr/share/fonts/X11/100dpi/" does not exist.
[    50.762] 	Entry deleted from font path.
[    50.762] (WW) The directory "/usr/share/fonts/X11/75dpi/" does not exist.
[    50.762] 	Entry deleted from font path.
[    50.762] (WW) The directory "/usr/share/fonts/X11/100dpi" does not exist.
[    50.762] 	Entry deleted from font path.
[    50.762] (WW) The directory "/usr/share/fonts/X11/75dpi" does not exist.
[    50.762] 	Entry deleted from font path.
[    50.762] (==) FontPath set to:
	/usr/share/fonts/X11/misc,
	/usr/share/fonts/X11/Type1,
	built-ins
[    50.762] (==) ModulePath set to "/usr/lib/powerpc-linux-gnu/xorg/extra-modules,/usr/lib/xorg/extra-modules,/usr/lib/xorg/modules"
[    50.762] (II) The server relies on udev to provide the list of input devices.
	If no devices become available, reconfigure udev or disable AutoAddDevices.
[    50.762] (II) Loader magic: 0x202e8694
[    50.762] (II) Module ABI versions:
[    50.762] 	X.Org ANSI C Emulation: 0.4
[    50.762] 	X.Org Video Driver: 15.0
[    50.762] 	X.Org XInput driver : 20.0
[    50.762] 	X.Org Server Extension : 8.0
[    50.783] (II) xfree86: Adding drm device (/dev/dri/card0)
[    50.809] (--) PCI:*(0:0:16:0) 10de:0110:0000:0000 rev 178, Mem @ 0x91000000/16777216, 0x98000000/134217728, BIOS @ 0x????????/65536
[    50.809] Initializing built-in extension Generic Event Extension
[    50.809] Initializing built-in extension SHAPE
[    50.809] Initializing built-in extension MIT-SHM
[    50.810] Initializing built-in extension XInputExtension
[    50.810] Initializing built-in extension XTEST
[    50.810] Initializing built-in extension BIG-REQUESTS
[    50.810] Initializing built-in extension SYNC
[    50.810] Initializing built-in extension XKEYBOARD
[    50.810] Initializing built-in extension XC-MISC
[    50.810] Initializing built-in extension SECURITY
[    50.810] Initializing built-in extension XINERAMA
[    50.810] Initializing built-in extension XFIXES
[    50.810] Initializing built-in extension RENDER
[    50.810] Initializing built-in extension RANDR
[    50.810] Initializing built-in extension COMPOSITE
[    50.810] Initializing built-in extension DAMAGE
[    50.810] Initializing built-in extension MIT-SCREEN-SAVER
[    50.810] Initializing built-in extension DOUBLE-BUFFER
[    50.810] Initializing built-in extension RECORD
[    50.810] Initializing built-in extension DPMS
[    50.810] Initializing built-in extension Present
[    50.811] Initializing built-in extension DRI3
[    50.811] Initializing built-in extension X-Resource
[    50.811] Initializing built-in extension XVideo
[    50.811] Initializing built-in extension XVideo-MotionCompensation
[    50.811] Initializing built-in extension SELinux
[    50.811] Initializing built-in extension XFree86-VidModeExtension
[    50.811] Initializing built-in extension XFree86-DGA
[    50.811] Initializing built-in extension XFree86-DRI
[    50.811] Initializing built-in extension DRI2
[    50.811] (II) LoadModule: "glx"
[    50.898] (II) Loading /usr/lib/xorg/modules/extensions/libglx.so
[    51.241] (II) Module glx: vendor="X.Org Foundation"
[    51.241] 	compiled for 1.15.1, module version = 1.0.0
[    51.242] 	ABI class: X.Org Server Extension, version 8.0
[    51.242] (==) AIGLX enabled
[    51.242] Loading extension GLX
[    51.242] (==) Matched nvidia as autoconfigured driver 0
[    51.242] (==) Matched nouveau as autoconfigured driver 1
[    51.242] (==) Matched nvidia as autoconfigured driver 2
[    51.242] (==) Matched nouveau as autoconfigured driver 3
[    51.242] (==) Matched modesetting as autoconfigured driver 4
[    51.242] (==) Matched fbdev as autoconfigured driver 5
[    51.242] (==) Assigned the driver to the xf86ConfigLayout
[    51.243] (II) LoadModule: "nvidia"
[    51.298] (WW) Warning, couldn't open module nvidia
[    51.370] (II) UnloadModule: "nvidia"
[    51.370] (II) Unloading nvidia
[    51.370] (EE) Failed to load module "nvidia" (module does not exist, 0)
[    51.371] (II) LoadModule: "nouveau"
[    51.377] (II) Loading /usr/lib/xorg/modules/drivers/nouveau_drv.so
[    51.477] (II) Module nouveau: vendor="X.Org Foundation"
[    51.477] 	compiled for 1.15.0, module version = 1.0.10
[    51.477] 	Module class: X.Org Video Driver
[    51.477] 	ABI class: X.Org Video Driver, version 15.0
[    51.477] (II) LoadModule: "modesetting"
[    51.479] (WW) Warning, couldn't open module modesetting
[    51.479] (II) UnloadModule: "modesetting"
[    51.479] (II) Unloading modesetting
[    51.479] (EE) Failed to load module "modesetting" (module does not exist, 0)
[    51.489] (II) LoadModule: "fbdev"
[    51.490] (II) Loading /usr/lib/xorg/modules/drivers/fbdev_drv.so
[    51.514] (II) Module fbdev: vendor="X.Org Foundation"
[    51.514] 	compiled for 1.15.0, module version = 0.4.4
[    51.514] 	Module class: X.Org Video Driver
[    51.515] 	ABI class: X.Org Video Driver, version 15.0
[    51.515] (==) Matched nvidia as autoconfigured driver 0
[    51.515] (==) Matched nouveau as autoconfigured driver 1
[    51.515] (==) Matched nvidia as autoconfigured driver 2
[    51.515] (==) Matched nouveau as autoconfigured driver 3
[    51.515] (==) Matched modesetting as autoconfigured driver 4
[    51.515] (==) Matched fbdev as autoconfigured driver 5
[    51.515] (==) Assigned the driver to the xf86ConfigLayout
[    51.515] (II) LoadModule: "nvidia"
[    51.542] (WW) Warning, couldn't open module nvidia
[    51.542] (II) UnloadModule: "nvidia"
[    51.542] (II) Unloading nvidia
[    51.543] (EE) Failed to load module "nvidia" (module does not exist, 0)
[    51.543] (II) LoadModule: "nouveau"
[    51.604] (II) Loading /usr/lib/xorg/modules/drivers/nouveau_drv.so
[    51.605] (II) Module nouveau: vendor="X.Org Foundation"
[    51.605] 	compiled for 1.15.0, module version = 1.0.10
[    51.605] 	Module class: X.Org Video Driver
[    51.605] 	ABI class: X.Org Video Driver, version 15.0
[    51.605] (II) UnloadModule: "nouveau"
[    51.605] (II) Unloading nouveau
[    51.605] (II) Failed to load module "nouveau" (already loaded, 0)
[    51.605] (II) LoadModule: "modesetting"
[    51.607] (WW) Warning, couldn't open module modesetting
[    51.607] (II) UnloadModule: "modesetting"
[    51.607] (II) Unloading modesetting
[    51.607] (EE) Failed to load module "modesetting" (module does not exist, 0)
[    51.607] (II) LoadModule: "fbdev"
[    51.635] (II) Loading /usr/lib/xorg/modules/drivers/fbdev_drv.so
[    51.635] (II) Module fbdev: vendor="X.Org Foundation"
[    51.635] 	compiled for 1.15.0, module version = 0.4.4
[    51.635] 	Module class: X.Org Video Driver
[    51.635] 	ABI class: X.Org Video Driver, version 15.0
[    51.635] (II) UnloadModule: "fbdev"
[    51.635] (II) Unloading fbdev
[    51.666] (II) Failed to load module "fbdev" (already loaded, 0)
[    51.666] (II) NOUVEAU driver Date:   Thu Nov 7 14:56:48 2013 +1000
[    51.666] (II) NOUVEAU driver for NVIDIA chipset families :
[    51.666] 	RIVA TNT        (NV04)
[    51.672] 	RIVA TNT2       (NV05)
[    51.672] 	GeForce 256     (NV10)
[    51.672] 	GeForce 2       (NV11, NV15)
[    51.673] 	GeForce 4MX     (NV17, NV18)
[    51.673] 	GeForce 3       (NV20)
[    51.673] 	GeForce 4Ti     (NV25, NV28)
[    51.673] 	GeForce FX      (NV3x)
[    51.673] 	GeForce 6       (NV4x)
[    51.674] 	GeForce 7       (G7x)
[    51.674] 	GeForce 8       (G8x)
[    51.674] 	GeForce GTX 200 (NVA0)
[    51.674] 	GeForce GTX 400 (NVC0)
[    51.674] (II) FBDEV: driver for framebuffer: fbdev
[    51.674] (++) using VT number 7


[    51.676] (II) [drm] nouveau interface version: 1.1.2
[    51.677] (WW) Falling back to old probe method for fbdev
[    51.677] (II) Loading sub module "fbdevhw"
[    51.677] (II) LoadModule: "fbdevhw"
[    51.678] (II) Loading /usr/lib/xorg/modules/libfbdevhw.so
[    51.678] (II) Module fbdevhw: vendor="X.Org Foundation"
[    51.679] 	compiled for 1.15.1, module version = 0.0.2
[    51.679] 	ABI class: X.Org Video Driver, version 15.0
[    51.679] (II) Loading sub module "dri2"
[    51.679] (II) LoadModule: "dri2"
[    51.679] (II) Module "dri2" already built-in
[    51.700] (--) NOUVEAU(0): Chipset: "NVIDIA NV11"
[    51.701] (II) NOUVEAU(0): Creating default Display subsection in Screen section
	"Default Screen Section" for depth/fbbpp 24/32
[    51.701] (==) NOUVEAU(0): Depth 24, (--) framebuffer bpp 32
[    51.701] (==) NOUVEAU(0): RGB weight 888
[    51.701] (==) NOUVEAU(0): Default visual is TrueColor
[    51.701] (==) NOUVEAU(0): Using HW cursor
[    51.701] (==) NOUVEAU(0): GLX sync to VBlank enabled.
[    51.701] (==) NOUVEAU(0): Page flipping enabled
[    51.701] (==) NOUVEAU(0): Swap limit set to 2 [Max allowed 2]
[    51.783] (II) NOUVEAU(0): Output VGA-1 has no monitor section
[    51.939] (II) NOUVEAU(0): EDID for output VGA-1
[    51.943] (II) NOUVEAU(0): Manufacturer: APP  Model: 9c10  Serial#: 0
[    51.943] (II) NOUVEAU(0): Year: 2001  Week: 0
[    51.943] (II) NOUVEAU(0): EDID Version: 1.3
[    51.943] (II) NOUVEAU(0): Digital Display Input
[    51.943] (II) NOUVEAU(0): Max Image Size [cm]: horiz.: 30  vert.: 23
[    51.944] (II) NOUVEAU(0): Gamma: 2.30
[    51.944] (II) NOUVEAU(0): DPMS capabilities: Off
[    51.944] (II) NOUVEAU(0): Supported color encodings: RGB 4:4:4 YCrCb 4:4:4 
[    51.944] (II) NOUVEAU(0): First detailed timing not preferred mode in violation of standard!
[    51.944] (II) NOUVEAU(0): redX: 0.604 redY: 0.335   greenX: 0.317 greenY: 0.546
[    51.944] (II) NOUVEAU(0): blueX: 0.151 blueY: 0.118   whiteX: 0.313 whiteY: 0.329
[    51.944] (II) NOUVEAU(0): Supported established timings:
[    51.944] (II) NOUVEAU(0): 1024x768@60Hz
[    51.944] (II) NOUVEAU(0): Manufacturer's mask: 0
[    51.944] (II) NOUVEAU(0): Supported detailed timing:
[    51.944] (II) NOUVEAU(0): clock: 65.0 MHz   Image Size:  304 x 228 mm
[    51.945] (II) NOUVEAU(0): h_active: 1024  h_sync: 1048  h_sync_end 1184 h_blank_end 1344 h_border: 0
[    51.945] (II) NOUVEAU(0): v_active: 768  v_sync: 771  v_sync_end 777 v_blanking: 806 v_border: 0
[    51.945] (II) NOUVEAU(0):  LM150X1
[    51.945] (II) NOUVEAU(0):  LM150X1
[    51.945] (II) NOUVEAU(0): Monitor name: Color LCD
[    51.945] (II) NOUVEAU(0): EDID (in hex):
[    51.945] (II) NOUVEAU(0): 	00ffffffffffff000610109c00000000
[    51.945] (II) NOUVEAU(0): 	000b0103801e178228f7d59a55518b26
[    51.945] (II) NOUVEAU(0): 	1e505400080001010101010101010101
[    51.945] (II) NOUVEAU(0): 	01010101010164190040410026301888
[    51.945] (II) NOUVEAU(0): 	360030e410000018000000fe004c4d31
[    51.945] (II) NOUVEAU(0): 	35305831000000000a20000000fe004c
[    51.945] (II) NOUVEAU(0): 	4d3135305831000000000a20000000fc
[    51.946] (II) NOUVEAU(0): 	00436f6c6f72204c43440a20202000c1
[    51.946] (II) NOUVEAU(0): Printing probed modes for output VGA-1
[    51.946] (II) NOUVEAU(0): Modeline "1024x768"x60.0   65.00  1024 1048 1184 1344  768 771 777 806 -hsync -vsync (48.4 kHz e)
[    51.946] (II) NOUVEAU(0): Output VGA-1 connected
[    51.946] (II) NOUVEAU(0): Using exact sizes for initial modes
[    51.946] (II) NOUVEAU(0): Output VGA-1 using initial mode 1024x768
[    51.946] (II) NOUVEAU(0): Using default gamma of (1.0, 1.0, 1.0) unless otherwise stated.
[    51.946] (--) NOUVEAU(0): Virtual size is 1024x768 (pitch 0)
[    51.946] (**) NOUVEAU(0):  Driver mode "1024x768": 65.0 MHz (scaled from 0.0 MHz), 48.4 kHz, 60.0 Hz
[    51.946] (II) NOUVEAU(0): Modeline "1024x768"x60.0   65.00  1024 1048 1184 1344  768 771 777 806 -hsync -vsync (48.4 kHz e)
[    51.947] (==) NOUVEAU(0): DPI set to (96, 96)
[    51.947] (II) Loading sub module "fb"
[    51.947] (II) LoadModule: "fb"
[    51.981] (II) Loading /usr/lib/xorg/modules/libfb.so
[    51.985] (II) Module fb: vendor="X.Org Foundation"
[    51.985] 	compiled for 1.15.1, module version = 1.0.0
[    51.985] 	ABI class: X.Org ANSI C Emulation, version 0.4
[    51.985] (II) Loading sub module "exa"
[    51.985] (II) LoadModule: "exa"
[    51.986] (II) Loading /usr/lib/xorg/modules/libexa.so
[    52.031] (II) Module exa: vendor="X.Org Foundation"
[    52.031] 	compiled for 1.15.1, module version = 2.6.0
[    52.031] 	ABI class: X.Org Video Driver, version 15.0
[    52.031] (II) Loading sub module "shadowfb"
[    52.031] (II) LoadModule: "shadowfb"
[    52.032] (II) Loading /usr/lib/xorg/modules/libshadowfb.so
[    52.131] (II) Module shadowfb: vendor="X.Org Foundation"
[    52.131] 	compiled for 1.15.1, module version = 1.0.0
[    52.131] 	ABI class: X.Org ANSI C Emulation, version 0.4
[    52.135] (II) UnloadModule: "fbdev"
[    52.135] (II) Unloading fbdev
[    52.135] (II) UnloadSubModule: "fbdevhw"
[    52.135] (II) Unloading fbdevhw
[    52.136] (--) Depth 24 pixmap format is 32 bpp
[    52.137] (II) NOUVEAU(0): Opened GPU channel 0
[    52.161] (II) NOUVEAU(0): [DRI2] Setup complete
[    52.162] (II) NOUVEAU(0): [DRI2]   DRI driver: nouveau_vieux
[    52.162] (II) NOUVEAU(0): [DRI2]   VDPAU driver: nouveau_vieux
[    52.167] (II) EXA(0): Driver allocated offscreen pixmaps
[    52.167] (II) EXA(0): Driver registered support for the following operations:
[    52.167] (II)         Solid
[    52.167] (II)         Copy
[    52.167] (II)         Composite (RENDER acceleration)
[    52.167] (II)         UploadToScreen
[    52.167] (II)         DownloadFromScreen
[    52.175] (==) NOUVEAU(0): Backing store enabled
[    52.175] (==) NOUVEAU(0): Silken mouse enabled
[    52.177] (==) NOUVEAU(0): DPMS enabled
[    52.178] (II) NOUVEAU(0): RandR 1.2 enabled, ignore the following RandR disabled message.
[    52.179] (--) RandR disabled
[    52.444] (II) SELinux: Disabled on system
[    52.615] (II) AIGLX: enabled GLX_MESA_copy_sub_buffer
[    52.621] (II) AIGLX: enabled GLX_ARB_create_context
[    52.621] (II) AIGLX: enabled GLX_ARB_create_context_profile
[    52.621] (II) AIGLX: enabled GLX_EXT_create_context_es2_profile
[    52.621] (II) AIGLX: enabled GLX_INTEL_swap_event
[    52.621] (II) AIGLX: enabled GLX_SGI_swap_control and GLX_MESA_swap_control
[    52.621] (II) AIGLX: enabled GLX_EXT_framebuffer_sRGB
[    52.621] (II) AIGLX: enabled GLX_ARB_fbconfig_float
[    52.621] (II) AIGLX: GLX_EXT_texture_from_pixmap backed by buffer objects
[    52.623] (II) AIGLX: Loaded and initialized nouveau_vieux
[    52.623] (II) GLX: Initialized DRI2 GL provider for screen 0
[    67.637] (II) NOUVEAU(0): NVEnterVT is called.
[    67.638] (II) NOUVEAU(0): Setting screen physical size to 270 x 203
[    67.653] resize called 1024 768
[    67.723] (II) XKB: reuse xkmfile /var/lib/xkb/server-B20D7FC79C7F597315E3E501AEF10E0D866E8E92.xkm
[    67.750] (II) config/udev: Adding drm device (/dev/dri/card0) card0 /sys/devices/pci0000:00/0000:00:10.0/drm/card0
[    67.750] (II) config/udev: Ignoring already known drm device (/dev/dri/card0)
[    67.754] (II) config/udev: Adding input device PowerMac Beep (/dev/input/event4)
[    67.755] (II) No input driver specified, ignoring this device.
[    67.755] (II) This device may have been added with another device file.
[    67.757] (II) config/udev: Adding input device Logitech Apple Optical USB Mouse (/dev/input/event1)
[    67.758] (**) Logitech Apple Optical USB Mouse: Applying InputClass "evdev pointer catchall"
[    67.758] (II) LoadModule: "evdev"
[    67.759] (II) Loading /usr/lib/xorg/modules/input/evdev_drv.so
[    67.793] (II) Module evdev: vendor="X.Org Foundation"
[    67.794] 	compiled for 1.15.0, module version = 2.8.2
[    67.794] 	Module class: X.Org XInput Driver
[    67.794] 	ABI class: X.Org XInput driver, version 20.0
[    67.794] (II) Using input driver 'evdev' for 'Logitech Apple Optical USB Mouse'
[    67.794] (**) Logitech Apple Optical USB Mouse: always reports core events
[    67.794] (**) evdev: Logitech Apple Optical USB Mouse: Device: "/dev/input/event1"
[    67.794] (--) evdev: Logitech Apple Optical USB Mouse: Vendor 0x5ac Product 0x307
[    67.794] (--) evdev: Logitech Apple Optical USB Mouse: Found 1 mouse buttons
[    67.795] (--) evdev: Logitech Apple Optical USB Mouse: Found relative axes
[    67.795] (--) evdev: Logitech Apple Optical USB Mouse: Found x and y relative axes
[    67.795] (II) evdev: Logitech Apple Optical USB Mouse: Configuring as mouse
[    67.795] (**) evdev: Logitech Apple Optical USB Mouse: YAxisMapping: buttons 4 and 5
[    67.795] (**) evdev: Logitech Apple Optical USB Mouse: EmulateWheelButton: 4, EmulateWheelInertia: 10, EmulateWheelTimeout: 200
[    67.795] (**) Option "config_info" "udev:/sys/devices/pci0001:10/0001:10:18.0/usb1/1-1/1-1.2/1-1.2:1.0/input/input1/event1"
[    67.795] (II) XINPUT: Adding extended input device "Logitech Apple Optical USB Mouse" (type: MOUSE, id 6)
[    67.796] (II) evdev: Logitech Apple Optical USB Mouse: initialized for relative axes.
[    67.797] (**) Logitech Apple Optical USB Mouse: (accel) keeping acceleration scheme 1
[    67.797] (**) Logitech Apple Optical USB Mouse: (accel) acceleration profile 0
[    67.797] (**) Logitech Apple Optical USB Mouse: (accel) acceleration factor: 2.000
[    67.797] (**) Logitech Apple Optical USB Mouse: (accel) acceleration threshold: 4
[    67.800] (II) config/udev: Adding input device Logitech Apple Optical USB Mouse (/dev/input/mouse0)
[    67.800] (II) No input driver specified, ignoring this device.
[    67.800] (II) This device may have been added with another device file.
[    67.803] (II) config/udev: Adding input device Mitsumi Electric Apple Extended USB Keyboard (/dev/input/event2)
[    67.803] (**) Mitsumi Electric Apple Extended USB Keyboard: Applying InputClass "evdev keyboard catchall"
[    67.803] (II) Using input driver 'evdev' for 'Mitsumi Electric Apple Extended USB Keyboard'
[    67.803] (**) Mitsumi Electric Apple Extended USB Keyboard: always reports core events
[    67.803] (**) evdev: Mitsumi Electric Apple Extended USB Keyboard: Device: "/dev/input/event2"
[    67.803] (--) evdev: Mitsumi Electric Apple Extended USB Keyboard: Vendor 0x5ac Product 0x20b
[    67.804] (--) evdev: Mitsumi Electric Apple Extended USB Keyboard: Found keys
[    67.804] (II) evdev: Mitsumi Electric Apple Extended USB Keyboard: Configuring as keyboard
[    67.805] (**) Option "config_info" "udev:/sys/devices/pci0001:10/0001:10:18.0/usb1/1-1/1-1.3/1-1.3:1.0/input/input2/event2"
[    67.805] (II) XINPUT: Adding extended input device "Mitsumi Electric Apple Extended USB Keyboard" (type: KEYBOARD, id 7)
[    67.805] (**) Option "xkb_rules" "evdev"
[    67.805] (**) Option "xkb_model" "pc105"
[    67.805] (**) Option "xkb_layout" "us"
[    67.809] (II) config/udev: Adding input device Mitsumi Electric Apple Extended USB Keyboard (/dev/input/event3)
[    67.809] (**) Mitsumi Electric Apple Extended USB Keyboard: Applying InputClass "evdev keyboard catchall"
[    67.810] (II) Using input driver 'evdev' for 'Mitsumi Electric Apple Extended USB Keyboard'
[    67.810] (**) Mitsumi Electric Apple Extended USB Keyboard: always reports core events
[    67.810] (**) evdev: Mitsumi Electric Apple Extended USB Keyboard: Device: "/dev/input/event3"
[    67.810] (--) evdev: Mitsumi Electric Apple Extended USB Keyboard: Vendor 0x5ac Product 0x20b
[    67.810] (--) evdev: Mitsumi Electric Apple Extended USB Keyboard: Found keys
[    67.810] (II) evdev: Mitsumi Electric Apple Extended USB Keyboard: Configuring as keyboard
[    67.810] (**) Option "config_info" "udev:/sys/devices/pci0001:10/0001:10:18.0/usb1/1-1/1-1.3/1-1.3:1.1/input/input3/event3"
[    67.810] (II) XINPUT: Adding extended input device "Mitsumi Electric Apple Extended USB Keyboard" (type: KEYBOARD, id 8)
[    67.811] (**) Option "xkb_rules" "evdev"
[    67.811] (**) Option "xkb_model" "pc105"
[    67.811] (**) Option "xkb_layout" "us"
[    67.828] (II) config/udev: Adding input device PMU (/dev/input/event0)
[    67.828] (**) PMU: Applying InputClass "evdev keyboard catchall"
[    67.829] (II) Using input driver 'evdev' for 'PMU'
[    67.829] (**) PMU: always reports core events
[    67.829] (**) evdev: PMU: Device: "/dev/input/event0"
[    67.829] (--) evdev: PMU: Vendor 0x1 Product 0x1
[    67.829] (--) evdev: PMU: Found keys
[    67.829] (II) evdev: PMU: Configuring as keyboard
[    67.829] (**) Option "config_info" "udev:/sys/devices/virtual/input/input0/event0"
[    67.829] (II) XINPUT: Adding extended input device "PMU" (type: KEYBOARD, id 9)
[    67.830] (**) Option "xkb_rules" "evdev"
[    67.830] (**) Option "xkb_model" "pc105"
[    67.830] (**) Option "xkb_layout" "us"
[    67.833] (II) config/udev: Adding input device Macintosh mouse button emulation (/dev/input/event5)
[    67.833] (**) Macintosh mouse button emulation: Applying InputClass "evdev pointer catchall"
[    67.833] (II) Using input driver 'evdev' for 'Macintosh mouse button emulation'
[    67.834] (**) Macintosh mouse button emulation: always reports core events
[    67.834] (**) evdev: Macintosh mouse button emulation: Device: "/dev/input/event5"
[    67.834] (--) evdev: Macintosh mouse button emulation: Vendor 0x1 Product 0x1
[    67.834] (--) evdev: Macintosh mouse button emulation: Found 3 mouse buttons
[    67.834] (--) evdev: Macintosh mouse button emulation: Found relative axes
[    67.834] (--) evdev: Macintosh mouse button emulation: Found x and y relative axes
[    67.834] (II) evdev: Macintosh mouse button emulation: Configuring as mouse
[    67.834] (**) evdev: Macintosh mouse button emulation: YAxisMapping: buttons 4 and 5
[    67.834] (**) evdev: Macintosh mouse button emulation: EmulateWheelButton: 4, EmulateWheelInertia: 10, EmulateWheelTimeout: 200
[    67.834] (**) Option "config_info" "udev:/sys/devices/virtual/input/input5/event5"
[    67.835] (II) XINPUT: Adding extended input device "Macintosh mouse button emulation" (type: MOUSE, id 10)
[    67.835] (II) evdev: Macintosh mouse button emulation: initialized for relative axes.
[    67.836] (**) Macintosh mouse button emulation: (accel) keeping acceleration scheme 1
[    67.836] (**) Macintosh mouse button emulation: (accel) acceleration profile 0
[    67.836] (**) Macintosh mouse button emulation: (accel) acceleration factor: 2.000
[    67.836] (**) Macintosh mouse button emulation: (accel) acceleration threshold: 4
[    67.838] (II) config/udev: Adding input device Macintosh mouse button emulation (/dev/input/mouse1)
[    67.838] (II) No input driver specified, ignoring this device.
[    67.838] (II) This device may have been added with another device file.
[    67.841] (II) config/udev: Adding input device Mouseemu virtual keyboard (/dev/input/event6)
[    67.841] (**) Mouseemu virtual keyboard: Applying InputClass "evdev keyboard catchall"
[    67.841] (II) Using input driver 'evdev' for 'Mouseemu virtual keyboard'
[    67.842] (**) Mouseemu virtual keyboard: always reports core events
[    67.842] (**) evdev: Mouseemu virtual keyboard: Device: "/dev/input/event6"
[    67.842] (--) evdev: Mouseemu virtual keyboard: Vendor 0x1f Product 0x1f
[    67.842] (--) evdev: Mouseemu virtual keyboard: Found keys
[    67.842] (II) evdev: Mouseemu virtual keyboard: Configuring as keyboard
[    67.842] (**) Option "config_info" "udev:/sys/devices/virtual/input/input6/event6"
[    67.842] (II) XINPUT: Adding extended input device "Mouseemu virtual keyboard" (type: KEYBOARD, id 11)
[    67.842] (**) Option "xkb_rules" "evdev"
[    67.843] (**) Option "xkb_model" "pc105"
[    67.843] (**) Option "xkb_layout" "us"
[    67.846] (II) config/udev: Adding input device Mouseemu virtual mouse (/dev/input/event7)
[    67.846] (**) Mouseemu virtual mouse: Applying InputClass "evdev pointer catchall"
[    67.846] (II) Using input driver 'evdev' for 'Mouseemu virtual mouse'
[    67.847] (**) Mouseemu virtual mouse: always reports core events
[    67.847] (**) evdev: Mouseemu virtual mouse: Device: "/dev/input/event7"
[    67.847] (--) evdev: Mouseemu virtual mouse: Vendor 0x1f Product 0x1e
[    67.847] (--) evdev: Mouseemu virtual mouse: Found 15 mouse buttons
[    67.847] (--) evdev: Mouseemu virtual mouse: Found scroll wheel(s)
[    67.847] (--) evdev: Mouseemu virtual mouse: Found relative axes
[    67.847] (--) evdev: Mouseemu virtual mouse: Found x and y relative axes
[    67.847] (II) evdev: Mouseemu virtual mouse: Configuring as mouse
[    67.847] (II) evdev: Mouseemu virtual mouse: Adding scrollwheel support
[    67.847] (**) evdev: Mouseemu virtual mouse: YAxisMapping: buttons 4 and 5
[    67.847] (**) evdev: Mouseemu virtual mouse: EmulateWheelButton: 4, EmulateWheelInertia: 10, EmulateWheelTimeout: 200
[    67.847] (**) Option "config_info" "udev:/sys/devices/virtual/input/input7/event7"
[    67.848] (II) XINPUT: Adding extended input device "Mouseemu virtual mouse" (type: MOUSE, id 12)
[    67.848] (II) evdev: Mouseemu virtual mouse: initialized for relative axes.
[    67.849] (**) Mouseemu virtual mouse: (accel) keeping acceleration scheme 1
[    67.849] (**) Mouseemu virtual mouse: (accel) acceleration profile 0
[    67.849] (**) Mouseemu virtual mouse: (accel) acceleration factor: 2.000
[    67.849] (**) Mouseemu virtual mouse: (accel) acceleration threshold: 4
[    67.851] (II) config/udev: Adding input device Mouseemu virtual mouse (/dev/input/mouse2)
[    67.852] (II) No input driver specified, ignoring this device.
[    67.852] (II) This device may have been added with another device file.
[    67.884] (II) config/udev: Adding input device Mouseemu virtual mouse (/dev/input/mouse2)
[    67.885] (II) No input driver specified, ignoring this device.
[    67.885] (II) This device may have been added with another device file.
[    67.893] (WW) config/udev: device Mouseemu virtual keyboard already added. Ignoring.
[    67.894] (WW) config/udev: device Mouseemu virtual mouse already added. Ignoring.

```

dmesg with modeset=0

```

[    0.000000] Using PowerMac machine description
[    0.000000] Total memory = 1024MB; using 2048kB for hash table (at cfe00000)
[    0.000000] Initializing cgroup subsys cpuset
[    0.000000] Initializing cgroup subsys cpu
[    0.000000] Initializing cgroup subsys cpuacct
[    0.000000] Linux version 3.13.0-74-powerpc-smp (buildd@fisher04) (gcc version 4.8.2 (Ubuntu 4.8.2-19ubuntu1) ) #118-Ubuntu SMP Thu Dec 17 22:51:51 UTC 2015 (Ubuntu 3.13.0-74.118-powerpc-smp 3.13.11-ckt30)
[    0.000000] Found initrd at 0xc1a00000:0xc3380000
[    0.000000] Found UniNorth memory controller & host bridge @ 0xf8000000 revision: 0xc0
[    0.000000] Mapped at 0xff7c0000
[    0.000000] Found a Pangea mac-io controller, rev: 0, mapped at 0xff740000
[    0.000000] Processor NAP mode on idle enabled.
[    0.000000] PowerMac motherboard: Flat panel iMac
[    0.000000] CPU maps initialized for 1 thread per core
[    0.000000]  (thread shift is 0)
[    0.000000] bootconsole [udbg0] enabled
[    0.000000] Found UniNorth PCI host bridge at 0x00000000f0000000. Firmware bus number: 0->0
[    0.000000] PCI host bridge /pci@f0000000  ranges:
[    0.000000]  MEM 0x00000000f1000000..0x00000000f1ffffff -> 0x00000000f1000000 
[    0.000000]   IO 0x00000000f0000000..0x00000000f07fffff -> 0x0000000000000000
[    0.000000]  MEM 0x0000000090000000..0x000000009fffffff -> 0x0000000090000000 
[    0.000000] Found UniNorth PCI host bridge at 0x00000000f2000000. Firmware bus number: 0->0
[    0.000000] PCI host bridge /pci@f2000000 (primary) ranges:
[    0.000000]  MEM 0x00000000f3000000..0x00000000f3ffffff -> 0x00000000f3000000 
[    0.000000]   IO 0x00000000f2000000..0x00000000f27fffff -> 0x0000000000000000
[    0.000000]  MEM 0x0000000080000000..0x000000008fffffff -> 0x0000000080000000 
[    0.000000] Found UniNorth PCI host bridge at 0x00000000f4000000. Firmware bus number: 0->0
[    0.000000] PCI host bridge /pci@f4000000  ranges:
[    0.000000]  MEM 0x00000000f5000000..0x00000000f5ffffff -> 0x00000000f5000000 
[    0.000000]   IO 0x00000000f4000000..0x00000000f47fffff -> 0x0000000000000000
[    0.000000] via-pmu: Server Mode is disabled
[    0.000000] PMU driver v2 initialized for Core99, firmware: 0c
[    0.000000] nvram: Checking bank 0...
[    0.000000] nvram: gen0=382, gen1=383
[    0.000000] nvram: Active bank is: 1
[    0.000000] nvram: OF partition at 0x410
[    0.000000] nvram: XP partition at 0x1020
[    0.000000] nvram: NR partition at 0x1120
[    0.000000] Top of RAM: 0x40000000, Total RAM: 0x40000000
[    0.000000] Memory hole size: 0MB
[    0.000000] Zone ranges:
[    0.000000]   DMA      [mem 0x00000000-0x2fffffff]
[    0.000000]   Normal   empty
[    0.000000]   HighMem  [mem 0x30000000-0x3fffffff]
[    0.000000] Movable zone start for each node
[    0.000000] Early memory node ranges
[    0.000000]   node   0: [mem 0x00000000-0x3fffffff]
[    0.000000] On node 0 totalpages: 262144
[    0.000000] free_area_init_node: node 0, pgdat c0a50060, node_mem_map c0c55000
[    0.000000]   DMA zone: 1536 pages used for memmap
[    0.000000]   DMA zone: 0 pages reserved
[    0.000000]   DMA zone: 196608 pages, LIFO batch:31
[    0.000000]   HighMem zone: 512 pages used for memmap
[    0.000000]   HighMem zone: 65536 pages, LIFO batch:15
[    0.000000] PERCPU: Embedded 9 pages/cpu @c145b000 s14944 r8192 d13728 u36864
[    0.000000] pcpu-alloc: s14944 r8192 d13728 u36864 alloc=9*4096
[    0.000000] pcpu-alloc: [0] 0 
[    0.000000] Built 1 zonelists in Zone order, mobility grouping on.  Total pages: 260608
[    0.000000] Kernel command line: root=UUID=9b004bd3-bd71-4456-8097-75d342388b17 ro quiet splash nouveau.modeset=0
[    0.000000] PID hash table entries: 4096 (order: 2, 16384 bytes)
[    0.000000] Dentry cache hash table entries: 131072 (order: 7, 524288 bytes)
[    0.000000] Inode-cache hash table entries: 65536 (order: 6, 262144 bytes)
[    0.000000] Sorting __ex_table...
[    0.000000] allocated 2097152 bytes of page_cgroup
[    0.000000] please try 'cgroup_disable=memory' option if you don't want memory cgroups
[    0.000000] Memory: 930532K/1048576K available (7296K kernel code, 496K rwdata, 2396K rodata, 500K init, 1870K bss, 118044K reserved, 262144K highmem)
[    0.000000] Kernel virtual memory layout:
[    0.000000]   * 0xfff9f000..0xfffff000  : fixmap
[    0.000000]   * 0xff800000..0xffc00000  : highmem PTEs
[    0.000000]   * 0xfdf32000..0xff800000  : early ioremap
[    0.000000]   * 0xf1000000..0xfdf32000  : vmalloc & ioremap
[    0.000000] SLUB: HWalign=32, Order=0-3, MinObjects=0, CPUs=1, Nodes=1
[    0.000000] Hierarchical RCU implementation.
[    0.000000] 	RCU dyntick-idle grace-period acceleration is enabled.
[    0.000000] 	RCU restricting CPUs from NR_CPUS=4 to nr_cpu_ids=1.
[    0.000000] NR_IRQS:512 nr_irqs:512 16
[    0.000000] mpic: Resetting
[    0.000000] mpic: Setting up MPIC " MPIC 1   " version 1.2 at 80040000, max 1 CPUs
[    0.000000] mpic: ISU size: 64, shift: 6, mask: 3f
[    0.000000] mpic: Initializing for 64 sources
[    0.000000] GMT Delta read from XPRAM: -240 minutes, DST: on
[    0.000000] time_init: decrementer frequency = 24.959250 MHz
[    0.000000] time_init: processor frequency   = 800.000000 MHz
[    0.000000] clocksource: timebase mult[2810b7ec] shift[24] registered
[    0.000000] clockevent: decrementer mult[663baba] shift[32] cpu[0]
[    0.000000] Console: colour dummy device 80x25
[    0.000000] console [tty0] enabled
[    0.000000] bootconsole [udbg0] disabled
[    0.000516] pid_max: default: 32768 minimum: 301
[    0.000666] Security Framework initialized
[    0.000775] AppArmor: AppArmor initialized
[    0.000782] Yama: becoming mindful.
[    0.000975] Mount-cache hash table entries: 2048 (order: 1, 8192 bytes)
[    0.000988] Mountpoint-cache hash table entries: 2048 (order: 1, 8192 bytes)
[    0.001882] device-tree: Duplicate name in /cpus/PowerPC,G4@0, renamed to "l2-cache#1"
[    0.006537] Initializing cgroup subsys memory
[    0.006583] Initializing cgroup subsys devices
[    0.006593] Initializing cgroup subsys freezer
[    0.006602] Initializing cgroup subsys blkio
[    0.006610] Initializing cgroup subsys perf_event
[    0.006744] ftrace: allocating 24102 entries in 71 pages
[    0.041625] PowerMac SMP probe found 1 cpus
[    0.041650] MPC7450 family performance monitor hardware support registered
[    0.047561] Brought up 1 CPUs
[    0.048396] devtmpfs: initialized
[    0.048832] EVM: security.selinux
[    0.048840] EVM: security.SMACK64
[    0.048845] EVM: security.capability
[    0.050553] regulator-dummy: no parameters
[    0.050866] NET: Registered protocol family 16
[    0.051832] cpuidle: using governor ladder
[    0.051846] cpuidle: using governor menu
[    0.052180] KeyWest i2c @0xf8001003 irq 42 /uni-n@f8000000/i2c@f8001000
[    0.052195]  channel 0 bus <multibus>
[    0.052214]  channel 1 bus <multibus>
[    0.052323] KeyWest i2c @0x80018000 irq 26 /pci@f2000000/mac-io@17/i2c@18000
[    0.052334]  channel 0 bus <multibus>
[    0.052371] PMU i2c /pci@f2000000/mac-io@17/via-pmu@16000
[    0.052380]  channel 1 bus <multibus>
[    0.052389]  channel 2 bus <multibus>
[    0.066994] PCI: Probing PCI hardware
[    0.067374] PCI host bridge to bus 0000:00
[    0.067400] pci_bus 0000:00: root bus resource [io  0x802000-0x1001fff] (bus address [0x0000-0x7fffff])
[    0.067411] pci_bus 0000:00: root bus resource [mem 0xf1000000-0xf1ffffff]
[    0.067421] pci_bus 0000:00: root bus resource [mem 0x90000000-0x9fffffff]
[    0.067435] pci_bus 0000:00: root bus resource [bus 00-ff]
[    0.067449] pci_bus 0000:00: busn_res: [bus 00-ff] end is updated to ff
[    0.067515] pci 0000:00:0b.0: [106b:0027] type 00 class 0x060000
[    0.067785] pci 0000:00:10.0: [10de:0110] type 00 class 0x030000
[    0.067818] pci 0000:00:10.0: reg 0x10: [mem 0x91000000-0x91ffffff]
[    0.067835] pci 0000:00:10.0: reg 0x14: [mem 0x98000000-0x9fffffff pref]
[    0.067878] pci 0000:00:10.0: reg 0x30: [mem 0x90000000-0x9000ffff pref]
[    0.068160] pci_bus 0000:00: busn_res: [bus 00-ff] end is updated to 00
[    0.068275] PCI host bridge to bus 0001:10
[    0.068286] pci_bus 0001:10: root bus resource [io  0x0000-0x7fffff]
[    0.068295] pci_bus 0001:10: root bus resource [mem 0xf3000000-0xf3ffffff]
[    0.068305] pci_bus 0001:10: root bus resource [mem 0x80000000-0x8fffffff]
[    0.068316] pci_bus 0001:10: root bus resource [bus 10-ff]
[    0.068327] pci_bus 0001:10: busn_res: [bus 10-ff] end is updated to ff
[    0.068379] pci 0001:10:0b.0: [106b:0028] type 00 class 0x060000
[    0.068600] pci 0001:10:17.0: [106b:0025] type 00 class 0xff0000
[    0.068626] pci 0001:10:17.0: reg 0x10: [mem 0x80000000-0x8007ffff]
[    0.068802] pci 0001:10:18.0: [106b:0026] type 00 class 0x0c0310
[    0.068829] pci 0001:10:18.0: reg 0x10: [mem 0x80081000-0x80081fff]
[    0.068910] pci 0001:10:18.0: supports D1 D2
[    0.068920] pci 0001:10:18.0: PME# supported from D1 D2 D3hot
[    0.069083] pci 0001:10:19.0: [106b:0026] type 00 class 0x0c0310
[    0.069110] pci 0001:10:19.0: reg 0x10: [mem 0x80080000-0x80080fff]
[    0.069191] pci 0001:10:19.0: supports D1 D2
[    0.069200] pci 0001:10:19.0: PME# supported from D1 D2 D3hot
[    0.069415] pci_bus 0001:10: busn_res: [bus 10-ff] end is updated to 10
[    0.069705] PCI host bridge to bus 0002:20
[    0.069744] pci_bus 0002:20: root bus resource [io  0xff7fe000-0xffffdfff] (bus address [0x0000-0x7fffff])
[    0.069754] pci_bus 0002:20: root bus resource [mem 0xf5000000-0xf5ffffff]
[    0.069766] pci_bus 0002:20: root bus resource [bus 20-ff]
[    0.069779] pci_bus 0002:20: busn_res: [bus 20-ff] end is updated to ff
[    0.069830] pci 0002:20:0b.0: [106b:0029] type 00 class 0x060000
[    0.070004] pci 0002:20:0e.0: [106b:0030] type 00 class 0x0c0010
[    0.070029] pci 0002:20:0e.0: reg 0x10: [mem 0xf5000000-0xf5000fff]
[    0.070097] pci 0002:20:0e.0: supports D1 D2
[    0.070106] pci 0002:20:0e.0: PME# supported from D0 D1 D2 D3hot
[    0.070263] pci 0002:20:0f.0: [106b:0024] type 00 class 0x020000
[    0.070285] pci 0002:20:0f.0: reg 0x10: [mem 0xf5200000-0xf53fffff]
[    0.070334] pci 0002:20:0f.0: reg 0x30: [mem 0xf5100000-0xf51fffff pref]
[    0.070552] pci_bus 0002:20: busn_res: [bus 20-ff] end is updated to 20
[    0.070687] pci_bus 0000:00: resource 4 [io  0x802000-0x1001fff]
[    0.070696] pci_bus 0000:00: resource 5 [mem 0xf1000000-0xf1ffffff]
[    0.070706] pci_bus 0000:00: resource 6 [mem 0x90000000-0x9fffffff]
[    0.070720] pci_bus 0001:10: resource 4 [io  0x0000-0x7fffff]
[    0.070729] pci_bus 0001:10: resource 5 [mem 0xf3000000-0xf3ffffff]
[    0.070738] pci_bus 0001:10: resource 6 [mem 0x80000000-0x8fffffff]
[    0.070750] pci_bus 0002:20: resource 4 [io  0xff7fe000-0xffffdfff]
[    0.070759] pci_bus 0002:20: resource 5 [mem 0xf5000000-0xf5ffffff]
[    0.076812] bio: create slab <bio-0> at 0
[    0.078294] vgaarb: device added: PCI:0000:00:10.0,decodes=io+mem,owns=mem,locks=none
[    0.078325] vgaarb: loaded
[    0.078331] vgaarb: bridge control possible 0000:00:10.0
[    0.079467] SCSI subsystem initialized
[    0.079750] libata version 3.00 loaded.
[    0.080031] usbcore: registered new interface driver usbfs
[    0.080076] usbcore: registered new interface driver hub
[    0.080236] usbcore: registered new device driver usb
[    0.081371] NetLabel: Initializing
[    0.081383] NetLabel:  domain hash size = 128
[    0.081388] NetLabel:  protocols = UNLABELED CIPSOv4
[    0.081460] NetLabel:  unlabeled traffic allowed by default
[    0.081911] Switched to clocksource timebase
[    0.099935] AppArmor: AppArmor Filesystem Enabled
[    0.107790] NET: Registered protocol family 2
[    0.108878] TCP established hash table entries: 8192 (order: 3, 32768 bytes)
[    0.109040] TCP bind hash table entries: 8192 (order: 4, 65536 bytes)
[    0.109326] TCP: Hash tables configured (established 8192 bind 8192)
[    0.109534] TCP: reno registered
[    0.109556] UDP hash table entries: 512 (order: 2, 16384 bytes)
[    0.109645] UDP-Lite hash table entries: 512 (order: 2, 16384 bytes)
[    0.110181] NET: Registered protocol family 1
[    0.110316] pci 0001:10:18.0: enabling device (0000 -> 0002)
[    0.166008] pci 0001:10:19.0: enabling device (0000 -> 0002)
[    0.221953] PCI: CLS mismatch (32 != 1020), using 32 bytes
[    0.222291] Trying to unpack rootfs image as initramfs...
[    1.901342] Freeing initrd memory: 26112K (c1a00000 - c3380000)
[    1.901860] Thermal assist unit not available
[    1.902991] Initialise system trusted keyring
[    1.903205] audit: initializing netlink socket (disabled)
[    1.903266] type=2000 audit(1450894472.892:1): initialized
[    2.016406] bounce pool size: 64 pages
[    2.022657] zbud: loaded
[    2.023243] VFS: Disk quotas dquot_6.5.2
[    2.023458] Dquot-cache hash table entries: 1024 (order 0, 4096 bytes)
[    2.025547] fuse init (API version 7.22)
[    2.025855] msgmni has been set to 1487
[    2.026270] Key type big_key registered
[    2.027891] Key type asymmetric registered
[    2.027906] Asymmetric key parser 'x509' registered
[    2.028020] Block layer SCSI generic (bsg) driver version 0.4 loaded (major 252)
[    2.028204] io scheduler noop registered
[    2.028215] io scheduler deadline registered (default)
[    2.028388] io scheduler cfq registered
[    2.028779] pci_hotplug: PCI Hot Plug PCI Core version: 0.5
[    2.028809] pciehp: PCI Express Hot Plug Controller Driver version: 0.4
[    2.029404] Using unsupported 1024x768 NVDA,NVMac at 98004000, depth=8, pitch=1024
[    2.042591] Console: switching to colour frame buffer device 128x48
[    2.054951] fb0: Open Firmware frame buffer device on /pci@f0000000/NVDA,NVMac@10
[    2.055155] ipmi message handler version 39.2
[    2.056415] Serial: 8250/16550 driver, 32 ports, IRQ sharing enabled
[    2.061715] pmac_zilog: 0.6 (Benjamin Herrenschmidt <benh@kernel.crashing.org>)
[    2.061816] ePAPR hypervisor byte channel driver
[    2.062210] Generic non-volatile memory driver v1.1
[    2.062326] Linux agpgart interface v0.103
[    2.068477] brd: module loaded
[    2.071680] loop: module loaded
[    2.072111] MacIO PCI driver attached to Pangea chipset
[    2.073473] 0.00013020:ch-a: ttyPZ0 at MMIO 0x80013020 (irq = 22, base_baud = 230400) is a Z85c30 ESCC - Serial port
[    2.074123] 0.00013000:ch-b: ttyPZ1 at MMIO 0x80013000 (irq = 23, base_baud = 230400) is a Z85c30 ESCC - Serial port
[    2.075843] adb: starting probe task...
[    2.075871] adb: finished probe task...
[    3.093942] pata-macio 0.0001f000:ata-4: Activating pata-macio chipset KeyLargo ATA-4, Apple bus ID 2
[    3.094706] scsi0 : pata_macio
[    3.094961] ata1: PATA max UDMA/66 irq 19
[    3.096516] libphy: Fixed MDIO Bus: probed
[    3.097107] tun: Universal TUN/TAP device driver, 1.6
[    3.097115] tun: (C) 1999-2004 Max Krasnyansky <maxk@qualcomm.com>
[    3.097400] PPP generic driver version 2.4.2
[    3.097662] ehci_hcd: USB 2.0 'Enhanced' Host Controller (EHCI) Driver
[    3.097806] ehci-pci: EHCI PCI platform driver
[    3.097876] ehci-platform: EHCI generic platform driver
[    3.098207] ohci_hcd: USB 1.1 'Open' Host Controller (OHCI) Driver
[    3.098262] ohci-pci: OHCI PCI platform driver
[    3.098380] ohci-pci 0001:10:18.0: OHCI PCI host controller
[    3.098407] ohci-pci 0001:10:18.0: new USB bus registered, assigned bus number 1
[    3.098520] ohci-pci 0001:10:18.0: irq 27, io mem 0x80081000
[    3.173390] usb usb1: New USB device found, idVendor=1d6b, idProduct=0001
[    3.173404] usb usb1: New USB device strings: Mfr=3, Product=2, SerialNumber=1
[    3.173413] usb usb1: Product: OHCI PCI host controller
[    3.173422] usb usb1: Manufacturer: Linux 3.13.0-74-powerpc-smp ohci_hcd
[    3.173430] usb usb1: SerialNumber: 0001:10:18.0
[    3.174035] hub 1-0:1.0: USB hub found
[    3.174084] hub 1-0:1.0: 2 ports detected
[    3.174506] ohci-pci 0001:10:19.0: OHCI PCI host controller
[    3.174531] ohci-pci 0001:10:19.0: new USB bus registered, assigned bus number 2
[    3.174618] ohci-pci 0001:10:19.0: irq 28, io mem 0x80080000
[    3.249346] usb usb2: New USB device found, idVendor=1d6b, idProduct=0001
[    3.249361] usb usb2: New USB device strings: Mfr=3, Product=2, SerialNumber=1
[    3.249370] usb usb2: Product: OHCI PCI host controller
[    3.249378] usb usb2: Manufacturer: Linux 3.13.0-74-powerpc-smp ohci_hcd
[    3.249387] usb usb2: SerialNumber: 0001:10:19.0
[    3.249949] hub 2-0:1.0: USB hub found
[    3.250012] hub 2-0:1.0: 2 ports detected
[    3.250431] ohci-platform: OHCI generic platform driver
[    3.250499] uhci_hcd: USB Universal Host Controller Interface driver
[    3.251292] mousedev: PS/2 mouse device common for all mice
[    3.251797] PowerMac i2c bus pmu 2 registered
[    3.251923] PowerMac i2c bus pmu 1 registered
[    3.252042] PowerMac i2c bus mac-io 0 registered
[    3.252067] i2c i2c-2: No i2c address for /pci@f2000000/mac-io@17/i2c@18000/i2c-modem
[    3.252209] PowerMac i2c bus uni-n 1 registered
[    3.252336] PowerMac i2c bus uni-n 0 registered
[    3.252690] device-mapper: uevent: version 1.0.3
[    3.253069] device-mapper: ioctl: 4.27.0-ioctl (2013-10-30) initialised: dm-devel@redhat.com
[    3.253116] ledtrig-cpu: registered to indicate activity on CPUs
[    3.253700] TCP: cubic registered
[    3.254647] NET: Registered protocol family 10
[    3.255547] NET: Registered protocol family 17
[    3.255607] Key type dns_resolver registered
[    3.256263] Loading compiled-in X.509 certificates
[    3.264431] Loaded X.509 cert 'Magrathea: Glacier signing key: 468e963e55aafd7de8c01fdc030bbb431c3680b4'
[    3.264537] registered taskstats version 1
[    3.270768] ata1.00: ATA-6: ST360020A, 5.32, max UDMA/100
[    3.270788] ata1.00: 117231408 sectors, multi 16: LBA 
[    3.270814] ata1.01: ATAPI: PIONEER DVD-RW  DVR-104, A227, max UDMA/33
[    3.282477] Key type trusted registered
[    3.286859] ata1.00: configured for UDMA/66
[    3.302623] ata1.01: configured for UDMA/33
[    3.309661] scsi 0:0:0:0: Direct-Access     ATA      ST360020A        5.32 PQ: 0 ANSI: 5
[    3.310489] sd 0:0:0:0: [sda] 117231408 512-byte logical blocks: (60.0 GB/55.8 GiB)
[    3.310752] sd 0:0:0:0: [sda] Write Protect is off
[    3.310765] sd 0:0:0:0: [sda] Mode Sense: 00 3a 00 00
[    3.310874] sd 0:0:0:0: [sda] Write cache: enabled, read cache: enabled, doesn't support DPO or FUA
[    3.312382] sd 0:0:0:0: Attached scsi generic sg0 type 0
[    3.319218] Key type encrypted registered
[    3.319246] AppArmor: AppArmor sha1 policy hashing enabled
[    3.319534] regulator-dummy: disabling
[    3.320140] input: PMU as /devices/virtual/input/input0
[    3.320413] /build/linux-FuiJM1/linux-3.13.0/drivers/rtc/hctosys.c: unable to open rtc device (rtc0)
[    3.326891]  sda: [mac] sda1 sda2 sda3 sda4 sda5
[    3.331858] scsi 0:0:1:0: CD-ROM            PIONEER  DVD-RW  DVR-104  A227 PQ: 0 ANSI: 5
[    3.339680] sr0: scsi3-mmc drive: 24x/24x writer cd/rw xa/form2 cdda tray
[    3.339696] cdrom: Uniform CD-ROM driver Revision: 3.20
[    3.340178] sr 0:0:1:0: Attached scsi CD-ROM sr0
[    3.340416] sr 0:0:1:0: Attached scsi generic sg1 type 5
[    3.344560] sd 0:0:0:0: [sda] Attached SCSI disk
[    3.347030] Freeing unused kernel memory: 500K (c097b000 - c09f8000)
[    3.460972] systemd-udevd[96]: starting version 204
[    3.550083] usb 1-1: new full-speed USB device number 2 using ohci-pci
[    3.643681] agpgart-uninorth 0000:00:0b.0: Apple UniNorth/Pangea chipset
[    3.662099] agpgart-uninorth 0000:00:0b.0: configuring for size idx: 64
[    3.662438] agpgart-uninorth 0000:00:0b.0: AGP aperture is 256M @ 0x0
[    3.720527] [drm] Initialized drm 1.1.0 20060810
[    3.757139] usb 1-1: New USB device found, idVendor=05ac, idProduct=1003
[    3.757158] usb 1-1: New USB device strings: Mfr=1, Product=2, SerialNumber=0
[    3.757167] usb 1-1: Product: Hub in Apple Extended USB Keyboard
[    3.757175] usb 1-1: Manufacturer: Mitsumi Electric
[    3.759277] hub 1-1:1.0: USB hub found
[    3.761057] hub 1-1:1.0: 3 ports detected
[    3.905262] sungem.c:v1.0 David S. Miller <davem@redhat.com>
[    3.913894] gem 0002:20:0f.0 eth0: Sun GEM (PCI) 10/100/1000BaseT Ethernet 00:03:93:6a:5d:f8
[    4.085126] usb 1-2: new full-speed USB device number 3 using ohci-pci
[    4.262118] firewire_ohci 0002:20:0e.0: added OHCI v1.0 device as card 0, 8 IR + 8 IT contexts, quirks 0x0
[    4.314114] usb 1-2: New USB device found, idVendor=148f, idProduct=5370
[    4.314134] usb 1-2: New USB device strings: Mfr=1, Product=2, SerialNumber=3
[    4.314142] usb 1-2: Product: 802.11 n WLAN
[    4.314151] usb 1-2: Manufacturer: Ralink
[    4.314159] usb 1-2: SerialNumber: 1.0
[    4.394044] usb 1-1.2: new low-speed USB device number 4 using ohci-pci
[    4.498135] usb 1-1.2: New USB device found, idVendor=05ac, idProduct=0307
[    4.498155] usb 1-1.2: New USB device strings: Mfr=1, Product=2, SerialNumber=0
[    4.498164] usb 1-1.2: Product: Apple Optical USB Mouse
[    4.498172] usb 1-1.2: Manufacturer: Logitech
[    4.574043] usb 1-1.3: new full-speed USB device number 5 using ohci-pci
[    4.681098] usb 1-1.3: New USB device found, idVendor=05ac, idProduct=020b
[    4.681118] usb 1-1.3: New USB device strings: Mfr=1, Product=3, SerialNumber=0
[    4.681126] usb 1-1.3: Product: Apple Extended USB Keyboard
[    4.681135] usb 1-1.3: Manufacturer: Mitsumi Electric
[    4.767556] firewire_core 0002:20:0e.0: created device fw0: GUID 000393fffe6a5df8, S400
[    4.791384] hidraw: raw HID events driver (C) Jiri Kosina
[    4.882699] usbcore: registered new interface driver usbhid
[    4.882721] usbhid: USB HID core driver
[    4.930488] input: Logitech Apple Optical USB Mouse as /devices/pci0001:10/0001:10:18.0/usb1/1-1/1-1.2/1-1.2:1.0/input/input1
[    4.937635] hid-generic 0003:05AC:0307.0001: input,hidraw0: USB HID v1.10 Mouse [Logitech Apple Optical USB Mouse] on usb-0001:10:18.0-1.2/input0
[    4.942701] input: Mitsumi Electric Apple Extended USB Keyboard as /devices/pci0001:10/0001:10:18.0/usb1/1-1/1-1.3/1-1.3:1.0/input/input2
[    4.945191] hid-generic 0003:05AC:020B.0002: input,hidraw1: USB HID v1.10 Keyboard [Mitsumi Electric Apple Extended USB Keyboard] on usb-0001:10:18.0-1.3/input0
[    4.953316] input: Mitsumi Electric Apple Extended USB Keyboard as /devices/pci0001:10/0001:10:18.0/usb1/1-1/1-1.3/1-1.3:1.1/input/input3
[    4.959313] hid-generic 0003:05AC:020B.0003: input,hidraw2: USB HID v1.10 Device [Mitsumi Electric Apple Extended USB Keyboard] on usb-0001:10:18.0-1.3/input1
[    6.750032] EXT4-fs (sda3): mounted filesystem with ordered data mode. Opts: (null)
[    7.303614] random: nonblocking pool is initialized
[   24.510815] Adding 2439860k swap on /dev/sda4.  Priority:-1 extents:1 across:2439860k FS
[   24.859033] IPv6: ADDRCONF(NETDEV_UP): eth0: link is not ready
[   25.826788] EXT4-fs (sda3): re-mounted. Opts: errors=remount-ro
[   26.027629] systemd-udevd[310]: starting version 204
[   26.922807] apm_emu: PMU APM Emulation initialized.
[   28.738253] i2c i2c-0: PMac Keywest Audio: attach_adapter method is deprecated
[   28.738272] i2c i2c-0: Please use another way to instantiate your i2c_client
[   28.738283] i2c i2c-1: PMac Keywest Audio: attach_adapter method is deprecated
[   28.738291] i2c i2c-1: Please use another way to instantiate your i2c_client
[   28.738300] i2c i2c-2: PMac Keywest Audio: attach_adapter method is deprecated
