---
title: "Ubuntu 16.04 alongside macOS sierra using rEFInd. issue-no OS detected"
date: 2017-04-22
forum: Apple Hardware Users
---

### Post by flint1025 on 2017-04-22
[Solved]I gave up rEFInd and then follow this instruction:
[https://askubuntu.com/questions/836988/installing-ubuntu-on-mac-with-macos-and-windows-already-installed?noredirect=1&lq=1](https://askubuntu.com/questions/836988/installing-ubuntu-on-mac-with-macos-and-windows-already-installed?noredirect=1&lq=1)


Then I am able to use the startup manager to choose to boot from whether macOS or Ubuntu.

Hope others can figure it out too.




---------------------

Hi, 

I am trying to install Ubuntu 16.04 alongside macOS sierra on my mac. I am using rEFInd and after booting from EFI, it sais "This computer currently has no detected operating system installed".

After searching for a while, I ran ```
sudo fdisk -l
``` and got this:

```
ubuntu@ubuntu:~$ sudo fdisk -l
Disk /dev/ram0: 64 MiB, 67108864 bytes, 131072 sectors
Units: sectors of 1 * 512 = 512 bytes
Sector size (logical/physical): 512 bytes / 4096 bytes
I/O size (minimum/optimal): 4096 bytes / 4096 bytes


Disk /dev/ram1: 64 MiB, 67108864 bytes, 131072 sectors
Units: sectors of 1 * 512 = 512 bytes
Sector size (logical/physical): 512 bytes / 4096 bytes
I/O size (minimum/optimal): 4096 bytes / 4096 bytes


Disk /dev/ram2: 64 MiB, 67108864 bytes, 131072 sectors
Units: sectors of 1 * 512 = 512 bytes
Sector size (logical/physical): 512 bytes / 4096 bytes
I/O size (minimum/optimal): 4096 bytes / 4096 bytes


Disk /dev/ram3: 64 MiB, 67108864 bytes, 131072 sectors
Units: sectors of 1 * 512 = 512 bytes
Sector size (logical/physical): 512 bytes / 4096 bytes
I/O size (minimum/optimal): 4096 bytes / 4096 bytes


Disk /dev/ram4: 64 MiB, 67108864 bytes, 131072 sectors
Units: sectors of 1 * 512 = 512 bytes
Sector size (logical/physical): 512 bytes / 4096 bytes
I/O size (minimum/optimal): 4096 bytes / 4096 bytes


Disk /dev/ram5: 64 MiB, 67108864 bytes, 131072 sectors
Units: sectors of 1 * 512 = 512 bytes
Sector size (logical/physical): 512 bytes / 4096 bytes
I/O size (minimum/optimal): 4096 bytes / 4096 bytes


Disk /dev/ram6: 64 MiB, 67108864 bytes, 131072 sectors
Units: sectors of 1 * 512 = 512 bytes
Sector size (logical/physical): 512 bytes / 4096 bytes
I/O size (minimum/optimal): 4096 bytes / 4096 bytes


Disk /dev/ram7: 64 MiB, 67108864 bytes, 131072 sectors
Units: sectors of 1 * 512 = 512 bytes
Sector size (logical/physical): 512 bytes / 4096 bytes
I/O size (minimum/optimal): 4096 bytes / 4096 bytes


Disk /dev/ram8: 64 MiB, 67108864 bytes, 131072 sectors
Units: sectors of 1 * 512 = 512 bytes
Sector size (logical/physical): 512 bytes / 4096 bytes
I/O size (minimum/optimal): 4096 bytes / 4096 bytes


Disk /dev/ram9: 64 MiB, 67108864 bytes, 131072 sectors
Units: sectors of 1 * 512 = 512 bytes
Sector size (logical/physical): 512 bytes / 4096 bytes
I/O size (minimum/optimal): 4096 bytes / 4096 bytes


Disk /dev/ram10: 64 MiB, 67108864 bytes, 131072 sectors
Units: sectors of 1 * 512 = 512 bytes
Sector size (logical/physical): 512 bytes / 4096 bytes
I/O size (minimum/optimal): 4096 bytes / 4096 bytes


Disk /dev/ram11: 64 MiB, 67108864 bytes, 131072 sectors
Units: sectors of 1 * 512 = 512 bytes
Sector size (logical/physical): 512 bytes / 4096 bytes
I/O size (minimum/optimal): 4096 bytes / 4096 bytes


Disk /dev/ram12: 64 MiB, 67108864 bytes, 131072 sectors
Units: sectors of 1 * 512 = 512 bytes
Sector size (logical/physical): 512 bytes / 4096 bytes
I/O size (minimum/optimal): 4096 bytes / 4096 bytes


Disk /dev/ram13: 64 MiB, 67108864 bytes, 131072 sectors
Units: sectors of 1 * 512 = 512 bytes
Sector size (logical/physical): 512 bytes / 4096 bytes
I/O size (minimum/optimal): 4096 bytes / 4096 bytes


Disk /dev/ram14: 64 MiB, 67108864 bytes, 131072 sectors
Units: sectors of 1 * 512 = 512 bytes
Sector size (logical/physical): 512 bytes / 4096 bytes
I/O size (minimum/optimal): 4096 bytes / 4096 bytes


Disk /dev/ram15: 64 MiB, 67108864 bytes, 131072 sectors
Units: sectors of 1 * 512 = 512 bytes
Sector size (logical/physical): 512 bytes / 4096 bytes
I/O size (minimum/optimal): 4096 bytes / 4096 bytes


Disk /dev/loop0: 1.4 GiB, 1497772032 bytes, 2925336 sectors
Units: sectors of 1 * 512 = 512 bytes
Sector size (logical/physical): 512 bytes / 512 bytes
I/O size (minimum/optimal): 512 bytes / 512 bytes


Disk /dev/sda: 233.8 GiB, 251000193024 bytes, 490234752 sectors
Units: sectors of 1 * 512 = 512 bytes
Sector size (logical/physical): 512 bytes / 4096 bytes
I/O size (minimum/optimal): 4096 bytes / 4096 bytes
Disklabel type: gpt
Disk identifier: 215DBDCF-EC33-482E-AC7D-8526F063DBA7

Device         Start       End   Sectors   Size Type
/dev/sda1         40    409639    409600   200M EFI System
/dev/sda2     409640 438527887 438118248 208.9G Apple Core storage
/dev/sda3  438527888 439797647   1269760   620M Apple boot
/dev/sda4  439797648 489972567  50174920  23.9G Apple HFS/HFS+


Disk /dev/sdb: 57.9 GiB, 62159585280 bytes, 121405440 sectors
Units: sectors of 1 * 512 = 512 bytes
Sector size (logical/physical): 512 bytes / 512 bytes
I/O size (minimum/optimal): 512 bytes / 512 bytes
Disklabel type: dos
Disk identifier: 0x106315e5

Device     Boot Start       End   Sectors  Size Id Type
/dev/sdb1  *     2048 121405439 121403392 57.9G  c W95 FAT32 (LBA)
```


Any help will be appreciated.

---

### Post by yancek on 2017-04-22
the only sign of any Linux/Ubuntu is on the flash drive so you haven't installed Ubuntu.   The filesystems on your larger drive are Apple and these partitions take up the entire drive so there is no where for you to install Ubuntu.  Not sure what happened to make your system unbootable.  Never used a Mac myself so can't help.

---

### Post by howefield on 2017-04-23
Thread moved to the "*Apple Hardware Users*" forum for a better fit.

---

