---
title: "16.04 not detecting USB3 1TB drive on HP Microserver"
date: 2017-01-12
forum: Server Platforms
---

### Post by osharuk on 2017-01-12
Hi All.

I've recently installed a home NAS server using raid10 (4x1TB drives) and Nextcloud. I want to backup data to the 2TB drive using USB3 as its faster.

When I connect the 5th disk (2TB external USB3 drive to the USB3 port on the HP microserver) its not able to see the disk but the system is detecting it being plugged in. Strangely enough, if I plug the drive into the USB2 port, it detects fine and I can mount it with no problem. 
Can someone help to identify if this is a bug or whether I'm being dumb?

I've read a few forum posts with people that have similar issues but I'm stuck as to what to try next.

NOTE: /dev/sd[abcd] are all the RAID disks...

```
root@NAS:/home/user# lsblk
NAME   MAJ:MIN RM   SIZE RO TYPE MOUNTPOINT
sda      8:0    0 931.5G  0 disk
&#9492;&#9472;sda1   8:1    0 931.5G  0 part /home
sdb      8:16   0 931.5G  0 disk
&#9492;&#9472;sdb1   8:17   0 931.5G  0 part
sdc      8:32   0 931.5G  0 disk
&#9492;&#9472;sdc1   8:33   0 931.5G  0 part
sdd      8:48   0 931.5G  0 disk
&#9492;&#9472;sdd1   8:49   0 931.5G  0 part
zram0  251:0    0     2G  0 disk [SWAP]
zram1  251:1    0     2G  0 disk [SWAP]
```

```
root@NAS:/home/user# fdisk -l | grep sd
Disk /dev/sda: 931.5 GiB, 1000204886016 bytes, 1953525168 sectors
/dev/sda1  *     2048 1953523711 1953521664 931.5G 83 Linux
Disk /dev/sdb: 931.5 GiB, 1000204886016 bytes, 1953525168 sectors
/dev/sdb1  *     2048 1953525167 1953523120 931.5G 83 Linux
Disk /dev/sdc: 931.5 GiB, 1000204886016 bytes, 1953525168 sectors
/dev/sdc1  *     2048 1953525167 1953523120 931.5G 83 Linux
Disk /dev/sdd: 931.5 GiB, 1000204886016 bytes, 1953525168 sectors
/dev/sdd1  *     2048 1953525167 1953523120 931.5G 83 Linux
```

```
root@NAS:/home/user# lsusb -t
/:  Bus 05.Port 1: Dev 1, Class=root_hub, Driver=xhci_hcd/2p, 5000M
    |__ Port 1: Dev 4, If 0, Class=Mass Storage, Driver=usb-storage, 5000M
/:  Bus 04.Port 1: Dev 1, Class=root_hub, Driver=xhci_hcd/2p, 480M
/:  Bus 03.Port 1: Dev 1, Class=root_hub, Driver=uhci_hcd/2p, 12M
/:  Bus 02.Port 1: Dev 1, Class=root_hub, Driver=ehci-pci/2p, 480M
    |__ Port 1: Dev 2, If 0, Class=Hub, Driver=hub/6p, 480M
        |__ Port 3: Dev 3, If 0, Class=Hub, Driver=hub/2p, 480M
/:  Bus 01.Port 1: Dev 1, Class=root_hub, Driver=ehci-pci/2p, 480M
    |__ Port 1: Dev 2, If 0, Class=Hub, Driver=hub/6p, 480M
```


```
root@NAS:/home/user# ls /dev/disk/by-id/
ata-ST1000DM003-1ER162_W4Y2HYR3         wwn-0x5000039ffeccbd65
ata-ST1000DM003-1ER162_W4Y2HYR3-part1   wwn-0x5000039ffeccbd65-part1
ata-ST1000DM003-1ER162_W4Y2HZ1B         wwn-0x5000039ffeccbdf4
ata-ST1000DM003-1ER162_W4Y2HZ1B-part1   wwn-0x5000039ffeccbdf4-part1
ata-TOSHIBA_DT01ACA100_Y4RX0TUFS        wwn-0x5000c500825cc46e
ata-TOSHIBA_DT01ACA100_Y4RX0TUFS-part1  wwn-0x5000c500825cc46e-part1
ata-TOSHIBA_DT01ACA100_Y4RX0YEFS        wwn-0x5000c500825ccebc
ata-TOSHIBA_DT01ACA100_Y4RX0YEFS-part1  wwn-0x5000c500825ccebc-part1

```
```
root@NAS:/home/user# grep -i xhci /boot/config-$(uname -r)
CONFIG_USB_XHCI_HCD=y
CONFIG_USB_XHCI_PCI=y
CONFIG_USB_XHCI_PLATFORM=m

Jan 11 17:53:09 NAS kernel: [    0.133612] ACPI: bus type USB registered
Jan 11 17:53:09 NAS kernel: [    0.133630] usbcore: registered new interface driver usbfs
Jan 11 17:53:09 NAS kernel: [    0.133642] usbcore: registered new interface driver hub
Jan 11 17:53:09 NAS kernel: [    0.133674] usbcore: registered new device driver usb
Jan 11 17:53:09 NAS kernel: [    0.933091] ehci_hcd: USB 2.0 'Enhanced' Host Controller (EHCI) Driver
Jan 11 17:53:09 NAS kernel: [    0.956322] ehci-pci 0000:00:1a.0: new USB bus registered, assigned bus number 1
Jan 11 17:53:09 NAS kernel: [    1.001586] ehci-pci 0000:00:1a.0: USB 2.0 started, EHCI 1.00
Jan 11 17:53:09 NAS kernel: [    1.008790] usb usb1: New USB device found, idVendor=1d6b, idProduct=0002
Jan 11 17:53:09 NAS kernel: [    1.016139] usb usb1: New USB device strings: Mfr=3, Product=2, SerialNumber=1
Jan 11 17:53:09 NAS kernel: [    1.030084] usb usb1: Product: EHCI Host Controller
Jan 11 17:53:09 NAS kernel: [    1.037181] usb usb1: Manufacturer: Linux 4.4.0-59-generic ehci_hcd
Jan 11 17:53:09 NAS kernel: [    1.044265] usb usb1: SerialNumber: 0000:00:1a.0
Jan 11 17:53:09 NAS kernel: [    1.051426] hub 1-0:1.0: USB hub found
Jan 11 17:53:09 NAS kernel: [    1.071793] ehci-pci 0000:00:1d.0: new USB bus registered, assigned bus number 2
Jan 11 17:53:09 NAS kernel: [    1.113583] ehci-pci 0000:00:1d.0: USB 2.0 started, EHCI 1.00
Jan 11 17:53:09 NAS kernel: [    1.119877] usb usb2: New USB device found, idVendor=1d6b, idProduct=0002
Jan 11 17:53:09 NAS kernel: [    1.126237] usb usb2: New USB device strings: Mfr=3, Product=2, SerialNumber=1
Jan 11 17:53:09 NAS kernel: [    1.138984] usb usb2: Product: EHCI Host Controller
Jan 11 17:53:09 NAS kernel: [    1.145601] usb usb2: Manufacturer: Linux 4.4.0-59-generic ehci_hcd
Jan 11 17:53:09 NAS kernel: [    1.152320] usb usb2: SerialNumber: 0000:00:1d.0
Jan 11 17:53:09 NAS kernel: [    1.158932] hub 2-0:1.0: USB hub found
Jan 11 17:53:09 NAS kernel: [    1.178001] ohci_hcd: USB 1.1 'Open' Host Controller (OHCI) Driver
Jan 11 17:53:09 NAS kernel: [    1.197042] uhci_hcd: USB Universal Host Controller Interface driver
Jan 11 17:53:09 NAS kernel: [    1.209923] uhci_hcd 0000:01:00.4: new USB bus registered, assigned bus number 3
Jan 11 17:53:09 NAS kernel: [    1.242076] usb usb3: New USB device found, idVendor=1d6b, idProduct=0001
Jan 11 17:53:09 NAS kernel: [    1.248668] usb usb3: New USB device strings: Mfr=3, Product=2, SerialNumber=1
Jan 11 17:53:09 NAS kernel: [    1.261524] usb usb3: Product: UHCI Host Controller
Jan 11 17:53:09 NAS kernel: [    1.268234] usb usb3: Manufacturer: Linux 4.4.0-59-generic uhci_hcd
Jan 11 17:53:09 NAS kernel: [    1.274943] usb usb3: SerialNumber: 0000:01:00.4
Jan 11 17:53:09 NAS kernel: [    1.281761] hub 3-0:1.0: USB hub found
Jan 11 17:53:09 NAS kernel: [    1.301432] xhci_hcd 0000:04:00.0: new USB bus registered, assigned bus number 4
Jan 11 17:53:09 NAS kernel: [    1.333408] usb usb4: New USB device found, idVendor=1d6b, idProduct=0002
Jan 11 17:53:09 NAS kernel: [    1.340282] usb usb4: New USB device strings: Mfr=3, Product=2, SerialNumber=1
Jan 11 17:53:09 NAS kernel: [    1.353826] usb usb4: Product: xHCI Host Controller
Jan 11 17:53:09 NAS kernel: [    1.360786] usb usb4: Manufacturer: Linux 4.4.0-59-generic xhci-hcd
Jan 11 17:53:09 NAS kernel: [    1.367929] usb usb4: SerialNumber: 0000:04:00.0
Jan 11 17:53:09 NAS kernel: [    1.373654] usb 1-1: new high-speed USB device number 2 using ehci-pci
Jan 11 17:53:09 NAS kernel: [    1.382236] hub 4-0:1.0: USB hub found
Jan 11 17:53:09 NAS kernel: [    1.403137] xhci_hcd 0000:04:00.0: new USB bus registered, assigned bus number 5
Jan 11 17:53:09 NAS kernel: [    1.416985] usb usb5: We don't know the algorithms for LPM for this host, disabling LPM.
Jan 11 17:53:09 NAS kernel: [    1.430920] usb usb5: New USB device found, idVendor=1d6b, idProduct=0003
Jan 11 17:53:09 NAS kernel: [    1.438152] usb usb5: New USB device strings: Mfr=3, Product=2, SerialNumber=1
Jan 11 17:53:09 NAS kernel: [    1.452354] usb usb5: Product: xHCI Host Controller
Jan 11 17:53:09 NAS kernel: [    1.459536] usb usb5: Manufacturer: Linux 4.4.0-59-generic xhci-hcd
Jan 11 17:53:09 NAS kernel: [    1.466690] usb usb5: SerialNumber: 0000:04:00.0
Jan 11 17:53:09 NAS kernel: [    1.473853] hub 5-0:1.0: USB hub found
Jan 11 17:53:09 NAS kernel: [    1.485609] usb 2-1: new high-speed USB device number 2 using ehci-pci
Jan 11 17:53:09 NAS kernel: [    1.532982] usb 1-1: New USB device found, idVendor=8087, idProduct=0024
Jan 11 17:53:09 NAS kernel: [    1.540175] usb 1-1: New USB device strings: Mfr=0, Product=0, SerialNumber=0
Jan 11 17:53:09 NAS kernel: [    1.753792] hub 1-1:1.0: USB hub found
Jan 11 17:53:09 NAS kernel: [    1.839551] usb 5-1: new SuperSpeed USB device number 2 using xhci_hcd
Jan 11 17:53:09 NAS kernel: [    1.857877] usb 2-1: New USB device found, idVendor=8087, idProduct=0024
Jan 11 17:53:09 NAS kernel: [    1.865803] usb 2-1: New USB device strings: Mfr=0, Product=0, SerialNumber=0
Jan 11 17:53:09 NAS kernel: [    1.874416] hub 2-1:1.0: USB hub found
Jan 11 17:53:09 NAS kernel: [    1.884130] usb 5-1: New USB device found, idVendor=152d, idProduct=0569
Jan 11 17:53:09 NAS kernel: [    1.884131] usb 5-1: New USB device strings: Mfr=1, Product=2, SerialNumber=5
Jan 11 17:53:09 NAS kernel: [    1.884133] usb 5-1: Product: USB to ATA/ATAPI Bridge
Jan 11 17:53:09 NAS kernel: [    1.884134] usb 5-1: Manufacturer: JMicron
Jan 11 17:53:09 NAS kernel: [    1.884134] usb 5-1: SerialNumber: 5A31453638473845
Jan 11 17:53:09 NAS kernel: [    2.198691] usb-storage 5-1:1.0: USB Mass Storage device detected
Jan 11 17:53:09 NAS kernel: [    2.243806] scsi host0: usb-storage 5-1:1.0
Jan 11 17:53:09 NAS kernel: [    2.245547] usb 2-1.3: new high-speed USB device number 3 using ehci-pci
Jan 11 17:53:09 NAS kernel: [    2.323602] usbcore: registered new interface driver usb-storage
Jan 11 17:53:09 NAS kernel: [    2.334156] usbcore: registered new interface driver uas
Jan 11 17:53:09 NAS kernel: [    2.351699] usb 2-1.3: New USB device found, idVendor=0424, idProduct=2660
Jan 11 17:53:09 NAS kernel: [    2.360330] usb 2-1.3: New USB device strings: Mfr=0, Product=0, SerialNumber=0
Jan 11 17:53:09 NAS kernel: [    2.381578] hub 2-1.3:1.0: USB hub found
Jan 11 17:53:09 NAS kernel: [    3.435254] usb 5-1: reset SuperSpeed USB device number 2 using xhci_hcd
Jan 11 17:53:09 NAS kernel: [    3.583241] usb 5-1: reset SuperSpeed USB device number 2 using xhci_hcd
Jan 11 17:53:09 NAS kernel: [    3.727243] usb 5-1: reset SuperSpeed USB device number 2 using xhci_hcd
Jan 11 17:53:09 NAS kernel: [    3.871218] usb 5-1: reset SuperSpeed USB device number 2 using xhci_hcd
```



Thanks in advance.

---

### Post by slickymaster on 2017-01-12
*Thread moved to **Server Platforms**.*

---

