---
title: "9.04--Display server has restarted 6 times..."
date: 2010-08-18
forum: Server Platforms
---

### Post by cwscribner on 2010-08-18
I've done some searching around but can't find anything conclusive on this error.  The tech at my remote site restarted the 9.04 server(not sure if it was accidental or planned) and when it started the boot process, an error like the following shows up...

"The display server has restarted 6 times in the past 90 seconds.  This indicates that something bad is happening."

Any help would be much appreciated.  I'd like to get this cleared up asap.

---

### Post by stlsaint on 2010-08-18
Sounds like you need to start greping logs. Start with your dmesg then move on to your /var/log. Maybe view the messages log there. Sorry i cant be of more help.

Also read through here: [deadX]("http://fixunix.com/ubuntu/553359-x-dead.html"). There are a few suggested fixes that worked for a couple people.

---

### Post by cwscribner on 2010-08-18
> **stlsaint said:**
> Sounds like you need to start greping logs. Start with your dmesg then move on to your /var/log. Maybe view the messages log there. Sorry i cant be of more help.

Also read through here: [deadX]("http://fixunix.com/ubuntu/553359-x-dead.html"). There are a few suggested fixes that worked for a couple people.

Here's the output for dmesg.  Not quite sure what I should be looking for.  I also looked at the Xorg.* logs and there were no errors.

dmesg
```
[    0.000000] BIOS EBDA/lowmem at: 0009f400/0009f400
[    0.000000] Initializing cgroup subsys cpuset
[    0.000000] Initializing cgroup subsys cpu
[    0.000000] Linux version 2.6.28-18-server (buildd@yellow) (gcc version 4.3.3 (Ubuntu 4.3.3-5ubuntu4) ) #60-Ubuntu SMP Fri Mar 12 05:11:07 UTC 2010 (Ubuntu 2.6.28-18.60-server)
[    0.000000] Command line: root=/dev/mapper/WKENOPSNAGIOS-root ro  single
[    0.000000] KERNEL supported cpus:
[    0.000000]   Intel GenuineIntel
[    0.000000]   AMD AuthenticAMD
[    0.000000]   Centaur CentaurHauls
[    0.000000] BIOS-provided physical RAM map:
[    0.000000]  BIOS-e820: 0000000000000000 - 000000000009f400 (usable)
[    0.000000]  BIOS-e820: 000000000009f400 - 00000000000a0000 (reserved)
[    0.000000]  BIOS-e820: 00000000000f0000 - 0000000000100000 (reserved)
[    0.000000]  BIOS-e820: 0000000000100000 - 00000000cfe58000 (usable)
[    0.000000]  BIOS-e820: 00000000cfe58000 - 00000000cfe60000 (ACPI data)
[    0.000000]  BIOS-e820: 00000000cfe60000 - 00000000d0000000 (reserved)
[    0.000000]  BIOS-e820: 00000000fec00000 - 00000000fed00000 (reserved)
[    0.000000]  BIOS-e820: 00000000fee00000 - 00000000fee10000 (reserved)
[    0.000000]  BIOS-e820: 00000000ffc00000 - 0000000100000000 (reserved)
[    0.000000]  BIOS-e820: 0000000100000000 - 000000012ffff000 (usable)
[    0.000000] DMI 2.3 present.
[    0.000000] last_pfn = 0x12ffff max_arch_pfn = 0x3ffffffff
[    0.000000] last_pfn = 0xcfe58 max_arch_pfn = 0x3ffffffff
[    0.000000] Scanning 2 areas for low memory corruption
[    0.000000] modified physical RAM map:
[    0.000000]  modified: 0000000000000000 - 0000000000001000 (usable)
[    0.000000]  modified: 0000000000001000 - 0000000000006000 (reserved)
[    0.000000]  modified: 0000000000006000 - 0000000000008000 (usable)
[    0.000000]  modified: 0000000000008000 - 0000000000010000 (reserved)
[    0.000000]  modified: 0000000000010000 - 0000000000092400 (usable)
[    0.000000]  modified: 000000000009f400 - 00000000000a0000 (reserved)
[    0.000000]  modified: 00000000000f0000 - 0000000000100000 (reserved)
[    0.000000]  modified: 0000000000100000 - 00000000cfe58000 (usable)
[    0.000000]  modified: 00000000cfe58000 - 00000000cfe60000 (ACPI data)
[    0.000000]  modified: 00000000cfe60000 - 00000000d0000000 (reserved)
[    0.000000]  modified: 00000000fec00000 - 00000000fed00000 (reserved)
[    0.000000]  modified: 00000000fee00000 - 00000000fee10000 (reserved)
[    0.000000]  modified: 00000000ffc00000 - 0000000100000000 (reserved)
[    0.000000]  modified: 0000000100000000 - 000000012ffff000 (usable)
[    0.000000] init_memory_mapping: 0000000000000000-00000000cfe58000
[    0.000000]  0000000000 - 00cfe00000 page 2M
[    0.000000]  00cfe00000 - 00cfe58000 page 4k
[    0.000000] kernel direct mapping tables up to cfe58000 @ 10000-16000
[    0.000000] last_map_addr: cfe58000 end: cfe58000
[    0.000000] init_memory_mapping: 0000000100000000-000000012ffff000
[    0.000000]  0100000000 - 012fe00000 page 2M
[    0.000000]  012fe00000 - 012ffff000 page 4k
[    0.000000] kernel direct mapping tables up to 12ffff000 @ 14000-1b000
[    0.000000] last_map_addr: 12ffff000 end: 12ffff000
[    0.000000] RAMDISK: 377e2000 - 37fefb0c
[    0.000000] ACPI: RSDP 000F4F00, 0024 (r2 HP    )
[    0.000000] ACPI: XSDT CFE58300, 0054 (r1 HP     P56             2   Ò     162E)
[    0.000000] ACPI: FACP CFE58380, 00F4 (r3 HP     P56             2   Ò     162E)
[    0.000000] ACPI: DSDT CFE58480, 1F41 (r1 HP         DSDT        1 INTL 20030228)
[    0.000000] ACPI: FACS CFE580C0, 0040
[    0.000000] ACPI: SPCR CFE58100, 0050 (r1 HP     SPCRRBSU        1   Ò     162E)
[    0.000000] ACPI: MCFG CFE58180, 003C (r1 HP     ProLiant        1             0)
[    0.000000] ACPI: HPET CFE581C0, 0038 (r1 HP     P56             2   Ò     162E)
[    0.000000] ACPI: SPMI CFE58200, 0040 (r5 HP     ProLiant        1   Ò     162E)
[    0.000000] ACPI: APIC CFE58240, 009E (r1 HP     00000083        2             0)
[    0.000000] ACPI: Local APIC address 0xfee00000
[    0.000000] (7 early reservations) ==> bootmem [0000000000 - 012ffff000]
[    0.000000]   #0 [0000000000 - 0000001000]   BIOS data page ==> [0000000000 - 0000001000]
[    0.000000]   #1 [0000006000 - 0000008000]       TRAMPOLINE ==> [0000006000 - 0000008000]
[    0.000000]   #2 [0000200000 - 0000b7cbb0]    TEXT DATA BSS ==> [0000200000 - 0000b7cbb0]
[    0.000000]   #3 [00377e2000 - 0037fefb0c]          RAMDISK ==> [00377e2000 - 0037fefb0c]
[    0.000000]   #4 [000009f400 - 0000100000]    BIOS reserved ==> [000009f400 - 0000100000]
[    0.000000]   #5 [0000010000 - 0000014000]          PGTABLE ==> [0000010000 - 0000014000]
[    0.000000]   #6 [0000014000 - 0000016000]          PGTABLE ==> [0000014000 - 0000016000]
[    0.000000] found SMP MP-table at [ffff8800000f4f80] 000f4f80
[    0.000000]  [ffffe20000000000-ffffe200043fffff] PMD -> [ffff880028200000-ffff88002c5fffff] on node 0
[    0.000000] Zone PFN ranges:
[    0.000000]   DMA      0x00000000 -> 0x00001000
[    0.000000]   DMA32    0x00001000 -> 0x00100000
[    0.000000]   Normal   0x00100000 -> 0x0012ffff
[    0.000000] Movable zone start PFN for each node
[    0.000000] early_node_map[5] active PFN ranges
[    0.000000]     0: 0x00000000 -> 0x00000001
[    0.000000]     0: 0x00000006 -> 0x00000008
[    0.000000]     0: 0x00000010 -> 0x00000092
[    0.000000]     0: 0x00000100 -> 0x000cfe58
[    0.000000]     0: 0x00100000 -> 0x0012ffff
[    0.000000] On node 0 totalpages: 1048028
[    0.000000]   DMA zone: 56 pages used for memmap
[    0.000000]   DMA zone: 2535 pages reserved
[    0.000000]   DMA zone: 1382 pages, LIFO batch:0
[    0.000000]   DMA32 zone: 14280 pages used for memmap
[    0.000000]   DMA32 zone: 833168 pages, LIFO batch:31
[    0.000000]   Normal zone: 2688 pages used for memmap
[    0.000000]   Normal zone: 193919 pages, LIFO batch:31
[    0.000000]   Movable zone: 0 pages used for memmap
[    0.000000] ACPI: PM-Timer IO Port: 0x908
[    0.000000] ACPI: Local APIC address 0xfee00000
[    0.000000] ACPI: LAPIC (acpi_id[0x00] lapic_id[0x00] enabled)
[    0.000000] ACPI: LAPIC (acpi_id[0x04] lapic_id[0x04] disabled)
[    0.000000] ACPI: LAPIC (acpi_id[0x02] lapic_id[0x02] disabled)
[    0.000000] ACPI: LAPIC (acpi_id[0x06] lapic_id[0x06] disabled)
[    0.000000] ACPI: LAPIC (acpi_id[0x01] lapic_id[0x01] enabled)
[    0.000000] ACPI: LAPIC (acpi_id[0x05] lapic_id[0x05] disabled)
[    0.000000] ACPI: LAPIC (acpi_id[0x03] lapic_id[0x03] disabled)
[    0.000000] ACPI: LAPIC (acpi_id[0x07] lapic_id[0x07] disabled)
[    0.000000] ACPI: LAPIC_NMI (acpi_id[0xff] dfl dfl lint[0x1])
[    0.000000] ACPI: IOAPIC (id[0x08] address[0xfec00000] gsi_base[0])
[    0.000000] IOAPIC[0]: apic_id 8, version 0, address 0xfec00000, GSI 0-23
[    0.000000] ACPI: INT_SRC_OVR (bus 0 bus_irq 0 global_irq 2 high edge)
[    0.000000] ACPI: INT_SRC_OVR (bus 0 bus_irq 9 global_irq 9 high level)
[    0.000000] ACPI: IRQ0 used by override.
[    0.000000] ACPI: IRQ2 used by override.
[    0.000000] ACPI: IRQ9 used by override.
[    0.000000] ACPI: HPET id: 0x8086a201 base: 0xfed00000
[    0.000000] Using ACPI (MADT) for SMP configuration information
[    0.000000] SMP: Allowing 8 CPUs, 6 hotplug CPUs
[    0.000000] PM: Registered nosave memory: 0000000000001000 - 0000000000006000
[    0.000000] PM: Registered nosave memory: 0000000000008000 - 0000000000010000
[    0.000000] PM: Registered nosave memory: 0000000000092000 - 00000000000a0000
[    0.000000] PM: Registered nosave memory: 00000000000a0000 - 00000000000f0000
[    0.000000] PM: Registered nosave memory: 00000000000f0000 - 0000000000100000
[    0.000000] PM: Registered nosave memory: 00000000cfe58000 - 00000000cfe60000
[    0.000000] PM: Registered nosave memory: 00000000cfe60000 - 00000000d0000000
[    0.000000] PM: Registered nosave memory: 00000000d0000000 - 00000000fec00000
[    0.000000] PM: Registered nosave memory: 00000000fec00000 - 00000000fed00000
[    0.000000] PM: Registered nosave memory: 00000000fed00000 - 00000000fee00000
[    0.000000] PM: Registered nosave memory: 00000000fee00000 - 00000000fee10000
[    0.000000] PM: Registered nosave memory: 00000000fee10000 - 00000000ffc00000
[    0.000000] PM: Registered nosave memory: 00000000ffc00000 - 0000000100000000
[    0.000000] Allocating PCI resources starting at d4000000 (gap: d0000000:2ec00000)
[    0.000000] PERCPU: Allocating 69632 bytes of per cpu data
[    0.000000] NR_CPUS: 64, nr_cpu_ids: 8, nr_node_ids 1
[    0.000000] Built 1 zonelists in Zone order, mobility grouping on.  Total pages: 1028469
[    0.000000] Kernel command line: root=/dev/mapper/WKENOPSNAGIOS-root ro  single
[    0.000000] Initializing CPU#0
[    0.000000] PID hash table entries: 4096 (order: 12, 32768 bytes)
[    0.000000] Extended CMOS year: 2000
[    0.000000] Fast TSC calibration using PIT
[    0.000000] Detected 2999.533 MHz processor.
[    0.010000] Console: colour VGA+ 80x25
[    0.010000] console [tty0] enabled
[    0.010000] Dentry cache hash table entries: 524288 (order: 10, 4194304 bytes)
[    0.010000] Inode-cache hash table entries: 262144 (order: 9, 2097152 bytes)
[    0.010000] allocated 49807360 bytes of page_cgroup
[    0.010000] please try cgroup_disable=memory option if you don't want
[    0.010000] Scanning for low memory corruption every 60 seconds
[    0.010000] Checking aperture...
[    0.010000] No AGP bridge found
[    0.010000] Calgary: detecting Calgary via BIOS EBDA area
[    0.010000] Calgary: Unable to locate Rio Grande table in EBDA - bailing!
[    0.010000] PCI-DMA: Using software bounce buffering for IO (SWIOTLB)
[    0.010000] Placing software IO TLB between 0x20000000 - 0x24000000
[    0.010000] Memory: 3982060k/4980732k available (4746k kernel code, 788620k absent, 209124k reserved, 2526k data, 536k init)
[    0.010000] SLUB: Genslabs=12, HWalign=64, Order=0-3, MinObjects=0, CPUs=8, Nodes=1
[    0.010000] hpet clockevent registered
[    0.010000] HPET: 3 timers in total, 0 timers will be used for per-cpu timer
[    0.010000] Calibrating delay loop (skipped), value calculated using timer frequency.. 5999.06 BogoMIPS (lpj=29995330)
[    0.010000] Security Framework initialized
[    0.010000] SELinux:  Disabled at boot.
[    0.010000] AppArmor: AppArmor initialized
[    0.010000] Mount-cache hash table entries: 256
[    0.010000] Initializing cgroup subsys ns
[    0.010000] Initializing cgroup subsys cpuacct
[    0.010000] Initializing cgroup subsys memory
[    0.010000] Initializing cgroup subsys freezer
[    0.010000] CPU: L1 I cache: 32K, L1 D cache: 32K
[    0.010000] CPU: L2 cache: 4096K
[    0.010000] CPU: Physical Processor ID: 0
[    0.010000] CPU: Processor Core ID: 0
[    0.010000] using mwait in idle threads.
[    0.010000] ACPI: Core revision 20080926
[    0.010000] ACPI: Checking initramfs for custom DSDT
[    0.236086] Setting APIC routing to flat
[    0.236589] ..TIMER: vector=0x30 apic1=0 pin1=2 apic2=-1 pin2=-1
[    0.336736] CPU0: Intel(R) Xeon(R) CPU            5160  @ 3.00GHz stepping 06
[    0.340000] Booting processor 1 APIC 0x1 ip 0x6000
[    0.010000] Initializing CPU#1
[    0.010000] Calibrating delay using timer specific routine.. 5999.36 BogoMIPS (lpj=29996827)
[    0.010000] CPU: L1 I cache: 32K, L1 D cache: 32K
[    0.010000] CPU: L2 cache: 4096K
[    0.010000] CPU: Physical Processor ID: 0
[    0.010000] CPU: Processor Core ID: 1
[    0.490524] CPU1: Intel(R) Xeon(R) CPU            5160  @ 3.00GHz stepping 06
[    0.491139] checking TSC synchronization [CPU#0 -> CPU#1]: passed.
[    0.500049] Brought up 2 CPUs
[    0.500103] Total of 2 processors activated (11998.43 BogoMIPS).
[    0.500202] CPU0 attaching sched-domain:
[    0.500204]  domain 0: span 0-1 level MC
[    0.500206]   groups: 0 1
[    0.500210] CPU1 attaching sched-domain:
[    0.500212]  domain 0: span 0-1 level MC
[    0.500213]   groups: 1 0
[    0.500280] net_namespace: 1400 bytes
[    0.500280] Booting paravirtualized kernel on bare hardware
[    0.500385] Time: 22:21:39  Date: 08/13/10
[    0.500385] regulator: core version 0.5
[    0.500385] NET: Registered protocol family 16
[    0.500385] ACPI: bus type pci registered
[    0.500481] PCI: MCFG configuration 0: base e0000000 segment 0 buses 0 - 255
[    0.500562] PCI: Not using MMCONFIG.
[    0.500631] PCI: Using configuration type 1 for base access
[    0.500709] PCI: HP ProLiant DL380 detected, enabling pci=bfsort.
[    0.501226] ACPI: EC: Look up EC in DSDT
[    0.501598] ACPI: Interpreter enabled
[    0.501668] ACPI: (supports S0 S4 S5)
[    0.501850] ACPI: Using IOAPIC for interrupt routing
[    0.501950] PCI: MCFG configuration 0: base e0000000 segment 0 buses 0 - 255
[    0.502453] PCI: MCFG area at e0000000 reserved in ACPI motherboard resources
[    0.512846] PCI: Using MMCONFIG at e0000000 - efffffff
[    0.514352] ACPI: No dock devices found.
[    0.514429] ACPI: PCI Root Bridge [PCI0] (0000:00)
[    0.514550] pci 0000:00:00.0: PME# supported from D0 D3hot D3cold
[    0.514629] pci 0000:00:00.0: PME# disabled
[    0.516234] pci 0000:00:02.0: PME# supported from D0 D3hot D3cold
[    0.516313] pci 0000:00:02.0: PME# disabled
[    0.516407] pci 0000:00:03.0: PME# supported from D0 D3hot D3cold
[    0.516485] pci 0000:00:03.0: PME# disabled
[    0.516579] pci 0000:00:04.0: PME# supported from D0 D3hot D3cold
[    0.516869] pci 0000:00:04.0: PME# disabled
[    0.516963] pci 0000:00:05.0: PME# supported from D0 D3hot D3cold
[    0.517041] pci 0000:00:05.0: PME# disabled
[    0.517135] pci 0000:00:06.0: PME# supported from D0 D3hot D3cold
[    0.517213] pci 0000:00:06.0: PME# disabled
[    0.517308] pci 0000:00:07.0: PME# supported from D0 D3hot D3cold
[    0.517386] pci 0000:00:07.0: PME# disabled
[    0.517640] pci 0000:00:1c.0: PME# supported from D0 D3hot D3cold
[    0.517718] pci 0000:00:1c.0: PME# disabled
[    0.517827] pci 0000:00:1c.1: PME# supported from D0 D3hot D3cold
[    0.517898] pci 0000:00:1c.1: PME# disabled
[    0.518006] pci 0000:00:1d.0: reg 20 io port: [0x1000-0x101f]
[    0.518059] pci 0000:00:1d.1: reg 20 io port: [0x1020-0x103f]
[    0.518112] pci 0000:00:1d.2: reg 20 io port: [0x1040-0x105f]
[    0.518164] pci 0000:00:1d.3: reg 20 io port: [0x1060-0x107f]
[    0.518212] pci 0000:00:1d.7: reg 10 32bit mmio: [0xf7df0000-0xf7df03ff]
[    0.518243] pci 0000:00:1d.7: PME# supported from D0 D3hot D3cold
[    0.518302] pci 0000:00:1d.7: PME# disabled
[    0.518452] pci 0000:00:1f.1: reg 10 io port: [0x1f0-0x1f7]
[    0.518457] pci 0000:00:1f.1: reg 14 io port: [0x3f4-0x3f7]
[    0.518462] pci 0000:00:1f.1: reg 18 io port: [0x170-0x177]
[    0.518467] pci 0000:00:1f.1: reg 1c io port: [0x374-0x377]
[    0.518471] pci 0000:00:1f.1: reg 20 io port: [0x500-0x50f]
[    0.519318] pci 0000:09:00.0: PME# supported from D0 D3hot D3cold
[    0.519455] pci 0000:09:00.0: PME# disabled
[    0.520548] pci 0000:09:00.3: PME# supported from D0 D3hot D3cold
[    0.520640] pci 0000:09:00.3: PME# disabled
[    0.521033] pci 0000:00:02.0: bridge 32bit mmio: [0xfdd00000-0xfddfffff]
[    0.522058] pci 0000:0a:00.0: PME# supported from D0 D3hot D3cold
[    0.522195] pci 0000:0a:00.0: PME# disabled
[    0.523476] pci 0000:0a:01.0: PME# supported from D0 D3hot D3cold
[    0.523613] pci 0000:0a:01.0: PME# disabled
[    0.524894] pci 0000:0a:02.0: PME# supported from D0 D3hot D3cold
[    0.525032] pci 0000:0a:02.0: PME# disabled
[    0.531858] pci 0000:17:00.0: reg 10 64bit mmio: [0xfdf00000-0xfdffffff]
[    0.531863] pci 0000:17:00.0: reg 18 io port: [0x4000-0x40ff]
[    0.531872] pci 0000:17:00.0: reg 1c 64bit mmio: [0xfdef0000-0xfdef0fff]
[    0.531880] pci 0000:17:00.0: reg 30 32bit mmio: [0x000000-0x03ffff]
[    0.531891] pci 0000:17:00.0: supports D1
[    0.531926] pci 0000:00:06.0: bridge io port: [0x4000-0x4fff]
[    0.531928] pci 0000:00:06.0: bridge 32bit mmio: [0xfde00000-0xfdffffff]
[    0.532011] pci 0000:02:00.0: PME# supported from D0 D3hot D3cold
[    0.532091] pci 0000:02:00.0: PME# disabled
[    0.532204] pci 0000:00:1c.0: bridge 32bit mmio: [0xf8000000-0xf9ffffff]
[    0.532266] pci 0000:03:00.0: reg 10 64bit mmio: [0xf8000000-0xf9ffffff]
[    0.532295] pci 0000:03:00.0: reg 30 32bit mmio: [0x000000-0x0007ff]
[    0.532308] pci 0000:03:00.0: PME# supported from D3hot D3cold
[    0.532387] pci 0000:03:00.0: PME# disabled
[    0.532520] pci 0000:02:00.0: bridge 32bit mmio: [0xf8000000-0xf9ffffff]
[    0.532585] pci 0000:04:00.0: PME# supported from D0 D3hot D3cold
[    0.532664] pci 0000:04:00.0: PME# disabled
[    0.532777] pci 0000:00:1c.1: bridge 32bit mmio: [0xfa000000-0xfbffffff]
[    0.532839] pci 0000:05:00.0: reg 10 64bit mmio: [0xfa000000-0xfbffffff]
[    0.532868] pci 0000:05:00.0: reg 30 32bit mmio: [0x000000-0x0007ff]
[    0.532880] pci 0000:05:00.0: PME# supported from D3hot D3cold
[    0.532959] pci 0000:05:00.0: PME# disabled
[    0.533091] pci 0000:04:00.0: bridge 32bit mmio: [0xfa000000-0xfbffffff]
[    0.533138] pci 0000:01:03.0: reg 10 32bit mmio: [0xd8000000-0xdfffffff]
[    0.533144] pci 0000:01:03.0: reg 14 io port: [0x3000-0x30ff]
[    0.533150] pci 0000:01:03.0: reg 18 32bit mmio: [0xf7ff0000-0xf7ffffff]
[    0.533170] pci 0000:01:03.0: reg 30 32bit mmio: [0x000000-0x01ffff]
[    0.533179] pci 0000:01:03.0: supports D1 D2
[    0.533210] pci 0000:01:04.0: reg 10 io port: [0x2800-0x28ff]
[    0.533216] pci 0000:01:04.0: reg 14 32bit mmio: [0xf7fe0000-0xf7fe01ff]
[    0.533248] pci 0000:01:04.0: PME# supported from D0 D3hot D3cold
[    0.533327] pci 0000:01:04.0: PME# disabled
[    0.533432] pci 0000:01:04.2: reg 10 io port: [0x3400-0x34ff]
[    0.533439] pci 0000:01:04.2: reg 14 32bit mmio: [0xf7fd0000-0xf7fd07ff]
[    0.533446] pci 0000:01:04.2: reg 18 32bit mmio: [0xf7fc0000-0xf7fc1fff]
[    0.533452] pci 0000:01:04.2: reg 1c 32bit mmio: [0xf7f00000-0xf7f7ffff]
[    0.533469] pci 0000:01:04.2: reg 30 32bit mmio: [0x000000-0x00ffff]
[    0.533478] pci 0000:01:04.2: PME# supported from D0 D3hot D3cold
[    0.533558] pci 0000:01:04.2: PME# disabled
[    0.533684] pci 0000:01:04.4: reg 20 io port: [0x3800-0x381f]
[    0.533704] pci 0000:01:04.4: PME# supported from D0 D3hot D3cold
[    0.533783] pci 0000:01:04.4: PME# disabled
[    0.533886] pci 0000:01:04.6: reg 10 32bit mmio: [0xf7ef0000-0xf7ef00ff]
[    0.533922] pci 0000:01:04.6: PME# supported from D0 D3hot D3cold
[    0.534001] pci 0000:01:04.6: PME# disabled
[    0.534109] pci 0000:00:1e.0: transparent bridge
[    0.534183] pci 0000:00:1e.0: bridge io port: [0x2000-0x3fff]
[    0.534186] pci 0000:00:1e.0: bridge 32bit mmio: [0xf7e00000-0xf7ffffff]
[    0.534190] pci 0000:00:1e.0: bridge 64bit mmio pref: [0xd8000000-0xdfffffff]
[    0.534215] bus 00 -> node 0
[    0.534219] ACPI: PCI Interrupt Routing Table [\_SB_.PCI0._PRT]
[    0.534345] ACPI: PCI Interrupt Routing Table [\_SB_.PCI0.IP2P._PRT]
[    0.534417] ACPI: PCI Interrupt Routing Table [\_SB_.PCI0.IPTA._PRT]
[    0.534467] ACPI: PCI Interrupt Routing Table [\_SB_.PCI0.IPTB._PRT]
[    0.534517] ACPI: PCI Interrupt Routing Table [\_SB_.PCI0.PT02._PRT]
[    0.534537] ACPI Warning (nspredef-0357): \_SB_.PCI0.PT02._PRT: Return Package has no elements (empty) [20080926]
[    0.534740] ACPI: PCI Interrupt Routing Table [\_SB_.PCI0.PT02.IPE4._PRT]
[    0.534809] ACPI: PCI Interrupt Routing Table [\_SB_.PCI0.PT02.IPE4.IPE1._PRT]
[    0.534889] ACPI: PCI Interrupt Routing Table [\_SB_.PCI0.PT02.IPE4.IPE2._PRT]
[    0.534969] ACPI: PCI Interrupt Routing Table [\_SB_.PCI0.PT02.IPE4.IPE3._PRT]
[    0.535047] ACPI: PCI Interrupt Routing Table [\_SB_.PCI0.PT03._PRT]
[    0.535125] ACPI: PCI Interrupt Routing Table [\_SB_.PCI0.PT04._PRT]
[    0.535203] ACPI: PCI Interrupt Routing Table [\_SB_.PCI0.PT06._PRT]
[    0.536883] ACPI: PCI Interrupt Link [LNKA] (IRQs *5 7 10 11)
[    0.537229] ACPI: PCI Interrupt Link [LNKB] (IRQs 5 *7 10 11)
[    0.537573] ACPI: PCI Interrupt Link [LNKC] (IRQs 5 7 *10 11)
[    0.537916] ACPI: PCI Interrupt Link [LNKD] (IRQs 5 7 *10 11)
[    0.538259] ACPI: PCI Interrupt Link [LNKE] (IRQs 5 7 10 11) *0, disabled.
[    0.538673] ACPI: PCI Interrupt Link [LNKF] (IRQs *5 7 10 11)
[    0.539017] ACPI: PCI Interrupt Link [LNKG] (IRQs 5 7 *10 11)
[    0.539361] ACPI: PCI Interrupt Link [LNKH] (IRQs 5 *7 10 11)
[    0.539779] ACPI: WMI: Mapper loaded
[    0.539882] SCSI subsystem initialized
[    0.540012] libata version 3.00 loaded.
[    0.540021] usbcore: registered new interface driver usbfs
[    0.540108] usbcore: registered new interface driver hub
[    0.540192] usbcore: registered new device driver usb
[    0.540192] PCI: Using ACPI for IRQ routing
[    0.570008] Bluetooth: Core ver 2.13
[    0.570075] NET: Registered protocol family 31
[    0.570075] Bluetooth: HCI device and connection manager initialized
[    0.570128] Bluetooth: HCI socket layer initialized
[    0.570194] NET: Registered protocol family 8
[    0.570247] NET: Registered protocol family 20
[    0.570307] NetLabel: Initializing
[    0.570359] NetLabel:  domain hash size = 128
[    0.570413] NetLabel:  protocols = UNLABELED CIPSOv4
[    0.570477] NetLabel:  unlabeled traffic allowed by default
[    0.570558] hpet0: at MMIO 0xfed00000, IRQs 2, 8, 0
[    0.570755] hpet0: 3 comparators, 64-bit 14.318180 MHz counter
[    0.580060] AppArmor: AppArmor Filesystem Enabled
[    0.590008] Switched to high resolution mode on CPU 0
[    0.591296] Switched to high resolution mode on CPU 1
[    0.610050] pnp: PnP ACPI init
[    0.610125] ACPI: bus type pnp registered
[    0.611143] pnp: PnP ACPI: found 10 devices
[    0.611215] ACPI: ACPI bus type pnp unregistered
[    0.611293] system 00:01: ioport range 0x408-0x40f has been reserved
[    0.611372] system 00:01: ioport range 0x4d0-0x4d1 has been reserved
[    0.611450] system 00:01: ioport range 0x700-0x71f has been reserved
[    0.611527] system 00:01: ioport range 0x800-0x83f has been reserved
[    0.611606] system 00:01: ioport range 0x900-0x97f has been reserved
[    0.611683] system 00:01: ioport range 0xc80-0xc83 has been reserved
[    0.611762] system 00:01: ioport range 0xcd4-0xcd7 has been reserved
[    0.611839] system 00:01: ioport range 0xf50-0xf58 has been reserved
[    0.611917] system 00:01: ioport range 0xca0-0xca1 has been reserved
[    0.611994] system 00:01: ioport range 0xca4-0xca5 has been reserved
[    0.612072] system 00:01: ioport range 0x2f8-0x2ff has been reserved
[    0.612150] system 00:01: iomem range 0xe0000000-0xefffffff has been reserved
[    0.612231] system 00:01: iomem range 0xfe000000-0xfebfffff has been reserved
[    0.617257] pci 0000:0a:00.0: PCI bridge, secondary bus 0000:0b
[    0.617333] pci 0000:0a:00.0:   IO window: disabled
[    0.617462] pci 0000:0a:00.0:   MEM window: disabled
[    0.617554] pci 0000:0a:00.0:   PREFETCH window: disabled
[    0.617692] pci 0000:0a:01.0: PCI bridge, secondary bus 0000:0e
[    0.617768] pci 0000:0a:01.0:   IO window: disabled
[    0.617919] pci 0000:0a:01.0:   MEM window: disabled
[    0.618057] pci 0000:0a:01.0:   PREFETCH window: disabled
[    0.618195] pci 0000:0a:02.0: PCI bridge, secondary bus 0000:11
[    0.618271] pci 0000:0a:02.0:   IO window: disabled
[    0.618469] pci 0000:0a:02.0:   MEM window: disabled
[    0.618606] pci 0000:0a:02.0:   PREFETCH window: disabled
[    0.618744] pci 0000:09:00.0: PCI bridge, secondary bus 0000:0a
[    0.618820] pci 0000:09:00.0:   IO window: disabled
[    0.618972] pci 0000:09:00.0:   MEM window: disabled
[    0.619064] pci 0000:09:00.0:   PREFETCH window: disabled
[    0.619247] pci 0000:09:00.3: PCI bridge, secondary bus 0000:12
[    0.619323] pci 0000:09:00.3:   IO window: disabled
[    0.619475] pci 0000:09:00.3:   MEM window: disabled
[    0.619567] pci 0000:09:00.3:   PREFETCH window: disabled
[    0.619705] pci 0000:00:02.0: PCI bridge, secondary bus 0000:09
[    0.619781] pci 0000:00:02.0:   IO window: disabled
[    0.619856] pci 0000:00:02.0:   MEM window: 0xfdd00000-0xfddfffff
[    0.619934] pci 0000:00:02.0:   PREFETCH window: disabled
[    0.620025] pci 0000:00:03.0: PCI bridge, secondary bus 0000:06
[    0.620102] pci 0000:00:03.0:   IO window: disabled
[    0.620177] pci 0000:00:03.0:   MEM window: disabled
[    0.620250] pci 0000:00:03.0:   PREFETCH window: disabled
[    0.620327] pci 0000:00:04.0: PCI bridge, secondary bus 0000:13
[    0.620403] pci 0000:00:04.0:   IO window: disabled
[    0.620477] pci 0000:00:04.0:   MEM window: disabled
[    0.620552] pci 0000:00:04.0:   PREFETCH window: disabled
[    0.620628] pci 0000:00:05.0: PCI bridge, secondary bus 0000:16
[    0.620704] pci 0000:00:05.0:   IO window: disabled
[    0.620779] pci 0000:00:05.0:   MEM window: disabled
[    0.620854] pci 0000:00:05.0:   PREFETCH window: disabled
[    0.620931] pci 0000:00:06.0: PCI bridge, secondary bus 0000:17
[    0.621008] pci 0000:00:06.0:   IO window: 0x4000-0x4fff
[    0.621084] pci 0000:00:06.0:   MEM window: 0xfde00000-0xfdffffff
[    0.621161] pci 0000:00:06.0:   PREFETCH window: 0x000000d4000000-0x000000d40fffff
[    0.621268] pci 0000:00:07.0: PCI bridge, secondary bus 0000:1a
[    0.621344] pci 0000:00:07.0:   IO window: disabled
[    0.621418] pci 0000:00:07.0:   MEM window: disabled
[    0.621492] pci 0000:00:07.0:   PREFETCH window: disabled
[    0.621568] pci 0000:02:00.0: PCI bridge, secondary bus 0000:03
[    0.621630] pci 0000:02:00.0:   IO window: disabled
[    0.621691] pci 0000:02:00.0:   MEM window: 0xf8000000-0xf9ffffff
[    0.621751] pci 0000:02:00.0:   PREFETCH window: 0x000000d4100000-0x000000d41fffff
[    0.621829] pci 0000:00:1c.0: PCI bridge, secondary bus 0000:02
[    0.621885] pci 0000:00:1c.0:   IO window: disabled
[    0.621942] pci 0000:00:1c.0:   MEM window: 0xf8000000-0xf9ffffff
[    0.622001] pci 0000:00:1c.0:   PREFETCH window: 0x000000d4100000-0x000000d41fffff
[    0.622078] pci 0000:04:00.0: PCI bridge, secondary bus 0000:05
[    0.622134] pci 0000:04:00.0:   IO window: disabled
[    0.622192] pci 0000:04:00.0:   MEM window: 0xfa000000-0xfbffffff
[    0.622252] pci 0000:04:00.0:   PREFETCH window: 0x000000d4200000-0x000000d42fffff
[    0.622330] pci 0000:00:1c.1: PCI bridge, secondary bus 0000:04
[    0.622387] pci 0000:00:1c.1:   IO window: disabled
[    0.622444] pci 0000:00:1c.1:   MEM window: 0xfa000000-0xfbffffff
[    0.622502] pci 0000:00:1c.1:   PREFETCH window: 0x000000d4200000-0x000000d42fffff
[    0.622580] pci 0000:00:1e.0: PCI bridge, secondary bus 0000:01
[    0.622638] pci 0000:00:1e.0:   IO window: 0x2000-0x3fff
[    0.622715] pci 0000:00:1e.0:   MEM window: 0xf7e00000-0xf7ffffff
[    0.622793] pci 0000:00:1e.0:   PREFETCH window: 0x000000d8000000-0x000000dfffffff
[    0.622907] pci 0000:00:02.0: setting latency timer to 64
[    0.623047] pci 0000:09:00.0: setting latency timer to 64
[    0.623187] pci 0000:0a:00.0: PCI INT A -> GSI 16 (level, low) -> IRQ 16
[    0.623276] pci 0000:0a:00.0: setting latency timer to 64
[    0.623415] pci 0000:0a:01.0: PCI INT A -> GSI 17 (level, low) -> IRQ 17
[    0.623505] pci 0000:0a:01.0: setting latency timer to 64
[    0.623643] pci 0000:0a:02.0: PCI INT A -> GSI 18 (level, low) -> IRQ 18
[    0.623734] pci 0000:0a:02.0: setting latency timer to 64
[    0.623917] pci 0000:09:00.3: setting latency timer to 64
[    0.623965] pci 0000:00:03.0: setting latency timer to 64
[    0.623969] pci 0000:00:04.0: setting latency timer to 64
[    0.623973] pci 0000:00:05.0: setting latency timer to 64
[    0.623978] pci 0000:00:06.0: setting latency timer to 64
[    0.623982] pci 0000:00:07.0: setting latency timer to 64
[    0.623987] pci 0000:00:1c.0: PCI INT A -> GSI 16 (level, low) -> IRQ 16
[    0.624067] pci 0000:00:1c.0: setting latency timer to 64
[    0.624075] pci 0000:02:00.0: setting latency timer to 64
[    0.624081] pci 0000:00:1c.1: PCI INT B -> GSI 17 (level, low) -> IRQ 17
[    0.624161] pci 0000:00:1c.1: setting latency timer to 64
[    0.624169] pci 0000:04:00.0: setting latency timer to 64
[    0.624175] pci 0000:00:1e.0: setting latency timer to 64
[    0.624177] bus: 00 index 0 io port: [0x00-0xffff]
[    0.624250] bus: 00 index 1 mmio: [0x000000-0xffffffffffffffff]
[    0.624326] bus: 09 index 0 mmio: [0x0-0x0]
[    0.624397] bus: 09 index 1 mmio: [0xfdd00000-0xfddfffff]
[    0.624472] bus: 09 index 2 mmio: [0x0-0x0]
[    0.624542] bus: 09 index 3 mmio: [0x0-0x0]
[    0.624613] bus: 0a index 0 mmio: [0x0-0x0]
[    0.624684] bus: 0a index 1 mmio: [0x0-0x0]
[    0.624755] bus: 0a index 2 mmio: [0x0-0x0]
[    0.624825] bus: 0a index 3 mmio: [0x0-0x0]
[    0.624896] bus: 0b index 0 mmio: [0x0-0x0]
[    0.624967] bus: 0b index 1 mmio: [0x0-0x0]
[    0.625037] bus: 0b index 2 mmio: [0x0-0x0]
[    0.625108] bus: 0b index 3 mmio: [0x0-0x0]
[    0.626869] bus: 0e index 0 mmio: [0x0-0x0]
[    0.626940] bus: 0e index 1 mmio: [0x0-0x0]
[    0.627011] bus: 0e index 2 mmio: [0x0-0x0]
[    0.627082] bus: 0e index 3 mmio: [0x0-0x0]
[    0.627152] bus: 11 index 0 mmio: [0x0-0x0]
[    0.627223] bus: 11 index 1 mmio: [0x0-0x0]
[    0.627293] bus: 11 index 2 mmio: [0x0-0x0]
[    0.627364] bus: 11 index 3 mmio: [0x0-0x0]
[    0.627435] bus: 12 index 0 mmio: [0x0-0x0]
[    0.627506] bus: 12 index 1 mmio: [0x0-0x0]
[    0.627577] bus: 12 index 2 mmio: [0x0-0x0]
[    0.627647] bus: 12 index 3 mmio: [0x0-0x0]
[    0.627718] bus: 06 index 0 mmio: [0x0-0x0]
[    0.627789] bus: 06 index 1 mmio: [0x0-0x0]
[    0.627860] bus: 06 index 2 mmio: [0x0-0x0]
[    0.627930] bus: 06 index 3 mmio: [0x0-0x0]
[    0.628001] bus: 13 index 0 mmio: [0x0-0x0]
[    0.628072] bus: 13 index 1 mmio: [0x0-0x0]
[    0.628142] bus: 13 index 2 mmio: [0x0-0x0]
[    0.628213] bus: 13 index 3 mmio: [0x0-0x0]
[    0.628284] bus: 16 index 0 mmio: [0x0-0x0]
[    0.628355] bus: 16 index 1 mmio: [0x0-0x0]
[    0.628426] bus: 16 index 2 mmio: [0x0-0x0]
[    0.628497] bus: 16 index 3 mmio: [0x0-0x0]
[    0.628567] bus: 17 index 0 io port: [0x4000-0x4fff]
[    0.628641] bus: 17 index 1 mmio: [0xfde00000-0xfdffffff]
[    0.628715] bus: 17 index 2 mmio: [0xd4000000-0xd40fffff]
[    0.628790] bus: 17 index 3 mmio: [0x0-0x0]
[    0.628861] bus: 1a index 0 mmio: [0x0-0x0]
[    0.628931] bus: 1a index 1 mmio: [0x0-0x0]
[    0.629003] bus: 1a index 2 mmio: [0x0-0x0]
[    0.629074] bus: 1a index 3 mmio: [0x0-0x0]
[    0.629144] bus: 02 index 0 mmio: [0x0-0x0]
[    0.629215] bus: 02 index 1 mmio: [0xf8000000-0xf9ffffff]
[    0.629289] bus: 02 index 2 mmio: [0xd4100000-0xd41fffff]
[    0.629364] bus: 02 index 3 mmio: [0x0-0x0]
[    0.629434] bus: 03 index 0 mmio: [0x0-0x0]
[    0.629506] bus: 03 index 1 mmio: [0xf8000000-0xf9ffffff]
[    0.629580] bus: 03 index 2 mmio: [0xd4100000-0xd41fffff]
[    0.629654] bus: 03 index 3 mmio: [0x0-0x0]
[    0.629725] bus: 04 index 0 mmio: [0x0-0x0]
[    0.629796] bus: 04 index 1 mmio: [0xfa000000-0xfbffffff]
[    0.629871] bus: 04 index 2 mmio: [0xd4200000-0xd42fffff]
[    0.629945] bus: 04 index 3 mmio: [0x0-0x0]
[    0.630029] bus: 05 index 0 mmio: [0x0-0x0]
[    0.630100] bus: 05 index 1 mmio: [0xfa000000-0xfbffffff]
[    0.630174] bus: 05 index 2 mmio: [0xd4200000-0xd42fffff]
[    0.630248] bus: 05 index 3 mmio: [0x0-0x0]
[    0.630320] bus: 01 index 0 io port: [0x2000-0x3fff]
[    0.630393] bus: 01 index 1 mmio: [0xf7e00000-0xf7ffffff]
[    0.630467] bus: 01 index 2 mmio: [0xd8000000-0xdfffffff]
[    0.630542] bus: 01 index 3 io port: [0x00-0xffff]
[    0.630615] bus: 01 index 4 mmio: [0x000000-0xffffffffffffffff]
[    0.630696] NET: Registered protocol family 2
[    0.720104] IP route cache hash table entries: 131072 (order: 8, 1048576 bytes)
[    0.720654] TCP established hash table entries: 262144 (order: 10, 4194304 bytes)
[    0.722351] TCP bind hash table entries: 65536 (order: 8, 1048576 bytes)
[    0.722887] TCP: Hash tables configured (established 262144 bind 65536)
[    0.722966] TCP reno registered
[    0.750195] NET: Registered protocol family 1
[    0.750380] checking if image is initramfs... it is
[    1.317190] Freeing initrd memory: 8246k freed
[    1.320786] platform rtc_cmos: registered platform RTC device (no PNP device found)
[    1.321132] audit: initializing netlink socket (disabled)
[    1.321230] type=2000 audit(1281738100.320:1): initialized
[    1.327191] HugeTLB registered 2 MB page size, pre-allocated 0 pages
[    1.328097] VFS: Disk quotas dquot_6.5.1
[    1.328200] Dquot-cache hash table entries: 512 (order 0, 4096 bytes)
[    1.328648] fuse init (API version 7.10)
[    1.328765] msgmni has been set to 7795
[    1.328978] alg: No test for stdrng (krng)
[    1.329056] io scheduler noop registered
[    1.329126] io scheduler anticipatory registered
[    1.329199] io scheduler deadline registered (default)
[    1.329297] io scheduler cfq registered
[    1.340685] pci 0000:01:03.0: Boot video device
[    1.342287] pcieport-driver 0000:00:02.0: setting latency timer to 64
[    1.342309] pcieport-driver 0000:00:02.0: found MSI capability
[    1.342380] pcieport-driver 0000:00:02.0: irq 2303 for MSI/MSI-X
[    1.342386] pci_express 0000:00:02.0:pcie00: allocate port service
[    1.342395] pci_express 0000:00:02.0:pcie01: allocate port service
[    1.342429] pcieport-driver 0000:00:03.0: setting latency timer to 64
[    1.342450] pcieport-driver 0000:00:03.0: found MSI capability
[    1.342517] pcieport-driver 0000:00:03.0: irq 2302 for MSI/MSI-X
[    1.342523] pci_express 0000:00:03.0:pcie00: allocate port service
[    1.342531] pci_express 0000:00:03.0:pcie01: allocate port service
[    1.342566] pcieport-driver 0000:00:04.0: setting latency timer to 64
[    1.342587] pcieport-driver 0000:00:04.0: found MSI capability
[    1.342654] pcieport-driver 0000:00:04.0: irq 2301 for MSI/MSI-X
[    1.342660] pci_express 0000:00:04.0:pcie00: allocate port service
[    1.342668] pci_express 0000:00:04.0:pcie01: allocate port service
[    1.342700] pcieport-driver 0000:00:05.0: setting latency timer to 64
[    1.342721] pcieport-driver 0000:00:05.0: found MSI capability
[    1.342788] pcieport-driver 0000:00:05.0: irq 2300 for MSI/MSI-X
[    1.342794] pci_express 0000:00:05.0:pcie00: allocate port service
[    1.342802] pci_express 0000:00:05.0:pcie01: allocate port service
[    1.342834] pcieport-driver 0000:00:06.0: setting latency timer to 64
[    1.342855] pcieport-driver 0000:00:06.0: found MSI capability
[    1.342923] pcieport-driver 0000:00:06.0: irq 2299 for MSI/MSI-X
[    1.342929] pci_express 0000:00:06.0:pcie00: allocate port service
[    1.342936] pci_express 0000:00:06.0:pcie01: allocate port service
[    1.342969] pcieport-driver 0000:00:07.0: setting latency timer to 64
[    1.342989] pcieport-driver 0000:00:07.0: found MSI capability
[    1.343057] pcieport-driver 0000:00:07.0: irq 2298 for MSI/MSI-X
[    1.343063] pci_express 0000:00:07.0:pcie00: allocate port service
[    1.343073] pci_express 0000:00:07.0:pcie01: allocate port service
[    1.343107] pcieport-driver 0000:00:1c.0: setting latency timer to 64
[    1.343132] pcieport-driver 0000:00:1c.0: found MSI capability
[    1.343205] pcieport-driver 0000:00:1c.0: irq 2297 for MSI/MSI-X
[    1.343213] pci_express 0000:00:1c.0:pcie00: allocate port service
[    1.343221] pci_express 0000:00:1c.0:pcie03: allocate port service
[    1.343262] pcieport-driver 0000:00:1c.1: setting latency timer to 64
[    1.343287] pcieport-driver 0000:00:1c.1: found MSI capability
[    1.343360] pcieport-driver 0000:00:1c.1: irq 2296 for MSI/MSI-X
[    1.343369] pci_express 0000:00:1c.1:pcie00: allocate port service
[    1.343381] pci_express 0000:00:1c.1:pcie03: allocate port service
[    1.343578] pcieport-driver 0000:09:00.0: setting latency timer to 64
[    1.344356] pci_express 0000:09:00.0:pcie11: allocate port service
[    1.345408] pcieport-driver 0000:0a:00.0: setting latency timer to 64
[    1.346186] pcieport-driver 0000:0a:00.0: found MSI capability
[    1.346872] pcieport-driver 0000:0a:00.0: irq 2295 for MSI/MSI-X
[    1.347192] pci_express 0000:0a:00.0:pcie21: allocate port service
[    1.348154] pcieport-driver 0000:0a:01.0: setting latency timer to 64
[    1.348931] pcieport-driver 0000:0a:01.0: found MSI capability
[    1.349617] pcieport-driver 0000:0a:01.0: irq 2294 for MSI/MSI-X
[    1.349892] pci_express 0000:0a:01.0:pcie21: allocate port service
[    1.350865] pcieport-driver 0000:0a:02.0: setting latency timer to 64
[    1.351641] pcieport-driver 0000:0a:02.0: found MSI capability
[    1.352283] pcieport-driver 0000:0a:02.0: irq 2293 for MSI/MSI-X
[    1.352603] pci_express 0000:0a:02.0:pcie21: allocate port service
[    1.353725] aer 0000:00:02.0:pcie01: AER service couldn't init device: no _OSC support
[    1.354059] aer 0000:00:03.0:pcie01: AER service couldn't init device: no _OSC support
[    1.354394] aer 0000:00:04.0:pcie01: AER service couldn't init device: no _OSC support
[    1.354726] aer 0000:00:05.0:pcie01: AER service couldn't init device: no _OSC support
[    1.355059] aer 0000:00:06.0:pcie01: AER service couldn't init device: no _OSC support
[    1.355393] aer 0000:00:07.0:pcie01: AER service couldn't init device: no _OSC support
[    1.355400] pci_hotplug: PCI Hot Plug PCI Core version: 0.5
[    1.355462] pciehp: PCI Express Hot Plug Controller Driver version: 0.4
[    1.355614] input: Power Button (FF) as /devices/LNXSYSTM:00/LNXPWRBN:00/input/input0
[    1.355687] ACPI: Power Button (FF) [PWRF]
[    1.355877] processor ACPI_CPU:00: registered as cooling_device0
[    1.355958] processor ACPI_CPU:01: registered as cooling_device1
[    1.356713] thermal LNXTHERM:01: registered as thermal_zone0
[    1.356815] ACPI: Thermal Zone [THM0] (8 C)
[    1.380819] Linux agpgart interface v0.103
[    1.380881] Serial: 8250/16550 driver4 ports, IRQ sharing enabled
[    1.381031] serial8250: ttyS0 at I/O 0x3f8 (irq = 4) is a 16550A
[    1.381143] serial8250: ttyS1 at I/O 0x2f8 (irq = 3) is a 16550A
[    1.381425] 00:09: ttyS0 at I/O 0x3f8 (irq = 4) is a 16550A
[    1.381970] brd: module loaded
[    1.382250] loop: module loaded
[    1.382342] Fixed MDIO Bus: probed
[    1.382396] PPP generic driver version 2.4.2
[    1.382484] input: Macintosh mouse button emulation as /devices/virtual/input/input1
[    1.382572] Driver 'sd' needs updating - please use bus_type methods
[    1.382634] Driver 'sr' needs updating - please use bus_type methods
[    1.382750] ata_piix 0000:00:1f.1: version 2.12
[    1.382757] ata_piix 0000:00:1f.1: PCI INT A -> GSI 17 (level, low) -> IRQ 17
[    1.382846] ata_piix 0000:00:1f.1: setting latency timer to 64
[    1.382915] scsi0 : ata_piix
[    1.383017] scsi1 : ata_piix
[    1.383091] ata1: PATA max UDMA/100 cmd 0x1f0 ctl 0x3f6 bmdma 0x500 irq 14
[    1.383149] ata2: PATA max UDMA/100 cmd 0x170 ctl 0x376 bmdma 0x508 irq 15
[    1.560359] ata1.00: ATAPI: DV-28E-V, C.AB, max UDMA/33
[    1.600312] ata1.00: configured for UDMA/33
[    1.777409] scsi 0:0:0:0: CD-ROM            TEAC     DV-28E-V         C.AB PQ: 0 ANSI: 5
[    1.798395] sr0: scsi3-mmc drive: 24x/24x cd/rw xa/form2 cdda tray
[    1.798455] Uniform CD-ROM driver Revision: 3.20
[    1.798587] sr 0:0:0:0: Attached scsi CD-ROM sr0
[    1.798630] sr 0:0:0:0: Attached scsi generic sg0 type 5
[    1.799122] ehci_hcd: USB 2.0 'Enhanced' Host Controller (EHCI) Driver
[    1.799190] ehci_hcd 0000:00:1d.7: PCI INT A -> GSI 16 (level, low) -> IRQ 16
[    1.799263] ehci_hcd 0000:00:1d.7: setting latency timer to 64
[    1.799265] ehci_hcd 0000:00:1d.7: EHCI Host Controller
[    1.799354] ehci_hcd 0000:00:1d.7: new USB bus registered, assigned bus number 1
[    1.803324] ehci_hcd 0000:00:1d.7: debug port 1
[    1.803381] ehci_hcd 0000:00:1d.7: cache line size of 32 is not supported
[    1.803391] ehci_hcd 0000:00:1d.7: irq 16, io mem 0xf7df0000
[    1.820049] ehci_hcd 0000:00:1d.7: USB 2.0 started, EHCI 1.00
[    1.820170] usb usb1: configuration #1 chosen from 1 choice
[    1.820251] hub 1-0:1.0: USB hub found
[    1.820318] hub 1-0:1.0: 8 ports detected
[    1.820449] ohci_hcd: USB 1.1 'Open' Host Controller (OHCI) Driver
[    1.820515] uhci_hcd: USB Universal Host Controller Interface driver
[    1.820583] uhci_hcd 0000:00:1d.0: PCI INT A -> GSI 16 (level, low) -> IRQ 16
[    1.820644] uhci_hcd 0000:00:1d.0: setting latency timer to 64
[    1.820646] uhci_hcd 0000:00:1d.0: UHCI Host Controller
[    1.820726] uhci_hcd 0000:00:1d.0: new USB bus registered, assigned bus number 2
[    1.820816] uhci_hcd 0000:00:1d.0: irq 16, io base 0x00001000
[    1.820918] usb usb2: configuration #1 chosen from 1 choice
[    1.820989] hub 2-0:1.0: USB hub found
[    1.821045] hub 2-0:1.0: 2 ports detected
[    1.821148] uhci_hcd 0000:00:1d.1: PCI INT B -> GSI 17 (level, low) -> IRQ 17
[    1.821209] uhci_hcd 0000:00:1d.1: setting latency timer to 64
[    1.821211] uhci_hcd 0000:00:1d.1: UHCI Host Controller
[    1.821289] uhci_hcd 0000:00:1d.1: new USB bus registered, assigned bus number 3
[    1.821384] uhci_hcd 0000:00:1d.1: irq 17, io base 0x00001020
[    1.821486] usb usb3: configuration #1 chosen from 1 choice
[    1.821555] hub 3-0:1.0: USB hub found
[    1.821610] hub 3-0:1.0: 2 ports detected
[    1.821713] uhci_hcd 0000:00:1d.2: PCI INT C -> GSI 18 (level, low) -> IRQ 18
[    1.821774] uhci_hcd 0000:00:1d.2: setting latency timer to 64
[    1.821776] uhci_hcd 0000:00:1d.2: UHCI Host Controller
[    1.821853] uhci_hcd 0000:00:1d.2: new USB bus registered, assigned bus number 4
[    1.821951] uhci_hcd 0000:00:1d.2: irq 18, io base 0x00001040
[    1.822054] usb usb4: configuration #1 chosen from 1 choice
[    1.822122] hub 4-0:1.0: USB hub found
[    1.822178] hub 4-0:1.0: 2 ports detected
[    1.822285] uhci_hcd 0000:00:1d.3: PCI INT D -> GSI 19 (level, low) -> IRQ 19
[    1.822346] uhci_hcd 0000:00:1d.3: setting latency timer to 64
[    1.822348] uhci_hcd 0000:00:1d.3: UHCI Host Controller
[    1.822440] uhci_hcd 0000:00:1d.3: new USB bus registered, assigned bus number 5
[    1.822534] uhci_hcd 0000:00:1d.3: irq 19, io base 0x00001060
[    1.822638] usb usb5: configuration #1 chosen from 1 choice
[    1.822709] hub 5-0:1.0: USB hub found
[    1.822765] hub 5-0:1.0: 2 ports detected
[    1.822869] uhci_hcd 0000:01:04.4: PCI INT B -> GSI 22 (level, low) -> IRQ 22
[    1.822931] uhci_hcd 0000:01:04.4: UHCI Host Controller
[    1.823015] uhci_hcd 0000:01:04.4: new USB bus registered, assigned bus number 6
[    1.823096] uhci_hcd 0000:01:04.4: port count misdetected? forcing to 2 ports
[    1.823958] uhci_hcd 0000:01:04.4: irq 22, io base 0x00003800
[    1.824196] usb usb6: configuration #1 chosen from 1 choice
[    1.824267] hub 6-0:1.0: USB hub found
[    1.824322] hub 6-0:1.0: 2 ports detected
[    1.824453] PNP: PS/2 Controller [PNP0303:KBD,PNP0f0e:PS2M] at 0x60,0x64 irq 1,12
[    1.825973] serio: i8042 KBD port at 0x60,0x64 irq 1
[    1.827465] serio: i8042 AUX port at 0x60,0x64 irq 12
[    1.850075] mice: PS/2 mouse device common for all mice
[    1.910099] rtc_cmos rtc_cmos: RTC can wake from S4
[    1.910184] rtc_cmos rtc_cmos: rtc core: registered rtc_cmos as rtc0
[    1.910266] rtc0: alarms up to one year, y3k, 114 bytes nvram, hpet irqs
[    1.910363] device-mapper: uevent: version 1.0.3
[    1.910470] device-mapper: ioctl: 4.14.0-ioctl (2008-04-23) initialised: dm-devel@redhat.com
[    1.910599] device-mapper: multipath: version 1.0.5 loaded
[    1.910655] device-mapper: multipath round-robin: version 1.0.0 loaded
[    1.910772] cpuidle: using governor ladder
[    1.910825] cpuidle: using governor menu
[    1.911157] TCP cubic registered
[    1.911247] NET: Registered protocol family 10
[    1.911625] lo: Disabled Privacy Extensions
[    1.911858] NET: Registered protocol family 17
[    1.911922] Bluetooth: L2CAP ver 2.11
[    1.911974] Bluetooth: L2CAP socket layer initialized
[    1.912029] Bluetooth: SCO (Voice Link) ver 0.6
[    1.912083] Bluetooth: SCO socket layer initialized
[    1.912157] Bluetooth: RFCOMM socket layer initialized
[    1.912215] Bluetooth: RFCOMM TTY layer initialized
[    1.912269] Bluetooth: RFCOMM ver 1.10
[    1.912402] registered taskstats version 1
[    1.912575]   Magic number: 6:147:401
[    1.912683] rtc_cmos rtc_cmos: setting system clock to 2010-08-13 22:21:41 UTC (1281738101)
[    1.912767] BIOS EDD facility v0.16 2004-Jun-25, 0 devices found
[    1.912823] EDD information not available.
[    1.912905] Freeing unused kernel memory: 536k freed
[    1.913175] Write protecting the kernel read-only data: 6688k
[    1.949515] input: AT Translated Set 2 keyboard as /devices/platform/i8042/serio0/input/input2
[    2.033728] HP CISS Driver (v 3.6.20)
[    2.033878] cciss 0000:17:00.0: PCI INT A -> GSI 19 (level, low) -> IRQ 19
[    2.033997] cciss 0000:17:00.0: irq 2292 for MSI/MSI-X
[    2.033999] cciss 0000:17:00.0: irq 2291 for MSI/MSI-X
[    2.034001] cciss 0000:17:00.0: irq 2290 for MSI/MSI-X
[    2.034003] cciss 0000:17:00.0: irq 2289 for MSI/MSI-X
[    2.041278] Broadcom NetXtreme II Gigabit Ethernet Driver bnx2 v1.8.1 (Oct 7, 2008)
[    2.041372] bnx2 0000:03:00.0: PCI INT A -> GSI 16 (level, low) -> IRQ 16
[    2.130062] cciss0: <0x3230> at PCI 0000:17:00.0 IRQ 2290 using DAC
[    2.130782]       blocks= 143305920 block_size= 512
[    2.130873]       heads=255, sectors=32, cylinders=17562
[    2.130874] 
[    2.131109]       blocks= 143305920 block_size= 512
[    2.131196]       heads=255, sectors=32, cylinders=17562
[    2.131197] 
[    2.131300]  cciss/c0d0: p1 p2 < p5 >
[    2.132217]       blocks= 429925920 block_size= 512
[    2.132316]       heads=255, sectors=32, cylinders=52687
[    2.132317] 
[    2.132506]       blocks= 429925920 block_size= 512
[    2.132592]       heads=255, sectors=32, cylinders=52687
[    2.132592] 
[    2.132696]  cciss/c0d1: unknown partition table
[    2.140648] usb 6-1: new full speed USB device using uhci_hcd and address 2
[    2.299581] usb 6-1: configuration #1 chosen from 1 choice
[    2.304592] usbcore: registered new interface driver hiddev
[    2.312938] input: HP Virtual Keyboard as /devices/pci0000:00/0000:00:1e.0/0000:01:04.4/usb6/6-1/6-1:1.0/input/input3
[    2.380070] generic-usb 0003:03F0:1027.0001: input,hidraw0: USB HID v1.01 Keyboard [HP Virtual Keyboard] on usb-0000:01:04.4-1/input0
[    2.384161] input: HP Virtual Keyboard as /devices/pci0000:00/0000:00:1e.0/0000:01:04.4/usb6/6-1/6-1:1.1/input/input4
[    2.420056] usb 6-2: new full speed USB device using uhci_hcd and address 3
[    2.470079] generic-usb 0003:03F0:1027.0002: input,hidraw1: USB HID v1.01 Mouse [HP Virtual Keyboard] on usb-0000:01:04.4-1/input1
[    2.470179] usbcore: registered new interface driver usbhid
[    2.470237] usbhid: v2.6:USB HID core driver
[    2.579343] usb 6-2: configuration #1 chosen from 1 choice
[    2.581498] hub 6-2:1.0: USB hub found
[    2.583773] hub 6-2:1.0: 7 ports detected
[    2.640504] eth0: Broadcom NetXtreme II BCM5708 1000Base-T (B2) PCI-X 64-bit 133MHz found at mem f8000000, IRQ 16, node addr 00:1b:78:42:6a:d4
[    2.640612] bnx2 0000:05:00.0: PCI INT A -> GSI 17 (level, low) -> IRQ 17
[    3.240482] eth1: Broadcom NetXtreme II BCM5708 1000Base-T (B2) PCI-X 64-bit 133MHz found at mem fa000000, IRQ 17, node addr 00:1b:78:42:6a:d2
[    3.301524] PM: Starting manual resume from disk
[    3.301580] PM: Resume from partition 252:1
[    3.301581] PM: Checking hibernation image.
[    3.301645] PM: Resume from disk failed.
[    3.319020] kjournald starting.  Commit interval 5 seconds
[    3.319027] EXT3-fs: mounted filesystem with ordered data mode.
[    6.206123] udev: starting version 141
[    6.346278] EDAC MC: Ver: 2.1.0 Mar 12 2010
[    6.352846] EDAC MC0: Giving out device to 'i5000_edac.c' 'I5000': DEV 0000:00:10.0
[    6.352943] EDAC PCI0: Giving out device to module 'i5000_edac' controller 'EDAC PCI controller': DEV '0000:00:10.0' (POLLED)
[    6.357025] intel_rng: FWH not detected
[    6.367154] hpilo 0000:01:04.2: PCI INT B -> GSI 22 (level, low) -> IRQ 22
[    6.382479] shpchp: Standard Hot Plug PCI Controller Driver version: 0.4
[    6.393941] ipmi message handler version 39.2
[    6.405658] input: PC Speaker as /devices/platform/pcspkr/input/input5
[    6.408664] IPMI System Interface driver.
[    6.408723] ipmi_si: Trying SMBIOS-specified kcs state machine at i/o address 0xca2, slave address 0x20, irq 0
[    6.414985] iTCO_vendor_support: vendor-support=0
[    6.433517] iTCO_wdt: Intel TCO WatchDog Timer Driver v1.05
[    6.433721] iTCO_wdt: failed to reset NO_REBOOT flag, reboot disabled by hardware
[    6.433818] iTCO_wdt: No card detected
[    6.494919] synaptics was reset on resume, see synaptics_resume_reset if you have trouble on resume
[    6.623583] ipmi: Found new BMC (man_id: 0x00000b,  prod_id: 0x0000, dev_id: 0x11)
[    6.623669] IPMI kcs interface initialized
[    6.623732] ipmi_si: Trying ACPI-specified kcs state machine at i/o address 0xca2, slave address 0x0, irq 0
[    6.623809] ipmi_si: duplicate interface
[    6.660721] ipmi_si 0000:01:04.6: PCI INT A -> GSI 21 (level, low) -> IRQ 21
[    6.660783] ipmi_si: Trying PCI-specified kcs state machine at mem address 0xf7ef0000, slave address 0x0, irq 21
[    6.870709]   Using irq 21
[    7.103096] ipmi: interfacing existing BMC (man_id: 0x00000b, prod_id: 0x0000, dev_id: 0x11)
[    7.103185] IPMI kcs interface initialized
[    7.199701] lp: driver loaded but no devices found
[    7.241349] Adding 2953208k swap on /dev/mapper/WKENOPSNAGIOS-swap_1.  Priority:-1 extents:1 across:2953208k
[    7.423755] EXT3 FS on dm-0, internal journal
[    7.510768] input: PS/2 Logitech Mouse as /devices/platform/i8042/serio1/input/input6
[    7.773088] type=1505 audit(1281738107.357:2): operation="profile_load" name="/usr/share/gdm/guest-session/Xsession" name2="default" pid=2045
[    7.798020] type=1505 audit(1281738107.377:3): operation="profile_load" name="/sbin/dhclient-script" name2="default" pid=2049
[    7.798086] type=1505 audit(1281738107.377:4): operation="profile_load" name="/sbin/dhclient3" name2="default" pid=2049
[    7.798111] type=1505 audit(1281738107.377:5): operation="profile_load" name="/usr/lib/NetworkManager/nm-dhcp-client.action" name2="default" pid=2049
[    7.798137] type=1505 audit(1281738107.377:6): operation="profile_load" name="/usr/lib/connman/scripts/dhclient-script" name2="default" pid=2049
[    7.896150] type=1505 audit(1281738107.477:7): operation="profile_load" name="/usr/lib/cups/backend/cups-pdf" name2="default" pid=2054
[    7.896299] type=1505 audit(1281738107.477:8): operation="profile_load" name="/usr/sbin/cupsd" name2="default" pid=2054
[    7.919846] type=1505 audit(1281738107.497:9): operation="profile_load" name="/usr/sbin/tcpdump" name2="default" pid=2058
[    8.446942] bnx2 0000:05:00.0: irq 2288 for MSI/MSI-X
[    8.580641] bnx2: eth1: using MSI
[    8.581445] ADDRCONF(NETDEV_UP): eth1: link is not ready
[   11.638411] bnx2: eth1 NIC Copper Link is Up, 1000 Mbps full duplex
[   11.639233] ADDRCONF(NETDEV_CHANGE): eth1: link becomes ready
[   15.524448] bnx2 0000:03:00.0: irq 2287 for MSI/MSI-X
[   15.631632] bnx2: eth0: using MSI
[   15.632406] ADDRCONF(NETDEV_UP): eth0: link is not ready
[   21.750005] eth1: no IPv6 routers present
[400165.287291] gconftool-2[4488]: segfault at 300001c4f ip 00007fa9e372ff19 sp 00007fffc2946618 error 4 in libc-2.9.so[7fa9e36af000+168000]
[400366.213902] gconftool-2[5784]: segfault at 300001c4f ip 00007faf8f7aef19 sp 00007fff16b27278 error 4 in libc-2.9.so[7faf8f72e000+168000]
[400382.659094] gconftool-2[5930]: segfault at 100001c4f ip 00007f95a0487f19 sp 00007fff99ee6538 error 4 in libc-2.9.so[7f95a0407000+168000]
[400389.088024] gconftool-2[5993]: segfault at 300001c4f ip 00007f5acbfe7f19 sp 00007fff5ca7a508 error 4 in libc-2.9.so[7f5acbf67000+168000]
[402802.086684] gconftool-2[28989]: segfault at 300001c4f ip 00007f2ee92b7f19 sp 00007fff9db058d8 error 4 in libc-2.9.so[7f2ee9237000+168000]
[402846.407103] gconftool-2[29451]: segfault at 300001c4f ip 00007f8bdfb6cf19 sp 00007fff0dc7e938 error 4 in libc-2.9.so[7f8bdfaec000+168000]
[402891.769368] gconftool-2[29738]: segfault at 300001c4f ip 00007fdd6fed2f19 sp 00007fff7e3723a8 error 4 in libc-2.9.so[7fdd6fe52000+168000]
[402950.910129] gconftool-2[29991]: segfault at 300001c4f ip 00007f7fd847af19 sp 00007fff260f1ca8 error 4 in libc-2.9.so[7f7fd83fa000+168000]
[403059.755793] gconftool-2[30352]: segfault at 300001c4f ip 00007f946ea11f19 sp 00007fffab34c0d8 error 4 in libc-2.9.so[7f946e991000+168000]
[403094.908762] gconftool-2[862]: segfault at 300001c4f ip 00007fbcdf6d1f19 sp 00007fff85992d98 error 4 in libc-2.9.so[7fbcdf651000+168000]
[403279.451874] gconftool-2[1742]: segfault at 300001c4f ip 00007fe87b4e8f19 sp 00007fff930cade8 error 4 in libc-2.9.so[7fe87b468000+168000]
[403460.674213] gconftool-2[2831]: segfault at 300001c4f ip 00007f9077973f19 sp 00007fff866b3c98 error 4 in libc-2.9.so[7f90778f3000+168000]
[403492.163538] gconftool-2[3048]: segfault at 300001c4f ip 00007fe52fe27f19 sp 00007fffb6de73c8 error 4 in libc-2.9.so[7fe52fda7000+168000]
[403504.651993] gconftool-2[3106]: segfault at 300001c4f ip 00007f617a030f19 sp 00007fff91363b98 error 4 in libc-2.9.so[7f6179fb0000+168000]
[403573.324123] gconftool-2[3571]: segfault at 300001c4f ip 00007ffba0b90f19 sp 00007fff803e7148 error 4 in libc-2.9.so[7ffba0b10000+168000]
[403727.427146] gconftool-2[13186]: segfault at 300001c4f ip 00007f0752792f19 sp 00007fffc93da0d8 error 4 in libc-2.9.so[7f0752712000+168000]
[403741.723757] gconftool-2[13273]: segfault at 300001c4f ip 00007fa4799f1f19 sp 00007fffbb928538 error 4 in libc-2.9.so[7fa479971000+168000]
[403747.173297] gconftool-2[13326]: segfault at 300001c4f ip 00007fdf3b222f19 sp 00007fff0d07b238 error 4 in libc-2.9.so[7fdf3b1a2000+168000]
[403762.632354] gconftool-2[13399]: segfault at 300001c4f ip 00007f41a95dcf19 sp 00007fff07175b18 error 4 in libc-2.9.so[7f41a955c000+168000]
[403769.673625] gconftool-2[13461]: segfault at 300001c4f ip 00007fb432965f19 sp 00007fffd4ab9098 error 4 in libc-2.9.so[7fb4328e5000+168000]
[404583.913466] gconftool-2[26435]: segfault at 300001c4f ip 00007f82197b5f19 sp 00007fff8f7bbc98 error 4 in libc-2.9.so[7f8219735000+168000]
[404591.161250] gconftool-2[26446]: segfault at 300001c4f ip 00007ffb20580f19 sp 00007fff69d6ff58 error 4 in libc-2.9.so[7ffb20500000+168000]
[404858.248033] gconftool-2[27429]: segfault at 300001c4f ip 00007f7084566f19 sp 00007fff5ef15c78 error 4 in libc-2.9.so[7f70844e6000+168000]
[405173.974191] gconftool-2[32366]: segfault at 300001c4f ip 00007facb7b51f19 sp 00007fff5ef8a838 error 4 in libc-2.9.so[7facb7ad1000+168000]
[405207.404785] gconftool-2[32407]: segfault at 300001c4f ip 00007f1ea67bff19 sp 00007fff7b1e9668 error 4 in libc-2.9.so[7f1ea673f000+168000]
[405351.793676] gconftool-2[520]: segfault at 300001c4f ip 00007f3784444f19 sp 00007fffdbf73348 error 4 in libc-2.9.so[7f37843c4000+168000]
[405441.712540] gconftool-2[897]: segfault at 300001c4f ip 00007fcc7d0a7f19 sp 00007fff3f503548 error 4 in libc-2.9.so[7fcc7d027000+168000]
[405858.472958] gconftool-2[5941]: segfault at 300001c4f ip 00007ff9b5919f19 sp 00007fff4b2898d8 error 4 in libc-2.9.so[7ff9b5899000+168000]
[405859.082297] gconftool-2[5950]: segfault at 300001c4f ip 00007fbfce36af19 sp 00007fff680141d8 error 4 in libc-2.9.so[7fbfce2ea000+168000]
[405881.333561] gconftool-2[6000]: segfault at 300001c4f ip 00007f7b51132f19 sp 00007fff0c9ef968 error 4 in libc-2.9.so[7f7b510b2000+168000]
[405881.923142] gconftool-2[6009]: segfault at 300001c4f ip 00007f67bf02bf19 sp 00007fff82b16308 error 4 in libc-2.9.so[7f67befab000+168000]
[405891.382141] gconftool-2[6057]: segfault at 300001c4f ip 00007f11d8017f19 sp 00007fffcc6be558 error 4 in libc-2.9.so[7f11d7f97000+168000]
[405892.002700] gconftool-2[6066]: segfault at 300001c4f ip 00007f5056c18f19 sp 00007fff3b1cdd88 error 4 in libc-2.9.so[7f5056b98000+168000]
[405992.179103] gconftool-2[6601]: segfault at 300001c4f ip 00007f15688d5f19 sp 00007fffa104ae78 error 4 in libc-2.9.so[7f1568855000+168000]
[405992.763678] gconftool-2[6610]: segfault at 300001c4f ip 00007f358d873f19 sp 00007fff1a0678f8 error 4 in libc-2.9.so[7f358d7f3000+168000]
[406002.033955] gconftool-2[6668]: segfault at 300001c4f ip 00007fb828f3cf19 sp 00007fff22574e78 error 4 in libc-2.9.so[7fb828ebc000+168000]
[406002.672846] gconftool-2[6678]: segfault at 300001c4f ip 00007fdf17753f19 sp 00007ffffe790f98 error 4 in libc-2.9.so[7fdf176d3000+168000]
[406071.142599] gconftool-2[10087]: segfault at 300001c4f ip 00007f80212ecf19 sp 00007fffa8b9d008 error 4 in libc-2.9.so[7f802126c000+168000]
[406071.762276] gconftool-2[10096]: segfault at 300001c4f ip 00007fd71e2e5f19 sp 00007fffa7fb39f8 error 4 in libc-2.9.so[7fd71e265000+168000]
[406106.469371] gconftool-2[10155]: segfault at 300001c4f ip 00007fbf8f826f19 sp 00007fff46540bd8 error 4 in libc-2.9.so[7fbf8f7a6000+168000]
[406140.056686] gconftool-2[10231]: segfault at 300001c4f ip 00007ffbc3255f19 sp 00007fff54162638 error 4 in libc-2.9.so[7ffbc31d5000+168000]
[406202.313647] gconftool-2[10424]: segfault at 300001c4f ip 00007f0f3131ff19 sp 00007fffdbe44568 error 4 in libc-2.9.so[7f0f3129f000+168000]
[406220.284274] gconftool-2[10505]: segfault at 300001c4f ip 00007fddc00cbf19 sp 00007fff97e31ec8 error 4 in libc-2.9.so[7fddc004b000+168000]
[406350.133555] gconftool-2[11261]: segfault at 300001c4f ip 00007f833136df19 sp 00007fffcac36208 error 4 in libc-2.9.so[7f83312ed000+168000]
[406364.637435] gconftool-2[11611]: segfault at 300001c4f ip 00007ffa90953f19 sp 00007fff09870538 error 4 in libc-2.9.so[7ffa908d3000+168000]
[406367.643502] gconftool-2[11777]: segfault at 300001c4f ip 00007f18e44a4f19 sp 00007fffc261b178 error 4 in libc-2.9.so[7f18e4424000+168000]
[406371.292444] gconftool-2[11863]: segfault at 300001c4f ip 00007fe13641ef19 sp 00007ffff51e9898 error 4 in libc-2.9.so[7fe13639e000+168000]
[406373.783639] gconftool-2[11875]: segfault at 300001c4f ip 00007f58297a2f19 sp 00007fffb9f54d78 error 4 in libc-2.9.so[7f5829722000+168000]
[406378.393772] gconftool-2[11893]: segfault at 300001c4f ip 00007f8d942d6f19 sp 00007fff610e0d78 error 4 in libc-2.9.so[7f8d94256000+168000]
[406381.213644] gconftool-2[11905]: segfault at 300001c4f ip 00007f10dd70ef19 sp 00007fff6e134098 error 4 in libc-2.9.so[7f10dd68e000+168000]
[406390.252454] gconftool-2[11947]: segfault at 300001c4f ip 00007fe2b6e4bf19 sp 00007fff35868308 error 4 in libc-2.9.so[7fe2b6dcb000+168000]

```

---

### Post by stlsaint on 2010-08-18
Did you try any of the other suggestions in the link i posted.

---

### Post by cwscribner on 2010-08-20
> **stlsaint said:**
> Did you try any of the other suggestions in the link i posted.

Yep.  I tried everything suggested in that thread and still no luck.  The server hangs when it checks battery state during the boot process and never makes it past there or the display error.

---

